q
1 i 
112.54 655.47 375.95 -119.69 re
0 841 m
W* n
-9 851 613 -860 re
0 841 m
W n
0.03 841.02 595.02 -841.02 re
W n
/GS1 gs
q
377.0038 0 0 120.6012 112.2 535.2688 cm
/Im1 Do
Q
Q
q
1 i 
-9 851 613 -860 re
0 841 m
W n
0.03 841.02 595.02 -841.02 re
W n
BT
/F2 1 Tf
6 0 0 6 474.3646 591.0707 Tm
/Cs5 cs 0.161 0.145 0.149 sc
/GS1 gs
0.2778 Tc
0 Tw
[(01.)-358.6(Jahrgang)]TJ
0 -1.1667 TD
(01)Tj
3 0 0 3 484.371 586.1957 Tm
0 Tc
(e)Tj
6 0 0 6 489.8562 584.0707 Tm
0.2779 Tc
(année)Tj
5 0 0 5 474.3646 570.5707 Tm
0.1111 Tc
-0.0306 Tw
(ISSN 0026-9212)Tj
/F4 1 Tf
14 0 0 14 473.6627 597.3198 Tm
0 Tw
(9/2002)Tj
ET
Q
/Cs5 cs 0.573 0.58 0.592 sc
/GS1 gs
1.5 i 
45.047 778.75 m
44.156 778.75 43.241 778.846 42.518 778.99 c
42.567 780.652 l
43.337 780.435 44.3 780.266 45.239 780.266 c
46.973 780.266 48.177 781.037 48.177 782.289 c
48.177 785.154 42.35 783.372 42.35 787.634 c
42.35 789.632 43.987 791.149 47.021 791.149 c
47.767 791.149 48.61 791.029 49.356 790.885 c
49.308 789.32 l
48.514 789.584 47.647 789.729 46.828 789.729 c
45.071 789.729 44.204 789.006 44.204 787.827 c
44.204 784.962 50.055 786.599 50.055 782.53 c
50.055 780.411 48.177 778.75 45.047 778.75 c
f
66.014 778.966 m
63.919 778.966 l
61.295 786.695 l
61.03 787.442 60.837 788.188 60.62 788.982 c
60.596 788.982 l
60.356 787.947 60.043 786.984 59.73 785.973 c
57.539 778.966 l
55.444 778.966 l
51.736 790.933 l
53.758 790.933 l
55.805 783.806 l
56.118 782.746 56.431 781.687 56.624 780.868 c
56.648 780.868 l
56.889 781.832 57.153 782.843 57.466 783.806 c
59.754 790.933 l
61.8 790.933 l
64.112 783.83 l
64.593 782.337 64.786 781.639 64.978 780.844 c
65.027 780.844 l
65.243 781.783 65.484 782.578 65.845 783.782 c
67.988 790.933 l
69.914 790.933 l
66.014 778.966 l
f
74.924 778.966 m
73.143 778.966 l
73.143 789.488 l
72.565 789.584 71.746 789.681 71.048 789.729 c
71.048 790.764 l
72.107 790.909 73.696 790.981 74.924 790.933 c
74.924 778.966 l
f
81.108 778.75 m
80.217 778.75 79.302 778.846 78.58 778.99 c
78.628 780.652 l
79.398 780.435 80.361 780.266 81.3 780.266 c
83.034 780.266 84.238 781.037 84.238 782.289 c
84.238 785.154 78.411 783.372 78.411 787.634 c
78.411 789.632 80.048 791.149 83.082 791.149 c
83.828 791.149 84.671 791.029 85.418 790.885 c
85.37 789.32 l
84.575 789.584 83.708 789.729 82.89 789.729 c
81.132 789.729 80.265 789.006 80.265 787.827 c
80.265 784.962 86.116 786.599 86.116 782.53 c
86.116 780.411 84.238 778.75 81.108 778.75 c
f
91.413 778.75 m
90.523 778.75 89.608 778.846 88.885 778.99 c
88.933 780.652 l
89.704 780.435 90.667 780.266 91.606 780.266 c
93.34 780.266 94.544 781.037 94.544 782.289 c
94.544 785.154 88.717 783.372 88.717 787.634 c
88.717 789.632 90.354 791.149 93.388 791.149 c
94.134 791.149 94.977 791.029 95.723 790.885 c
95.675 789.32 l
94.881 789.584 94.014 789.729 93.195 789.729 c
91.438 789.729 90.571 789.006 90.571 787.827 c
90.571 784.962 96.422 786.599 96.422 782.53 c
96.422 780.411 94.544 778.75 91.413 778.75 c
f
0.161 0.145 0.149 sc
114.883 778.901 m
114.883 786.533 l
114.883 788.026 114.546 788.965 113.174 788.965 c
111.633 788.965 110.092 787.256 110.092 784.631 c
110.092 778.901 l
107.54 778.901 l
107.54 786.557 l
107.54 787.906 107.275 788.965 105.83 788.965 c
104.193 788.965 102.748 787.135 102.748 784.631 c
102.748 778.901 l
100.196 778.901 l
100.196 788.869 l
99.618 788.965 98.8 789.061 98.101 789.109 c
98.101 790.699 l
99.45 790.843 101.207 790.939 102.652 790.867 c
102.652 790.241 102.604 789.23 102.483 788.532 c
102.507 788.508 l
103.23 790.097 104.722 791.108 106.576 791.108 c
108.912 791.108 109.682 789.591 109.875 788.532 c
110.405 789.687 111.705 791.108 113.896 791.108 c
116.183 791.108 117.459 789.88 117.459 787.159 c
117.459 778.901 l
114.883 778.901 l
f
130.532 784.727 m
122.9 784.727 l
122.828 781.959 124.055 780.706 126.439 780.706 c
127.667 780.706 128.943 780.995 129.93 781.477 c
130.171 779.431 l
128.967 778.925 127.499 778.66 126.03 778.66 c
122.298 778.66 120.252 780.586 120.252 784.8 c
120.252 788.411 122.226 791.108 125.717 791.108 c
129.136 791.108 130.605 788.772 130.605 785.931 c
130.605 785.594 130.58 785.185 130.532 784.727 c
h
125.621 789.206 m
124.176 789.206 123.165 788.146 122.948 786.533 c
128.028 786.533 l
128.077 788.17 127.137 789.206 125.621 789.206 c
f
140.742 778.901 m
140.742 779.526 140.79 780.466 140.911 781.14 c
140.863 781.14 l
140.212 779.671 138.816 778.66 136.962 778.66 c
134.025 778.66 132.556 780.827 132.556 784.294 c
132.556 788.411 134.94 791.06 138.816 791.06 c
139.394 791.06 139.972 791.011 140.622 790.964 c
140.622 794.479 l
140.044 794.575 139.225 794.671 138.527 794.719 c
138.527 796.309 l
139.875 796.453 141.609 796.549 143.174 796.477 c
143.174 780.899 l
143.752 780.803 144.571 780.706 145.269 780.658 c
145.269 779.069 l
143.92 778.925 142.187 778.828 140.742 778.901 c
h
140.622 788.797 m
139.972 788.941 139.346 789.013 138.72 789.013 c
136.673 789.013 135.277 787.761 135.277 784.535 c
135.277 782.127 136.023 780.779 137.66 780.779 c
139.562 780.779 140.622 783.042 140.622 785.089 c
140.622 788.797 l
f
149.456 792.649 m
148.565 792.649 147.819 793.371 147.819 794.262 c
147.819 795.153 148.565 795.875 149.456 795.875 c
150.371 795.875 151.117 795.177 151.117 794.262 c
151.117 793.371 150.371 792.649 149.456 792.649 c
h
150.732 778.901 m
148.18 778.901 l
148.18 788.869 l
147.602 788.965 146.783 789.061 146.085 789.109 c
146.085 790.699 l
147.433 790.843 149.167 790.939 150.732 790.867 c
150.732 778.901 l
f
158.841 778.708 m
155.759 778.708 153.52 780.225 153.52 784.487 c
153.52 788.291 155.47 791.06 159.588 791.06 c
160.478 791.06 161.369 790.939 162.188 790.699 c
161.923 788.459 l
161.201 788.724 160.382 788.917 159.515 788.917 c
157.324 788.917 156.217 787.304 156.217 784.776 c
156.217 782.585 157.011 780.923 159.395 780.923 c
160.31 780.923 161.297 781.14 161.995 781.501 c
162.212 779.31 l
161.417 778.997 160.166 778.708 158.841 778.708 c
f
q
98.125 813.544 m
98.125 819.357 l
72.943 798.062 l
72.943 792.249 l
98.125 813.544 l
W n
1 1 1 sc
98.125 813.544 m
98.125 819.357 l
72.943 798.062 l
72.943 792.249 l
98.125 813.544 l
f
q
-22.589346 -19.378654 -25.335257 29.532883 109.894379 801.067383 cm
1.143136 -0.008667 m
-0.099981 -0.008667 l
-0.099981 0.965668 l
1.143136 0.965668 l
1.143136 -0.008667 l
h
W n
1.235206 0 0 -0.950137 -0.099981 0.975067 cm
/Im2 Do
Q
Q
q
1 i 
-9 851 613 -860 re
0 841 m
W n
0.03 841.02 595.02 -841.02 re
W n
BT
/F3 1 Tf
6.01 0 0 6.01 184.0605 800.4446 Tm
0.0002 Tc
-0.0306 Tw
(Schweizerisches Heilmittelinstitut)Tj
0 -1.2313 TD
(Institut suisse des produits thérapeutiques)Tj
T*
(Istituto svizzero per gli agenti terapeutici)Tj
T*
(Swiss Agency for Therapeutic Products)Tj
/F2 1 Tf
10 0 0 10 100.29 143.4771 Tm
-0.0001 Tc
[(Erscheint monatlich)-139.1(/)-166.7(Publication mensuelle)]TJ
0 -2.24 TD
[(Jahr)17.7(esabonnement)-303(\()50.1(12 Nummer)-17.9(n\))-1090.5(Fr)91.7(. 150.–)-3431.3(Einzelnummer)-1033(Fr)91.7(. 15.–)]TJ
0 -1.12 TD
[(Abonnement)-191.8(annuel)-191.8(\()22.3(1)0.1(2)-191.8(numér)17.7(os\))-1164.3(Fr)91.7(. 150.–)-3431.3(Un numér)17.7(o)-2301(F)0.3(r)91.7(.)0( 15.–)]TJ
0 -2.24 TD
[(Redaktion und Administration: Stabsber)17.7(eich Kommunikation, Erlachstrasse 8, CH-3000 Ber)-17.9(n 9, )]TJ
0 -1.12 TD
0 Tc
0 Tw
(T)Tj
0.3892 0 TD
-0.0001 Tc
-0.0306 Tw
[(el. +41 \(0\)31 322 02 11, www)54.8(.swissmedic.ch)]TJ
-0.3892 -2.24 TD
[(Druck:)-277.9(Rickli+Wyss AG, Eymattstrasse 5, Postfach 316, 3027 Ber)-17.9(n)]TJ
/F1 1 Tf
13.1557 47.0065 TD
0.0832 Tc
(Amtliches Publikationsorgan)Tj
0 -1.12 TD
[(der Swissmedic, Schweizerisches)]TJ
T*
(Heilmittelinstitut, Bern)Tj
0 -2.24 TD
[(Publication of)17.6(ficielle)]TJ
0 -1.12 TD
(de Swissmedic, Institut suisse des produits)Tj
T*
(thérapeutiques, Berne)Tj
ET
/Cs5 CS 0.161 0.145 0.149 SC
0 J 0 j 0.3 w 10 M []0 d
42.8 771.13 m
567.21 771.13 l
S
Q

q
1 i 
-9 851 613 -860 re
0 841 m
W n
0.03 841.02 595.02 -841.02 re
W n
BT
/F6 1 Tf
12.5 0 0 12.5 34.4488 811.7822 Tm
/Cs5 cs 0.161 0.145 0.149 sc
/GS1 gs
-0.0001 Tc
-0.0286 Tw
[(Inhalt)-104(/)-52(T)46.8(able des matièr)17.7(es)]TJ
ET
/Cs5 CS 0.161 0.145 0.149 SC
0 J 0 j 0.3 w 10 M []0 d
28.35 805.15 m
552.76 805.15 l
S
Q
q
1 i 
35.43 850.5 198.43 -24.09 re
176.307 811.782 m
W* n
-9 851 613 -860 re
0 841 m
W n
0.03 841.02 595.02 -841.02 re
W n
q
2.7718 0 0 -0.3608 0 0 cm
/Cs5 CS 0.502 0.51 0.518 SC
0 J 0 j 0.5 w 10 M []0 d
/GS1 gs
12.655 -2360.21 m
12.655 -2287.903 l
S
0.506 0.514 0.522 SC
13.121 -2360.21 m
13.121 -2287.903 l
S
0.51 0.514 0.525 SC
13.588 -2360.21 m
13.588 -2287.903 l
S
0.51 0.518 0.529 SC
14.054 -2360.21 m
14.054 -2287.903 l
S
0.514 0.522 0.529 SC
14.521 -2360.21 m
14.521 -2287.903 l
S
0.518 0.525 0.533 SC
14.987 -2360.21 m
14.987 -2287.903 l
S
0.518 0.525 0.537 SC
15.454 -2360.21 m
15.454 -2287.903 l
S
0.522 0.529 0.541 SC
15.92 -2360.21 m
15.92 -2287.903 l
S
0.525 0.533 0.541 SC
16.387 -2360.21 m
16.387 -2287.903 l
S
0.529 0.533 0.545 SC
16.853 -2360.21 m
16.853 -2287.903 l
S
0.529 0.537 0.549 SC
17.32 -2360.21 m
17.32 -2287.903 l
S
0.533 0.541 0.553 SC
17.786 -2360.21 m
17.786 -2287.903 l
S
0.537 0.545 0.553 SC
18.253 -2360.21 m
18.253 -2287.903 l
S
0.537 0.545 0.557 SC
18.719 -2360.21 m
18.719 -2287.903 l
S
0.541 0.549 0.561 SC
19.186 -2360.21 m
19.186 -2287.903 l
S
0.545 0.553 0.565 SC
19.652 -2360.21 m
19.652 -2287.903 l
S
0.549 0.557 0.565 SC
20.119 -2360.21 m
20.119 -2287.903 l
S
0.549 0.557 0.569 SC
20.585 -2360.21 m
20.585 -2287.903 l
S
0.553 0.561 0.573 SC
21.052 -2360.21 m
21.052 -2287.903 l
S
0.557 0.565 0.576 SC
21.518 -2360.21 m
21.518 -2287.903 l
S
0.561 0.569 0.576 SC
21.985 -2360.21 m
21.985 -2287.903 l
S
0.561 0.569 0.58 SC
22.451 -2360.21 m
22.451 -2287.903 l
S
0.565 0.573 0.584 SC
22.918 -2360.21 m
22.918 -2287.903 l
S
0.569 0.576 0.588 SC
23.384 -2360.21 m
23.384 -2287.903 l
S
0.573 0.58 0.588 SC
23.851 -2360.21 m
23.851 -2287.903 l
S
0.573 0.58 0.592 SC
24.317 -2360.21 m
24.317 -2287.903 l
S
0.576 0.584 0.596 SC
24.784 -2360.21 m
24.784 -2287.903 l
S
0.58 0.588 0.596 SC
25.25 -2360.21 m
25.25 -2287.903 l
S
0.584 0.592 0.6 SC
25.717 -2360.21 m
25.717 -2287.903 l
S
0.584 0.592 0.604 SC
26.183 -2360.21 m
26.183 -2287.903 l
S
0.588 0.596 0.608 SC
26.65 -2360.21 m
26.65 -2287.903 l
S
0.592 0.6 0.608 SC
27.116 -2360.21 m
27.116 -2287.903 l
S
0.596 0.604 0.612 SC
27.583 -2360.21 m
27.583 -2287.903 l
S
0.596 0.604 0.616 SC
28.049 -2360.21 m
28.049 -2287.903 l
S
0.6 0.608 0.62 SC
28.516 -2360.21 m
28.516 -2287.903 l
S
0.604 0.612 0.624 SC
28.982 -2360.21 m
28.982 -2287.903 l
S
0.608 0.616 0.624 SC
29.449 -2360.21 m
29.449 -2287.903 l
S
0.608 0.616 0.627 SC
29.915 -2360.21 m
29.915 -2287.903 l
S
0.612 0.62 0.631 SC
30.382 -2360.21 m
30.382 -2287.903 l
S
0.616 0.624 0.635 SC
30.848 -2360.21 m
30.848 -2287.903 l
S
0.62 0.627 0.635 SC
31.315 -2360.21 m
31.315 -2287.903 l
S
0.62 0.631 0.639 SC
31.781 -2360.21 m
31.781 -2287.903 l
S
0.624 0.631 0.643 SC
32.248 -2360.21 m
32.248 -2287.903 l
S
0.627 0.635 0.647 SC
32.714 -2360.21 m
32.714 -2287.903 l
S
0.631 0.639 0.647 SC
33.181 -2360.21 m
33.181 -2287.903 l
S
0.635 0.643 0.651 SC
33.647 -2360.21 m
33.647 -2287.903 l
S
0.635 0.643 0.655 SC
34.113 -2360.21 m
34.113 -2287.903 l
S
0.639 0.647 0.659 SC
34.58 -2360.21 m
34.58 -2287.903 l
S
0.643 0.651 0.663 SC
35.046 -2360.21 m
35.046 -2287.903 l
S
0.647 0.655 0.663 SC
35.513 -2360.21 m
35.513 -2287.903 l
S
0.651 0.659 0.667 SC
35.979 -2360.21 m
35.979 -2287.903 l
S
0.651 0.659 0.671 SC
36.446 -2360.21 m
36.446 -2287.903 l
S
0.655 0.663 0.675 SC
36.912 -2360.21 m
36.912 -2287.903 l
S
0.659 0.667 0.678 SC
37.379 -2360.21 m
37.379 -2287.903 l
S
0.663 0.671 0.678 SC
37.845 -2360.21 m
37.845 -2287.903 l
S
0.663 0.675 0.682 SC
38.312 -2360.21 m
38.312 -2287.903 l
S
0.667 0.675 0.686 SC
38.778 -2360.21 m
38.778 -2287.903 l
S
0.671 0.678 0.69 SC
39.245 -2360.21 m
39.245 -2287.903 l
S
0.675 0.682 0.69 SC
39.711 -2360.21 m
39.711 -2287.903 l
S
0.678 0.686 0.694 SC
40.178 -2360.21 m
40.178 -2287.903 l
S
0.682 0.69 0.698 SC
40.644 -2360.21 m
40.644 -2287.903 l
S
0.682 0.69 0.702 SC
41.111 -2360.21 m
41.111 -2287.903 l
S
0.686 0.694 0.706 SC
41.577 -2360.21 m
41.577 -2287.903 l
S
0.69 0.698 0.706 SC
42.044 -2360.21 m
42.044 -2287.903 l
S
0.694 0.702 0.71 SC
42.51 -2360.21 m
42.51 -2287.903 l
S
0.698 0.706 0.714 SC
42.977 -2360.21 m
42.977 -2287.903 l
S
0.698 0.706 0.718 SC
43.443 -2360.21 m
43.443 -2287.903 l
S
0.702 0.71 0.722 SC
43.91 -2360.21 m
43.91 -2287.903 l
S
0.706 0.714 0.722 SC
44.376 -2360.21 m
44.376 -2287.903 l
S
0.71 0.718 0.725 SC
44.843 -2360.21 m
44.843 -2287.903 l
S
0.714 0.722 0.729 SC
45.309 -2360.21 m
45.309 -2287.903 l
S
0.714 0.722 0.733 SC
45.776 -2360.21 m
45.776 -2287.903 l
S
0.718 0.725 0.737 SC
46.242 -2360.21 m
46.242 -2287.903 l
S
0.722 0.729 0.737 SC
46.709 -2360.21 m
46.709 -2287.903 l
S
0.725 0.733 0.741 SC
47.175 -2360.21 m
47.175 -2287.903 l
S
0.729 0.737 0.745 SC
47.642 -2360.21 m
47.642 -2287.903 l
S
0.733 0.741 0.749 SC
48.108 -2360.21 m
48.108 -2287.903 l
S
0.733 0.741 0.753 SC
48.575 -2360.21 m
48.575 -2287.903 l
49.041 -2360.21 m
49.041 -2287.903 l
S
0.737 0.745 0.753 SC
49.508 -2360.21 m
49.508 -2287.903 l
S
0.741 0.749 0.757 SC
49.974 -2360.21 m
49.974 -2287.903 l
S
0.745 0.753 0.761 SC
50.441 -2360.21 m
50.441 -2287.903 l
S
0.749 0.757 0.765 SC
50.907 -2360.21 m
50.907 -2287.903 l
S
0.753 0.761 0.769 SC
51.374 -2360.21 m
51.374 -2287.903 l
51.84 -2360.21 m
51.84 -2287.903 l
S
0.757 0.765 0.773 SC
52.307 -2360.21 m
52.307 -2287.903 l
S
0.761 0.769 0.776 SC
52.773 -2360.21 m
52.773 -2287.903 l
S
0.765 0.773 0.78 SC
53.24 -2360.21 m
53.24 -2287.903 l
S
0.769 0.776 0.784 SC
53.706 -2360.21 m
53.706 -2287.903 l
S
0.773 0.776 0.784 SC
54.173 -2360.21 m
54.173 -2287.903 l
S
0.776 0.78 0.788 SC
54.639 -2360.21 m
54.639 -2287.903 l
S
0.776 0.784 0.792 SC
55.106 -2360.21 m
55.106 -2287.903 l
S
0.78 0.788 0.796 SC
55.572 -2360.21 m
55.572 -2287.903 l
S
0.784 0.792 0.8 SC
56.039 -2360.21 m
56.039 -2287.903 l
S
0.788 0.796 0.8 SC
56.505 -2360.21 m
56.505 -2287.903 l
S
0.792 0.796 0.804 SC
56.972 -2360.21 m
56.972 -2287.903 l
S
0.796 0.8 0.808 SC
57.438 -2360.21 m
57.438 -2287.903 l
S
0.796 0.804 0.812 SC
57.905 -2360.21 m
57.905 -2287.903 l
S
0.8 0.808 0.816 SC
58.371 -2360.21 m
58.371 -2287.903 l
S
0.804 0.812 0.816 SC
58.838 -2360.21 m
58.838 -2287.903 l
S
0.808 0.812 0.82 SC
59.304 -2360.21 m
59.304 -2287.903 l
S
0.812 0.816 0.824 SC
59.771 -2360.21 m
59.771 -2287.903 l
S
0.816 0.82 0.827 SC
60.237 -2360.21 m
60.237 -2287.903 l
S
0.816 0.824 0.831 SC
60.704 -2360.21 m
60.704 -2287.903 l
S
0.82 0.827 0.831 SC
61.17 -2360.21 m
61.17 -2287.903 l
S
0.824 0.831 0.835 SC
61.637 -2360.21 m
61.637 -2287.903 l
S
0.827 0.831 0.839 SC
62.103 -2360.21 m
62.103 -2287.903 l
S
0.831 0.835 0.843 SC
62.57 -2360.21 m
62.57 -2287.903 l
S
0.835 0.839 0.843 SC
63.036 -2360.21 m
63.036 -2287.903 l
S
0.835 0.843 0.847 SC
63.503 -2360.21 m
63.503 -2287.903 l
S
0.839 0.847 0.851 SC
63.969 -2360.21 m
63.969 -2287.903 l
S
0.843 0.847 0.855 SC
64.436 -2360.21 m
64.436 -2287.903 l
S
0.847 0.851 0.859 SC
64.902 -2360.21 m
64.902 -2287.903 l
S
0.851 0.855 0.859 SC
65.369 -2360.21 m
65.369 -2287.903 l
S
0.855 0.859 0.863 SC
65.835 -2360.21 m
65.835 -2287.903 l
S
0.855 0.863 0.867 SC
66.302 -2360.21 m
66.302 -2287.903 l
S
0.859 0.863 0.871 SC
66.768 -2360.21 m
66.768 -2287.903 l
S
0.863 0.867 0.875 SC
67.235 -2360.21 m
67.235 -2287.903 l
S
0.867 0.871 0.875 SC
67.701 -2360.21 m
67.701 -2287.903 l
S
0.871 0.875 0.878 SC
68.168 -2360.21 m
68.168 -2287.903 l
S
0.875 0.878 0.882 SC
68.634 -2360.21 m
68.634 -2287.903 l
S
0.875 0.882 0.886 SC
69.101 -2360.21 m
69.101 -2287.903 l
S
0.878 0.882 0.89 SC
69.567 -2360.21 m
69.567 -2287.903 l
S
0.882 0.886 0.89 SC
70.034 -2360.21 m
70.034 -2287.903 l
S
0.886 0.89 0.894 SC
70.5 -2360.21 m
70.5 -2287.903 l
S
0.89 0.894 0.898 SC
70.967 -2360.21 m
70.967 -2287.903 l
S
0.894 0.898 0.902 SC
71.433 -2360.21 m
71.433 -2287.903 l
S
0.898 0.898 0.902 SC
71.9 -2360.21 m
71.9 -2287.903 l
S
0.898 0.902 0.906 SC
72.366 -2360.21 m
72.366 -2287.903 l
S
0.902 0.906 0.91 SC
72.833 -2360.21 m
72.833 -2287.903 l
S
0.906 0.91 0.914 SC
73.299 -2360.21 m
73.299 -2287.903 l
S
0.91 0.914 0.918 SC
73.766 -2360.21 m
73.766 -2287.903 l
S
0.914 0.918 0.922 SC
74.232 -2360.21 m
74.232 -2287.903 l
S
0.918 0.922 0.922 SC
74.699 -2360.21 m
74.699 -2287.903 l
S
0.922 0.922 0.925 SC
75.165 -2360.21 m
75.165 -2287.903 l
S
0.922 0.925 0.929 SC
75.632 -2360.21 m
75.632 -2287.903 l
S
0.925 0.929 0.933 SC
76.098 -2360.21 m
76.098 -2287.903 l
S
0.929 0.933 0.933 SC
76.565 -2360.21 m
76.565 -2287.903 l
S
0.933 0.937 0.937 SC
77.031 -2360.21 m
77.031 -2287.903 l
S
0.937 0.937 0.941 SC
77.498 -2360.21 m
77.498 -2287.903 l
S
0.941 0.941 0.945 SC
77.964 -2360.21 m
77.964 -2287.903 l
S
0.945 0.945 0.949 SC
78.431 -2360.21 m
78.431 -2287.903 l
S
0.945 0.949 0.949 SC
78.897 -2360.21 m
78.897 -2287.903 l
S
0.949 0.953 0.953 SC
79.364 -2360.21 m
79.364 -2287.903 l
S
0.953 0.957 0.957 SC
79.83 -2360.21 m
79.83 -2287.903 l
S
0.957 0.957 0.961 SC
80.297 -2360.21 m
80.297 -2287.903 l
S
0.961 0.961 0.965 SC
80.763 -2360.21 m
80.763 -2287.903 l
S
0.965 0.965 0.969 SC
81.23 -2360.21 m
81.23 -2287.903 l
S
0.969 0.969 0.969 SC
81.696 -2360.21 m
81.696 -2287.903 l
S
0.973 0.973 0.973 SC
82.163 -2360.21 m
82.163 -2287.903 l
S
0.976 0.976 0.976 SC
82.629 -2360.21 m
82.629 -2287.903 l
S
0.98 0.98 0.984 SC
83.096 -2360.21 m
83.096 -2287.903 l
S
0.988 0.988 0.988 SC
83.562 -2360.21 m
83.562 -2287.903 l
S
0.992 0.992 0.992 SC
84.029 -2360.21 m
84.029 -2287.903 l
S
1 1 1 SC
84.495 -2360.21 m
84.495 -2287.903 l
S
Q
Q
q
1 i 
-9 851 613 -860 re
0 841 m
W n
0.03 841.02 595.02 -841.02 re
W n
/Cs5 cs 0.161 0.145 0.149 sc
/GS1 gs
0.03 841.02 35.4 -6.11 re
f
/Cs5 CS 0.161 0.145 0.149 SC
0 J 0 j 0.3 w 10 M []0 d
28.347 841.076 m
28.347 805.006 l
S
286.3 22.8 22.68 -22.8 re
f
BT
/F4 1 Tf
10 0 0 10 289.2992 7.7671 Tm
1 1 1 sc
-0.0002 Tc
0 Tw
(588)Tj
ET
325.98 761.38 m
552.76 761.38 l
S
BT
/F2 1 Tf
10 0 0 10 532.1968 763.6339 Tm
0.161 0.145 0.149 sc
0 Tc
(Page)Tj
ET
325.98 741.38 m
552.76 741.38 l
S
BT
/F4 1 Tf
10 0 0 10 325.9842 743.6339 Tm
-0.0001 Tc
(Médicaments)Tj
/F2 1 Tf
0 -1.6 TD
-0.0112 Tc
-0.0306 Tw
(Autorisations délivrées pour de nouveaux principes)Tj
0 -1.2 TD
[(actifs: Autorisation parallèle de T)91.7(ramacet)]TJ
5 0 0 5 493.0124 719.1651 Tm
0 Tc
0 Tw
(®)Tj
10 0 0 10 499.3175 715.6339 Tm
-0.0112 Tc
-0.0306 Tw
(et de)Tj
ET
325.98 701.38 m
552.76 701.38 l
S
BT
10 0 0 10 325.9842 703.6339 Tm
0 Tw
(Zaldiar)Tj
5 0 0 5 353.5316 707.1651 Tm
0 Tc
(®)Tj
/F4 1 Tf
10 0 0 10 536.0231 703.6339 Tm
-0.0001 Tc
(590)Tj
/F2 1 Tf
-21.0039 -1.6 TD
-0.0112 Tc
-0.0306 Tw
(Autorisations délivrées pour de nouveaux)Tj
ET
325.98 673.38 m
552.76 673.38 l
S
BT
10 0 0 10 325.9842 675.6339 Tm
(principes actifs: Aranesp)Tj
5 0 0 5 425.9081 679.1651 Tm
0 Tc
0 Tw
(®)Tj
/F4 1 Tf
10 0 0 10 536.0231 675.6339 Tm
-0.0001 Tc
(591)Tj
ET
325.98 653.38 m
552.76 653.38 l
S
BT
10 0 0 10 325.9842 655.6339 Tm
(Réglementation)Tj
/F2 1 Tf
T*
0 Tc
(–)Tj
0.8504 0 TD
-0.0112 Tc
-0.0306 Tw
(Médicaments: réglementation des demandes)Tj
0 -1.2 TD
(de modification)Tj
/F4 1 Tf
20.1479 0 TD
-0.0001 Tc
0 Tw
(611)Tj
/F2 1 Tf
-20.9983 -1.6 TD
0 Tc
(–)Tj
0.8504 0 TD
-0.0112 Tc
-0.0306 Tw
[(Modification de l’or)17.7(donnance sur les exigences)]TJ
0 -1.2 TD
0 Tc
0 Tw
(r)Tj
0.3038 0 TD
-0.0112 Tc
-0.0306 Tw
(elatives aux médicaments)Tj
/F4 1 Tf
19.8441 0 TD
-0.0001 Tc
0 Tw
(612)Tj
/F2 1 Tf
-20.9983 -1.6 TD
0 Tc
(–)Tj
0.8504 0 TD
-0.0112 Tc
-0.0306 Tw
[(Modification de l’or)17.7(donnance sur les )]TJ
0 -1.6 TD
[(émoulements des pr)17.8(oduits thérapeutiques)]TJ
/F4 1 Tf
20.1479 0 TD
-0.0001 Tc
0 Tw
(616)Tj
/F2 1 Tf
-20.9983 -1.6 TD
0 Tc
(–)Tj
0.8504 0 TD
-0.0112 Tc
-0.0306 Tw
[(Instructions concer)-17.9(nant les modifications )]TJ
0 -1.2 TD
(soumises à l'obligation d'annoncer)Tj
/F4 1 Tf
20.1479 0 TD
-0.0001 Tc
0 Tw
(618)Tj
/F2 1 Tf
-20.9983 -1.6 TD
0 Tc
(–)Tj
0.8504 0 TD
-0.0112 Tc
-0.0306 Tw
[(Formulair)17.7(e «Modifications soumises )]TJ
0 -1.6 TD
(à l’obligation d’annoncer)Tj
/F4 1 Tf
20.1479 0 TD
-0.0001 Tc
0 Tw
(628)Tj
ET
325.98 485.38 m
552.76 485.38 l
S
BT
10 0 0 10 325.9842 487.6339 Tm
-0.0306 Tw
(Médicaments miscellanées)Tj
ET
325.98 469.38 m
552.76 469.38 l
S
BT
/F2 1 Tf
10 0 0 10 325.9842 471.6339 Tm
-0.0112 Tc
[(Pr)17.7(oduits sanguins et vaccins admis à l’écoulement)]TJ
/F4 1 Tf
20.9983 0 TD
-0.0001 Tc
0 Tw
(631)Tj
ET
325.98 453.38 m
552.76 453.38 l
S
BT
/F2 1 Tf
10 0 0 10 325.9842 455.6339 Tm
-0.0112 Tc
-0.0306 Tw
(Retraits de lots)Tj
/F4 1 Tf
20.9983 0 TD
-0.0001 Tc
0 Tw
(632)Tj
ET
325.98 437.38 m
552.76 437.38 l
S
BT
/F2 1 Tf
10 0 0 10 325.9842 439.6339 Tm
-0.0112 Tc
-0.0306 Tw
(Nouvelles autorisations)Tj
/F4 1 Tf
21.0094 0 TD
-0.0002 Tc
0 Tw
(633)Tj
ET
325.98 421.38 m
552.76 421.38 l
S
BT
/F2 1 Tf
10 0 0 10 325.9842 423.6339 Tm
-0.0112 Tc
-0.0306 Tw
(Révisions et changements de l’autorisation)Tj
/F4 1 Tf
21.0094 0 TD
-0.0002 Tc
0 Tw
(652)Tj
ET
325.98 405.38 m
552.76 405.38 l
S
BT
/F2 1 Tf
10 0 0 10 325.9842 407.6339 Tm
-0.0112 Tc
(Diagnostica)Tj
/F4 1 Tf
20.9983 0 TD
-0.0001 Tc
(699)Tj
/F2 1 Tf
-20.9983 -1.6 TD
-0.0112 Tc
-0.0306 Tw
(Radiation de l’autorisation)Tj
ET
325.98 377.38 m
552.76 377.38 l
S
BT
10 0 0 10 325.9842 379.6339 Tm
-0.0001 Tc
[(de mise sur le mar)17.7(ché)]TJ
/F4 1 Tf
21.0094 0 TD
-0.0002 Tc
0 Tw
(701)Tj
/F2 1 Tf
-21.0094 -1.6 TD
-0.0112 Tc
-0.0306 Tw
[(Conversion en mise sur le mar)17.8(ché)]TJ
ET
325.98 349.38 m
552.76 349.38 l
S
BT
10 0 0 10 325.9842 351.6339 Tm
-0.0001 Tc
(à l’étranger)Tj
/F4 1 Tf
21.0094 0 TD
-0.0002 Tc
0 Tw
(703)Tj
/F2 1 Tf
-21.0094 -1.6 TD
-0.0112 Tc
-0.0306 Tw
(Retrait de la suspension de l’autorsation)Tj
ET
325.98 321.38 m
552.76 321.38 l
S
BT
10 0 0 10 325.9842 323.6339 Tm
-0.0001 Tc
[(de mise sur le mar)17.7(ché)]TJ
/F4 1 Tf
21.0094 0 TD
-0.0002 Tc
0 Tw
(704)Tj
/F2 1 Tf
-21.0094 -1.6 TD
-0.0112 Tc
-0.0306 Tw
(Suspension de l’autorisation)Tj
ET
325.98 293.38 m
552.76 293.38 l
S
BT
10 0 0 10 325.9842 295.6339 Tm
-0.0001 Tc
[(de mise sur le mar)17.7(ché)]TJ
/F4 1 Tf
21.0094 0 TD
-0.0002 Tc
0 Tw
(705)Tj
ET
85.04 761.38 m
311.81 761.38 l
S
BT
/F2 1 Tf
10 0 0 10 291.2641 763.6339 Tm
-0.0001 Tc
(Seite)Tj
ET
85.04 741.38 m
311.81 741.38 l
S
BT
/F4 1 Tf
10 0 0 10 85.0394 743.6339 Tm
-0.0306 Tw
(Arzneimittel Nachrichten)Tj
/F2 1 Tf
0 -1.6 TD
-0.0112 Tc
[(Erstzulassung neuer W)-24(irkstof)17.7(fe:)]TJ
ET
85.04 713.38 m
311.81 713.38 l
S
BT
10 0 0 10 85.0394 715.6339 Tm
[(Parallele Neuzulassung von T)91.7(ramacet)]TJ
5 0 0 5 236.5152 719.1651 Tm
0 Tc
0 Tw
(®)Tj
10 0 0 10 242.8203 715.6339 Tm
-0.0112 Tc
-0.0306 Tw
(und Zaldiar)Tj
5 0 0 5 289.0732 719.1651 Tm
0 Tc
0 Tw
(®)Tj
/F4 1 Tf
10 0 0 10 295.0782 715.6339 Tm
-0.0001 Tc
(589)Tj
ET
85.04 697.38 m
311.81 697.38 l
S
BT
/F2 1 Tf
10 0 0 10 85.0394 699.6339 Tm
-0.0112 Tc
-0.0306 Tw
[(Erstzulassung neuer W)-24(irkstof)17.7(fe:)-266.8(Aranesp)]TJ
5 0 0 5 252.353 703.1651 Tm
0 Tc
0 Tw
(®)Tj
/F4 1 Tf
10 0 0 10 295.0782 699.6339 Tm
-0.0001 Tc
(590)Tj
ET
85.04 677.38 m
311.81 677.38 l
S
BT
10 0 0 10 85.0394 679.6339 Tm
-0.0306 Tw
(Regulatory News)Tj
/F2 1 Tf
T*
0 Tc
0 Tw
(–)Tj
0.8504 0 TD
-0.0112 Tc
-0.0306 Tw
(Änderungen bei Arzneimitteln:)Tj
0 -1.2 TD
[(Swissmedic konkr)17.7(etisiert die Gesuchstypen)]TJ
/F4 1 Tf
20.1479 0 TD
-0.0001 Tc
0 Tw
(592)Tj
/F2 1 Tf
-20.9983 -1.6 TD
0 Tc
(–)Tj
0.8504 0 TD
-0.0112 Tc
-0.0306 Tw
(Änderung der )Tj
0 -1.2 TD
0 Tw
[(Arzneimittel-Zulassungsver)17.8(or)17.7(dnung)]TJ
/F4 1 Tf
20.1479 0 TD
-0.0001 Tc
(593)Tj
/F2 1 Tf
-20.9983 -1.6 TD
0 Tc
(–)Tj
0.8504 0 TD
-0.0112 Tc
-0.0306 Tw
[(Änderung der Gebühr)17.8(enver)17.7(or)17.7(dnung)]TJ
/F4 1 Tf
20.1479 0 TD
-0.0001 Tc
0 Tw
(597)Tj
/F2 1 Tf
-20.9983 -1.6 TD
0 Tc
(–)Tj
0.8504 0 TD
-0.0112 Tc
-0.0306 Tw
(Anleitung für meldepflichtige Änderungen)Tj
/F4 1 Tf
20.1479 0 TD
-0.0001 Tc
0 Tw
(599)Tj
ET
85.04 573.38 m
311.81 573.38 l
S
BT
/F2 1 Tf
10 0 0 10 85.0394 575.6339 Tm
0 Tc
(–)Tj
0.8504 0 TD
-0.0112 Tc
-0.0306 Tw
(Formular zu den meldepflichtigen Änderungen)Tj
/F4 1 Tf
20.1479 0 TD
-0.0001 Tc
0 Tw
(608)Tj
ET
85.04 553.38 m
311.81 553.38 l
S
BT
10 0 0 10 85.0394 555.6339 Tm
(Arzneimittel)Tj
6.0699 0 TD
-0.0112 Tc
(Statistik)Tj
ET
85.04 537.38 m
311.81 537.38 l
S
BT
/F2 1 Tf
10 0 0 10 85.0394 539.6339 Tm
-0.0306 Tw
[(Fr)17.7(eigaben der Blutpr)17.7(odukte und Impfstof)17.7(fe)]TJ
/F4 1 Tf
20.9983 0 TD
-0.0001 Tc
0 Tw
(631)Tj
ET
85.04 521.38 m
311.81 521.38 l
S
BT
/F2 1 Tf
10 0 0 10 85.0394 523.6339 Tm
-0.0112 Tc
(Chargenrückrufe)Tj
/F4 1 Tf
20.9983 0 TD
-0.0001 Tc
(632)Tj
ET
85.04 505.38 m
311.81 505.38 l
S
BT
/F2 1 Tf
10 0 0 10 85.0394 507.6339 Tm
-0.0112 Tc
(Neuzulassungen)Tj
/F4 1 Tf
21.0094 0 TD
-0.0002 Tc
(633)Tj
ET
85.04 489.38 m
311.81 489.38 l
S
BT
/F2 1 Tf
10 0 0 10 85.0394 491.6339 Tm
-0.0112 Tc
-0.0306 Tw
(Revisionen und Änderungen der Zulassung)Tj
/F4 1 Tf
21.0094 0 TD
-0.0002 Tc
0 Tw
(652)Tj
ET
85.04 473.38 m
311.81 473.38 l
S
BT
/F2 1 Tf
10 0 0 10 85.0394 475.6339 Tm
-0.0112 Tc
(Diagnostika)Tj
/F4 1 Tf
20.9983 0 TD
-0.0001 Tc
(699)Tj
ET
85.04 457.38 m
311.81 457.38 l
S
BT
/F2 1 Tf
10 0 0 10 85.0394 459.6339 Tm
-0.0112 Tc
-0.0306 Tw
(Löschung der Zulassung)Tj
/F4 1 Tf
21.0094 0 TD
-0.0002 Tc
0 Tw
(701)Tj
/F2 1 Tf
-21.0094 -1.6 TD
-0.0112 Tc
-0.0306 Tw
(Umwandlung für das )Tj
ET
85.04 429.38 m
311.81 429.38 l
S
BT
10 0 0 10 85.0394 431.6339 Tm
[(Inverkehrbringen im)-266.8(Ausland)]TJ
/F4 1 Tf
21.0094 0 TD
-0.0002 Tc
0 Tw
(703)Tj
ET
85.04 413.38 m
311.81 413.38 l
S
BT
/F2 1 Tf
10 0 0 10 85.0394 415.6339 Tm
-0.0112 Tc
-0.0306 Tw
(Aufhebung der Sistierung)Tj
/F4 1 Tf
21.0094 0 TD
-0.0002 Tc
0 Tw
(704)Tj
ET
85.04 397.38 m
311.81 397.38 l
S
BT
/F2 1 Tf
10 0 0 10 85.0394 399.6339 Tm
-0.0112 Tc
-0.0306 Tw
(Sistierung der Zulassung)Tj
/F4 1 Tf
21.0094 0 TD
-0.0002 Tc
0 Tw
(705)Tj
/F2 1 Tf
3.0851 -20.0851 TD
0 Tc
(A)Tj
1.4173 0 TD
-0.0001 Tc
-0.0306 Tw
[(Remise sur or)17.7(donnance médicale ou vétérinair)17.7(e)]TJ
0 -1.2 TD
[(non r)17.7(enouvable)]TJ
-1.4173 -1.2 TD
0 Tc
0 Tw
(B)Tj
1.4173 0 TD
-0.0001 Tc
-0.0306 Tw
[(Remise sur or)17.7(donnance médicale ou vétérinair)17.7(e)]TJ
-1.4173 -1.2 TD
0 Tc
0 Tw
(C)Tj
1.4173 0 TD
-0.0001 Tc
-0.0306 Tw
[(Remise sur conseil des pr)17.7(ofessionnels de la santé)]TJ
-1.4173 -1.2 TD
0 Tc
0 Tw
(D)Tj
1.4173 0 TD
-0.0001 Tc
-0.0306 Tw
(Remise sur conseil spécialisé)Tj
-1.4173 -1.2 TD
0 Tc
0 Tw
(E)Tj
1.4173 0 TD
-0.0001 Tc
-0.0306 Tw
(Remise sans conseil spécialisé)Tj
-25.5118 6.0006 TD
0 Tc
0 Tw
(A)Tj
1.4173 0 TD
-0.0001 Tc
-0.0306 Tw
(Einmalige Abgabe auf ärztliche oder tierärztliche)Tj
0 -1.2 TD
0 Tc
0 Tw
(V)Tj
0.5559 0 TD
-0.0002 Tc
[(erschr)17.6(eibung)]TJ
-1.9732 -1.2 TD
0 Tc
(B)Tj
1.4173 0 TD
-0.0001 Tc
-0.0306 Tw
[(Abgabe auf ärztliche oder tierärztliche V)54.8(erschr)17.7(ei-)]TJ
0 -1.2 TD
0 Tw
(bung)Tj
-1.4173 -1.2 TD
0 Tc
(C)Tj
1.4173 0 TD
-0.0001 Tc
-0.0306 Tw
[(Abgabe nach Fachberatung dur)17.7(ch Medizinalper-)]TJ
0 -1.2 TD
0 Tw
(sonen)Tj
-1.4173 -1.2 TD
0 Tc
(D)Tj
1.4173 0 TD
-0.0001 Tc
-0.0306 Tw
(Abgabe nach Fachberatung)Tj
-1.4173 -1.2 TD
0 Tc
0 Tw
(E)Tj
1.4173 0 TD
-0.0001 Tc
-0.0306 Tw
(Abgabe ohne Fachberatung)Tj
/F5 1 Tf
11.5 0 0 11.5 85.0394 220.9734 Tm
0 Tw
[(Zeichenerklärung)-103.9(/)-103.9(Légende)]TJ
/F2 1 Tf
7 0 0 7 35.4331 17.5374 Tm
-0.0306 Tw
[(Swissmedic Jour)-17.9(nal)-1111.9(9/2002)]TJ
ET
Q

q
1 i 
-9 851 613 -860 re
0 841 m
W n
0.03 841.02 595.02 -841.02 re
W n
BT
/F6 1 Tf
12.5 0 0 12.5 340.261 811.7825 Tm
/Cs5 cs 0.161 0.145 0.149 sc
/GS1 gs
-0.0001 Tc
-0.0286 Tw
[(Arzneimittel Nachrichten)-104(/)-104(Médicaments)]TJ
ET
/Cs5 CS 0.161 0.145 0.149 SC
0 J 0 j 0.3 w 10 M []0 d
42.8 805.15 m
567.2 805.15 l
S
Q
q
1 i 
361.69 850.5 198.43 -24.09 re
560.098 811.782 m
W* n
-9 851 613 -860 re
0 841 m
W n
0.03 841.02 595.02 -841.02 re
W n
q
2.7718 0 0 -0.3608 0 0 cm
/Cs5 CS 1 1 1 SC
0 J 0 j 0.5 w 10 M []0 d
/GS1 gs
130.36 -2360.21 m
130.36 -2287.903 l
S
0.992 0.992 0.992 SC
130.827 -2360.21 m
130.827 -2287.903 l
S
0.988 0.988 0.988 SC
131.293 -2360.21 m
131.293 -2287.903 l
S
0.98 0.98 0.984 SC
131.76 -2360.21 m
131.76 -2287.903 l
S
0.976 0.976 0.976 SC
132.226 -2360.21 m
132.226 -2287.903 l
S
0.973 0.973 0.973 SC
132.693 -2360.21 m
132.693 -2287.903 l
S
0.969 0.969 0.969 SC
133.159 -2360.21 m
133.159 -2287.903 l
S
0.965 0.965 0.969 SC
133.626 -2360.21 m
133.626 -2287.903 l
S
0.961 0.961 0.965 SC
134.092 -2360.21 m
134.092 -2287.903 l
S
0.957 0.957 0.961 SC
134.559 -2360.21 m
134.559 -2287.903 l
S
0.953 0.957 0.957 SC
135.025 -2360.21 m
135.025 -2287.903 l
S
0.949 0.953 0.953 SC
135.492 -2360.21 m
135.492 -2287.903 l
S
0.945 0.949 0.949 SC
135.958 -2360.21 m
135.958 -2287.903 l
S
0.945 0.945 0.949 SC
136.425 -2360.21 m
136.425 -2287.903 l
S
0.941 0.941 0.945 SC
136.891 -2360.21 m
136.891 -2287.903 l
S
0.937 0.937 0.941 SC
137.358 -2360.21 m
137.358 -2287.903 l
S
0.933 0.937 0.937 SC
137.824 -2360.21 m
137.824 -2287.903 l
S
0.929 0.933 0.933 SC
138.291 -2360.21 m
138.291 -2287.903 l
S
0.925 0.929 0.933 SC
138.757 -2360.21 m
138.757 -2287.903 l
S
0.922 0.925 0.929 SC
139.224 -2360.21 m
139.224 -2287.903 l
S
0.922 0.922 0.925 SC
139.69 -2360.21 m
139.69 -2287.903 l
S
0.918 0.922 0.922 SC
140.157 -2360.21 m
140.157 -2287.903 l
S
0.914 0.918 0.922 SC
140.623 -2360.21 m
140.623 -2287.903 l
S
0.91 0.914 0.918 SC
141.09 -2360.21 m
141.09 -2287.903 l
S
0.906 0.91 0.914 SC
141.556 -2360.21 m
141.556 -2287.903 l
S
0.902 0.906 0.91 SC
142.023 -2360.21 m
142.023 -2287.903 l
S
0.898 0.902 0.906 SC
142.489 -2360.21 m
142.489 -2287.903 l
S
0.898 0.898 0.902 SC
142.956 -2360.21 m
142.956 -2287.903 l
S
0.894 0.898 0.902 SC
143.422 -2360.21 m
143.422 -2287.903 l
S
0.89 0.894 0.898 SC
143.889 -2360.21 m
143.889 -2287.903 l
S
0.886 0.89 0.894 SC
144.355 -2360.21 m
144.355 -2287.903 l
S
0.882 0.886 0.89 SC
144.822 -2360.21 m
144.822 -2287.903 l
S
0.878 0.882 0.89 SC
145.288 -2360.21 m
145.288 -2287.903 l
S
0.875 0.882 0.886 SC
145.755 -2360.21 m
145.755 -2287.903 l
S
0.875 0.878 0.882 SC
146.221 -2360.21 m
146.221 -2287.903 l
S
0.871 0.875 0.878 SC
146.688 -2360.21 m
146.688 -2287.903 l
S
0.867 0.871 0.875 SC
147.154 -2360.21 m
147.154 -2287.903 l
S
0.863 0.867 0.875 SC
147.621 -2360.21 m
147.621 -2287.903 l
S
0.859 0.863 0.871 SC
148.087 -2360.21 m
148.087 -2287.903 l
S
0.855 0.863 0.867 SC
148.554 -2360.21 m
148.554 -2287.903 l
S
0.855 0.859 0.863 SC
149.02 -2360.21 m
149.02 -2287.903 l
S
0.851 0.855 0.859 SC
149.487 -2360.21 m
149.487 -2287.903 l
S
0.847 0.851 0.859 SC
149.953 -2360.21 m
149.953 -2287.903 l
S
0.843 0.847 0.855 SC
150.42 -2360.21 m
150.42 -2287.903 l
S
0.839 0.847 0.851 SC
150.886 -2360.21 m
150.886 -2287.903 l
S
0.835 0.843 0.847 SC
151.353 -2360.21 m
151.353 -2287.903 l
S
0.835 0.839 0.843 SC
151.819 -2360.21 m
151.819 -2287.903 l
S
0.831 0.835 0.843 SC
152.286 -2360.21 m
152.286 -2287.903 l
S
0.827 0.831 0.839 SC
152.752 -2360.21 m
152.752 -2287.903 l
S
0.824 0.831 0.835 SC
153.219 -2360.21 m
153.219 -2287.903 l
S
0.82 0.827 0.831 SC
153.685 -2360.21 m
153.685 -2287.903 l
S
0.816 0.824 0.831 SC
154.152 -2360.21 m
154.152 -2287.903 l
S
0.816 0.82 0.827 SC
154.618 -2360.21 m
154.618 -2287.903 l
S
0.812 0.816 0.824 SC
155.085 -2360.21 m
155.085 -2287.903 l
S
0.808 0.812 0.82 SC
155.551 -2360.21 m
155.551 -2287.903 l
S
0.804 0.812 0.816 SC
156.018 -2360.21 m
156.018 -2287.903 l
S
0.8 0.808 0.816 SC
156.484 -2360.21 m
156.484 -2287.903 l
S
0.796 0.804 0.812 SC
156.951 -2360.21 m
156.951 -2287.903 l
S
0.796 0.8 0.808 SC
157.417 -2360.21 m
157.417 -2287.903 l
S
0.792 0.796 0.804 SC
157.884 -2360.21 m
157.884 -2287.903 l
S
0.788 0.796 0.8 SC
158.35 -2360.21 m
158.35 -2287.903 l
S
0.784 0.792 0.8 SC
158.817 -2360.21 m
158.817 -2287.903 l
S
0.78 0.788 0.796 SC
159.283 -2360.21 m
159.283 -2287.903 l
S
0.776 0.784 0.792 SC
159.75 -2360.21 m
159.75 -2287.903 l
S
0.776 0.78 0.788 SC
160.216 -2360.21 m
160.216 -2287.903 l
S
0.773 0.776 0.784 SC
160.683 -2360.21 m
160.683 -2287.903 l
S
0.769 0.776 0.784 SC
161.149 -2360.21 m
161.149 -2287.903 l
S
0.765 0.773 0.78 SC
161.616 -2360.21 m
161.616 -2287.903 l
S
0.761 0.769 0.776 SC
162.082 -2360.21 m
162.082 -2287.903 l
S
0.757 0.765 0.773 SC
162.549 -2360.21 m
162.549 -2287.903 l
S
0.753 0.761 0.769 SC
163.015 -2360.21 m
163.015 -2287.903 l
163.482 -2360.21 m
163.482 -2287.903 l
S
0.749 0.757 0.765 SC
163.948 -2360.21 m
163.948 -2287.903 l
S
0.745 0.753 0.761 SC
164.415 -2360.21 m
164.415 -2287.903 l
S
0.741 0.749 0.757 SC
164.881 -2360.21 m
164.881 -2287.903 l
S
0.737 0.745 0.753 SC
165.348 -2360.21 m
165.348 -2287.903 l
S
0.733 0.741 0.753 SC
165.814 -2360.21 m
165.814 -2287.903 l
S
0.733 0.741 0.749 SC
166.281 -2360.21 m
166.281 -2287.903 l
166.747 -2360.21 m
166.747 -2287.903 l
S
0.729 0.737 0.745 SC
167.214 -2360.21 m
167.214 -2287.903 l
S
0.725 0.733 0.741 SC
167.68 -2360.21 m
167.68 -2287.903 l
S
0.722 0.729 0.737 SC
168.147 -2360.21 m
168.147 -2287.903 l
S
0.718 0.725 0.737 SC
168.613 -2360.21 m
168.613 -2287.903 l
S
0.714 0.722 0.733 SC
169.08 -2360.21 m
169.08 -2287.903 l
S
0.714 0.722 0.729 SC
169.546 -2360.21 m
169.546 -2287.903 l
S
0.71 0.718 0.725 SC
170.013 -2360.21 m
170.013 -2287.903 l
S
0.706 0.714 0.722 SC
170.479 -2360.21 m
170.479 -2287.903 l
S
0.702 0.71 0.722 SC
170.946 -2360.21 m
170.946 -2287.903 l
S
0.698 0.706 0.718 SC
171.412 -2360.21 m
171.412 -2287.903 l
S
0.698 0.706 0.714 SC
171.879 -2360.21 m
171.879 -2287.903 l
S
0.694 0.702 0.71 SC
172.345 -2360.21 m
172.345 -2287.903 l
S
0.69 0.698 0.706 SC
172.812 -2360.21 m
172.812 -2287.903 l
S
0.686 0.694 0.706 SC
173.278 -2360.21 m
173.278 -2287.903 l
S
0.682 0.69 0.702 SC
173.745 -2360.21 m
173.745 -2287.903 l
S
0.682 0.69 0.698 SC
174.211 -2360.21 m
174.211 -2287.903 l
S
0.678 0.686 0.694 SC
174.678 -2360.21 m
174.678 -2287.903 l
S
0.675 0.682 0.69 SC
175.144 -2360.21 m
175.144 -2287.903 l
S
0.671 0.678 0.69 SC
175.611 -2360.21 m
175.611 -2287.903 l
S
0.667 0.675 0.686 SC
176.077 -2360.21 m
176.077 -2287.903 l
S
0.663 0.675 0.682 SC
176.544 -2360.21 m
176.544 -2287.903 l
S
0.663 0.671 0.678 SC
177.01 -2360.21 m
177.01 -2287.903 l
S
0.659 0.667 0.678 SC
177.477 -2360.21 m
177.477 -2287.903 l
S
0.655 0.663 0.675 SC
177.943 -2360.21 m
177.943 -2287.903 l
S
0.651 0.659 0.671 SC
178.41 -2360.21 m
178.41 -2287.903 l
S
0.651 0.659 0.667 SC
178.876 -2360.21 m
178.876 -2287.903 l
S
0.647 0.655 0.663 SC
179.343 -2360.21 m
179.343 -2287.903 l
S
0.643 0.651 0.663 SC
179.809 -2360.21 m
179.809 -2287.903 l
S
0.639 0.647 0.659 SC
180.276 -2360.21 m
180.276 -2287.903 l
S
0.635 0.643 0.655 SC
180.742 -2360.21 m
180.742 -2287.903 l
S
0.635 0.643 0.651 SC
181.209 -2360.21 m
181.209 -2287.903 l
S
0.631 0.639 0.647 SC
181.675 -2360.21 m
181.675 -2287.903 l
S
0.627 0.635 0.647 SC
182.142 -2360.21 m
182.142 -2287.903 l
S
0.624 0.631 0.643 SC
182.608 -2360.21 m
182.608 -2287.903 l
S
0.62 0.631 0.639 SC
183.075 -2360.21 m
183.075 -2287.903 l
S
0.62 0.627 0.635 SC
183.541 -2360.21 m
183.541 -2287.903 l
S
0.616 0.624 0.635 SC
184.008 -2360.21 m
184.008 -2287.903 l
S
0.612 0.62 0.631 SC
184.474 -2360.21 m
184.474 -2287.903 l
S
0.608 0.616 0.627 SC
184.941 -2360.21 m
184.941 -2287.903 l
S
0.608 0.616 0.624 SC
185.407 -2360.21 m
185.407 -2287.903 l
S
0.604 0.612 0.624 SC
185.874 -2360.21 m
185.874 -2287.903 l
S
0.6 0.608 0.62 SC
186.34 -2360.21 m
186.34 -2287.903 l
S
0.596 0.604 0.616 SC
186.806 -2360.21 m
186.806 -2287.903 l
S
0.596 0.604 0.612 SC
187.273 -2360.21 m
187.273 -2287.903 l
S
0.592 0.6 0.608 SC
187.739 -2360.21 m
187.739 -2287.903 l
S
0.588 0.596 0.608 SC
188.206 -2360.21 m
188.206 -2287.903 l
S
0.584 0.592 0.604 SC
188.672 -2360.21 m
188.672 -2287.903 l
S
0.584 0.592 0.6 SC
189.139 -2360.21 m
189.139 -2287.903 l
S
0.58 0.588 0.596 SC
189.605 -2360.21 m
189.605 -2287.903 l
S
0.576 0.584 0.596 SC
190.072 -2360.21 m
190.072 -2287.903 l
S
0.573 0.58 0.592 SC
190.538 -2360.21 m
190.538 -2287.903 l
S
0.573 0.58 0.588 SC
191.005 -2360.21 m
191.005 -2287.903 l
S
0.569 0.576 0.588 SC
191.471 -2360.21 m
191.471 -2287.903 l
S
0.565 0.573 0.584 SC
191.938 -2360.21 m
191.938 -2287.903 l
S
0.561 0.569 0.58 SC
192.404 -2360.21 m
192.404 -2287.903 l
S
0.561 0.569 0.576 SC
192.871 -2360.21 m
192.871 -2287.903 l
S
0.557 0.565 0.576 SC
193.337 -2360.21 m
193.337 -2287.903 l
S
0.553 0.561 0.573 SC
193.804 -2360.21 m
193.804 -2287.903 l
S
0.549 0.557 0.569 SC
194.27 -2360.21 m
194.27 -2287.903 l
S
0.549 0.557 0.565 SC
194.737 -2360.21 m
194.737 -2287.903 l
S
0.545 0.553 0.565 SC
195.203 -2360.21 m
195.203 -2287.903 l
S
0.541 0.549 0.561 SC
195.67 -2360.21 m
195.67 -2287.903 l
S
0.537 0.545 0.557 SC
196.136 -2360.21 m
196.136 -2287.903 l
S
0.537 0.545 0.553 SC
196.603 -2360.21 m
196.603 -2287.903 l
S
0.533 0.541 0.553 SC
197.069 -2360.21 m
197.069 -2287.903 l
S
0.529 0.537 0.549 SC
197.536 -2360.21 m
197.536 -2287.903 l
S
0.529 0.533 0.545 SC
198.002 -2360.21 m
198.002 -2287.903 l
S
0.525 0.533 0.541 SC
198.469 -2360.21 m
198.469 -2287.903 l
S
0.522 0.529 0.541 SC
198.935 -2360.21 m
198.935 -2287.903 l
S
0.518 0.525 0.537 SC
199.402 -2360.21 m
199.402 -2287.903 l
S
0.518 0.525 0.533 SC
199.868 -2360.21 m
199.868 -2287.903 l
S
0.514 0.522 0.529 SC
200.335 -2360.21 m
200.335 -2287.903 l
S
0.51 0.518 0.529 SC
200.801 -2360.21 m
200.801 -2287.903 l
S
0.51 0.514 0.525 SC
201.268 -2360.21 m
201.268 -2287.903 l
S
0.506 0.514 0.522 SC
201.734 -2360.21 m
201.734 -2287.903 l
S
0.502 0.51 0.518 SC
202.201 -2360.21 m
202.201 -2287.903 l
S
Q
Q
q
1 i 
-9 851 613 -860 re
0 841 m
W n
0.03 841.02 595.02 -841.02 re
W n
/Cs5 cs 0.161 0.145 0.149 sc
/GS1 gs
560.12 841.02 34.93 -6.11 re
f
/Cs5 CS 0.161 0.145 0.149 SC
0 J 0 j 0.3 w 10 M []0 d
567.202 840.678 m
567.202 804.948 l
S
286.57 22.8 22.68 -22.8 re
f
BT
/F4 1 Tf
10 0 0 10 289.5747 7.7671 Tm
1 1 1 sc
-0.0002 Tc
0 Tw
(589)Tj
/F2 1 Tf
7 0 0 7 473.8676 17.5374 Tm
0.161 0.145 0.149 sc
-0.0001 Tc
-0.0306 Tw
[(Swissmedic Jour)-17.9(nal)-1111.9(9/2002)]TJ
/F4 1 Tf
11.5 0 0 11.5 42.7953 762.1098 Tm
[(Erstzulassung von neuen Wirkstof)17.7(fen:)]TJ
0 -1.1304 TD
[(Parallele Neuzulassung von T)91.7(ramacet)]TJ
5.75 0 0 5.75 241.9437 753.2035 Tm
0 Tc
0 Tw
(®)Tj
11.5 0 0 11.5 249.3861 749.1097 Tm
-0.0002 Tc
-0.0305 Tw
[(und Zaldiar)]TJ
5.75 0 0 5.75 310.3699 753.2035 Tm
0 Tc
0 Tw
(®)Tj
10 0 0 10 283.7403 726.0138 Tm
-0.0001 Tc
(Dosierung/Anwendung:)Tj
/F2 1 Tf
0 -1.2 TD
-0.0587 Tw
[(Erwachsene und Kinder über 16 Jahr)17.7(en: 1 bis 2 T)110.7(ablet-)]TJ
T*
-0.1037 Tw
(ten alle 4 bis 6 Stunden zur Schmerzlinderung nach Be-)Tj
T*
-0.0306 Tw
[(darf bis zu einer Höchstdosis von 8 T)110.7(abletten pr)17.7(o T)110.7(ag.)]TJ
T*
0.0687 Tw
(Spezielle Dosierungsanweisungen im Sinne einer Re-)Tj
T*
-0.0906 Tw
[(duktion betr)17.7(ef)17.7(fen älter)17.7(e Personen, sowie Patienten mit)]TJ
T*
-0.0306 Tw
[(Nier)17.7(en- und Leberinsuf)17.7(fizienz. )]TJ
0 -2.4 TD
0 Tw
(Die )Tj
/F4 1 Tf
1.6552 0 TD
(Kontraindikationen)Tj
/F2 1 Tf
9.4331 0 TD
-0.0115 Tw
(umfassen neben bekannter)Tj
-11.0883 -1.2 TD
-0.0479 Tw
[(Über)17.7(empfindlichkeit, akute V)54.8(e)0.1(rgiftungen mit Alkohol,)]TJ
T*
0.0947 Tw
[(Betäubungsmitteln oder ander)17.7(en psychotr)17.7(open Sub-)]TJ
T*
-0.089 Tw
[(stanzen. Fer)-17.9(ner darf T)91.7(ramacet/Zaldiar nicht verabr)17.7(eicht)]TJ
T*
-0.0511 Tw
[(wer)17.7(den, wenn innerhalb von 14 T)110.7(agen MAO-Hemmer)]TJ
T*
0.2494 Tw
[(verabr)17.7(eicht wur)17.7(den. Paracetamol ist kontraindiziert)]TJ
T*
0.1947 Tw
[(bei schwer)17.7(en Leberfunktionstörungen/Hepatitis und)]TJ
T*
0.3121 Tw
[(schwer)17.7(en Nier)17.7(enfunktionsstörungen. Die V)54.8(o)0(rsichts-)]TJ
T*
-0.0252 Tw
[(massnahmen und unerwünschten W)-24.1(irkungen sind im)]TJ
T*
-0.1093 Tw
[(wesentlichen ebenfalls dur)17.7(ch die Kombination von T)91.7(r)0.2(a-)]TJ
T*
0.0571 Tw
(madol und Paracetamol in den genannten Dosierun-)Tj
T*
0.0309 Tw
[(gen definiert. Die unerwünschten W)-24.1(irkungen umfas-)]TJ
T*
-0.0336 Tw
(sen sehr häufig \(>10%\): Übelkeit, Schwindel, Somno-)Tj
T*
-0.0932 Tw
(lenz und häufig \(>1%<10%\): Kopfschmerzen, Ostipa-)Tj
T*
-0.0306 Tw
[(tion, Erbr)17.7(echen und Diarrhoe.)]TJ
-24.0945 26.4001 TD
-0.0081 Tw
[(Dieses Analgetikum in T)110.7(ablettenform enthält erstmals)]TJ
0 -1.2 TD
-0.0053 Tw
(in der Schweiz die Kombination von zwei seit langem)Tj
T*
0.0267 Tw
[(bekannten Schmerzmitteln, dem Opiat T)91.7(ramadol-HCl)]TJ
T*
0.0853 Tw
(\(37.5 mg\) mit dem nicht-opioiden Paracetamol \(325)Tj
T*
-0.0975 Tw
(mg\). Die Einzelsubstanzen sind vergleichsweise niedrig)Tj
T*
0.2622 Tw
[(dosiert, ein synergistischer Ef)17.7(fekt der Kombination)]TJ
T*
-0.0204 Tw
(gegenüber den Einzelsubstanzen konnte jedoch nicht)Tj
T*
-0.0634 Tw
[(nachgewiesen wer)17.7(den. Obwohl T)91.7(ramadol ein eher ge-)]TJ
T*
-0.0197 Tw
(ringes Abhängigkeitspotential hat, erfolgte die Eintei-)Tj
T*
0.0015 Tw
(lung aufgrund des Opiatanteils in die Abgabekatego-)Tj
T*
-0.0306 Tw
(rie A \(verschärfte Rezeptpflicht\).)Tj
/F4 1 Tf
0 -2.4 TD
0 Tw
(Indikationen/Anwendungsmöglichkeiten:)Tj
/F2 1 Tf
0 -1.2 TD
0 Tc
(T)Tj
0.4082 0 TD
-0.0001 Tc
0.1009 Tw
(ramacet/Zaldiar ist für die Behandlung mässiger bis)Tj
-0.4082 -1.2 TD
0.2202 Tw
[(starker akuter Schmerzen bei ungenügender W)-24(irk-)]TJ
T*
0.0733 Tw
(samkeit nicht-opioder Analgetika bestimmt. \(geprüft)Tj
T*
-0.0717 Tw
[(wur)17.7(den Schmerzen nach Zahnextraktion und zahnchi-)]TJ
T*
-0.0306 Tw
[(rugischen Eingrif)17.7(fen\). )]TJ
/F4 1 Tf
0 -2.4 TD
-0.0369 Tc
0 Tw
(Wa)Tj
1.5189 0 TD
(r)Tj
0.4068 0 TD
-0.0001 Tc
-0.0306 Tw
[(nhinweise und V)54.8(orsichtsmassnahmen:)]TJ
/F2 1 Tf
-1.9258 -1.2 TD
-0.0538 Tw
(Das Präparat darf keinesfalls länger als unbedingt not-)Tj
T*
-0.0306 Tw
[(wendig eingenommen wer)17.7(den. )]TJ
/F4 1 Tf
11.5 0 0 11.5 42.7953 376.089 Tm
(Autorisations délivrées pour des nouveaux principes actifs:)Tj
0 -1.1304 TD
[(Autorisation parallèle de T)91.7(ramacet)]TJ
5.75 0 0 5.75 227.8915 367.1828 Tm
0 Tc
0 Tw
(®)Tj
11.5 0 0 11.5 235.334 363.089 Tm
-0.0001 Tc
-0.0306 Tw
(et de Zaldiar)Tj
5.75 0 0 5.75 302.3705 367.1828 Tm
0 Tc
0 Tw
(®)Tj
10 0 0 10 283.7403 339.7774 Tm
-0.0001 Tc
-0.0306 Tw
(Posologie/Mode d’emploi:)Tj
/F2 1 Tf
0 -1.2 TD
-0.0496 Tw
(Adultes et enfants de plus de 16 ans: 1 à 2 comprimés)Tj
T*
-0.0974 Tw
[(toutes les 4 à 6 heur)17.7(es pour soulager la douleur jusqu’à)]TJ
T*
-0.0306 Tw
[(un maximum de 8 comprimés par jour)91.7(.)]TJ
T*
-0.0935 Tw
[(Posologie réduite pour les sujets âgés et les insuf)17.7(fisants)]TJ
T*
-0.0306 Tw
(rénaux ou hépatiques. )Tj
0 -2.4 TD
-0.068 Tw
[(Au chapitr)17.7(e des )]TJ
/F4 1 Tf
6.7225 0 TD
-0.0002 Tc
0 Tw
[(contr)17.6(e-indications,)]TJ
/F2 1 Tf
8.9113 0 TD
-0.0001 Tc
-0.068 Tw
(on mentionnera,)Tj
-15.6338 -1.2 TD
0.2176 Tw
[(outr)17.7(e l’hypersensibilité connue, les intoxications ai-)]TJ
T*
0.0333 Tw
(guës en combinaison avec l’alcool, les stupéfiants ou)Tj
T*
0.2612 Tw
[(d’autr)17.7(es substances psychotr)17.7(opes. De plus, T)91.7(rama-)]TJ
T*
-0.0952 Tw
[(cet/Zaldiar ne doit pas êtr)17.7(e administré dans les deux se-)]TJ
T*
0.0022 Tw
(maines qui suivent l’administration d’inhibiteurs de la)Tj
T*
-0.108 Tw
(mono-amine-oxydase \(IMAO\). Le paracétamol est con-)Tj
T*
-0.0358 Tw
[(tr)17.7(e-indiqué en cas d’hépatite ainsi que de tr)17.7(oubles hé-)]TJ
T*
-0.0932 Tw
[(patiques ou rénaux graves. Les précautions et les ef)17.7(fets)]TJ
T*
0.021 Tw
(indésirables sont pour l’essentiel caractérisés par l’as-)Tj
T*
-0.0054 Tw
(sociation du tramadol et du paracétamol dans les do-)Tj
T*
-0.0909 Tw
[(sages connus. Les ef)17.7(fets indésirables observés sont très)]TJ
T*
0.0168 Tw
[(fréquemment des nausées, des étour)17.7(dissements, une)]TJ
T*
-0.0426 Tw
(somnolence \(>10%\), de même que fréquemment des)Tj
T*
-0.0935 Tw
(céphalées, de la constipation, des vomissements et des)Tj
T*
-0.0306 Tw
(diarrhées \(>1%<10%\).)Tj
-24.0945 26.4001 TD
-0.0959 Tw
(Il s’agit d’un analgésique sous forme de comprimés qui)Tj
0 -1.2 TD
-0.0566 Tw
[(combine pour la pr)17.7(emièr)17.7(e fois en Suisse deux substan-)]TJ
T*
0.1401 Tw
(ces analgésiques connues de longue date: l’opioïde)Tj
T*
-0.0297 Tw
(chlorhydrate de tramadol \(37.5 mg\) et le paracétamol)Tj
T*
-0.0055 Tw
(qui n’est pas un opioïde \(325 mg\). Ces deux substan-)Tj
T*
0.0657 Tw
(ces sont certes faiblement dosées, mais leur associa-)Tj
T*
-0.0726 Tw
[(tion n’induit aucun ef)17.7(fet synergique par rapport à cha-)]TJ
T*
-0.0436 Tw
[(que substance. Malgré le potentiel de dépendance r)17.7(e)-0.1(-)]TJ
T*
-0.0537 Tw
(lativement faible du tramadol, le nouvel analgésique a)Tj
T*
0.0198 Tw
[(été classé dans la catégorie de r)17.7(emise A \(or)17.7(donnance)]TJ
T*
0.0596 Tw
[(médicale non r)17.7(enouvelable\) en raison de la présence)]TJ
T*
-0.0306 Tw
(d’un opioïde.)Tj
/F4 1 Tf
0 -2.4 TD
(Indications/Possibilités d’emploi:)Tj
/F2 1 Tf
0 -1.2 TD
0 Tc
0 Tw
(T)Tj
0.4082 0 TD
-0.0001 Tc
0.1382 Tw
(ramacet/Zaldiar est destiné au traitement des dou-)Tj
-0.4082 -1.2 TD
-0.0144 Tw
[(leurs aiguës modérées à sévèr)17.7(es en cas d’ef)17.7(ficacité in-)]TJ
T*
0.4499 Tw
[(suf)17.7(fisante des analgésiques de type non-opioïde)]TJ
T*
0.0711 Tw
(\(l’examen a porté sur des douleurs après des extrac-)Tj
T*
0.0441 Tw
[(tions dentair)17.7(es et des interventions de chirurgie den-)]TJ
T*
-0.0002 Tc
0 Tw
[(tair)17.6(e\).)]TJ
/F4 1 Tf
0 -2.4 TD
-0.0001 Tc
-0.0306 Tw
[(Mises en gar)17.7(de et précautions:)]TJ
/F2 1 Tf
0 -1.2 TD
0.0317 Tw
[(La préparation ne doit en aucun cas êtr)17.7(e administrée)]TJ
T*
-0.0306 Tw
[(plus longtemps qu’il n’est strictement nécessair)17.7(e.)]TJ
ET
Q

q
1 i 
-9 851 613 -860 re
0 841 m
W n
0.03 841.02 595.02 -841.02 re
W n
BT
/F6 1 Tf
12.5 0 0 12.5 34.4488 811.7822 Tm
/Cs5 cs 0.161 0.145 0.149 sc
/GS1 gs
-0.0001 Tc
-0.0286 Tw
(Arzneimittel Nachrichten)Tj
ET
/Cs5 CS 0.161 0.145 0.149 SC
0 J 0 j 0.3 w 10 M []0 d
28.35 805.15 m
552.76 805.15 l
S
Q
q
1 i 
35.43 850.5 198.43 -24.09 re
173.457 811.782 m
W* n
-9 851 613 -860 re
0 841 m
W n
0.03 841.02 595.02 -841.02 re
W n
q
2.7718 0 0 -0.3608 0 0 cm
/Cs5 CS 0.502 0.51 0.518 SC
0 J 0 j 0.5 w 10 M []0 d
/GS1 gs
12.655 -2360.21 m
12.655 -2287.903 l
S
0.506 0.514 0.522 SC
13.121 -2360.21 m
13.121 -2287.903 l
S
0.51 0.514 0.525 SC
13.588 -2360.21 m
13.588 -2287.903 l
S
0.51 0.518 0.529 SC
14.054 -2360.21 m
14.054 -2287.903 l
S
0.514 0.522 0.529 SC
14.521 -2360.21 m
14.521 -2287.903 l
S
0.518 0.525 0.533 SC
14.987 -2360.21 m
14.987 -2287.903 l
S
0.518 0.525 0.537 SC
15.454 -2360.21 m
15.454 -2287.903 l
S
0.522 0.529 0.541 SC
15.92 -2360.21 m
15.92 -2287.903 l
S
0.525 0.533 0.541 SC
16.387 -2360.21 m
16.387 -2287.903 l
S
0.529 0.533 0.545 SC
16.853 -2360.21 m
16.853 -2287.903 l
S
0.529 0.537 0.549 SC
17.32 -2360.21 m
17.32 -2287.903 l
S
0.533 0.541 0.553 SC
17.786 -2360.21 m
17.786 -2287.903 l
S
0.537 0.545 0.553 SC
18.253 -2360.21 m
18.253 -2287.903 l
S
0.537 0.545 0.557 SC
18.719 -2360.21 m
18.719 -2287.903 l
S
0.541 0.549 0.561 SC
19.186 -2360.21 m
19.186 -2287.903 l
S
0.545 0.553 0.565 SC
19.652 -2360.21 m
19.652 -2287.903 l
S
0.549 0.557 0.565 SC
20.119 -2360.21 m
20.119 -2287.903 l
S
0.549 0.557 0.569 SC
20.585 -2360.21 m
20.585 -2287.903 l
S
0.553 0.561 0.573 SC
21.052 -2360.21 m
21.052 -2287.903 l
S
0.557 0.565 0.576 SC
21.518 -2360.21 m
21.518 -2287.903 l
S
0.561 0.569 0.576 SC
21.985 -2360.21 m
21.985 -2287.903 l
S
0.561 0.569 0.58 SC
22.451 -2360.21 m
22.451 -2287.903 l
S
0.565 0.573 0.584 SC
22.918 -2360.21 m
22.918 -2287.903 l
S
0.569 0.576 0.588 SC
23.384 -2360.21 m
23.384 -2287.903 l
S
0.573 0.58 0.588 SC
23.851 -2360.21 m
23.851 -2287.903 l
S
0.573 0.58 0.592 SC
24.317 -2360.21 m
24.317 -2287.903 l
S
0.576 0.584 0.596 SC
24.784 -2360.21 m
24.784 -2287.903 l
S
0.58 0.588 0.596 SC
25.25 -2360.21 m
25.25 -2287.903 l
S
0.584 0.592 0.6 SC
25.717 -2360.21 m
25.717 -2287.903 l
S
0.584 0.592 0.604 SC
26.183 -2360.21 m
26.183 -2287.903 l
S
0.588 0.596 0.608 SC
26.65 -2360.21 m
26.65 -2287.903 l
S
0.592 0.6 0.608 SC
27.116 -2360.21 m
27.116 -2287.903 l
S
0.596 0.604 0.612 SC
27.583 -2360.21 m
27.583 -2287.903 l
S
0.596 0.604 0.616 SC
28.049 -2360.21 m
28.049 -2287.903 l
S
0.6 0.608 0.62 SC
28.516 -2360.21 m
28.516 -2287.903 l
S
0.604 0.612 0.624 SC
28.982 -2360.21 m
28.982 -2287.903 l
S
0.608 0.616 0.624 SC
29.449 -2360.21 m
29.449 -2287.903 l
S
0.608 0.616 0.627 SC
29.915 -2360.21 m
29.915 -2287.903 l
S
0.612 0.62 0.631 SC
30.382 -2360.21 m
30.382 -2287.903 l
S
0.616 0.624 0.635 SC
30.848 -2360.21 m
30.848 -2287.903 l
S
0.62 0.627 0.635 SC
31.315 -2360.21 m
31.315 -2287.903 l
S
0.62 0.631 0.639 SC
31.781 -2360.21 m
31.781 -2287.903 l
S
0.624 0.631 0.643 SC
32.248 -2360.21 m
32.248 -2287.903 l
S
0.627 0.635 0.647 SC
32.714 -2360.21 m
32.714 -2287.903 l
S
0.631 0.639 0.647 SC
33.181 -2360.21 m
33.181 -2287.903 l
S
0.635 0.643 0.651 SC
33.647 -2360.21 m
33.647 -2287.903 l
S
0.635 0.643 0.655 SC
34.113 -2360.21 m
34.113 -2287.903 l
S
0.639 0.647 0.659 SC
34.58 -2360.21 m
34.58 -2287.903 l
S
0.643 0.651 0.663 SC
35.046 -2360.21 m
35.046 -2287.903 l
S
0.647 0.655 0.663 SC
35.513 -2360.21 m
35.513 -2287.903 l
S
0.651 0.659 0.667 SC
35.979 -2360.21 m
35.979 -2287.903 l
S
0.651 0.659 0.671 SC
36.446 -2360.21 m
36.446 -2287.903 l
S
0.655 0.663 0.675 SC
36.912 -2360.21 m
36.912 -2287.903 l
S
0.659 0.667 0.678 SC
37.379 -2360.21 m
37.379 -2287.903 l
S
0.663 0.671 0.678 SC
37.845 -2360.21 m
37.845 -2287.903 l
S
0.663 0.675 0.682 SC
38.312 -2360.21 m
38.312 -2287.903 l
S
0.667 0.675 0.686 SC
38.778 -2360.21 m
38.778 -2287.903 l
S
0.671 0.678 0.69 SC
39.245 -2360.21 m
39.245 -2287.903 l
S
0.675 0.682 0.69 SC
39.711 -2360.21 m
39.711 -2287.903 l
S
0.678 0.686 0.694 SC
40.178 -2360.21 m
40.178 -2287.903 l
S
0.682 0.69 0.698 SC
40.644 -2360.21 m
40.644 -2287.903 l
S
0.682 0.69 0.702 SC
41.111 -2360.21 m
41.111 -2287.903 l
S
0.686 0.694 0.706 SC
41.577 -2360.21 m
41.577 -2287.903 l
S
0.69 0.698 0.706 SC
42.044 -2360.21 m
42.044 -2287.903 l
S
0.694 0.702 0.71 SC
42.51 -2360.21 m
42.51 -2287.903 l
S
0.698 0.706 0.714 SC
42.977 -2360.21 m
42.977 -2287.903 l
S
0.698 0.706 0.718 SC
43.443 -2360.21 m
43.443 -2287.903 l
S
0.702 0.71 0.722 SC
43.91 -2360.21 m
43.91 -2287.903 l
S
0.706 0.714 0.722 SC
44.376 -2360.21 m
44.376 -2287.903 l
S
0.71 0.718 0.725 SC
44.843 -2360.21 m
44.843 -2287.903 l
S
0.714 0.722 0.729 SC
45.309 -2360.21 m
45.309 -2287.903 l
S
0.714 0.722 0.733 SC
45.776 -2360.21 m
45.776 -2287.903 l
S
0.718 0.725 0.737 SC
46.242 -2360.21 m
46.242 -2287.903 l
S
0.722 0.729 0.737 SC
46.709 -2360.21 m
46.709 -2287.903 l
S
0.725 0.733 0.741 SC
47.175 -2360.21 m
47.175 -2287.903 l
S
0.729 0.737 0.745 SC
47.642 -2360.21 m
47.642 -2287.903 l
S
0.733 0.741 0.749 SC
48.108 -2360.21 m
48.108 -2287.903 l
S
0.733 0.741 0.753 SC
48.575 -2360.21 m
48.575 -2287.903 l
49.041 -2360.21 m
49.041 -2287.903 l
S
0.737 0.745 0.753 SC
49.508 -2360.21 m
49.508 -2287.903 l
S
0.741 0.749 0.757 SC
49.974 -2360.21 m
49.974 -2287.903 l
S
0.745 0.753 0.761 SC
50.441 -2360.21 m
50.441 -2287.903 l
S
0.749 0.757 0.765 SC
50.907 -2360.21 m
50.907 -2287.903 l
S
0.753 0.761 0.769 SC
51.374 -2360.21 m
51.374 -2287.903 l
51.84 -2360.21 m
51.84 -2287.903 l
S
0.757 0.765 0.773 SC
52.307 -2360.21 m
52.307 -2287.903 l
S
0.761 0.769 0.776 SC
52.773 -2360.21 m
52.773 -2287.903 l
S
0.765 0.773 0.78 SC
53.24 -2360.21 m
53.24 -2287.903 l
S
0.769 0.776 0.784 SC
53.706 -2360.21 m
53.706 -2287.903 l
S
0.773 0.776 0.784 SC
54.173 -2360.21 m
54.173 -2287.903 l
S
0.776 0.78 0.788 SC
54.639 -2360.21 m
54.639 -2287.903 l
S
0.776 0.784 0.792 SC
55.106 -2360.21 m
55.106 -2287.903 l
S
0.78 0.788 0.796 SC
55.572 -2360.21 m
55.572 -2287.903 l
S
0.784 0.792 0.8 SC
56.039 -2360.21 m
56.039 -2287.903 l
S
0.788 0.796 0.8 SC
56.505 -2360.21 m
56.505 -2287.903 l
S
0.792 0.796 0.804 SC
56.972 -2360.21 m
56.972 -2287.903 l
S
0.796 0.8 0.808 SC
57.438 -2360.21 m
57.438 -2287.903 l
S
0.796 0.804 0.812 SC
57.905 -2360.21 m
57.905 -2287.903 l
S
0.8 0.808 0.816 SC
58.371 -2360.21 m
58.371 -2287.903 l
S
0.804 0.812 0.816 SC
58.838 -2360.21 m
58.838 -2287.903 l
S
0.808 0.812 0.82 SC
59.304 -2360.21 m
59.304 -2287.903 l
S
0.812 0.816 0.824 SC
59.771 -2360.21 m
59.771 -2287.903 l
S
0.816 0.82 0.827 SC
60.237 -2360.21 m
60.237 -2287.903 l
S
0.816 0.824 0.831 SC
60.704 -2360.21 m
60.704 -2287.903 l
S
0.82 0.827 0.831 SC
61.17 -2360.21 m
61.17 -2287.903 l
S
0.824 0.831 0.835 SC
61.637 -2360.21 m
61.637 -2287.903 l
S
0.827 0.831 0.839 SC
62.103 -2360.21 m
62.103 -2287.903 l
S
0.831 0.835 0.843 SC
62.57 -2360.21 m
62.57 -2287.903 l
S
0.835 0.839 0.843 SC
63.036 -2360.21 m
63.036 -2287.903 l
S
0.835 0.843 0.847 SC
63.503 -2360.21 m
63.503 -2287.903 l
S
0.839 0.847 0.851 SC
63.969 -2360.21 m
63.969 -2287.903 l
S
0.843 0.847 0.855 SC
64.436 -2360.21 m
64.436 -2287.903 l
S
0.847 0.851 0.859 SC
64.902 -2360.21 m
64.902 -2287.903 l
S
0.851 0.855 0.859 SC
65.369 -2360.21 m
65.369 -2287.903 l
S
0.855 0.859 0.863 SC
65.835 -2360.21 m
65.835 -2287.903 l
S
0.855 0.863 0.867 SC
66.302 -2360.21 m
66.302 -2287.903 l
S
0.859 0.863 0.871 SC
66.768 -2360.21 m
66.768 -2287.903 l
S
0.863 0.867 0.875 SC
67.235 -2360.21 m
67.235 -2287.903 l
S
0.867 0.871 0.875 SC
67.701 -2360.21 m
67.701 -2287.903 l
S
0.871 0.875 0.878 SC
68.168 -2360.21 m
68.168 -2287.903 l
S
0.875 0.878 0.882 SC
68.634 -2360.21 m
68.634 -2287.903 l
S
0.875 0.882 0.886 SC
69.101 -2360.21 m
69.101 -2287.903 l
S
0.878 0.882 0.89 SC
69.567 -2360.21 m
69.567 -2287.903 l
S
0.882 0.886 0.89 SC
70.034 -2360.21 m
70.034 -2287.903 l
S
0.886 0.89 0.894 SC
70.5 -2360.21 m
70.5 -2287.903 l
S
0.89 0.894 0.898 SC
70.967 -2360.21 m
70.967 -2287.903 l
S
0.894 0.898 0.902 SC
71.433 -2360.21 m
71.433 -2287.903 l
S
0.898 0.898 0.902 SC
71.9 -2360.21 m
71.9 -2287.903 l
S
0.898 0.902 0.906 SC
72.366 -2360.21 m
72.366 -2287.903 l
S
0.902 0.906 0.91 SC
72.833 -2360.21 m
72.833 -2287.903 l
S
0.906 0.91 0.914 SC
73.299 -2360.21 m
73.299 -2287.903 l
S
0.91 0.914 0.918 SC
73.766 -2360.21 m
73.766 -2287.903 l
S
0.914 0.918 0.922 SC
74.232 -2360.21 m
74.232 -2287.903 l
S
0.918 0.922 0.922 SC
74.699 -2360.21 m
74.699 -2287.903 l
S
0.922 0.922 0.925 SC
75.165 -2360.21 m
75.165 -2287.903 l
S
0.922 0.925 0.929 SC
75.632 -2360.21 m
75.632 -2287.903 l
S
0.925 0.929 0.933 SC
76.098 -2360.21 m
76.098 -2287.903 l
S
0.929 0.933 0.933 SC
76.565 -2360.21 m
76.565 -2287.903 l
S
0.933 0.937 0.937 SC
77.031 -2360.21 m
77.031 -2287.903 l
S
0.937 0.937 0.941 SC
77.498 -2360.21 m
77.498 -2287.903 l
S
0.941 0.941 0.945 SC
77.964 -2360.21 m
77.964 -2287.903 l
S
0.945 0.945 0.949 SC
78.431 -2360.21 m
78.431 -2287.903 l
S
0.945 0.949 0.949 SC
78.897 -2360.21 m
78.897 -2287.903 l
S
0.949 0.953 0.953 SC
79.364 -2360.21 m
79.364 -2287.903 l
S
0.953 0.957 0.957 SC
79.83 -2360.21 m
79.83 -2287.903 l
S
0.957 0.957 0.961 SC
80.297 -2360.21 m
80.297 -2287.903 l
S
0.961 0.961 0.965 SC
80.763 -2360.21 m
80.763 -2287.903 l
S
0.965 0.965 0.969 SC
81.23 -2360.21 m
81.23 -2287.903 l
S
0.969 0.969 0.969 SC
81.696 -2360.21 m
81.696 -2287.903 l
S
0.973 0.973 0.973 SC
82.163 -2360.21 m
82.163 -2287.903 l
S
0.976 0.976 0.976 SC
82.629 -2360.21 m
82.629 -2287.903 l
S
0.98 0.98 0.984 SC
83.096 -2360.21 m
83.096 -2287.903 l
S
0.988 0.988 0.988 SC
83.562 -2360.21 m
83.562 -2287.903 l
S
0.992 0.992 0.992 SC
84.029 -2360.21 m
84.029 -2287.903 l
S
1 1 1 SC
84.495 -2360.21 m
84.495 -2287.903 l
S
Q
Q
q
1 i 
-9 851 613 -860 re
0 841 m
W n
0.03 841.02 595.02 -841.02 re
W n
/Cs5 cs 0.161 0.145 0.149 sc
/GS1 gs
0.03 841.02 35.4 -6.11 re
f
/Cs5 CS 0.161 0.145 0.149 SC
0 J 0 j 0.3 w 10 M []0 d
28.347 841.076 m
28.347 805.006 l
S
286.3 22.8 22.68 -22.8 re
f
BT
/F4 1 Tf
10 0 0 10 289.2992 7.7671 Tm
1 1 1 sc
-0.0002 Tc
0 Tw
(590)Tj
/F2 1 Tf
7 0 0 7 35.4331 17.5374 Tm
0.161 0.145 0.149 sc
-0.0001 Tc
-0.0306 Tw
[(Swissmedic Jour)-17.9(nal)-1111.9(9/2002)]TJ
/F4 1 Tf
11.5 0 0 11.5 85.0394 762.1525 Tm
[(Erstzulassung eines neuen Wirkstof)17.7(fes:)]TJ
0 -1.1304 TD
0 Tw
(Aranesp)Tj
5.75 0 0 5.75 129.7535 753.2462 Tm
0 Tc
(®)Tj
/F2 1 Tf
10 0 0 10 325.9844 725.9138 Tm
-0.0001 Tc
0.0911 Tw
(Darbepoetin ist in folgenden Situationen kontraindi-)Tj
0 -1.2 TD
-0.0199 Tw
[(ziert: Über)17.7(empfindlichkeit gegenüber Darbepoetin al-)]TJ
T*
-0.1015 Tw
(fa oder einem der sonstigen Bestandteile sowie schwer)Tj
T*
0.4921 Tw
[(kontr)17.7(ollierbar)17.7(er Bluthochdruck. W)17.7(eiter)17.7(e V)54.8(orsichts-)]TJ
T*
-0.0882 Tw
[(massnahmen sind zu beachten, insbesonder)17.7(e kann die)]TJ
T*
0.0831 Tw
[(missbräuchliche Anwendung von Aranesp dur)17.7(ch ge-)]TJ
T*
0.1032 Tw
(sunde Personen zu einem übermäßigen Anstieg des)Tj
T*
-0.1016 Tw
[(Hämatokrits führ)17.7(en. Dies kann mit lebensbedr)17.7(ohlichen)]TJ
T*
-0.0988 Tw
[(Komplikationen des kar)17.7(diovaskulär)17.7(en Systems verbun-)]TJ
T*
-0.0306 Tw
(den sein.)Tj
0 -2.4 TD
-0.025 Tw
[(Die Sicherheit von Aranesp wur)17.7(de basier)17.7(end auf einer)]TJ
0 -1.2 TD
0.1039 Tw
[(integrierten Sicherheitsdatenbank von ca. 1600  Pa-)]TJ
T*
0.0024 Tw
[(tienten mit chr)17.7(onischem Nier)17.7(enversagen \(Chr)17.7(onic Re-)]TJ
T*
0.0958 Tw
[(nal Failur)17.7(e, CRF\), welche bis zu ca. 24 Monaten be-)]TJ
T*
-0.0136 Tw
[(handelt wur)17.7(den, evaluiert. Die vorgelegten Daten aus)]TJ
T*
0.2392 Tw
[(kontr)17.7(ollierten Studien umfassen 1598 mit Aranesp)]TJ
T*
-0.1017 Tw
(und 600 mit rHU-EPO behandelte Patienten. Einige der)Tj
T*
-0.0015 Tw
[(gemeldeten unerwünschten Er)17.7(eignisse tr)17.7(eten vielfach)]TJ
T*
0.0431 Tw
(im Zusammenhang mit CRF auf oder sind häufig be-)Tj
T*
-0.0815 Tw
(obachtete Komplikationen bei der Dialyse und müssen)Tj
T*
-0.0536 Tw
(somit nicht zwingend im Zusammenhang mit der Ara-)Tj
T*
-0.02 Tw
(nesp-Therapie stehen. Die am häufigsten gemeldeten)Tj
T*
0.2374 Tw
[(schwerwiegenden unerwünschten Er)17.7(eignisse war)17.7(en)]TJ
T*
0.4975 Tw
[(Thr)17.7(ombose des Gefässzuganges, Herzinsuf)17.7(fizienz,)]TJ
T*
0.3468 Tw
(und Arrhythmien. Die am häufigsten gemeldeten)Tj
T*
0.1367 Tw
[(sonstigen unerwünschten Er)17.7(eignisse war)17.7(en Infektio-)]TJ
T*
-0.0386 Tw
(nen, Hypertonie, Hypotonie, Myalgie, Kopfschmerzen)Tj
T*
-0.0571 Tw
[(und Diarrhöe. Hypertonie, Hypotonie, Fieber)91.7(, Myalgie,)]TJ
T*
-0.0782 Tw
[(Übelkeit und Brustschmerzen war)17.7(en die häufigsten Er-)]TJ
T*
0.0204 Tw
(eignisse, die eine klinische Intervention \(z.B. Abbruch)Tj
T*
0.075 Tw
(der Behandlung, Anpassung der Dosierung oder Be-)Tj
T*
0.0048 Tw
[(handlung der Symptome\) erfor)17.7(derten. In den Studien)]TJ
T*
0.0247 Tw
(sind in der Behandlungsgruppe mit Aranesp 7% und)Tj
T*
0.0154 Tw
(derjenigen mit rHuEPO 6% der Patienten an den Fol-)Tj
T*
0.0206 Tw
[(gen der schwerwiegenden unerwünschten Er)17.7(eignisse)]TJ
T*
0 Tw
(gestorben.)Tj
0 -2.4 TD
-0.0938 Tw
(Zu Allergien und Immunogenität ist zu erwähnen, dass)Tj
0 -1.2 TD
0.0889 Tw
[(in seltenen Fällen in V)54.8(erbindung mit Aranesp mögli-)]TJ
T*
-0.0422 Tw
(che, schwerwiegende allergische Reaktionen, wie z.B.)Tj
T*
0.3681 Tw
[(Hautausschlag und Urtikaria beschrieben wur)17.7(den.)]TJ
T*
0.1575 Tw
[(Dur)17.7(ch die gr)17.7(osse Ähnlichkeit von Aranesp mit dem)]TJ
T*
0.2757 Tw
[(endogenen Erythr)17.7(opoietin besteht die theor)17.7(etische)]TJ
T*
0.0635 Tw
[(Möglichkeit der Bildung von anti-Erythr)17.7(opoetin-Anti-)]TJ
T*
-0.0306 Tw
[(körper)-17.9(n, die bisher jedoch nicht beobachtet wur)17.7(den.)]TJ
-24.0945 54.0001 TD
0 Tw
(Aranesp)Tj
5 0 0 5 120.0444 729.4464 Tm
0 Tc
(®)Tj
10 0 0 10 130.7443 725.9151 Tm
-0.0001 Tc
0.3922 Tw
[(15/25/40/60, Injektionslösung in Dur)17.7(ch-)]TJ
-4.5705 -1.2 TD
0 Tw
(stechflaschen)Tj
T*
(Aranesp)Tj
5 0 0 5 120.0444 705.4464 Tm
0 Tc
(®)Tj
10 0 0 10 127.605 701.9151 Tm
-0.0001 Tc
0.0783 Tw
(10/15/20/30/40/50/60/80/100/150/300, In-)Tj
-4.2565 -1.2 TD
-0.0306 Tw
(jektionslösung in Fertigspritzen)Tj
0 -2.4 TD
-0.085 Tw
[(Am 13. September 2002 wur)17.7(de das Präparat Aranesp)]TJ
5 0 0 5 307.812 669.4464 Tm
0 Tc
0 Tw
(®)Tj
10 0 0 10 85.0395 653.9151 Tm
-0.0001 Tc
-0.0304 Tw
[(mit dem W)-24.1(irkstof)17.7(f Darbepoetin alfa für folgende Indi-)]TJ
0 -1.2 TD
0.0476 Tw
(kation zugelassen: «Zur Behandlung von Anämie bei)Tj
T*
-0.0306 Tw
[(chr)17.7(onischer Nier)17.7(eninsuf)17.7(fizienz bei Erwachsenen».)]TJ
0 -2.4 TD
0.0581 Tw
(Darbepoetin alfa ist ein gentechnologisch hergestell-)Tj
0 -1.2 TD
-0.1033 Tw
[(tes, hochgradig ger)17.7(einigtes Glykopr)17.7(otein aus 165 Ami-)]TJ
T*
0.026 Tw
[(nosäur)17.7(en. Es wir)17.7(d aus Säugetierzellen \(CHO, Chinese)]TJ
T*
0.0571 Tw
(hamster ovary Zellen\) gewonnen, in welche das Gen)Tj
T*
-0.0084 Tw
[(für das modifizierte Erythr)17.7(opoetin dur)17.7(ch r)17.7(ekombinan-)]TJ
T*
-0.0969 Tw
[(te T)110.7(echniken eingefügt wur)17.7(de. Darbepoetin alfa unter-)]TJ
T*
0.3842 Tw
[(scheidet sich von r)17.7(ekombinantem humanem Ery-)]TJ
T*
0.3206 Tw
[(thr)17.7(opoetin dur)17.7(ch den Einbau zusätzlicher Kohlen-)]TJ
T*
0.0327 Tw
[(hydratr)17.7(este, die zu einer V)54.8(e)0.1(rgrösserung des Moleküls)]TJ
T*
0.1058 Tw
[(von 30)-139.1(000 auf 37)-139.1(000 Daltons führ)17.7(en. Darbepoetin)]TJ
T*
0.5356 Tw
[(alfa hat fünf stickstof)17.7(fgebundene Kohlenhydrat-)]TJ
T*
0.3467 Tw
[(ketten, währ)17.7(end das endogene Hormon und die)]TJ
T*
0 Tc
0 Tw
(r)Tj
0.3149 0 TD
-0.0001 Tc
0.3119 Tw
[(ekombinanten humanen Erythr)17.7(opoetine \(r)54.8(-HuEPO\))]TJ
-0.3149 -1.2 TD
0.0147 Tw
[(dr)17.7(ei derartige Ketten haben. Die zusätzlichen Zucker-)]TJ
T*
0 Tc
0 Tw
(r)Tj
0.3149 0 TD
-0.0001 Tc
0.1347 Tw
(este unterscheiden sich molekular nicht von denen)Tj
-0.3149 -1.2 TD
-0.0306 Tw
(des endogenen Hormons.)Tj
0 -2.4 TD
0.2544 Tw
[(Darbepoetin alfa stimuliert die Erythr)17.7(opoese dur)17.7(ch)]TJ
0 -1.2 TD
0.0792 Tw
(denselben Mechanismus wie das endogene Hormon)Tj
T*
0.4098 Tw
[(Erythr)17.7(opoetin. Aufgrund seines erhöhten Kohlen-)]TJ
T*
0.0021 Tw
(hydratgehalts bleibt der Spiegel von Darbepoetin alfa)Tj
T*
0.0127 Tw
[(im Blutkr)17.7(eislauf ca. 3-mal länger über der minimalen,)]TJ
T*
-0.0457 Tw
[(die Erythr)17.7(opoese stimulier)17.7(enden Konzentration als die)]TJ
T*
-0.0418 Tw
[(äquimolar)17.7(e Dosis von rHuEPO. Daher kann Darbepoe-)]TJ
T*
0.126 Tw
[(tin alfa weniger häufig verabr)17.7(eicht wer)17.7(den, um das)]TJ
T*
-0.0306 Tw
[(gleiche biologische Anspr)17.7(echen zu err)18(eichen.)]TJ
0 -2.4 TD
-0.0224 Tw
(Die Behandlung mit Aranesp enthält zwei Phasen, die)Tj
0 -1.2 TD
0.3165 Tw
[(Korr)18(ekturphase und die Erhaltungsphase: Die An-)]TJ
T*
0.0388 Tw
[(fangsdosis der 4 W)17.7(ochen dauer)-17.9(nden Korr)18(ekturphase)]TJ
T*
0.1709 Tw
[(liegt bei 0,45 µg/kg Körpergewicht als einzelne i.v)73.9(.)]TJ
T*
-0.0959 Tw
[(oder s.c. Injektion einmal pr)17.7(o W)17.7(oche. Währ)17.7(end der an-)]TJ
T*
0.2521 Tw
(schliessenden Erhaltungsphase muss die Dosierung)Tj
T*
0.1242 Tw
[(gemäss  Zielhämoglobin-konzentration über 11 g/dl)]TJ
T*
0.0115 Tw
(\(6,8 mmol/l\) für jeden Patienten individuell festgelegt)Tj
T*
-0.0138 Tw
[(wer)17.7(den. Ein Anstieg des Hämoglobinwertes um mehr)]TJ
T*
0.1077 Tw
[(als 2,5 g/dl \(1,6 mmol/l\) innerhalb von vier W)17.7(ochen)]TJ
T*
-0.0613 Tw
[(bzw)54.8(. ein Hämoglobinwert über 14 g/dl \(8,7 mmol/l\) ist)]TJ
T*
0.0545 Tw
[(zu vermeiden.  Genauer)17.7(e Einzelheiten wer)17.7(den in der)]TJ
T*
-0.0306 Tw
[(Fachinformation publiziert wer)17.7(den.)]TJ
ET
Q

q
1 i 
-9 851 613 -860 re
0 841 m
W n
0.03 841.02 595.02 -841.02 re
W n
BT
/F6 1 Tf
12.5 0 0 12.5 485.566 811.7825 Tm
/Cs5 cs 0.161 0.145 0.149 sc
/GS1 gs
-0.0001 Tc
0 Tw
(Médicaments)Tj
ET
/Cs5 CS 0.161 0.145 0.149 SC
0 J 0 j 0.3 w 10 M []0 d
42.8 805.15 m
567.2 805.15 l
S
Q
q
1 i 
361.69 850.5 198.43 -24.09 re
560.098 811.782 m
W* n
-9 851 613 -860 re
0 841 m
W n
0.03 841.02 595.02 -841.02 re
W n
q
2.7718 0 0 -0.3608 0 0 cm
/Cs5 CS 1 1 1 SC
0 J 0 j 0.5 w 10 M []0 d
/GS1 gs
130.36 -2360.21 m
130.36 -2287.903 l
S
0.992 0.992 0.992 SC
130.827 -2360.21 m
130.827 -2287.903 l
S
0.988 0.988 0.988 SC
131.293 -2360.21 m
131.293 -2287.903 l
S
0.98 0.98 0.984 SC
131.76 -2360.21 m
131.76 -2287.903 l
S
0.976 0.976 0.976 SC
132.226 -2360.21 m
132.226 -2287.903 l
S
0.973 0.973 0.973 SC
132.693 -2360.21 m
132.693 -2287.903 l
S
0.969 0.969 0.969 SC
133.159 -2360.21 m
133.159 -2287.903 l
S
0.965 0.965 0.969 SC
133.626 -2360.21 m
133.626 -2287.903 l
S
0.961 0.961 0.965 SC
134.092 -2360.21 m
134.092 -2287.903 l
S
0.957 0.957 0.961 SC
134.559 -2360.21 m
134.559 -2287.903 l
S
0.953 0.957 0.957 SC
135.025 -2360.21 m
135.025 -2287.903 l
S
0.949 0.953 0.953 SC
135.492 -2360.21 m
135.492 -2287.903 l
S
0.945 0.949 0.949 SC
135.958 -2360.21 m
135.958 -2287.903 l
S
0.945 0.945 0.949 SC
136.425 -2360.21 m
136.425 -2287.903 l
S
0.941 0.941 0.945 SC
136.891 -2360.21 m
136.891 -2287.903 l
S
0.937 0.937 0.941 SC
137.358 -2360.21 m
137.358 -2287.903 l
S
0.933 0.937 0.937 SC
137.824 -2360.21 m
137.824 -2287.903 l
S
0.929 0.933 0.933 SC
138.291 -2360.21 m
138.291 -2287.903 l
S
0.925 0.929 0.933 SC
138.757 -2360.21 m
138.757 -2287.903 l
S
0.922 0.925 0.929 SC
139.224 -2360.21 m
139.224 -2287.903 l
S
0.922 0.922 0.925 SC
139.69 -2360.21 m
139.69 -2287.903 l
S
0.918 0.922 0.922 SC
140.157 -2360.21 m
140.157 -2287.903 l
S
0.914 0.918 0.922 SC
140.623 -2360.21 m
140.623 -2287.903 l
S
0.91 0.914 0.918 SC
141.09 -2360.21 m
141.09 -2287.903 l
S
0.906 0.91 0.914 SC
141.556 -2360.21 m
141.556 -2287.903 l
S
0.902 0.906 0.91 SC
142.023 -2360.21 m
142.023 -2287.903 l
S
0.898 0.902 0.906 SC
142.489 -2360.21 m
142.489 -2287.903 l
S
0.898 0.898 0.902 SC
142.956 -2360.21 m
142.956 -2287.903 l
S
0.894 0.898 0.902 SC
143.422 -2360.21 m
143.422 -2287.903 l
S
0.89 0.894 0.898 SC
143.889 -2360.21 m
143.889 -2287.903 l
S
0.886 0.89 0.894 SC
144.355 -2360.21 m
144.355 -2287.903 l
S
0.882 0.886 0.89 SC
144.822 -2360.21 m
144.822 -2287.903 l
S
0.878 0.882 0.89 SC
145.288 -2360.21 m
145.288 -2287.903 l
S
0.875 0.882 0.886 SC
145.755 -2360.21 m
145.755 -2287.903 l
S
0.875 0.878 0.882 SC
146.221 -2360.21 m
146.221 -2287.903 l
S
0.871 0.875 0.878 SC
146.688 -2360.21 m
146.688 -2287.903 l
S
0.867 0.871 0.875 SC
147.154 -2360.21 m
147.154 -2287.903 l
S
0.863 0.867 0.875 SC
147.621 -2360.21 m
147.621 -2287.903 l
S
0.859 0.863 0.871 SC
148.087 -2360.21 m
148.087 -2287.903 l
S
0.855 0.863 0.867 SC
148.554 -2360.21 m
148.554 -2287.903 l
S
0.855 0.859 0.863 SC
149.02 -2360.21 m
149.02 -2287.903 l
S
0.851 0.855 0.859 SC
149.487 -2360.21 m
149.487 -2287.903 l
S
0.847 0.851 0.859 SC
149.953 -2360.21 m
149.953 -2287.903 l
S
0.843 0.847 0.855 SC
150.42 -2360.21 m
150.42 -2287.903 l
S
0.839 0.847 0.851 SC
150.886 -2360.21 m
150.886 -2287.903 l
S
0.835 0.843 0.847 SC
151.353 -2360.21 m
151.353 -2287.903 l
S
0.835 0.839 0.843 SC
151.819 -2360.21 m
151.819 -2287.903 l
S
0.831 0.835 0.843 SC
152.286 -2360.21 m
152.286 -2287.903 l
S
0.827 0.831 0.839 SC
152.752 -2360.21 m
152.752 -2287.903 l
S
0.824 0.831 0.835 SC
153.219 -2360.21 m
153.219 -2287.903 l
S
0.82 0.827 0.831 SC
153.685 -2360.21 m
153.685 -2287.903 l
S
0.816 0.824 0.831 SC
154.152 -2360.21 m
154.152 -2287.903 l
S
0.816 0.82 0.827 SC
154.618 -2360.21 m
154.618 -2287.903 l
S
0.812 0.816 0.824 SC
155.085 -2360.21 m
155.085 -2287.903 l
S
0.808 0.812 0.82 SC
155.551 -2360.21 m
155.551 -2287.903 l
S
0.804 0.812 0.816 SC
156.018 -2360.21 m
156.018 -2287.903 l
S
0.8 0.808 0.816 SC
156.484 -2360.21 m
156.484 -2287.903 l
S
0.796 0.804 0.812 SC
156.951 -2360.21 m
156.951 -2287.903 l
S
0.796 0.8 0.808 SC
157.417 -2360.21 m
157.417 -2287.903 l
S
0.792 0.796 0.804 SC
157.884 -2360.21 m
157.884 -2287.903 l
S
0.788 0.796 0.8 SC
158.35 -2360.21 m
158.35 -2287.903 l
S
0.784 0.792 0.8 SC
158.817 -2360.21 m
158.817 -2287.903 l
S
0.78 0.788 0.796 SC
159.283 -2360.21 m
159.283 -2287.903 l
S
0.776 0.784 0.792 SC
159.75 -2360.21 m
159.75 -2287.903 l
S
0.776 0.78 0.788 SC
160.216 -2360.21 m
160.216 -2287.903 l
S
0.773 0.776 0.784 SC
160.683 -2360.21 m
160.683 -2287.903 l
S
0.769 0.776 0.784 SC
161.149 -2360.21 m
161.149 -2287.903 l
S
0.765 0.773 0.78 SC
161.616 -2360.21 m
161.616 -2287.903 l
S
0.761 0.769 0.776 SC
162.082 -2360.21 m
162.082 -2287.903 l
S
0.757 0.765 0.773 SC
162.549 -2360.21 m
162.549 -2287.903 l
S
0.753 0.761 0.769 SC
163.015 -2360.21 m
163.015 -2287.903 l
163.482 -2360.21 m
163.482 -2287.903 l
S
0.749 0.757 0.765 SC
163.948 -2360.21 m
163.948 -2287.903 l
S
0.745 0.753 0.761 SC
164.415 -2360.21 m
164.415 -2287.903 l
S
0.741 0.749 0.757 SC
164.881 -2360.21 m
164.881 -2287.903 l
S
0.737 0.745 0.753 SC
165.348 -2360.21 m
165.348 -2287.903 l
S
0.733 0.741 0.753 SC
165.814 -2360.21 m
165.814 -2287.903 l
S
0.733 0.741 0.749 SC
166.281 -2360.21 m
166.281 -2287.903 l
166.747 -2360.21 m
166.747 -2287.903 l
S
0.729 0.737 0.745 SC
167.214 -2360.21 m
167.214 -2287.903 l
S
0.725 0.733 0.741 SC
167.68 -2360.21 m
167.68 -2287.903 l
S
0.722 0.729 0.737 SC
168.147 -2360.21 m
168.147 -2287.903 l
S
0.718 0.725 0.737 SC
168.613 -2360.21 m
168.613 -2287.903 l
S
0.714 0.722 0.733 SC
169.08 -2360.21 m
169.08 -2287.903 l
S
0.714 0.722 0.729 SC
169.546 -2360.21 m
169.546 -2287.903 l
S
0.71 0.718 0.725 SC
170.013 -2360.21 m
170.013 -2287.903 l
S
0.706 0.714 0.722 SC
170.479 -2360.21 m
170.479 -2287.903 l
S
0.702 0.71 0.722 SC
170.946 -2360.21 m
170.946 -2287.903 l
S
0.698 0.706 0.718 SC
171.412 -2360.21 m
171.412 -2287.903 l
S
0.698 0.706 0.714 SC
171.879 -2360.21 m
171.879 -2287.903 l
S
0.694 0.702 0.71 SC
172.345 -2360.21 m
172.345 -2287.903 l
S
0.69 0.698 0.706 SC
172.812 -2360.21 m
172.812 -2287.903 l
S
0.686 0.694 0.706 SC
173.278 -2360.21 m
173.278 -2287.903 l
S
0.682 0.69 0.702 SC
173.745 -2360.21 m
173.745 -2287.903 l
S
0.682 0.69 0.698 SC
174.211 -2360.21 m
174.211 -2287.903 l
S
0.678 0.686 0.694 SC
174.678 -2360.21 m
174.678 -2287.903 l
S
0.675 0.682 0.69 SC
175.144 -2360.21 m
175.144 -2287.903 l
S
0.671 0.678 0.69 SC
175.611 -2360.21 m
175.611 -2287.903 l
S
0.667 0.675 0.686 SC
176.077 -2360.21 m
176.077 -2287.903 l
S
0.663 0.675 0.682 SC
176.544 -2360.21 m
176.544 -2287.903 l
S
0.663 0.671 0.678 SC
177.01 -2360.21 m
177.01 -2287.903 l
S
0.659 0.667 0.678 SC
177.477 -2360.21 m
177.477 -2287.903 l
S
0.655 0.663 0.675 SC
177.943 -2360.21 m
177.943 -2287.903 l
S
0.651 0.659 0.671 SC
178.41 -2360.21 m
178.41 -2287.903 l
S
0.651 0.659 0.667 SC
178.876 -2360.21 m
178.876 -2287.903 l
S
0.647 0.655 0.663 SC
179.343 -2360.21 m
179.343 -2287.903 l
S
0.643 0.651 0.663 SC
179.809 -2360.21 m
179.809 -2287.903 l
S
0.639 0.647 0.659 SC
180.276 -2360.21 m
180.276 -2287.903 l
S
0.635 0.643 0.655 SC
180.742 -2360.21 m
180.742 -2287.903 l
S
0.635 0.643 0.651 SC
181.209 -2360.21 m
181.209 -2287.903 l
S
0.631 0.639 0.647 SC
181.675 -2360.21 m
181.675 -2287.903 l
S
0.627 0.635 0.647 SC
182.142 -2360.21 m
182.142 -2287.903 l
S
0.624 0.631 0.643 SC
182.608 -2360.21 m
182.608 -2287.903 l
S
0.62 0.631 0.639 SC
183.075 -2360.21 m
183.075 -2287.903 l
S
0.62 0.627 0.635 SC
183.541 -2360.21 m
183.541 -2287.903 l
S
0.616 0.624 0.635 SC
184.008 -2360.21 m
184.008 -2287.903 l
S
0.612 0.62 0.631 SC
184.474 -2360.21 m
184.474 -2287.903 l
S
0.608 0.616 0.627 SC
184.941 -2360.21 m
184.941 -2287.903 l
S
0.608 0.616 0.624 SC
185.407 -2360.21 m
185.407 -2287.903 l
S
0.604 0.612 0.624 SC
185.874 -2360.21 m
185.874 -2287.903 l
S
0.6 0.608 0.62 SC
186.34 -2360.21 m
186.34 -2287.903 l
S
0.596 0.604 0.616 SC
186.806 -2360.21 m
186.806 -2287.903 l
S
0.596 0.604 0.612 SC
187.273 -2360.21 m
187.273 -2287.903 l
S
0.592 0.6 0.608 SC
187.739 -2360.21 m
187.739 -2287.903 l
S
0.588 0.596 0.608 SC
188.206 -2360.21 m
188.206 -2287.903 l
S
0.584 0.592 0.604 SC
188.672 -2360.21 m
188.672 -2287.903 l
S
0.584 0.592 0.6 SC
189.139 -2360.21 m
189.139 -2287.903 l
S
0.58 0.588 0.596 SC
189.605 -2360.21 m
189.605 -2287.903 l
S
0.576 0.584 0.596 SC
190.072 -2360.21 m
190.072 -2287.903 l
S
0.573 0.58 0.592 SC
190.538 -2360.21 m
190.538 -2287.903 l
S
0.573 0.58 0.588 SC
191.005 -2360.21 m
191.005 -2287.903 l
S
0.569 0.576 0.588 SC
191.471 -2360.21 m
191.471 -2287.903 l
S
0.565 0.573 0.584 SC
191.938 -2360.21 m
191.938 -2287.903 l
S
0.561 0.569 0.58 SC
192.404 -2360.21 m
192.404 -2287.903 l
S
0.561 0.569 0.576 SC
192.871 -2360.21 m
192.871 -2287.903 l
S
0.557 0.565 0.576 SC
193.337 -2360.21 m
193.337 -2287.903 l
S
0.553 0.561 0.573 SC
193.804 -2360.21 m
193.804 -2287.903 l
S
0.549 0.557 0.569 SC
194.27 -2360.21 m
194.27 -2287.903 l
S
0.549 0.557 0.565 SC
194.737 -2360.21 m
194.737 -2287.903 l
S
0.545 0.553 0.565 SC
195.203 -2360.21 m
195.203 -2287.903 l
S
0.541 0.549 0.561 SC
195.67 -2360.21 m
195.67 -2287.903 l
S
0.537 0.545 0.557 SC
196.136 -2360.21 m
196.136 -2287.903 l
S
0.537 0.545 0.553 SC
196.603 -2360.21 m
196.603 -2287.903 l
S
0.533 0.541 0.553 SC
197.069 -2360.21 m
197.069 -2287.903 l
S
0.529 0.537 0.549 SC
197.536 -2360.21 m
197.536 -2287.903 l
S
0.529 0.533 0.545 SC
198.002 -2360.21 m
198.002 -2287.903 l
S
0.525 0.533 0.541 SC
198.469 -2360.21 m
198.469 -2287.903 l
S
0.522 0.529 0.541 SC
198.935 -2360.21 m
198.935 -2287.903 l
S
0.518 0.525 0.537 SC
199.402 -2360.21 m
199.402 -2287.903 l
S
0.518 0.525 0.533 SC
199.868 -2360.21 m
199.868 -2287.903 l
S
0.514 0.522 0.529 SC
200.335 -2360.21 m
200.335 -2287.903 l
S
0.51 0.518 0.529 SC
200.801 -2360.21 m
200.801 -2287.903 l
S
0.51 0.514 0.525 SC
201.268 -2360.21 m
201.268 -2287.903 l
S
0.506 0.514 0.522 SC
201.734 -2360.21 m
201.734 -2287.903 l
S
0.502 0.51 0.518 SC
202.201 -2360.21 m
202.201 -2287.903 l
S
Q
Q
q
1 i 
-9 851 613 -860 re
0 841 m
W n
0.03 841.02 595.02 -841.02 re
W n
/Cs5 cs 0.161 0.145 0.149 sc
/GS1 gs
560.12 841.02 34.93 -6.11 re
f
/Cs5 CS 0.161 0.145 0.149 SC
0 J 0 j 0.3 w 10 M []0 d
567.202 840.678 m
567.202 804.948 l
S
286.57 22.8 22.68 -22.8 re
f
BT
/F4 1 Tf
10 0 0 10 289.5747 7.7671 Tm
1 1 1 sc
-0.0002 Tc
0 Tw
(591)Tj
/F2 1 Tf
7 0 0 7 473.8676 17.5374 Tm
0.161 0.145 0.149 sc
-0.0001 Tc
-0.0306 Tw
[(Swissmedic Jour)-17.9(nal)-1111.9(9/2002)]TJ
/F4 1 Tf
11.5 0 0 11.5 42.7953 762.1034 Tm
(Autorisation délivrée pour un nouveaux principe actif:)Tj
0 -1.1304 TD
0 Tw
(Aranesp)Tj
5.75 0 0 5.75 87.5094 753.1972 Tm
0 Tc
(®)Tj
/F2 1 Tf
10 0 0 10 283.7403 727.3024 Tm
-0.0001 Tc
0.1534 Tw
[(Les contr)17.7(e-indications sont une hypersensibilité à la)]TJ
0 -1.2 TD
0.175 Tw
(darbepoïétine alfa ou à l’un de ses excipients ainsi)Tj
T*
0.0673 Tw
(qu’une hypertension artérielle mal contrôlée. Par ail-)Tj
T*
0.0636 Tw
[(leurs, d’autr)17.7(es précautions d’emploi doivent êtr)17.7(e ob-)]TJ
T*
-0.0725 Tw
[(servées. Ainsi, l’usage détour)-17.9(né d’Aranesp chez les su-)]TJ
T*
0.0486 Tw
(jets sains peut entraîner une augmentation excessive)Tj
T*
-0.0029 Tw
[(de l’hématocrite, qui peut êtr)17.7(e associée à des compli-)]TJ
T*
0.0949 Tw
[(cations car)17.7(diovasculair)17.7(es mettant en jeu le pr)17.7(onostic)]TJ
T*
0 Tw
(vital.)Tj
0 -2.4 TD
0 Tc
(L)Tj
0.346 0 TD
-0.0001 Tc
-0.014 Tw
(’innocuité d’Aranesp a été évaluée à partir d’une ba-)Tj
-0.346 -1.2 TD
-0.048 Tw
[(se de données consolidée r)17.7(egr)17.7(oupant les informations)]TJ
T*
-0.0424 Tw
[(d’envir)17.7(on 1600 patients souf)17.7(frant d’insuf)17.7(fisance réna-)]TJ
T*
-0.073 Tw
[(le chr)17.7(onique \(Chr)17.7(onic Renal Failur)17.7(e, CRF\) et qui ont été)]TJ
T*
-0.0864 Tw
[(traités avec Aranesp pendant envir)17.7(on 24 mois. Les étu-)]TJ
T*
-0.0333 Tw
(des contrôlées à partir desquelles ces données ont été)Tj
T*
-0.0223 Tw
(obtenues ont inclus 1598 patients traités par Aranesp)Tj
T*
-0.0309 Tw
[(et 600 par la r)54.8(-HuEPO. Certains des ef)17.7(fets indésirables)]TJ
T*
-0.0379 Tw
[(rapportés sont liés à la pathologie des patients insuf)17.7(fi-)]TJ
T*
-0.0988 Tw
[(sants rénaux chr)17.7(oniques ou sont des complications fré-)]TJ
T*
0.1123 Tw
(quentes de la dialyse, si bien qu’ils ne résultent pas)Tj
T*
0.1536 Tw
[(obligatoir)17.7(ement du traitement par Aranesp. Par ail-)]TJ
T*
-0.0725 Tw
[(leurs, les ef)17.7(fets indésirables graves les plus souvent ob-)]TJ
T*
0.0628 Tw
[(servés étaient la thr)17.7(ombose vasculair)17.7(e au point d’ac-)]TJ
T*
-0.109 Tw
[(cès, l’insuf)17.7(fisance car)17.7(diaque et les arythmies. Les autr)17.7(es)]TJ
T*
0.0333 Tw
[(ef)17.7(fets indésirables les plus couramment signalés étai-)]TJ
T*
-0.0902 Tw
(ent les suivants: infections, hypertonie, hypotonie, my-)Tj
T*
0.0764 Tw
(algie, céphalée et diarrhée. Par ailleurs, l’hypertonie,)Tj
T*
-0.1014 Tw
[(l’hypotonie, la fièvr)17.7(e, la myalgie, les nausées et les dou-)]TJ
T*
0.0259 Tw
(leurs thoraciques étaient les motifs les plus fréquents)Tj
T*
0.1228 Tw
(d’intervention clinique \(p. ex. interruption du traite-)Tj
T*
0.1048 Tw
(ment, adaptation de la posologie ou traitement des)Tj
T*
-0.0504 Tw
[(symptômes\). Enfin, 7% des patients r)17.7(ecevant Aranesp)]TJ
T*
-0.0487 Tw
[(et 6% de ceux traités par la r)54.8(-HuEPO sont décédés des)]TJ
T*
-0.0412 Tw
[(suites d’ef)17.7(fets indésirables graves pendant ces études.)]TJ
0 -2.4 TD
0.0323 Tw
(Il convient de mentionner au sujet des allergies et de)Tj
0 -1.2 TD
0.0886 Tw
[(l’immunogénicité de cette préparation, que de rar)17.7(es)]TJ
T*
-0.04 Tw
(cas de réactions allergiques graves \(p. ex. éruption cu-)Tj
T*
0.0113 Tw
[(tanée et urticair)17.7(e\) ont été décrits lors d’un traitement)]TJ
T*
0.08 Tw
[(par Aranesp. En raison de la grande similitude entr)17.7(e)]TJ
T*
0.1069 Tw
[(l’érythr)17.7(opoïétine endogène et Aranesp, il est théori-)]TJ
T*
-0.0051 Tw
[(quement possible que des anticorps anti-érythr)17.7(opoïé-)]TJ
T*
-0.0993 Tw
[(tine soient pr)17.7(oduits, même si cela n’a encor)17.7(e jamais été)]TJ
T*
0 Tw
(observé.)Tj
-24.0945 52.8001 TD
(Aranesp)Tj
5 0 0 5 77.8003 730.8348 Tm
0 Tc
(®)Tj
10 0 0 10 84.2721 727.3037 Tm
-0.0001 Tc
-0.0306 Tw
(15/25/40/60, solution injectable en flacon)Tj
-4.1477 -1.2 TD
0 Tw
(Aranesp)Tj
5 0 0 5 77.8003 718.8348 Tm
0 Tc
(®)Tj
10 0 0 10 84.526 715.3037 Tm
-0.0001 Tc
-0.0052 Tw
(10/15/20/30/40/50/60/80/100/150/300, so-)Tj
-4.173 -1.2 TD
-0.0306 Tw
(lution injectable en seringue prête à l’emploi)Tj
0 -2.4 TD
-0.066 Tw
(La préparation Aranesp)Tj
5 0 0 5 140.9143 682.8348 Tm
0 Tc
0 Tw
(®)Tj
10 0 0 10 144.9133 679.3037 Tm
-0.0001 Tc
-0.066 Tw
(, comportant comme principe)Tj
-10.2118 -1.2 TD
-0.1026 Tw
(actif la darbepoïétine alfa a obtenu une autorisation de)Tj
T*
0.0176 Tw
[(mise sur le mar)17.7(ché le 13 septembr)17.7(e 2002 pour l’indi-)]TJ
T*
-0.0323 Tw
[(cation suivante: «T)91.7(raitement de l’anémie liée à l’insuf-)]TJ
T*
-0.0306 Tw
[(fisance rénale chr)17.7(onique chez l’adulte».)]TJ
0 -2.4 TD
-0.1059 Tw
[(La darbepoïétine alfa est une glycopr)17.7(otéine hautement)]TJ
0 -1.2 TD
-0.078 Tw
(purifiée, obtenue par génie génétique et composée de)Tj
T*
-0.0583 Tw
[(165 acides aminés. Elle est pr)17.7(oduite à partir de cellules)]TJ
T*
-0.0038 Tw
[(de mammifèr)17.7(es \(CHO, cellules ovariennes de hamster)]TJ
T*
-0.0595 Tw
[(chinois\) dans lesquelles le gène codant une érythr)17.7(opo-)]TJ
T*
-0.0448 Tw
[(ïétine modifiée est intr)17.7(oduit par la technique de l’ADN)]TJ
T*
0 Tc
0 Tw
(r)Tj
0.3149 0 TD
-0.0001 Tc
0.0947 Tw
[(ecombinant. La darbepoïétine alfa se dif)17.7(fér)17.7(encie de)]TJ
-0.3149 -1.2 TD
0.1976 Tw
[(l’érythr)17.7(opoïétine humaine r)17.7(ecombinante par l’intr)17.7(o-)]TJ
T*
0.1913 Tw
(duction de résidus glucidiques additionnels, celle-ci)Tj
T*
-0.0412 Tw
[(entraînant une augmentation de la masse moléculair)17.7(e)]TJ
T*
-0.0826 Tw
(de 30 000 à 37 000 daltons. La darbepoïétine alfa pos-)Tj
T*
0.0297 Tw
(sède cinq chaînes N-glycosylées, alors que l’hormone)Tj
T*
-0.0297 Tw
[(endogène et l’érythr)17.7(opoïétine humaine r)17.7(ecombinante)]TJ
T*
0.0754 Tw
[(\(r)54.8(-HuEPO\) n’en ont que tr)17.7(ois. Les résidus glucidiques)]TJ
T*
0.0097 Tw
[(additionnels ne se dif)17.7(fér)17.7(encient pas par leur structur)17.7(e)]TJ
T*
-0.1063 Tw
[(moléculair)17.7(e de ceux présents sur l’hormone endogène. )]TJ
0 -2.4 TD
0.1999 Tw
[(La darbepoïétine alfa stimule l’érythr)17.7(opoïèse par le)]TJ
0 -1.2 TD
0.0581 Tw
(même mécanisme que l’hormone endogène, l’éryth-)Tj
T*
0 Tc
0 Tw
(r)Tj
0.3149 0 TD
-0.0001 Tc
0.213 Tw
[(opoïétine. Par rapport à une dose équimolair)17.7(e de )]TJ
-0.3149 -1.2 TD
0 Tc
0 Tw
(r)Tj
0.2778 0 TD
-0.0001 Tc
0.0484 Tw
(-HuEPO, la concentration de darbepoïétine alfa san-)Tj
-0.2778 -1.2 TD
0.0688 Tw
(guine, en raison de la plus grande teneur en résidus)Tj
T*
-0.0334 Tw
[(glucidiques de cette pr)17.7(otéine, r)17.7(este envir)17.7(on 3 fois plus)]TJ
T*
-0.0502 Tw
[(longtemps supérieur)17.7(e à la concentration minimale né-)]TJ
T*
-0.0261 Tw
[(cessair)17.7(e à l’érythr)17.7(opoïèse. C’est pour)17.7(quoi une admini-)]TJ
T*
-0.081 Tw
(stration moins fréquente de darbepoïétine alfa permet)Tj
T*
-0.0306 Tw
(d’obtenir une même activité biologique.)Tj
0 -2.4 TD
-0.0726 Tw
(Le traitement par Aranesp est divisé en deux phases, la)Tj
0 -1.2 TD
-0.0352 Tw
[(phase corr)18(ectrice et la phase d’entr)17.7(etien: La dose initi-)]TJ
T*
-0.0578 Tw
[(ale, administrée par voie i.v)73.9(. ou s.c. une fois par semai-)]TJ
T*
0.036 Tw
[(ne pendant les 4 semaines que dur)17.7(e la phase corr)18(e)0.1(c-)]TJ
T*
0.0092 Tw
[(trice, est de 0,45 µg/kg de poids corpor)17.7(el. Pendant la)]TJ
T*
-0.0169 Tw
[(phase d’entr)17.7(etien, la dose administrée doit êtr)17.7(e adap-)]TJ
T*
0.0143 Tw
[(tée individuellement pour chaque patient de manièr)17.7(e)]TJ
T*
-0.0313 Tw
(à obtenir une concentration d’hémoglobine supérieu-)Tj
T*
-0.0181 Tc
0 Tw
(re)Tj
0.8148 0 TD
( )Tj
0.2342 0 TD
-0.0001 Tc
-0.0437 Tw
(à 11 g/dl \(6,8 mmol/l\). Mais il faut éviter que le taux)Tj
-1.049 -1.2 TD
0.2071 Tw
(d’hémoglobine augmente de plus de 2,5 g/dl \(1,6)Tj
T*
-0.0657 Tw
(mmol/l\) sur 4 semaines ou qu’il soit supérieur à 14 g/dl)Tj
T*
-0.0514 Tw
[(\(8,7 mmol/l\). De plus amples informations ser)17.7(ont don-)]TJ
T*
-0.0306 Tw
[(nées dans l’information pr)17.7(ofessionnelle.)]TJ
ET
Q

q
1 i 
-9 851 613 -860 re
0 841 m
W n
0.03 841.02 595.02 -841.02 re
W n
BT
/F6 1 Tf
12.5 0 0 12.5 34.4488 811.7822 Tm
/Cs5 cs 0.161 0.145 0.149 sc
/GS1 gs
-0.0001 Tc
-0.0286 Tw
(Regulatory News)Tj
ET
/Cs5 CS 0.161 0.145 0.149 SC
0 J 0 j 0.3 w 10 M []0 d
28.35 805.15 m
552.76 805.15 l
S
Q
q
1 i 
35.43 850.5 198.43 -24.09 re
129.467 811.782 m
W* n
-9 851 613 -860 re
0 841 m
W n
0.03 841.02 595.02 -841.02 re
W n
q
2.7718 0 0 -0.3608 0 0 cm
/Cs5 CS 0.502 0.51 0.518 SC
0 J 0 j 0.5 w 10 M []0 d
/GS1 gs
12.655 -2360.21 m
12.655 -2287.903 l
S
0.506 0.514 0.522 SC
13.121 -2360.21 m
13.121 -2287.903 l
S
0.51 0.514 0.525 SC
13.588 -2360.21 m
13.588 -2287.903 l
S
0.51 0.518 0.529 SC
14.054 -2360.21 m
14.054 -2287.903 l
S
0.514 0.522 0.529 SC
14.521 -2360.21 m
14.521 -2287.903 l
S
0.518 0.525 0.533 SC
14.987 -2360.21 m
14.987 -2287.903 l
S
0.518 0.525 0.537 SC
15.454 -2360.21 m
15.454 -2287.903 l
S
0.522 0.529 0.541 SC
15.92 -2360.21 m
15.92 -2287.903 l
S
0.525 0.533 0.541 SC
16.387 -2360.21 m
16.387 -2287.903 l
S
0.529 0.533 0.545 SC
16.853 -2360.21 m
16.853 -2287.903 l
S
0.529 0.537 0.549 SC
17.32 -2360.21 m
17.32 -2287.903 l
S
0.533 0.541 0.553 SC
17.786 -2360.21 m
17.786 -2287.903 l
S
0.537 0.545 0.553 SC
18.253 -2360.21 m
18.253 -2287.903 l
S
0.537 0.545 0.557 SC
18.719 -2360.21 m
18.719 -2287.903 l
S
0.541 0.549 0.561 SC
19.186 -2360.21 m
19.186 -2287.903 l
S
0.545 0.553 0.565 SC
19.652 -2360.21 m
19.652 -2287.903 l
S
0.549 0.557 0.565 SC
20.119 -2360.21 m
20.119 -2287.903 l
S
0.549 0.557 0.569 SC
20.585 -2360.21 m
20.585 -2287.903 l
S
0.553 0.561 0.573 SC
21.052 -2360.21 m
21.052 -2287.903 l
S
0.557 0.565 0.576 SC
21.518 -2360.21 m
21.518 -2287.903 l
S
0.561 0.569 0.576 SC
21.985 -2360.21 m
21.985 -2287.903 l
S
0.561 0.569 0.58 SC
22.451 -2360.21 m
22.451 -2287.903 l
S
0.565 0.573 0.584 SC
22.918 -2360.21 m
22.918 -2287.903 l
S
0.569 0.576 0.588 SC
23.384 -2360.21 m
23.384 -2287.903 l
S
0.573 0.58 0.588 SC
23.851 -2360.21 m
23.851 -2287.903 l
S
0.573 0.58 0.592 SC
24.317 -2360.21 m
24.317 -2287.903 l
S
0.576 0.584 0.596 SC
24.784 -2360.21 m
24.784 -2287.903 l
S
0.58 0.588 0.596 SC
25.25 -2360.21 m
25.25 -2287.903 l
S
0.584 0.592 0.6 SC
25.717 -2360.21 m
25.717 -2287.903 l
S
0.584 0.592 0.604 SC
26.183 -2360.21 m
26.183 -2287.903 l
S
0.588 0.596 0.608 SC
26.65 -2360.21 m
26.65 -2287.903 l
S
0.592 0.6 0.608 SC
27.116 -2360.21 m
27.116 -2287.903 l
S
0.596 0.604 0.612 SC
27.583 -2360.21 m
27.583 -2287.903 l
S
0.596 0.604 0.616 SC
28.049 -2360.21 m
28.049 -2287.903 l
S
0.6 0.608 0.62 SC
28.516 -2360.21 m
28.516 -2287.903 l
S
0.604 0.612 0.624 SC
28.982 -2360.21 m
28.982 -2287.903 l
S
0.608 0.616 0.624 SC
29.449 -2360.21 m
29.449 -2287.903 l
S
0.608 0.616 0.627 SC
29.915 -2360.21 m
29.915 -2287.903 l
S
0.612 0.62 0.631 SC
30.382 -2360.21 m
30.382 -2287.903 l
S
0.616 0.624 0.635 SC
30.848 -2360.21 m
30.848 -2287.903 l
S
0.62 0.627 0.635 SC
31.315 -2360.21 m
31.315 -2287.903 l
S
0.62 0.631 0.639 SC
31.781 -2360.21 m
31.781 -2287.903 l
S
0.624 0.631 0.643 SC
32.248 -2360.21 m
32.248 -2287.903 l
S
0.627 0.635 0.647 SC
32.714 -2360.21 m
32.714 -2287.903 l
S
0.631 0.639 0.647 SC
33.181 -2360.21 m
33.181 -2287.903 l
S
0.635 0.643 0.651 SC
33.647 -2360.21 m
33.647 -2287.903 l
S
0.635 0.643 0.655 SC
34.113 -2360.21 m
34.113 -2287.903 l
S
0.639 0.647 0.659 SC
34.58 -2360.21 m
34.58 -2287.903 l
S
0.643 0.651 0.663 SC
35.046 -2360.21 m
35.046 -2287.903 l
S
0.647 0.655 0.663 SC
35.513 -2360.21 m
35.513 -2287.903 l
S
0.651 0.659 0.667 SC
35.979 -2360.21 m
35.979 -2287.903 l
S
0.651 0.659 0.671 SC
36.446 -2360.21 m
36.446 -2287.903 l
S
0.655 0.663 0.675 SC
36.912 -2360.21 m
36.912 -2287.903 l
S
0.659 0.667 0.678 SC
37.379 -2360.21 m
37.379 -2287.903 l
S
0.663 0.671 0.678 SC
37.845 -2360.21 m
37.845 -2287.903 l
S
0.663 0.675 0.682 SC
38.312 -2360.21 m
38.312 -2287.903 l
S
0.667 0.675 0.686 SC
38.778 -2360.21 m
38.778 -2287.903 l
S
0.671 0.678 0.69 SC
39.245 -2360.21 m
39.245 -2287.903 l
S
0.675 0.682 0.69 SC
39.711 -2360.21 m
39.711 -2287.903 l
S
0.678 0.686 0.694 SC
40.178 -2360.21 m
40.178 -2287.903 l
S
0.682 0.69 0.698 SC
40.644 -2360.21 m
40.644 -2287.903 l
S
0.682 0.69 0.702 SC
41.111 -2360.21 m
41.111 -2287.903 l
S
0.686 0.694 0.706 SC
41.577 -2360.21 m
41.577 -2287.903 l
S
0.69 0.698 0.706 SC
42.044 -2360.21 m
42.044 -2287.903 l
S
0.694 0.702 0.71 SC
42.51 -2360.21 m
42.51 -2287.903 l
S
0.698 0.706 0.714 SC
42.977 -2360.21 m
42.977 -2287.903 l
S
0.698 0.706 0.718 SC
43.443 -2360.21 m
43.443 -2287.903 l
S
0.702 0.71 0.722 SC
43.91 -2360.21 m
43.91 -2287.903 l
S
0.706 0.714 0.722 SC
44.376 -2360.21 m
44.376 -2287.903 l
S
0.71 0.718 0.725 SC
44.843 -2360.21 m
44.843 -2287.903 l
S
0.714 0.722 0.729 SC
45.309 -2360.21 m
45.309 -2287.903 l
S
0.714 0.722 0.733 SC
45.776 -2360.21 m
45.776 -2287.903 l
S
0.718 0.725 0.737 SC
46.242 -2360.21 m
46.242 -2287.903 l
S
0.722 0.729 0.737 SC
46.709 -2360.21 m
46.709 -2287.903 l
S
0.725 0.733 0.741 SC
47.175 -2360.21 m
47.175 -2287.903 l
S
0.729 0.737 0.745 SC
47.642 -2360.21 m
47.642 -2287.903 l
S
0.733 0.741 0.749 SC
48.108 -2360.21 m
48.108 -2287.903 l
S
0.733 0.741 0.753 SC
48.575 -2360.21 m
48.575 -2287.903 l
49.041 -2360.21 m
49.041 -2287.903 l
S
0.737 0.745 0.753 SC
49.508 -2360.21 m
49.508 -2287.903 l
S
0.741 0.749 0.757 SC
49.974 -2360.21 m
49.974 -2287.903 l
S
0.745 0.753 0.761 SC
50.441 -2360.21 m
50.441 -2287.903 l
S
0.749 0.757 0.765 SC
50.907 -2360.21 m
50.907 -2287.903 l
S
0.753 0.761 0.769 SC
51.374 -2360.21 m
51.374 -2287.903 l
51.84 -2360.21 m
51.84 -2287.903 l
S
0.757 0.765 0.773 SC
52.307 -2360.21 m
52.307 -2287.903 l
S
0.761 0.769 0.776 SC
52.773 -2360.21 m
52.773 -2287.903 l
S
0.765 0.773 0.78 SC
53.24 -2360.21 m
53.24 -2287.903 l
S
0.769 0.776 0.784 SC
53.706 -2360.21 m
53.706 -2287.903 l
S
0.773 0.776 0.784 SC
54.173 -2360.21 m
54.173 -2287.903 l
S
0.776 0.78 0.788 SC
54.639 -2360.21 m
54.639 -2287.903 l
S
0.776 0.784 0.792 SC
55.106 -2360.21 m
55.106 -2287.903 l
S
0.78 0.788 0.796 SC
55.572 -2360.21 m
55.572 -2287.903 l
S
0.784 0.792 0.8 SC
56.039 -2360.21 m
56.039 -2287.903 l
S
0.788 0.796 0.8 SC
56.505 -2360.21 m
56.505 -2287.903 l
S
0.792 0.796 0.804 SC
56.972 -2360.21 m
56.972 -2287.903 l
S
0.796 0.8 0.808 SC
57.438 -2360.21 m
57.438 -2287.903 l
S
0.796 0.804 0.812 SC
57.905 -2360.21 m
57.905 -2287.903 l
S
0.8 0.808 0.816 SC
58.371 -2360.21 m
58.371 -2287.903 l
S
0.804 0.812 0.816 SC
58.838 -2360.21 m
58.838 -2287.903 l
S
0.808 0.812 0.82 SC
59.304 -2360.21 m
59.304 -2287.903 l
S
0.812 0.816 0.824 SC
59.771 -2360.21 m
59.771 -2287.903 l
S
0.816 0.82 0.827 SC
60.237 -2360.21 m
60.237 -2287.903 l
S
0.816 0.824 0.831 SC
60.704 -2360.21 m
60.704 -2287.903 l
S
0.82 0.827 0.831 SC
61.17 -2360.21 m
61.17 -2287.903 l
S
0.824 0.831 0.835 SC
61.637 -2360.21 m
61.637 -2287.903 l
S
0.827 0.831 0.839 SC
62.103 -2360.21 m
62.103 -2287.903 l
S
0.831 0.835 0.843 SC
62.57 -2360.21 m
62.57 -2287.903 l
S
0.835 0.839 0.843 SC
63.036 -2360.21 m
63.036 -2287.903 l
S
0.835 0.843 0.847 SC
63.503 -2360.21 m
63.503 -2287.903 l
S
0.839 0.847 0.851 SC
63.969 -2360.21 m
63.969 -2287.903 l
S
0.843 0.847 0.855 SC
64.436 -2360.21 m
64.436 -2287.903 l
S
0.847 0.851 0.859 SC
64.902 -2360.21 m
64.902 -2287.903 l
S
0.851 0.855 0.859 SC
65.369 -2360.21 m
65.369 -2287.903 l
S
0.855 0.859 0.863 SC
65.835 -2360.21 m
65.835 -2287.903 l
S
0.855 0.863 0.867 SC
66.302 -2360.21 m
66.302 -2287.903 l
S
0.859 0.863 0.871 SC
66.768 -2360.21 m
66.768 -2287.903 l
S
0.863 0.867 0.875 SC
67.235 -2360.21 m
67.235 -2287.903 l
S
0.867 0.871 0.875 SC
67.701 -2360.21 m
67.701 -2287.903 l
S
0.871 0.875 0.878 SC
68.168 -2360.21 m
68.168 -2287.903 l
S
0.875 0.878 0.882 SC
68.634 -2360.21 m
68.634 -2287.903 l
S
0.875 0.882 0.886 SC
69.101 -2360.21 m
69.101 -2287.903 l
S
0.878 0.882 0.89 SC
69.567 -2360.21 m
69.567 -2287.903 l
S
0.882 0.886 0.89 SC
70.034 -2360.21 m
70.034 -2287.903 l
S
0.886 0.89 0.894 SC
70.5 -2360.21 m
70.5 -2287.903 l
S
0.89 0.894 0.898 SC
70.967 -2360.21 m
70.967 -2287.903 l
S
0.894 0.898 0.902 SC
71.433 -2360.21 m
71.433 -2287.903 l
S
0.898 0.898 0.902 SC
71.9 -2360.21 m
71.9 -2287.903 l
S
0.898 0.902 0.906 SC
72.366 -2360.21 m
72.366 -2287.903 l
S
0.902 0.906 0.91 SC
72.833 -2360.21 m
72.833 -2287.903 l
S
0.906 0.91 0.914 SC
73.299 -2360.21 m
73.299 -2287.903 l
S
0.91 0.914 0.918 SC
73.766 -2360.21 m
73.766 -2287.903 l
S
0.914 0.918 0.922 SC
74.232 -2360.21 m
74.232 -2287.903 l
S
0.918 0.922 0.922 SC
74.699 -2360.21 m
74.699 -2287.903 l
S
0.922 0.922 0.925 SC
75.165 -2360.21 m
75.165 -2287.903 l
S
0.922 0.925 0.929 SC
75.632 -2360.21 m
75.632 -2287.903 l
S
0.925 0.929 0.933 SC
76.098 -2360.21 m
76.098 -2287.903 l
S
0.929 0.933 0.933 SC
76.565 -2360.21 m
76.565 -2287.903 l
S
0.933 0.937 0.937 SC
77.031 -2360.21 m
77.031 -2287.903 l
S
0.937 0.937 0.941 SC
77.498 -2360.21 m
77.498 -2287.903 l
S
0.941 0.941 0.945 SC
77.964 -2360.21 m
77.964 -2287.903 l
S
0.945 0.945 0.949 SC
78.431 -2360.21 m
78.431 -2287.903 l
S
0.945 0.949 0.949 SC
78.897 -2360.21 m
78.897 -2287.903 l
S
0.949 0.953 0.953 SC
79.364 -2360.21 m
79.364 -2287.903 l
S
0.953 0.957 0.957 SC
79.83 -2360.21 m
79.83 -2287.903 l
S
0.957 0.957 0.961 SC
80.297 -2360.21 m
80.297 -2287.903 l
S
0.961 0.961 0.965 SC
80.763 -2360.21 m
80.763 -2287.903 l
S
0.965 0.965 0.969 SC
81.23 -2360.21 m
81.23 -2287.903 l
S
0.969 0.969 0.969 SC
81.696 -2360.21 m
81.696 -2287.903 l
S
0.973 0.973 0.973 SC
82.163 -2360.21 m
82.163 -2287.903 l
S
0.976 0.976 0.976 SC
82.629 -2360.21 m
82.629 -2287.903 l
S
0.98 0.98 0.984 SC
83.096 -2360.21 m
83.096 -2287.903 l
S
0.988 0.988 0.988 SC
83.562 -2360.21 m
83.562 -2287.903 l
S
0.992 0.992 0.992 SC
84.029 -2360.21 m
84.029 -2287.903 l
S
1 1 1 SC
84.495 -2360.21 m
84.495 -2287.903 l
S
Q
Q
q
1 i 
-9 851 613 -860 re
0 841 m
W n
0.03 841.02 595.02 -841.02 re
W n
/Cs5 cs 0.161 0.145 0.149 sc
/GS1 gs
0.03 841.02 35.4 -6.11 re
f
/Cs5 CS 0.161 0.145 0.149 SC
0 J 0 j 0.3 w 10 M []0 d
28.347 841.076 m
28.347 805.006 l
S
286.3 22.8 22.68 -22.8 re
f
BT
/F4 1 Tf
10 0 0 10 289.2992 7.7671 Tm
1 1 1 sc
-0.0002 Tc
0 Tw
(592)Tj
/F2 1 Tf
7 0 0 7 35.4331 17.5374 Tm
0.161 0.145 0.149 sc
-0.0001 Tc
-0.0306 Tw
[(Swissmedic Jour)-17.9(nal)-1111.9(9/2002)]TJ
/F4 1 Tf
11.5 0 0 11.5 85.0394 761.9525 Tm
[(Änderungen bei Arzneimitteln: Swissmedic konkr)17.7(etisiert die Gesuchstypen)]TJ
/F2 1 Tf
10 0 0 10 325.9844 739.7139 Tm
0.0451 Tw
[(Im W)17.7(eiter)17.7(en finden Sie nachstehend eine )]TJ
/F4 1 Tf
18.0114 0 TD
-0.0002 Tc
0 Tw
(Anleitung)Tj
/F2 1 Tf
-18.0114 -1.2 TD
-0.0001 Tc
-0.069 Tw
[(für die meldepflichtigen Änderungen mit den entspr)17.7(e-)]TJ
T*
0.0715 Tw
[(chenden Bedingungen und der einzur)17.7(eichenden Do-)]TJ
T*
0.1963 Tw
(kumentation sowie das neue )Tj
/F4 1 Tf
13.3418 0 TD
0 Tw
(Formular)Tj
/F2 1 Tf
4.6964 0 TD
0.1963 Tw
(für melde-)Tj
-18.0382 -1.2 TD
-0.0536 Tw
(pflichtige Änderungen. Für jedes Präparat muss dieses)Tj
T*
0.1616 Tw
[(Formular separat ausgefüllt wer)17.7(den. Anzeigen über)]TJ
T*
-0.0263 Tw
(beabsichtigte Änderungen können von jetzt an depo-)Tj
T*
0.2115 Tw
[(niert wer)17.7(den. Gemäss Arzneimittelver)17.7(or)17.7(dnung \(Art.)]TJ
T*
-0.0591 Tw
[(11\) wir)17.7(d Swissmedic innerhalb von 30 T)110.7(agen nach Ein-)]TJ
T*
-0.0305 Tw
(gang der Anzeige allfällige Einwände erheben. )Tj
0 -2.4 TD
0.4284 Tw
(Bei einigen genehmigungspflichtigen Änderungen)Tj
0 -1.2 TD
0.1057 Tw
[(können Sammelgesuche gestellt wer)17.7(den. Es handelt)]TJ
T*
0.0428 Tw
(sich dabei um Gesuche, bei denen die gleiche Ände-)Tj
T*
0.199 Tw
[(rung bei mehr)17.7(er)17.7(en Arzneimitteln gleichzeitig bean-)]TJ
T*
-0.0167 Tw
[(tragt wir)17.7(d. Hierzu wur)17.7(de keine separate Anleitung er-)]TJ
T*
0.0469 Tw
[(stellt. Die folgenden administrativen V)54.8(o)0.2(rgaben sollen)]TJ
T*
-0.0306 Tw
[(indes die Bearbeitung für alle Beteiligen erleichter)-17.9(n:)]TJ
0 -2.4 TD
0 Tc
0 Tw
(–)Tj
0.8504 0 TD
-0.0001 Tc
0.0659 Tw
[(Für jedes betr)17.7(of)17.7(fene Arzneimittel ist im Betr)17.7(ef)17.7(f des)]TJ
0 -1.2 TD
0.2119 Tw
(Begleitbriefes neben dem Namen und der Zulas-)Tj
T*
0.0041 Tw
[(sungsnummer \(falls ber)17.7(eits bekannt\) auch der A)67.7(TC-)]TJ
T*
-0.0237 Tw
(Code und die zuständige Swissmedic-Abteilung an-)Tj
T*
0 Tw
(zugeben.)Tj
-0.8504 -1.2 TD
0 Tc
(–)Tj
0.8504 0 TD
-0.0001 Tc
-0.0351 Tw
[(Die Anzahl der einzur)17.7(eichenden Kopien des Begleit-)]TJ
0 -1.2 TD
-0.0111 Tw
[(briefes richtet sich nach der Anzahl der betr)17.7(of)17.7(fenen)]TJ
T*
0 Tw
(Arzneimittel. )Tj
-0.8504 -1.2 TD
0 Tc
(–)Tj
0.8504 0 TD
-0.0001 Tc
-0.0657 Tw
(In Bezug auf die übrigen administrativen Unterlagen)Tj
0 -1.2 TD
0.0547 Tw
(und der Dokumentation verweisen wir auf die An-)Tj
T*
-0.0311 Tw
[(leitung zum Einr)17.7(eichen von Zulassungsgesuchen für)]TJ
T*
0.4438 Tw
(Arzneimittel der Humanmedizin mit bekannten)Tj
T*
0 Tc
0 Tw
(W)Tj
0.9678 0 TD
-0.0001 Tc
0.206 Tw
[(irkstof)17.7(fen \(Generika-Anleitung\) vom 31. Januar)]TJ
-0.9678 -1.2 TD
-0.0726 Tw
[(2002. \(Sämtliche Anleitungen zu den V)54.8(e)0.2(r)17.7(o)0.2(r)17.7(dnungen)]TJ
T*
0.2413 Tw
(sind unter www)Tj
ET
0.5 w 
384.871 342.714 m
407.656 342.714 l
S
BT
10 0 0 10 407.6562 343.7139 Tm
0 Tw
(.swissmedic.ch)Tj
ET
407.656 342.714 m
470.42 342.714 l
S
BT
10 0 0 10 470.4199 343.7139 Tm
0 Tc
(,)Tj
0.4168 0 TD
-0.0001 Tc
0.2413 Tw
(Rubrik Recht und)Tj
-14.01 -1.2 TD
-0.0306 Tw
(Normen abrufbar\).)Tj
-24.9449 40.8001 TD
-0.0948 Tw
[(Die Anfor)17.7(derungen an Änderungsgesuche von Arznei-)]TJ
0 -1.2 TD
0.0667 Tw
[(mitteln sind konkr)17.7(etisiert wor)17.7(den. Damit wur)17.7(den die)]TJ
T*
0.0121 Tw
(nach Artikel 10 Absatz 3 und Artikel 11 Absatz 3 der)Tj
T*
0.1075 Tw
[(Arzneimittelver)17.7(or)17.7(dnung notwendigen Präzisierungen)]TJ
T*
0.0638 Tw
[(der Gesuchstypen vorgenommen. Das Ziel war)91.7(, Klar-)]TJ
T*
-0.039 Tw
[(heit zu schaf)17.7(fen, welche Änderungen genehmigungs-)]TJ
T*
0.0791 Tw
[(pflichtig r)17.7(esp. meldepflichtig sind und welche Ände-)]TJ
T*
0.0423 Tw
[(rungen zu einem neuen Zulassungsverfahr)17.7(en führ)17.7(en.)]TJ
T*
-0.0779 Tw
[(Zudem soll sich der r)17.7(eduzierte administrative Aufwand)]TJ
T*
0.0357 Tw
(für die Bearbeitung sogenannter Sammelgesuche für)Tj
T*
0.2245 Tw
(einige genehmigungspflichtige Änderungen in ent-)Tj
T*
0.2058 Tw
[(spr)17.7(echend gesenkten Gebühr)17.7(en niederschlagen. Im)]TJ
T*
0.0206 Tw
[(Rahmen des Konsultationsverfahr)17.7(ens bei den inter)17.7(es-)]TJ
T*
0.1574 Tw
[(sierten Kr)17.7(eisen wur)17.7(de insbesonder)17.7(e die Möglichkeit)]TJ
T*
-0.0292 Tw
[(begrüsst, Sammelgesuche mit entspr)17.7(echend r)17.7(eduzier-)]TJ
T*
0.1063 Tw
[(ten T)110.7(arifen einzur)17.7(eichen. Die detaillierten Ergebnisse)]TJ
T*
-0.0683 Tw
[(des Konsultationsverfahr)17.7(ens wer)17.7(den im Oktober 2002)]TJ
T*
-0.0002 Tc
0 Tw
[(veröf)17.6(fentlicht. )]TJ
0 -2.4 TD
-0.0001 Tc
0.2213 Tw
[(Im Inter)17.7(esse einer frühzeitigen Information wer)17.7(den)]TJ
0 -1.2 TD
-0.0943 Tw
(nachstehend die )Tj
/F4 1 Tf
7.0899 0 TD
-0.0944 Tw
[(Änderung der Arzneimittel-Zulas-)]TJ
-7.0899 -1.2 TD
-0.0002 Tc
0 Tw
[(sungsver)17.6(or)17.6(dnung)]TJ
/F2 1 Tf
8.5901 0 TD
-0.0001 Tc
0.073 Tw
(\(Art. 1 und Art. 22a\) einschliess-)Tj
-8.5901 -1.2 TD
0.0303 Tw
[(lich der dr)17.7(ei neuen Anhänge 7, 8 und 9 publiziert. In)]TJ
T*
0.0712 Tw
(diesen Anhängen sind die genehmigungspflichtigen,)Tj
T*
-0.0865 Tw
(die meldepflichtigen sowie die wesentlichen Änderun-)Tj
T*
0.1056 Tw
[(gen abschliessend aufgeführt. Die entspr)17.7(echend ge-)]TJ
T*
0.2688 Tw
(änderten Positionen der )Tj
/F4 1 Tf
11.2509 0 TD
0 Tw
[(Heilmittel-Gebühr)17.7(enver-)]TJ
-11.2509 -1.2 TD
-0.0002 Tc
[(or)17.6(dnung)]TJ
/F2 1 Tf
4.2084 0 TD
-0.0001 Tc
-0.1055 Tw
[(sind hier ebenfalls abgedruckt. Formale T)110.7(ext-)]TJ
-4.2084 -1.2 TD
0.0163 Tw
[(anpassungen dur)17.7(ch die Bundeskanzlei bleiben vorbe-)]TJ
T*
0.2128 Tw
[(halten. Die r)17.7(echtsgültigen Änderungen der V)54.8(e)0.2(r)17.7(o)0.2(r)17.7(d)0.2(-)]TJ
T*
0.0975 Tw
[(nungstexte wer)17.7(den in der Amtlichen Sammlung des)]TJ
T*
-0.0305 Tw
[(Bundesr)17.7(echts veröf)17.7(fentlicht \(unter www)]TJ
ET
230.951 366.715 m
253.737 366.715 l
S
BT
10 0 0 10 253.7369 367.7151 Tm
0 Tw
(.admin.ch)Tj
ET
253.737 366.715 m
295.956 366.715 l
S
BT
10 0 0 10 295.9562 367.7151 Tm
-0.0003 Tc
(\).)Tj
-21.0917 -2.4 TD
-0.0001 Tc
-0.0717 Tw
(Die vom Institutsrat der Swissmedic beschlossenen Be-)Tj
0 -1.2 TD
-0.0343 Tw
[(stimmungen einschliesslich der geänderten Gebühr)17.7(en)]TJ
T*
-0.014 Tw
(für die verschiedenen Gesuchstypen gelten )Tj
/F4 1 Tf
18.4836 0 TD
-0.0002 Tc
(ab 1. No-)Tj
-18.4836 -1.2 TD
-0.0001 Tc
0.0324 Tw
(vember 2002.)Tj
/F2 1 Tf
6.6784 0 TD
[(Die neuen V)54.8(o)0.2(rgaben bzw)54.8(. das V)54.8(o)0.2(rge-)]TJ
-6.6784 -1.2 TD
0.1019 Tw
(hen bei den unterschiedlichen Gesuchstypen lehnen)Tj
T*
-0.0917 Tw
[(sich an die Praxis in der Eur)17.7(opäischen Union an. Die eu-)]TJ
T*
0 Tc
0 Tw
(r)Tj
0.3149 0 TD
-0.0001 Tc
0.0263 Tw
[(opäische Richtlinie «A Guideline on Dossier Requir)17.7(e-)]TJ
-0.3149 -1.2 TD
-0.0239 Tw
[(ments for T)110.7(ype I V)54.8(ariations» befindet sich aller)17.7(dings in)]TJ
T*
0 Tw
(Überarbeitung.)Tj
ET
Q

q
1 i 
-9 851 613 -860 re
0 841 m
W n
0.03 841.02 595.02 -841.02 re
W n
BT
/F6 1 Tf
12.5 0 0 12.5 465.0797 811.7825 Tm
/Cs5 cs 0.161 0.145 0.149 sc
/GS1 gs
-0.0001 Tc
-0.0286 Tw
(Regulatory News)Tj
ET
/Cs5 CS 0.161 0.145 0.149 SC
0 J 0 j 0.3 w 10 M []0 d
42.8 805.15 m
567.2 805.15 l
S
Q
q
1 i 
361.69 850.5 198.43 -24.09 re
560.098 811.782 m
W* n
-9 851 613 -860 re
0 841 m
W n
0.03 841.02 595.02 -841.02 re
W n
q
2.7718 0 0 -0.3608 0 0 cm
/Cs5 CS 1 1 1 SC
0 J 0 j 0.5 w 10 M []0 d
/GS1 gs
130.36 -2360.21 m
130.36 -2287.903 l
S
0.992 0.992 0.992 SC
130.827 -2360.21 m
130.827 -2287.903 l
S
0.988 0.988 0.988 SC
131.293 -2360.21 m
131.293 -2287.903 l
S
0.98 0.98 0.984 SC
131.76 -2360.21 m
131.76 -2287.903 l
S
0.976 0.976 0.976 SC
132.226 -2360.21 m
132.226 -2287.903 l
S
0.973 0.973 0.973 SC
132.693 -2360.21 m
132.693 -2287.903 l
S
0.969 0.969 0.969 SC
133.159 -2360.21 m
133.159 -2287.903 l
S
0.965 0.965 0.969 SC
133.626 -2360.21 m
133.626 -2287.903 l
S
0.961 0.961 0.965 SC
134.092 -2360.21 m
134.092 -2287.903 l
S
0.957 0.957 0.961 SC
134.559 -2360.21 m
134.559 -2287.903 l
S
0.953 0.957 0.957 SC
135.025 -2360.21 m
135.025 -2287.903 l
S
0.949 0.953 0.953 SC
135.492 -2360.21 m
135.492 -2287.903 l
S
0.945 0.949 0.949 SC
135.958 -2360.21 m
135.958 -2287.903 l
S
0.945 0.945 0.949 SC
136.425 -2360.21 m
136.425 -2287.903 l
S
0.941 0.941 0.945 SC
136.891 -2360.21 m
136.891 -2287.903 l
S
0.937 0.937 0.941 SC
137.358 -2360.21 m
137.358 -2287.903 l
S
0.933 0.937 0.937 SC
137.824 -2360.21 m
137.824 -2287.903 l
S
0.929 0.933 0.933 SC
138.291 -2360.21 m
138.291 -2287.903 l
S
0.925 0.929 0.933 SC
138.757 -2360.21 m
138.757 -2287.903 l
S
0.922 0.925 0.929 SC
139.224 -2360.21 m
139.224 -2287.903 l
S
0.922 0.922 0.925 SC
139.69 -2360.21 m
139.69 -2287.903 l
S
0.918 0.922 0.922 SC
140.157 -2360.21 m
140.157 -2287.903 l
S
0.914 0.918 0.922 SC
140.623 -2360.21 m
140.623 -2287.903 l
S
0.91 0.914 0.918 SC
141.09 -2360.21 m
141.09 -2287.903 l
S
0.906 0.91 0.914 SC
141.556 -2360.21 m
141.556 -2287.903 l
S
0.902 0.906 0.91 SC
142.023 -2360.21 m
142.023 -2287.903 l
S
0.898 0.902 0.906 SC
142.489 -2360.21 m
142.489 -2287.903 l
S
0.898 0.898 0.902 SC
142.956 -2360.21 m
142.956 -2287.903 l
S
0.894 0.898 0.902 SC
143.422 -2360.21 m
143.422 -2287.903 l
S
0.89 0.894 0.898 SC
143.889 -2360.21 m
143.889 -2287.903 l
S
0.886 0.89 0.894 SC
144.355 -2360.21 m
144.355 -2287.903 l
S
0.882 0.886 0.89 SC
144.822 -2360.21 m
144.822 -2287.903 l
S
0.878 0.882 0.89 SC
145.288 -2360.21 m
145.288 -2287.903 l
S
0.875 0.882 0.886 SC
145.755 -2360.21 m
145.755 -2287.903 l
S
0.875 0.878 0.882 SC
146.221 -2360.21 m
146.221 -2287.903 l
S
0.871 0.875 0.878 SC
146.688 -2360.21 m
146.688 -2287.903 l
S
0.867 0.871 0.875 SC
147.154 -2360.21 m
147.154 -2287.903 l
S
0.863 0.867 0.875 SC
147.621 -2360.21 m
147.621 -2287.903 l
S
0.859 0.863 0.871 SC
148.087 -2360.21 m
148.087 -2287.903 l
S
0.855 0.863 0.867 SC
148.554 -2360.21 m
148.554 -2287.903 l
S
0.855 0.859 0.863 SC
149.02 -2360.21 m
149.02 -2287.903 l
S
0.851 0.855 0.859 SC
149.487 -2360.21 m
149.487 -2287.903 l
S
0.847 0.851 0.859 SC
149.953 -2360.21 m
149.953 -2287.903 l
S
0.843 0.847 0.855 SC
150.42 -2360.21 m
150.42 -2287.903 l
S
0.839 0.847 0.851 SC
150.886 -2360.21 m
150.886 -2287.903 l
S
0.835 0.843 0.847 SC
151.353 -2360.21 m
151.353 -2287.903 l
S
0.835 0.839 0.843 SC
151.819 -2360.21 m
151.819 -2287.903 l
S
0.831 0.835 0.843 SC
152.286 -2360.21 m
152.286 -2287.903 l
S
0.827 0.831 0.839 SC
152.752 -2360.21 m
152.752 -2287.903 l
S
0.824 0.831 0.835 SC
153.219 -2360.21 m
153.219 -2287.903 l
S
0.82 0.827 0.831 SC
153.685 -2360.21 m
153.685 -2287.903 l
S
0.816 0.824 0.831 SC
154.152 -2360.21 m
154.152 -2287.903 l
S
0.816 0.82 0.827 SC
154.618 -2360.21 m
154.618 -2287.903 l
S
0.812 0.816 0.824 SC
155.085 -2360.21 m
155.085 -2287.903 l
S
0.808 0.812 0.82 SC
155.551 -2360.21 m
155.551 -2287.903 l
S
0.804 0.812 0.816 SC
156.018 -2360.21 m
156.018 -2287.903 l
S
0.8 0.808 0.816 SC
156.484 -2360.21 m
156.484 -2287.903 l
S
0.796 0.804 0.812 SC
156.951 -2360.21 m
156.951 -2287.903 l
S
0.796 0.8 0.808 SC
157.417 -2360.21 m
157.417 -2287.903 l
S
0.792 0.796 0.804 SC
157.884 -2360.21 m
157.884 -2287.903 l
S
0.788 0.796 0.8 SC
158.35 -2360.21 m
158.35 -2287.903 l
S
0.784 0.792 0.8 SC
158.817 -2360.21 m
158.817 -2287.903 l
S
0.78 0.788 0.796 SC
159.283 -2360.21 m
159.283 -2287.903 l
S
0.776 0.784 0.792 SC
159.75 -2360.21 m
159.75 -2287.903 l
S
0.776 0.78 0.788 SC
160.216 -2360.21 m
160.216 -2287.903 l
S
0.773 0.776 0.784 SC
160.683 -2360.21 m
160.683 -2287.903 l
S
0.769 0.776 0.784 SC
161.149 -2360.21 m
161.149 -2287.903 l
S
0.765 0.773 0.78 SC
161.616 -2360.21 m
161.616 -2287.903 l
S
0.761 0.769 0.776 SC
162.082 -2360.21 m
162.082 -2287.903 l
S
0.757 0.765 0.773 SC
162.549 -2360.21 m
162.549 -2287.903 l
S
0.753 0.761 0.769 SC
163.015 -2360.21 m
163.015 -2287.903 l
163.482 -2360.21 m
163.482 -2287.903 l
S
0.749 0.757 0.765 SC
163.948 -2360.21 m
163.948 -2287.903 l
S
0.745 0.753 0.761 SC
164.415 -2360.21 m
164.415 -2287.903 l
S
0.741 0.749 0.757 SC
164.881 -2360.21 m
164.881 -2287.903 l
S
0.737 0.745 0.753 SC
165.348 -2360.21 m
165.348 -2287.903 l
S
0.733 0.741 0.753 SC
165.814 -2360.21 m
165.814 -2287.903 l
S
0.733 0.741 0.749 SC
166.281 -2360.21 m
166.281 -2287.903 l
166.747 -2360.21 m
166.747 -2287.903 l
S
0.729 0.737 0.745 SC
167.214 -2360.21 m
167.214 -2287.903 l
S
0.725 0.733 0.741 SC
167.68 -2360.21 m
167.68 -2287.903 l
S
0.722 0.729 0.737 SC
168.147 -2360.21 m
168.147 -2287.903 l
S
0.718 0.725 0.737 SC
168.613 -2360.21 m
168.613 -2287.903 l
S
0.714 0.722 0.733 SC
169.08 -2360.21 m
169.08 -2287.903 l
S
0.714 0.722 0.729 SC
169.546 -2360.21 m
169.546 -2287.903 l
S
0.71 0.718 0.725 SC
170.013 -2360.21 m
170.013 -2287.903 l
S
0.706 0.714 0.722 SC
170.479 -2360.21 m
170.479 -2287.903 l
S
0.702 0.71 0.722 SC
170.946 -2360.21 m
170.946 -2287.903 l
S
0.698 0.706 0.718 SC
171.412 -2360.21 m
171.412 -2287.903 l
S
0.698 0.706 0.714 SC
171.879 -2360.21 m
171.879 -2287.903 l
S
0.694 0.702 0.71 SC
172.345 -2360.21 m
172.345 -2287.903 l
S
0.69 0.698 0.706 SC
172.812 -2360.21 m
172.812 -2287.903 l
S
0.686 0.694 0.706 SC
173.278 -2360.21 m
173.278 -2287.903 l
S
0.682 0.69 0.702 SC
173.745 -2360.21 m
173.745 -2287.903 l
S
0.682 0.69 0.698 SC
174.211 -2360.21 m
174.211 -2287.903 l
S
0.678 0.686 0.694 SC
174.678 -2360.21 m
174.678 -2287.903 l
S
0.675 0.682 0.69 SC
175.144 -2360.21 m
175.144 -2287.903 l
S
0.671 0.678 0.69 SC
175.611 -2360.21 m
175.611 -2287.903 l
S
0.667 0.675 0.686 SC
176.077 -2360.21 m
176.077 -2287.903 l
S
0.663 0.675 0.682 SC
176.544 -2360.21 m
176.544 -2287.903 l
S
0.663 0.671 0.678 SC
177.01 -2360.21 m
177.01 -2287.903 l
S
0.659 0.667 0.678 SC
177.477 -2360.21 m
177.477 -2287.903 l
S
0.655 0.663 0.675 SC
177.943 -2360.21 m
177.943 -2287.903 l
S
0.651 0.659 0.671 SC
178.41 -2360.21 m
178.41 -2287.903 l
S
0.651 0.659 0.667 SC
178.876 -2360.21 m
178.876 -2287.903 l
S
0.647 0.655 0.663 SC
179.343 -2360.21 m
179.343 -2287.903 l
S
0.643 0.651 0.663 SC
179.809 -2360.21 m
179.809 -2287.903 l
S
0.639 0.647 0.659 SC
180.276 -2360.21 m
180.276 -2287.903 l
S
0.635 0.643 0.655 SC
180.742 -2360.21 m
180.742 -2287.903 l
S
0.635 0.643 0.651 SC
181.209 -2360.21 m
181.209 -2287.903 l
S
0.631 0.639 0.647 SC
181.675 -2360.21 m
181.675 -2287.903 l
S
0.627 0.635 0.647 SC
182.142 -2360.21 m
182.142 -2287.903 l
S
0.624 0.631 0.643 SC
182.608 -2360.21 m
182.608 -2287.903 l
S
0.62 0.631 0.639 SC
183.075 -2360.21 m
183.075 -2287.903 l
S
0.62 0.627 0.635 SC
183.541 -2360.21 m
183.541 -2287.903 l
S
0.616 0.624 0.635 SC
184.008 -2360.21 m
184.008 -2287.903 l
S
0.612 0.62 0.631 SC
184.474 -2360.21 m
184.474 -2287.903 l
S
0.608 0.616 0.627 SC
184.941 -2360.21 m
184.941 -2287.903 l
S
0.608 0.616 0.624 SC
185.407 -2360.21 m
185.407 -2287.903 l
S
0.604 0.612 0.624 SC
185.874 -2360.21 m
185.874 -2287.903 l
S
0.6 0.608 0.62 SC
186.34 -2360.21 m
186.34 -2287.903 l
S
0.596 0.604 0.616 SC
186.806 -2360.21 m
186.806 -2287.903 l
S
0.596 0.604 0.612 SC
187.273 -2360.21 m
187.273 -2287.903 l
S
0.592 0.6 0.608 SC
187.739 -2360.21 m
187.739 -2287.903 l
S
0.588 0.596 0.608 SC
188.206 -2360.21 m
188.206 -2287.903 l
S
0.584 0.592 0.604 SC
188.672 -2360.21 m
188.672 -2287.903 l
S
0.584 0.592 0.6 SC
189.139 -2360.21 m
189.139 -2287.903 l
S
0.58 0.588 0.596 SC
189.605 -2360.21 m
189.605 -2287.903 l
S
0.576 0.584 0.596 SC
190.072 -2360.21 m
190.072 -2287.903 l
S
0.573 0.58 0.592 SC
190.538 -2360.21 m
190.538 -2287.903 l
S
0.573 0.58 0.588 SC
191.005 -2360.21 m
191.005 -2287.903 l
S
0.569 0.576 0.588 SC
191.471 -2360.21 m
191.471 -2287.903 l
S
0.565 0.573 0.584 SC
191.938 -2360.21 m
191.938 -2287.903 l
S
0.561 0.569 0.58 SC
192.404 -2360.21 m
192.404 -2287.903 l
S
0.561 0.569 0.576 SC
192.871 -2360.21 m
192.871 -2287.903 l
S
0.557 0.565 0.576 SC
193.337 -2360.21 m
193.337 -2287.903 l
S
0.553 0.561 0.573 SC
193.804 -2360.21 m
193.804 -2287.903 l
S
0.549 0.557 0.569 SC
194.27 -2360.21 m
194.27 -2287.903 l
S
0.549 0.557 0.565 SC
194.737 -2360.21 m
194.737 -2287.903 l
S
0.545 0.553 0.565 SC
195.203 -2360.21 m
195.203 -2287.903 l
S
0.541 0.549 0.561 SC
195.67 -2360.21 m
195.67 -2287.903 l
S
0.537 0.545 0.557 SC
196.136 -2360.21 m
196.136 -2287.903 l
S
0.537 0.545 0.553 SC
196.603 -2360.21 m
196.603 -2287.903 l
S
0.533 0.541 0.553 SC
197.069 -2360.21 m
197.069 -2287.903 l
S
0.529 0.537 0.549 SC
197.536 -2360.21 m
197.536 -2287.903 l
S
0.529 0.533 0.545 SC
198.002 -2360.21 m
198.002 -2287.903 l
S
0.525 0.533 0.541 SC
198.469 -2360.21 m
198.469 -2287.903 l
S
0.522 0.529 0.541 SC
198.935 -2360.21 m
198.935 -2287.903 l
S
0.518 0.525 0.537 SC
199.402 -2360.21 m
199.402 -2287.903 l
S
0.518 0.525 0.533 SC
199.868 -2360.21 m
199.868 -2287.903 l
S
0.514 0.522 0.529 SC
200.335 -2360.21 m
200.335 -2287.903 l
S
0.51 0.518 0.529 SC
200.801 -2360.21 m
200.801 -2287.903 l
S
0.51 0.514 0.525 SC
201.268 -2360.21 m
201.268 -2287.903 l
S
0.506 0.514 0.522 SC
201.734 -2360.21 m
201.734 -2287.903 l
S
0.502 0.51 0.518 SC
202.201 -2360.21 m
202.201 -2287.903 l
S
Q
Q
q
1 i 
-9 851 613 -860 re
0 841 m
W n
0.03 841.02 595.02 -841.02 re
W n
/Cs5 cs 0.161 0.145 0.149 sc
/GS1 gs
560.12 841.02 34.93 -6.11 re
f
/Cs5 CS 0.161 0.145 0.149 SC
0 J 0 j 0.3 w 10 M []0 d
567.202 840.678 m
567.202 804.948 l
S
286.57 22.8 22.68 -22.8 re
f
BT
/F4 1 Tf
10 0 0 10 289.5747 7.7671 Tm
1 1 1 sc
-0.0002 Tc
0 Tw
(593)Tj
/F2 1 Tf
7 0 0 7 473.8676 17.5374 Tm
0.161 0.145 0.149 sc
-0.0001 Tc
-0.0306 Tw
[(Swissmedic Jour)-17.9(nal)-1111.9(9/2002)]TJ
ET
Q
q
1 i 
32.98 782.38 524.23 -798.73 re
560.117 17.537 m
W* n
-9 851 613 -860 re
0 841 m
W n
0.03 841.02 595.02 -841.02 re
W n
/Cs5 cs 0.161 0.145 0.149 sc
/GS1 gs
q
508.3638 0 0 754.2352 32.85 28.2548 cm
/Im3 Do
Q
Q
q
1 i 
-9 851 613 -860 re
0 841 m
W n
0.03 841.02 595.02 -841.02 re
W n
/Cs5 cs 1 1 1 sc
/GS1 gs
331.19 63.89 28.66 -26.93 re
f
Q

q
1 i 
-9 851 613 -860 re
0 841 m
W n
0.03 841.02 595.02 -841.02 re
W n
BT
/F6 1 Tf
12.5 0 0 12.5 34.4488 811.7822 Tm
/Cs5 cs 0.161 0.145 0.149 sc
/GS1 gs
-0.0001 Tc
-0.0286 Tw
(Regulatory News)Tj
ET
/Cs5 CS 0.161 0.145 0.149 SC
0 J 0 j 0.3 w 10 M []0 d
28.35 805.15 m
552.76 805.15 l
S
Q
q
1 i 
35.43 850.5 198.43 -24.09 re
129.467 811.782 m
W* n
-9 851 613 -860 re
0 841 m
W n
0.03 841.02 595.02 -841.02 re
W n
q
2.7718 0 0 -0.3608 0 0 cm
/Cs5 CS 0.502 0.51 0.518 SC
0 J 0 j 0.5 w 10 M []0 d
/GS1 gs
12.655 -2360.21 m
12.655 -2287.903 l
S
0.506 0.514 0.522 SC
13.121 -2360.21 m
13.121 -2287.903 l
S
0.51 0.514 0.525 SC
13.588 -2360.21 m
13.588 -2287.903 l
S
0.51 0.518 0.529 SC
14.054 -2360.21 m
14.054 -2287.903 l
S
0.514 0.522 0.529 SC
14.521 -2360.21 m
14.521 -2287.903 l
S
0.518 0.525 0.533 SC
14.987 -2360.21 m
14.987 -2287.903 l
S
0.518 0.525 0.537 SC
15.454 -2360.21 m
15.454 -2287.903 l
S
0.522 0.529 0.541 SC
15.92 -2360.21 m
15.92 -2287.903 l
S
0.525 0.533 0.541 SC
16.387 -2360.21 m
16.387 -2287.903 l
S
0.529 0.533 0.545 SC
16.853 -2360.21 m
16.853 -2287.903 l
S
0.529 0.537 0.549 SC
17.32 -2360.21 m
17.32 -2287.903 l
S
0.533 0.541 0.553 SC
17.786 -2360.21 m
17.786 -2287.903 l
S
0.537 0.545 0.553 SC
18.253 -2360.21 m
18.253 -2287.903 l
S
0.537 0.545 0.557 SC
18.719 -2360.21 m
18.719 -2287.903 l
S
0.541 0.549 0.561 SC
19.186 -2360.21 m
19.186 -2287.903 l
S
0.545 0.553 0.565 SC
19.652 -2360.21 m
19.652 -2287.903 l
S
0.549 0.557 0.565 SC
20.119 -2360.21 m
20.119 -2287.903 l
S
0.549 0.557 0.569 SC
20.585 -2360.21 m
20.585 -2287.903 l
S
0.553 0.561 0.573 SC
21.052 -2360.21 m
21.052 -2287.903 l
S
0.557 0.565 0.576 SC
21.518 -2360.21 m
21.518 -2287.903 l
S
0.561 0.569 0.576 SC
21.985 -2360.21 m
21.985 -2287.903 l
S
0.561 0.569 0.58 SC
22.451 -2360.21 m
22.451 -2287.903 l
S
0.565 0.573 0.584 SC
22.918 -2360.21 m
22.918 -2287.903 l
S
0.569 0.576 0.588 SC
23.384 -2360.21 m
23.384 -2287.903 l
S
0.573 0.58 0.588 SC
23.851 -2360.21 m
23.851 -2287.903 l
S
0.573 0.58 0.592 SC
24.317 -2360.21 m
24.317 -2287.903 l
S
0.576 0.584 0.596 SC
24.784 -2360.21 m
24.784 -2287.903 l
S
0.58 0.588 0.596 SC
25.25 -2360.21 m
25.25 -2287.903 l
S
0.584 0.592 0.6 SC
25.717 -2360.21 m
25.717 -2287.903 l
S
0.584 0.592 0.604 SC
26.183 -2360.21 m
26.183 -2287.903 l
S
0.588 0.596 0.608 SC
26.65 -2360.21 m
26.65 -2287.903 l
S
0.592 0.6 0.608 SC
27.116 -2360.21 m
27.116 -2287.903 l
S
0.596 0.604 0.612 SC
27.583 -2360.21 m
27.583 -2287.903 l
S
0.596 0.604 0.616 SC
28.049 -2360.21 m
28.049 -2287.903 l
S
0.6 0.608 0.62 SC
28.516 -2360.21 m
28.516 -2287.903 l
S
0.604 0.612 0.624 SC
28.982 -2360.21 m
28.982 -2287.903 l
S
0.608 0.616 0.624 SC
29.449 -2360.21 m
29.449 -2287.903 l
S
0.608 0.616 0.627 SC
29.915 -2360.21 m
29.915 -2287.903 l
S
0.612 0.62 0.631 SC
30.382 -2360.21 m
30.382 -2287.903 l
S
0.616 0.624 0.635 SC
30.848 -2360.21 m
30.848 -2287.903 l
S
0.62 0.627 0.635 SC
31.315 -2360.21 m
31.315 -2287.903 l
S
0.62 0.631 0.639 SC
31.781 -2360.21 m
31.781 -2287.903 l
S
0.624 0.631 0.643 SC
32.248 -2360.21 m
32.248 -2287.903 l
S
0.627 0.635 0.647 SC
32.714 -2360.21 m
32.714 -2287.903 l
S
0.631 0.639 0.647 SC
33.181 -2360.21 m
33.181 -2287.903 l
S
0.635 0.643 0.651 SC
33.647 -2360.21 m
33.647 -2287.903 l
S
0.635 0.643 0.655 SC
34.113 -2360.21 m
34.113 -2287.903 l
S
0.639 0.647 0.659 SC
34.58 -2360.21 m
34.58 -2287.903 l
S
0.643 0.651 0.663 SC
35.046 -2360.21 m
35.046 -2287.903 l
S
0.647 0.655 0.663 SC
35.513 -2360.21 m
35.513 -2287.903 l
S
0.651 0.659 0.667 SC
35.979 -2360.21 m
35.979 -2287.903 l
S
0.651 0.659 0.671 SC
36.446 -2360.21 m
36.446 -2287.903 l
S
0.655 0.663 0.675 SC
36.912 -2360.21 m
36.912 -2287.903 l
S
0.659 0.667 0.678 SC
37.379 -2360.21 m
37.379 -2287.903 l
S
0.663 0.671 0.678 SC
37.845 -2360.21 m
37.845 -2287.903 l
S
0.663 0.675 0.682 SC
38.312 -2360.21 m
38.312 -2287.903 l
S
0.667 0.675 0.686 SC
38.778 -2360.21 m
38.778 -2287.903 l
S
0.671 0.678 0.69 SC
39.245 -2360.21 m
39.245 -2287.903 l
S
0.675 0.682 0.69 SC
39.711 -2360.21 m
39.711 -2287.903 l
S
0.678 0.686 0.694 SC
40.178 -2360.21 m
40.178 -2287.903 l
S
0.682 0.69 0.698 SC
40.644 -2360.21 m
40.644 -2287.903 l
S
0.682 0.69 0.702 SC
41.111 -2360.21 m
41.111 -2287.903 l
S
0.686 0.694 0.706 SC
41.577 -2360.21 m
41.577 -2287.903 l
S
0.69 0.698 0.706 SC
42.044 -2360.21 m
42.044 -2287.903 l
S
0.694 0.702 0.71 SC
42.51 -2360.21 m
42.51 -2287.903 l
S
0.698 0.706 0.714 SC
42.977 -2360.21 m
42.977 -2287.903 l
S
0.698 0.706 0.718 SC
43.443 -2360.21 m
43.443 -2287.903 l
S
0.702 0.71 0.722 SC
43.91 -2360.21 m
43.91 -2287.903 l
S
0.706 0.714 0.722 SC
44.376 -2360.21 m
44.376 -2287.903 l
S
0.71 0.718 0.725 SC
44.843 -2360.21 m
44.843 -2287.903 l
S
0.714 0.722 0.729 SC
45.309 -2360.21 m
45.309 -2287.903 l
S
0.714 0.722 0.733 SC
45.776 -2360.21 m
45.776 -2287.903 l
S
0.718 0.725 0.737 SC
46.242 -2360.21 m
46.242 -2287.903 l
S
0.722 0.729 0.737 SC
46.709 -2360.21 m
46.709 -2287.903 l
S
0.725 0.733 0.741 SC
47.175 -2360.21 m
47.175 -2287.903 l
S
0.729 0.737 0.745 SC
47.642 -2360.21 m
47.642 -2287.903 l
S
0.733 0.741 0.749 SC
48.108 -2360.21 m
48.108 -2287.903 l
S
0.733 0.741 0.753 SC
48.575 -2360.21 m
48.575 -2287.903 l
49.041 -2360.21 m
49.041 -2287.903 l
S
0.737 0.745 0.753 SC
49.508 -2360.21 m
49.508 -2287.903 l
S
0.741 0.749 0.757 SC
49.974 -2360.21 m
49.974 -2287.903 l
S
0.745 0.753 0.761 SC
50.441 -2360.21 m
50.441 -2287.903 l
S
0.749 0.757 0.765 SC
50.907 -2360.21 m
50.907 -2287.903 l
S
0.753 0.761 0.769 SC
51.374 -2360.21 m
51.374 -2287.903 l
51.84 -2360.21 m
51.84 -2287.903 l
S
0.757 0.765 0.773 SC
52.307 -2360.21 m
52.307 -2287.903 l
S
0.761 0.769 0.776 SC
52.773 -2360.21 m
52.773 -2287.903 l
S
0.765 0.773 0.78 SC
53.24 -2360.21 m
53.24 -2287.903 l
S
0.769 0.776 0.784 SC
53.706 -2360.21 m
53.706 -2287.903 l
S
0.773 0.776 0.784 SC
54.173 -2360.21 m
54.173 -2287.903 l
S
0.776 0.78 0.788 SC
54.639 -2360.21 m
54.639 -2287.903 l
S
0.776 0.784 0.792 SC
55.106 -2360.21 m
55.106 -2287.903 l
S
0.78 0.788 0.796 SC
55.572 -2360.21 m
55.572 -2287.903 l
S
0.784 0.792 0.8 SC
56.039 -2360.21 m
56.039 -2287.903 l
S
0.788 0.796 0.8 SC
56.505 -2360.21 m
56.505 -2287.903 l
S
0.792 0.796 0.804 SC
56.972 -2360.21 m
56.972 -2287.903 l
S
0.796 0.8 0.808 SC
57.438 -2360.21 m
57.438 -2287.903 l
S
0.796 0.804 0.812 SC
57.905 -2360.21 m
57.905 -2287.903 l
S
0.8 0.808 0.816 SC
58.371 -2360.21 m
58.371 -2287.903 l
S
0.804 0.812 0.816 SC
58.838 -2360.21 m
58.838 -2287.903 l
S
0.808 0.812 0.82 SC
59.304 -2360.21 m
59.304 -2287.903 l
S
0.812 0.816 0.824 SC
59.771 -2360.21 m
59.771 -2287.903 l
S
0.816 0.82 0.827 SC
60.237 -2360.21 m
60.237 -2287.903 l
S
0.816 0.824 0.831 SC
60.704 -2360.21 m
60.704 -2287.903 l
S
0.82 0.827 0.831 SC
61.17 -2360.21 m
61.17 -2287.903 l
S
0.824 0.831 0.835 SC
61.637 -2360.21 m
61.637 -2287.903 l
S
0.827 0.831 0.839 SC
62.103 -2360.21 m
62.103 -2287.903 l
S
0.831 0.835 0.843 SC
62.57 -2360.21 m
62.57 -2287.903 l
S
0.835 0.839 0.843 SC
63.036 -2360.21 m
63.036 -2287.903 l
S
0.835 0.843 0.847 SC
63.503 -2360.21 m
63.503 -2287.903 l
S
0.839 0.847 0.851 SC
63.969 -2360.21 m
63.969 -2287.903 l
S
0.843 0.847 0.855 SC
64.436 -2360.21 m
64.436 -2287.903 l
S
0.847 0.851 0.859 SC
64.902 -2360.21 m
64.902 -2287.903 l
S
0.851 0.855 0.859 SC
65.369 -2360.21 m
65.369 -2287.903 l
S
0.855 0.859 0.863 SC
65.835 -2360.21 m
65.835 -2287.903 l
S
0.855 0.863 0.867 SC
66.302 -2360.21 m
66.302 -2287.903 l
S
0.859 0.863 0.871 SC
66.768 -2360.21 m
66.768 -2287.903 l
S
0.863 0.867 0.875 SC
67.235 -2360.21 m
67.235 -2287.903 l
S
0.867 0.871 0.875 SC
67.701 -2360.21 m
67.701 -2287.903 l
S
0.871 0.875 0.878 SC
68.168 -2360.21 m
68.168 -2287.903 l
S
0.875 0.878 0.882 SC
68.634 -2360.21 m
68.634 -2287.903 l
S
0.875 0.882 0.886 SC
69.101 -2360.21 m
69.101 -2287.903 l
S
0.878 0.882 0.89 SC
69.567 -2360.21 m
69.567 -2287.903 l
S
0.882 0.886 0.89 SC
70.034 -2360.21 m
70.034 -2287.903 l
S
0.886 0.89 0.894 SC
70.5 -2360.21 m
70.5 -2287.903 l
S
0.89 0.894 0.898 SC
70.967 -2360.21 m
70.967 -2287.903 l
S
0.894 0.898 0.902 SC
71.433 -2360.21 m
71.433 -2287.903 l
S
0.898 0.898 0.902 SC
71.9 -2360.21 m
71.9 -2287.903 l
S
0.898 0.902 0.906 SC
72.366 -2360.21 m
72.366 -2287.903 l
S
0.902 0.906 0.91 SC
72.833 -2360.21 m
72.833 -2287.903 l
S
0.906 0.91 0.914 SC
73.299 -2360.21 m
73.299 -2287.903 l
S
0.91 0.914 0.918 SC
73.766 -2360.21 m
73.766 -2287.903 l
S
0.914 0.918 0.922 SC
74.232 -2360.21 m
74.232 -2287.903 l
S
0.918 0.922 0.922 SC
74.699 -2360.21 m
74.699 -2287.903 l
S
0.922 0.922 0.925 SC
75.165 -2360.21 m
75.165 -2287.903 l
S
0.922 0.925 0.929 SC
75.632 -2360.21 m
75.632 -2287.903 l
S
0.925 0.929 0.933 SC
76.098 -2360.21 m
76.098 -2287.903 l
S
0.929 0.933 0.933 SC
76.565 -2360.21 m
76.565 -2287.903 l
S
0.933 0.937 0.937 SC
77.031 -2360.21 m
77.031 -2287.903 l
S
0.937 0.937 0.941 SC
77.498 -2360.21 m
77.498 -2287.903 l
S
0.941 0.941 0.945 SC
77.964 -2360.21 m
77.964 -2287.903 l
S
0.945 0.945 0.949 SC
78.431 -2360.21 m
78.431 -2287.903 l
S
0.945 0.949 0.949 SC
78.897 -2360.21 m
78.897 -2287.903 l
S
0.949 0.953 0.953 SC
79.364 -2360.21 m
79.364 -2287.903 l
S
0.953 0.957 0.957 SC
79.83 -2360.21 m
79.83 -2287.903 l
S
0.957 0.957 0.961 SC
80.297 -2360.21 m
80.297 -2287.903 l
S
0.961 0.961 0.965 SC
80.763 -2360.21 m
80.763 -2287.903 l
S
0.965 0.965 0.969 SC
81.23 -2360.21 m
81.23 -2287.903 l
S
0.969 0.969 0.969 SC
81.696 -2360.21 m
81.696 -2287.903 l
S
0.973 0.973 0.973 SC
82.163 -2360.21 m
82.163 -2287.903 l
S
0.976 0.976 0.976 SC
82.629 -2360.21 m
82.629 -2287.903 l
S
0.98 0.98 0.984 SC
83.096 -2360.21 m
83.096 -2287.903 l
S
0.988 0.988 0.988 SC
83.562 -2360.21 m
83.562 -2287.903 l
S
0.992 0.992 0.992 SC
84.029 -2360.21 m
84.029 -2287.903 l
S
1 1 1 SC
84.495 -2360.21 m
84.495 -2287.903 l
S
Q
Q
q
1 i 
-9 851 613 -860 re
0 841 m
W n
0.03 841.02 595.02 -841.02 re
W n
/Cs5 cs 0.161 0.145 0.149 sc
/GS1 gs
0.03 841.02 35.4 -6.11 re
f
/Cs5 CS 0.161 0.145 0.149 SC
0 J 0 j 0.3 w 10 M []0 d
28.347 841.076 m
28.347 805.006 l
S
286.3 22.8 22.68 -22.8 re
f
BT
/F4 1 Tf
10 0 0 10 289.2992 7.7671 Tm
1 1 1 sc
-0.0002 Tc
0 Tw
(594)Tj
/F2 1 Tf
7 0 0 7 35.4331 17.5374 Tm
0.161 0.145 0.149 sc
-0.0001 Tc
-0.0306 Tw
[(Swissmedic Jour)-17.9(nal)-1111.9(9/2002)]TJ
ET
Q
q
1 i 
66.28 786.64 517.33 -756.57 re
121.683 17.537 m
W* n
-9 851 613 -860 re
0 841 m
W n
0.03 841.02 595.02 -841.02 re
W n
/Cs5 cs 0.161 0.145 0.149 sc
/GS1 gs
q
499.2431 0 0 532.7394 66.15 253.9006 cm
/Im4 Do
Q
Q

q
1 i 
-9 851 613 -860 re
0 841 m
W n
0.03 841.02 595.02 -841.02 re
W n
BT
/F6 1 Tf
12.5 0 0 12.5 465.0797 811.7825 Tm
/Cs5 cs 0.161 0.145 0.149 sc
/GS1 gs
-0.0001 Tc
-0.0286 Tw
(Regulatory News)Tj
ET
/Cs5 CS 0.161 0.145 0.149 SC
0 J 0 j 0.3 w 10 M []0 d
42.8 805.15 m
567.2 805.15 l
S
Q
q
1 i 
361.69 850.5 198.43 -24.09 re
560.098 811.782 m
W* n
-9 851 613 -860 re
0 841 m
W n
0.03 841.02 595.02 -841.02 re
W n
q
2.7718 0 0 -0.3608 0 0 cm
/Cs5 CS 1 1 1 SC
0 J 0 j 0.5 w 10 M []0 d
/GS1 gs
130.36 -2360.21 m
130.36 -2287.903 l
S
0.992 0.992 0.992 SC
130.827 -2360.21 m
130.827 -2287.903 l
S
0.988 0.988 0.988 SC
131.293 -2360.21 m
131.293 -2287.903 l
S
0.98 0.98 0.984 SC
131.76 -2360.21 m
131.76 -2287.903 l
S
0.976 0.976 0.976 SC
132.226 -2360.21 m
132.226 -2287.903 l
S
0.973 0.973 0.973 SC
132.693 -2360.21 m
132.693 -2287.903 l
S
0.969 0.969 0.969 SC
133.159 -2360.21 m
133.159 -2287.903 l
S
0.965 0.965 0.969 SC
133.626 -2360.21 m
133.626 -2287.903 l
S
0.961 0.961 0.965 SC
134.092 -2360.21 m
134.092 -2287.903 l
S
0.957 0.957 0.961 SC
134.559 -2360.21 m
134.559 -2287.903 l
S
0.953 0.957 0.957 SC
135.025 -2360.21 m
135.025 -2287.903 l
S
0.949 0.953 0.953 SC
135.492 -2360.21 m
135.492 -2287.903 l
S
0.945 0.949 0.949 SC
135.958 -2360.21 m
135.958 -2287.903 l
S
0.945 0.945 0.949 SC
136.425 -2360.21 m
136.425 -2287.903 l
S
0.941 0.941 0.945 SC
136.891 -2360.21 m
136.891 -2287.903 l
S
0.937 0.937 0.941 SC
137.358 -2360.21 m
137.358 -2287.903 l
S
0.933 0.937 0.937 SC
137.824 -2360.21 m
137.824 -2287.903 l
S
0.929 0.933 0.933 SC
138.291 -2360.21 m
138.291 -2287.903 l
S
0.925 0.929 0.933 SC
138.757 -2360.21 m
138.757 -2287.903 l
S
0.922 0.925 0.929 SC
139.224 -2360.21 m
139.224 -2287.903 l
S
0.922 0.922 0.925 SC
139.69 -2360.21 m
139.69 -2287.903 l
S
0.918 0.922 0.922 SC
140.157 -2360.21 m
140.157 -2287.903 l
S
0.914 0.918 0.922 SC
140.623 -2360.21 m
140.623 -2287.903 l
S
0.91 0.914 0.918 SC
141.09 -2360.21 m
141.09 -2287.903 l
S
0.906 0.91 0.914 SC
141.556 -2360.21 m
141.556 -2287.903 l
S
0.902 0.906 0.91 SC
142.023 -2360.21 m
142.023 -2287.903 l
S
0.898 0.902 0.906 SC
142.489 -2360.21 m
142.489 -2287.903 l
S
0.898 0.898 0.902 SC
142.956 -2360.21 m
142.956 -2287.903 l
S
0.894 0.898 0.902 SC
143.422 -2360.21 m
143.422 -2287.903 l
S
0.89 0.894 0.898 SC
143.889 -2360.21 m
143.889 -2287.903 l
S
0.886 0.89 0.894 SC
144.355 -2360.21 m
144.355 -2287.903 l
S
0.882 0.886 0.89 SC
144.822 -2360.21 m
144.822 -2287.903 l
S
0.878 0.882 0.89 SC
145.288 -2360.21 m
145.288 -2287.903 l
S
0.875 0.882 0.886 SC
145.755 -2360.21 m
145.755 -2287.903 l
S
0.875 0.878 0.882 SC
146.221 -2360.21 m
146.221 -2287.903 l
S
0.871 0.875 0.878 SC
146.688 -2360.21 m
146.688 -2287.903 l
S
0.867 0.871 0.875 SC
147.154 -2360.21 m
147.154 -2287.903 l
S
0.863 0.867 0.875 SC
147.621 -2360.21 m
147.621 -2287.903 l
S
0.859 0.863 0.871 SC
148.087 -2360.21 m
148.087 -2287.903 l
S
0.855 0.863 0.867 SC
148.554 -2360.21 m
148.554 -2287.903 l
S
0.855 0.859 0.863 SC
149.02 -2360.21 m
149.02 -2287.903 l
S
0.851 0.855 0.859 SC
149.487 -2360.21 m
149.487 -2287.903 l
S
0.847 0.851 0.859 SC
149.953 -2360.21 m
149.953 -2287.903 l
S
0.843 0.847 0.855 SC
150.42 -2360.21 m
150.42 -2287.903 l
S
0.839 0.847 0.851 SC
150.886 -2360.21 m
150.886 -2287.903 l
S
0.835 0.843 0.847 SC
151.353 -2360.21 m
151.353 -2287.903 l
S
0.835 0.839 0.843 SC
151.819 -2360.21 m
151.819 -2287.903 l
S
0.831 0.835 0.843 SC
152.286 -2360.21 m
152.286 -2287.903 l
S
0.827 0.831 0.839 SC
152.752 -2360.21 m
152.752 -2287.903 l
S
0.824 0.831 0.835 SC
153.219 -2360.21 m
153.219 -2287.903 l
S
0.82 0.827 0.831 SC
153.685 -2360.21 m
153.685 -2287.903 l
S
0.816 0.824 0.831 SC
154.152 -2360.21 m
154.152 -2287.903 l
S
0.816 0.82 0.827 SC
154.618 -2360.21 m
154.618 -2287.903 l
S
0.812 0.816 0.824 SC
155.085 -2360.21 m
155.085 -2287.903 l
S
0.808 0.812 0.82 SC
155.551 -2360.21 m
155.551 -2287.903 l
S
0.804 0.812 0.816 SC
156.018 -2360.21 m
156.018 -2287.903 l
S
0.8 0.808 0.816 SC
156.484 -2360.21 m
156.484 -2287.903 l
S
0.796 0.804 0.812 SC
156.951 -2360.21 m
156.951 -2287.903 l
S
0.796 0.8 0.808 SC
157.417 -2360.21 m
157.417 -2287.903 l
S
0.792 0.796 0.804 SC
157.884 -2360.21 m
157.884 -2287.903 l
S
0.788 0.796 0.8 SC
158.35 -2360.21 m
158.35 -2287.903 l
S
0.784 0.792 0.8 SC
158.817 -2360.21 m
158.817 -2287.903 l
S
0.78 0.788 0.796 SC
159.283 -2360.21 m
159.283 -2287.903 l
S
0.776 0.784 0.792 SC
159.75 -2360.21 m
159.75 -2287.903 l
S
0.776 0.78 0.788 SC
160.216 -2360.21 m
160.216 -2287.903 l
S
0.773 0.776 0.784 SC
160.683 -2360.21 m
160.683 -2287.903 l
S
0.769 0.776 0.784 SC
161.149 -2360.21 m
161.149 -2287.903 l
S
0.765 0.773 0.78 SC
161.616 -2360.21 m
161.616 -2287.903 l
S
0.761 0.769 0.776 SC
162.082 -2360.21 m
162.082 -2287.903 l
S
0.757 0.765 0.773 SC
162.549 -2360.21 m
162.549 -2287.903 l
S
0.753 0.761 0.769 SC
163.015 -2360.21 m
163.015 -2287.903 l
163.482 -2360.21 m
163.482 -2287.903 l
S
0.749 0.757 0.765 SC
163.948 -2360.21 m
163.948 -2287.903 l
S
0.745 0.753 0.761 SC
164.415 -2360.21 m
164.415 -2287.903 l
S
0.741 0.749 0.757 SC
164.881 -2360.21 m
164.881 -2287.903 l
S
0.737 0.745 0.753 SC
165.348 -2360.21 m
165.348 -2287.903 l
S
0.733 0.741 0.753 SC
165.814 -2360.21 m
165.814 -2287.903 l
S
0.733 0.741 0.749 SC
166.281 -2360.21 m
166.281 -2287.903 l
166.747 -2360.21 m
166.747 -2287.903 l
S
0.729 0.737 0.745 SC
167.214 -2360.21 m
167.214 -2287.903 l
S
0.725 0.733 0.741 SC
167.68 -2360.21 m
167.68 -2287.903 l
S
0.722 0.729 0.737 SC
168.147 -2360.21 m
168.147 -2287.903 l
S
0.718 0.725 0.737 SC
168.613 -2360.21 m
168.613 -2287.903 l
S
0.714 0.722 0.733 SC
169.08 -2360.21 m
169.08 -2287.903 l
S
0.714 0.722 0.729 SC
169.546 -2360.21 m
169.546 -2287.903 l
S
0.71 0.718 0.725 SC
170.013 -2360.21 m
170.013 -2287.903 l
S
0.706 0.714 0.722 SC
170.479 -2360.21 m
170.479 -2287.903 l
S
0.702 0.71 0.722 SC
170.946 -2360.21 m
170.946 -2287.903 l
S
0.698 0.706 0.718 SC
171.412 -2360.21 m
171.412 -2287.903 l
S
0.698 0.706 0.714 SC
171.879 -2360.21 m
171.879 -2287.903 l
S
0.694 0.702 0.71 SC
172.345 -2360.21 m
172.345 -2287.903 l
S
0.69 0.698 0.706 SC
172.812 -2360.21 m
172.812 -2287.903 l
S
0.686 0.694 0.706 SC
173.278 -2360.21 m
173.278 -2287.903 l
S
0.682 0.69 0.702 SC
173.745 -2360.21 m
173.745 -2287.903 l
S
0.682 0.69 0.698 SC
174.211 -2360.21 m
174.211 -2287.903 l
S
0.678 0.686 0.694 SC
174.678 -2360.21 m
174.678 -2287.903 l
S
0.675 0.682 0.69 SC
175.144 -2360.21 m
175.144 -2287.903 l
S
0.671 0.678 0.69 SC
175.611 -2360.21 m
175.611 -2287.903 l
S
0.667 0.675 0.686 SC
176.077 -2360.21 m
176.077 -2287.903 l
S
0.663 0.675 0.682 SC
176.544 -2360.21 m
176.544 -2287.903 l
S
0.663 0.671 0.678 SC
177.01 -2360.21 m
177.01 -2287.903 l
S
0.659 0.667 0.678 SC
177.477 -2360.21 m
177.477 -2287.903 l
S
0.655 0.663 0.675 SC
177.943 -2360.21 m
177.943 -2287.903 l
S
0.651 0.659 0.671 SC
178.41 -2360.21 m
178.41 -2287.903 l
S
0.651 0.659 0.667 SC
178.876 -2360.21 m
178.876 -2287.903 l
S
0.647 0.655 0.663 SC
179.343 -2360.21 m
179.343 -2287.903 l
S
0.643 0.651 0.663 SC
179.809 -2360.21 m
179.809 -2287.903 l
S
0.639 0.647 0.659 SC
180.276 -2360.21 m
180.276 -2287.903 l
S
0.635 0.643 0.655 SC
180.742 -2360.21 m
180.742 -2287.903 l
S
0.635 0.643 0.651 SC
181.209 -2360.21 m
181.209 -2287.903 l
S
0.631 0.639 0.647 SC
181.675 -2360.21 m
181.675 -2287.903 l
S
0.627 0.635 0.647 SC
182.142 -2360.21 m
182.142 -2287.903 l
S
0.624 0.631 0.643 SC
182.608 -2360.21 m
182.608 -2287.903 l
S
0.62 0.631 0.639 SC
183.075 -2360.21 m
183.075 -2287.903 l
S
0.62 0.627 0.635 SC
183.541 -2360.21 m
183.541 -2287.903 l
S
0.616 0.624 0.635 SC
184.008 -2360.21 m
184.008 -2287.903 l
S
0.612 0.62 0.631 SC
184.474 -2360.21 m
184.474 -2287.903 l
S
0.608 0.616 0.627 SC
184.941 -2360.21 m
184.941 -2287.903 l
S
0.608 0.616 0.624 SC
185.407 -2360.21 m
185.407 -2287.903 l
S
0.604 0.612 0.624 SC
185.874 -2360.21 m
185.874 -2287.903 l
S
0.6 0.608 0.62 SC
186.34 -2360.21 m
186.34 -2287.903 l
S
0.596 0.604 0.616 SC
186.806 -2360.21 m
186.806 -2287.903 l
S
0.596 0.604 0.612 SC
187.273 -2360.21 m
187.273 -2287.903 l
S
0.592 0.6 0.608 SC
187.739 -2360.21 m
187.739 -2287.903 l
S
0.588 0.596 0.608 SC
188.206 -2360.21 m
188.206 -2287.903 l
S
0.584 0.592 0.604 SC
188.672 -2360.21 m
188.672 -2287.903 l
S
0.584 0.592 0.6 SC
189.139 -2360.21 m
189.139 -2287.903 l
S
0.58 0.588 0.596 SC
189.605 -2360.21 m
189.605 -2287.903 l
S
0.576 0.584 0.596 SC
190.072 -2360.21 m
190.072 -2287.903 l
S
0.573 0.58 0.592 SC
190.538 -2360.21 m
190.538 -2287.903 l
S
0.573 0.58 0.588 SC
191.005 -2360.21 m
191.005 -2287.903 l
S
0.569 0.576 0.588 SC
191.471 -2360.21 m
191.471 -2287.903 l
S
0.565 0.573 0.584 SC
191.938 -2360.21 m
191.938 -2287.903 l
S
0.561 0.569 0.58 SC
192.404 -2360.21 m
192.404 -2287.903 l
S
0.561 0.569 0.576 SC
192.871 -2360.21 m
192.871 -2287.903 l
S
0.557 0.565 0.576 SC
193.337 -2360.21 m
193.337 -2287.903 l
S
0.553 0.561 0.573 SC
193.804 -2360.21 m
193.804 -2287.903 l
S
0.549 0.557 0.569 SC
194.27 -2360.21 m
194.27 -2287.903 l
S
0.549 0.557 0.565 SC
194.737 -2360.21 m
194.737 -2287.903 l
S
0.545 0.553 0.565 SC
195.203 -2360.21 m
195.203 -2287.903 l
S
0.541 0.549 0.561 SC
195.67 -2360.21 m
195.67 -2287.903 l
S
0.537 0.545 0.557 SC
196.136 -2360.21 m
196.136 -2287.903 l
S
0.537 0.545 0.553 SC
196.603 -2360.21 m
196.603 -2287.903 l
S
0.533 0.541 0.553 SC
197.069 -2360.21 m
197.069 -2287.903 l
S
0.529 0.537 0.549 SC
197.536 -2360.21 m
197.536 -2287.903 l
S
0.529 0.533 0.545 SC
198.002 -2360.21 m
198.002 -2287.903 l
S
0.525 0.533 0.541 SC
198.469 -2360.21 m
198.469 -2287.903 l
S
0.522 0.529 0.541 SC
198.935 -2360.21 m
198.935 -2287.903 l
S
0.518 0.525 0.537 SC
199.402 -2360.21 m
199.402 -2287.903 l
S
0.518 0.525 0.533 SC
199.868 -2360.21 m
199.868 -2287.903 l
S
0.514 0.522 0.529 SC
200.335 -2360.21 m
200.335 -2287.903 l
S
0.51 0.518 0.529 SC
200.801 -2360.21 m
200.801 -2287.903 l
S
0.51 0.514 0.525 SC
201.268 -2360.21 m
201.268 -2287.903 l
S
0.506 0.514 0.522 SC
201.734 -2360.21 m
201.734 -2287.903 l
S
0.502 0.51 0.518 SC
202.201 -2360.21 m
202.201 -2287.903 l
S
Q
Q
q
1 i 
-9 851 613 -860 re
0 841 m
W n
0.03 841.02 595.02 -841.02 re
W n
/Cs5 cs 0.161 0.145 0.149 sc
/GS1 gs
560.12 841.02 34.93 -6.11 re
f
/Cs5 CS 0.161 0.145 0.149 SC
0 J 0 j 0.3 w 10 M []0 d
567.202 840.678 m
567.202 804.948 l
S
286.57 22.8 22.68 -22.8 re
f
BT
/F4 1 Tf
10 0 0 10 289.5747 7.7671 Tm
1 1 1 sc
-0.0002 Tc
0 Tw
(595)Tj
/F2 1 Tf
7 0 0 7 473.8676 17.5374 Tm
0.161 0.145 0.149 sc
-0.0001 Tc
-0.0306 Tw
[(Swissmedic Jour)-17.9(nal)-1111.9(9/2002)]TJ
ET
Q
q
1 i 
30.03 787.89 530.5 -757.77 re
560.117 17.537 m
W* n
-9 851 613 -860 re
0 841 m
W n
0.03 841.02 595.02 -841.02 re
W n
/Cs5 cs 0.161 0.145 0.149 sc
/GS1 gs
q
509.8041 0 0 521.9313 35.2 266.0887 cm
/Im5 Do
Q
Q
q
1 i 
-9 851 613 -860 re
0 841 m
W n
0.03 841.02 595.02 -841.02 re
W n
/Cs5 cs 1 1 1 sc
/GS1 gs
115.64 354.73 m
115.85 360.11 l
118.6 360.87 l
123.26 360.66 l
131.09 358.96 l
135.75 358.96 l
172.16 359.17 l
175.33 360.44 l
178.3 360.87 l
188.67 360.87 l
190.57 359.81 l
207.09 360.23 l
209.63 361.08 l
211.95 360.87 l
221.9 360.87 l
258.52 361.29 l
267.2 361.93 l
277.57 360.87 l
277.79 352.61 l
271.44 349.65 l
240.53 349.44 l
149.72 348.59 l
114.79 348.77 l
115.64 354.73 l
f*
Q

q
1 i 
-9 851 613 -860 re
0 841 m
W n
0.03 841.02 595.02 -841.02 re
W n
BT
/F6 1 Tf
12.5 0 0 12.5 34.4488 811.7822 Tm
/Cs5 cs 0.161 0.145 0.149 sc
/GS1 gs
-0.0001 Tc
-0.0286 Tw
(Regulatory News)Tj
ET
/Cs5 CS 0.161 0.145 0.149 SC
0 J 0 j 0.3 w 10 M []0 d
28.35 805.15 m
552.76 805.15 l
S
Q
q
1 i 
35.43 850.5 198.43 -24.09 re
129.467 811.782 m
W* n
-9 851 613 -860 re
0 841 m
W n
0.03 841.02 595.02 -841.02 re
W n
q
2.7718 0 0 -0.3608 0 0 cm
/Cs5 CS 0.502 0.51 0.518 SC
0 J 0 j 0.5 w 10 M []0 d
/GS1 gs
12.655 -2360.21 m
12.655 -2287.903 l
S
0.506 0.514 0.522 SC
13.121 -2360.21 m
13.121 -2287.903 l
S
0.51 0.514 0.525 SC
13.588 -2360.21 m
13.588 -2287.903 l
S
0.51 0.518 0.529 SC
14.054 -2360.21 m
14.054 -2287.903 l
S
0.514 0.522 0.529 SC
14.521 -2360.21 m
14.521 -2287.903 l
S
0.518 0.525 0.533 SC
14.987 -2360.21 m
14.987 -2287.903 l
S
0.518 0.525 0.537 SC
15.454 -2360.21 m
15.454 -2287.903 l
S
0.522 0.529 0.541 SC
15.92 -2360.21 m
15.92 -2287.903 l
S
0.525 0.533 0.541 SC
16.387 -2360.21 m
16.387 -2287.903 l
S
0.529 0.533 0.545 SC
16.853 -2360.21 m
16.853 -2287.903 l
S
0.529 0.537 0.549 SC
17.32 -2360.21 m
17.32 -2287.903 l
S
0.533 0.541 0.553 SC
17.786 -2360.21 m
17.786 -2287.903 l
S
0.537 0.545 0.553 SC
18.253 -2360.21 m
18.253 -2287.903 l
S
0.537 0.545 0.557 SC
18.719 -2360.21 m
18.719 -2287.903 l
S
0.541 0.549 0.561 SC
19.186 -2360.21 m
19.186 -2287.903 l
S
0.545 0.553 0.565 SC
19.652 -2360.21 m
19.652 -2287.903 l
S
0.549 0.557 0.565 SC
20.119 -2360.21 m
20.119 -2287.903 l
S
0.549 0.557 0.569 SC
20.585 -2360.21 m
20.585 -2287.903 l
S
0.553 0.561 0.573 SC
21.052 -2360.21 m
21.052 -2287.903 l
S
0.557 0.565 0.576 SC
21.518 -2360.21 m
21.518 -2287.903 l
S
0.561 0.569 0.576 SC
21.985 -2360.21 m
21.985 -2287.903 l
S
0.561 0.569 0.58 SC
22.451 -2360.21 m
22.451 -2287.903 l
S
0.565 0.573 0.584 SC
22.918 -2360.21 m
22.918 -2287.903 l
S
0.569 0.576 0.588 SC
23.384 -2360.21 m
23.384 -2287.903 l
S
0.573 0.58 0.588 SC
23.851 -2360.21 m
23.851 -2287.903 l
S
0.573 0.58 0.592 SC
24.317 -2360.21 m
24.317 -2287.903 l
S
0.576 0.584 0.596 SC
24.784 -2360.21 m
24.784 -2287.903 l
S
0.58 0.588 0.596 SC
25.25 -2360.21 m
25.25 -2287.903 l
S
0.584 0.592 0.6 SC
25.717 -2360.21 m
25.717 -2287.903 l
S
0.584 0.592 0.604 SC
26.183 -2360.21 m
26.183 -2287.903 l
S
0.588 0.596 0.608 SC
26.65 -2360.21 m
26.65 -2287.903 l
S
0.592 0.6 0.608 SC
27.116 -2360.21 m
27.116 -2287.903 l
S
0.596 0.604 0.612 SC
27.583 -2360.21 m
27.583 -2287.903 l
S
0.596 0.604 0.616 SC
28.049 -2360.21 m
28.049 -2287.903 l
S
0.6 0.608 0.62 SC
28.516 -2360.21 m
28.516 -2287.903 l
S
0.604 0.612 0.624 SC
28.982 -2360.21 m
28.982 -2287.903 l
S
0.608 0.616 0.624 SC
29.449 -2360.21 m
29.449 -2287.903 l
S
0.608 0.616 0.627 SC
29.915 -2360.21 m
29.915 -2287.903 l
S
0.612 0.62 0.631 SC
30.382 -2360.21 m
30.382 -2287.903 l
S
0.616 0.624 0.635 SC
30.848 -2360.21 m
30.848 -2287.903 l
S
0.62 0.627 0.635 SC
31.315 -2360.21 m
31.315 -2287.903 l
S
0.62 0.631 0.639 SC
31.781 -2360.21 m
31.781 -2287.903 l
S
0.624 0.631 0.643 SC
32.248 -2360.21 m
32.248 -2287.903 l
S
0.627 0.635 0.647 SC
32.714 -2360.21 m
32.714 -2287.903 l
S
0.631 0.639 0.647 SC
33.181 -2360.21 m
33.181 -2287.903 l
S
0.635 0.643 0.651 SC
33.647 -2360.21 m
33.647 -2287.903 l
S
0.635 0.643 0.655 SC
34.113 -2360.21 m
34.113 -2287.903 l
S
0.639 0.647 0.659 SC
34.58 -2360.21 m
34.58 -2287.903 l
S
0.643 0.651 0.663 SC
35.046 -2360.21 m
35.046 -2287.903 l
S
0.647 0.655 0.663 SC
35.513 -2360.21 m
35.513 -2287.903 l
S
0.651 0.659 0.667 SC
35.979 -2360.21 m
35.979 -2287.903 l
S
0.651 0.659 0.671 SC
36.446 -2360.21 m
36.446 -2287.903 l
S
0.655 0.663 0.675 SC
36.912 -2360.21 m
36.912 -2287.903 l
S
0.659 0.667 0.678 SC
37.379 -2360.21 m
37.379 -2287.903 l
S
0.663 0.671 0.678 SC
37.845 -2360.21 m
37.845 -2287.903 l
S
0.663 0.675 0.682 SC
38.312 -2360.21 m
38.312 -2287.903 l
S
0.667 0.675 0.686 SC
38.778 -2360.21 m
38.778 -2287.903 l
S
0.671 0.678 0.69 SC
39.245 -2360.21 m
39.245 -2287.903 l
S
0.675 0.682 0.69 SC
39.711 -2360.21 m
39.711 -2287.903 l
S
0.678 0.686 0.694 SC
40.178 -2360.21 m
40.178 -2287.903 l
S
0.682 0.69 0.698 SC
40.644 -2360.21 m
40.644 -2287.903 l
S
0.682 0.69 0.702 SC
41.111 -2360.21 m
41.111 -2287.903 l
S
0.686 0.694 0.706 SC
41.577 -2360.21 m
41.577 -2287.903 l
S
0.69 0.698 0.706 SC
42.044 -2360.21 m
42.044 -2287.903 l
S
0.694 0.702 0.71 SC
42.51 -2360.21 m
42.51 -2287.903 l
S
0.698 0.706 0.714 SC
42.977 -2360.21 m
42.977 -2287.903 l
S
0.698 0.706 0.718 SC
43.443 -2360.21 m
43.443 -2287.903 l
S
0.702 0.71 0.722 SC
43.91 -2360.21 m
43.91 -2287.903 l
S
0.706 0.714 0.722 SC
44.376 -2360.21 m
44.376 -2287.903 l
S
0.71 0.718 0.725 SC
44.843 -2360.21 m
44.843 -2287.903 l
S
0.714 0.722 0.729 SC
45.309 -2360.21 m
45.309 -2287.903 l
S
0.714 0.722 0.733 SC
45.776 -2360.21 m
45.776 -2287.903 l
S
0.718 0.725 0.737 SC
46.242 -2360.21 m
46.242 -2287.903 l
S
0.722 0.729 0.737 SC
46.709 -2360.21 m
46.709 -2287.903 l
S
0.725 0.733 0.741 SC
47.175 -2360.21 m
47.175 -2287.903 l
S
0.729 0.737 0.745 SC
47.642 -2360.21 m
47.642 -2287.903 l
S
0.733 0.741 0.749 SC
48.108 -2360.21 m
48.108 -2287.903 l
S
0.733 0.741 0.753 SC
48.575 -2360.21 m
48.575 -2287.903 l
49.041 -2360.21 m
49.041 -2287.903 l
S
0.737 0.745 0.753 SC
49.508 -2360.21 m
49.508 -2287.903 l
S
0.741 0.749 0.757 SC
49.974 -2360.21 m
49.974 -2287.903 l
S
0.745 0.753 0.761 SC
50.441 -2360.21 m
50.441 -2287.903 l
S
0.749 0.757 0.765 SC
50.907 -2360.21 m
50.907 -2287.903 l
S
0.753 0.761 0.769 SC
51.374 -2360.21 m
51.374 -2287.903 l
51.84 -2360.21 m
51.84 -2287.903 l
S
0.757 0.765 0.773 SC
52.307 -2360.21 m
52.307 -2287.903 l
S
0.761 0.769 0.776 SC
52.773 -2360.21 m
52.773 -2287.903 l
S
0.765 0.773 0.78 SC
53.24 -2360.21 m
53.24 -2287.903 l
S
0.769 0.776 0.784 SC
53.706 -2360.21 m
53.706 -2287.903 l
S
0.773 0.776 0.784 SC
54.173 -2360.21 m
54.173 -2287.903 l
S
0.776 0.78 0.788 SC
54.639 -2360.21 m
54.639 -2287.903 l
S
0.776 0.784 0.792 SC
55.106 -2360.21 m
55.106 -2287.903 l
S
0.78 0.788 0.796 SC
55.572 -2360.21 m
55.572 -2287.903 l
S
0.784 0.792 0.8 SC
56.039 -2360.21 m
56.039 -2287.903 l
S
0.788 0.796 0.8 SC
56.505 -2360.21 m
56.505 -2287.903 l
S
0.792 0.796 0.804 SC
56.972 -2360.21 m
56.972 -2287.903 l
S
0.796 0.8 0.808 SC
57.438 -2360.21 m
57.438 -2287.903 l
S
0.796 0.804 0.812 SC
57.905 -2360.21 m
57.905 -2287.903 l
S
0.8 0.808 0.816 SC
58.371 -2360.21 m
58.371 -2287.903 l
S
0.804 0.812 0.816 SC
58.838 -2360.21 m
58.838 -2287.903 l
S
0.808 0.812 0.82 SC
59.304 -2360.21 m
59.304 -2287.903 l
S
0.812 0.816 0.824 SC
59.771 -2360.21 m
59.771 -2287.903 l
S
0.816 0.82 0.827 SC
60.237 -2360.21 m
60.237 -2287.903 l
S
0.816 0.824 0.831 SC
60.704 -2360.21 m
60.704 -2287.903 l
S
0.82 0.827 0.831 SC
61.17 -2360.21 m
61.17 -2287.903 l
S
0.824 0.831 0.835 SC
61.637 -2360.21 m
61.637 -2287.903 l
S
0.827 0.831 0.839 SC
62.103 -2360.21 m
62.103 -2287.903 l
S
0.831 0.835 0.843 SC
62.57 -2360.21 m
62.57 -2287.903 l
S
0.835 0.839 0.843 SC
63.036 -2360.21 m
63.036 -2287.903 l
S
0.835 0.843 0.847 SC
63.503 -2360.21 m
63.503 -2287.903 l
S
0.839 0.847 0.851 SC
63.969 -2360.21 m
63.969 -2287.903 l
S
0.843 0.847 0.855 SC
64.436 -2360.21 m
64.436 -2287.903 l
S
0.847 0.851 0.859 SC
64.902 -2360.21 m
64.902 -2287.903 l
S
0.851 0.855 0.859 SC
65.369 -2360.21 m
65.369 -2287.903 l
S
0.855 0.859 0.863 SC
65.835 -2360.21 m
65.835 -2287.903 l
S
0.855 0.863 0.867 SC
66.302 -2360.21 m
66.302 -2287.903 l
S
0.859 0.863 0.871 SC
66.768 -2360.21 m
66.768 -2287.903 l
S
0.863 0.867 0.875 SC
67.235 -2360.21 m
67.235 -2287.903 l
S
0.867 0.871 0.875 SC
67.701 -2360.21 m
67.701 -2287.903 l
S
0.871 0.875 0.878 SC
68.168 -2360.21 m
68.168 -2287.903 l
S
0.875 0.878 0.882 SC
68.634 -2360.21 m
68.634 -2287.903 l
S
0.875 0.882 0.886 SC
69.101 -2360.21 m
69.101 -2287.903 l
S
0.878 0.882 0.89 SC
69.567 -2360.21 m
69.567 -2287.903 l
S
0.882 0.886 0.89 SC
70.034 -2360.21 m
70.034 -2287.903 l
S
0.886 0.89 0.894 SC
70.5 -2360.21 m
70.5 -2287.903 l
S
0.89 0.894 0.898 SC
70.967 -2360.21 m
70.967 -2287.903 l
S
0.894 0.898 0.902 SC
71.433 -2360.21 m
71.433 -2287.903 l
S
0.898 0.898 0.902 SC
71.9 -2360.21 m
71.9 -2287.903 l
S
0.898 0.902 0.906 SC
72.366 -2360.21 m
72.366 -2287.903 l
S
0.902 0.906 0.91 SC
72.833 -2360.21 m
72.833 -2287.903 l
S
0.906 0.91 0.914 SC
73.299 -2360.21 m
73.299 -2287.903 l
S
0.91 0.914 0.918 SC
73.766 -2360.21 m
73.766 -2287.903 l
S
0.914 0.918 0.922 SC
74.232 -2360.21 m
74.232 -2287.903 l
S
0.918 0.922 0.922 SC
74.699 -2360.21 m
74.699 -2287.903 l
S
0.922 0.922 0.925 SC
75.165 -2360.21 m
75.165 -2287.903 l
S
0.922 0.925 0.929 SC
75.632 -2360.21 m
75.632 -2287.903 l
S
0.925 0.929 0.933 SC
76.098 -2360.21 m
76.098 -2287.903 l
S
0.929 0.933 0.933 SC
76.565 -2360.21 m
76.565 -2287.903 l
S
0.933 0.937 0.937 SC
77.031 -2360.21 m
77.031 -2287.903 l
S
0.937 0.937 0.941 SC
77.498 -2360.21 m
77.498 -2287.903 l
S
0.941 0.941 0.945 SC
77.964 -2360.21 m
77.964 -2287.903 l
S
0.945 0.945 0.949 SC
78.431 -2360.21 m
78.431 -2287.903 l
S
0.945 0.949 0.949 SC
78.897 -2360.21 m
78.897 -2287.903 l
S
0.949 0.953 0.953 SC
79.364 -2360.21 m
79.364 -2287.903 l
S
0.953 0.957 0.957 SC
79.83 -2360.21 m
79.83 -2287.903 l
S
0.957 0.957 0.961 SC
80.297 -2360.21 m
80.297 -2287.903 l
S
0.961 0.961 0.965 SC
80.763 -2360.21 m
80.763 -2287.903 l
S
0.965 0.965 0.969 SC
81.23 -2360.21 m
81.23 -2287.903 l
S
0.969 0.969 0.969 SC
81.696 -2360.21 m
81.696 -2287.903 l
S
0.973 0.973 0.973 SC
82.163 -2360.21 m
82.163 -2287.903 l
S
0.976 0.976 0.976 SC
82.629 -2360.21 m
82.629 -2287.903 l
S
0.98 0.98 0.984 SC
83.096 -2360.21 m
83.096 -2287.903 l
S
0.988 0.988 0.988 SC
83.562 -2360.21 m
83.562 -2287.903 l
S
0.992 0.992 0.992 SC
84.029 -2360.21 m
84.029 -2287.903 l
S
1 1 1 SC
84.495 -2360.21 m
84.495 -2287.903 l
S
Q
Q
q
1 i 
-9 851 613 -860 re
0 841 m
W n
0.03 841.02 595.02 -841.02 re
W n
/Cs5 cs 0.161 0.145 0.149 sc
/GS1 gs
0.03 841.02 35.4 -6.11 re
f
/Cs5 CS 0.161 0.145 0.149 SC
0 J 0 j 0.3 w 10 M []0 d
28.347 841.076 m
28.347 805.006 l
S
286.3 22.8 22.68 -22.8 re
f
BT
/F4 1 Tf
10 0 0 10 289.2992 7.7671 Tm
1 1 1 sc
-0.0002 Tc
0 Tw
(596)Tj
/F2 1 Tf
7 0 0 7 35.4331 17.5374 Tm
0.161 0.145 0.149 sc
-0.0001 Tc
-0.0306 Tw
[(Swissmedic Jour)-17.9(nal)-1111.9(9/2002)]TJ
ET
Q
q
1 i 
67.61 786.13 499.32 -754.84 re
121.683 17.537 m
W* n
-9 851 613 -860 re
0 841 m
W n
0.03 841.02 595.02 -841.02 re
W n
/Cs5 cs 0.161 0.145 0.149 sc
/GS1 gs
q
499.7232 0 0 184.8991 67.53 601.3509 cm
/Im6 Do
Q
Q

q
1 i 
-9 851 613 -860 re
0 841 m
W n
0.03 841.02 595.02 -841.02 re
W n
BT
/F6 1 Tf
12.5 0 0 12.5 465.0797 811.7825 Tm
/Cs5 cs 0.161 0.145 0.149 sc
/GS1 gs
-0.0001 Tc
-0.0286 Tw
(Regulatory News)Tj
ET
/Cs5 CS 0.161 0.145 0.149 SC
0 J 0 j 0.3 w 10 M []0 d
42.8 805.15 m
567.2 805.15 l
S
Q
q
1 i 
361.69 850.5 198.43 -24.09 re
560.098 811.782 m
W* n
-9 851 613 -860 re
0 841 m
W n
0.03 841.02 595.02 -841.02 re
W n
q
2.7718 0 0 -0.3608 0 0 cm
/Cs5 CS 1 1 1 SC
0 J 0 j 0.5 w 10 M []0 d
/GS1 gs
130.36 -2360.21 m
130.36 -2287.903 l
S
0.992 0.992 0.992 SC
130.827 -2360.21 m
130.827 -2287.903 l
S
0.988 0.988 0.988 SC
131.293 -2360.21 m
131.293 -2287.903 l
S
0.98 0.98 0.984 SC
131.76 -2360.21 m
131.76 -2287.903 l
S
0.976 0.976 0.976 SC
132.226 -2360.21 m
132.226 -2287.903 l
S
0.973 0.973 0.973 SC
132.693 -2360.21 m
132.693 -2287.903 l
S
0.969 0.969 0.969 SC
133.159 -2360.21 m
133.159 -2287.903 l
S
0.965 0.965 0.969 SC
133.626 -2360.21 m
133.626 -2287.903 l
S
0.961 0.961 0.965 SC
134.092 -2360.21 m
134.092 -2287.903 l
S
0.957 0.957 0.961 SC
134.559 -2360.21 m
134.559 -2287.903 l
S
0.953 0.957 0.957 SC
135.025 -2360.21 m
135.025 -2287.903 l
S
0.949 0.953 0.953 SC
135.492 -2360.21 m
135.492 -2287.903 l
S
0.945 0.949 0.949 SC
135.958 -2360.21 m
135.958 -2287.903 l
S
0.945 0.945 0.949 SC
136.425 -2360.21 m
136.425 -2287.903 l
S
0.941 0.941 0.945 SC
136.891 -2360.21 m
136.891 -2287.903 l
S
0.937 0.937 0.941 SC
137.358 -2360.21 m
137.358 -2287.903 l
S
0.933 0.937 0.937 SC
137.824 -2360.21 m
137.824 -2287.903 l
S
0.929 0.933 0.933 SC
138.291 -2360.21 m
138.291 -2287.903 l
S
0.925 0.929 0.933 SC
138.757 -2360.21 m
138.757 -2287.903 l
S
0.922 0.925 0.929 SC
139.224 -2360.21 m
139.224 -2287.903 l
S
0.922 0.922 0.925 SC
139.69 -2360.21 m
139.69 -2287.903 l
S
0.918 0.922 0.922 SC
140.157 -2360.21 m
140.157 -2287.903 l
S
0.914 0.918 0.922 SC
140.623 -2360.21 m
140.623 -2287.903 l
S
0.91 0.914 0.918 SC
141.09 -2360.21 m
141.09 -2287.903 l
S
0.906 0.91 0.914 SC
141.556 -2360.21 m
141.556 -2287.903 l
S
0.902 0.906 0.91 SC
142.023 -2360.21 m
142.023 -2287.903 l
S
0.898 0.902 0.906 SC
142.489 -2360.21 m
142.489 -2287.903 l
S
0.898 0.898 0.902 SC
142.956 -2360.21 m
142.956 -2287.903 l
S
0.894 0.898 0.902 SC
143.422 -2360.21 m
143.422 -2287.903 l
S
0.89 0.894 0.898 SC
143.889 -2360.21 m
143.889 -2287.903 l
S
0.886 0.89 0.894 SC
144.355 -2360.21 m
144.355 -2287.903 l
S
0.882 0.886 0.89 SC
144.822 -2360.21 m
144.822 -2287.903 l
S
0.878 0.882 0.89 SC
145.288 -2360.21 m
145.288 -2287.903 l
S
0.875 0.882 0.886 SC
145.755 -2360.21 m
145.755 -2287.903 l
S
0.875 0.878 0.882 SC
146.221 -2360.21 m
146.221 -2287.903 l
S
0.871 0.875 0.878 SC
146.688 -2360.21 m
146.688 -2287.903 l
S
0.867 0.871 0.875 SC
147.154 -2360.21 m
147.154 -2287.903 l
S
0.863 0.867 0.875 SC
147.621 -2360.21 m
147.621 -2287.903 l
S
0.859 0.863 0.871 SC
148.087 -2360.21 m
148.087 -2287.903 l
S
0.855 0.863 0.867 SC
148.554 -2360.21 m
148.554 -2287.903 l
S
0.855 0.859 0.863 SC
149.02 -2360.21 m
149.02 -2287.903 l
S
0.851 0.855 0.859 SC
149.487 -2360.21 m
149.487 -2287.903 l
S
0.847 0.851 0.859 SC
149.953 -2360.21 m
149.953 -2287.903 l
S
0.843 0.847 0.855 SC
150.42 -2360.21 m
150.42 -2287.903 l
S
0.839 0.847 0.851 SC
150.886 -2360.21 m
150.886 -2287.903 l
S
0.835 0.843 0.847 SC
151.353 -2360.21 m
151.353 -2287.903 l
S
0.835 0.839 0.843 SC
151.819 -2360.21 m
151.819 -2287.903 l
S
0.831 0.835 0.843 SC
152.286 -2360.21 m
152.286 -2287.903 l
S
0.827 0.831 0.839 SC
152.752 -2360.21 m
152.752 -2287.903 l
S
0.824 0.831 0.835 SC
153.219 -2360.21 m
153.219 -2287.903 l
S
0.82 0.827 0.831 SC
153.685 -2360.21 m
153.685 -2287.903 l
S
0.816 0.824 0.831 SC
154.152 -2360.21 m
154.152 -2287.903 l
S
0.816 0.82 0.827 SC
154.618 -2360.21 m
154.618 -2287.903 l
S
0.812 0.816 0.824 SC
155.085 -2360.21 m
155.085 -2287.903 l
S
0.808 0.812 0.82 SC
155.551 -2360.21 m
155.551 -2287.903 l
S
0.804 0.812 0.816 SC
156.018 -2360.21 m
156.018 -2287.903 l
S
0.8 0.808 0.816 SC
156.484 -2360.21 m
156.484 -2287.903 l
S
0.796 0.804 0.812 SC
156.951 -2360.21 m
156.951 -2287.903 l
S
0.796 0.8 0.808 SC
157.417 -2360.21 m
157.417 -2287.903 l
S
0.792 0.796 0.804 SC
157.884 -2360.21 m
157.884 -2287.903 l
S
0.788 0.796 0.8 SC
158.35 -2360.21 m
158.35 -2287.903 l
S
0.784 0.792 0.8 SC
158.817 -2360.21 m
158.817 -2287.903 l
S
0.78 0.788 0.796 SC
159.283 -2360.21 m
159.283 -2287.903 l
S
0.776 0.784 0.792 SC
159.75 -2360.21 m
159.75 -2287.903 l
S
0.776 0.78 0.788 SC
160.216 -2360.21 m
160.216 -2287.903 l
S
0.773 0.776 0.784 SC
160.683 -2360.21 m
160.683 -2287.903 l
S
0.769 0.776 0.784 SC
161.149 -2360.21 m
161.149 -2287.903 l
S
0.765 0.773 0.78 SC
161.616 -2360.21 m
161.616 -2287.903 l
S
0.761 0.769 0.776 SC
162.082 -2360.21 m
162.082 -2287.903 l
S
0.757 0.765 0.773 SC
162.549 -2360.21 m
162.549 -2287.903 l
S
0.753 0.761 0.769 SC
163.015 -2360.21 m
163.015 -2287.903 l
163.482 -2360.21 m
163.482 -2287.903 l
S
0.749 0.757 0.765 SC
163.948 -2360.21 m
163.948 -2287.903 l
S
0.745 0.753 0.761 SC
164.415 -2360.21 m
164.415 -2287.903 l
S
0.741 0.749 0.757 SC
164.881 -2360.21 m
164.881 -2287.903 l
S
0.737 0.745 0.753 SC
165.348 -2360.21 m
165.348 -2287.903 l
S
0.733 0.741 0.753 SC
165.814 -2360.21 m
165.814 -2287.903 l
S
0.733 0.741 0.749 SC
166.281 -2360.21 m
166.281 -2287.903 l
166.747 -2360.21 m
166.747 -2287.903 l
S
0.729 0.737 0.745 SC
167.214 -2360.21 m
167.214 -2287.903 l
S
0.725 0.733 0.741 SC
167.68 -2360.21 m
167.68 -2287.903 l
S
0.722 0.729 0.737 SC
168.147 -2360.21 m
168.147 -2287.903 l
S
0.718 0.725 0.737 SC
168.613 -2360.21 m
168.613 -2287.903 l
S
0.714 0.722 0.733 SC
169.08 -2360.21 m
169.08 -2287.903 l
S
0.714 0.722 0.729 SC
169.546 -2360.21 m
169.546 -2287.903 l
S
0.71 0.718 0.725 SC
170.013 -2360.21 m
170.013 -2287.903 l
S
0.706 0.714 0.722 SC
170.479 -2360.21 m
170.479 -2287.903 l
S
0.702 0.71 0.722 SC
170.946 -2360.21 m
170.946 -2287.903 l
S
0.698 0.706 0.718 SC
171.412 -2360.21 m
171.412 -2287.903 l
S
0.698 0.706 0.714 SC
171.879 -2360.21 m
171.879 -2287.903 l
S
0.694 0.702 0.71 SC
172.345 -2360.21 m
172.345 -2287.903 l
S
0.69 0.698 0.706 SC
172.812 -2360.21 m
172.812 -2287.903 l
S
0.686 0.694 0.706 SC
173.278 -2360.21 m
173.278 -2287.903 l
S
0.682 0.69 0.702 SC
173.745 -2360.21 m
173.745 -2287.903 l
S
0.682 0.69 0.698 SC
174.211 -2360.21 m
174.211 -2287.903 l
S
0.678 0.686 0.694 SC
174.678 -2360.21 m
174.678 -2287.903 l
S
0.675 0.682 0.69 SC
175.144 -2360.21 m
175.144 -2287.903 l
S
0.671 0.678 0.69 SC
175.611 -2360.21 m
175.611 -2287.903 l
S
0.667 0.675 0.686 SC
176.077 -2360.21 m
176.077 -2287.903 l
S
0.663 0.675 0.682 SC
176.544 -2360.21 m
176.544 -2287.903 l
S
0.663 0.671 0.678 SC
177.01 -2360.21 m
177.01 -2287.903 l
S
0.659 0.667 0.678 SC
177.477 -2360.21 m
177.477 -2287.903 l
S
0.655 0.663 0.675 SC
177.943 -2360.21 m
177.943 -2287.903 l
S
0.651 0.659 0.671 SC
178.41 -2360.21 m
178.41 -2287.903 l
S
0.651 0.659 0.667 SC
178.876 -2360.21 m
178.876 -2287.903 l
S
0.647 0.655 0.663 SC
179.343 -2360.21 m
179.343 -2287.903 l
S
0.643 0.651 0.663 SC
179.809 -2360.21 m
179.809 -2287.903 l
S
0.639 0.647 0.659 SC
180.276 -2360.21 m
180.276 -2287.903 l
S
0.635 0.643 0.655 SC
180.742 -2360.21 m
180.742 -2287.903 l
S
0.635 0.643 0.651 SC
181.209 -2360.21 m
181.209 -2287.903 l
S
0.631 0.639 0.647 SC
181.675 -2360.21 m
181.675 -2287.903 l
S
0.627 0.635 0.647 SC
182.142 -2360.21 m
182.142 -2287.903 l
S
0.624 0.631 0.643 SC
182.608 -2360.21 m
182.608 -2287.903 l
S
0.62 0.631 0.639 SC
183.075 -2360.21 m
183.075 -2287.903 l
S
0.62 0.627 0.635 SC
183.541 -2360.21 m
183.541 -2287.903 l
S
0.616 0.624 0.635 SC
184.008 -2360.21 m
184.008 -2287.903 l
S
0.612 0.62 0.631 SC
184.474 -2360.21 m
184.474 -2287.903 l
S
0.608 0.616 0.627 SC
184.941 -2360.21 m
184.941 -2287.903 l
S
0.608 0.616 0.624 SC
185.407 -2360.21 m
185.407 -2287.903 l
S
0.604 0.612 0.624 SC
185.874 -2360.21 m
185.874 -2287.903 l
S
0.6 0.608 0.62 SC
186.34 -2360.21 m
186.34 -2287.903 l
S
0.596 0.604 0.616 SC
186.806 -2360.21 m
186.806 -2287.903 l
S
0.596 0.604 0.612 SC
187.273 -2360.21 m
187.273 -2287.903 l
S
0.592 0.6 0.608 SC
187.739 -2360.21 m
187.739 -2287.903 l
S
0.588 0.596 0.608 SC
188.206 -2360.21 m
188.206 -2287.903 l
S
0.584 0.592 0.604 SC
188.672 -2360.21 m
188.672 -2287.903 l
S
0.584 0.592 0.6 SC
189.139 -2360.21 m
189.139 -2287.903 l
S
0.58 0.588 0.596 SC
189.605 -2360.21 m
189.605 -2287.903 l
S
0.576 0.584 0.596 SC
190.072 -2360.21 m
190.072 -2287.903 l
S
0.573 0.58 0.592 SC
190.538 -2360.21 m
190.538 -2287.903 l
S
0.573 0.58 0.588 SC
191.005 -2360.21 m
191.005 -2287.903 l
S
0.569 0.576 0.588 SC
191.471 -2360.21 m
191.471 -2287.903 l
S
0.565 0.573 0.584 SC
191.938 -2360.21 m
191.938 -2287.903 l
S
0.561 0.569 0.58 SC
192.404 -2360.21 m
192.404 -2287.903 l
S
0.561 0.569 0.576 SC
192.871 -2360.21 m
192.871 -2287.903 l
S
0.557 0.565 0.576 SC
193.337 -2360.21 m
193.337 -2287.903 l
S
0.553 0.561 0.573 SC
193.804 -2360.21 m
193.804 -2287.903 l
S
0.549 0.557 0.569 SC
194.27 -2360.21 m
194.27 -2287.903 l
S
0.549 0.557 0.565 SC
194.737 -2360.21 m
194.737 -2287.903 l
S
0.545 0.553 0.565 SC
195.203 -2360.21 m
195.203 -2287.903 l
S
0.541 0.549 0.561 SC
195.67 -2360.21 m
195.67 -2287.903 l
S
0.537 0.545 0.557 SC
196.136 -2360.21 m
196.136 -2287.903 l
S
0.537 0.545 0.553 SC
196.603 -2360.21 m
196.603 -2287.903 l
S
0.533 0.541 0.553 SC
197.069 -2360.21 m
197.069 -2287.903 l
S
0.529 0.537 0.549 SC
197.536 -2360.21 m
197.536 -2287.903 l
S
0.529 0.533 0.545 SC
198.002 -2360.21 m
198.002 -2287.903 l
S
0.525 0.533 0.541 SC
198.469 -2360.21 m
198.469 -2287.903 l
S
0.522 0.529 0.541 SC
198.935 -2360.21 m
198.935 -2287.903 l
S
0.518 0.525 0.537 SC
199.402 -2360.21 m
199.402 -2287.903 l
S
0.518 0.525 0.533 SC
199.868 -2360.21 m
199.868 -2287.903 l
S
0.514 0.522 0.529 SC
200.335 -2360.21 m
200.335 -2287.903 l
S
0.51 0.518 0.529 SC
200.801 -2360.21 m
200.801 -2287.903 l
S
0.51 0.514 0.525 SC
201.268 -2360.21 m
201.268 -2287.903 l
S
0.506 0.514 0.522 SC
201.734 -2360.21 m
201.734 -2287.903 l
S
0.502 0.51 0.518 SC
202.201 -2360.21 m
202.201 -2287.903 l
S
Q
Q
q
1 i 
-9 851 613 -860 re
0 841 m
W n
0.03 841.02 595.02 -841.02 re
W n
/Cs5 cs 0.161 0.145 0.149 sc
/GS1 gs
560.12 841.02 34.93 -6.11 re
f
/Cs5 CS 0.161 0.145 0.149 SC
0 J 0 j 0.3 w 10 M []0 d
567.202 840.678 m
567.202 804.948 l
S
286.57 22.8 22.68 -22.8 re
f
BT
/F4 1 Tf
10 0 0 10 289.5747 7.7671 Tm
1 1 1 sc
-0.0002 Tc
0 Tw
(597)Tj
/F2 1 Tf
7 0 0 7 473.8676 17.5374 Tm
0.161 0.145 0.149 sc
-0.0001 Tc
-0.0306 Tw
[(Swissmedic Jour)-17.9(nal)-1111.9(9/2002)]TJ
ET
Q
q
1 i 
28.62 791.77 530.05 -775.16 re
560.117 17.537 m
W* n
-9 851 613 -860 re
0 841 m
W n
0.03 841.02 595.02 -841.02 re
W n
/Cs5 cs 0.161 0.145 0.149 sc
/GS1 gs
q
0 775.406 -506.1996 0 534.704 16.45 cm
/Im7 Do
Q
Q

Hâºó›n7Öü†ﬂÅóv µH6ã?∑—&¡»Y
ê√Å,6,Úl Ï€oë≈bœvÊfÅı •û„˛Xá’]ÚyqÊìYnä…‰Ltõπ…—öÔèã598Û¥¸næ.vµ[˝∫Zo®P˝s”øÚùıéOÀÌœ—8s˙∞8øí±¸i[XC»ŸdÁ÷îΩ7ßßÂˆÓLÊ·lÏÍ¢´1Pã≈úñ€_Óù˘x^n8´µ<‚CªÙ9ö”ÀÚÍüèˇ¸Ú«øæ}ˇ∑˘«„À˘ıÈÛÚ”IFºª?Ò˛éßÚÜ›|fa3/∆YÛ´y˚Œö˜ãœÎF&[ZÒTâ¸ö¢~ˇ≤‹/ø-œR†ç÷¿% À3r%◊/7>¨∂‘8_÷ìN±ÌÆ…ˇ\‘ÁÖ˝$ó[1π[¥r˝t1abÄ£k!œÛ•yæZZ~0ëàg¿#Ææäœi-l¨Œæé€∞°F~v<∏€V«»%´
∞Ó•éø	3* !ö⁄°„ZSòPUUØó,ÅcUêÕ›,«mÎl…	XQÆ±©±¸ŒÄgUÄn9Ú˚!lÒÄ6Iı∫ìq›¿±*»ññ:õiVîc65V™ú÷mv‹ áWé¥u2qsœ®(»¶ÓugÛÍ¡±*◊ÿ‘Ÿ‰
∞¢ +nCõsî*ó’ÅgUêU∑ï•ŒFÚ¿äÇlÈnÎyQõ=Â[:KôÄÿÓ∂Õ:µ:{^ófœCAV›V6v∂v«Ãä¨dåebxVÂ
€VAÔπŸ¶∂
¢‘'Z—–ŸñUAVÕ⁄∂íUv„võ⁄~(¿ˆåö¡≤*çñ∂,Ûè—Ê¶∂
¢±œ≥≤±≥	´¨z›Q‚nõ». ∫Uª*ó¿Æ*WH+'rßM=?d’iesg#¸vß;ó∏À¶~
í±;ÂË|g	¸™rçï:Â’ÜπﬂUôYı —wê¿∞* ´
ù-Ÿ+
≤π[›Yﬁ
ÅaUÆ±©≥≈∞¢ €›÷∞µıx„›—ly(à™Ÿ Rgs»¿ä¨Ô^w‘qèMéárÑnÆ≈“—î†¢ v6¥’xÛ´«™ ´f+õ:õ\ V`á€ùÂùxVYÍn9íÎlefEπ∆Jô˜⁄‘ACAV›V∂tñ2†tP©·ïcî*Ûû<L-4dS˜z…8VX…HÕwLù-© + 6Iï#7€ÏYd’me©≥≈y`EAV›V∂≠èoˆ¿≥*¿ˆånbs `E9fõÛ‹ñπçOp‡Yd”;õRV`á[éÚRn∑Ÿ≤*à™Ÿ49®(àÊÓµ¢mq
º◊õXMXCÓhPQ˛M∂’òœ§nv<D’kecg)%`EVΩÓ®Áfõ´ÇhËf9∫éŒ€(‘t∂≠ÄB´ 5VJºqßM=?îôV9xﬂ—‚Ä,ˇmx∑∫ìºÀKS√X◊ùVî:ö¡Ø*àj¬€[h›Ï‘ÔCπ¬n[gXVYu[Ÿ∂6Ü»m6ı˚PÄn/ŸûUAñ∫[éAﬁ(ﬁÌ•©·áÇ¨f¨,u6ÇgUÄkî:Á’Ÿπ„Uπ¬“÷Yœ™Ïl(‹SÛ´ß
&–)Ì	 J`N`«î*õ:[R Vd5#«ÿYn´…ÛPê’åï•ŒõÄÿë±∆ˆ0à˜v≥Á°Ï,KÔ98JÌ¶8¶VNÚ‹A≥5UÄ¶lÎaÎ(3+
≤öëc[∂h„ö». ®Èl;
YW§XI7±ºÅ√™ +Tπ£uü7£¢£m*mπ$‚Óô-´¨&¨hÏ(%®(àjB>F42Æ´Ç§Ê€I≤§(@∂lù¥°≥¸™Ç¨‰´§dMkÿ¶æ !ŸNêYªTˇüÄ-é5_%•æºqKsW´‰»w…fp¨
≤yg≈p·õﬂU 	+:õ¿≤*»
’B[ˇ*∞MÕ>îc¥ÕYª±Ó∞È»≤&‹QﬁπÕYªÄ†¶´ë:7D„ë·ëØ∆∂pFœ=65˚PÄm€âK	P:»*L;ˇ)πqìMΩ>îC∂ù ≥út˘N«™ [:≈QN∫|gâXQÄ++U‹h≥gUê’å5ñŒÎÅÿN—Àª7¨
≤Jqî≥.ﬂY+8≥¢≤ÌóÂ¨#˜⁄ÏYdÀŒ .üÔL1+
∞#ce•Œâõmˆ¨
≤©gºdìu¿äÏ†jlKk‰›xVY•8 J≈w∆- + !+›/g›X∏ﬂfœ™ õw∂tîbT@GBEìÂ~õ—’:J <jÃ+≥Ÿ° ™îm=RY«ù6ı¸PêÕlÚ†wQc{.âwxqÍ˜°ÃÏNŸz24É]UÌP
R\ﬁ·ïŸØ*Ä*TcÓh√™ ™G9´¶¿-65˚PêUÍíç`Y`Uckÿƒ[º8øM™≥‘bÈlœ™ ´G9Ë&ﬁÂï©ŸáÇ¨Ró,ÅgUÄÌTÍ±≤âõljˆ° õvV∫|g œ™ €Œt©≥%`EAñÃ•Œô[mˆ¨ 1[&6ó¨(»6™ùÏäúaoˆ¿≥*¿v*ı(lﬁ Õ˝7ò∫µ*gf«C∂ı4RgS‹ÄY2{lï é˚mBªÄd1óQ»X"†¢ €Œz{¨,oˆ¿±*»∂ïjDa£/¿äl[2$¥E.Ûf´Ç§PÖ•ËÅÿvÓ⁄ce√j¡±*ó¨3ı#˜áBpø(ó˜ˇ∆üg¶>ôÂ¶ò∫Öãé+ò£5ﬂkr®ËÔÊÎRbÎWNj®P˝s”øÚùıé€ª3ôá3{vÌÕr≠ßw«˘aπ˝ÂﬁôèÁiòçVÓà∏:Wá¯ ‹›¿≤Êç±Ê3õy1Œö_Õ€w÷º_<üÁx€⁄∆‰ß˚4À&˘G™N”gﬁˇœød5»∆àØ[÷OÀÌœÅ´v˙∞∞ı√|.ı∑ÀﬁÑEﬁqùûzmy.7<	À˛OÏÍÙ≤º¢í_ü>Û0^ÜImî‘&∏Òj„“J[
uê√‚»ÄÆX/7vÕ√æ}uˇÚÈ|~z|ˇÈ¡º˘ˆÁ˜◊7<Pyııè/|≈ˇ¯∫‹zvÚ˙›ÈÕÚ”iñπãL‚9pm…Ò¿ÖNûVﬂûñÛ‹eº¶àØ˙Ä‡Á˜ˇyûóÍáÍQ∞÷»◊Ò}ul¯Dìo‰ûñ€ø?eÛ∑oÌ˝è  ;å÷
q
1 i 
-9 851 613 -860 re
0 841 m
W n
0.03 841.02 595.02 -841.02 re
W n
BT
/F6 1 Tf
12.5 0 0 12.5 465.0797 811.7825 Tm
/Cs5 cs 0.161 0.145 0.149 sc
/GS1 gs
-0.0001 Tc
-0.0286 Tw
(Regulatory News)Tj
ET
/Cs5 CS 0.161 0.145 0.149 SC
0 J 0 j 0.3 w 10 M []0 d
42.8 805.15 m
567.2 805.15 l
S
Q
q
1 i 
361.69 850.5 198.43 -24.09 re
560.098 811.782 m
W* n
-9 851 613 -860 re
0 841 m
W n
0.03 841.02 595.02 -841.02 re
W n
q
2.7718 0 0 -0.3608 0 0 cm
/Cs5 CS 1 1 1 SC
0 J 0 j 0.5 w 10 M []0 d
/GS1 gs
130.36 -2360.21 m
130.36 -2287.903 l
S
0.992 0.992 0.992 SC
130.827 -2360.21 m
130.827 -2287.903 l
S
0.988 0.988 0.988 SC
131.293 -2360.21 m
131.293 -2287.903 l
S
0.98 0.98 0.984 SC
131.76 -2360.21 m
131.76 -2287.903 l
S
0.976 0.976 0.976 SC
132.226 -2360.21 m
132.226 -2287.903 l
S
0.973 0.973 0.973 SC
132.693 -2360.21 m
132.693 -2287.903 l
S
0.969 0.969 0.969 SC
133.159 -2360.21 m
133.159 -2287.903 l
S
0.965 0.965 0.969 SC
133.626 -2360.21 m
133.626 -2287.903 l
S
0.961 0.961 0.965 SC
134.092 -2360.21 m
134.092 -2287.903 l
S
0.957 0.957 0.961 SC
134.559 -2360.21 m
134.559 -2287.903 l
S
0.953 0.957 0.957 SC
135.025 -2360.21 m
135.025 -2287.903 l
S
0.949 0.953 0.953 SC
135.492 -2360.21 m
135.492 -2287.903 l
S
0.945 0.949 0.949 SC
135.958 -2360.21 m
135.958 -2287.903 l
S
0.945 0.945 0.949 SC
136.425 -2360.21 m
136.425 -2287.903 l
S
0.941 0.941 0.945 SC
136.891 -2360.21 m
136.891 -2287.903 l
S
0.937 0.937 0.941 SC
137.358 -2360.21 m
137.358 -2287.903 l
S
0.933 0.937 0.937 SC
137.824 -2360.21 m
137.824 -2287.903 l
S
0.929 0.933 0.933 SC
138.291 -2360.21 m
138.291 -2287.903 l
S
0.925 0.929 0.933 SC
138.757 -2360.21 m
138.757 -2287.903 l
S
0.922 0.925 0.929 SC
139.224 -2360.21 m
139.224 -2287.903 l
S
0.922 0.922 0.925 SC
139.69 -2360.21 m
139.69 -2287.903 l
S
0.918 0.922 0.922 SC
140.157 -2360.21 m
140.157 -2287.903 l
S
0.914 0.918 0.922 SC
140.623 -2360.21 m
140.623 -2287.903 l
S
0.91 0.914 0.918 SC
141.09 -2360.21 m
141.09 -2287.903 l
S
0.906 0.91 0.914 SC
141.556 -2360.21 m
141.556 -2287.903 l
S
0.902 0.906 0.91 SC
142.023 -2360.21 m
142.023 -2287.903 l
S
0.898 0.902 0.906 SC
142.489 -2360.21 m
142.489 -2287.903 l
S
0.898 0.898 0.902 SC
142.956 -2360.21 m
142.956 -2287.903 l
S
0.894 0.898 0.902 SC
143.422 -2360.21 m
143.422 -2287.903 l
S
0.89 0.894 0.898 SC
143.889 -2360.21 m
143.889 -2287.903 l
S
0.886 0.89 0.894 SC
144.355 -2360.21 m
144.355 -2287.903 l
S
0.882 0.886 0.89 SC
144.822 -2360.21 m
144.822 -2287.903 l
S
0.878 0.882 0.89 SC
145.288 -2360.21 m
145.288 -2287.903 l
S
0.875 0.882 0.886 SC
145.755 -2360.21 m
145.755 -2287.903 l
S
0.875 0.878 0.882 SC
146.221 -2360.21 m
146.221 -2287.903 l
S
0.871 0.875 0.878 SC
146.688 -2360.21 m
146.688 -2287.903 l
S
0.867 0.871 0.875 SC
147.154 -2360.21 m
147.154 -2287.903 l
S
0.863 0.867 0.875 SC
147.621 -2360.21 m
147.621 -2287.903 l
S
0.859 0.863 0.871 SC
148.087 -2360.21 m
148.087 -2287.903 l
S
0.855 0.863 0.867 SC
148.554 -2360.21 m
148.554 -2287.903 l
S
0.855 0.859 0.863 SC
149.02 -2360.21 m
149.02 -2287.903 l
S
0.851 0.855 0.859 SC
149.487 -2360.21 m
149.487 -2287.903 l
S
0.847 0.851 0.859 SC
149.953 -2360.21 m
149.953 -2287.903 l
S
0.843 0.847 0.855 SC
150.42 -2360.21 m
150.42 -2287.903 l
S
0.839 0.847 0.851 SC
150.886 -2360.21 m
150.886 -2287.903 l
S
0.835 0.843 0.847 SC
151.353 -2360.21 m
151.353 -2287.903 l
S
0.835 0.839 0.843 SC
151.819 -2360.21 m
151.819 -2287.903 l
S
0.831 0.835 0.843 SC
152.286 -2360.21 m
152.286 -2287.903 l
S
0.827 0.831 0.839 SC
152.752 -2360.21 m
152.752 -2287.903 l
S
0.824 0.831 0.835 SC
153.219 -2360.21 m
153.219 -2287.903 l
S
0.82 0.827 0.831 SC
153.685 -2360.21 m
153.685 -2287.903 l
S
0.816 0.824 0.831 SC
154.152 -2360.21 m
154.152 -2287.903 l
S
0.816 0.82 0.827 SC
154.618 -2360.21 m
154.618 -2287.903 l
S
0.812 0.816 0.824 SC
155.085 -2360.21 m
155.085 -2287.903 l
S
0.808 0.812 0.82 SC
155.551 -2360.21 m
155.551 -2287.903 l
S
0.804 0.812 0.816 SC
156.018 -2360.21 m
156.018 -2287.903 l
S
0.8 0.808 0.816 SC
156.484 -2360.21 m
156.484 -2287.903 l
S
0.796 0.804 0.812 SC
156.951 -2360.21 m
156.951 -2287.903 l
S
0.796 0.8 0.808 SC
157.417 -2360.21 m
157.417 -2287.903 l
S
0.792 0.796 0.804 SC
157.884 -2360.21 m
157.884 -2287.903 l
S
0.788 0.796 0.8 SC
158.35 -2360.21 m
158.35 -2287.903 l
S
0.784 0.792 0.8 SC
158.817 -2360.21 m
158.817 -2287.903 l
S
0.78 0.788 0.796 SC
159.283 -2360.21 m
159.283 -2287.903 l
S
0.776 0.784 0.792 SC
159.75 -2360.21 m
159.75 -2287.903 l
S
0.776 0.78 0.788 SC
160.216 -2360.21 m
160.216 -2287.903 l
S
0.773 0.776 0.784 SC
160.683 -2360.21 m
160.683 -2287.903 l
S
0.769 0.776 0.784 SC
161.149 -2360.21 m
161.149 -2287.903 l
S
0.765 0.773 0.78 SC
161.616 -2360.21 m
161.616 -2287.903 l
S
0.761 0.769 0.776 SC
162.082 -2360.21 m
162.082 -2287.903 l
S
0.757 0.765 0.773 SC
162.549 -2360.21 m
162.549 -2287.903 l
S
0.753 0.761 0.769 SC
163.015 -2360.21 m
163.015 -2287.903 l
163.482 -2360.21 m
163.482 -2287.903 l
S
0.749 0.757 0.765 SC
163.948 -2360.21 m
163.948 -2287.903 l
S
0.745 0.753 0.761 SC
164.415 -2360.21 m
164.415 -2287.903 l
S
0.741 0.749 0.757 SC
164.881 -2360.21 m
164.881 -2287.903 l
S
0.737 0.745 0.753 SC
165.348 -2360.21 m
165.348 -2287.903 l
S
0.733 0.741 0.753 SC
165.814 -2360.21 m
165.814 -2287.903 l
S
0.733 0.741 0.749 SC
166.281 -2360.21 m
166.281 -2287.903 l
166.747 -2360.21 m
166.747 -2287.903 l
S
0.729 0.737 0.745 SC
167.214 -2360.21 m
167.214 -2287.903 l
S
0.725 0.733 0.741 SC
167.68 -2360.21 m
167.68 -2287.903 l
S
0.722 0.729 0.737 SC
168.147 -2360.21 m
168.147 -2287.903 l
S
0.718 0.725 0.737 SC
168.613 -2360.21 m
168.613 -2287.903 l
S
0.714 0.722 0.733 SC
169.08 -2360.21 m
169.08 -2287.903 l
S
0.714 0.722 0.729 SC
169.546 -2360.21 m
169.546 -2287.903 l
S
0.71 0.718 0.725 SC
170.013 -2360.21 m
170.013 -2287.903 l
S
0.706 0.714 0.722 SC
170.479 -2360.21 m
170.479 -2287.903 l
S
0.702 0.71 0.722 SC
170.946 -2360.21 m
170.946 -2287.903 l
S
0.698 0.706 0.718 SC
171.412 -2360.21 m
171.412 -2287.903 l
S
0.698 0.706 0.714 SC
171.879 -2360.21 m
171.879 -2287.903 l
S
0.694 0.702 0.71 SC
172.345 -2360.21 m
172.345 -2287.903 l
S
0.69 0.698 0.706 SC
172.812 -2360.21 m
172.812 -2287.903 l
S
0.686 0.694 0.706 SC
173.278 -2360.21 m
173.278 -2287.903 l
S
0.682 0.69 0.702 SC
173.745 -2360.21 m
173.745 -2287.903 l
S
0.682 0.69 0.698 SC
174.211 -2360.21 m
174.211 -2287.903 l
S
0.678 0.686 0.694 SC
174.678 -2360.21 m
174.678 -2287.903 l
S
0.675 0.682 0.69 SC
175.144 -2360.21 m
175.144 -2287.903 l
S
0.671 0.678 0.69 SC
175.611 -2360.21 m
175.611 -2287.903 l
S
0.667 0.675 0.686 SC
176.077 -2360.21 m
176.077 -2287.903 l
S
0.663 0.675 0.682 SC
176.544 -2360.21 m
176.544 -2287.903 l
S
0.663 0.671 0.678 SC
177.01 -2360.21 m
177.01 -2287.903 l
S
0.659 0.667 0.678 SC
177.477 -2360.21 m
177.477 -2287.903 l
S
0.655 0.663 0.675 SC
177.943 -2360.21 m
177.943 -2287.903 l
S
0.651 0.659 0.671 SC
178.41 -2360.21 m
178.41 -2287.903 l
S
0.651 0.659 0.667 SC
178.876 -2360.21 m
178.876 -2287.903 l
S
0.647 0.655 0.663 SC
179.343 -2360.21 m
179.343 -2287.903 l
S
0.643 0.651 0.663 SC
179.809 -2360.21 m
179.809 -2287.903 l
S
0.639 0.647 0.659 SC
180.276 -2360.21 m
180.276 -2287.903 l
S
0.635 0.643 0.655 SC
180.742 -2360.21 m
180.742 -2287.903 l
S
0.635 0.643 0.651 SC
181.209 -2360.21 m
181.209 -2287.903 l
S
0.631 0.639 0.647 SC
181.675 -2360.21 m
181.675 -2287.903 l
S
0.627 0.635 0.647 SC
182.142 -2360.21 m
182.142 -2287.903 l
S
0.624 0.631 0.643 SC
182.608 -2360.21 m
182.608 -2287.903 l
S
0.62 0.631 0.639 SC
183.075 -2360.21 m
183.075 -2287.903 l
S
0.62 0.627 0.635 SC
183.541 -2360.21 m
183.541 -2287.903 l
S
0.616 0.624 0.635 SC
184.008 -2360.21 m
184.008 -2287.903 l
S
0.612 0.62 0.631 SC
184.474 -2360.21 m
184.474 -2287.903 l
S
0.608 0.616 0.627 SC
184.941 -2360.21 m
184.941 -2287.903 l
S
0.608 0.616 0.624 SC
185.407 -2360.21 m
185.407 -2287.903 l
S
0.604 0.612 0.624 SC
185.874 -2360.21 m
185.874 -2287.903 l
S
0.6 0.608 0.62 SC
186.34 -2360.21 m
186.34 -2287.903 l
S
0.596 0.604 0.616 SC
186.806 -2360.21 m
186.806 -2287.903 l
S
0.596 0.604 0.612 SC
187.273 -2360.21 m
187.273 -2287.903 l
S
0.592 0.6 0.608 SC
187.739 -2360.21 m
187.739 -2287.903 l
S
0.588 0.596 0.608 SC
188.206 -2360.21 m
188.206 -2287.903 l
S
0.584 0.592 0.604 SC
188.672 -2360.21 m
188.672 -2287.903 l
S
0.584 0.592 0.6 SC
189.139 -2360.21 m
189.139 -2287.903 l
S
0.58 0.588 0.596 SC
189.605 -2360.21 m
189.605 -2287.903 l
S
0.576 0.584 0.596 SC
190.072 -2360.21 m
190.072 -2287.903 l
S
0.573 0.58 0.592 SC
190.538 -2360.21 m
190.538 -2287.903 l
S
0.573 0.58 0.588 SC
191.005 -2360.21 m
191.005 -2287.903 l
S
0.569 0.576 0.588 SC
191.471 -2360.21 m
191.471 -2287.903 l
S
0.565 0.573 0.584 SC
191.938 -2360.21 m
191.938 -2287.903 l
S
0.561 0.569 0.58 SC
192.404 -2360.21 m
192.404 -2287.903 l
S
0.561 0.569 0.576 SC
192.871 -2360.21 m
192.871 -2287.903 l
S
0.557 0.565 0.576 SC
193.337 -2360.21 m
193.337 -2287.903 l
S
0.553 0.561 0.573 SC
193.804 -2360.21 m
193.804 -2287.903 l
S
0.549 0.557 0.569 SC
194.27 -2360.21 m
194.27 -2287.903 l
S
0.549 0.557 0.565 SC
194.737 -2360.21 m
194.737 -2287.903 l
S
0.545 0.553 0.565 SC
195.203 -2360.21 m
195.203 -2287.903 l
S
0.541 0.549 0.561 SC
195.67 -2360.21 m
195.67 -2287.903 l
S
0.537 0.545 0.557 SC
196.136 -2360.21 m
196.136 -2287.903 l
S
0.537 0.545 0.553 SC
196.603 -2360.21 m
196.603 -2287.903 l
S
0.533 0.541 0.553 SC
197.069 -2360.21 m
197.069 -2287.903 l
S
0.529 0.537 0.549 SC
197.536 -2360.21 m
197.536 -2287.903 l
S
0.529 0.533 0.545 SC
198.002 -2360.21 m
198.002 -2287.903 l
S
0.525 0.533 0.541 SC
198.469 -2360.21 m
198.469 -2287.903 l
S
0.522 0.529 0.541 SC
198.935 -2360.21 m
198.935 -2287.903 l
S
0.518 0.525 0.537 SC
199.402 -2360.21 m
199.402 -2287.903 l
S
0.518 0.525 0.533 SC
199.868 -2360.21 m
199.868 -2287.903 l
S
0.514 0.522 0.529 SC
200.335 -2360.21 m
200.335 -2287.903 l
S
0.51 0.518 0.529 SC
200.801 -2360.21 m
200.801 -2287.903 l
S
0.51 0.514 0.525 SC
201.268 -2360.21 m
201.268 -2287.903 l
S
0.506 0.514 0.522 SC
201.734 -2360.21 m
201.734 -2287.903 l
S
0.502 0.51 0.518 SC
202.201 -2360.21 m
202.201 -2287.903 l
S
Q
Q
q
1 i 
-9 851 613 -860 re
0 841 m
W n
0.03 841.02 595.02 -841.02 re
W n
/Cs5 cs 0.161 0.145 0.149 sc
/GS1 gs
560.12 841.02 34.93 -6.11 re
f
/Cs5 CS 0.161 0.145 0.149 SC
0 J 0 j 0.3 w 10 M []0 d
567.202 840.678 m
567.202 804.948 l
S
286.57 22.8 22.68 -22.8 re
f
BT
/F4 1 Tf
10 0 0 10 289.5747 7.7671 Tm
1 1 1 sc
-0.0002 Tc
0 Tw
(599)Tj
/F2 1 Tf
7 0 0 7 473.8676 17.5374 Tm
0.161 0.145 0.149 sc
-0.0001 Tc
-0.0306 Tw
[(Swissmedic Jour)-17.9(nal)-1111.9(9/2002)]TJ
ET
Q
q
1 i 
29.23 790.08 506.54 -754.65 re
560.117 17.537 m
W* n
-9 851 613 -860 re
0 841 m
W n
0.03 841.02 595.02 -841.02 re
W n
/GS1 gs
q
504 0 0 670.8672 29.23 118.3799 cm
/Im9 Do
Q
Q

q
1 i 
-9 851 613 -860 re
0 841 m
W n
0.03 841.02 595.02 -841.02 re
W n
BT
/F6 1 Tf
12.5 0 0 12.5 34.4488 811.7822 Tm
/Cs5 cs 0.161 0.145 0.149 sc
/GS1 gs
-0.0001 Tc
-0.0286 Tw
(Regulatory News)Tj
ET
/Cs5 CS 0.161 0.145 0.149 SC
0 J 0 j 0.3 w 10 M []0 d
28.35 805.15 m
552.76 805.15 l
S
Q
q
1 i 
35.43 850.5 198.43 -24.09 re
129.467 811.782 m
W* n
-9 851 613 -860 re
0 841 m
W n
0.03 841.02 595.02 -841.02 re
W n
q
2.7718 0 0 -0.3608 0 0 cm
/Cs5 CS 0.502 0.51 0.518 SC
0 J 0 j 0.5 w 10 M []0 d
/GS1 gs
12.655 -2360.21 m
12.655 -2287.903 l
S
0.506 0.514 0.522 SC
13.121 -2360.21 m
13.121 -2287.903 l
S
0.51 0.514 0.525 SC
13.588 -2360.21 m
13.588 -2287.903 l
S
0.51 0.518 0.529 SC
14.054 -2360.21 m
14.054 -2287.903 l
S
0.514 0.522 0.529 SC
14.521 -2360.21 m
14.521 -2287.903 l
S
0.518 0.525 0.533 SC
14.987 -2360.21 m
14.987 -2287.903 l
S
0.518 0.525 0.537 SC
15.454 -2360.21 m
15.454 -2287.903 l
S
0.522 0.529 0.541 SC
15.92 -2360.21 m
15.92 -2287.903 l
S
0.525 0.533 0.541 SC
16.387 -2360.21 m
16.387 -2287.903 l
S
0.529 0.533 0.545 SC
16.853 -2360.21 m
16.853 -2287.903 l
S
0.529 0.537 0.549 SC
17.32 -2360.21 m
17.32 -2287.903 l
S
0.533 0.541 0.553 SC
17.786 -2360.21 m
17.786 -2287.903 l
S
0.537 0.545 0.553 SC
18.253 -2360.21 m
18.253 -2287.903 l
S
0.537 0.545 0.557 SC
18.719 -2360.21 m
18.719 -2287.903 l
S
0.541 0.549 0.561 SC
19.186 -2360.21 m
19.186 -2287.903 l
S
0.545 0.553 0.565 SC
19.652 -2360.21 m
19.652 -2287.903 l
S
0.549 0.557 0.565 SC
20.119 -2360.21 m
20.119 -2287.903 l
S
0.549 0.557 0.569 SC
20.585 -2360.21 m
20.585 -2287.903 l
S
0.553 0.561 0.573 SC
21.052 -2360.21 m
21.052 -2287.903 l
S
0.557 0.565 0.576 SC
21.518 -2360.21 m
21.518 -2287.903 l
S
0.561 0.569 0.576 SC
21.985 -2360.21 m
21.985 -2287.903 l
S
0.561 0.569 0.58 SC
22.451 -2360.21 m
22.451 -2287.903 l
S
0.565 0.573 0.584 SC
22.918 -2360.21 m
22.918 -2287.903 l
S
0.569 0.576 0.588 SC
23.384 -2360.21 m
23.384 -2287.903 l
S
0.573 0.58 0.588 SC
23.851 -2360.21 m
23.851 -2287.903 l
S
0.573 0.58 0.592 SC
24.317 -2360.21 m
24.317 -2287.903 l
S
0.576 0.584 0.596 SC
24.784 -2360.21 m
24.784 -2287.903 l
S
0.58 0.588 0.596 SC
25.25 -2360.21 m
25.25 -2287.903 l
S
0.584 0.592 0.6 SC
25.717 -2360.21 m
25.717 -2287.903 l
S
0.584 0.592 0.604 SC
26.183 -2360.21 m
26.183 -2287.903 l
S
0.588 0.596 0.608 SC
26.65 -2360.21 m
26.65 -2287.903 l
S
0.592 0.6 0.608 SC
27.116 -2360.21 m
27.116 -2287.903 l
S
0.596 0.604 0.612 SC
27.583 -2360.21 m
27.583 -2287.903 l
S
0.596 0.604 0.616 SC
28.049 -2360.21 m
28.049 -2287.903 l
S
0.6 0.608 0.62 SC
28.516 -2360.21 m
28.516 -2287.903 l
S
0.604 0.612 0.624 SC
28.982 -2360.21 m
28.982 -2287.903 l
S
0.608 0.616 0.624 SC
29.449 -2360.21 m
29.449 -2287.903 l
S
0.608 0.616 0.627 SC
29.915 -2360.21 m
29.915 -2287.903 l
S
0.612 0.62 0.631 SC
30.382 -2360.21 m
30.382 -2287.903 l
S
0.616 0.624 0.635 SC
30.848 -2360.21 m
30.848 -2287.903 l
S
0.62 0.627 0.635 SC
31.315 -2360.21 m
31.315 -2287.903 l
S
0.62 0.631 0.639 SC
31.781 -2360.21 m
31.781 -2287.903 l
S
0.624 0.631 0.643 SC
32.248 -2360.21 m
32.248 -2287.903 l
S
0.627 0.635 0.647 SC
32.714 -2360.21 m
32.714 -2287.903 l
S
0.631 0.639 0.647 SC
33.181 -2360.21 m
33.181 -2287.903 l
S
0.635 0.643 0.651 SC
33.647 -2360.21 m
33.647 -2287.903 l
S
0.635 0.643 0.655 SC
34.113 -2360.21 m
34.113 -2287.903 l
S
0.639 0.647 0.659 SC
34.58 -2360.21 m
34.58 -2287.903 l
S
0.643 0.651 0.663 SC
35.046 -2360.21 m
35.046 -2287.903 l
S
0.647 0.655 0.663 SC
35.513 -2360.21 m
35.513 -2287.903 l
S
0.651 0.659 0.667 SC
35.979 -2360.21 m
35.979 -2287.903 l
S
0.651 0.659 0.671 SC
36.446 -2360.21 m
36.446 -2287.903 l
S
0.655 0.663 0.675 SC
36.912 -2360.21 m
36.912 -2287.903 l
S
0.659 0.667 0.678 SC
37.379 -2360.21 m
37.379 -2287.903 l
S
0.663 0.671 0.678 SC
37.845 -2360.21 m
37.845 -2287.903 l
S
0.663 0.675 0.682 SC
38.312 -2360.21 m
38.312 -2287.903 l
S
0.667 0.675 0.686 SC
38.778 -2360.21 m
38.778 -2287.903 l
S
0.671 0.678 0.69 SC
39.245 -2360.21 m
39.245 -2287.903 l
S
0.675 0.682 0.69 SC
39.711 -2360.21 m
39.711 -2287.903 l
S
0.678 0.686 0.694 SC
40.178 -2360.21 m
40.178 -2287.903 l
S
0.682 0.69 0.698 SC
40.644 -2360.21 m
40.644 -2287.903 l
S
0.682 0.69 0.702 SC
41.111 -2360.21 m
41.111 -2287.903 l
S
0.686 0.694 0.706 SC
41.577 -2360.21 m
41.577 -2287.903 l
S
0.69 0.698 0.706 SC
42.044 -2360.21 m
42.044 -2287.903 l
S
0.694 0.702 0.71 SC
42.51 -2360.21 m
42.51 -2287.903 l
S
0.698 0.706 0.714 SC
42.977 -2360.21 m
42.977 -2287.903 l
S
0.698 0.706 0.718 SC
43.443 -2360.21 m
43.443 -2287.903 l
S
0.702 0.71 0.722 SC
43.91 -2360.21 m
43.91 -2287.903 l
S
0.706 0.714 0.722 SC
44.376 -2360.21 m
44.376 -2287.903 l
S
0.71 0.718 0.725 SC
44.843 -2360.21 m
44.843 -2287.903 l
S
0.714 0.722 0.729 SC
45.309 -2360.21 m
45.309 -2287.903 l
S
0.714 0.722 0.733 SC
45.776 -2360.21 m
45.776 -2287.903 l
S
0.718 0.725 0.737 SC
46.242 -2360.21 m
46.242 -2287.903 l
S
0.722 0.729 0.737 SC
46.709 -2360.21 m
46.709 -2287.903 l
S
0.725 0.733 0.741 SC
47.175 -2360.21 m
47.175 -2287.903 l
S
0.729 0.737 0.745 SC
47.642 -2360.21 m
47.642 -2287.903 l
S
0.733 0.741 0.749 SC
48.108 -2360.21 m
48.108 -2287.903 l
S
0.733 0.741 0.753 SC
48.575 -2360.21 m
48.575 -2287.903 l
49.041 -2360.21 m
49.041 -2287.903 l
S
0.737 0.745 0.753 SC
49.508 -2360.21 m
49.508 -2287.903 l
S
0.741 0.749 0.757 SC
49.974 -2360.21 m
49.974 -2287.903 l
S
0.745 0.753 0.761 SC
50.441 -2360.21 m
50.441 -2287.903 l
S
0.749 0.757 0.765 SC
50.907 -2360.21 m
50.907 -2287.903 l
S
0.753 0.761 0.769 SC
51.374 -2360.21 m
51.374 -2287.903 l
51.84 -2360.21 m
51.84 -2287.903 l
S
0.757 0.765 0.773 SC
52.307 -2360.21 m
52.307 -2287.903 l
S
0.761 0.769 0.776 SC
52.773 -2360.21 m
52.773 -2287.903 l
S
0.765 0.773 0.78 SC
53.24 -2360.21 m
53.24 -2287.903 l
S
0.769 0.776 0.784 SC
53.706 -2360.21 m
53.706 -2287.903 l
S
0.773 0.776 0.784 SC
54.173 -2360.21 m
54.173 -2287.903 l
S
0.776 0.78 0.788 SC
54.639 -2360.21 m
54.639 -2287.903 l
S
0.776 0.784 0.792 SC
55.106 -2360.21 m
55.106 -2287.903 l
S
0.78 0.788 0.796 SC
55.572 -2360.21 m
55.572 -2287.903 l
S
0.784 0.792 0.8 SC
56.039 -2360.21 m
56.039 -2287.903 l
S
0.788 0.796 0.8 SC
56.505 -2360.21 m
56.505 -2287.903 l
S
0.792 0.796 0.804 SC
56.972 -2360.21 m
56.972 -2287.903 l
S
0.796 0.8 0.808 SC
57.438 -2360.21 m
57.438 -2287.903 l
S
0.796 0.804 0.812 SC
57.905 -2360.21 m
57.905 -2287.903 l
S
0.8 0.808 0.816 SC
58.371 -2360.21 m
58.371 -2287.903 l
S
0.804 0.812 0.816 SC
58.838 -2360.21 m
58.838 -2287.903 l
S
0.808 0.812 0.82 SC
59.304 -2360.21 m
59.304 -2287.903 l
S
0.812 0.816 0.824 SC
59.771 -2360.21 m
59.771 -2287.903 l
S
0.816 0.82 0.827 SC
60.237 -2360.21 m
60.237 -2287.903 l
S
0.816 0.824 0.831 SC
60.704 -2360.21 m
60.704 -2287.903 l
S
0.82 0.827 0.831 SC
61.17 -2360.21 m
61.17 -2287.903 l
S
0.824 0.831 0.835 SC
61.637 -2360.21 m
61.637 -2287.903 l
S
0.827 0.831 0.839 SC
62.103 -2360.21 m
62.103 -2287.903 l
S
0.831 0.835 0.843 SC
62.57 -2360.21 m
62.57 -2287.903 l
S
0.835 0.839 0.843 SC
63.036 -2360.21 m
63.036 -2287.903 l
S
0.835 0.843 0.847 SC
63.503 -2360.21 m
63.503 -2287.903 l
S
0.839 0.847 0.851 SC
63.969 -2360.21 m
63.969 -2287.903 l
S
0.843 0.847 0.855 SC
64.436 -2360.21 m
64.436 -2287.903 l
S
0.847 0.851 0.859 SC
64.902 -2360.21 m
64.902 -2287.903 l
S
0.851 0.855 0.859 SC
65.369 -2360.21 m
65.369 -2287.903 l
S
0.855 0.859 0.863 SC
65.835 -2360.21 m
65.835 -2287.903 l
S
0.855 0.863 0.867 SC
66.302 -2360.21 m
66.302 -2287.903 l
S
0.859 0.863 0.871 SC
66.768 -2360.21 m
66.768 -2287.903 l
S
0.863 0.867 0.875 SC
67.235 -2360.21 m
67.235 -2287.903 l
S
0.867 0.871 0.875 SC
67.701 -2360.21 m
67.701 -2287.903 l
S
0.871 0.875 0.878 SC
68.168 -2360.21 m
68.168 -2287.903 l
S
0.875 0.878 0.882 SC
68.634 -2360.21 m
68.634 -2287.903 l
S
0.875 0.882 0.886 SC
69.101 -2360.21 m
69.101 -2287.903 l
S
0.878 0.882 0.89 SC
69.567 -2360.21 m
69.567 -2287.903 l
S
0.882 0.886 0.89 SC
70.034 -2360.21 m
70.034 -2287.903 l
S
0.886 0.89 0.894 SC
70.5 -2360.21 m
70.5 -2287.903 l
S
0.89 0.894 0.898 SC
70.967 -2360.21 m
70.967 -2287.903 l
S
0.894 0.898 0.902 SC
71.433 -2360.21 m
71.433 -2287.903 l
S
0.898 0.898 0.902 SC
71.9 -2360.21 m
71.9 -2287.903 l
S
0.898 0.902 0.906 SC
72.366 -2360.21 m
72.366 -2287.903 l
S
0.902 0.906 0.91 SC
72.833 -2360.21 m
72.833 -2287.903 l
S
0.906 0.91 0.914 SC
73.299 -2360.21 m
73.299 -2287.903 l
S
0.91 0.914 0.918 SC
73.766 -2360.21 m
73.766 -2287.903 l
S
0.914 0.918 0.922 SC
74.232 -2360.21 m
74.232 -2287.903 l
S
0.918 0.922 0.922 SC
74.699 -2360.21 m
74.699 -2287.903 l
S
0.922 0.922 0.925 SC
75.165 -2360.21 m
75.165 -2287.903 l
S
0.922 0.925 0.929 SC
75.632 -2360.21 m
75.632 -2287.903 l
S
0.925 0.929 0.933 SC
76.098 -2360.21 m
76.098 -2287.903 l
S
0.929 0.933 0.933 SC
76.565 -2360.21 m
76.565 -2287.903 l
S
0.933 0.937 0.937 SC
77.031 -2360.21 m
77.031 -2287.903 l
S
0.937 0.937 0.941 SC
77.498 -2360.21 m
77.498 -2287.903 l
S
0.941 0.941 0.945 SC
77.964 -2360.21 m
77.964 -2287.903 l
S
0.945 0.945 0.949 SC
78.431 -2360.21 m
78.431 -2287.903 l
S
0.945 0.949 0.949 SC
78.897 -2360.21 m
78.897 -2287.903 l
S
0.949 0.953 0.953 SC
79.364 -2360.21 m
79.364 -2287.903 l
S
0.953 0.957 0.957 SC
79.83 -2360.21 m
79.83 -2287.903 l
S
0.957 0.957 0.961 SC
80.297 -2360.21 m
80.297 -2287.903 l
S
0.961 0.961 0.965 SC
80.763 -2360.21 m
80.763 -2287.903 l
S
0.965 0.965 0.969 SC
81.23 -2360.21 m
81.23 -2287.903 l
S
0.969 0.969 0.969 SC
81.696 -2360.21 m
81.696 -2287.903 l
S
0.973 0.973 0.973 SC
82.163 -2360.21 m
82.163 -2287.903 l
S
0.976 0.976 0.976 SC
82.629 -2360.21 m
82.629 -2287.903 l
S
0.98 0.98 0.984 SC
83.096 -2360.21 m
83.096 -2287.903 l
S
0.988 0.988 0.988 SC
83.562 -2360.21 m
83.562 -2287.903 l
S
0.992 0.992 0.992 SC
84.029 -2360.21 m
84.029 -2287.903 l
S
1 1 1 SC
84.495 -2360.21 m
84.495 -2287.903 l
S
Q
Q
q
1 i 
-9 851 613 -860 re
0 841 m
W n
0.03 841.02 595.02 -841.02 re
W n
/Cs5 cs 0.161 0.145 0.149 sc
/GS1 gs
0.03 841.02 35.4 -6.11 re
f
/Cs5 CS 0.161 0.145 0.149 SC
0 J 0 j 0.3 w 10 M []0 d
28.347 841.076 m
28.347 805.006 l
S
286.3 22.8 22.68 -22.8 re
f
BT
/F4 1 Tf
10 0 0 10 289.2992 7.7671 Tm
1 1 1 sc
-0.0002 Tc
0 Tw
(600)Tj
/F2 1 Tf
7 0 0 7 35.4331 17.5374 Tm
0.161 0.145 0.149 sc
-0.0001 Tc
-0.0306 Tw
[(Swissmedic Jour)-17.9(nal)-1111.9(9/2002)]TJ
ET
Q
q
1 i 
56.63 792.59 511.35 -760.63 re
121.683 17.537 m
W* n
-9 851 613 -860 re
0 841 m
W n
0.03 841.02 595.02 -841.02 re
W n
/GS1 gs
q
499.0001 0 0 632.9052 70.55 153.4 cm
/Im10 Do
Q
Q

q
1 i 
-9 851 613 -860 re
0 841 m
W n
0.03 841.02 595.02 -841.02 re
W n
BT
/F6 1 Tf
12.5 0 0 12.5 465.0797 811.7825 Tm
/Cs5 cs 0.161 0.145 0.149 sc
/GS1 gs
-0.0001 Tc
-0.0286 Tw
(Regulatory News)Tj
ET
/Cs5 CS 0.161 0.145 0.149 SC
0 J 0 j 0.3 w 10 M []0 d
42.8 805.15 m
567.2 805.15 l
S
Q
q
1 i 
361.69 850.5 198.43 -24.09 re
560.098 811.782 m
W* n
-9 851 613 -860 re
0 841 m
W n
0.03 841.02 595.02 -841.02 re
W n
q
2.7718 0 0 -0.3608 0 0 cm
/Cs5 CS 1 1 1 SC
0 J 0 j 0.5 w 10 M []0 d
/GS1 gs
130.36 -2360.21 m
130.36 -2287.903 l
S
0.992 0.992 0.992 SC
130.827 -2360.21 m
130.827 -2287.903 l
S
0.988 0.988 0.988 SC
131.293 -2360.21 m
131.293 -2287.903 l
S
0.98 0.98 0.984 SC
131.76 -2360.21 m
131.76 -2287.903 l
S
0.976 0.976 0.976 SC
132.226 -2360.21 m
132.226 -2287.903 l
S
0.973 0.973 0.973 SC
132.693 -2360.21 m
132.693 -2287.903 l
S
0.969 0.969 0.969 SC
133.159 -2360.21 m
133.159 -2287.903 l
S
0.965 0.965 0.969 SC
133.626 -2360.21 m
133.626 -2287.903 l
S
0.961 0.961 0.965 SC
134.092 -2360.21 m
134.092 -2287.903 l
S
0.957 0.957 0.961 SC
134.559 -2360.21 m
134.559 -2287.903 l
S
0.953 0.957 0.957 SC
135.025 -2360.21 m
135.025 -2287.903 l
S
0.949 0.953 0.953 SC
135.492 -2360.21 m
135.492 -2287.903 l
S
0.945 0.949 0.949 SC
135.958 -2360.21 m
135.958 -2287.903 l
S
0.945 0.945 0.949 SC
136.425 -2360.21 m
136.425 -2287.903 l
S
0.941 0.941 0.945 SC
136.891 -2360.21 m
136.891 -2287.903 l
S
0.937 0.937 0.941 SC
137.358 -2360.21 m
137.358 -2287.903 l
S
0.933 0.937 0.937 SC
137.824 -2360.21 m
137.824 -2287.903 l
S
0.929 0.933 0.933 SC
138.291 -2360.21 m
138.291 -2287.903 l
S
0.925 0.929 0.933 SC
138.757 -2360.21 m
138.757 -2287.903 l
S
0.922 0.925 0.929 SC
139.224 -2360.21 m
139.224 -2287.903 l
S
0.922 0.922 0.925 SC
139.69 -2360.21 m
139.69 -2287.903 l
S
0.918 0.922 0.922 SC
140.157 -2360.21 m
140.157 -2287.903 l
S
0.914 0.918 0.922 SC
140.623 -2360.21 m
140.623 -2287.903 l
S
0.91 0.914 0.918 SC
141.09 -2360.21 m
141.09 -2287.903 l
S
0.906 0.91 0.914 SC
141.556 -2360.21 m
141.556 -2287.903 l
S
0.902 0.906 0.91 SC
142.023 -2360.21 m
142.023 -2287.903 l
S
0.898 0.902 0.906 SC
142.489 -2360.21 m
142.489 -2287.903 l
S
0.898 0.898 0.902 SC
142.956 -2360.21 m
142.956 -2287.903 l
S
0.894 0.898 0.902 SC
143.422 -2360.21 m
143.422 -2287.903 l
S
0.89 0.894 0.898 SC
143.889 -2360.21 m
143.889 -2287.903 l
S
0.886 0.89 0.894 SC
144.355 -2360.21 m
144.355 -2287.903 l
S
0.882 0.886 0.89 SC
144.822 -2360.21 m
144.822 -2287.903 l
S
0.878 0.882 0.89 SC
145.288 -2360.21 m
145.288 -2287.903 l
S
0.875 0.882 0.886 SC
145.755 -2360.21 m
145.755 -2287.903 l
S
0.875 0.878 0.882 SC
146.221 -2360.21 m
146.221 -2287.903 l
S
0.871 0.875 0.878 SC
146.688 -2360.21 m
146.688 -2287.903 l
S
0.867 0.871 0.875 SC
147.154 -2360.21 m
147.154 -2287.903 l
S
0.863 0.867 0.875 SC
147.621 -2360.21 m
147.621 -2287.903 l
S
0.859 0.863 0.871 SC
148.087 -2360.21 m
148.087 -2287.903 l
S
0.855 0.863 0.867 SC
148.554 -2360.21 m
148.554 -2287.903 l
S
0.855 0.859 0.863 SC
149.02 -2360.21 m
149.02 -2287.903 l
S
0.851 0.855 0.859 SC
149.487 -2360.21 m
149.487 -2287.903 l
S
0.847 0.851 0.859 SC
149.953 -2360.21 m
149.953 -2287.903 l
S
0.843 0.847 0.855 SC
150.42 -2360.21 m
150.42 -2287.903 l
S
0.839 0.847 0.851 SC
150.886 -2360.21 m
150.886 -2287.903 l
S
0.835 0.843 0.847 SC
151.353 -2360.21 m
151.353 -2287.903 l
S
0.835 0.839 0.843 SC
151.819 -2360.21 m
151.819 -2287.903 l
S
0.831 0.835 0.843 SC
152.286 -2360.21 m
152.286 -2287.903 l
S
0.827 0.831 0.839 SC
152.752 -2360.21 m
152.752 -2287.903 l
S
0.824 0.831 0.835 SC
153.219 -2360.21 m
153.219 -2287.903 l
S
0.82 0.827 0.831 SC
153.685 -2360.21 m
153.685 -2287.903 l
S
0.816 0.824 0.831 SC
154.152 -2360.21 m
154.152 -2287.903 l
S
0.816 0.82 0.827 SC
154.618 -2360.21 m
154.618 -2287.903 l
S
0.812 0.816 0.824 SC
155.085 -2360.21 m
155.085 -2287.903 l
S
0.808 0.812 0.82 SC
155.551 -2360.21 m
155.551 -2287.903 l
S
0.804 0.812 0.816 SC
156.018 -2360.21 m
156.018 -2287.903 l
S
0.8 0.808 0.816 SC
156.484 -2360.21 m
156.484 -2287.903 l
S
0.796 0.804 0.812 SC
156.951 -2360.21 m
156.951 -2287.903 l
S
0.796 0.8 0.808 SC
157.417 -2360.21 m
157.417 -2287.903 l
S
0.792 0.796 0.804 SC
157.884 -2360.21 m
157.884 -2287.903 l
S
0.788 0.796 0.8 SC
158.35 -2360.21 m
158.35 -2287.903 l
S
0.784 0.792 0.8 SC
158.817 -2360.21 m
158.817 -2287.903 l
S
0.78 0.788 0.796 SC
159.283 -2360.21 m
159.283 -2287.903 l
S
0.776 0.784 0.792 SC
159.75 -2360.21 m
159.75 -2287.903 l
S
0.776 0.78 0.788 SC
160.216 -2360.21 m
160.216 -2287.903 l
S
0.773 0.776 0.784 SC
160.683 -2360.21 m
160.683 -2287.903 l
S
0.769 0.776 0.784 SC
161.149 -2360.21 m
161.149 -2287.903 l
S
0.765 0.773 0.78 SC
161.616 -2360.21 m
161.616 -2287.903 l
S
0.761 0.769 0.776 SC
162.082 -2360.21 m
162.082 -2287.903 l
S
0.757 0.765 0.773 SC
162.549 -2360.21 m
162.549 -2287.903 l
S
0.753 0.761 0.769 SC
163.015 -2360.21 m
163.015 -2287.903 l
163.482 -2360.21 m
163.482 -2287.903 l
S
0.749 0.757 0.765 SC
163.948 -2360.21 m
163.948 -2287.903 l
S
0.745 0.753 0.761 SC
164.415 -2360.21 m
164.415 -2287.903 l
S
0.741 0.749 0.757 SC
164.881 -2360.21 m
164.881 -2287.903 l
S
0.737 0.745 0.753 SC
165.348 -2360.21 m
165.348 -2287.903 l
S
0.733 0.741 0.753 SC
165.814 -2360.21 m
165.814 -2287.903 l
S
0.733 0.741 0.749 SC
166.281 -2360.21 m
166.281 -2287.903 l
166.747 -2360.21 m
166.747 -2287.903 l
S
0.729 0.737 0.745 SC
167.214 -2360.21 m
167.214 -2287.903 l
S
0.725 0.733 0.741 SC
167.68 -2360.21 m
167.68 -2287.903 l
S
0.722 0.729 0.737 SC
168.147 -2360.21 m
168.147 -2287.903 l
S
0.718 0.725 0.737 SC
168.613 -2360.21 m
168.613 -2287.903 l
S
0.714 0.722 0.733 SC
169.08 -2360.21 m
169.08 -2287.903 l
S
0.714 0.722 0.729 SC
169.546 -2360.21 m
169.546 -2287.903 l
S
0.71 0.718 0.725 SC
170.013 -2360.21 m
170.013 -2287.903 l
S
0.706 0.714 0.722 SC
170.479 -2360.21 m
170.479 -2287.903 l
S
0.702 0.71 0.722 SC
170.946 -2360.21 m
170.946 -2287.903 l
S
0.698 0.706 0.718 SC
171.412 -2360.21 m
171.412 -2287.903 l
S
0.698 0.706 0.714 SC
171.879 -2360.21 m
171.879 -2287.903 l
S
0.694 0.702 0.71 SC
172.345 -2360.21 m
172.345 -2287.903 l
S
0.69 0.698 0.706 SC
172.812 -2360.21 m
172.812 -2287.903 l
S
0.686 0.694 0.706 SC
173.278 -2360.21 m
173.278 -2287.903 l
S
0.682 0.69 0.702 SC
173.745 -2360.21 m
173.745 -2287.903 l
S
0.682 0.69 0.698 SC
174.211 -2360.21 m
174.211 -2287.903 l
S
0.678 0.686 0.694 SC
174.678 -2360.21 m
174.678 -2287.903 l
S
0.675 0.682 0.69 SC
175.144 -2360.21 m
175.144 -2287.903 l
S
0.671 0.678 0.69 SC
175.611 -2360.21 m
175.611 -2287.903 l
S
0.667 0.675 0.686 SC
176.077 -2360.21 m
176.077 -2287.903 l
S
0.663 0.675 0.682 SC
176.544 -2360.21 m
176.544 -2287.903 l
S
0.663 0.671 0.678 SC
177.01 -2360.21 m
177.01 -2287.903 l
S
0.659 0.667 0.678 SC
177.477 -2360.21 m
177.477 -2287.903 l
S
0.655 0.663 0.675 SC
177.943 -2360.21 m
177.943 -2287.903 l
S
0.651 0.659 0.671 SC
178.41 -2360.21 m
178.41 -2287.903 l
S
0.651 0.659 0.667 SC
178.876 -2360.21 m
178.876 -2287.903 l
S
0.647 0.655 0.663 SC
179.343 -2360.21 m
179.343 -2287.903 l
S
0.643 0.651 0.663 SC
179.809 -2360.21 m
179.809 -2287.903 l
S
0.639 0.647 0.659 SC
180.276 -2360.21 m
180.276 -2287.903 l
S
0.635 0.643 0.655 SC
180.742 -2360.21 m
180.742 -2287.903 l
S
0.635 0.643 0.651 SC
181.209 -2360.21 m
181.209 -2287.903 l
S
0.631 0.639 0.647 SC
181.675 -2360.21 m
181.675 -2287.903 l
S
0.627 0.635 0.647 SC
182.142 -2360.21 m
182.142 -2287.903 l
S
0.624 0.631 0.643 SC
182.608 -2360.21 m
182.608 -2287.903 l
S
0.62 0.631 0.639 SC
183.075 -2360.21 m
183.075 -2287.903 l
S
0.62 0.627 0.635 SC
183.541 -2360.21 m
183.541 -2287.903 l
S
0.616 0.624 0.635 SC
184.008 -2360.21 m
184.008 -2287.903 l
S
0.612 0.62 0.631 SC
184.474 -2360.21 m
184.474 -2287.903 l
S
0.608 0.616 0.627 SC
184.941 -2360.21 m
184.941 -2287.903 l
S
0.608 0.616 0.624 SC
185.407 -2360.21 m
185.407 -2287.903 l
S
0.604 0.612 0.624 SC
185.874 -2360.21 m
185.874 -2287.903 l
S
0.6 0.608 0.62 SC
186.34 -2360.21 m
186.34 -2287.903 l
S
0.596 0.604 0.616 SC
186.806 -2360.21 m
186.806 -2287.903 l
S
0.596 0.604 0.612 SC
187.273 -2360.21 m
187.273 -2287.903 l
S
0.592 0.6 0.608 SC
187.739 -2360.21 m
187.739 -2287.903 l
S
0.588 0.596 0.608 SC
188.206 -2360.21 m
188.206 -2287.903 l
S
0.584 0.592 0.604 SC
188.672 -2360.21 m
188.672 -2287.903 l
S
0.584 0.592 0.6 SC
189.139 -2360.21 m
189.139 -2287.903 l
S
0.58 0.588 0.596 SC
189.605 -2360.21 m
189.605 -2287.903 l
S
0.576 0.584 0.596 SC
190.072 -2360.21 m
190.072 -2287.903 l
S
0.573 0.58 0.592 SC
190.538 -2360.21 m
190.538 -2287.903 l
S
0.573 0.58 0.588 SC
191.005 -2360.21 m
191.005 -2287.903 l
S
0.569 0.576 0.588 SC
191.471 -2360.21 m
191.471 -2287.903 l
S
0.565 0.573 0.584 SC
191.938 -2360.21 m
191.938 -2287.903 l
S
0.561 0.569 0.58 SC
192.404 -2360.21 m
192.404 -2287.903 l
S
0.561 0.569 0.576 SC
192.871 -2360.21 m
192.871 -2287.903 l
S
0.557 0.565 0.576 SC
193.337 -2360.21 m
193.337 -2287.903 l
S
0.553 0.561 0.573 SC
193.804 -2360.21 m
193.804 -2287.903 l
S
0.549 0.557 0.569 SC
194.27 -2360.21 m
194.27 -2287.903 l
S
0.549 0.557 0.565 SC
194.737 -2360.21 m
194.737 -2287.903 l
S
0.545 0.553 0.565 SC
195.203 -2360.21 m
195.203 -2287.903 l
S
0.541 0.549 0.561 SC
195.67 -2360.21 m
195.67 -2287.903 l
S
0.537 0.545 0.557 SC
196.136 -2360.21 m
196.136 -2287.903 l
S
0.537 0.545 0.553 SC
196.603 -2360.21 m
196.603 -2287.903 l
S
0.533 0.541 0.553 SC
197.069 -2360.21 m
197.069 -2287.903 l
S
0.529 0.537 0.549 SC
197.536 -2360.21 m
197.536 -2287.903 l
S
0.529 0.533 0.545 SC
198.002 -2360.21 m
198.002 -2287.903 l
S
0.525 0.533 0.541 SC
198.469 -2360.21 m
198.469 -2287.903 l
S
0.522 0.529 0.541 SC
198.935 -2360.21 m
198.935 -2287.903 l
S
0.518 0.525 0.537 SC
199.402 -2360.21 m
199.402 -2287.903 l
S
0.518 0.525 0.533 SC
199.868 -2360.21 m
199.868 -2287.903 l
S
0.514 0.522 0.529 SC
200.335 -2360.21 m
200.335 -2287.903 l
S
0.51 0.518 0.529 SC
200.801 -2360.21 m
200.801 -2287.903 l
S
0.51 0.514 0.525 SC
201.268 -2360.21 m
201.268 -2287.903 l
S
0.506 0.514 0.522 SC
201.734 -2360.21 m
201.734 -2287.903 l
S
0.502 0.51 0.518 SC
202.201 -2360.21 m
202.201 -2287.903 l
S
Q
Q
q
1 i 
-9 851 613 -860 re
0 841 m
W n
0.03 841.02 595.02 -841.02 re
W n
/Cs5 cs 0.161 0.145 0.149 sc
/GS1 gs
560.12 841.02 34.93 -6.11 re
f
/Cs5 CS 0.161 0.145 0.149 SC
0 J 0 j 0.3 w 10 M []0 d
567.202 840.678 m
567.202 804.948 l
S
286.57 22.8 22.68 -22.8 re
f
BT
/F4 1 Tf
10 0 0 10 289.5747 7.7671 Tm
1 1 1 sc
-0.0002 Tc
0 Tw
(601)Tj
/F2 1 Tf
7 0 0 7 473.8676 17.5374 Tm
0.161 0.145 0.149 sc
-0.0001 Tc
-0.0306 Tw
[(Swissmedic Jour)-17.9(nal)-1111.9(9/2002)]TJ
ET
Q
q
1 i 
22.61 791.01 520.67 -759.68 re
560.117 17.537 m
W* n
-9 851 613 -860 re
0 841 m
W n
0.03 841.02 595.02 -841.02 re
W n
/GS1 gs
q
498.0001 0 0 703.9729 37.82 82.4299 cm
/Im11 Do
Q
Q

q
1 i 
-9 851 613 -860 re
0 841 m
W n
0.03 841.02 595.02 -841.02 re
W n
BT
/F6 1 Tf
12.5 0 0 12.5 34.4488 811.7822 Tm
/Cs5 cs 0.161 0.145 0.149 sc
/GS1 gs
-0.0001 Tc
-0.0286 Tw
(Regulatory News)Tj
ET
/Cs5 CS 0.161 0.145 0.149 SC
0 J 0 j 0.3 w 10 M []0 d
28.35 805.15 m
552.76 805.15 l
S
Q
q
1 i 
35.43 850.5 198.43 -24.09 re
129.467 811.782 m
W* n
-9 851 613 -860 re
0 841 m
W n
0.03 841.02 595.02 -841.02 re
W n
q
2.7718 0 0 -0.3608 0 0 cm
/Cs5 CS 0.502 0.51 0.518 SC
0 J 0 j 0.5 w 10 M []0 d
/GS1 gs
12.655 -2360.21 m
12.655 -2287.903 l
S
0.506 0.514 0.522 SC
13.121 -2360.21 m
13.121 -2287.903 l
S
0.51 0.514 0.525 SC
13.588 -2360.21 m
13.588 -2287.903 l
S
0.51 0.518 0.529 SC
14.054 -2360.21 m
14.054 -2287.903 l
S
0.514 0.522 0.529 SC
14.521 -2360.21 m
14.521 -2287.903 l
S
0.518 0.525 0.533 SC
14.987 -2360.21 m
14.987 -2287.903 l
S
0.518 0.525 0.537 SC
15.454 -2360.21 m
15.454 -2287.903 l
S
0.522 0.529 0.541 SC
15.92 -2360.21 m
15.92 -2287.903 l
S
0.525 0.533 0.541 SC
16.387 -2360.21 m
16.387 -2287.903 l
S
0.529 0.533 0.545 SC
16.853 -2360.21 m
16.853 -2287.903 l
S
0.529 0.537 0.549 SC
17.32 -2360.21 m
17.32 -2287.903 l
S
0.533 0.541 0.553 SC
17.786 -2360.21 m
17.786 -2287.903 l
S
0.537 0.545 0.553 SC
18.253 -2360.21 m
18.253 -2287.903 l
S
0.537 0.545 0.557 SC
18.719 -2360.21 m
18.719 -2287.903 l
S
0.541 0.549 0.561 SC
19.186 -2360.21 m
19.186 -2287.903 l
S
0.545 0.553 0.565 SC
19.652 -2360.21 m
19.652 -2287.903 l
S
0.549 0.557 0.565 SC
20.119 -2360.21 m
20.119 -2287.903 l
S
0.549 0.557 0.569 SC
20.585 -2360.21 m
20.585 -2287.903 l
S
0.553 0.561 0.573 SC
21.052 -2360.21 m
21.052 -2287.903 l
S
0.557 0.565 0.576 SC
21.518 -2360.21 m
21.518 -2287.903 l
S
0.561 0.569 0.576 SC
21.985 -2360.21 m
21.985 -2287.903 l
S
0.561 0.569 0.58 SC
22.451 -2360.21 m
22.451 -2287.903 l
S
0.565 0.573 0.584 SC
22.918 -2360.21 m
22.918 -2287.903 l
S
0.569 0.576 0.588 SC
23.384 -2360.21 m
23.384 -2287.903 l
S
0.573 0.58 0.588 SC
23.851 -2360.21 m
23.851 -2287.903 l
S
0.573 0.58 0.592 SC
24.317 -2360.21 m
24.317 -2287.903 l
S
0.576 0.584 0.596 SC
24.784 -2360.21 m
24.784 -2287.903 l
S
0.58 0.588 0.596 SC
25.25 -2360.21 m
25.25 -2287.903 l
S
0.584 0.592 0.6 SC
25.717 -2360.21 m
25.717 -2287.903 l
S
0.584 0.592 0.604 SC
26.183 -2360.21 m
26.183 -2287.903 l
S
0.588 0.596 0.608 SC
26.65 -2360.21 m
26.65 -2287.903 l
S
0.592 0.6 0.608 SC
27.116 -2360.21 m
27.116 -2287.903 l
S
0.596 0.604 0.612 SC
27.583 -2360.21 m
27.583 -2287.903 l
S
0.596 0.604 0.616 SC
28.049 -2360.21 m
28.049 -2287.903 l
S
0.6 0.608 0.62 SC
28.516 -2360.21 m
28.516 -2287.903 l
S
0.604 0.612 0.624 SC
28.982 -2360.21 m
28.982 -2287.903 l
S
0.608 0.616 0.624 SC
29.449 -2360.21 m
29.449 -2287.903 l
S
0.608 0.616 0.627 SC
29.915 -2360.21 m
29.915 -2287.903 l
S
0.612 0.62 0.631 SC
30.382 -2360.21 m
30.382 -2287.903 l
S
0.616 0.624 0.635 SC
30.848 -2360.21 m
30.848 -2287.903 l
S
0.62 0.627 0.635 SC
31.315 -2360.21 m
31.315 -2287.903 l
S
0.62 0.631 0.639 SC
31.781 -2360.21 m
31.781 -2287.903 l
S
0.624 0.631 0.643 SC
32.248 -2360.21 m
32.248 -2287.903 l
S
0.627 0.635 0.647 SC
32.714 -2360.21 m
32.714 -2287.903 l
S
0.631 0.639 0.647 SC
33.181 -2360.21 m
33.181 -2287.903 l
S
0.635 0.643 0.651 SC
33.647 -2360.21 m
33.647 -2287.903 l
S
0.635 0.643 0.655 SC
34.113 -2360.21 m
34.113 -2287.903 l
S
0.639 0.647 0.659 SC
34.58 -2360.21 m
34.58 -2287.903 l
S
0.643 0.651 0.663 SC
35.046 -2360.21 m
35.046 -2287.903 l
S
0.647 0.655 0.663 SC
35.513 -2360.21 m
35.513 -2287.903 l
S
0.651 0.659 0.667 SC
35.979 -2360.21 m
35.979 -2287.903 l
S
0.651 0.659 0.671 SC
36.446 -2360.21 m
36.446 -2287.903 l
S
0.655 0.663 0.675 SC
36.912 -2360.21 m
36.912 -2287.903 l
S
0.659 0.667 0.678 SC
37.379 -2360.21 m
37.379 -2287.903 l
S
0.663 0.671 0.678 SC
37.845 -2360.21 m
37.845 -2287.903 l
S
0.663 0.675 0.682 SC
38.312 -2360.21 m
38.312 -2287.903 l
S
0.667 0.675 0.686 SC
38.778 -2360.21 m
38.778 -2287.903 l
S
0.671 0.678 0.69 SC
39.245 -2360.21 m
39.245 -2287.903 l
S
0.675 0.682 0.69 SC
39.711 -2360.21 m
39.711 -2287.903 l
S
0.678 0.686 0.694 SC
40.178 -2360.21 m
40.178 -2287.903 l
S
0.682 0.69 0.698 SC
40.644 -2360.21 m
40.644 -2287.903 l
S
0.682 0.69 0.702 SC
41.111 -2360.21 m
41.111 -2287.903 l
S
0.686 0.694 0.706 SC
41.577 -2360.21 m
41.577 -2287.903 l
S
0.69 0.698 0.706 SC
42.044 -2360.21 m
42.044 -2287.903 l
S
0.694 0.702 0.71 SC
42.51 -2360.21 m
42.51 -2287.903 l
S
0.698 0.706 0.714 SC
42.977 -2360.21 m
42.977 -2287.903 l
S
0.698 0.706 0.718 SC
43.443 -2360.21 m
43.443 -2287.903 l
S
0.702 0.71 0.722 SC
43.91 -2360.21 m
43.91 -2287.903 l
S
0.706 0.714 0.722 SC
44.376 -2360.21 m
44.376 -2287.903 l
S
0.71 0.718 0.725 SC
44.843 -2360.21 m
44.843 -2287.903 l
S
0.714 0.722 0.729 SC
45.309 -2360.21 m
45.309 -2287.903 l
S
0.714 0.722 0.733 SC
45.776 -2360.21 m
45.776 -2287.903 l
S
0.718 0.725 0.737 SC
46.242 -2360.21 m
46.242 -2287.903 l
S
0.722 0.729 0.737 SC
46.709 -2360.21 m
46.709 -2287.903 l
S
0.725 0.733 0.741 SC
47.175 -2360.21 m
47.175 -2287.903 l
S
0.729 0.737 0.745 SC
47.642 -2360.21 m
47.642 -2287.903 l
S
0.733 0.741 0.749 SC
48.108 -2360.21 m
48.108 -2287.903 l
S
0.733 0.741 0.753 SC
48.575 -2360.21 m
48.575 -2287.903 l
49.041 -2360.21 m
49.041 -2287.903 l
S
0.737 0.745 0.753 SC
49.508 -2360.21 m
49.508 -2287.903 l
S
0.741 0.749 0.757 SC
49.974 -2360.21 m
49.974 -2287.903 l
S
0.745 0.753 0.761 SC
50.441 -2360.21 m
50.441 -2287.903 l
S
0.749 0.757 0.765 SC
50.907 -2360.21 m
50.907 -2287.903 l
S
0.753 0.761 0.769 SC
51.374 -2360.21 m
51.374 -2287.903 l
51.84 -2360.21 m
51.84 -2287.903 l
S
0.757 0.765 0.773 SC
52.307 -2360.21 m
52.307 -2287.903 l
S
0.761 0.769 0.776 SC
52.773 -2360.21 m
52.773 -2287.903 l
S
0.765 0.773 0.78 SC
53.24 -2360.21 m
53.24 -2287.903 l
S
0.769 0.776 0.784 SC
53.706 -2360.21 m
53.706 -2287.903 l
S
0.773 0.776 0.784 SC
54.173 -2360.21 m
54.173 -2287.903 l
S
0.776 0.78 0.788 SC
54.639 -2360.21 m
54.639 -2287.903 l
S
0.776 0.784 0.792 SC
55.106 -2360.21 m
55.106 -2287.903 l
S
0.78 0.788 0.796 SC
55.572 -2360.21 m
55.572 -2287.903 l
S
0.784 0.792 0.8 SC
56.039 -2360.21 m
56.039 -2287.903 l
S
0.788 0.796 0.8 SC
56.505 -2360.21 m
56.505 -2287.903 l
S
0.792 0.796 0.804 SC
56.972 -2360.21 m
56.972 -2287.903 l
S
0.796 0.8 0.808 SC
57.438 -2360.21 m
57.438 -2287.903 l
S
0.796 0.804 0.812 SC
57.905 -2360.21 m
57.905 -2287.903 l
S
0.8 0.808 0.816 SC
58.371 -2360.21 m
58.371 -2287.903 l
S
0.804 0.812 0.816 SC
58.838 -2360.21 m
58.838 -2287.903 l
S
0.808 0.812 0.82 SC
59.304 -2360.21 m
59.304 -2287.903 l
S
0.812 0.816 0.824 SC
59.771 -2360.21 m
59.771 -2287.903 l
S
0.816 0.82 0.827 SC
60.237 -2360.21 m
60.237 -2287.903 l
S
0.816 0.824 0.831 SC
60.704 -2360.21 m
60.704 -2287.903 l
S
0.82 0.827 0.831 SC
61.17 -2360.21 m
61.17 -2287.903 l
S
0.824 0.831 0.835 SC
61.637 -2360.21 m
61.637 -2287.903 l
S
0.827 0.831 0.839 SC
62.103 -2360.21 m
62.103 -2287.903 l
S
0.831 0.835 0.843 SC
62.57 -2360.21 m
62.57 -2287.903 l
S
0.835 0.839 0.843 SC
63.036 -2360.21 m
63.036 -2287.903 l
S
0.835 0.843 0.847 SC
63.503 -2360.21 m
63.503 -2287.903 l
S
0.839 0.847 0.851 SC
63.969 -2360.21 m
63.969 -2287.903 l
S
0.843 0.847 0.855 SC
64.436 -2360.21 m
64.436 -2287.903 l
S
0.847 0.851 0.859 SC
64.902 -2360.21 m
64.902 -2287.903 l
S
0.851 0.855 0.859 SC
65.369 -2360.21 m
65.369 -2287.903 l
S
0.855 0.859 0.863 SC
65.835 -2360.21 m
65.835 -2287.903 l
S
0.855 0.863 0.867 SC
66.302 -2360.21 m
66.302 -2287.903 l
S
0.859 0.863 0.871 SC
66.768 -2360.21 m
66.768 -2287.903 l
S
0.863 0.867 0.875 SC
67.235 -2360.21 m
67.235 -2287.903 l
S
0.867 0.871 0.875 SC
67.701 -2360.21 m
67.701 -2287.903 l
S
0.871 0.875 0.878 SC
68.168 -2360.21 m
68.168 -2287.903 l
S
0.875 0.878 0.882 SC
68.634 -2360.21 m
68.634 -2287.903 l
S
0.875 0.882 0.886 SC
69.101 -2360.21 m
69.101 -2287.903 l
S
0.878 0.882 0.89 SC
69.567 -2360.21 m
69.567 -2287.903 l
S
0.882 0.886 0.89 SC
70.034 -2360.21 m
70.034 -2287.903 l
S
0.886 0.89 0.894 SC
70.5 -2360.21 m
70.5 -2287.903 l
S
0.89 0.894 0.898 SC
70.967 -2360.21 m
70.967 -2287.903 l
S
0.894 0.898 0.902 SC
71.433 -2360.21 m
71.433 -2287.903 l
S
0.898 0.898 0.902 SC
71.9 -2360.21 m
71.9 -2287.903 l
S
0.898 0.902 0.906 SC
72.366 -2360.21 m
72.366 -2287.903 l
S
0.902 0.906 0.91 SC
72.833 -2360.21 m
72.833 -2287.903 l
S
0.906 0.91 0.914 SC
73.299 -2360.21 m
73.299 -2287.903 l
S
0.91 0.914 0.918 SC
73.766 -2360.21 m
73.766 -2287.903 l
S
0.914 0.918 0.922 SC
74.232 -2360.21 m
74.232 -2287.903 l
S
0.918 0.922 0.922 SC
74.699 -2360.21 m
74.699 -2287.903 l
S
0.922 0.922 0.925 SC
75.165 -2360.21 m
75.165 -2287.903 l
S
0.922 0.925 0.929 SC
75.632 -2360.21 m
75.632 -2287.903 l
S
0.925 0.929 0.933 SC
76.098 -2360.21 m
76.098 -2287.903 l
S
0.929 0.933 0.933 SC
76.565 -2360.21 m
76.565 -2287.903 l
S
0.933 0.937 0.937 SC
77.031 -2360.21 m
77.031 -2287.903 l
S
0.937 0.937 0.941 SC
77.498 -2360.21 m
77.498 -2287.903 l
S
0.941 0.941 0.945 SC
77.964 -2360.21 m
77.964 -2287.903 l
S
0.945 0.945 0.949 SC
78.431 -2360.21 m
78.431 -2287.903 l
S
0.945 0.949 0.949 SC
78.897 -2360.21 m
78.897 -2287.903 l
S
0.949 0.953 0.953 SC
79.364 -2360.21 m
79.364 -2287.903 l
S
0.953 0.957 0.957 SC
79.83 -2360.21 m
79.83 -2287.903 l
S
0.957 0.957 0.961 SC
80.297 -2360.21 m
80.297 -2287.903 l
S
0.961 0.961 0.965 SC
80.763 -2360.21 m
80.763 -2287.903 l
S
0.965 0.965 0.969 SC
81.23 -2360.21 m
81.23 -2287.903 l
S
0.969 0.969 0.969 SC
81.696 -2360.21 m
81.696 -2287.903 l
S
0.973 0.973 0.973 SC
82.163 -2360.21 m
82.163 -2287.903 l
S
0.976 0.976 0.976 SC
82.629 -2360.21 m
82.629 -2287.903 l
S
0.98 0.98 0.984 SC
83.096 -2360.21 m
83.096 -2287.903 l
S
0.988 0.988 0.988 SC
83.562 -2360.21 m
83.562 -2287.903 l
S
0.992 0.992 0.992 SC
84.029 -2360.21 m
84.029 -2287.903 l
S
1 1 1 SC
84.495 -2360.21 m
84.495 -2287.903 l
S
Q
Q
q
1 i 
-9 851 613 -860 re
0 841 m
W n
0.03 841.02 595.02 -841.02 re
W n
/Cs5 cs 0.161 0.145 0.149 sc
/GS1 gs
0.03 841.02 35.4 -6.11 re
f
/Cs5 CS 0.161 0.145 0.149 SC
0 J 0 j 0.3 w 10 M []0 d
28.347 841.076 m
28.347 805.006 l
S
286.3 22.8 22.68 -22.8 re
f
BT
/F4 1 Tf
10 0 0 10 289.2992 7.7671 Tm
1 1 1 sc
-0.0002 Tc
0 Tw
(602)Tj
/F2 1 Tf
7 0 0 7 35.4331 17.5374 Tm
0.161 0.145 0.149 sc
-0.0001 Tc
-0.0306 Tw
[(Swissmedic Jour)-17.9(nal)-1111.9(9/2002)]TJ
ET
Q
q
1 i 
58.03 792.21 515.38 -762.6 re
121.683 17.537 m
W* n
-9 851 613 -860 re
0 841 m
W n
0.03 841.02 595.02 -841.02 re
W n
/GS1 gs
q
496 0 0 730.7855 69.17 57.0201 cm
/Im12 Do
Q
Q

q
1 i 
-9 851 613 -860 re
0 841 m
W n
0.03 841.02 595.02 -841.02 re
W n
BT
/F6 1 Tf
12.5 0 0 12.5 465.0797 811.7825 Tm
/Cs5 cs 0.161 0.145 0.149 sc
/GS1 gs
-0.0001 Tc
-0.0286 Tw
(Regulatory News)Tj
ET
/Cs5 CS 0.161 0.145 0.149 SC
0 J 0 j 0.3 w 10 M []0 d
42.8 805.15 m
567.2 805.15 l
S
Q
q
1 i 
361.69 850.5 198.43 -24.09 re
560.098 811.782 m
W* n
-9 851 613 -860 re
0 841 m
W n
0.03 841.02 595.02 -841.02 re
W n
q
2.7718 0 0 -0.3608 0 0 cm
/Cs5 CS 1 1 1 SC
0 J 0 j 0.5 w 10 M []0 d
/GS1 gs
130.36 -2360.21 m
130.36 -2287.903 l
S
0.992 0.992 0.992 SC
130.827 -2360.21 m
130.827 -2287.903 l
S
0.988 0.988 0.988 SC
131.293 -2360.21 m
131.293 -2287.903 l
S
0.98 0.98 0.984 SC
131.76 -2360.21 m
131.76 -2287.903 l
S
0.976 0.976 0.976 SC
132.226 -2360.21 m
132.226 -2287.903 l
S
0.973 0.973 0.973 SC
132.693 -2360.21 m
132.693 -2287.903 l
S
0.969 0.969 0.969 SC
133.159 -2360.21 m
133.159 -2287.903 l
S
0.965 0.965 0.969 SC
133.626 -2360.21 m
133.626 -2287.903 l
S
0.961 0.961 0.965 SC
134.092 -2360.21 m
134.092 -2287.903 l
S
0.957 0.957 0.961 SC
134.559 -2360.21 m
134.559 -2287.903 l
S
0.953 0.957 0.957 SC
135.025 -2360.21 m
135.025 -2287.903 l
S
0.949 0.953 0.953 SC
135.492 -2360.21 m
135.492 -2287.903 l
S
0.945 0.949 0.949 SC
135.958 -2360.21 m
135.958 -2287.903 l
S
0.945 0.945 0.949 SC
136.425 -2360.21 m
136.425 -2287.903 l
S
0.941 0.941 0.945 SC
136.891 -2360.21 m
136.891 -2287.903 l
S
0.937 0.937 0.941 SC
137.358 -2360.21 m
137.358 -2287.903 l
S
0.933 0.937 0.937 SC
137.824 -2360.21 m
137.824 -2287.903 l
S
0.929 0.933 0.933 SC
138.291 -2360.21 m
138.291 -2287.903 l
S
0.925 0.929 0.933 SC
138.757 -2360.21 m
138.757 -2287.903 l
S
0.922 0.925 0.929 SC
139.224 -2360.21 m
139.224 -2287.903 l
S
0.922 0.922 0.925 SC
139.69 -2360.21 m
139.69 -2287.903 l
S
0.918 0.922 0.922 SC
140.157 -2360.21 m
140.157 -2287.903 l
S
0.914 0.918 0.922 SC
140.623 -2360.21 m
140.623 -2287.903 l
S
0.91 0.914 0.918 SC
141.09 -2360.21 m
141.09 -2287.903 l
S
0.906 0.91 0.914 SC
141.556 -2360.21 m
141.556 -2287.903 l
S
0.902 0.906 0.91 SC
142.023 -2360.21 m
142.023 -2287.903 l
S
0.898 0.902 0.906 SC
142.489 -2360.21 m
142.489 -2287.903 l
S
0.898 0.898 0.902 SC
142.956 -2360.21 m
142.956 -2287.903 l
S
0.894 0.898 0.902 SC
143.422 -2360.21 m
143.422 -2287.903 l
S
0.89 0.894 0.898 SC
143.889 -2360.21 m
143.889 -2287.903 l
S
0.886 0.89 0.894 SC
144.355 -2360.21 m
144.355 -2287.903 l
S
0.882 0.886 0.89 SC
144.822 -2360.21 m
144.822 -2287.903 l
S
0.878 0.882 0.89 SC
145.288 -2360.21 m
145.288 -2287.903 l
S
0.875 0.882 0.886 SC
145.755 -2360.21 m
145.755 -2287.903 l
S
0.875 0.878 0.882 SC
146.221 -2360.21 m
146.221 -2287.903 l
S
0.871 0.875 0.878 SC
146.688 -2360.21 m
146.688 -2287.903 l
S
0.867 0.871 0.875 SC
147.154 -2360.21 m
147.154 -2287.903 l
S
0.863 0.867 0.875 SC
147.621 -2360.21 m
147.621 -2287.903 l
S
0.859 0.863 0.871 SC
148.087 -2360.21 m
148.087 -2287.903 l
S
0.855 0.863 0.867 SC
148.554 -2360.21 m
148.554 -2287.903 l
S
0.855 0.859 0.863 SC
149.02 -2360.21 m
149.02 -2287.903 l
S
0.851 0.855 0.859 SC
149.487 -2360.21 m
149.487 -2287.903 l
S
0.847 0.851 0.859 SC
149.953 -2360.21 m
149.953 -2287.903 l
S
0.843 0.847 0.855 SC
150.42 -2360.21 m
150.42 -2287.903 l
S
0.839 0.847 0.851 SC
150.886 -2360.21 m
150.886 -2287.903 l
S
0.835 0.843 0.847 SC
151.353 -2360.21 m
151.353 -2287.903 l
S
0.835 0.839 0.843 SC
151.819 -2360.21 m
151.819 -2287.903 l
S
0.831 0.835 0.843 SC
152.286 -2360.21 m
152.286 -2287.903 l
S
0.827 0.831 0.839 SC
152.752 -2360.21 m
152.752 -2287.903 l
S
0.824 0.831 0.835 SC
153.219 -2360.21 m
153.219 -2287.903 l
S
0.82 0.827 0.831 SC
153.685 -2360.21 m
153.685 -2287.903 l
S
0.816 0.824 0.831 SC
154.152 -2360.21 m
154.152 -2287.903 l
S
0.816 0.82 0.827 SC
154.618 -2360.21 m
154.618 -2287.903 l
S
0.812 0.816 0.824 SC
155.085 -2360.21 m
155.085 -2287.903 l
S
0.808 0.812 0.82 SC
155.551 -2360.21 m
155.551 -2287.903 l
S
0.804 0.812 0.816 SC
156.018 -2360.21 m
156.018 -2287.903 l
S
0.8 0.808 0.816 SC
156.484 -2360.21 m
156.484 -2287.903 l
S
0.796 0.804 0.812 SC
156.951 -2360.21 m
156.951 -2287.903 l
S
0.796 0.8 0.808 SC
157.417 -2360.21 m
157.417 -2287.903 l
S
0.792 0.796 0.804 SC
157.884 -2360.21 m
157.884 -2287.903 l
S
0.788 0.796 0.8 SC
158.35 -2360.21 m
158.35 -2287.903 l
S
0.784 0.792 0.8 SC
158.817 -2360.21 m
158.817 -2287.903 l
S
0.78 0.788 0.796 SC
159.283 -2360.21 m
159.283 -2287.903 l
S
0.776 0.784 0.792 SC
159.75 -2360.21 m
159.75 -2287.903 l
S
0.776 0.78 0.788 SC
160.216 -2360.21 m
160.216 -2287.903 l
S
0.773 0.776 0.784 SC
160.683 -2360.21 m
160.683 -2287.903 l
S
0.769 0.776 0.784 SC
161.149 -2360.21 m
161.149 -2287.903 l
S
0.765 0.773 0.78 SC
161.616 -2360.21 m
161.616 -2287.903 l
S
0.761 0.769 0.776 SC
162.082 -2360.21 m
162.082 -2287.903 l
S
0.757 0.765 0.773 SC
162.549 -2360.21 m
162.549 -2287.903 l
S
0.753 0.761 0.769 SC
163.015 -2360.21 m
163.015 -2287.903 l
163.482 -2360.21 m
163.482 -2287.903 l
S
0.749 0.757 0.765 SC
163.948 -2360.21 m
163.948 -2287.903 l
S
0.745 0.753 0.761 SC
164.415 -2360.21 m
164.415 -2287.903 l
S
0.741 0.749 0.757 SC
164.881 -2360.21 m
164.881 -2287.903 l
S
0.737 0.745 0.753 SC
165.348 -2360.21 m
165.348 -2287.903 l
S
0.733 0.741 0.753 SC
165.814 -2360.21 m
165.814 -2287.903 l
S
0.733 0.741 0.749 SC
166.281 -2360.21 m
166.281 -2287.903 l
166.747 -2360.21 m
166.747 -2287.903 l
S
0.729 0.737 0.745 SC
167.214 -2360.21 m
167.214 -2287.903 l
S
0.725 0.733 0.741 SC
167.68 -2360.21 m
167.68 -2287.903 l
S
0.722 0.729 0.737 SC
168.147 -2360.21 m
168.147 -2287.903 l
S
0.718 0.725 0.737 SC
168.613 -2360.21 m
168.613 -2287.903 l
S
0.714 0.722 0.733 SC
169.08 -2360.21 m
169.08 -2287.903 l
S
0.714 0.722 0.729 SC
169.546 -2360.21 m
169.546 -2287.903 l
S
0.71 0.718 0.725 SC
170.013 -2360.21 m
170.013 -2287.903 l
S
0.706 0.714 0.722 SC
170.479 -2360.21 m
170.479 -2287.903 l
S
0.702 0.71 0.722 SC
170.946 -2360.21 m
170.946 -2287.903 l
S
0.698 0.706 0.718 SC
171.412 -2360.21 m
171.412 -2287.903 l
S
0.698 0.706 0.714 SC
171.879 -2360.21 m
171.879 -2287.903 l
S
0.694 0.702 0.71 SC
172.345 -2360.21 m
172.345 -2287.903 l
S
0.69 0.698 0.706 SC
172.812 -2360.21 m
172.812 -2287.903 l
S
0.686 0.694 0.706 SC
173.278 -2360.21 m
173.278 -2287.903 l
S
0.682 0.69 0.702 SC
173.745 -2360.21 m
173.745 -2287.903 l
S
0.682 0.69 0.698 SC
174.211 -2360.21 m
174.211 -2287.903 l
S
0.678 0.686 0.694 SC
174.678 -2360.21 m
174.678 -2287.903 l
S
0.675 0.682 0.69 SC
175.144 -2360.21 m
175.144 -2287.903 l
S
0.671 0.678 0.69 SC
175.611 -2360.21 m
175.611 -2287.903 l
S
0.667 0.675 0.686 SC
176.077 -2360.21 m
176.077 -2287.903 l
S
0.663 0.675 0.682 SC
176.544 -2360.21 m
176.544 -2287.903 l
S
0.663 0.671 0.678 SC
177.01 -2360.21 m
177.01 -2287.903 l
S
0.659 0.667 0.678 SC
177.477 -2360.21 m
177.477 -2287.903 l
S
0.655 0.663 0.675 SC
177.943 -2360.21 m
177.943 -2287.903 l
S
0.651 0.659 0.671 SC
178.41 -2360.21 m
178.41 -2287.903 l
S
0.651 0.659 0.667 SC
178.876 -2360.21 m
178.876 -2287.903 l
S
0.647 0.655 0.663 SC
179.343 -2360.21 m
179.343 -2287.903 l
S
0.643 0.651 0.663 SC
179.809 -2360.21 m
179.809 -2287.903 l
S
0.639 0.647 0.659 SC
180.276 -2360.21 m
180.276 -2287.903 l
S
0.635 0.643 0.655 SC
180.742 -2360.21 m
180.742 -2287.903 l
S
0.635 0.643 0.651 SC
181.209 -2360.21 m
181.209 -2287.903 l
S
0.631 0.639 0.647 SC
181.675 -2360.21 m
181.675 -2287.903 l
S
0.627 0.635 0.647 SC
182.142 -2360.21 m
182.142 -2287.903 l
S
0.624 0.631 0.643 SC
182.608 -2360.21 m
182.608 -2287.903 l
S
0.62 0.631 0.639 SC
183.075 -2360.21 m
183.075 -2287.903 l
S
0.62 0.627 0.635 SC
183.541 -2360.21 m
183.541 -2287.903 l
S
0.616 0.624 0.635 SC
184.008 -2360.21 m
184.008 -2287.903 l
S
0.612 0.62 0.631 SC
184.474 -2360.21 m
184.474 -2287.903 l
S
0.608 0.616 0.627 SC
184.941 -2360.21 m
184.941 -2287.903 l
S
0.608 0.616 0.624 SC
185.407 -2360.21 m
185.407 -2287.903 l
S
0.604 0.612 0.624 SC
185.874 -2360.21 m
185.874 -2287.903 l
S
0.6 0.608 0.62 SC
186.34 -2360.21 m
186.34 -2287.903 l
S
0.596 0.604 0.616 SC
186.806 -2360.21 m
186.806 -2287.903 l
S
0.596 0.604 0.612 SC
187.273 -2360.21 m
187.273 -2287.903 l
S
0.592 0.6 0.608 SC
187.739 -2360.21 m
187.739 -2287.903 l
S
0.588 0.596 0.608 SC
188.206 -2360.21 m
188.206 -2287.903 l
S
0.584 0.592 0.604 SC
188.672 -2360.21 m
188.672 -2287.903 l
S
0.584 0.592 0.6 SC
189.139 -2360.21 m
189.139 -2287.903 l
S
0.58 0.588 0.596 SC
189.605 -2360.21 m
189.605 -2287.903 l
S
0.576 0.584 0.596 SC
190.072 -2360.21 m
190.072 -2287.903 l
S
0.573 0.58 0.592 SC
190.538 -2360.21 m
190.538 -2287.903 l
S
0.573 0.58 0.588 SC
191.005 -2360.21 m
191.005 -2287.903 l
S
0.569 0.576 0.588 SC
191.471 -2360.21 m
191.471 -2287.903 l
S
0.565 0.573 0.584 SC
191.938 -2360.21 m
191.938 -2287.903 l
S
0.561 0.569 0.58 SC
192.404 -2360.21 m
192.404 -2287.903 l
S
0.561 0.569 0.576 SC
192.871 -2360.21 m
192.871 -2287.903 l
S
0.557 0.565 0.576 SC
193.337 -2360.21 m
193.337 -2287.903 l
S
0.553 0.561 0.573 SC
193.804 -2360.21 m
193.804 -2287.903 l
S
0.549 0.557 0.569 SC
194.27 -2360.21 m
194.27 -2287.903 l
S
0.549 0.557 0.565 SC
194.737 -2360.21 m
194.737 -2287.903 l
S
0.545 0.553 0.565 SC
195.203 -2360.21 m
195.203 -2287.903 l
S
0.541 0.549 0.561 SC
195.67 -2360.21 m
195.67 -2287.903 l
S
0.537 0.545 0.557 SC
196.136 -2360.21 m
196.136 -2287.903 l
S
0.537 0.545 0.553 SC
196.603 -2360.21 m
196.603 -2287.903 l
S
0.533 0.541 0.553 SC
197.069 -2360.21 m
197.069 -2287.903 l
S
0.529 0.537 0.549 SC
197.536 -2360.21 m
197.536 -2287.903 l
S
0.529 0.533 0.545 SC
198.002 -2360.21 m
198.002 -2287.903 l
S
0.525 0.533 0.541 SC
198.469 -2360.21 m
198.469 -2287.903 l
S
0.522 0.529 0.541 SC
198.935 -2360.21 m
198.935 -2287.903 l
S
0.518 0.525 0.537 SC
199.402 -2360.21 m
199.402 -2287.903 l
S
0.518 0.525 0.533 SC
199.868 -2360.21 m
199.868 -2287.903 l
S
0.514 0.522 0.529 SC
200.335 -2360.21 m
200.335 -2287.903 l
S
0.51 0.518 0.529 SC
200.801 -2360.21 m
200.801 -2287.903 l
S
0.51 0.514 0.525 SC
201.268 -2360.21 m
201.268 -2287.903 l
S
0.506 0.514 0.522 SC
201.734 -2360.21 m
201.734 -2287.903 l
S
0.502 0.51 0.518 SC
202.201 -2360.21 m
202.201 -2287.903 l
S
Q
Q
q
1 i 
-9 851 613 -860 re
0 841 m
W n
0.03 841.02 595.02 -841.02 re
W n
/Cs5 cs 0.161 0.145 0.149 sc
/GS1 gs
560.12 841.02 34.93 -6.11 re
f
/Cs5 CS 0.161 0.145 0.149 SC
0 J 0 j 0.3 w 10 M []0 d
567.202 840.678 m
567.202 804.948 l
S
286.57 22.8 22.68 -22.8 re
f
BT
/F4 1 Tf
10 0 0 10 289.5747 7.7671 Tm
1 1 1 sc
-0.0002 Tc
0 Tw
(603)Tj
/F2 1 Tf
7 0 0 7 473.8676 17.5374 Tm
0.161 0.145 0.149 sc
-0.0001 Tc
-0.0306 Tw
[(Swissmedic Jour)-17.9(nal)-1111.9(9/2002)]TJ
ET
Q
q
1 i 
27.46 794.36 514.93 -764.75 re
560.117 17.537 m
W* n
-9 851 613 -860 re
0 841 m
W n
0.03 841.02 595.02 -841.02 re
W n
/GS1 gs
q
498 0 0 723.1248 36.74 64.92 cm
/Im13 Do
Q
Q

q
1 i 
-9 851 613 -860 re
0 841 m
W n
0.03 841.02 595.02 -841.02 re
W n
BT
/F6 1 Tf
12.5 0 0 12.5 34.4488 811.7822 Tm
/Cs5 cs 0.161 0.145 0.149 sc
/GS1 gs
-0.0001 Tc
-0.0286 Tw
(Regulatory News)Tj
ET
/Cs5 CS 0.161 0.145 0.149 SC
0 J 0 j 0.3 w 10 M []0 d
28.35 805.15 m
552.76 805.15 l
S
Q
q
1 i 
35.43 850.5 198.43 -24.09 re
129.467 811.782 m
W* n
-9 851 613 -860 re
0 841 m
W n
0.03 841.02 595.02 -841.02 re
W n
q
2.7718 0 0 -0.3608 0 0 cm
/Cs5 CS 0.502 0.51 0.518 SC
0 J 0 j 0.5 w 10 M []0 d
/GS1 gs
12.655 -2360.21 m
12.655 -2287.903 l
S
0.506 0.514 0.522 SC
13.121 -2360.21 m
13.121 -2287.903 l
S
0.51 0.514 0.525 SC
13.588 -2360.21 m
13.588 -2287.903 l
S
0.51 0.518 0.529 SC
14.054 -2360.21 m
14.054 -2287.903 l
S
0.514 0.522 0.529 SC
14.521 -2360.21 m
14.521 -2287.903 l
S
0.518 0.525 0.533 SC
14.987 -2360.21 m
14.987 -2287.903 l
S
0.518 0.525 0.537 SC
15.454 -2360.21 m
15.454 -2287.903 l
S
0.522 0.529 0.541 SC
15.92 -2360.21 m
15.92 -2287.903 l
S
0.525 0.533 0.541 SC
16.387 -2360.21 m
16.387 -2287.903 l
S
0.529 0.533 0.545 SC
16.853 -2360.21 m
16.853 -2287.903 l
S
0.529 0.537 0.549 SC
17.32 -2360.21 m
17.32 -2287.903 l
S
0.533 0.541 0.553 SC
17.786 -2360.21 m
17.786 -2287.903 l
S
0.537 0.545 0.553 SC
18.253 -2360.21 m
18.253 -2287.903 l
S
0.537 0.545 0.557 SC
18.719 -2360.21 m
18.719 -2287.903 l
S
0.541 0.549 0.561 SC
19.186 -2360.21 m
19.186 -2287.903 l
S
0.545 0.553 0.565 SC
19.652 -2360.21 m
19.652 -2287.903 l
S
0.549 0.557 0.565 SC
20.119 -2360.21 m
20.119 -2287.903 l
S
0.549 0.557 0.569 SC
20.585 -2360.21 m
20.585 -2287.903 l
S
0.553 0.561 0.573 SC
21.052 -2360.21 m
21.052 -2287.903 l
S
0.557 0.565 0.576 SC
21.518 -2360.21 m
21.518 -2287.903 l
S
0.561 0.569 0.576 SC
21.985 -2360.21 m
21.985 -2287.903 l
S
0.561 0.569 0.58 SC
22.451 -2360.21 m
22.451 -2287.903 l
S
0.565 0.573 0.584 SC
22.918 -2360.21 m
22.918 -2287.903 l
S
0.569 0.576 0.588 SC
23.384 -2360.21 m
23.384 -2287.903 l
S
0.573 0.58 0.588 SC
23.851 -2360.21 m
23.851 -2287.903 l
S
0.573 0.58 0.592 SC
24.317 -2360.21 m
24.317 -2287.903 l
S
0.576 0.584 0.596 SC
24.784 -2360.21 m
24.784 -2287.903 l
S
0.58 0.588 0.596 SC
25.25 -2360.21 m
25.25 -2287.903 l
S
0.584 0.592 0.6 SC
25.717 -2360.21 m
25.717 -2287.903 l
S
0.584 0.592 0.604 SC
26.183 -2360.21 m
26.183 -2287.903 l
S
0.588 0.596 0.608 SC
26.65 -2360.21 m
26.65 -2287.903 l
S
0.592 0.6 0.608 SC
27.116 -2360.21 m
27.116 -2287.903 l
S
0.596 0.604 0.612 SC
27.583 -2360.21 m
27.583 -2287.903 l
S
0.596 0.604 0.616 SC
28.049 -2360.21 m
28.049 -2287.903 l
S
0.6 0.608 0.62 SC
28.516 -2360.21 m
28.516 -2287.903 l
S
0.604 0.612 0.624 SC
28.982 -2360.21 m
28.982 -2287.903 l
S
0.608 0.616 0.624 SC
29.449 -2360.21 m
29.449 -2287.903 l
S
0.608 0.616 0.627 SC
29.915 -2360.21 m
29.915 -2287.903 l
S
0.612 0.62 0.631 SC
30.382 -2360.21 m
30.382 -2287.903 l
S
0.616 0.624 0.635 SC
30.848 -2360.21 m
30.848 -2287.903 l
S
0.62 0.627 0.635 SC
31.315 -2360.21 m
31.315 -2287.903 l
S
0.62 0.631 0.639 SC
31.781 -2360.21 m
31.781 -2287.903 l
S
0.624 0.631 0.643 SC
32.248 -2360.21 m
32.248 -2287.903 l
S
0.627 0.635 0.647 SC
32.714 -2360.21 m
32.714 -2287.903 l
S
0.631 0.639 0.647 SC
33.181 -2360.21 m
33.181 -2287.903 l
S
0.635 0.643 0.651 SC
33.647 -2360.21 m
33.647 -2287.903 l
S
0.635 0.643 0.655 SC
34.113 -2360.21 m
34.113 -2287.903 l
S
0.639 0.647 0.659 SC
34.58 -2360.21 m
34.58 -2287.903 l
S
0.643 0.651 0.663 SC
35.046 -2360.21 m
35.046 -2287.903 l
S
0.647 0.655 0.663 SC
35.513 -2360.21 m
35.513 -2287.903 l
S
0.651 0.659 0.667 SC
35.979 -2360.21 m
35.979 -2287.903 l
S
0.651 0.659 0.671 SC
36.446 -2360.21 m
36.446 -2287.903 l
S
0.655 0.663 0.675 SC
36.912 -2360.21 m
36.912 -2287.903 l
S
0.659 0.667 0.678 SC
37.379 -2360.21 m
37.379 -2287.903 l
S
0.663 0.671 0.678 SC
37.845 -2360.21 m
37.845 -2287.903 l
S
0.663 0.675 0.682 SC
38.312 -2360.21 m
38.312 -2287.903 l
S
0.667 0.675 0.686 SC
38.778 -2360.21 m
38.778 -2287.903 l
S
0.671 0.678 0.69 SC
39.245 -2360.21 m
39.245 -2287.903 l
S
0.675 0.682 0.69 SC
39.711 -2360.21 m
39.711 -2287.903 l
S
0.678 0.686 0.694 SC
40.178 -2360.21 m
40.178 -2287.903 l
S
0.682 0.69 0.698 SC
40.644 -2360.21 m
40.644 -2287.903 l
S
0.682 0.69 0.702 SC
41.111 -2360.21 m
41.111 -2287.903 l
S
0.686 0.694 0.706 SC
41.577 -2360.21 m
41.577 -2287.903 l
S
0.69 0.698 0.706 SC
42.044 -2360.21 m
42.044 -2287.903 l
S
0.694 0.702 0.71 SC
42.51 -2360.21 m
42.51 -2287.903 l
S
0.698 0.706 0.714 SC
42.977 -2360.21 m
42.977 -2287.903 l
S
0.698 0.706 0.718 SC
43.443 -2360.21 m
43.443 -2287.903 l
S
0.702 0.71 0.722 SC
43.91 -2360.21 m
43.91 -2287.903 l
S
0.706 0.714 0.722 SC
44.376 -2360.21 m
44.376 -2287.903 l
S
0.71 0.718 0.725 SC
44.843 -2360.21 m
44.843 -2287.903 l
S
0.714 0.722 0.729 SC
45.309 -2360.21 m
45.309 -2287.903 l
S
0.714 0.722 0.733 SC
45.776 -2360.21 m
45.776 -2287.903 l
S
0.718 0.725 0.737 SC
46.242 -2360.21 m
46.242 -2287.903 l
S
0.722 0.729 0.737 SC
46.709 -2360.21 m
46.709 -2287.903 l
S
0.725 0.733 0.741 SC
47.175 -2360.21 m
47.175 -2287.903 l
S
0.729 0.737 0.745 SC
47.642 -2360.21 m
47.642 -2287.903 l
S
0.733 0.741 0.749 SC
48.108 -2360.21 m
48.108 -2287.903 l
S
0.733 0.741 0.753 SC
48.575 -2360.21 m
48.575 -2287.903 l
49.041 -2360.21 m
49.041 -2287.903 l
S
0.737 0.745 0.753 SC
49.508 -2360.21 m
49.508 -2287.903 l
S
0.741 0.749 0.757 SC
49.974 -2360.21 m
49.974 -2287.903 l
S
0.745 0.753 0.761 SC
50.441 -2360.21 m
50.441 -2287.903 l
S
0.749 0.757 0.765 SC
50.907 -2360.21 m
50.907 -2287.903 l
S
0.753 0.761 0.769 SC
51.374 -2360.21 m
51.374 -2287.903 l
51.84 -2360.21 m
51.84 -2287.903 l
S
0.757 0.765 0.773 SC
52.307 -2360.21 m
52.307 -2287.903 l
S
0.761 0.769 0.776 SC
52.773 -2360.21 m
52.773 -2287.903 l
S
0.765 0.773 0.78 SC
53.24 -2360.21 m
53.24 -2287.903 l
S
0.769 0.776 0.784 SC
53.706 -2360.21 m
53.706 -2287.903 l
S
0.773 0.776 0.784 SC
54.173 -2360.21 m
54.173 -2287.903 l
S
0.776 0.78 0.788 SC
54.639 -2360.21 m
54.639 -2287.903 l
S
0.776 0.784 0.792 SC
55.106 -2360.21 m
55.106 -2287.903 l
S
0.78 0.788 0.796 SC
55.572 -2360.21 m
55.572 -2287.903 l
S
0.784 0.792 0.8 SC
56.039 -2360.21 m
56.039 -2287.903 l
S
0.788 0.796 0.8 SC
56.505 -2360.21 m
56.505 -2287.903 l
S
0.792 0.796 0.804 SC
56.972 -2360.21 m
56.972 -2287.903 l
S
0.796 0.8 0.808 SC
57.438 -2360.21 m
57.438 -2287.903 l
S
0.796 0.804 0.812 SC
57.905 -2360.21 m
57.905 -2287.903 l
S
0.8 0.808 0.816 SC
58.371 -2360.21 m
58.371 -2287.903 l
S
0.804 0.812 0.816 SC
58.838 -2360.21 m
58.838 -2287.903 l
S
0.808 0.812 0.82 SC
59.304 -2360.21 m
59.304 -2287.903 l
S
0.812 0.816 0.824 SC
59.771 -2360.21 m
59.771 -2287.903 l
S
0.816 0.82 0.827 SC
60.237 -2360.21 m
60.237 -2287.903 l
S
0.816 0.824 0.831 SC
60.704 -2360.21 m
60.704 -2287.903 l
S
0.82 0.827 0.831 SC
61.17 -2360.21 m
61.17 -2287.903 l
S
0.824 0.831 0.835 SC
61.637 -2360.21 m
61.637 -2287.903 l
S
0.827 0.831 0.839 SC
62.103 -2360.21 m
62.103 -2287.903 l
S
0.831 0.835 0.843 SC
62.57 -2360.21 m
62.57 -2287.903 l
S
0.835 0.839 0.843 SC
63.036 -2360.21 m
63.036 -2287.903 l
S
0.835 0.843 0.847 SC
63.503 -2360.21 m
63.503 -2287.903 l
S
0.839 0.847 0.851 SC
63.969 -2360.21 m
63.969 -2287.903 l
S
0.843 0.847 0.855 SC
64.436 -2360.21 m
64.436 -2287.903 l
S
0.847 0.851 0.859 SC
64.902 -2360.21 m
64.902 -2287.903 l
S
0.851 0.855 0.859 SC
65.369 -2360.21 m
65.369 -2287.903 l
S
0.855 0.859 0.863 SC
65.835 -2360.21 m
65.835 -2287.903 l
S
0.855 0.863 0.867 SC
66.302 -2360.21 m
66.302 -2287.903 l
S
0.859 0.863 0.871 SC
66.768 -2360.21 m
66.768 -2287.903 l
S
0.863 0.867 0.875 SC
67.235 -2360.21 m
67.235 -2287.903 l
S
0.867 0.871 0.875 SC
67.701 -2360.21 m
67.701 -2287.903 l
S
0.871 0.875 0.878 SC
68.168 -2360.21 m
68.168 -2287.903 l
S
0.875 0.878 0.882 SC
68.634 -2360.21 m
68.634 -2287.903 l
S
0.875 0.882 0.886 SC
69.101 -2360.21 m
69.101 -2287.903 l
S
0.878 0.882 0.89 SC
69.567 -2360.21 m
69.567 -2287.903 l
S
0.882 0.886 0.89 SC
70.034 -2360.21 m
70.034 -2287.903 l
S
0.886 0.89 0.894 SC
70.5 -2360.21 m
70.5 -2287.903 l
S
0.89 0.894 0.898 SC
70.967 -2360.21 m
70.967 -2287.903 l
S
0.894 0.898 0.902 SC
71.433 -2360.21 m
71.433 -2287.903 l
S
0.898 0.898 0.902 SC
71.9 -2360.21 m
71.9 -2287.903 l
S
0.898 0.902 0.906 SC
72.366 -2360.21 m
72.366 -2287.903 l
S
0.902 0.906 0.91 SC
72.833 -2360.21 m
72.833 -2287.903 l
S
0.906 0.91 0.914 SC
73.299 -2360.21 m
73.299 -2287.903 l
S
0.91 0.914 0.918 SC
73.766 -2360.21 m
73.766 -2287.903 l
S
0.914 0.918 0.922 SC
74.232 -2360.21 m
74.232 -2287.903 l
S
0.918 0.922 0.922 SC
74.699 -2360.21 m
74.699 -2287.903 l
S
0.922 0.922 0.925 SC
75.165 -2360.21 m
75.165 -2287.903 l
S
0.922 0.925 0.929 SC
75.632 -2360.21 m
75.632 -2287.903 l
S
0.925 0.929 0.933 SC
76.098 -2360.21 m
76.098 -2287.903 l
S
0.929 0.933 0.933 SC
76.565 -2360.21 m
76.565 -2287.903 l
S
0.933 0.937 0.937 SC
77.031 -2360.21 m
77.031 -2287.903 l
S
0.937 0.937 0.941 SC
77.498 -2360.21 m
77.498 -2287.903 l
S
0.941 0.941 0.945 SC
77.964 -2360.21 m
77.964 -2287.903 l
S
0.945 0.945 0.949 SC
78.431 -2360.21 m
78.431 -2287.903 l
S
0.945 0.949 0.949 SC
78.897 -2360.21 m
78.897 -2287.903 l
S
0.949 0.953 0.953 SC
79.364 -2360.21 m
79.364 -2287.903 l
S
0.953 0.957 0.957 SC
79.83 -2360.21 m
79.83 -2287.903 l
S
0.957 0.957 0.961 SC
80.297 -2360.21 m
80.297 -2287.903 l
S
0.961 0.961 0.965 SC
80.763 -2360.21 m
80.763 -2287.903 l
S
0.965 0.965 0.969 SC
81.23 -2360.21 m
81.23 -2287.903 l
S
0.969 0.969 0.969 SC
81.696 -2360.21 m
81.696 -2287.903 l
S
0.973 0.973 0.973 SC
82.163 -2360.21 m
82.163 -2287.903 l
S
0.976 0.976 0.976 SC
82.629 -2360.21 m
82.629 -2287.903 l
S
0.98 0.98 0.984 SC
83.096 -2360.21 m
83.096 -2287.903 l
S
0.988 0.988 0.988 SC
83.562 -2360.21 m
83.562 -2287.903 l
S
0.992 0.992 0.992 SC
84.029 -2360.21 m
84.029 -2287.903 l
S
1 1 1 SC
84.495 -2360.21 m
84.495 -2287.903 l
S
Q
Q
q
1 i 
-9 851 613 -860 re
0 841 m
W n
0.03 841.02 595.02 -841.02 re
W n
/Cs5 cs 0.161 0.145 0.149 sc
/GS1 gs
0.03 841.02 35.4 -6.11 re
f
/Cs5 CS 0.161 0.145 0.149 SC
0 J 0 j 0.3 w 10 M []0 d
28.347 841.076 m
28.347 805.006 l
S
286.3 22.8 22.68 -22.8 re
f
BT
/F4 1 Tf
10 0 0 10 289.2992 7.7671 Tm
1 1 1 sc
-0.0002 Tc
0 Tw
(604)Tj
/F2 1 Tf
7 0 0 7 35.4331 17.5374 Tm
0.161 0.145 0.149 sc
-0.0001 Tc
-0.0306 Tw
[(Swissmedic Jour)-17.9(nal)-1111.9(9/2002)]TJ
ET
Q
q
1 i 
63.28 793.31 509.83 -767.15 re
121.683 17.537 m
W* n
-9 851 613 -860 re
0 841 m
W n
0.03 841.02 595.02 -841.02 re
W n
/GS1 gs
q
496 0 0 625.5863 72.57 159.8301 cm
/Im14 Do
Q
Q

q
1 i 
-9 851 613 -860 re
0 841 m
W n
0.03 841.02 595.02 -841.02 re
W n
BT
/F6 1 Tf
12.5 0 0 12.5 465.0797 811.7825 Tm
/Cs5 cs 0.161 0.145 0.149 sc
/GS1 gs
-0.0001 Tc
-0.0286 Tw
(Regulatory News)Tj
ET
/Cs5 CS 0.161 0.145 0.149 SC
0 J 0 j 0.3 w 10 M []0 d
42.8 805.15 m
567.2 805.15 l
S
Q
q
1 i 
361.69 850.5 198.43 -24.09 re
560.098 811.782 m
W* n
-9 851 613 -860 re
0 841 m
W n
0.03 841.02 595.02 -841.02 re
W n
q
2.7718 0 0 -0.3608 0 0 cm
/Cs5 CS 1 1 1 SC
0 J 0 j 0.5 w 10 M []0 d
/GS1 gs
130.36 -2360.21 m
130.36 -2287.903 l
S
0.992 0.992 0.992 SC
130.827 -2360.21 m
130.827 -2287.903 l
S
0.988 0.988 0.988 SC
131.293 -2360.21 m
131.293 -2287.903 l
S
0.98 0.98 0.984 SC
131.76 -2360.21 m
131.76 -2287.903 l
S
0.976 0.976 0.976 SC
132.226 -2360.21 m
132.226 -2287.903 l
S
0.973 0.973 0.973 SC
132.693 -2360.21 m
132.693 -2287.903 l
S
0.969 0.969 0.969 SC
133.159 -2360.21 m
133.159 -2287.903 l
S
0.965 0.965 0.969 SC
133.626 -2360.21 m
133.626 -2287.903 l
S
0.961 0.961 0.965 SC
134.092 -2360.21 m
134.092 -2287.903 l
S
0.957 0.957 0.961 SC
134.559 -2360.21 m
134.559 -2287.903 l
S
0.953 0.957 0.957 SC
135.025 -2360.21 m
135.025 -2287.903 l
S
0.949 0.953 0.953 SC
135.492 -2360.21 m
135.492 -2287.903 l
S
0.945 0.949 0.949 SC
135.958 -2360.21 m
135.958 -2287.903 l
S
0.945 0.945 0.949 SC
136.425 -2360.21 m
136.425 -2287.903 l
S
0.941 0.941 0.945 SC
136.891 -2360.21 m
136.891 -2287.903 l
S
0.937 0.937 0.941 SC
137.358 -2360.21 m
137.358 -2287.903 l
S
0.933 0.937 0.937 SC
137.824 -2360.21 m
137.824 -2287.903 l
S
0.929 0.933 0.933 SC
138.291 -2360.21 m
138.291 -2287.903 l
S
0.925 0.929 0.933 SC
138.757 -2360.21 m
138.757 -2287.903 l
S
0.922 0.925 0.929 SC
139.224 -2360.21 m
139.224 -2287.903 l
S
0.922 0.922 0.925 SC
139.69 -2360.21 m
139.69 -2287.903 l
S
0.918 0.922 0.922 SC
140.157 -2360.21 m
140.157 -2287.903 l
S
0.914 0.918 0.922 SC
140.623 -2360.21 m
140.623 -2287.903 l
S
0.91 0.914 0.918 SC
141.09 -2360.21 m
141.09 -2287.903 l
S
0.906 0.91 0.914 SC
141.556 -2360.21 m
141.556 -2287.903 l
S
0.902 0.906 0.91 SC
142.023 -2360.21 m
142.023 -2287.903 l
S
0.898 0.902 0.906 SC
142.489 -2360.21 m
142.489 -2287.903 l
S
0.898 0.898 0.902 SC
142.956 -2360.21 m
142.956 -2287.903 l
S
0.894 0.898 0.902 SC
143.422 -2360.21 m
143.422 -2287.903 l
S
0.89 0.894 0.898 SC
143.889 -2360.21 m
143.889 -2287.903 l
S
0.886 0.89 0.894 SC
144.355 -2360.21 m
144.355 -2287.903 l
S
0.882 0.886 0.89 SC
144.822 -2360.21 m
144.822 -2287.903 l
S
0.878 0.882 0.89 SC
145.288 -2360.21 m
145.288 -2287.903 l
S
0.875 0.882 0.886 SC
145.755 -2360.21 m
145.755 -2287.903 l
S
0.875 0.878 0.882 SC
146.221 -2360.21 m
146.221 -2287.903 l
S
0.871 0.875 0.878 SC
146.688 -2360.21 m
146.688 -2287.903 l
S
0.867 0.871 0.875 SC
147.154 -2360.21 m
147.154 -2287.903 l
S
0.863 0.867 0.875 SC
147.621 -2360.21 m
147.621 -2287.903 l
S
0.859 0.863 0.871 SC
148.087 -2360.21 m
148.087 -2287.903 l
S
0.855 0.863 0.867 SC
148.554 -2360.21 m
148.554 -2287.903 l
S
0.855 0.859 0.863 SC
149.02 -2360.21 m
149.02 -2287.903 l
S
0.851 0.855 0.859 SC
149.487 -2360.21 m
149.487 -2287.903 l
S
0.847 0.851 0.859 SC
149.953 -2360.21 m
149.953 -2287.903 l
S
0.843 0.847 0.855 SC
150.42 -2360.21 m
150.42 -2287.903 l
S
0.839 0.847 0.851 SC
150.886 -2360.21 m
150.886 -2287.903 l
S
0.835 0.843 0.847 SC
151.353 -2360.21 m
151.353 -2287.903 l
S
0.835 0.839 0.843 SC
151.819 -2360.21 m
151.819 -2287.903 l
S
0.831 0.835 0.843 SC
152.286 -2360.21 m
152.286 -2287.903 l
S
0.827 0.831 0.839 SC
152.752 -2360.21 m
152.752 -2287.903 l
S
0.824 0.831 0.835 SC
153.219 -2360.21 m
153.219 -2287.903 l
S
0.82 0.827 0.831 SC
153.685 -2360.21 m
153.685 -2287.903 l
S
0.816 0.824 0.831 SC
154.152 -2360.21 m
154.152 -2287.903 l
S
0.816 0.82 0.827 SC
154.618 -2360.21 m
154.618 -2287.903 l
S
0.812 0.816 0.824 SC
155.085 -2360.21 m
155.085 -2287.903 l
S
0.808 0.812 0.82 SC
155.551 -2360.21 m
155.551 -2287.903 l
S
0.804 0.812 0.816 SC
156.018 -2360.21 m
156.018 -2287.903 l
S
0.8 0.808 0.816 SC
156.484 -2360.21 m
156.484 -2287.903 l
S
0.796 0.804 0.812 SC
156.951 -2360.21 m
156.951 -2287.903 l
S
0.796 0.8 0.808 SC
157.417 -2360.21 m
157.417 -2287.903 l
S
0.792 0.796 0.804 SC
157.884 -2360.21 m
157.884 -2287.903 l
S
0.788 0.796 0.8 SC
158.35 -2360.21 m
158.35 -2287.903 l
S
0.784 0.792 0.8 SC
158.817 -2360.21 m
158.817 -2287.903 l
S
0.78 0.788 0.796 SC
159.283 -2360.21 m
159.283 -2287.903 l
S
0.776 0.784 0.792 SC
159.75 -2360.21 m
159.75 -2287.903 l
S
0.776 0.78 0.788 SC
160.216 -2360.21 m
160.216 -2287.903 l
S
0.773 0.776 0.784 SC
160.683 -2360.21 m
160.683 -2287.903 l
S
0.769 0.776 0.784 SC
161.149 -2360.21 m
161.149 -2287.903 l
S
0.765 0.773 0.78 SC
161.616 -2360.21 m
161.616 -2287.903 l
S
0.761 0.769 0.776 SC
162.082 -2360.21 m
162.082 -2287.903 l
S
0.757 0.765 0.773 SC
162.549 -2360.21 m
162.549 -2287.903 l
S
0.753 0.761 0.769 SC
163.015 -2360.21 m
163.015 -2287.903 l
163.482 -2360.21 m
163.482 -2287.903 l
S
0.749 0.757 0.765 SC
163.948 -2360.21 m
163.948 -2287.903 l
S
0.745 0.753 0.761 SC
164.415 -2360.21 m
164.415 -2287.903 l
S
0.741 0.749 0.757 SC
164.881 -2360.21 m
164.881 -2287.903 l
S
0.737 0.745 0.753 SC
165.348 -2360.21 m
165.348 -2287.903 l
S
0.733 0.741 0.753 SC
165.814 -2360.21 m
165.814 -2287.903 l
S
0.733 0.741 0.749 SC
166.281 -2360.21 m
166.281 -2287.903 l
166.747 -2360.21 m
166.747 -2287.903 l
S
0.729 0.737 0.745 SC
167.214 -2360.21 m
167.214 -2287.903 l
S
0.725 0.733 0.741 SC
167.68 -2360.21 m
167.68 -2287.903 l
S
0.722 0.729 0.737 SC
168.147 -2360.21 m
168.147 -2287.903 l
S
0.718 0.725 0.737 SC
168.613 -2360.21 m
168.613 -2287.903 l
S
0.714 0.722 0.733 SC
169.08 -2360.21 m
169.08 -2287.903 l
S
0.714 0.722 0.729 SC
169.546 -2360.21 m
169.546 -2287.903 l
S
0.71 0.718 0.725 SC
170.013 -2360.21 m
170.013 -2287.903 l
S
0.706 0.714 0.722 SC
170.479 -2360.21 m
170.479 -2287.903 l
S
0.702 0.71 0.722 SC
170.946 -2360.21 m
170.946 -2287.903 l
S
0.698 0.706 0.718 SC
171.412 -2360.21 m
171.412 -2287.903 l
S
0.698 0.706 0.714 SC
171.879 -2360.21 m
171.879 -2287.903 l
S
0.694 0.702 0.71 SC
172.345 -2360.21 m
172.345 -2287.903 l
S
0.69 0.698 0.706 SC
172.812 -2360.21 m
172.812 -2287.903 l
S
0.686 0.694 0.706 SC
173.278 -2360.21 m
173.278 -2287.903 l
S
0.682 0.69 0.702 SC
173.745 -2360.21 m
173.745 -2287.903 l
S
0.682 0.69 0.698 SC
174.211 -2360.21 m
174.211 -2287.903 l
S
0.678 0.686 0.694 SC
174.678 -2360.21 m
174.678 -2287.903 l
S
0.675 0.682 0.69 SC
175.144 -2360.21 m
175.144 -2287.903 l
S
0.671 0.678 0.69 SC
175.611 -2360.21 m
175.611 -2287.903 l
S
0.667 0.675 0.686 SC
176.077 -2360.21 m
176.077 -2287.903 l
S
0.663 0.675 0.682 SC
176.544 -2360.21 m
176.544 -2287.903 l
S
0.663 0.671 0.678 SC
177.01 -2360.21 m
177.01 -2287.903 l
S
0.659 0.667 0.678 SC
177.477 -2360.21 m
177.477 -2287.903 l
S
0.655 0.663 0.675 SC
177.943 -2360.21 m
177.943 -2287.903 l
S
0.651 0.659 0.671 SC
178.41 -2360.21 m
178.41 -2287.903 l
S
0.651 0.659 0.667 SC
178.876 -2360.21 m
178.876 -2287.903 l
S
0.647 0.655 0.663 SC
179.343 -2360.21 m
179.343 -2287.903 l
S
0.643 0.651 0.663 SC
179.809 -2360.21 m
179.809 -2287.903 l
S
0.639 0.647 0.659 SC
180.276 -2360.21 m
180.276 -2287.903 l
S
0.635 0.643 0.655 SC
180.742 -2360.21 m
180.742 -2287.903 l
S
0.635 0.643 0.651 SC
181.209 -2360.21 m
181.209 -2287.903 l
S
0.631 0.639 0.647 SC
181.675 -2360.21 m
181.675 -2287.903 l
S
0.627 0.635 0.647 SC
182.142 -2360.21 m
182.142 -2287.903 l
S
0.624 0.631 0.643 SC
182.608 -2360.21 m
182.608 -2287.903 l
S
0.62 0.631 0.639 SC
183.075 -2360.21 m
183.075 -2287.903 l
S
0.62 0.627 0.635 SC
183.541 -2360.21 m
183.541 -2287.903 l
S
0.616 0.624 0.635 SC
184.008 -2360.21 m
184.008 -2287.903 l
S
0.612 0.62 0.631 SC
184.474 -2360.21 m
184.474 -2287.903 l
S
0.608 0.616 0.627 SC
184.941 -2360.21 m
184.941 -2287.903 l
S
0.608 0.616 0.624 SC
185.407 -2360.21 m
185.407 -2287.903 l
S
0.604 0.612 0.624 SC
185.874 -2360.21 m
185.874 -2287.903 l
S
0.6 0.608 0.62 SC
186.34 -2360.21 m
186.34 -2287.903 l
S
0.596 0.604 0.616 SC
186.806 -2360.21 m
186.806 -2287.903 l
S
0.596 0.604 0.612 SC
187.273 -2360.21 m
187.273 -2287.903 l
S
0.592 0.6 0.608 SC
187.739 -2360.21 m
187.739 -2287.903 l
S
0.588 0.596 0.608 SC
188.206 -2360.21 m
188.206 -2287.903 l
S
0.584 0.592 0.604 SC
188.672 -2360.21 m
188.672 -2287.903 l
S
0.584 0.592 0.6 SC
189.139 -2360.21 m
189.139 -2287.903 l
S
0.58 0.588 0.596 SC
189.605 -2360.21 m
189.605 -2287.903 l
S
0.576 0.584 0.596 SC
190.072 -2360.21 m
190.072 -2287.903 l
S
0.573 0.58 0.592 SC
190.538 -2360.21 m
190.538 -2287.903 l
S
0.573 0.58 0.588 SC
191.005 -2360.21 m
191.005 -2287.903 l
S
0.569 0.576 0.588 SC
191.471 -2360.21 m
191.471 -2287.903 l
S
0.565 0.573 0.584 SC
191.938 -2360.21 m
191.938 -2287.903 l
S
0.561 0.569 0.58 SC
192.404 -2360.21 m
192.404 -2287.903 l
S
0.561 0.569 0.576 SC
192.871 -2360.21 m
192.871 -2287.903 l
S
0.557 0.565 0.576 SC
193.337 -2360.21 m
193.337 -2287.903 l
S
0.553 0.561 0.573 SC
193.804 -2360.21 m
193.804 -2287.903 l
S
0.549 0.557 0.569 SC
194.27 -2360.21 m
194.27 -2287.903 l
S
0.549 0.557 0.565 SC
194.737 -2360.21 m
194.737 -2287.903 l
S
0.545 0.553 0.565 SC
195.203 -2360.21 m
195.203 -2287.903 l
S
0.541 0.549 0.561 SC
195.67 -2360.21 m
195.67 -2287.903 l
S
0.537 0.545 0.557 SC
196.136 -2360.21 m
196.136 -2287.903 l
S
0.537 0.545 0.553 SC
196.603 -2360.21 m
196.603 -2287.903 l
S
0.533 0.541 0.553 SC
197.069 -2360.21 m
197.069 -2287.903 l
S
0.529 0.537 0.549 SC
197.536 -2360.21 m
197.536 -2287.903 l
S
0.529 0.533 0.545 SC
198.002 -2360.21 m
198.002 -2287.903 l
S
0.525 0.533 0.541 SC
198.469 -2360.21 m
198.469 -2287.903 l
S
0.522 0.529 0.541 SC
198.935 -2360.21 m
198.935 -2287.903 l
S
0.518 0.525 0.537 SC
199.402 -2360.21 m
199.402 -2287.903 l
S
0.518 0.525 0.533 SC
199.868 -2360.21 m
199.868 -2287.903 l
S
0.514 0.522 0.529 SC
200.335 -2360.21 m
200.335 -2287.903 l
S
0.51 0.518 0.529 SC
200.801 -2360.21 m
200.801 -2287.903 l
S
0.51 0.514 0.525 SC
201.268 -2360.21 m
201.268 -2287.903 l
S
0.506 0.514 0.522 SC
201.734 -2360.21 m
201.734 -2287.903 l
S
0.502 0.51 0.518 SC
202.201 -2360.21 m
202.201 -2287.903 l
S
Q
Q
q
1 i 
-9 851 613 -860 re
0 841 m
W n
0.03 841.02 595.02 -841.02 re
W n
/Cs5 cs 0.161 0.145 0.149 sc
/GS1 gs
560.12 841.02 34.93 -6.11 re
f
/Cs5 CS 0.161 0.145 0.149 SC
0 J 0 j 0.3 w 10 M []0 d
567.202 840.678 m
567.202 804.948 l
S
286.57 22.8 22.68 -22.8 re
f
BT
/F4 1 Tf
10 0 0 10 289.5747 7.7671 Tm
1 1 1 sc
-0.0002 Tc
0 Tw
(605)Tj
/F2 1 Tf
7 0 0 7 473.8676 17.5374 Tm
0.161 0.145 0.149 sc
-0.0001 Tc
-0.0306 Tw
[(Swissmedic Jour)-17.9(nal)-1111.9(9/2002)]TJ
ET
Q
q
1 i 
23.68 794.9 510.14 -767.5 re
560.117 17.537 m
W* n
-9 851 613 -860 re
0 841 m
W n
0.03 841.02 595.02 -841.02 re
W n
/GS1 gs
q
497.0001 0 0 731.0592 36.68 54.12 cm
/Im15 Do
Q
Q

q
1 i 
-9 851 613 -860 re
0 841 m
W n
0.03 841.02 595.02 -841.02 re
W n
BT
/F6 1 Tf
12.5 0 0 12.5 34.4488 811.7822 Tm
/Cs5 cs 0.161 0.145 0.149 sc
/GS1 gs
-0.0001 Tc
-0.0286 Tw
(Regulatory News)Tj
ET
/Cs5 CS 0.161 0.145 0.149 SC
0 J 0 j 0.3 w 10 M []0 d
28.35 805.15 m
552.76 805.15 l
S
Q
q
1 i 
35.43 850.5 198.43 -24.09 re
129.467 811.782 m
W* n
-9 851 613 -860 re
0 841 m
W n
0.03 841.02 595.02 -841.02 re
W n
q
2.7718 0 0 -0.3608 0 0 cm
/Cs5 CS 0.502 0.51 0.518 SC
0 J 0 j 0.5 w 10 M []0 d
/GS1 gs
12.655 -2360.21 m
12.655 -2287.903 l
S
0.506 0.514 0.522 SC
13.121 -2360.21 m
13.121 -2287.903 l
S
0.51 0.514 0.525 SC
13.588 -2360.21 m
13.588 -2287.903 l
S
0.51 0.518 0.529 SC
14.054 -2360.21 m
14.054 -2287.903 l
S
0.514 0.522 0.529 SC
14.521 -2360.21 m
14.521 -2287.903 l
S
0.518 0.525 0.533 SC
14.987 -2360.21 m
14.987 -2287.903 l
S
0.518 0.525 0.537 SC
15.454 -2360.21 m
15.454 -2287.903 l
S
0.522 0.529 0.541 SC
15.92 -2360.21 m
15.92 -2287.903 l
S
0.525 0.533 0.541 SC
16.387 -2360.21 m
16.387 -2287.903 l
S
0.529 0.533 0.545 SC
16.853 -2360.21 m
16.853 -2287.903 l
S
0.529 0.537 0.549 SC
17.32 -2360.21 m
17.32 -2287.903 l
S
0.533 0.541 0.553 SC
17.786 -2360.21 m
17.786 -2287.903 l
S
0.537 0.545 0.553 SC
18.253 -2360.21 m
18.253 -2287.903 l
S
0.537 0.545 0.557 SC
18.719 -2360.21 m
18.719 -2287.903 l
S
0.541 0.549 0.561 SC
19.186 -2360.21 m
19.186 -2287.903 l
S
0.545 0.553 0.565 SC
19.652 -2360.21 m
19.652 -2287.903 l
S
0.549 0.557 0.565 SC
20.119 -2360.21 m
20.119 -2287.903 l
S
0.549 0.557 0.569 SC
20.585 -2360.21 m
20.585 -2287.903 l
S
0.553 0.561 0.573 SC
21.052 -2360.21 m
21.052 -2287.903 l
S
0.557 0.565 0.576 SC
21.518 -2360.21 m
21.518 -2287.903 l
S
0.561 0.569 0.576 SC
21.985 -2360.21 m
21.985 -2287.903 l
S
0.561 0.569 0.58 SC
22.451 -2360.21 m
22.451 -2287.903 l
S
0.565 0.573 0.584 SC
22.918 -2360.21 m
22.918 -2287.903 l
S
0.569 0.576 0.588 SC
23.384 -2360.21 m
23.384 -2287.903 l
S
0.573 0.58 0.588 SC
23.851 -2360.21 m
23.851 -2287.903 l
S
0.573 0.58 0.592 SC
24.317 -2360.21 m
24.317 -2287.903 l
S
0.576 0.584 0.596 SC
24.784 -2360.21 m
24.784 -2287.903 l
S
0.58 0.588 0.596 SC
25.25 -2360.21 m
25.25 -2287.903 l
S
0.584 0.592 0.6 SC
25.717 -2360.21 m
25.717 -2287.903 l
S
0.584 0.592 0.604 SC
26.183 -2360.21 m
26.183 -2287.903 l
S
0.588 0.596 0.608 SC
26.65 -2360.21 m
26.65 -2287.903 l
S
0.592 0.6 0.608 SC
27.116 -2360.21 m
27.116 -2287.903 l
S
0.596 0.604 0.612 SC
27.583 -2360.21 m
27.583 -2287.903 l
S
0.596 0.604 0.616 SC
28.049 -2360.21 m
28.049 -2287.903 l
S
0.6 0.608 0.62 SC
28.516 -2360.21 m
28.516 -2287.903 l
S
0.604 0.612 0.624 SC
28.982 -2360.21 m
28.982 -2287.903 l
S
0.608 0.616 0.624 SC
29.449 -2360.21 m
29.449 -2287.903 l
S
0.608 0.616 0.627 SC
29.915 -2360.21 m
29.915 -2287.903 l
S
0.612 0.62 0.631 SC
30.382 -2360.21 m
30.382 -2287.903 l
S
0.616 0.624 0.635 SC
30.848 -2360.21 m
30.848 -2287.903 l
S
0.62 0.627 0.635 SC
31.315 -2360.21 m
31.315 -2287.903 l
S
0.62 0.631 0.639 SC
31.781 -2360.21 m
31.781 -2287.903 l
S
0.624 0.631 0.643 SC
32.248 -2360.21 m
32.248 -2287.903 l
S
0.627 0.635 0.647 SC
32.714 -2360.21 m
32.714 -2287.903 l
S
0.631 0.639 0.647 SC
33.181 -2360.21 m
33.181 -2287.903 l
S
0.635 0.643 0.651 SC
33.647 -2360.21 m
33.647 -2287.903 l
S
0.635 0.643 0.655 SC
34.113 -2360.21 m
34.113 -2287.903 l
S
0.639 0.647 0.659 SC
34.58 -2360.21 m
34.58 -2287.903 l
S
0.643 0.651 0.663 SC
35.046 -2360.21 m
35.046 -2287.903 l
S
0.647 0.655 0.663 SC
35.513 -2360.21 m
35.513 -2287.903 l
S
0.651 0.659 0.667 SC
35.979 -2360.21 m
35.979 -2287.903 l
S
0.651 0.659 0.671 SC
36.446 -2360.21 m
36.446 -2287.903 l
S
0.655 0.663 0.675 SC
36.912 -2360.21 m
36.912 -2287.903 l
S
0.659 0.667 0.678 SC
37.379 -2360.21 m
37.379 -2287.903 l
S
0.663 0.671 0.678 SC
37.845 -2360.21 m
37.845 -2287.903 l
S
0.663 0.675 0.682 SC
38.312 -2360.21 m
38.312 -2287.903 l
S
0.667 0.675 0.686 SC
38.778 -2360.21 m
38.778 -2287.903 l
S
0.671 0.678 0.69 SC
39.245 -2360.21 m
39.245 -2287.903 l
S
0.675 0.682 0.69 SC
39.711 -2360.21 m
39.711 -2287.903 l
S
0.678 0.686 0.694 SC
40.178 -2360.21 m
40.178 -2287.903 l
S
0.682 0.69 0.698 SC
40.644 -2360.21 m
40.644 -2287.903 l
S
0.682 0.69 0.702 SC
41.111 -2360.21 m
41.111 -2287.903 l
S
0.686 0.694 0.706 SC
41.577 -2360.21 m
41.577 -2287.903 l
S
0.69 0.698 0.706 SC
42.044 -2360.21 m
42.044 -2287.903 l
S
0.694 0.702 0.71 SC
42.51 -2360.21 m
42.51 -2287.903 l
S
0.698 0.706 0.714 SC
42.977 -2360.21 m
42.977 -2287.903 l
S
0.698 0.706 0.718 SC
43.443 -2360.21 m
43.443 -2287.903 l
S
0.702 0.71 0.722 SC
43.91 -2360.21 m
43.91 -2287.903 l
S
0.706 0.714 0.722 SC
44.376 -2360.21 m
44.376 -2287.903 l
S
0.71 0.718 0.725 SC
44.843 -2360.21 m
44.843 -2287.903 l
S
0.714 0.722 0.729 SC
45.309 -2360.21 m
45.309 -2287.903 l
S
0.714 0.722 0.733 SC
45.776 -2360.21 m
45.776 -2287.903 l
S
0.718 0.725 0.737 SC
46.242 -2360.21 m
46.242 -2287.903 l
S
0.722 0.729 0.737 SC
46.709 -2360.21 m
46.709 -2287.903 l
S
0.725 0.733 0.741 SC
47.175 -2360.21 m
47.175 -2287.903 l
S
0.729 0.737 0.745 SC
47.642 -2360.21 m
47.642 -2287.903 l
S
0.733 0.741 0.749 SC
48.108 -2360.21 m
48.108 -2287.903 l
S
0.733 0.741 0.753 SC
48.575 -2360.21 m
48.575 -2287.903 l
49.041 -2360.21 m
49.041 -2287.903 l
S
0.737 0.745 0.753 SC
49.508 -2360.21 m
49.508 -2287.903 l
S
0.741 0.749 0.757 SC
49.974 -2360.21 m
49.974 -2287.903 l
S
0.745 0.753 0.761 SC
50.441 -2360.21 m
50.441 -2287.903 l
S
0.749 0.757 0.765 SC
50.907 -2360.21 m
50.907 -2287.903 l
S
0.753 0.761 0.769 SC
51.374 -2360.21 m
51.374 -2287.903 l
51.84 -2360.21 m
51.84 -2287.903 l
S
0.757 0.765 0.773 SC
52.307 -2360.21 m
52.307 -2287.903 l
S
0.761 0.769 0.776 SC
52.773 -2360.21 m
52.773 -2287.903 l
S
0.765 0.773 0.78 SC
53.24 -2360.21 m
53.24 -2287.903 l
S
0.769 0.776 0.784 SC
53.706 -2360.21 m
53.706 -2287.903 l
S
0.773 0.776 0.784 SC
54.173 -2360.21 m
54.173 -2287.903 l
S
0.776 0.78 0.788 SC
54.639 -2360.21 m
54.639 -2287.903 l
S
0.776 0.784 0.792 SC
55.106 -2360.21 m
55.106 -2287.903 l
S
0.78 0.788 0.796 SC
55.572 -2360.21 m
55.572 -2287.903 l
S
0.784 0.792 0.8 SC
56.039 -2360.21 m
56.039 -2287.903 l
S
0.788 0.796 0.8 SC
56.505 -2360.21 m
56.505 -2287.903 l
S
0.792 0.796 0.804 SC
56.972 -2360.21 m
56.972 -2287.903 l
S
0.796 0.8 0.808 SC
57.438 -2360.21 m
57.438 -2287.903 l
S
0.796 0.804 0.812 SC
57.905 -2360.21 m
57.905 -2287.903 l
S
0.8 0.808 0.816 SC
58.371 -2360.21 m
58.371 -2287.903 l
S
0.804 0.812 0.816 SC
58.838 -2360.21 m
58.838 -2287.903 l
S
0.808 0.812 0.82 SC
59.304 -2360.21 m
59.304 -2287.903 l
S
0.812 0.816 0.824 SC
59.771 -2360.21 m
59.771 -2287.903 l
S
0.816 0.82 0.827 SC
60.237 -2360.21 m
60.237 -2287.903 l
S
0.816 0.824 0.831 SC
60.704 -2360.21 m
60.704 -2287.903 l
S
0.82 0.827 0.831 SC
61.17 -2360.21 m
61.17 -2287.903 l
S
0.824 0.831 0.835 SC
61.637 -2360.21 m
61.637 -2287.903 l
S
0.827 0.831 0.839 SC
62.103 -2360.21 m
62.103 -2287.903 l
S
0.831 0.835 0.843 SC
62.57 -2360.21 m
62.57 -2287.903 l
S
0.835 0.839 0.843 SC
63.036 -2360.21 m
63.036 -2287.903 l
S
0.835 0.843 0.847 SC
63.503 -2360.21 m
63.503 -2287.903 l
S
0.839 0.847 0.851 SC
63.969 -2360.21 m
63.969 -2287.903 l
S
0.843 0.847 0.855 SC
64.436 -2360.21 m
64.436 -2287.903 l
S
0.847 0.851 0.859 SC
64.902 -2360.21 m
64.902 -2287.903 l
S
0.851 0.855 0.859 SC
65.369 -2360.21 m
65.369 -2287.903 l
S
0.855 0.859 0.863 SC
65.835 -2360.21 m
65.835 -2287.903 l
S
0.855 0.863 0.867 SC
66.302 -2360.21 m
66.302 -2287.903 l
S
0.859 0.863 0.871 SC
66.768 -2360.21 m
66.768 -2287.903 l
S
0.863 0.867 0.875 SC
67.235 -2360.21 m
67.235 -2287.903 l
S
0.867 0.871 0.875 SC
67.701 -2360.21 m
67.701 -2287.903 l
S
0.871 0.875 0.878 SC
68.168 -2360.21 m
68.168 -2287.903 l
S
0.875 0.878 0.882 SC
68.634 -2360.21 m
68.634 -2287.903 l
S
0.875 0.882 0.886 SC
69.101 -2360.21 m
69.101 -2287.903 l
S
0.878 0.882 0.89 SC
69.567 -2360.21 m
69.567 -2287.903 l
S
0.882 0.886 0.89 SC
70.034 -2360.21 m
70.034 -2287.903 l
S
0.886 0.89 0.894 SC
70.5 -2360.21 m
70.5 -2287.903 l
S
0.89 0.894 0.898 SC
70.967 -2360.21 m
70.967 -2287.903 l
S
0.894 0.898 0.902 SC
71.433 -2360.21 m
71.433 -2287.903 l
S
0.898 0.898 0.902 SC
71.9 -2360.21 m
71.9 -2287.903 l
S
0.898 0.902 0.906 SC
72.366 -2360.21 m
72.366 -2287.903 l
S
0.902 0.906 0.91 SC
72.833 -2360.21 m
72.833 -2287.903 l
S
0.906 0.91 0.914 SC
73.299 -2360.21 m
73.299 -2287.903 l
S
0.91 0.914 0.918 SC
73.766 -2360.21 m
73.766 -2287.903 l
S
0.914 0.918 0.922 SC
74.232 -2360.21 m
74.232 -2287.903 l
S
0.918 0.922 0.922 SC
74.699 -2360.21 m
74.699 -2287.903 l
S
0.922 0.922 0.925 SC
75.165 -2360.21 m
75.165 -2287.903 l
S
0.922 0.925 0.929 SC
75.632 -2360.21 m
75.632 -2287.903 l
S
0.925 0.929 0.933 SC
76.098 -2360.21 m
76.098 -2287.903 l
S
0.929 0.933 0.933 SC
76.565 -2360.21 m
76.565 -2287.903 l
S
0.933 0.937 0.937 SC
77.031 -2360.21 m
77.031 -2287.903 l
S
0.937 0.937 0.941 SC
77.498 -2360.21 m
77.498 -2287.903 l
S
0.941 0.941 0.945 SC
77.964 -2360.21 m
77.964 -2287.903 l
S
0.945 0.945 0.949 SC
78.431 -2360.21 m
78.431 -2287.903 l
S
0.945 0.949 0.949 SC
78.897 -2360.21 m
78.897 -2287.903 l
S
0.949 0.953 0.953 SC
79.364 -2360.21 m
79.364 -2287.903 l
S
0.953 0.957 0.957 SC
79.83 -2360.21 m
79.83 -2287.903 l
S
0.957 0.957 0.961 SC
80.297 -2360.21 m
80.297 -2287.903 l
S
0.961 0.961 0.965 SC
80.763 -2360.21 m
80.763 -2287.903 l
S
0.965 0.965 0.969 SC
81.23 -2360.21 m
81.23 -2287.903 l
S
0.969 0.969 0.969 SC
81.696 -2360.21 m
81.696 -2287.903 l
S
0.973 0.973 0.973 SC
82.163 -2360.21 m
82.163 -2287.903 l
S
0.976 0.976 0.976 SC
82.629 -2360.21 m
82.629 -2287.903 l
S
0.98 0.98 0.984 SC
83.096 -2360.21 m
83.096 -2287.903 l
S
0.988 0.988 0.988 SC
83.562 -2360.21 m
83.562 -2287.903 l
S
0.992 0.992 0.992 SC
84.029 -2360.21 m
84.029 -2287.903 l
S
1 1 1 SC
84.495 -2360.21 m
84.495 -2287.903 l
S
Q
Q
q
1 i 
-9 851 613 -860 re
0 841 m
W n
0.03 841.02 595.02 -841.02 re
W n
/Cs5 cs 0.161 0.145 0.149 sc
/GS1 gs
0.03 841.02 35.4 -6.11 re
f
/Cs5 CS 0.161 0.145 0.149 SC
0 J 0 j 0.3 w 10 M []0 d
28.347 841.076 m
28.347 805.006 l
S
286.3 22.8 22.68 -22.8 re
f
BT
/F4 1 Tf
10 0 0 10 289.2992 7.7671 Tm
1 1 1 sc
-0.0002 Tc
0 Tw
(606)Tj
/F2 1 Tf
7 0 0 7 35.4331 17.5374 Tm
0.161 0.145 0.149 sc
-0.0001 Tc
-0.0306 Tw
[(Swissmedic Jour)-17.9(nal)-1111.9(9/2002)]TJ
ET
Q
q
1 i 
59.13 792.19 508.73 -765.87 re
121.683 17.537 m
W* n
-9 851 613 -860 re
0 841 m
W n
0.03 841.02 595.02 -841.02 re
W n
/GS1 gs
q
498.0001 0 0 719.0208 65.63 67.4699 cm
/Im16 Do
Q
Q

q
1 i 
-9 851 613 -860 re
0 841 m
W n
0.03 841.02 595.02 -841.02 re
W n
BT
/F6 1 Tf
12.5 0 0 12.5 465.0797 811.7825 Tm
/Cs5 cs 0.161 0.145 0.149 sc
/GS1 gs
-0.0001 Tc
-0.0286 Tw
(Regulatory News)Tj
ET
/Cs5 CS 0.161 0.145 0.149 SC
0 J 0 j 0.3 w 10 M []0 d
42.8 805.15 m
567.2 805.15 l
S
Q
q
1 i 
361.69 850.5 198.43 -24.09 re
560.098 811.782 m
W* n
-9 851 613 -860 re
0 841 m
W n
0.03 841.02 595.02 -841.02 re
W n
q
2.7718 0 0 -0.3608 0 0 cm
/Cs5 CS 1 1 1 SC
0 J 0 j 0.5 w 10 M []0 d
/GS1 gs
130.36 -2360.21 m
130.36 -2287.903 l
S
0.992 0.992 0.992 SC
130.827 -2360.21 m
130.827 -2287.903 l
S
0.988 0.988 0.988 SC
131.293 -2360.21 m
131.293 -2287.903 l
S
0.98 0.98 0.984 SC
131.76 -2360.21 m
131.76 -2287.903 l
S
0.976 0.976 0.976 SC
132.226 -2360.21 m
132.226 -2287.903 l
S
0.973 0.973 0.973 SC
132.693 -2360.21 m
132.693 -2287.903 l
S
0.969 0.969 0.969 SC
133.159 -2360.21 m
133.159 -2287.903 l
S
0.965 0.965 0.969 SC
133.626 -2360.21 m
133.626 -2287.903 l
S
0.961 0.961 0.965 SC
134.092 -2360.21 m
134.092 -2287.903 l
S
0.957 0.957 0.961 SC
134.559 -2360.21 m
134.559 -2287.903 l
S
0.953 0.957 0.957 SC
135.025 -2360.21 m
135.025 -2287.903 l
S
0.949 0.953 0.953 SC
135.492 -2360.21 m
135.492 -2287.903 l
S
0.945 0.949 0.949 SC
135.958 -2360.21 m
135.958 -2287.903 l
S
0.945 0.945 0.949 SC
136.425 -2360.21 m
136.425 -2287.903 l
S
0.941 0.941 0.945 SC
136.891 -2360.21 m
136.891 -2287.903 l
S
0.937 0.937 0.941 SC
137.358 -2360.21 m
137.358 -2287.903 l
S
0.933 0.937 0.937 SC
137.824 -2360.21 m
137.824 -2287.903 l
S
0.929 0.933 0.933 SC
138.291 -2360.21 m
138.291 -2287.903 l
S
0.925 0.929 0.933 SC
138.757 -2360.21 m
138.757 -2287.903 l
S
0.922 0.925 0.929 SC
139.224 -2360.21 m
139.224 -2287.903 l
S
0.922 0.922 0.925 SC
139.69 -2360.21 m
139.69 -2287.903 l
S
0.918 0.922 0.922 SC
140.157 -2360.21 m
140.157 -2287.903 l
S
0.914 0.918 0.922 SC
140.623 -2360.21 m
140.623 -2287.903 l
S
0.91 0.914 0.918 SC
141.09 -2360.21 m
141.09 -2287.903 l
S
0.906 0.91 0.914 SC
141.556 -2360.21 m
141.556 -2287.903 l
S
0.902 0.906 0.91 SC
142.023 -2360.21 m
142.023 -2287.903 l
S
0.898 0.902 0.906 SC
142.489 -2360.21 m
142.489 -2287.903 l
S
0.898 0.898 0.902 SC
142.956 -2360.21 m
142.956 -2287.903 l
S
0.894 0.898 0.902 SC
143.422 -2360.21 m
143.422 -2287.903 l
S
0.89 0.894 0.898 SC
143.889 -2360.21 m
143.889 -2287.903 l
S
0.886 0.89 0.894 SC
144.355 -2360.21 m
144.355 -2287.903 l
S
0.882 0.886 0.89 SC
144.822 -2360.21 m
144.822 -2287.903 l
S
0.878 0.882 0.89 SC
145.288 -2360.21 m
145.288 -2287.903 l
S
0.875 0.882 0.886 SC
145.755 -2360.21 m
145.755 -2287.903 l
S
0.875 0.878 0.882 SC
146.221 -2360.21 m
146.221 -2287.903 l
S
0.871 0.875 0.878 SC
146.688 -2360.21 m
146.688 -2287.903 l
S
0.867 0.871 0.875 SC
147.154 -2360.21 m
147.154 -2287.903 l
S
0.863 0.867 0.875 SC
147.621 -2360.21 m
147.621 -2287.903 l
S
0.859 0.863 0.871 SC
148.087 -2360.21 m
148.087 -2287.903 l
S
0.855 0.863 0.867 SC
148.554 -2360.21 m
148.554 -2287.903 l
S
0.855 0.859 0.863 SC
149.02 -2360.21 m
149.02 -2287.903 l
S
0.851 0.855 0.859 SC
149.487 -2360.21 m
149.487 -2287.903 l
S
0.847 0.851 0.859 SC
149.953 -2360.21 m
149.953 -2287.903 l
S
0.843 0.847 0.855 SC
150.42 -2360.21 m
150.42 -2287.903 l
S
0.839 0.847 0.851 SC
150.886 -2360.21 m
150.886 -2287.903 l
S
0.835 0.843 0.847 SC
151.353 -2360.21 m
151.353 -2287.903 l
S
0.835 0.839 0.843 SC
151.819 -2360.21 m
151.819 -2287.903 l
S
0.831 0.835 0.843 SC
152.286 -2360.21 m
152.286 -2287.903 l
S
0.827 0.831 0.839 SC
152.752 -2360.21 m
152.752 -2287.903 l
S
0.824 0.831 0.835 SC
153.219 -2360.21 m
153.219 -2287.903 l
S
0.82 0.827 0.831 SC
153.685 -2360.21 m
153.685 -2287.903 l
S
0.816 0.824 0.831 SC
154.152 -2360.21 m
154.152 -2287.903 l
S
0.816 0.82 0.827 SC
154.618 -2360.21 m
154.618 -2287.903 l
S
0.812 0.816 0.824 SC
155.085 -2360.21 m
155.085 -2287.903 l
S
0.808 0.812 0.82 SC
155.551 -2360.21 m
155.551 -2287.903 l
S
0.804 0.812 0.816 SC
156.018 -2360.21 m
156.018 -2287.903 l
S
0.8 0.808 0.816 SC
156.484 -2360.21 m
156.484 -2287.903 l
S
0.796 0.804 0.812 SC
156.951 -2360.21 m
156.951 -2287.903 l
S
0.796 0.8 0.808 SC
157.417 -2360.21 m
157.417 -2287.903 l
S
0.792 0.796 0.804 SC
157.884 -2360.21 m
157.884 -2287.903 l
S
0.788 0.796 0.8 SC
158.35 -2360.21 m
158.35 -2287.903 l
S
0.784 0.792 0.8 SC
158.817 -2360.21 m
158.817 -2287.903 l
S
0.78 0.788 0.796 SC
159.283 -2360.21 m
159.283 -2287.903 l
S
0.776 0.784 0.792 SC
159.75 -2360.21 m
159.75 -2287.903 l
S
0.776 0.78 0.788 SC
160.216 -2360.21 m
160.216 -2287.903 l
S
0.773 0.776 0.784 SC
160.683 -2360.21 m
160.683 -2287.903 l
S
0.769 0.776 0.784 SC
161.149 -2360.21 m
161.149 -2287.903 l
S
0.765 0.773 0.78 SC
161.616 -2360.21 m
161.616 -2287.903 l
S
0.761 0.769 0.776 SC
162.082 -2360.21 m
162.082 -2287.903 l
S
0.757 0.765 0.773 SC
162.549 -2360.21 m
162.549 -2287.903 l
S
0.753 0.761 0.769 SC
163.015 -2360.21 m
163.015 -2287.903 l
163.482 -2360.21 m
163.482 -2287.903 l
S
0.749 0.757 0.765 SC
163.948 -2360.21 m
163.948 -2287.903 l
S
0.745 0.753 0.761 SC
164.415 -2360.21 m
164.415 -2287.903 l
S
0.741 0.749 0.757 SC
164.881 -2360.21 m
164.881 -2287.903 l
S
0.737 0.745 0.753 SC
165.348 -2360.21 m
165.348 -2287.903 l
S
0.733 0.741 0.753 SC
165.814 -2360.21 m
165.814 -2287.903 l
S
0.733 0.741 0.749 SC
166.281 -2360.21 m
166.281 -2287.903 l
166.747 -2360.21 m
166.747 -2287.903 l
S
0.729 0.737 0.745 SC
167.214 -2360.21 m
167.214 -2287.903 l
S
0.725 0.733 0.741 SC
167.68 -2360.21 m
167.68 -2287.903 l
S
0.722 0.729 0.737 SC
168.147 -2360.21 m
168.147 -2287.903 l
S
0.718 0.725 0.737 SC
168.613 -2360.21 m
168.613 -2287.903 l
S
0.714 0.722 0.733 SC
169.08 -2360.21 m
169.08 -2287.903 l
S
0.714 0.722 0.729 SC
169.546 -2360.21 m
169.546 -2287.903 l
S
0.71 0.718 0.725 SC
170.013 -2360.21 m
170.013 -2287.903 l
S
0.706 0.714 0.722 SC
170.479 -2360.21 m
170.479 -2287.903 l
S
0.702 0.71 0.722 SC
170.946 -2360.21 m
170.946 -2287.903 l
S
0.698 0.706 0.718 SC
171.412 -2360.21 m
171.412 -2287.903 l
S
0.698 0.706 0.714 SC
171.879 -2360.21 m
171.879 -2287.903 l
S
0.694 0.702 0.71 SC
172.345 -2360.21 m
172.345 -2287.903 l
S
0.69 0.698 0.706 SC
172.812 -2360.21 m
172.812 -2287.903 l
S
0.686 0.694 0.706 SC
173.278 -2360.21 m
173.278 -2287.903 l
S
0.682 0.69 0.702 SC
173.745 -2360.21 m
173.745 -2287.903 l
S
0.682 0.69 0.698 SC
174.211 -2360.21 m
174.211 -2287.903 l
S
0.678 0.686 0.694 SC
174.678 -2360.21 m
174.678 -2287.903 l
S
0.675 0.682 0.69 SC
175.144 -2360.21 m
175.144 -2287.903 l
S
0.671 0.678 0.69 SC
175.611 -2360.21 m
175.611 -2287.903 l
S
0.667 0.675 0.686 SC
176.077 -2360.21 m
176.077 -2287.903 l
S
0.663 0.675 0.682 SC
176.544 -2360.21 m
176.544 -2287.903 l
S
0.663 0.671 0.678 SC
177.01 -2360.21 m
177.01 -2287.903 l
S
0.659 0.667 0.678 SC
177.477 -2360.21 m
177.477 -2287.903 l
S
0.655 0.663 0.675 SC
177.943 -2360.21 m
177.943 -2287.903 l
S
0.651 0.659 0.671 SC
178.41 -2360.21 m
178.41 -2287.903 l
S
0.651 0.659 0.667 SC
178.876 -2360.21 m
178.876 -2287.903 l
S
0.647 0.655 0.663 SC
179.343 -2360.21 m
179.343 -2287.903 l
S
0.643 0.651 0.663 SC
179.809 -2360.21 m
179.809 -2287.903 l
S
0.639 0.647 0.659 SC
180.276 -2360.21 m
180.276 -2287.903 l
S
0.635 0.643 0.655 SC
180.742 -2360.21 m
180.742 -2287.903 l
S
0.635 0.643 0.651 SC
181.209 -2360.21 m
181.209 -2287.903 l
S
0.631 0.639 0.647 SC
181.675 -2360.21 m
181.675 -2287.903 l
S
0.627 0.635 0.647 SC
182.142 -2360.21 m
182.142 -2287.903 l
S
0.624 0.631 0.643 SC
182.608 -2360.21 m
182.608 -2287.903 l
S
0.62 0.631 0.639 SC
183.075 -2360.21 m
183.075 -2287.903 l
S
0.62 0.627 0.635 SC
183.541 -2360.21 m
183.541 -2287.903 l
S
0.616 0.624 0.635 SC
184.008 -2360.21 m
184.008 -2287.903 l
S
0.612 0.62 0.631 SC
184.474 -2360.21 m
184.474 -2287.903 l
S
0.608 0.616 0.627 SC
184.941 -2360.21 m
184.941 -2287.903 l
S
0.608 0.616 0.624 SC
185.407 -2360.21 m
185.407 -2287.903 l
S
0.604 0.612 0.624 SC
185.874 -2360.21 m
185.874 -2287.903 l
S
0.6 0.608 0.62 SC
186.34 -2360.21 m
186.34 -2287.903 l
S
0.596 0.604 0.616 SC
186.806 -2360.21 m
186.806 -2287.903 l
S
0.596 0.604 0.612 SC
187.273 -2360.21 m
187.273 -2287.903 l
S
0.592 0.6 0.608 SC
187.739 -2360.21 m
187.739 -2287.903 l
S
0.588 0.596 0.608 SC
188.206 -2360.21 m
188.206 -2287.903 l
S
0.584 0.592 0.604 SC
188.672 -2360.21 m
188.672 -2287.903 l
S
0.584 0.592 0.6 SC
189.139 -2360.21 m
189.139 -2287.903 l
S
0.58 0.588 0.596 SC
189.605 -2360.21 m
189.605 -2287.903 l
S
0.576 0.584 0.596 SC
190.072 -2360.21 m
190.072 -2287.903 l
S
0.573 0.58 0.592 SC
190.538 -2360.21 m
190.538 -2287.903 l
S
0.573 0.58 0.588 SC
191.005 -2360.21 m
191.005 -2287.903 l
S
0.569 0.576 0.588 SC
191.471 -2360.21 m
191.471 -2287.903 l
S
0.565 0.573 0.584 SC
191.938 -2360.21 m
191.938 -2287.903 l
S
0.561 0.569 0.58 SC
192.404 -2360.21 m
192.404 -2287.903 l
S
0.561 0.569 0.576 SC
192.871 -2360.21 m
192.871 -2287.903 l
S
0.557 0.565 0.576 SC
193.337 -2360.21 m
193.337 -2287.903 l
S
0.553 0.561 0.573 SC
193.804 -2360.21 m
193.804 -2287.903 l
S
0.549 0.557 0.569 SC
194.27 -2360.21 m
194.27 -2287.903 l
S
0.549 0.557 0.565 SC
194.737 -2360.21 m
194.737 -2287.903 l
S
0.545 0.553 0.565 SC
195.203 -2360.21 m
195.203 -2287.903 l
S
0.541 0.549 0.561 SC
195.67 -2360.21 m
195.67 -2287.903 l
S
0.537 0.545 0.557 SC
196.136 -2360.21 m
196.136 -2287.903 l
S
0.537 0.545 0.553 SC
196.603 -2360.21 m
196.603 -2287.903 l
S
0.533 0.541 0.553 SC
197.069 -2360.21 m
197.069 -2287.903 l
S
0.529 0.537 0.549 SC
197.536 -2360.21 m
197.536 -2287.903 l
S
0.529 0.533 0.545 SC
198.002 -2360.21 m
198.002 -2287.903 l
S
0.525 0.533 0.541 SC
198.469 -2360.21 m
198.469 -2287.903 l
S
0.522 0.529 0.541 SC
198.935 -2360.21 m
198.935 -2287.903 l
S
0.518 0.525 0.537 SC
199.402 -2360.21 m
199.402 -2287.903 l
S
0.518 0.525 0.533 SC
199.868 -2360.21 m
199.868 -2287.903 l
S
0.514 0.522 0.529 SC
200.335 -2360.21 m
200.335 -2287.903 l
S
0.51 0.518 0.529 SC
200.801 -2360.21 m
200.801 -2287.903 l
S
0.51 0.514 0.525 SC
201.268 -2360.21 m
201.268 -2287.903 l
S
0.506 0.514 0.522 SC
201.734 -2360.21 m
201.734 -2287.903 l
S
0.502 0.51 0.518 SC
202.201 -2360.21 m
202.201 -2287.903 l
S
Q
Q
q
1 i 
-9 851 613 -860 re
0 841 m
W n
0.03 841.02 595.02 -841.02 re
W n
/Cs5 cs 0.161 0.145 0.149 sc
/GS1 gs
560.12 841.02 34.93 -6.11 re
f
/Cs5 CS 0.161 0.145 0.149 SC
0 J 0 j 0.3 w 10 M []0 d
567.202 840.678 m
567.202 804.948 l
S
286.57 22.8 22.68 -22.8 re
f
BT
/F4 1 Tf
10 0 0 10 289.5747 7.7671 Tm
1 1 1 sc
-0.0002 Tc
0 Tw
(607)Tj
/F2 1 Tf
7 0 0 7 473.8676 17.5374 Tm
0.161 0.145 0.149 sc
-0.0001 Tc
-0.0306 Tw
[(Swissmedic Jour)-17.9(nal)-1111.9(9/2002)]TJ
ET
Q
q
1 i 
25.86 795.96 510.13 -768.7 re
560.117 17.537 m
W* n
-9 851 613 -860 re
0 841 m
W n
0.03 841.02 595.02 -841.02 re
W n
/GS1 gs
q
496.0001 0 0 650.5524 33.28 138.72 cm
/Im17 Do
Q
Q

Hâ§ó›n7Öü†ﬂÅóv µH6ã?∑—&¡»Y
ê√Å,6,Úl Ï€oë≈bœvÊ&†4s‹Î∞∫ãM>/Œ|2ÀM1ôúân379ZÛ˝q±&gûñﬂÕ◊≈Æv´?WÎ
™n˙Oæ≤^Ò„iπ˝9gNÁW2ñ?ÌÀ÷r6Ÿπ5eÔÕÈiπΩ;ìy8ª∫Ëj‘b1ÁáÂˆó{g>ûóŒj-è¯–æ˙ÕÈeyıÔ«è~˘„?ﬂæˇ◊¸ÎÒÂ¸˙Ùy˘È$#ﬁ›åx«Sy√n>≥∞ô„¨˘’º}gÕ˚≈Áu#ì-≠éx™D~MQYÓóﬂñg)–Fk‡êÂπíÎèV[jú/kàIßXãˆ◊‰oıya?…ÂVLÆ¡≠|x∫ò01¿—µêÁ˘“<_--ﬂòHƒ3‡W_

≈Á¥6Vg_«émÿP#ﬂ;‹m´c‰íUXwÅRGâüÑÂÕ
m∑–q≠)L®*à™◊Kñ¿±*»Ênñ„∂u∂‰¨(◊ÿ‘X~f¿≥*¿∑˘˘∂x@õÄ§z›…∏n‡XdÀKùÕ¥+ 1õ+UNÎ6;Óê√+G⁄:ô∏πgTdS˜∫≥yı‡XïklÍlrXQÄ∑°Õ9JïÀÍ¿≥*»™€ Rg#y`EA∂t∑Éıº®Õûárç-ù•L¿älw€fùZù=ØK≥Á° ´n+;[ªcfEV2∆2±<´rÖm´†˜‹lS€QÍ≠hËlÀ™ ´fm[…*ªqªMm?`{∆	Õ`YïøFK[ñ˘e¥π©ÌáÇhÏÛ¨lÏl«™ ´^wî∏€&≤Ün’Æ %∞´ “ Õâ‹iSœYuZŸ‹ŸHÄ∆ø›ÈŒ%Ó≤©ﬂáÇdÏN9:ﬂYø™\c•NyµaÓwUfVΩrÙ$0¨
Ä√jECgKˆ¿äÇlÓVwñ∑B`XïklÍlq¨(¿v∑5lm=ﬁxw4[
¢j∂≤‘Ÿ2∞¢ Îª◊u‹cì„°°õk±t4e®(àÜù
m5ﬁ¸Í¡±*»™Ÿ ¶Œ&Äÿ·vgyßûUAñ∫[é‰:[GôYQÆ±RÊ¿Ω6u–PêU∑ï-ù•(TjxÂ• º'S
Ÿ‘Ω^≤éUV2RÛSgK*¿ärÖMRÂ»Õ6{VYu[YÍlqXQêU∑ïmÎ„∆õ=¨
∞=£õÿXQéŸÊ<∑en„xVŸt¡∆Œ¶îÅÿ·ñ£<TÖ€m∂¨
¢jˆMŒ*
¢π{≠h[\Ôıf«CV÷ê;C TîøDìm5Ê3©õQıZŸÿYJ	XQÄUØ;ÍπŸf«™ ∫YéÆ£Û6J5ùm+†ê¸™rçïo‹iSœefáUﬁw¥8 Àˇﬁ≠Ó$ÔÚ“‘C÷uß•éf´
¢ö∞∆ˆZ7;ı˚PÆ∞€÷ŸñUAV›V∂≠ç!rõM˝>`á€K6ÅgUê•Óñcê'äw{ij¯° ´+Kùç‡Y`G∆•ŒyuvÓxUÆ∞¥uñ¿≥*;
˜‘¸Ë©Ç	tJ{Ç≤òSÿ1• ¶ŒñÄYÕ»1∂õAñ€jÚ<d5ce©≥≈&`Evd¨±›‚Ω›Ïy(;ÀR∆kéRª)é©ïì<w–lM`á)€˙Fÿ: ÃäÇ¨f‰ÿñ-⁄∏Å&≤j:€ŒÜB÷iFEV“M,o‡¿∞*»
’BÓh›ÁÕ®(«h[ÅJ[.â∏{fÀ™ ´	+;J…*
¢öêèçå´√™ ©˘ví,)
ê-['mËlø™ +˘*)Y”∂©ØárH∂dñ√.’ˇ'`ÀÅcÕWI©/o‹“‹’™ 9Ú]≤´ÇlﬁY1\∏«ÊÁ_@G¬äÜŒ&∞¨
≤Bµ–÷ø
lS≥Âmsñ√n¨;Å l:≤¨	wîwns÷. ®Èj§N∆
—xdx‰´±-ú—sèMÕ>`GF€v"¬Rî≤
”ŒJn‹dSØÂêm'¿,']æí¿±*»ñNqîì._YbV`G∆ Jï7⁄ÏYd5cç•≥≈z`E∂St¡ÚÓ
<´Ç¨RÂ¨ÀW÷
Œ¨(ál;≈e9Î∆»Ω6{VŸ≤≥≤ÀÁ+SÃ¿äÏ»XY©s‚fõ=´ÇlÍ/Ÿd∞¢ ;®€“y˜ûUAV)é≤RÒïq¿är»J˜ÀY7Ó∑Ÿ≥*»Êù-•ò –ëP—dπﬂ&«CA¥C5ÑéÄ7GÅs« lv(à*e[èT÷qßM=?dÛ[Ä<ËùA‘ÿÓK‚^ú˙}(3ªS∂ûÕ`WD;TÉówxeˆ´
†
’ò;ö¿∞*à*≈QŒ™)pãMÕ>dï∫d#XVÿA’ÿ6Ò/ŒOì*«,µX:¡≥*»*≈Q∫âwyejˆ° ´‘%K‡Y`;ïz¨l‚&õö}(»¶ùïÉ._¿≥*¿∂3ùFÍlâXQê%≥G©sÊVõ=´rÃñâÕ%+
≤çj'ª"gÿƒõ=¨
∞ùJ=
õ7@ÛAˇ
¶.E≠ ôÅŸÒPÄmG=ç‘Ÿ7`EAñÃ[•≤„~õ–. YÃe2ñ®(¿∂≥ﬁ+Àõ=p¨
≤m•QÿË∞¢ €ñ	mëÀºŸ«™ )îFa)z`E∂ùªˆXŸ∞Zp¨ %ÎL˝»ı°\/ ÂıøÒÁô©Ofπ)¶n·¢„
ÊhÕ˜«≈ö*˙ª˘∫‘Wl˝…I
™n˙Oæ≤^q{w&ÛpfœÆ=YÆıî„Ó8?,∑ø‹;ÛÒ<
≥— WÁÍdÄª˚ÉxB÷º1÷|fa3/∆YÛ´y˚Œö˜ãÁÛo[€ò|wüÜ`Ÿ$ø§Í4}Ê˝üÒ¸&´A6F¸Ωe˝Ò¥‹˛∏jß[?¸«ÁRﬂ]ﬁ&,ÚéÎÙ‘kÀsπ·IXˆz`WßóÂU¥˘ıÈ3„eò‘FImÇØ6.≠¥•P9,éËÍÄıÎ∆Æyÿ∑ØÓ_>ùœOèÔ?=ò7ﬂ˛¸˛˙Ü*Øæ˛ÒÖøÒ?˛^n=;y˝ÓÙf˘È¥ﬂKNÃG“lÎˆÜ6^∂x∆ŸÖï;áÁÏ<7/)b´ﬁﬂ¯ˆ˝˝˚ﬂoÒÛB°O®ïÅ_m¡ßb∂∞R0û÷‰∏£ûñ€>Ò+˘ﬂ⁄S¯? ÿW–
q
1 i 
-9 851 613 -860 re
0 841 m
W n
0.03 841.02 595.02 -841.02 re
W n
BT
/F6 1 Tf
12.5 0 0 12.5 465.0797 811.7825 Tm
/Cs5 cs 0.161 0.145 0.149 sc
/GS1 gs
-0.0001 Tc
-0.0286 Tw
(Regulatory News)Tj
ET
/Cs5 CS 0.161 0.145 0.149 SC
0 J 0 j 0.3 w 10 M []0 d
42.8 805.15 m
567.2 805.15 l
S
Q
q
1 i 
361.69 850.5 198.43 -24.09 re
560.098 811.782 m
W* n
-9 851 613 -860 re
0 841 m
W n
0.03 841.02 595.02 -841.02 re
W n
q
2.7718 0 0 -0.3608 0 0 cm
/Cs5 CS 1 1 1 SC
0 J 0 j 0.5 w 10 M []0 d
/GS1 gs
130.36 -2360.21 m
130.36 -2287.903 l
S
0.992 0.992 0.992 SC
130.827 -2360.21 m
130.827 -2287.903 l
S
0.988 0.988 0.988 SC
131.293 -2360.21 m
131.293 -2287.903 l
S
0.98 0.98 0.984 SC
131.76 -2360.21 m
131.76 -2287.903 l
S
0.976 0.976 0.976 SC
132.226 -2360.21 m
132.226 -2287.903 l
S
0.973 0.973 0.973 SC
132.693 -2360.21 m
132.693 -2287.903 l
S
0.969 0.969 0.969 SC
133.159 -2360.21 m
133.159 -2287.903 l
S
0.965 0.965 0.969 SC
133.626 -2360.21 m
133.626 -2287.903 l
S
0.961 0.961 0.965 SC
134.092 -2360.21 m
134.092 -2287.903 l
S
0.957 0.957 0.961 SC
134.559 -2360.21 m
134.559 -2287.903 l
S
0.953 0.957 0.957 SC
135.025 -2360.21 m
135.025 -2287.903 l
S
0.949 0.953 0.953 SC
135.492 -2360.21 m
135.492 -2287.903 l
S
0.945 0.949 0.949 SC
135.958 -2360.21 m
135.958 -2287.903 l
S
0.945 0.945 0.949 SC
136.425 -2360.21 m
136.425 -2287.903 l
S
0.941 0.941 0.945 SC
136.891 -2360.21 m
136.891 -2287.903 l
S
0.937 0.937 0.941 SC
137.358 -2360.21 m
137.358 -2287.903 l
S
0.933 0.937 0.937 SC
137.824 -2360.21 m
137.824 -2287.903 l
S
0.929 0.933 0.933 SC
138.291 -2360.21 m
138.291 -2287.903 l
S
0.925 0.929 0.933 SC
138.757 -2360.21 m
138.757 -2287.903 l
S
0.922 0.925 0.929 SC
139.224 -2360.21 m
139.224 -2287.903 l
S
0.922 0.922 0.925 SC
139.69 -2360.21 m
139.69 -2287.903 l
S
0.918 0.922 0.922 SC
140.157 -2360.21 m
140.157 -2287.903 l
S
0.914 0.918 0.922 SC
140.623 -2360.21 m
140.623 -2287.903 l
S
0.91 0.914 0.918 SC
141.09 -2360.21 m
141.09 -2287.903 l
S
0.906 0.91 0.914 SC
141.556 -2360.21 m
141.556 -2287.903 l
S
0.902 0.906 0.91 SC
142.023 -2360.21 m
142.023 -2287.903 l
S
0.898 0.902 0.906 SC
142.489 -2360.21 m
142.489 -2287.903 l
S
0.898 0.898 0.902 SC
142.956 -2360.21 m
142.956 -2287.903 l
S
0.894 0.898 0.902 SC
143.422 -2360.21 m
143.422 -2287.903 l
S
0.89 0.894 0.898 SC
143.889 -2360.21 m
143.889 -2287.903 l
S
0.886 0.89 0.894 SC
144.355 -2360.21 m
144.355 -2287.903 l
S
0.882 0.886 0.89 SC
144.822 -2360.21 m
144.822 -2287.903 l
S
0.878 0.882 0.89 SC
145.288 -2360.21 m
145.288 -2287.903 l
S
0.875 0.882 0.886 SC
145.755 -2360.21 m
145.755 -2287.903 l
S
0.875 0.878 0.882 SC
146.221 -2360.21 m
146.221 -2287.903 l
S
0.871 0.875 0.878 SC
146.688 -2360.21 m
146.688 -2287.903 l
S
0.867 0.871 0.875 SC
147.154 -2360.21 m
147.154 -2287.903 l
S
0.863 0.867 0.875 SC
147.621 -2360.21 m
147.621 -2287.903 l
S
0.859 0.863 0.871 SC
148.087 -2360.21 m
148.087 -2287.903 l
S
0.855 0.863 0.867 SC
148.554 -2360.21 m
148.554 -2287.903 l
S
0.855 0.859 0.863 SC
149.02 -2360.21 m
149.02 -2287.903 l
S
0.851 0.855 0.859 SC
149.487 -2360.21 m
149.487 -2287.903 l
S
0.847 0.851 0.859 SC
149.953 -2360.21 m
149.953 -2287.903 l
S
0.843 0.847 0.855 SC
150.42 -2360.21 m
150.42 -2287.903 l
S
0.839 0.847 0.851 SC
150.886 -2360.21 m
150.886 -2287.903 l
S
0.835 0.843 0.847 SC
151.353 -2360.21 m
151.353 -2287.903 l
S
0.835 0.839 0.843 SC
151.819 -2360.21 m
151.819 -2287.903 l
S
0.831 0.835 0.843 SC
152.286 -2360.21 m
152.286 -2287.903 l
S
0.827 0.831 0.839 SC
152.752 -2360.21 m
152.752 -2287.903 l
S
0.824 0.831 0.835 SC
153.219 -2360.21 m
153.219 -2287.903 l
S
0.82 0.827 0.831 SC
153.685 -2360.21 m
153.685 -2287.903 l
S
0.816 0.824 0.831 SC
154.152 -2360.21 m
154.152 -2287.903 l
S
0.816 0.82 0.827 SC
154.618 -2360.21 m
154.618 -2287.903 l
S
0.812 0.816 0.824 SC
155.085 -2360.21 m
155.085 -2287.903 l
S
0.808 0.812 0.82 SC
155.551 -2360.21 m
155.551 -2287.903 l
S
0.804 0.812 0.816 SC
156.018 -2360.21 m
156.018 -2287.903 l
S
0.8 0.808 0.816 SC
156.484 -2360.21 m
156.484 -2287.903 l
S
0.796 0.804 0.812 SC
156.951 -2360.21 m
156.951 -2287.903 l
S
0.796 0.8 0.808 SC
157.417 -2360.21 m
157.417 -2287.903 l
S
0.792 0.796 0.804 SC
157.884 -2360.21 m
157.884 -2287.903 l
S
0.788 0.796 0.8 SC
158.35 -2360.21 m
158.35 -2287.903 l
S
0.784 0.792 0.8 SC
158.817 -2360.21 m
158.817 -2287.903 l
S
0.78 0.788 0.796 SC
159.283 -2360.21 m
159.283 -2287.903 l
S
0.776 0.784 0.792 SC
159.75 -2360.21 m
159.75 -2287.903 l
S
0.776 0.78 0.788 SC
160.216 -2360.21 m
160.216 -2287.903 l
S
0.773 0.776 0.784 SC
160.683 -2360.21 m
160.683 -2287.903 l
S
0.769 0.776 0.784 SC
161.149 -2360.21 m
161.149 -2287.903 l
S
0.765 0.773 0.78 SC
161.616 -2360.21 m
161.616 -2287.903 l
S
0.761 0.769 0.776 SC
162.082 -2360.21 m
162.082 -2287.903 l
S
0.757 0.765 0.773 SC
162.549 -2360.21 m
162.549 -2287.903 l
S
0.753 0.761 0.769 SC
163.015 -2360.21 m
163.015 -2287.903 l
163.482 -2360.21 m
163.482 -2287.903 l
S
0.749 0.757 0.765 SC
163.948 -2360.21 m
163.948 -2287.903 l
S
0.745 0.753 0.761 SC
164.415 -2360.21 m
164.415 -2287.903 l
S
0.741 0.749 0.757 SC
164.881 -2360.21 m
164.881 -2287.903 l
S
0.737 0.745 0.753 SC
165.348 -2360.21 m
165.348 -2287.903 l
S
0.733 0.741 0.753 SC
165.814 -2360.21 m
165.814 -2287.903 l
S
0.733 0.741 0.749 SC
166.281 -2360.21 m
166.281 -2287.903 l
166.747 -2360.21 m
166.747 -2287.903 l
S
0.729 0.737 0.745 SC
167.214 -2360.21 m
167.214 -2287.903 l
S
0.725 0.733 0.741 SC
167.68 -2360.21 m
167.68 -2287.903 l
S
0.722 0.729 0.737 SC
168.147 -2360.21 m
168.147 -2287.903 l
S
0.718 0.725 0.737 SC
168.613 -2360.21 m
168.613 -2287.903 l
S
0.714 0.722 0.733 SC
169.08 -2360.21 m
169.08 -2287.903 l
S
0.714 0.722 0.729 SC
169.546 -2360.21 m
169.546 -2287.903 l
S
0.71 0.718 0.725 SC
170.013 -2360.21 m
170.013 -2287.903 l
S
0.706 0.714 0.722 SC
170.479 -2360.21 m
170.479 -2287.903 l
S
0.702 0.71 0.722 SC
170.946 -2360.21 m
170.946 -2287.903 l
S
0.698 0.706 0.718 SC
171.412 -2360.21 m
171.412 -2287.903 l
S
0.698 0.706 0.714 SC
171.879 -2360.21 m
171.879 -2287.903 l
S
0.694 0.702 0.71 SC
172.345 -2360.21 m
172.345 -2287.903 l
S
0.69 0.698 0.706 SC
172.812 -2360.21 m
172.812 -2287.903 l
S
0.686 0.694 0.706 SC
173.278 -2360.21 m
173.278 -2287.903 l
S
0.682 0.69 0.702 SC
173.745 -2360.21 m
173.745 -2287.903 l
S
0.682 0.69 0.698 SC
174.211 -2360.21 m
174.211 -2287.903 l
S
0.678 0.686 0.694 SC
174.678 -2360.21 m
174.678 -2287.903 l
S
0.675 0.682 0.69 SC
175.144 -2360.21 m
175.144 -2287.903 l
S
0.671 0.678 0.69 SC
175.611 -2360.21 m
175.611 -2287.903 l
S
0.667 0.675 0.686 SC
176.077 -2360.21 m
176.077 -2287.903 l
S
0.663 0.675 0.682 SC
176.544 -2360.21 m
176.544 -2287.903 l
S
0.663 0.671 0.678 SC
177.01 -2360.21 m
177.01 -2287.903 l
S
0.659 0.667 0.678 SC
177.477 -2360.21 m
177.477 -2287.903 l
S
0.655 0.663 0.675 SC
177.943 -2360.21 m
177.943 -2287.903 l
S
0.651 0.659 0.671 SC
178.41 -2360.21 m
178.41 -2287.903 l
S
0.651 0.659 0.667 SC
178.876 -2360.21 m
178.876 -2287.903 l
S
0.647 0.655 0.663 SC
179.343 -2360.21 m
179.343 -2287.903 l
S
0.643 0.651 0.663 SC
179.809 -2360.21 m
179.809 -2287.903 l
S
0.639 0.647 0.659 SC
180.276 -2360.21 m
180.276 -2287.903 l
S
0.635 0.643 0.655 SC
180.742 -2360.21 m
180.742 -2287.903 l
S
0.635 0.643 0.651 SC
181.209 -2360.21 m
181.209 -2287.903 l
S
0.631 0.639 0.647 SC
181.675 -2360.21 m
181.675 -2287.903 l
S
0.627 0.635 0.647 SC
182.142 -2360.21 m
182.142 -2287.903 l
S
0.624 0.631 0.643 SC
182.608 -2360.21 m
182.608 -2287.903 l
S
0.62 0.631 0.639 SC
183.075 -2360.21 m
183.075 -2287.903 l
S
0.62 0.627 0.635 SC
183.541 -2360.21 m
183.541 -2287.903 l
S
0.616 0.624 0.635 SC
184.008 -2360.21 m
184.008 -2287.903 l
S
0.612 0.62 0.631 SC
184.474 -2360.21 m
184.474 -2287.903 l
S
0.608 0.616 0.627 SC
184.941 -2360.21 m
184.941 -2287.903 l
S
0.608 0.616 0.624 SC
185.407 -2360.21 m
185.407 -2287.903 l
S
0.604 0.612 0.624 SC
185.874 -2360.21 m
185.874 -2287.903 l
S
0.6 0.608 0.62 SC
186.34 -2360.21 m
186.34 -2287.903 l
S
0.596 0.604 0.616 SC
186.806 -2360.21 m
186.806 -2287.903 l
S
0.596 0.604 0.612 SC
187.273 -2360.21 m
187.273 -2287.903 l
S
0.592 0.6 0.608 SC
187.739 -2360.21 m
187.739 -2287.903 l
S
0.588 0.596 0.608 SC
188.206 -2360.21 m
188.206 -2287.903 l
S
0.584 0.592 0.604 SC
188.672 -2360.21 m
188.672 -2287.903 l
S
0.584 0.592 0.6 SC
189.139 -2360.21 m
189.139 -2287.903 l
S
0.58 0.588 0.596 SC
189.605 -2360.21 m
189.605 -2287.903 l
S
0.576 0.584 0.596 SC
190.072 -2360.21 m
190.072 -2287.903 l
S
0.573 0.58 0.592 SC
190.538 -2360.21 m
190.538 -2287.903 l
S
0.573 0.58 0.588 SC
191.005 -2360.21 m
191.005 -2287.903 l
S
0.569 0.576 0.588 SC
191.471 -2360.21 m
191.471 -2287.903 l
S
0.565 0.573 0.584 SC
191.938 -2360.21 m
191.938 -2287.903 l
S
0.561 0.569 0.58 SC
192.404 -2360.21 m
192.404 -2287.903 l
S
0.561 0.569 0.576 SC
192.871 -2360.21 m
192.871 -2287.903 l
S
0.557 0.565 0.576 SC
193.337 -2360.21 m
193.337 -2287.903 l
S
0.553 0.561 0.573 SC
193.804 -2360.21 m
193.804 -2287.903 l
S
0.549 0.557 0.569 SC
194.27 -2360.21 m
194.27 -2287.903 l
S
0.549 0.557 0.565 SC
194.737 -2360.21 m
194.737 -2287.903 l
S
0.545 0.553 0.565 SC
195.203 -2360.21 m
195.203 -2287.903 l
S
0.541 0.549 0.561 SC
195.67 -2360.21 m
195.67 -2287.903 l
S
0.537 0.545 0.557 SC
196.136 -2360.21 m
196.136 -2287.903 l
S
0.537 0.545 0.553 SC
196.603 -2360.21 m
196.603 -2287.903 l
S
0.533 0.541 0.553 SC
197.069 -2360.21 m
197.069 -2287.903 l
S
0.529 0.537 0.549 SC
197.536 -2360.21 m
197.536 -2287.903 l
S
0.529 0.533 0.545 SC
198.002 -2360.21 m
198.002 -2287.903 l
S
0.525 0.533 0.541 SC
198.469 -2360.21 m
198.469 -2287.903 l
S
0.522 0.529 0.541 SC
198.935 -2360.21 m
198.935 -2287.903 l
S
0.518 0.525 0.537 SC
199.402 -2360.21 m
199.402 -2287.903 l
S
0.518 0.525 0.533 SC
199.868 -2360.21 m
199.868 -2287.903 l
S
0.514 0.522 0.529 SC
200.335 -2360.21 m
200.335 -2287.903 l
S
0.51 0.518 0.529 SC
200.801 -2360.21 m
200.801 -2287.903 l
S
0.51 0.514 0.525 SC
201.268 -2360.21 m
201.268 -2287.903 l
S
0.506 0.514 0.522 SC
201.734 -2360.21 m
201.734 -2287.903 l
S
0.502 0.51 0.518 SC
202.201 -2360.21 m
202.201 -2287.903 l
S
Q
Q
q
1 i 
-9 851 613 -860 re
0 841 m
W n
0.03 841.02 595.02 -841.02 re
W n
/Cs5 cs 0.161 0.145 0.149 sc
/GS1 gs
560.12 841.02 34.93 -6.11 re
f
/Cs5 CS 0.161 0.145 0.149 SC
0 J 0 j 0.3 w 10 M []0 d
567.202 840.678 m
567.202 804.948 l
S
286.57 22.8 22.68 -22.8 re
f
BT
/F4 1 Tf
10 0 0 10 289.5747 7.7671 Tm
1 1 1 sc
-0.0002 Tc
0 Tw
(609)Tj
/F2 1 Tf
7 0 0 7 473.8676 17.5374 Tm
0.161 0.145 0.149 sc
-0.0001 Tc
-0.0306 Tw
[(Swissmedic Jour)-17.9(nal)-1111.9(9/2002)]TJ
ET
Q
q
1 i 
26.02 794.36 534.1 -758.74 re
560.117 17.537 m
W* n
-9 851 613 -860 re
0 841 m
W n
0.03 841.02 595.02 -841.02 re
W n
/GS1 gs
q
536.0001 0 0 759.924 25.46 35.1199 cm
/Im19 Do
Q
Q
q
1 i 
19.23 90.31 538.89 -17.81 re
560.117 17.537 m
W* n
-9 851 613 -860 re
0 841 m
W n
0.03 841.02 595.02 -841.02 re
W n
/GS1 gs
q
540.0001 0 0 18.924 18.69 71.9119 cm
/Im20 Do
Q
Q
q
1 i 
267.14 790.81 274.36 -25.48 re
560.117 17.537 m
W* n
-9 851 613 -860 re
0 841 m
W n
0.03 841.02 595.02 -841.02 re
W n
/GS1 gs
q
276 0 0 26.676 266.41 764.7539 cm
/Im21 Do
Q
Q

q
1 i 
-9 851 613 -860 re
0 841 m
W n
0.03 841.02 595.02 -841.02 re
W n
BT
/F6 1 Tf
12.5 0 0 12.5 34.4488 811.7822 Tm
/Cs5 cs 0.161 0.145 0.149 sc
/GS1 gs
-0.0001 Tc
-0.0286 Tw
(Regulatory News)Tj
ET
/Cs5 CS 0.161 0.145 0.149 SC
0 J 0 j 0.3 w 10 M []0 d
28.35 805.15 m
552.76 805.15 l
S
Q
q
1 i 
35.43 850.5 198.43 -24.09 re
129.467 811.782 m
W* n
-9 851 613 -860 re
0 841 m
W n
0.03 841.02 595.02 -841.02 re
W n
q
2.7718 0 0 -0.3608 0 0 cm
/Cs5 CS 0.502 0.51 0.518 SC
0 J 0 j 0.5 w 10 M []0 d
/GS1 gs
12.655 -2360.21 m
12.655 -2287.903 l
S
0.506 0.514 0.522 SC
13.121 -2360.21 m
13.121 -2287.903 l
S
0.51 0.514 0.525 SC
13.588 -2360.21 m
13.588 -2287.903 l
S
0.51 0.518 0.529 SC
14.054 -2360.21 m
14.054 -2287.903 l
S
0.514 0.522 0.529 SC
14.521 -2360.21 m
14.521 -2287.903 l
S
0.518 0.525 0.533 SC
14.987 -2360.21 m
14.987 -2287.903 l
S
0.518 0.525 0.537 SC
15.454 -2360.21 m
15.454 -2287.903 l
S
0.522 0.529 0.541 SC
15.92 -2360.21 m
15.92 -2287.903 l
S
0.525 0.533 0.541 SC
16.387 -2360.21 m
16.387 -2287.903 l
S
0.529 0.533 0.545 SC
16.853 -2360.21 m
16.853 -2287.903 l
S
0.529 0.537 0.549 SC
17.32 -2360.21 m
17.32 -2287.903 l
S
0.533 0.541 0.553 SC
17.786 -2360.21 m
17.786 -2287.903 l
S
0.537 0.545 0.553 SC
18.253 -2360.21 m
18.253 -2287.903 l
S
0.537 0.545 0.557 SC
18.719 -2360.21 m
18.719 -2287.903 l
S
0.541 0.549 0.561 SC
19.186 -2360.21 m
19.186 -2287.903 l
S
0.545 0.553 0.565 SC
19.652 -2360.21 m
19.652 -2287.903 l
S
0.549 0.557 0.565 SC
20.119 -2360.21 m
20.119 -2287.903 l
S
0.549 0.557 0.569 SC
20.585 -2360.21 m
20.585 -2287.903 l
S
0.553 0.561 0.573 SC
21.052 -2360.21 m
21.052 -2287.903 l
S
0.557 0.565 0.576 SC
21.518 -2360.21 m
21.518 -2287.903 l
S
0.561 0.569 0.576 SC
21.985 -2360.21 m
21.985 -2287.903 l
S
0.561 0.569 0.58 SC
22.451 -2360.21 m
22.451 -2287.903 l
S
0.565 0.573 0.584 SC
22.918 -2360.21 m
22.918 -2287.903 l
S
0.569 0.576 0.588 SC
23.384 -2360.21 m
23.384 -2287.903 l
S
0.573 0.58 0.588 SC
23.851 -2360.21 m
23.851 -2287.903 l
S
0.573 0.58 0.592 SC
24.317 -2360.21 m
24.317 -2287.903 l
S
0.576 0.584 0.596 SC
24.784 -2360.21 m
24.784 -2287.903 l
S
0.58 0.588 0.596 SC
25.25 -2360.21 m
25.25 -2287.903 l
S
0.584 0.592 0.6 SC
25.717 -2360.21 m
25.717 -2287.903 l
S
0.584 0.592 0.604 SC
26.183 -2360.21 m
26.183 -2287.903 l
S
0.588 0.596 0.608 SC
26.65 -2360.21 m
26.65 -2287.903 l
S
0.592 0.6 0.608 SC
27.116 -2360.21 m
27.116 -2287.903 l
S
0.596 0.604 0.612 SC
27.583 -2360.21 m
27.583 -2287.903 l
S
0.596 0.604 0.616 SC
28.049 -2360.21 m
28.049 -2287.903 l
S
0.6 0.608 0.62 SC
28.516 -2360.21 m
28.516 -2287.903 l
S
0.604 0.612 0.624 SC
28.982 -2360.21 m
28.982 -2287.903 l
S
0.608 0.616 0.624 SC
29.449 -2360.21 m
29.449 -2287.903 l
S
0.608 0.616 0.627 SC
29.915 -2360.21 m
29.915 -2287.903 l
S
0.612 0.62 0.631 SC
30.382 -2360.21 m
30.382 -2287.903 l
S
0.616 0.624 0.635 SC
30.848 -2360.21 m
30.848 -2287.903 l
S
0.62 0.627 0.635 SC
31.315 -2360.21 m
31.315 -2287.903 l
S
0.62 0.631 0.639 SC
31.781 -2360.21 m
31.781 -2287.903 l
S
0.624 0.631 0.643 SC
32.248 -2360.21 m
32.248 -2287.903 l
S
0.627 0.635 0.647 SC
32.714 -2360.21 m
32.714 -2287.903 l
S
0.631 0.639 0.647 SC
33.181 -2360.21 m
33.181 -2287.903 l
S
0.635 0.643 0.651 SC
33.647 -2360.21 m
33.647 -2287.903 l
S
0.635 0.643 0.655 SC
34.113 -2360.21 m
34.113 -2287.903 l
S
0.639 0.647 0.659 SC
34.58 -2360.21 m
34.58 -2287.903 l
S
0.643 0.651 0.663 SC
35.046 -2360.21 m
35.046 -2287.903 l
S
0.647 0.655 0.663 SC
35.513 -2360.21 m
35.513 -2287.903 l
S
0.651 0.659 0.667 SC
35.979 -2360.21 m
35.979 -2287.903 l
S
0.651 0.659 0.671 SC
36.446 -2360.21 m
36.446 -2287.903 l
S
0.655 0.663 0.675 SC
36.912 -2360.21 m
36.912 -2287.903 l
S
0.659 0.667 0.678 SC
37.379 -2360.21 m
37.379 -2287.903 l
S
0.663 0.671 0.678 SC
37.845 -2360.21 m
37.845 -2287.903 l
S
0.663 0.675 0.682 SC
38.312 -2360.21 m
38.312 -2287.903 l
S
0.667 0.675 0.686 SC
38.778 -2360.21 m
38.778 -2287.903 l
S
0.671 0.678 0.69 SC
39.245 -2360.21 m
39.245 -2287.903 l
S
0.675 0.682 0.69 SC
39.711 -2360.21 m
39.711 -2287.903 l
S
0.678 0.686 0.694 SC
40.178 -2360.21 m
40.178 -2287.903 l
S
0.682 0.69 0.698 SC
40.644 -2360.21 m
40.644 -2287.903 l
S
0.682 0.69 0.702 SC
41.111 -2360.21 m
41.111 -2287.903 l
S
0.686 0.694 0.706 SC
41.577 -2360.21 m
41.577 -2287.903 l
S
0.69 0.698 0.706 SC
42.044 -2360.21 m
42.044 -2287.903 l
S
0.694 0.702 0.71 SC
42.51 -2360.21 m
42.51 -2287.903 l
S
0.698 0.706 0.714 SC
42.977 -2360.21 m
42.977 -2287.903 l
S
0.698 0.706 0.718 SC
43.443 -2360.21 m
43.443 -2287.903 l
S
0.702 0.71 0.722 SC
43.91 -2360.21 m
43.91 -2287.903 l
S
0.706 0.714 0.722 SC
44.376 -2360.21 m
44.376 -2287.903 l
S
0.71 0.718 0.725 SC
44.843 -2360.21 m
44.843 -2287.903 l
S
0.714 0.722 0.729 SC
45.309 -2360.21 m
45.309 -2287.903 l
S
0.714 0.722 0.733 SC
45.776 -2360.21 m
45.776 -2287.903 l
S
0.718 0.725 0.737 SC
46.242 -2360.21 m
46.242 -2287.903 l
S
0.722 0.729 0.737 SC
46.709 -2360.21 m
46.709 -2287.903 l
S
0.725 0.733 0.741 SC
47.175 -2360.21 m
47.175 -2287.903 l
S
0.729 0.737 0.745 SC
47.642 -2360.21 m
47.642 -2287.903 l
S
0.733 0.741 0.749 SC
48.108 -2360.21 m
48.108 -2287.903 l
S
0.733 0.741 0.753 SC
48.575 -2360.21 m
48.575 -2287.903 l
49.041 -2360.21 m
49.041 -2287.903 l
S
0.737 0.745 0.753 SC
49.508 -2360.21 m
49.508 -2287.903 l
S
0.741 0.749 0.757 SC
49.974 -2360.21 m
49.974 -2287.903 l
S
0.745 0.753 0.761 SC
50.441 -2360.21 m
50.441 -2287.903 l
S
0.749 0.757 0.765 SC
50.907 -2360.21 m
50.907 -2287.903 l
S
0.753 0.761 0.769 SC
51.374 -2360.21 m
51.374 -2287.903 l
51.84 -2360.21 m
51.84 -2287.903 l
S
0.757 0.765 0.773 SC
52.307 -2360.21 m
52.307 -2287.903 l
S
0.761 0.769 0.776 SC
52.773 -2360.21 m
52.773 -2287.903 l
S
0.765 0.773 0.78 SC
53.24 -2360.21 m
53.24 -2287.903 l
S
0.769 0.776 0.784 SC
53.706 -2360.21 m
53.706 -2287.903 l
S
0.773 0.776 0.784 SC
54.173 -2360.21 m
54.173 -2287.903 l
S
0.776 0.78 0.788 SC
54.639 -2360.21 m
54.639 -2287.903 l
S
0.776 0.784 0.792 SC
55.106 -2360.21 m
55.106 -2287.903 l
S
0.78 0.788 0.796 SC
55.572 -2360.21 m
55.572 -2287.903 l
S
0.784 0.792 0.8 SC
56.039 -2360.21 m
56.039 -2287.903 l
S
0.788 0.796 0.8 SC
56.505 -2360.21 m
56.505 -2287.903 l
S
0.792 0.796 0.804 SC
56.972 -2360.21 m
56.972 -2287.903 l
S
0.796 0.8 0.808 SC
57.438 -2360.21 m
57.438 -2287.903 l
S
0.796 0.804 0.812 SC
57.905 -2360.21 m
57.905 -2287.903 l
S
0.8 0.808 0.816 SC
58.371 -2360.21 m
58.371 -2287.903 l
S
0.804 0.812 0.816 SC
58.838 -2360.21 m
58.838 -2287.903 l
S
0.808 0.812 0.82 SC
59.304 -2360.21 m
59.304 -2287.903 l
S
0.812 0.816 0.824 SC
59.771 -2360.21 m
59.771 -2287.903 l
S
0.816 0.82 0.827 SC
60.237 -2360.21 m
60.237 -2287.903 l
S
0.816 0.824 0.831 SC
60.704 -2360.21 m
60.704 -2287.903 l
S
0.82 0.827 0.831 SC
61.17 -2360.21 m
61.17 -2287.903 l
S
0.824 0.831 0.835 SC
61.637 -2360.21 m
61.637 -2287.903 l
S
0.827 0.831 0.839 SC
62.103 -2360.21 m
62.103 -2287.903 l
S
0.831 0.835 0.843 SC
62.57 -2360.21 m
62.57 -2287.903 l
S
0.835 0.839 0.843 SC
63.036 -2360.21 m
63.036 -2287.903 l
S
0.835 0.843 0.847 SC
63.503 -2360.21 m
63.503 -2287.903 l
S
0.839 0.847 0.851 SC
63.969 -2360.21 m
63.969 -2287.903 l
S
0.843 0.847 0.855 SC
64.436 -2360.21 m
64.436 -2287.903 l
S
0.847 0.851 0.859 SC
64.902 -2360.21 m
64.902 -2287.903 l
S
0.851 0.855 0.859 SC
65.369 -2360.21 m
65.369 -2287.903 l
S
0.855 0.859 0.863 SC
65.835 -2360.21 m
65.835 -2287.903 l
S
0.855 0.863 0.867 SC
66.302 -2360.21 m
66.302 -2287.903 l
S
0.859 0.863 0.871 SC
66.768 -2360.21 m
66.768 -2287.903 l
S
0.863 0.867 0.875 SC
67.235 -2360.21 m
67.235 -2287.903 l
S
0.867 0.871 0.875 SC
67.701 -2360.21 m
67.701 -2287.903 l
S
0.871 0.875 0.878 SC
68.168 -2360.21 m
68.168 -2287.903 l
S
0.875 0.878 0.882 SC
68.634 -2360.21 m
68.634 -2287.903 l
S
0.875 0.882 0.886 SC
69.101 -2360.21 m
69.101 -2287.903 l
S
0.878 0.882 0.89 SC
69.567 -2360.21 m
69.567 -2287.903 l
S
0.882 0.886 0.89 SC
70.034 -2360.21 m
70.034 -2287.903 l
S
0.886 0.89 0.894 SC
70.5 -2360.21 m
70.5 -2287.903 l
S
0.89 0.894 0.898 SC
70.967 -2360.21 m
70.967 -2287.903 l
S
0.894 0.898 0.902 SC
71.433 -2360.21 m
71.433 -2287.903 l
S
0.898 0.898 0.902 SC
71.9 -2360.21 m
71.9 -2287.903 l
S
0.898 0.902 0.906 SC
72.366 -2360.21 m
72.366 -2287.903 l
S
0.902 0.906 0.91 SC
72.833 -2360.21 m
72.833 -2287.903 l
S
0.906 0.91 0.914 SC
73.299 -2360.21 m
73.299 -2287.903 l
S
0.91 0.914 0.918 SC
73.766 -2360.21 m
73.766 -2287.903 l
S
0.914 0.918 0.922 SC
74.232 -2360.21 m
74.232 -2287.903 l
S
0.918 0.922 0.922 SC
74.699 -2360.21 m
74.699 -2287.903 l
S
0.922 0.922 0.925 SC
75.165 -2360.21 m
75.165 -2287.903 l
S
0.922 0.925 0.929 SC
75.632 -2360.21 m
75.632 -2287.903 l
S
0.925 0.929 0.933 SC
76.098 -2360.21 m
76.098 -2287.903 l
S
0.929 0.933 0.933 SC
76.565 -2360.21 m
76.565 -2287.903 l
S
0.933 0.937 0.937 SC
77.031 -2360.21 m
77.031 -2287.903 l
S
0.937 0.937 0.941 SC
77.498 -2360.21 m
77.498 -2287.903 l
S
0.941 0.941 0.945 SC
77.964 -2360.21 m
77.964 -2287.903 l
S
0.945 0.945 0.949 SC
78.431 -2360.21 m
78.431 -2287.903 l
S
0.945 0.949 0.949 SC
78.897 -2360.21 m
78.897 -2287.903 l
S
0.949 0.953 0.953 SC
79.364 -2360.21 m
79.364 -2287.903 l
S
0.953 0.957 0.957 SC
79.83 -2360.21 m
79.83 -2287.903 l
S
0.957 0.957 0.961 SC
80.297 -2360.21 m
80.297 -2287.903 l
S
0.961 0.961 0.965 SC
80.763 -2360.21 m
80.763 -2287.903 l
S
0.965 0.965 0.969 SC
81.23 -2360.21 m
81.23 -2287.903 l
S
0.969 0.969 0.969 SC
81.696 -2360.21 m
81.696 -2287.903 l
S
0.973 0.973 0.973 SC
82.163 -2360.21 m
82.163 -2287.903 l
S
0.976 0.976 0.976 SC
82.629 -2360.21 m
82.629 -2287.903 l
S
0.98 0.98 0.984 SC
83.096 -2360.21 m
83.096 -2287.903 l
S
0.988 0.988 0.988 SC
83.562 -2360.21 m
83.562 -2287.903 l
S
0.992 0.992 0.992 SC
84.029 -2360.21 m
84.029 -2287.903 l
S
1 1 1 SC
84.495 -2360.21 m
84.495 -2287.903 l
S
Q
Q
q
1 i 
-9 851 613 -860 re
0 841 m
W n
0.03 841.02 595.02 -841.02 re
W n
/Cs5 cs 0.161 0.145 0.149 sc
/GS1 gs
0.03 841.02 35.4 -6.11 re
f
/Cs5 CS 0.161 0.145 0.149 SC
0 J 0 j 0.3 w 10 M []0 d
28.347 841.076 m
28.347 805.006 l
S
286.3 22.8 22.68 -22.8 re
f
BT
/F4 1 Tf
10 0 0 10 289.2992 7.7671 Tm
1 1 1 sc
-0.0002 Tc
0 Tw
(610)Tj
/F2 1 Tf
7 0 0 7 35.4331 17.5374 Tm
0.161 0.145 0.149 sc
-0.0001 Tc
-0.0306 Tw
[(Swissmedic Jour)-17.9(nal)-1111.9(9/2002)]TJ
ET
Q
q
1 i 
1.37 25.55 595 799.9 re
W n
1.37 25.55 595 799.9 re
W n
36.37 794.44 532.9 -43.84 re
121.683 17.537 m
W* n
-9 851 613 -860 re
0 841 m
W n
0.03 841.02 595.02 -841.02 re
W n
/GS1 gs
q
81.1102 0 0 26.448 58.49 770.7678 cm
/Im22 Do
Q
q
81.1102 0 0 26.448 58.49 770.7678 cm
/Im23 Do
Q
BT
/F7 1 Tf
13.92 0 0 13.224 58.01 786.272 Tm
0 g
-0.0021 Tc
0 Tw
[(  )-15241.3( )]TJ
/F8 1 Tf
17.4828 -1.1379 TD
-0.0075 Tc
(Fo)Tj
1.2069 0 TD
0.0119 Tc
-0.014 Tw
[(rmul)14(a)16.2(r)4.3( Me)16.2(ld)19.4(ep)19.5(fl)14(i)14(c)-1.1(h)19.5(t)17.3(ig)19.4(e )-17.2(ƒ)27(n)2.2(d)19.5(e)16.2(r)-12.9(u)19.4(ngen)]TJ
12.96 0 0 12.312 554.09 771.2239 Tm
0 Tc
0 Tw
( )Tj
/F7 1 Tf
5.04 0 0 4.788 58.01 763.7 Tm
( )Tj
ET
56.57 761.648 498.96 -0.456 re
f
Q
q
1 i 
36.71 90.16 538.89 -17.81 re
121.683 17.537 m
W* n
-9 851 613 -860 re
0 841 m
W n
0.03 841.02 595.02 -841.02 re
W n
/GS1 gs
q
540.0001 0 0 18.924 36.17 71.7619 cm
/Im20 Do
Q
Q
q
1 i 
-9 851 613 -860 re
0 841 m
W n
0.03 841.02 595.02 -841.02 re
W n
/Cs5 cs 1 1 1 sc
/GS1 gs
112.56 721.53 79.97 -14.18 re
f
Q
q
1 i 
282.8 790.65 274.36 -25.48 re
W* n
/GS1 gs
q
276 0 0 26.676 282.08 764.5939 cm
/Im21 Do
Q
Q
q
1 i 
0 749 595.28 -712.89 re
W* n
-9 851 613 -860 re
0 841 m
W n
0.03 841.02 595.02 -841.02 re
W n
/GS1 gs
q
595.0001 0 0 714.24 0 35.52 cm
/Im25 Do
Q
Q

"\304nderungen\n"
q
1 i 
-9 851 613 -860 re
0 841 m
W n
0.03 841.02 595.02 -841.02 re
W n
BT
/F6 1 Tf
12.5 0 0 12.5 470.5056 811.7825 Tm
/Cs5 cs 0.161 0.145 0.149 sc
/GS1 gs
-0.0001 Tc
0 Tw
(Réglementation)Tj
ET
/Cs5 CS 0.161 0.145 0.149 SC
0 J 0 j 0.3 w 10 M []0 d
42.8 805.15 m
567.2 805.15 l
S
Q
q
1 i 
361.69 850.5 198.43 -24.09 re
560.098 811.782 m
W* n
-9 851 613 -860 re
0 841 m
W n
0.03 841.02 595.02 -841.02 re
W n
q
2.7718 0 0 -0.3608 0 0 cm
/Cs5 CS 1 1 1 SC
0 J 0 j 0.5 w 10 M []0 d
/GS1 gs
130.36 -2360.21 m
130.36 -2287.903 l
S
0.992 0.992 0.992 SC
130.827 -2360.21 m
130.827 -2287.903 l
S
0.988 0.988 0.988 SC
131.293 -2360.21 m
131.293 -2287.903 l
S
0.98 0.98 0.984 SC
131.76 -2360.21 m
131.76 -2287.903 l
S
0.976 0.976 0.976 SC
132.226 -2360.21 m
132.226 -2287.903 l
S
0.973 0.973 0.973 SC
132.693 -2360.21 m
132.693 -2287.903 l
S
0.969 0.969 0.969 SC
133.159 -2360.21 m
133.159 -2287.903 l
S
0.965 0.965 0.969 SC
133.626 -2360.21 m
133.626 -2287.903 l
S
0.961 0.961 0.965 SC
134.092 -2360.21 m
134.092 -2287.903 l
S
0.957 0.957 0.961 SC
134.559 -2360.21 m
134.559 -2287.903 l
S
0.953 0.957 0.957 SC
135.025 -2360.21 m
135.025 -2287.903 l
S
0.949 0.953 0.953 SC
135.492 -2360.21 m
135.492 -2287.903 l
S
0.945 0.949 0.949 SC
135.958 -2360.21 m
135.958 -2287.903 l
S
0.945 0.945 0.949 SC
136.425 -2360.21 m
136.425 -2287.903 l
S
0.941 0.941 0.945 SC
136.891 -2360.21 m
136.891 -2287.903 l
S
0.937 0.937 0.941 SC
137.358 -2360.21 m
137.358 -2287.903 l
S
0.933 0.937 0.937 SC
137.824 -2360.21 m
137.824 -2287.903 l
S
0.929 0.933 0.933 SC
138.291 -2360.21 m
138.291 -2287.903 l
S
0.925 0.929 0.933 SC
138.757 -2360.21 m
138.757 -2287.903 l
S
0.922 0.925 0.929 SC
139.224 -2360.21 m
139.224 -2287.903 l
S
0.922 0.922 0.925 SC
139.69 -2360.21 m
139.69 -2287.903 l
S
0.918 0.922 0.922 SC
140.157 -2360.21 m
140.157 -2287.903 l
S
0.914 0.918 0.922 SC
140.623 -2360.21 m
140.623 -2287.903 l
S
0.91 0.914 0.918 SC
141.09 -2360.21 m
141.09 -2287.903 l
S
0.906 0.91 0.914 SC
141.556 -2360.21 m
141.556 -2287.903 l
S
0.902 0.906 0.91 SC
142.023 -2360.21 m
142.023 -2287.903 l
S
0.898 0.902 0.906 SC
142.489 -2360.21 m
142.489 -2287.903 l
S
0.898 0.898 0.902 SC
142.956 -2360.21 m
142.956 -2287.903 l
S
0.894 0.898 0.902 SC
143.422 -2360.21 m
143.422 -2287.903 l
S
0.89 0.894 0.898 SC
143.889 -2360.21 m
143.889 -2287.903 l
S
0.886 0.89 0.894 SC
144.355 -2360.21 m
144.355 -2287.903 l
S
0.882 0.886 0.89 SC
144.822 -2360.21 m
144.822 -2287.903 l
S
0.878 0.882 0.89 SC
145.288 -2360.21 m
145.288 -2287.903 l
S
0.875 0.882 0.886 SC
145.755 -2360.21 m
145.755 -2287.903 l
S
0.875 0.878 0.882 SC
146.221 -2360.21 m
146.221 -2287.903 l
S
0.871 0.875 0.878 SC
146.688 -2360.21 m
146.688 -2287.903 l
S
0.867 0.871 0.875 SC
147.154 -2360.21 m
147.154 -2287.903 l
S
0.863 0.867 0.875 SC
147.621 -2360.21 m
147.621 -2287.903 l
S
0.859 0.863 0.871 SC
148.087 -2360.21 m
148.087 -2287.903 l
S
0.855 0.863 0.867 SC
148.554 -2360.21 m
148.554 -2287.903 l
S
0.855 0.859 0.863 SC
149.02 -2360.21 m
149.02 -2287.903 l
S
0.851 0.855 0.859 SC
149.487 -2360.21 m
149.487 -2287.903 l
S
0.847 0.851 0.859 SC
149.953 -2360.21 m
149.953 -2287.903 l
S
0.843 0.847 0.855 SC
150.42 -2360.21 m
150.42 -2287.903 l
S
0.839 0.847 0.851 SC
150.886 -2360.21 m
150.886 -2287.903 l
S
0.835 0.843 0.847 SC
151.353 -2360.21 m
151.353 -2287.903 l
S
0.835 0.839 0.843 SC
151.819 -2360.21 m
151.819 -2287.903 l
S
0.831 0.835 0.843 SC
152.286 -2360.21 m
152.286 -2287.903 l
S
0.827 0.831 0.839 SC
152.752 -2360.21 m
152.752 -2287.903 l
S
0.824 0.831 0.835 SC
153.219 -2360.21 m
153.219 -2287.903 l
S
0.82 0.827 0.831 SC
153.685 -2360.21 m
153.685 -2287.903 l
S
0.816 0.824 0.831 SC
154.152 -2360.21 m
154.152 -2287.903 l
S
0.816 0.82 0.827 SC
154.618 -2360.21 m
154.618 -2287.903 l
S
0.812 0.816 0.824 SC
155.085 -2360.21 m
155.085 -2287.903 l
S
0.808 0.812 0.82 SC
155.551 -2360.21 m
155.551 -2287.903 l
S
0.804 0.812 0.816 SC
156.018 -2360.21 m
156.018 -2287.903 l
S
0.8 0.808 0.816 SC
156.484 -2360.21 m
156.484 -2287.903 l
S
0.796 0.804 0.812 SC
156.951 -2360.21 m
156.951 -2287.903 l
S
0.796 0.8 0.808 SC
157.417 -2360.21 m
157.417 -2287.903 l
S
0.792 0.796 0.804 SC
157.884 -2360.21 m
157.884 -2287.903 l
S
0.788 0.796 0.8 SC
158.35 -2360.21 m
158.35 -2287.903 l
S
0.784 0.792 0.8 SC
158.817 -2360.21 m
158.817 -2287.903 l
S
0.78 0.788 0.796 SC
159.283 -2360.21 m
159.283 -2287.903 l
S
0.776 0.784 0.792 SC
159.75 -2360.21 m
159.75 -2287.903 l
S
0.776 0.78 0.788 SC
160.216 -2360.21 m
160.216 -2287.903 l
S
0.773 0.776 0.784 SC
160.683 -2360.21 m
160.683 -2287.903 l
S
0.769 0.776 0.784 SC
161.149 -2360.21 m
161.149 -2287.903 l
S
0.765 0.773 0.78 SC
161.616 -2360.21 m
161.616 -2287.903 l
S
0.761 0.769 0.776 SC
162.082 -2360.21 m
162.082 -2287.903 l
S
0.757 0.765 0.773 SC
162.549 -2360.21 m
162.549 -2287.903 l
S
0.753 0.761 0.769 SC
163.015 -2360.21 m
163.015 -2287.903 l
163.482 -2360.21 m
163.482 -2287.903 l
S
0.749 0.757 0.765 SC
163.948 -2360.21 m
163.948 -2287.903 l
S
0.745 0.753 0.761 SC
164.415 -2360.21 m
164.415 -2287.903 l
S
0.741 0.749 0.757 SC
164.881 -2360.21 m
164.881 -2287.903 l
S
0.737 0.745 0.753 SC
165.348 -2360.21 m
165.348 -2287.903 l
S
0.733 0.741 0.753 SC
165.814 -2360.21 m
165.814 -2287.903 l
S
0.733 0.741 0.749 SC
166.281 -2360.21 m
166.281 -2287.903 l
166.747 -2360.21 m
166.747 -2287.903 l
S
0.729 0.737 0.745 SC
167.214 -2360.21 m
167.214 -2287.903 l
S
0.725 0.733 0.741 SC
167.68 -2360.21 m
167.68 -2287.903 l
S
0.722 0.729 0.737 SC
168.147 -2360.21 m
168.147 -2287.903 l
S
0.718 0.725 0.737 SC
168.613 -2360.21 m
168.613 -2287.903 l
S
0.714 0.722 0.733 SC
169.08 -2360.21 m
169.08 -2287.903 l
S
0.714 0.722 0.729 SC
169.546 -2360.21 m
169.546 -2287.903 l
S
0.71 0.718 0.725 SC
170.013 -2360.21 m
170.013 -2287.903 l
S
0.706 0.714 0.722 SC
170.479 -2360.21 m
170.479 -2287.903 l
S
0.702 0.71 0.722 SC
170.946 -2360.21 m
170.946 -2287.903 l
S
0.698 0.706 0.718 SC
171.412 -2360.21 m
171.412 -2287.903 l
S
0.698 0.706 0.714 SC
171.879 -2360.21 m
171.879 -2287.903 l
S
0.694 0.702 0.71 SC
172.345 -2360.21 m
172.345 -2287.903 l
S
0.69 0.698 0.706 SC
172.812 -2360.21 m
172.812 -2287.903 l
S
0.686 0.694 0.706 SC
173.278 -2360.21 m
173.278 -2287.903 l
S
0.682 0.69 0.702 SC
173.745 -2360.21 m
173.745 -2287.903 l
S
0.682 0.69 0.698 SC
174.211 -2360.21 m
174.211 -2287.903 l
S
0.678 0.686 0.694 SC
174.678 -2360.21 m
174.678 -2287.903 l
S
0.675 0.682 0.69 SC
175.144 -2360.21 m
175.144 -2287.903 l
S
0.671 0.678 0.69 SC
175.611 -2360.21 m
175.611 -2287.903 l
S
0.667 0.675 0.686 SC
176.077 -2360.21 m
176.077 -2287.903 l
S
0.663 0.675 0.682 SC
176.544 -2360.21 m
176.544 -2287.903 l
S
0.663 0.671 0.678 SC
177.01 -2360.21 m
177.01 -2287.903 l
S
0.659 0.667 0.678 SC
177.477 -2360.21 m
177.477 -2287.903 l
S
0.655 0.663 0.675 SC
177.943 -2360.21 m
177.943 -2287.903 l
S
0.651 0.659 0.671 SC
178.41 -2360.21 m
178.41 -2287.903 l
S
0.651 0.659 0.667 SC
178.876 -2360.21 m
178.876 -2287.903 l
S
0.647 0.655 0.663 SC
179.343 -2360.21 m
179.343 -2287.903 l
S
0.643 0.651 0.663 SC
179.809 -2360.21 m
179.809 -2287.903 l
S
0.639 0.647 0.659 SC
180.276 -2360.21 m
180.276 -2287.903 l
S
0.635 0.643 0.655 SC
180.742 -2360.21 m
180.742 -2287.903 l
S
0.635 0.643 0.651 SC
181.209 -2360.21 m
181.209 -2287.903 l
S
0.631 0.639 0.647 SC
181.675 -2360.21 m
181.675 -2287.903 l
S
0.627 0.635 0.647 SC
182.142 -2360.21 m
182.142 -2287.903 l
S
0.624 0.631 0.643 SC
182.608 -2360.21 m
182.608 -2287.903 l
S
0.62 0.631 0.639 SC
183.075 -2360.21 m
183.075 -2287.903 l
S
0.62 0.627 0.635 SC
183.541 -2360.21 m
183.541 -2287.903 l
S
0.616 0.624 0.635 SC
184.008 -2360.21 m
184.008 -2287.903 l
S
0.612 0.62 0.631 SC
184.474 -2360.21 m
184.474 -2287.903 l
S
0.608 0.616 0.627 SC
184.941 -2360.21 m
184.941 -2287.903 l
S
0.608 0.616 0.624 SC
185.407 -2360.21 m
185.407 -2287.903 l
S
0.604 0.612 0.624 SC
185.874 -2360.21 m
185.874 -2287.903 l
S
0.6 0.608 0.62 SC
186.34 -2360.21 m
186.34 -2287.903 l
S
0.596 0.604 0.616 SC
186.806 -2360.21 m
186.806 -2287.903 l
S
0.596 0.604 0.612 SC
187.273 -2360.21 m
187.273 -2287.903 l
S
0.592 0.6 0.608 SC
187.739 -2360.21 m
187.739 -2287.903 l
S
0.588 0.596 0.608 SC
188.206 -2360.21 m
188.206 -2287.903 l
S
0.584 0.592 0.604 SC
188.672 -2360.21 m
188.672 -2287.903 l
S
0.584 0.592 0.6 SC
189.139 -2360.21 m
189.139 -2287.903 l
S
0.58 0.588 0.596 SC
189.605 -2360.21 m
189.605 -2287.903 l
S
0.576 0.584 0.596 SC
190.072 -2360.21 m
190.072 -2287.903 l
S
0.573 0.58 0.592 SC
190.538 -2360.21 m
190.538 -2287.903 l
S
0.573 0.58 0.588 SC
191.005 -2360.21 m
191.005 -2287.903 l
S
0.569 0.576 0.588 SC
191.471 -2360.21 m
191.471 -2287.903 l
S
0.565 0.573 0.584 SC
191.938 -2360.21 m
191.938 -2287.903 l
S
0.561 0.569 0.58 SC
192.404 -2360.21 m
192.404 -2287.903 l
S
0.561 0.569 0.576 SC
192.871 -2360.21 m
192.871 -2287.903 l
S
0.557 0.565 0.576 SC
193.337 -2360.21 m
193.337 -2287.903 l
S
0.553 0.561 0.573 SC
193.804 -2360.21 m
193.804 -2287.903 l
S
0.549 0.557 0.569 SC
194.27 -2360.21 m
194.27 -2287.903 l
S
0.549 0.557 0.565 SC
194.737 -2360.21 m
194.737 -2287.903 l
S
0.545 0.553 0.565 SC
195.203 -2360.21 m
195.203 -2287.903 l
S
0.541 0.549 0.561 SC
195.67 -2360.21 m
195.67 -2287.903 l
S
0.537 0.545 0.557 SC
196.136 -2360.21 m
196.136 -2287.903 l
S
0.537 0.545 0.553 SC
196.603 -2360.21 m
196.603 -2287.903 l
S
0.533 0.541 0.553 SC
197.069 -2360.21 m
197.069 -2287.903 l
S
0.529 0.537 0.549 SC
197.536 -2360.21 m
197.536 -2287.903 l
S
0.529 0.533 0.545 SC
198.002 -2360.21 m
198.002 -2287.903 l
S
0.525 0.533 0.541 SC
198.469 -2360.21 m
198.469 -2287.903 l
S
0.522 0.529 0.541 SC
198.935 -2360.21 m
198.935 -2287.903 l
S
0.518 0.525 0.537 SC
199.402 -2360.21 m
199.402 -2287.903 l
S
0.518 0.525 0.533 SC
199.868 -2360.21 m
199.868 -2287.903 l
S
0.514 0.522 0.529 SC
200.335 -2360.21 m
200.335 -2287.903 l
S
0.51 0.518 0.529 SC
200.801 -2360.21 m
200.801 -2287.903 l
S
0.51 0.514 0.525 SC
201.268 -2360.21 m
201.268 -2287.903 l
S
0.506 0.514 0.522 SC
201.734 -2360.21 m
201.734 -2287.903 l
S
0.502 0.51 0.518 SC
202.201 -2360.21 m
202.201 -2287.903 l
S
Q
Q
q
1 i 
-9 851 613 -860 re
0 841 m
W n
0.03 841.02 595.02 -841.02 re
W n
/Cs5 cs 0.161 0.145 0.149 sc
/GS1 gs
560.12 841.02 34.93 -6.11 re
f
/Cs5 CS 0.161 0.145 0.149 SC
0 J 0 j 0.3 w 10 M []0 d
567.202 840.678 m
567.202 804.948 l
S
286.57 22.8 22.68 -22.8 re
f
BT
/F4 1 Tf
10 0 0 10 289.5747 7.7671 Tm
1 1 1 sc
-0.0002 Tc
0 Tw
(611)Tj
/F2 1 Tf
7 0 0 7 473.8676 17.5374 Tm
0.161 0.145 0.149 sc
-0.0001 Tc
-0.0306 Tw
[(Swissmedic Jour)-17.9(nal)-1111.9(9/2002)]TJ
/F4 1 Tf
11.5 0 0 11.5 42.7953 762.5089 Tm
(Médicaments: réglementation des demandes de modification)Tj
/F2 1 Tf
10 0 0 10 283.7403 740.2701 Tm
0.0993 Tw
[(Ci-après, vous tr)17.7(ouver)17.7(ez également les )]TJ
/F4 1 Tf
17.1798 0 TD
-0.0002 Tc
0 Tw
(instructions)Tj
/F2 1 Tf
-17.1798 -1.2 TD
-0.0001 Tc
0.1102 Tw
[(concer)-17.9(nant les modifications soumises à l’obligation)]TJ
T*
-0.0076 Tw
[(d’annoncer)91.7(, les conditions et la documentation r)17.7(equi-)]TJ
T*
0.1265 Tw
(se, ainsi que le nouveau )Tj
/F4 1 Tf
11.0782 0 TD
-0.0002 Tc
0 Tw
[(formulair)17.6(e)]TJ
/F2 1 Tf
5.3313 0 TD
-0.0001 Tc
0.1264 Tw
(ad hoc. Il faut)Tj
-16.4095 -1.2 TD
0 Tc
0 Tw
(r)Tj
0.3149 0 TD
-0.0001 Tc
0.1471 Tw
[(emplir un formulair)17.7(e)0( pour chaque préparation. Les)]TJ
-0.3149 -1.2 TD
-0.0162 Tw
[(modifications envisagées peuvent êtr)17.7(e annoncées dès)]TJ
T*
0.1808 Tw
[(à présent. Selon l’or)17.7(donnance sur les médicaments)]TJ
T*
0.1413 Tw
(\(art. 11\), Swissmedic formule ses éventuelles objec-)Tj
T*
-0.0306 Tw
(tions dans les 30 jours après réception de l’annonce.)Tj
0 -2.4 TD
0.0171 Tw
[(Certaines modifications soumises à appr)17.7(obation peu-)]TJ
0 -1.2 TD
0.1475 Tw
[(vent fair)17.7(e l’objet d’une demande collective. Par de-)]TJ
T*
-0.0778 Tw
(mande collective, on entend une demande portant sur)Tj
T*
-0.0457 Tw
(une seule modification, mais touchant à plusieurs mé-)Tj
T*
-0.1072 Tw
(dicaments simultanément. Aucune instruction particu-)Tj
T*
0.0045 Tw
[(lièr)17.7(e n’a été établie pour ces modifications. T)110.7(outefois,)]TJ
T*
0.121 Tw
(il convient de tenir compte des dispositions admini-)Tj
T*
0.0441 Tw
(stratives suivantes afin de faciliter le travail de toutes)Tj
T*
-0.0306 Tw
[(les parties concer)-17.9(nées:)]TJ
0 -2.4 TD
0 Tc
0 Tw
(–)Tj
0.8504 0 TD
-0.0001 Tc
0.0585 Tw
[(Pour chaque médicament, la lettr)17.7(e d’accompagne-)]TJ
0 -1.2 TD
0.0388 Tw
(ment mentionnera en objet non seulement le nom)Tj
T*
-0.0887 Tw
[(et le numér)17.7(o d’autorisation \(s’il est déjà connu\), mais)]TJ
T*
0.0288 Tw
[(aussi le code A)67.7(TC et la division Swissmedic compé-)]TJ
T*
0 Tw
(tente.)Tj
-0.8504 -1.2 TD
0 Tc
(–)Tj
0.8504 0 TD
-0.0001 Tc
-0.0209 Tw
[(Il faut joindr)17.7(e autant de copies de la lettr)17.7(e d’accom-)]TJ
0 -1.2 TD
-0.0306 Tw
[(pagnement qu’il y a de médicaments concer)-17.9(nés.)]TJ
-0.8504 -1.2 TD
0 Tc
0 Tw
(–)Tj
0.8504 0 TD
-0.0001 Tc
0.0867 Tw
[(En ce qui concer)-17.9(ne les autr)17.7(es documents adminis-)]TJ
0 -1.2 TD
-0.1012 Tw
[(tratifs et la documentation, nous vous r)17.7(envoyons aux)]TJ
T*
0.3321 Tw
(Instructions pour la présentation des demandes)Tj
T*
-0.0935 Tw
(d’autorisation de médicaments à usage humain con-)Tj
T*
0.0735 Tw
(tenant des principes actifs connus \(Instructions sur)Tj
T*
0.0016 Tw
[(les génériques\) du 31 janvier 2002. \(Instructions r)17.7(e)-0.1(-)]TJ
T*
0 Tc
0 Tw
(l)Tj
0.2219 0 TD
-0.0112 Tc
-0.0671 Tw
[(atives aux or)17.7(donnances: cf. site www)]TJ
ET
0.5 w 
422.794 343.27 m
445.247 343.27 l
S
BT
10 0 0 10 445.2467 344.2702 Tm
0 Tw
(.swissmedic.ch)Tj
ET
445.247 343.27 m
506.566 343.27 l
S
BT
10 0 0 10 507.7334 344.2702 Tm
0 Tc
(/)Tj
-21.5489 -1.2 TD
-0.0001 Tc
-0.0306 Tw
(Rubrique «Activité législative et normalisation»\).)Tj
-24.9449 40.8001 TD
0.1319 Tw
[(Swissmedic a précisé les exigences r)17.7(elatives aux de-)]TJ
0 -1.2 TD
0.092 Tw
(mandes de modifications de médicaments, concréti-)Tj
T*
-0.0625 Tw
[(sant ainsi les art. 10, al. 3, et 1)55.6(1, al. 3, de l’or)17.7(donnance)]TJ
T*
-0.0515 Tw
[(sur les médicaments. Il s’agissait en ef)17.7(fet de distinguer)]TJ
T*
0.033 Tw
[(les modifications soumises à appr)17.7(obation, les modifi-)]TJ
T*
0.0176 Tw
(cations soumises à l’obligation d’annoncer et les mo-)Tj
T*
0.7621 Tw
[(difications nécessitant une nouvelle pr)17.7(océdur)17.7(e)]TJ
T*
-0.0965 Tw
[(d’autorisation. Il s’agissait également de réper)17.7(cuter sur)]TJ
T*
0.0103 Tw
(le tarif des émoluments l’économie de travail admini-)Tj
T*
0.0343 Tw
(stratif liée au traitement des demandes dites collecti-)Tj
T*
-0.0041 Tw
[(ves pour certaines modifications soumises à appr)17.7(oba-)]TJ
T*
0.0061 Tw
[(tion. Lors de la pr)17.7(océdur)17.7(e de consultation, les milieux)]TJ
T*
-0.0378 Tw
[(intér)17.7(essés ont en particulier salué la possibilité de sou-)]TJ
T*
0.0046 Tw
[(mettr)17.7(e des demandes collectives à tarif réduit. Les ré-)]TJ
T*
-0.0326 Tw
[(sultats détaillés de la pr)17.7(océdur)17.7(e de consultation paraî-)]TJ
T*
-0.0306 Tw
[(tr)17.7(ont en octobr)17.7(e 2002.)]TJ
0 -2.4 TD
-0.0611 Tw
(Afin de garantir une information aussi rapide que pos-)Tj
0 -1.2 TD
0.0519 Tw
[(sible des milieux intér)17.7(essés, nous publions ci-après la)]TJ
/F4 1 Tf
T*
0.1396 Tw
[(modification de l’or)17.7(donnance sur les exigences)]TJ
T*
0 Tc
0 Tw
(r)Tj
0.3711 0 TD
-0.0001 Tc
0.0033 Tw
(elatives aux médicaments)Tj
/F2 1 Tf
12.4 0 TD
0.0034 Tw
(\(art. 1 et 22a\) ainsi que)Tj
-12.7711 -1.2 TD
-0.008 Tw
[(les tr)17.7(ois nouvelles annexes 7, 8 et 9 établissant la liste)]TJ
T*
-0.0273 Tw
[(exhaustive des modifications soumises à appr)17.7(obation,)]TJ
T*
0.0355 Tw
(des modifications soumises à l’obligation d’annoncer)Tj
T*
-0.0071 Tw
(et des modifications essentielles nécessitant une nou-)Tj
T*
0.1655 Tw
[(velle pr)17.7(océdur)17.7(e d’autorisation. Les modifications de)]TJ
/F4 1 Tf
T*
0.2101 Tw
[(l’or)17.7(donnance sur les émoluments des pr)17.7(oduits)]TJ
T*
0 Tw
(thérapeutiques)Tj
/F2 1 Tf
7.341 0 TD
-0.1031 Tw
[(figur)17.7(ent également ci-après. Demeu-)]TJ
-7.341 -1.2 TD
0 Tc
0 Tw
(r)Tj
0.3149 0 TD
-0.0001 Tc
-0.0721 Tw
[(ent réservées les adaptations d’or)17.7(dr)17.7(e rédactionnel ap-)]TJ
-0.3149 -1.2 TD
0.1051 Tw
(portées par la Chancellerie fédérale. Seule la teneur)Tj
T*
0.0487 Tw
[(des textes publiés dans le Recueil of)17.8(ficiel du dr)17.7(oit fé-)]TJ
T*
-0.0305 Tw
(déral fait foi \(cf. www)Tj
ET
112.095 367.271 m
134.881 367.271 l
S
BT
10 0 0 10 134.8811 368.2715 Tm
0 Tw
(.admin.ch)Tj
ET
134.881 367.271 m
177.1 367.271 l
S
BT
10 0 0 10 177.1003 368.2715 Tm
-0.0003 Tc
(\).)Tj
-13.4305 -2.4 TD
-0.0001 Tc
-0.0677 Tw
(Les dispositions arrêtées par le Conseil de l’institut ain-)Tj
0 -1.2 TD
-0.0591 Tw
[(si que les nouveaux émoluments applicables aux dif)17.7(fé-)]TJ
T*
0 Tc
0 Tw
(r)Tj
0.3149 0 TD
-0.0001 Tc
-0.0224 Tw
[(ents types de demandes entr)17.7(ent en vigueur le )]TJ
/F4 1 Tf
19.5241 0 TD
0 Tc
0 Tw
(1)Tj
5 0 0 5 246.7445 323.834 Tm
-0.0002 Tc
(er)Tj
10 0 0 10 254.0229 320.2715 Tm
(no-)Tj
-21.1227 -1.2 TD
-0.0001 Tc
-0.0016 Tw
[(vembr)17.7(e 2002.)]TJ
/F2 1 Tf
6.5926 0 TD
[(Ces nouvelles dispositions et la pr)17.7(océ-)]TJ
-6.5926 -1.2 TD
0.0175 Tw
[(dur)17.7(e à suivr)17.7(e s’alignent sur la pratique de l’Union eu-)]TJ
T*
0 Tc
0 Tw
(r)Tj
0.3149 0 TD
-0.0001 Tc
-0.0424 Tw
[(opéenne. Il convient toutefois de r)17.7(elever que le règle-)]TJ
-0.3149 -1.2 TD
-0.085 Tw
[(ment eur)17.7(opéen «A Guideline on Dossier Requir)17.7(ements)]TJ
T*
-0.0306 Tw
[(for T)110.7(ype I V)54.8(ariations» est en cours de révision.)]TJ
ET
Q

q
1 i 
-9 851 613 -860 re
0 841 m
W n
0.03 841.02 595.02 -841.02 re
W n
BT
/F6 1 Tf
12.5 0 0 12.5 34.4488 811.7822 Tm
/Cs5 cs 0.161 0.145 0.149 sc
/GS1 gs
-0.0001 Tc
0 Tw
(Réglementation)Tj
ET
/Cs5 CS 0.161 0.145 0.149 SC
0 J 0 j 0.3 w 10 M []0 d
28.35 805.15 m
552.76 805.15 l
S
Q
q
1 i 
35.43 850.5 198.43 -24.09 re
124.041 811.782 m
W* n
-9 851 613 -860 re
0 841 m
W n
0.03 841.02 595.02 -841.02 re
W n
q
2.7718 0 0 -0.3608 0 0 cm
/Cs5 CS 0.502 0.51 0.518 SC
0 J 0 j 0.5 w 10 M []0 d
/GS1 gs
12.655 -2360.21 m
12.655 -2287.903 l
S
0.506 0.514 0.522 SC
13.121 -2360.21 m
13.121 -2287.903 l
S
0.51 0.514 0.525 SC
13.588 -2360.21 m
13.588 -2287.903 l
S
0.51 0.518 0.529 SC
14.054 -2360.21 m
14.054 -2287.903 l
S
0.514 0.522 0.529 SC
14.521 -2360.21 m
14.521 -2287.903 l
S
0.518 0.525 0.533 SC
14.987 -2360.21 m
14.987 -2287.903 l
S
0.518 0.525 0.537 SC
15.454 -2360.21 m
15.454 -2287.903 l
S
0.522 0.529 0.541 SC
15.92 -2360.21 m
15.92 -2287.903 l
S
0.525 0.533 0.541 SC
16.387 -2360.21 m
16.387 -2287.903 l
S
0.529 0.533 0.545 SC
16.853 -2360.21 m
16.853 -2287.903 l
S
0.529 0.537 0.549 SC
17.32 -2360.21 m
17.32 -2287.903 l
S
0.533 0.541 0.553 SC
17.786 -2360.21 m
17.786 -2287.903 l
S
0.537 0.545 0.553 SC
18.253 -2360.21 m
18.253 -2287.903 l
S
0.537 0.545 0.557 SC
18.719 -2360.21 m
18.719 -2287.903 l
S
0.541 0.549 0.561 SC
19.186 -2360.21 m
19.186 -2287.903 l
S
0.545 0.553 0.565 SC
19.652 -2360.21 m
19.652 -2287.903 l
S
0.549 0.557 0.565 SC
20.119 -2360.21 m
20.119 -2287.903 l
S
0.549 0.557 0.569 SC
20.585 -2360.21 m
20.585 -2287.903 l
S
0.553 0.561 0.573 SC
21.052 -2360.21 m
21.052 -2287.903 l
S
0.557 0.565 0.576 SC
21.518 -2360.21 m
21.518 -2287.903 l
S
0.561 0.569 0.576 SC
21.985 -2360.21 m
21.985 -2287.903 l
S
0.561 0.569 0.58 SC
22.451 -2360.21 m
22.451 -2287.903 l
S
0.565 0.573 0.584 SC
22.918 -2360.21 m
22.918 -2287.903 l
S
0.569 0.576 0.588 SC
23.384 -2360.21 m
23.384 -2287.903 l
S
0.573 0.58 0.588 SC
23.851 -2360.21 m
23.851 -2287.903 l
S
0.573 0.58 0.592 SC
24.317 -2360.21 m
24.317 -2287.903 l
S
0.576 0.584 0.596 SC
24.784 -2360.21 m
24.784 -2287.903 l
S
0.58 0.588 0.596 SC
25.25 -2360.21 m
25.25 -2287.903 l
S
0.584 0.592 0.6 SC
25.717 -2360.21 m
25.717 -2287.903 l
S
0.584 0.592 0.604 SC
26.183 -2360.21 m
26.183 -2287.903 l
S
0.588 0.596 0.608 SC
26.65 -2360.21 m
26.65 -2287.903 l
S
0.592 0.6 0.608 SC
27.116 -2360.21 m
27.116 -2287.903 l
S
0.596 0.604 0.612 SC
27.583 -2360.21 m
27.583 -2287.903 l
S
0.596 0.604 0.616 SC
28.049 -2360.21 m
28.049 -2287.903 l
S
0.6 0.608 0.62 SC
28.516 -2360.21 m
28.516 -2287.903 l
S
0.604 0.612 0.624 SC
28.982 -2360.21 m
28.982 -2287.903 l
S
0.608 0.616 0.624 SC
29.449 -2360.21 m
29.449 -2287.903 l
S
0.608 0.616 0.627 SC
29.915 -2360.21 m
29.915 -2287.903 l
S
0.612 0.62 0.631 SC
30.382 -2360.21 m
30.382 -2287.903 l
S
0.616 0.624 0.635 SC
30.848 -2360.21 m
30.848 -2287.903 l
S
0.62 0.627 0.635 SC
31.315 -2360.21 m
31.315 -2287.903 l
S
0.62 0.631 0.639 SC
31.781 -2360.21 m
31.781 -2287.903 l
S
0.624 0.631 0.643 SC
32.248 -2360.21 m
32.248 -2287.903 l
S
0.627 0.635 0.647 SC
32.714 -2360.21 m
32.714 -2287.903 l
S
0.631 0.639 0.647 SC
33.181 -2360.21 m
33.181 -2287.903 l
S
0.635 0.643 0.651 SC
33.647 -2360.21 m
33.647 -2287.903 l
S
0.635 0.643 0.655 SC
34.113 -2360.21 m
34.113 -2287.903 l
S
0.639 0.647 0.659 SC
34.58 -2360.21 m
34.58 -2287.903 l
S
0.643 0.651 0.663 SC
35.046 -2360.21 m
35.046 -2287.903 l
S
0.647 0.655 0.663 SC
35.513 -2360.21 m
35.513 -2287.903 l
S
0.651 0.659 0.667 SC
35.979 -2360.21 m
35.979 -2287.903 l
S
0.651 0.659 0.671 SC
36.446 -2360.21 m
36.446 -2287.903 l
S
0.655 0.663 0.675 SC
36.912 -2360.21 m
36.912 -2287.903 l
S
0.659 0.667 0.678 SC
37.379 -2360.21 m
37.379 -2287.903 l
S
0.663 0.671 0.678 SC
37.845 -2360.21 m
37.845 -2287.903 l
S
0.663 0.675 0.682 SC
38.312 -2360.21 m
38.312 -2287.903 l
S
0.667 0.675 0.686 SC
38.778 -2360.21 m
38.778 -2287.903 l
S
0.671 0.678 0.69 SC
39.245 -2360.21 m
39.245 -2287.903 l
S
0.675 0.682 0.69 SC
39.711 -2360.21 m
39.711 -2287.903 l
S
0.678 0.686 0.694 SC
40.178 -2360.21 m
40.178 -2287.903 l
S
0.682 0.69 0.698 SC
40.644 -2360.21 m
40.644 -2287.903 l
S
0.682 0.69 0.702 SC
41.111 -2360.21 m
41.111 -2287.903 l
S
0.686 0.694 0.706 SC
41.577 -2360.21 m
41.577 -2287.903 l
S
0.69 0.698 0.706 SC
42.044 -2360.21 m
42.044 -2287.903 l
S
0.694 0.702 0.71 SC
42.51 -2360.21 m
42.51 -2287.903 l
S
0.698 0.706 0.714 SC
42.977 -2360.21 m
42.977 -2287.903 l
S
0.698 0.706 0.718 SC
43.443 -2360.21 m
43.443 -2287.903 l
S
0.702 0.71 0.722 SC
43.91 -2360.21 m
43.91 -2287.903 l
S
0.706 0.714 0.722 SC
44.376 -2360.21 m
44.376 -2287.903 l
S
0.71 0.718 0.725 SC
44.843 -2360.21 m
44.843 -2287.903 l
S
0.714 0.722 0.729 SC
45.309 -2360.21 m
45.309 -2287.903 l
S
0.714 0.722 0.733 SC
45.776 -2360.21 m
45.776 -2287.903 l
S
0.718 0.725 0.737 SC
46.242 -2360.21 m
46.242 -2287.903 l
S
0.722 0.729 0.737 SC
46.709 -2360.21 m
46.709 -2287.903 l
S
0.725 0.733 0.741 SC
47.175 -2360.21 m
47.175 -2287.903 l
S
0.729 0.737 0.745 SC
47.642 -2360.21 m
47.642 -2287.903 l
S
0.733 0.741 0.749 SC
48.108 -2360.21 m
48.108 -2287.903 l
S
0.733 0.741 0.753 SC
48.575 -2360.21 m
48.575 -2287.903 l
49.041 -2360.21 m
49.041 -2287.903 l
S
0.737 0.745 0.753 SC
49.508 -2360.21 m
49.508 -2287.903 l
S
0.741 0.749 0.757 SC
49.974 -2360.21 m
49.974 -2287.903 l
S
0.745 0.753 0.761 SC
50.441 -2360.21 m
50.441 -2287.903 l
S
0.749 0.757 0.765 SC
50.907 -2360.21 m
50.907 -2287.903 l
S
0.753 0.761 0.769 SC
51.374 -2360.21 m
51.374 -2287.903 l
51.84 -2360.21 m
51.84 -2287.903 l
S
0.757 0.765 0.773 SC
52.307 -2360.21 m
52.307 -2287.903 l
S
0.761 0.769 0.776 SC
52.773 -2360.21 m
52.773 -2287.903 l
S
0.765 0.773 0.78 SC
53.24 -2360.21 m
53.24 -2287.903 l
S
0.769 0.776 0.784 SC
53.706 -2360.21 m
53.706 -2287.903 l
S
0.773 0.776 0.784 SC
54.173 -2360.21 m
54.173 -2287.903 l
S
0.776 0.78 0.788 SC
54.639 -2360.21 m
54.639 -2287.903 l
S
0.776 0.784 0.792 SC
55.106 -2360.21 m
55.106 -2287.903 l
S
0.78 0.788 0.796 SC
55.572 -2360.21 m
55.572 -2287.903 l
S
0.784 0.792 0.8 SC
56.039 -2360.21 m
56.039 -2287.903 l
S
0.788 0.796 0.8 SC
56.505 -2360.21 m
56.505 -2287.903 l
S
0.792 0.796 0.804 SC
56.972 -2360.21 m
56.972 -2287.903 l
S
0.796 0.8 0.808 SC
57.438 -2360.21 m
57.438 -2287.903 l
S
0.796 0.804 0.812 SC
57.905 -2360.21 m
57.905 -2287.903 l
S
0.8 0.808 0.816 SC
58.371 -2360.21 m
58.371 -2287.903 l
S
0.804 0.812 0.816 SC
58.838 -2360.21 m
58.838 -2287.903 l
S
0.808 0.812 0.82 SC
59.304 -2360.21 m
59.304 -2287.903 l
S
0.812 0.816 0.824 SC
59.771 -2360.21 m
59.771 -2287.903 l
S
0.816 0.82 0.827 SC
60.237 -2360.21 m
60.237 -2287.903 l
S
0.816 0.824 0.831 SC
60.704 -2360.21 m
60.704 -2287.903 l
S
0.82 0.827 0.831 SC
61.17 -2360.21 m
61.17 -2287.903 l
S
0.824 0.831 0.835 SC
61.637 -2360.21 m
61.637 -2287.903 l
S
0.827 0.831 0.839 SC
62.103 -2360.21 m
62.103 -2287.903 l
S
0.831 0.835 0.843 SC
62.57 -2360.21 m
62.57 -2287.903 l
S
0.835 0.839 0.843 SC
63.036 -2360.21 m
63.036 -2287.903 l
S
0.835 0.843 0.847 SC
63.503 -2360.21 m
63.503 -2287.903 l
S
0.839 0.847 0.851 SC
63.969 -2360.21 m
63.969 -2287.903 l
S
0.843 0.847 0.855 SC
64.436 -2360.21 m
64.436 -2287.903 l
S
0.847 0.851 0.859 SC
64.902 -2360.21 m
64.902 -2287.903 l
S
0.851 0.855 0.859 SC
65.369 -2360.21 m
65.369 -2287.903 l
S
0.855 0.859 0.863 SC
65.835 -2360.21 m
65.835 -2287.903 l
S
0.855 0.863 0.867 SC
66.302 -2360.21 m
66.302 -2287.903 l
S
0.859 0.863 0.871 SC
66.768 -2360.21 m
66.768 -2287.903 l
S
0.863 0.867 0.875 SC
67.235 -2360.21 m
67.235 -2287.903 l
S
0.867 0.871 0.875 SC
67.701 -2360.21 m
67.701 -2287.903 l
S
0.871 0.875 0.878 SC
68.168 -2360.21 m
68.168 -2287.903 l
S
0.875 0.878 0.882 SC
68.634 -2360.21 m
68.634 -2287.903 l
S
0.875 0.882 0.886 SC
69.101 -2360.21 m
69.101 -2287.903 l
S
0.878 0.882 0.89 SC
69.567 -2360.21 m
69.567 -2287.903 l
S
0.882 0.886 0.89 SC
70.034 -2360.21 m
70.034 -2287.903 l
S
0.886 0.89 0.894 SC
70.5 -2360.21 m
70.5 -2287.903 l
S
0.89 0.894 0.898 SC
70.967 -2360.21 m
70.967 -2287.903 l
S
0.894 0.898 0.902 SC
71.433 -2360.21 m
71.433 -2287.903 l
S
0.898 0.898 0.902 SC
71.9 -2360.21 m
71.9 -2287.903 l
S
0.898 0.902 0.906 SC
72.366 -2360.21 m
72.366 -2287.903 l
S
0.902 0.906 0.91 SC
72.833 -2360.21 m
72.833 -2287.903 l
S
0.906 0.91 0.914 SC
73.299 -2360.21 m
73.299 -2287.903 l
S
0.91 0.914 0.918 SC
73.766 -2360.21 m
73.766 -2287.903 l
S
0.914 0.918 0.922 SC
74.232 -2360.21 m
74.232 -2287.903 l
S
0.918 0.922 0.922 SC
74.699 -2360.21 m
74.699 -2287.903 l
S
0.922 0.922 0.925 SC
75.165 -2360.21 m
75.165 -2287.903 l
S
0.922 0.925 0.929 SC
75.632 -2360.21 m
75.632 -2287.903 l
S
0.925 0.929 0.933 SC
76.098 -2360.21 m
76.098 -2287.903 l
S
0.929 0.933 0.933 SC
76.565 -2360.21 m
76.565 -2287.903 l
S
0.933 0.937 0.937 SC
77.031 -2360.21 m
77.031 -2287.903 l
S
0.937 0.937 0.941 SC
77.498 -2360.21 m
77.498 -2287.903 l
S
0.941 0.941 0.945 SC
77.964 -2360.21 m
77.964 -2287.903 l
S
0.945 0.945 0.949 SC
78.431 -2360.21 m
78.431 -2287.903 l
S
0.945 0.949 0.949 SC
78.897 -2360.21 m
78.897 -2287.903 l
S
0.949 0.953 0.953 SC
79.364 -2360.21 m
79.364 -2287.903 l
S
0.953 0.957 0.957 SC
79.83 -2360.21 m
79.83 -2287.903 l
S
0.957 0.957 0.961 SC
80.297 -2360.21 m
80.297 -2287.903 l
S
0.961 0.961 0.965 SC
80.763 -2360.21 m
80.763 -2287.903 l
S
0.965 0.965 0.969 SC
81.23 -2360.21 m
81.23 -2287.903 l
S
0.969 0.969 0.969 SC
81.696 -2360.21 m
81.696 -2287.903 l
S
0.973 0.973 0.973 SC
82.163 -2360.21 m
82.163 -2287.903 l
S
0.976 0.976 0.976 SC
82.629 -2360.21 m
82.629 -2287.903 l
S
0.98 0.98 0.984 SC
83.096 -2360.21 m
83.096 -2287.903 l
S
0.988 0.988 0.988 SC
83.562 -2360.21 m
83.562 -2287.903 l
S
0.992 0.992 0.992 SC
84.029 -2360.21 m
84.029 -2287.903 l
S
1 1 1 SC
84.495 -2360.21 m
84.495 -2287.903 l
S
Q
Q
q
1 i 
-9 851 613 -860 re
0 841 m
W n
0.03 841.02 595.02 -841.02 re
W n
/Cs5 cs 0.161 0.145 0.149 sc
/GS1 gs
0.03 841.02 35.4 -6.11 re
f
/Cs5 CS 0.161 0.145 0.149 SC
0 J 0 j 0.3 w 10 M []0 d
28.347 841.076 m
28.347 805.006 l
S
286.3 22.8 22.68 -22.8 re
f
BT
/F4 1 Tf
10 0 0 10 289.2992 7.7671 Tm
1 1 1 sc
-0.0002 Tc
0 Tw
(612)Tj
/F2 1 Tf
7 0 0 7 35.4331 17.5374 Tm
0.161 0.145 0.149 sc
-0.0001 Tc
-0.0306 Tw
[(Swissmedic Jour)-17.9(nal)-1111.9(9/2002)]TJ
ET
q
504.5235 0 0 755.2613 59.43 32.8687 cm
/Im24 Do
Q
1 1 1 sc
353.95 63.89 46.07 -22.24 re
f
Q

q
1 i 
-9 851 613 -860 re
0 841 m
W n
0.03 841.02 595.02 -841.02 re
W n
BT
/F6 1 Tf
12.5 0 0 12.5 470.5056 811.7825 Tm
/Cs5 cs 0.161 0.145 0.149 sc
/GS1 gs
-0.0001 Tc
0 Tw
(Réglementation)Tj
ET
/Cs5 CS 0.161 0.145 0.149 SC
0 J 0 j 0.3 w 10 M []0 d
42.8 805.15 m
567.2 805.15 l
S
Q
q
1 i 
361.69 850.5 198.43 -24.09 re
560.098 811.782 m
W* n
-9 851 613 -860 re
0 841 m
W n
0.03 841.02 595.02 -841.02 re
W n
q
2.7718 0 0 -0.3608 0 0 cm
/Cs5 CS 1 1 1 SC
0 J 0 j 0.5 w 10 M []0 d
/GS1 gs
130.36 -2360.21 m
130.36 -2287.903 l
S
0.992 0.992 0.992 SC
130.827 -2360.21 m
130.827 -2287.903 l
S
0.988 0.988 0.988 SC
131.293 -2360.21 m
131.293 -2287.903 l
S
0.98 0.98 0.984 SC
131.76 -2360.21 m
131.76 -2287.903 l
S
0.976 0.976 0.976 SC
132.226 -2360.21 m
132.226 -2287.903 l
S
0.973 0.973 0.973 SC
132.693 -2360.21 m
132.693 -2287.903 l
S
0.969 0.969 0.969 SC
133.159 -2360.21 m
133.159 -2287.903 l
S
0.965 0.965 0.969 SC
133.626 -2360.21 m
133.626 -2287.903 l
S
0.961 0.961 0.965 SC
134.092 -2360.21 m
134.092 -2287.903 l
S
0.957 0.957 0.961 SC
134.559 -2360.21 m
134.559 -2287.903 l
S
0.953 0.957 0.957 SC
135.025 -2360.21 m
135.025 -2287.903 l
S
0.949 0.953 0.953 SC
135.492 -2360.21 m
135.492 -2287.903 l
S
0.945 0.949 0.949 SC
135.958 -2360.21 m
135.958 -2287.903 l
S
0.945 0.945 0.949 SC
136.425 -2360.21 m
136.425 -2287.903 l
S
0.941 0.941 0.945 SC
136.891 -2360.21 m
136.891 -2287.903 l
S
0.937 0.937 0.941 SC
137.358 -2360.21 m
137.358 -2287.903 l
S
0.933 0.937 0.937 SC
137.824 -2360.21 m
137.824 -2287.903 l
S
0.929 0.933 0.933 SC
138.291 -2360.21 m
138.291 -2287.903 l
S
0.925 0.929 0.933 SC
138.757 -2360.21 m
138.757 -2287.903 l
S
0.922 0.925 0.929 SC
139.224 -2360.21 m
139.224 -2287.903 l
S
0.922 0.922 0.925 SC
139.69 -2360.21 m
139.69 -2287.903 l
S
0.918 0.922 0.922 SC
140.157 -2360.21 m
140.157 -2287.903 l
S
0.914 0.918 0.922 SC
140.623 -2360.21 m
140.623 -2287.903 l
S
0.91 0.914 0.918 SC
141.09 -2360.21 m
141.09 -2287.903 l
S
0.906 0.91 0.914 SC
141.556 -2360.21 m
141.556 -2287.903 l
S
0.902 0.906 0.91 SC
142.023 -2360.21 m
142.023 -2287.903 l
S
0.898 0.902 0.906 SC
142.489 -2360.21 m
142.489 -2287.903 l
S
0.898 0.898 0.902 SC
142.956 -2360.21 m
142.956 -2287.903 l
S
0.894 0.898 0.902 SC
143.422 -2360.21 m
143.422 -2287.903 l
S
0.89 0.894 0.898 SC
143.889 -2360.21 m
143.889 -2287.903 l
S
0.886 0.89 0.894 SC
144.355 -2360.21 m
144.355 -2287.903 l
S
0.882 0.886 0.89 SC
144.822 -2360.21 m
144.822 -2287.903 l
S
0.878 0.882 0.89 SC
145.288 -2360.21 m
145.288 -2287.903 l
S
0.875 0.882 0.886 SC
145.755 -2360.21 m
145.755 -2287.903 l
S
0.875 0.878 0.882 SC
146.221 -2360.21 m
146.221 -2287.903 l
S
0.871 0.875 0.878 SC
146.688 -2360.21 m
146.688 -2287.903 l
S
0.867 0.871 0.875 SC
147.154 -2360.21 m
147.154 -2287.903 l
S
0.863 0.867 0.875 SC
147.621 -2360.21 m
147.621 -2287.903 l
S
0.859 0.863 0.871 SC
148.087 -2360.21 m
148.087 -2287.903 l
S
0.855 0.863 0.867 SC
148.554 -2360.21 m
148.554 -2287.903 l
S
0.855 0.859 0.863 SC
149.02 -2360.21 m
149.02 -2287.903 l
S
0.851 0.855 0.859 SC
149.487 -2360.21 m
149.487 -2287.903 l
S
0.847 0.851 0.859 SC
149.953 -2360.21 m
149.953 -2287.903 l
S
0.843 0.847 0.855 SC
150.42 -2360.21 m
150.42 -2287.903 l
S
0.839 0.847 0.851 SC
150.886 -2360.21 m
150.886 -2287.903 l
S
0.835 0.843 0.847 SC
151.353 -2360.21 m
151.353 -2287.903 l
S
0.835 0.839 0.843 SC
151.819 -2360.21 m
151.819 -2287.903 l
S
0.831 0.835 0.843 SC
152.286 -2360.21 m
152.286 -2287.903 l
S
0.827 0.831 0.839 SC
152.752 -2360.21 m
152.752 -2287.903 l
S
0.824 0.831 0.835 SC
153.219 -2360.21 m
153.219 -2287.903 l
S
0.82 0.827 0.831 SC
153.685 -2360.21 m
153.685 -2287.903 l
S
0.816 0.824 0.831 SC
154.152 -2360.21 m
154.152 -2287.903 l
S
0.816 0.82 0.827 SC
154.618 -2360.21 m
154.618 -2287.903 l
S
0.812 0.816 0.824 SC
155.085 -2360.21 m
155.085 -2287.903 l
S
0.808 0.812 0.82 SC
155.551 -2360.21 m
155.551 -2287.903 l
S
0.804 0.812 0.816 SC
156.018 -2360.21 m
156.018 -2287.903 l
S
0.8 0.808 0.816 SC
156.484 -2360.21 m
156.484 -2287.903 l
S
0.796 0.804 0.812 SC
156.951 -2360.21 m
156.951 -2287.903 l
S
0.796 0.8 0.808 SC
157.417 -2360.21 m
157.417 -2287.903 l
S
0.792 0.796 0.804 SC
157.884 -2360.21 m
157.884 -2287.903 l
S
0.788 0.796 0.8 SC
158.35 -2360.21 m
158.35 -2287.903 l
S
0.784 0.792 0.8 SC
158.817 -2360.21 m
158.817 -2287.903 l
S
0.78 0.788 0.796 SC
159.283 -2360.21 m
159.283 -2287.903 l
S
0.776 0.784 0.792 SC
159.75 -2360.21 m
159.75 -2287.903 l
S
0.776 0.78 0.788 SC
160.216 -2360.21 m
160.216 -2287.903 l
S
0.773 0.776 0.784 SC
160.683 -2360.21 m
160.683 -2287.903 l
S
0.769 0.776 0.784 SC
161.149 -2360.21 m
161.149 -2287.903 l
S
0.765 0.773 0.78 SC
161.616 -2360.21 m
161.616 -2287.903 l
S
0.761 0.769 0.776 SC
162.082 -2360.21 m
162.082 -2287.903 l
S
0.757 0.765 0.773 SC
162.549 -2360.21 m
162.549 -2287.903 l
S
0.753 0.761 0.769 SC
163.015 -2360.21 m
163.015 -2287.903 l
163.482 -2360.21 m
163.482 -2287.903 l
S
0.749 0.757 0.765 SC
163.948 -2360.21 m
163.948 -2287.903 l
S
0.745 0.753 0.761 SC
164.415 -2360.21 m
164.415 -2287.903 l
S
0.741 0.749 0.757 SC
164.881 -2360.21 m
164.881 -2287.903 l
S
0.737 0.745 0.753 SC
165.348 -2360.21 m
165.348 -2287.903 l
S
0.733 0.741 0.753 SC
165.814 -2360.21 m
165.814 -2287.903 l
S
0.733 0.741 0.749 SC
166.281 -2360.21 m
166.281 -2287.903 l
166.747 -2360.21 m
166.747 -2287.903 l
S
0.729 0.737 0.745 SC
167.214 -2360.21 m
167.214 -2287.903 l
S
0.725 0.733 0.741 SC
167.68 -2360.21 m
167.68 -2287.903 l
S
0.722 0.729 0.737 SC
168.147 -2360.21 m
168.147 -2287.903 l
S
0.718 0.725 0.737 SC
168.613 -2360.21 m
168.613 -2287.903 l
S
0.714 0.722 0.733 SC
169.08 -2360.21 m
169.08 -2287.903 l
S
0.714 0.722 0.729 SC
169.546 -2360.21 m
169.546 -2287.903 l
S
0.71 0.718 0.725 SC
170.013 -2360.21 m
170.013 -2287.903 l
S
0.706 0.714 0.722 SC
170.479 -2360.21 m
170.479 -2287.903 l
S
0.702 0.71 0.722 SC
170.946 -2360.21 m
170.946 -2287.903 l
S
0.698 0.706 0.718 SC
171.412 -2360.21 m
171.412 -2287.903 l
S
0.698 0.706 0.714 SC
171.879 -2360.21 m
171.879 -2287.903 l
S
0.694 0.702 0.71 SC
172.345 -2360.21 m
172.345 -2287.903 l
S
0.69 0.698 0.706 SC
172.812 -2360.21 m
172.812 -2287.903 l
S
0.686 0.694 0.706 SC
173.278 -2360.21 m
173.278 -2287.903 l
S
0.682 0.69 0.702 SC
173.745 -2360.21 m
173.745 -2287.903 l
S
0.682 0.69 0.698 SC
174.211 -2360.21 m
174.211 -2287.903 l
S
0.678 0.686 0.694 SC
174.678 -2360.21 m
174.678 -2287.903 l
S
0.675 0.682 0.69 SC
175.144 -2360.21 m
175.144 -2287.903 l
S
0.671 0.678 0.69 SC
175.611 -2360.21 m
175.611 -2287.903 l
S
0.667 0.675 0.686 SC
176.077 -2360.21 m
176.077 -2287.903 l
S
0.663 0.675 0.682 SC
176.544 -2360.21 m
176.544 -2287.903 l
S
0.663 0.671 0.678 SC
177.01 -2360.21 m
177.01 -2287.903 l
S
0.659 0.667 0.678 SC
177.477 -2360.21 m
177.477 -2287.903 l
S
0.655 0.663 0.675 SC
177.943 -2360.21 m
177.943 -2287.903 l
S
0.651 0.659 0.671 SC
178.41 -2360.21 m
178.41 -2287.903 l
S
0.651 0.659 0.667 SC
178.876 -2360.21 m
178.876 -2287.903 l
S
0.647 0.655 0.663 SC
179.343 -2360.21 m
179.343 -2287.903 l
S
0.643 0.651 0.663 SC
179.809 -2360.21 m
179.809 -2287.903 l
S
0.639 0.647 0.659 SC
180.276 -2360.21 m
180.276 -2287.903 l
S
0.635 0.643 0.655 SC
180.742 -2360.21 m
180.742 -2287.903 l
S
0.635 0.643 0.651 SC
181.209 -2360.21 m
181.209 -2287.903 l
S
0.631 0.639 0.647 SC
181.675 -2360.21 m
181.675 -2287.903 l
S
0.627 0.635 0.647 SC
182.142 -2360.21 m
182.142 -2287.903 l
S
0.624 0.631 0.643 SC
182.608 -2360.21 m
182.608 -2287.903 l
S
0.62 0.631 0.639 SC
183.075 -2360.21 m
183.075 -2287.903 l
S
0.62 0.627 0.635 SC
183.541 -2360.21 m
183.541 -2287.903 l
S
0.616 0.624 0.635 SC
184.008 -2360.21 m
184.008 -2287.903 l
S
0.612 0.62 0.631 SC
184.474 -2360.21 m
184.474 -2287.903 l
S
0.608 0.616 0.627 SC
184.941 -2360.21 m
184.941 -2287.903 l
S
0.608 0.616 0.624 SC
185.407 -2360.21 m
185.407 -2287.903 l
S
0.604 0.612 0.624 SC
185.874 -2360.21 m
185.874 -2287.903 l
S
0.6 0.608 0.62 SC
186.34 -2360.21 m
186.34 -2287.903 l
S
0.596 0.604 0.616 SC
186.806 -2360.21 m
186.806 -2287.903 l
S
0.596 0.604 0.612 SC
187.273 -2360.21 m
187.273 -2287.903 l
S
0.592 0.6 0.608 SC
187.739 -2360.21 m
187.739 -2287.903 l
S
0.588 0.596 0.608 SC
188.206 -2360.21 m
188.206 -2287.903 l
S
0.584 0.592 0.604 SC
188.672 -2360.21 m
188.672 -2287.903 l
S
0.584 0.592 0.6 SC
189.139 -2360.21 m
189.139 -2287.903 l
S
0.58 0.588 0.596 SC
189.605 -2360.21 m
189.605 -2287.903 l
S
0.576 0.584 0.596 SC
190.072 -2360.21 m
190.072 -2287.903 l
S
0.573 0.58 0.592 SC
190.538 -2360.21 m
190.538 -2287.903 l
S
0.573 0.58 0.588 SC
191.005 -2360.21 m
191.005 -2287.903 l
S
0.569 0.576 0.588 SC
191.471 -2360.21 m
191.471 -2287.903 l
S
0.565 0.573 0.584 SC
191.938 -2360.21 m
191.938 -2287.903 l
S
0.561 0.569 0.58 SC
192.404 -2360.21 m
192.404 -2287.903 l
S
0.561 0.569 0.576 SC
192.871 -2360.21 m
192.871 -2287.903 l
S
0.557 0.565 0.576 SC
193.337 -2360.21 m
193.337 -2287.903 l
S
0.553 0.561 0.573 SC
193.804 -2360.21 m
193.804 -2287.903 l
S
0.549 0.557 0.569 SC
194.27 -2360.21 m
194.27 -2287.903 l
S
0.549 0.557 0.565 SC
194.737 -2360.21 m
194.737 -2287.903 l
S
0.545 0.553 0.565 SC
195.203 -2360.21 m
195.203 -2287.903 l
S
0.541 0.549 0.561 SC
195.67 -2360.21 m
195.67 -2287.903 l
S
0.537 0.545 0.557 SC
196.136 -2360.21 m
196.136 -2287.903 l
S
0.537 0.545 0.553 SC
196.603 -2360.21 m
196.603 -2287.903 l
S
0.533 0.541 0.553 SC
197.069 -2360.21 m
197.069 -2287.903 l
S
0.529 0.537 0.549 SC
197.536 -2360.21 m
197.536 -2287.903 l
S
0.529 0.533 0.545 SC
198.002 -2360.21 m
198.002 -2287.903 l
S
0.525 0.533 0.541 SC
198.469 -2360.21 m
198.469 -2287.903 l
S
0.522 0.529 0.541 SC
198.935 -2360.21 m
198.935 -2287.903 l
S
0.518 0.525 0.537 SC
199.402 -2360.21 m
199.402 -2287.903 l
S
0.518 0.525 0.533 SC
199.868 -2360.21 m
199.868 -2287.903 l
S
0.514 0.522 0.529 SC
200.335 -2360.21 m
200.335 -2287.903 l
S
0.51 0.518 0.529 SC
200.801 -2360.21 m
200.801 -2287.903 l
S
0.51 0.514 0.525 SC
201.268 -2360.21 m
201.268 -2287.903 l
S
0.506 0.514 0.522 SC
201.734 -2360.21 m
201.734 -2287.903 l
S
0.502 0.51 0.518 SC
202.201 -2360.21 m
202.201 -2287.903 l
S
Q
Q
q
1 i 
-9 851 613 -860 re
0 841 m
W n
0.03 841.02 595.02 -841.02 re
W n
/Cs5 cs 0.161 0.145 0.149 sc
/GS1 gs
560.12 841.02 34.93 -6.11 re
f
/Cs5 CS 0.161 0.145 0.149 SC
0 J 0 j 0.3 w 10 M []0 d
567.202 840.678 m
567.202 804.948 l
S
286.57 22.8 22.68 -22.8 re
f
BT
/F4 1 Tf
10 0 0 10 289.5747 7.7671 Tm
1 1 1 sc
-0.0002 Tc
0 Tw
(613)Tj
/F2 1 Tf
7 0 0 7 473.8676 17.5374 Tm
0.161 0.145 0.149 sc
-0.0001 Tc
-0.0306 Tw
[(Swissmedic Jour)-17.9(nal)-1111.9(9/2002)]TJ
ET
Q
q
1 i 
26.02 793.9 534.1 -761.16 re
560.117 17.537 m
W* n
-9 851 613 -860 re
0 841 m
W n
0.03 841.02 595.02 -841.02 re
W n
/Cs5 cs 0.161 0.145 0.149 sc
/GS1 gs
q
500.4433 0 0 589.6525 39.02 204.3275 cm
/Im26 Do
Q
Q

q
1 i 
-9 851 613 -860 re
0 841 m
W n
0.03 841.02 595.02 -841.02 re
W n
BT
/F6 1 Tf
12.5 0 0 12.5 34.4488 811.7822 Tm
/Cs5 cs 0.161 0.145 0.149 sc
/GS1 gs
-0.0001 Tc
0 Tw
(Réglementation)Tj
ET
/Cs5 CS 0.161 0.145 0.149 SC
0 J 0 j 0.3 w 10 M []0 d
28.35 805.15 m
552.76 805.15 l
S
Q
q
1 i 
35.43 850.5 198.43 -24.09 re
124.041 811.782 m
W* n
-9 851 613 -860 re
0 841 m
W n
0.03 841.02 595.02 -841.02 re
W n
q
2.7718 0 0 -0.3608 0 0 cm
/Cs5 CS 0.502 0.51 0.518 SC
0 J 0 j 0.5 w 10 M []0 d
/GS1 gs
12.655 -2360.21 m
12.655 -2287.903 l
S
0.506 0.514 0.522 SC
13.121 -2360.21 m
13.121 -2287.903 l
S
0.51 0.514 0.525 SC
13.588 -2360.21 m
13.588 -2287.903 l
S
0.51 0.518 0.529 SC
14.054 -2360.21 m
14.054 -2287.903 l
S
0.514 0.522 0.529 SC
14.521 -2360.21 m
14.521 -2287.903 l
S
0.518 0.525 0.533 SC
14.987 -2360.21 m
14.987 -2287.903 l
S
0.518 0.525 0.537 SC
15.454 -2360.21 m
15.454 -2287.903 l
S
0.522 0.529 0.541 SC
15.92 -2360.21 m
15.92 -2287.903 l
S
0.525 0.533 0.541 SC
16.387 -2360.21 m
16.387 -2287.903 l
S
0.529 0.533 0.545 SC
16.853 -2360.21 m
16.853 -2287.903 l
S
0.529 0.537 0.549 SC
17.32 -2360.21 m
17.32 -2287.903 l
S
0.533 0.541 0.553 SC
17.786 -2360.21 m
17.786 -2287.903 l
S
0.537 0.545 0.553 SC
18.253 -2360.21 m
18.253 -2287.903 l
S
0.537 0.545 0.557 SC
18.719 -2360.21 m
18.719 -2287.903 l
S
0.541 0.549 0.561 SC
19.186 -2360.21 m
19.186 -2287.903 l
S
0.545 0.553 0.565 SC
19.652 -2360.21 m
19.652 -2287.903 l
S
0.549 0.557 0.565 SC
20.119 -2360.21 m
20.119 -2287.903 l
S
0.549 0.557 0.569 SC
20.585 -2360.21 m
20.585 -2287.903 l
S
0.553 0.561 0.573 SC
21.052 -2360.21 m
21.052 -2287.903 l
S
0.557 0.565 0.576 SC
21.518 -2360.21 m
21.518 -2287.903 l
S
0.561 0.569 0.576 SC
21.985 -2360.21 m
21.985 -2287.903 l
S
0.561 0.569 0.58 SC
22.451 -2360.21 m
22.451 -2287.903 l
S
0.565 0.573 0.584 SC
22.918 -2360.21 m
22.918 -2287.903 l
S
0.569 0.576 0.588 SC
23.384 -2360.21 m
23.384 -2287.903 l
S
0.573 0.58 0.588 SC
23.851 -2360.21 m
23.851 -2287.903 l
S
0.573 0.58 0.592 SC
24.317 -2360.21 m
24.317 -2287.903 l
S
0.576 0.584 0.596 SC
24.784 -2360.21 m
24.784 -2287.903 l
S
0.58 0.588 0.596 SC
25.25 -2360.21 m
25.25 -2287.903 l
S
0.584 0.592 0.6 SC
25.717 -2360.21 m
25.717 -2287.903 l
S
0.584 0.592 0.604 SC
26.183 -2360.21 m
26.183 -2287.903 l
S
0.588 0.596 0.608 SC
26.65 -2360.21 m
26.65 -2287.903 l
S
0.592 0.6 0.608 SC
27.116 -2360.21 m
27.116 -2287.903 l
S
0.596 0.604 0.612 SC
27.583 -2360.21 m
27.583 -2287.903 l
S
0.596 0.604 0.616 SC
28.049 -2360.21 m
28.049 -2287.903 l
S
0.6 0.608 0.62 SC
28.516 -2360.21 m
28.516 -2287.903 l
S
0.604 0.612 0.624 SC
28.982 -2360.21 m
28.982 -2287.903 l
S
0.608 0.616 0.624 SC
29.449 -2360.21 m
29.449 -2287.903 l
S
0.608 0.616 0.627 SC
29.915 -2360.21 m
29.915 -2287.903 l
S
0.612 0.62 0.631 SC
30.382 -2360.21 m
30.382 -2287.903 l
S
0.616 0.624 0.635 SC
30.848 -2360.21 m
30.848 -2287.903 l
S
0.62 0.627 0.635 SC
31.315 -2360.21 m
31.315 -2287.903 l
S
0.62 0.631 0.639 SC
31.781 -2360.21 m
31.781 -2287.903 l
S
0.624 0.631 0.643 SC
32.248 -2360.21 m
32.248 -2287.903 l
S
0.627 0.635 0.647 SC
32.714 -2360.21 m
32.714 -2287.903 l
S
0.631 0.639 0.647 SC
33.181 -2360.21 m
33.181 -2287.903 l
S
0.635 0.643 0.651 SC
33.647 -2360.21 m
33.647 -2287.903 l
S
0.635 0.643 0.655 SC
34.113 -2360.21 m
34.113 -2287.903 l
S
0.639 0.647 0.659 SC
34.58 -2360.21 m
34.58 -2287.903 l
S
0.643 0.651 0.663 SC
35.046 -2360.21 m
35.046 -2287.903 l
S
0.647 0.655 0.663 SC
35.513 -2360.21 m
35.513 -2287.903 l
S
0.651 0.659 0.667 SC
35.979 -2360.21 m
35.979 -2287.903 l
S
0.651 0.659 0.671 SC
36.446 -2360.21 m
36.446 -2287.903 l
S
0.655 0.663 0.675 SC
36.912 -2360.21 m
36.912 -2287.903 l
S
0.659 0.667 0.678 SC
37.379 -2360.21 m
37.379 -2287.903 l
S
0.663 0.671 0.678 SC
37.845 -2360.21 m
37.845 -2287.903 l
S
0.663 0.675 0.682 SC
38.312 -2360.21 m
38.312 -2287.903 l
S
0.667 0.675 0.686 SC
38.778 -2360.21 m
38.778 -2287.903 l
S
0.671 0.678 0.69 SC
39.245 -2360.21 m
39.245 -2287.903 l
S
0.675 0.682 0.69 SC
39.711 -2360.21 m
39.711 -2287.903 l
S
0.678 0.686 0.694 SC
40.178 -2360.21 m
40.178 -2287.903 l
S
0.682 0.69 0.698 SC
40.644 -2360.21 m
40.644 -2287.903 l
S
0.682 0.69 0.702 SC
41.111 -2360.21 m
41.111 -2287.903 l
S
0.686 0.694 0.706 SC
41.577 -2360.21 m
41.577 -2287.903 l
S
0.69 0.698 0.706 SC
42.044 -2360.21 m
42.044 -2287.903 l
S
0.694 0.702 0.71 SC
42.51 -2360.21 m
42.51 -2287.903 l
S
0.698 0.706 0.714 SC
42.977 -2360.21 m
42.977 -2287.903 l
S
0.698 0.706 0.718 SC
43.443 -2360.21 m
43.443 -2287.903 l
S
0.702 0.71 0.722 SC
43.91 -2360.21 m
43.91 -2287.903 l
S
0.706 0.714 0.722 SC
44.376 -2360.21 m
44.376 -2287.903 l
S
0.71 0.718 0.725 SC
44.843 -2360.21 m
44.843 -2287.903 l
S
0.714 0.722 0.729 SC
45.309 -2360.21 m
45.309 -2287.903 l
S
0.714 0.722 0.733 SC
45.776 -2360.21 m
45.776 -2287.903 l
S
0.718 0.725 0.737 SC
46.242 -2360.21 m
46.242 -2287.903 l
S
0.722 0.729 0.737 SC
46.709 -2360.21 m
46.709 -2287.903 l
S
0.725 0.733 0.741 SC
47.175 -2360.21 m
47.175 -2287.903 l
S
0.729 0.737 0.745 SC
47.642 -2360.21 m
47.642 -2287.903 l
S
0.733 0.741 0.749 SC
48.108 -2360.21 m
48.108 -2287.903 l
S
0.733 0.741 0.753 SC
48.575 -2360.21 m
48.575 -2287.903 l
49.041 -2360.21 m
49.041 -2287.903 l
S
0.737 0.745 0.753 SC
49.508 -2360.21 m
49.508 -2287.903 l
S
0.741 0.749 0.757 SC
49.974 -2360.21 m
49.974 -2287.903 l
S
0.745 0.753 0.761 SC
50.441 -2360.21 m
50.441 -2287.903 l
S
0.749 0.757 0.765 SC
50.907 -2360.21 m
50.907 -2287.903 l
S
0.753 0.761 0.769 SC
51.374 -2360.21 m
51.374 -2287.903 l
51.84 -2360.21 m
51.84 -2287.903 l
S
0.757 0.765 0.773 SC
52.307 -2360.21 m
52.307 -2287.903 l
S
0.761 0.769 0.776 SC
52.773 -2360.21 m
52.773 -2287.903 l
S
0.765 0.773 0.78 SC
53.24 -2360.21 m
53.24 -2287.903 l
S
0.769 0.776 0.784 SC
53.706 -2360.21 m
53.706 -2287.903 l
S
0.773 0.776 0.784 SC
54.173 -2360.21 m
54.173 -2287.903 l
S
0.776 0.78 0.788 SC
54.639 -2360.21 m
54.639 -2287.903 l
S
0.776 0.784 0.792 SC
55.106 -2360.21 m
55.106 -2287.903 l
S
0.78 0.788 0.796 SC
55.572 -2360.21 m
55.572 -2287.903 l
S
0.784 0.792 0.8 SC
56.039 -2360.21 m
56.039 -2287.903 l
S
0.788 0.796 0.8 SC
56.505 -2360.21 m
56.505 -2287.903 l
S
0.792 0.796 0.804 SC
56.972 -2360.21 m
56.972 -2287.903 l
S
0.796 0.8 0.808 SC
57.438 -2360.21 m
57.438 -2287.903 l
S
0.796 0.804 0.812 SC
57.905 -2360.21 m
57.905 -2287.903 l
S
0.8 0.808 0.816 SC
58.371 -2360.21 m
58.371 -2287.903 l
S
0.804 0.812 0.816 SC
58.838 -2360.21 m
58.838 -2287.903 l
S
0.808 0.812 0.82 SC
59.304 -2360.21 m
59.304 -2287.903 l
S
0.812 0.816 0.824 SC
59.771 -2360.21 m
59.771 -2287.903 l
S
0.816 0.82 0.827 SC
60.237 -2360.21 m
60.237 -2287.903 l
S
0.816 0.824 0.831 SC
60.704 -2360.21 m
60.704 -2287.903 l
S
0.82 0.827 0.831 SC
61.17 -2360.21 m
61.17 -2287.903 l
S
0.824 0.831 0.835 SC
61.637 -2360.21 m
61.637 -2287.903 l
S
0.827 0.831 0.839 SC
62.103 -2360.21 m
62.103 -2287.903 l
S
0.831 0.835 0.843 SC
62.57 -2360.21 m
62.57 -2287.903 l
S
0.835 0.839 0.843 SC
63.036 -2360.21 m
63.036 -2287.903 l
S
0.835 0.843 0.847 SC
63.503 -2360.21 m
63.503 -2287.903 l
S
0.839 0.847 0.851 SC
63.969 -2360.21 m
63.969 -2287.903 l
S
0.843 0.847 0.855 SC
64.436 -2360.21 m
64.436 -2287.903 l
S
0.847 0.851 0.859 SC
64.902 -2360.21 m
64.902 -2287.903 l
S
0.851 0.855 0.859 SC
65.369 -2360.21 m
65.369 -2287.903 l
S
0.855 0.859 0.863 SC
65.835 -2360.21 m
65.835 -2287.903 l
S
0.855 0.863 0.867 SC
66.302 -2360.21 m
66.302 -2287.903 l
S
0.859 0.863 0.871 SC
66.768 -2360.21 m
66.768 -2287.903 l
S
0.863 0.867 0.875 SC
67.235 -2360.21 m
67.235 -2287.903 l
S
0.867 0.871 0.875 SC
67.701 -2360.21 m
67.701 -2287.903 l
S
0.871 0.875 0.878 SC
68.168 -2360.21 m
68.168 -2287.903 l
S
0.875 0.878 0.882 SC
68.634 -2360.21 m
68.634 -2287.903 l
S
0.875 0.882 0.886 SC
69.101 -2360.21 m
69.101 -2287.903 l
S
0.878 0.882 0.89 SC
69.567 -2360.21 m
69.567 -2287.903 l
S
0.882 0.886 0.89 SC
70.034 -2360.21 m
70.034 -2287.903 l
S
0.886 0.89 0.894 SC
70.5 -2360.21 m
70.5 -2287.903 l
S
0.89 0.894 0.898 SC
70.967 -2360.21 m
70.967 -2287.903 l
S
0.894 0.898 0.902 SC
71.433 -2360.21 m
71.433 -2287.903 l
S
0.898 0.898 0.902 SC
71.9 -2360.21 m
71.9 -2287.903 l
S
0.898 0.902 0.906 SC
72.366 -2360.21 m
72.366 -2287.903 l
S
0.902 0.906 0.91 SC
72.833 -2360.21 m
72.833 -2287.903 l
S
0.906 0.91 0.914 SC
73.299 -2360.21 m
73.299 -2287.903 l
S
0.91 0.914 0.918 SC
73.766 -2360.21 m
73.766 -2287.903 l
S
0.914 0.918 0.922 SC
74.232 -2360.21 m
74.232 -2287.903 l
S
0.918 0.922 0.922 SC
74.699 -2360.21 m
74.699 -2287.903 l
S
0.922 0.922 0.925 SC
75.165 -2360.21 m
75.165 -2287.903 l
S
0.922 0.925 0.929 SC
75.632 -2360.21 m
75.632 -2287.903 l
S
0.925 0.929 0.933 SC
76.098 -2360.21 m
76.098 -2287.903 l
S
0.929 0.933 0.933 SC
76.565 -2360.21 m
76.565 -2287.903 l
S
0.933 0.937 0.937 SC
77.031 -2360.21 m
77.031 -2287.903 l
S
0.937 0.937 0.941 SC
77.498 -2360.21 m
77.498 -2287.903 l
S
0.941 0.941 0.945 SC
77.964 -2360.21 m
77.964 -2287.903 l
S
0.945 0.945 0.949 SC
78.431 -2360.21 m
78.431 -2287.903 l
S
0.945 0.949 0.949 SC
78.897 -2360.21 m
78.897 -2287.903 l
S
0.949 0.953 0.953 SC
79.364 -2360.21 m
79.364 -2287.903 l
S
0.953 0.957 0.957 SC
79.83 -2360.21 m
79.83 -2287.903 l
S
0.957 0.957 0.961 SC
80.297 -2360.21 m
80.297 -2287.903 l
S
0.961 0.961 0.965 SC
80.763 -2360.21 m
80.763 -2287.903 l
S
0.965 0.965 0.969 SC
81.23 -2360.21 m
81.23 -2287.903 l
S
0.969 0.969 0.969 SC
81.696 -2360.21 m
81.696 -2287.903 l
S
0.973 0.973 0.973 SC
82.163 -2360.21 m
82.163 -2287.903 l
S
0.976 0.976 0.976 SC
82.629 -2360.21 m
82.629 -2287.903 l
S
0.98 0.98 0.984 SC
83.096 -2360.21 m
83.096 -2287.903 l
S
0.988 0.988 0.988 SC
83.562 -2360.21 m
83.562 -2287.903 l
S
0.992 0.992 0.992 SC
84.029 -2360.21 m
84.029 -2287.903 l
S
1 1 1 SC
84.495 -2360.21 m
84.495 -2287.903 l
S
Q
Q
q
1 i 
-9 851 613 -860 re
0 841 m
W n
0.03 841.02 595.02 -841.02 re
W n
/Cs5 cs 0.161 0.145 0.149 sc
/GS1 gs
0.03 841.02 35.4 -6.11 re
f
/Cs5 CS 0.161 0.145 0.149 SC
0 J 0 j 0.3 w 10 M []0 d
28.347 841.076 m
28.347 805.006 l
S
286.3 22.8 22.68 -22.8 re
f
BT
/F4 1 Tf
10 0 0 10 289.2992 7.7671 Tm
1 1 1 sc
-0.0002 Tc
0 Tw
(614)Tj
/F2 1 Tf
7 0 0 7 35.4331 17.5374 Tm
0.161 0.145 0.149 sc
-0.0001 Tc
-0.0306 Tw
[(Swissmedic Jour)-17.9(nal)-1111.9(9/2002)]TJ
ET
Q
q
1 i 
35.43 786.71 534.1 -456.36 re
121.683 17.537 m
W* n
-9 851 613 -860 re
0 841 m
W n
0.03 841.02 595.02 -841.02 re
W n
/Cs5 cs 0.161 0.145 0.149 sc
/GS1 gs
q
505.4838 0 0 456.536 62.43 330.2539 cm
/Im27 Do
Q
Q
q
1 i 
-9 851 613 -860 re
0 841 m
W n
0.03 841.02 595.02 -841.02 re
W n
/Cs5 cs 1 1 1 sc
/GS1 gs
543 352.13 13.37 -13.38 re
f
89.8 331.76 m
81.62 332.31 l
82.98 341.69 l
100.1 341.4 l
124.2 341.56 l
141.73 341.4 l
148.6 339.59 l
152.69 341.69 l
191.18 341.56 l
205.51 342.01 l
212.39 342.47 l
224.52 341.1 l
224.82 330.19 l
213.15 328.52 l
199.21 330.19 l
164.66 330.19 l
151.65 329.13 l
144.2 330.65 l
132.08 330.95 l
118.89 330.19 l
108.44 329.58 l
89.8 331.76 l
f*
Q
q
1 i 
35.43 340.03 534.1 -297.41 re
W* n
/Cs5 cs 0.161 0.145 0.149 sc
/GS1 gs
q
505.4838 0 0 86.0537 62.43 254.0763 cm
/Im28 Do
Q
Q

q
1 i 
-9 851 613 -860 re
0 841 m
W n
0.03 841.02 595.02 -841.02 re
W n
BT
/F6 1 Tf
12.5 0 0 12.5 470.5056 811.7825 Tm
/Cs5 cs 0.161 0.145 0.149 sc
/GS1 gs
-0.0001 Tc
0 Tw
(Réglementation)Tj
ET
/Cs5 CS 0.161 0.145 0.149 SC
0 J 0 j 0.3 w 10 M []0 d
42.8 805.15 m
567.2 805.15 l
S
Q
q
1 i 
361.69 850.5 198.43 -24.09 re
560.098 811.782 m
W* n
-9 851 613 -860 re
0 841 m
W n
0.03 841.02 595.02 -841.02 re
W n
q
2.7718 0 0 -0.3608 0 0 cm
/Cs5 CS 1 1 1 SC
0 J 0 j 0.5 w 10 M []0 d
/GS1 gs
130.36 -2360.21 m
130.36 -2287.903 l
S
0.992 0.992 0.992 SC
130.827 -2360.21 m
130.827 -2287.903 l
S
0.988 0.988 0.988 SC
131.293 -2360.21 m
131.293 -2287.903 l
S
0.98 0.98 0.984 SC
131.76 -2360.21 m
131.76 -2287.903 l
S
0.976 0.976 0.976 SC
132.226 -2360.21 m
132.226 -2287.903 l
S
0.973 0.973 0.973 SC
132.693 -2360.21 m
132.693 -2287.903 l
S
0.969 0.969 0.969 SC
133.159 -2360.21 m
133.159 -2287.903 l
S
0.965 0.965 0.969 SC
133.626 -2360.21 m
133.626 -2287.903 l
S
0.961 0.961 0.965 SC
134.092 -2360.21 m
134.092 -2287.903 l
S
0.957 0.957 0.961 SC
134.559 -2360.21 m
134.559 -2287.903 l
S
0.953 0.957 0.957 SC
135.025 -2360.21 m
135.025 -2287.903 l
S
0.949 0.953 0.953 SC
135.492 -2360.21 m
135.492 -2287.903 l
S
0.945 0.949 0.949 SC
135.958 -2360.21 m
135.958 -2287.903 l
S
0.945 0.945 0.949 SC
136.425 -2360.21 m
136.425 -2287.903 l
S
0.941 0.941 0.945 SC
136.891 -2360.21 m
136.891 -2287.903 l
S
0.937 0.937 0.941 SC
137.358 -2360.21 m
137.358 -2287.903 l
S
0.933 0.937 0.937 SC
137.824 -2360.21 m
137.824 -2287.903 l
S
0.929 0.933 0.933 SC
138.291 -2360.21 m
138.291 -2287.903 l
S
0.925 0.929 0.933 SC
138.757 -2360.21 m
138.757 -2287.903 l
S
0.922 0.925 0.929 SC
139.224 -2360.21 m
139.224 -2287.903 l
S
0.922 0.922 0.925 SC
139.69 -2360.21 m
139.69 -2287.903 l
S
0.918 0.922 0.922 SC
140.157 -2360.21 m
140.157 -2287.903 l
S
0.914 0.918 0.922 SC
140.623 -2360.21 m
140.623 -2287.903 l
S
0.91 0.914 0.918 SC
141.09 -2360.21 m
141.09 -2287.903 l
S
0.906 0.91 0.914 SC
141.556 -2360.21 m
141.556 -2287.903 l
S
0.902 0.906 0.91 SC
142.023 -2360.21 m
142.023 -2287.903 l
S
0.898 0.902 0.906 SC
142.489 -2360.21 m
142.489 -2287.903 l
S
0.898 0.898 0.902 SC
142.956 -2360.21 m
142.956 -2287.903 l
S
0.894 0.898 0.902 SC
143.422 -2360.21 m
143.422 -2287.903 l
S
0.89 0.894 0.898 SC
143.889 -2360.21 m
143.889 -2287.903 l
S
0.886 0.89 0.894 SC
144.355 -2360.21 m
144.355 -2287.903 l
S
0.882 0.886 0.89 SC
144.822 -2360.21 m
144.822 -2287.903 l
S
0.878 0.882 0.89 SC
145.288 -2360.21 m
145.288 -2287.903 l
S
0.875 0.882 0.886 SC
145.755 -2360.21 m
145.755 -2287.903 l
S
0.875 0.878 0.882 SC
146.221 -2360.21 m
146.221 -2287.903 l
S
0.871 0.875 0.878 SC
146.688 -2360.21 m
146.688 -2287.903 l
S
0.867 0.871 0.875 SC
147.154 -2360.21 m
147.154 -2287.903 l
S
0.863 0.867 0.875 SC
147.621 -2360.21 m
147.621 -2287.903 l
S
0.859 0.863 0.871 SC
148.087 -2360.21 m
148.087 -2287.903 l
S
0.855 0.863 0.867 SC
148.554 -2360.21 m
148.554 -2287.903 l
S
0.855 0.859 0.863 SC
149.02 -2360.21 m
149.02 -2287.903 l
S
0.851 0.855 0.859 SC
149.487 -2360.21 m
149.487 -2287.903 l
S
0.847 0.851 0.859 SC
149.953 -2360.21 m
149.953 -2287.903 l
S
0.843 0.847 0.855 SC
150.42 -2360.21 m
150.42 -2287.903 l
S
0.839 0.847 0.851 SC
150.886 -2360.21 m
150.886 -2287.903 l
S
0.835 0.843 0.847 SC
151.353 -2360.21 m
151.353 -2287.903 l
S
0.835 0.839 0.843 SC
151.819 -2360.21 m
151.819 -2287.903 l
S
0.831 0.835 0.843 SC
152.286 -2360.21 m
152.286 -2287.903 l
S
0.827 0.831 0.839 SC
152.752 -2360.21 m
152.752 -2287.903 l
S
0.824 0.831 0.835 SC
153.219 -2360.21 m
153.219 -2287.903 l
S
0.82 0.827 0.831 SC
153.685 -2360.21 m
153.685 -2287.903 l
S
0.816 0.824 0.831 SC
154.152 -2360.21 m
154.152 -2287.903 l
S
0.816 0.82 0.827 SC
154.618 -2360.21 m
154.618 -2287.903 l
S
0.812 0.816 0.824 SC
155.085 -2360.21 m
155.085 -2287.903 l
S
0.808 0.812 0.82 SC
155.551 -2360.21 m
155.551 -2287.903 l
S
0.804 0.812 0.816 SC
156.018 -2360.21 m
156.018 -2287.903 l
S
0.8 0.808 0.816 SC
156.484 -2360.21 m
156.484 -2287.903 l
S
0.796 0.804 0.812 SC
156.951 -2360.21 m
156.951 -2287.903 l
S
0.796 0.8 0.808 SC
157.417 -2360.21 m
157.417 -2287.903 l
S
0.792 0.796 0.804 SC
157.884 -2360.21 m
157.884 -2287.903 l
S
0.788 0.796 0.8 SC
158.35 -2360.21 m
158.35 -2287.903 l
S
0.784 0.792 0.8 SC
158.817 -2360.21 m
158.817 -2287.903 l
S
0.78 0.788 0.796 SC
159.283 -2360.21 m
159.283 -2287.903 l
S
0.776 0.784 0.792 SC
159.75 -2360.21 m
159.75 -2287.903 l
S
0.776 0.78 0.788 SC
160.216 -2360.21 m
160.216 -2287.903 l
S
0.773 0.776 0.784 SC
160.683 -2360.21 m
160.683 -2287.903 l
S
0.769 0.776 0.784 SC
161.149 -2360.21 m
161.149 -2287.903 l
S
0.765 0.773 0.78 SC
161.616 -2360.21 m
161.616 -2287.903 l
S
0.761 0.769 0.776 SC
162.082 -2360.21 m
162.082 -2287.903 l
S
0.757 0.765 0.773 SC
162.549 -2360.21 m
162.549 -2287.903 l
S
0.753 0.761 0.769 SC
163.015 -2360.21 m
163.015 -2287.903 l
163.482 -2360.21 m
163.482 -2287.903 l
S
0.749 0.757 0.765 SC
163.948 -2360.21 m
163.948 -2287.903 l
S
0.745 0.753 0.761 SC
164.415 -2360.21 m
164.415 -2287.903 l
S
0.741 0.749 0.757 SC
164.881 -2360.21 m
164.881 -2287.903 l
S
0.737 0.745 0.753 SC
165.348 -2360.21 m
165.348 -2287.903 l
S
0.733 0.741 0.753 SC
165.814 -2360.21 m
165.814 -2287.903 l
S
0.733 0.741 0.749 SC
166.281 -2360.21 m
166.281 -2287.903 l
166.747 -2360.21 m
166.747 -2287.903 l
S
0.729 0.737 0.745 SC
167.214 -2360.21 m
167.214 -2287.903 l
S
0.725 0.733 0.741 SC
167.68 -2360.21 m
167.68 -2287.903 l
S
0.722 0.729 0.737 SC
168.147 -2360.21 m
168.147 -2287.903 l
S
0.718 0.725 0.737 SC
168.613 -2360.21 m
168.613 -2287.903 l
S
0.714 0.722 0.733 SC
169.08 -2360.21 m
169.08 -2287.903 l
S
0.714 0.722 0.729 SC
169.546 -2360.21 m
169.546 -2287.903 l
S
0.71 0.718 0.725 SC
170.013 -2360.21 m
170.013 -2287.903 l
S
0.706 0.714 0.722 SC
170.479 -2360.21 m
170.479 -2287.903 l
S
0.702 0.71 0.722 SC
170.946 -2360.21 m
170.946 -2287.903 l
S
0.698 0.706 0.718 SC
171.412 -2360.21 m
171.412 -2287.903 l
S
0.698 0.706 0.714 SC
171.879 -2360.21 m
171.879 -2287.903 l
S
0.694 0.702 0.71 SC
172.345 -2360.21 m
172.345 -2287.903 l
S
0.69 0.698 0.706 SC
172.812 -2360.21 m
172.812 -2287.903 l
S
0.686 0.694 0.706 SC
173.278 -2360.21 m
173.278 -2287.903 l
S
0.682 0.69 0.702 SC
173.745 -2360.21 m
173.745 -2287.903 l
S
0.682 0.69 0.698 SC
174.211 -2360.21 m
174.211 -2287.903 l
S
0.678 0.686 0.694 SC
174.678 -2360.21 m
174.678 -2287.903 l
S
0.675 0.682 0.69 SC
175.144 -2360.21 m
175.144 -2287.903 l
S
0.671 0.678 0.69 SC
175.611 -2360.21 m
175.611 -2287.903 l
S
0.667 0.675 0.686 SC
176.077 -2360.21 m
176.077 -2287.903 l
S
0.663 0.675 0.682 SC
176.544 -2360.21 m
176.544 -2287.903 l
S
0.663 0.671 0.678 SC
177.01 -2360.21 m
177.01 -2287.903 l
S
0.659 0.667 0.678 SC
177.477 -2360.21 m
177.477 -2287.903 l
S
0.655 0.663 0.675 SC
177.943 -2360.21 m
177.943 -2287.903 l
S
0.651 0.659 0.671 SC
178.41 -2360.21 m
178.41 -2287.903 l
S
0.651 0.659 0.667 SC
178.876 -2360.21 m
178.876 -2287.903 l
S
0.647 0.655 0.663 SC
179.343 -2360.21 m
179.343 -2287.903 l
S
0.643 0.651 0.663 SC
179.809 -2360.21 m
179.809 -2287.903 l
S
0.639 0.647 0.659 SC
180.276 -2360.21 m
180.276 -2287.903 l
S
0.635 0.643 0.655 SC
180.742 -2360.21 m
180.742 -2287.903 l
S
0.635 0.643 0.651 SC
181.209 -2360.21 m
181.209 -2287.903 l
S
0.631 0.639 0.647 SC
181.675 -2360.21 m
181.675 -2287.903 l
S
0.627 0.635 0.647 SC
182.142 -2360.21 m
182.142 -2287.903 l
S
0.624 0.631 0.643 SC
182.608 -2360.21 m
182.608 -2287.903 l
S
0.62 0.631 0.639 SC
183.075 -2360.21 m
183.075 -2287.903 l
S
0.62 0.627 0.635 SC
183.541 -2360.21 m
183.541 -2287.903 l
S
0.616 0.624 0.635 SC
184.008 -2360.21 m
184.008 -2287.903 l
S
0.612 0.62 0.631 SC
184.474 -2360.21 m
184.474 -2287.903 l
S
0.608 0.616 0.627 SC
184.941 -2360.21 m
184.941 -2287.903 l
S
0.608 0.616 0.624 SC
185.407 -2360.21 m
185.407 -2287.903 l
S
0.604 0.612 0.624 SC
185.874 -2360.21 m
185.874 -2287.903 l
S
0.6 0.608 0.62 SC
186.34 -2360.21 m
186.34 -2287.903 l
S
0.596 0.604 0.616 SC
186.806 -2360.21 m
186.806 -2287.903 l
S
0.596 0.604 0.612 SC
187.273 -2360.21 m
187.273 -2287.903 l
S
0.592 0.6 0.608 SC
187.739 -2360.21 m
187.739 -2287.903 l
S
0.588 0.596 0.608 SC
188.206 -2360.21 m
188.206 -2287.903 l
S
0.584 0.592 0.604 SC
188.672 -2360.21 m
188.672 -2287.903 l
S
0.584 0.592 0.6 SC
189.139 -2360.21 m
189.139 -2287.903 l
S
0.58 0.588 0.596 SC
189.605 -2360.21 m
189.605 -2287.903 l
S
0.576 0.584 0.596 SC
190.072 -2360.21 m
190.072 -2287.903 l
S
0.573 0.58 0.592 SC
190.538 -2360.21 m
190.538 -2287.903 l
S
0.573 0.58 0.588 SC
191.005 -2360.21 m
191.005 -2287.903 l
S
0.569 0.576 0.588 SC
191.471 -2360.21 m
191.471 -2287.903 l
S
0.565 0.573 0.584 SC
191.938 -2360.21 m
191.938 -2287.903 l
S
0.561 0.569 0.58 SC
192.404 -2360.21 m
192.404 -2287.903 l
S
0.561 0.569 0.576 SC
192.871 -2360.21 m
192.871 -2287.903 l
S
0.557 0.565 0.576 SC
193.337 -2360.21 m
193.337 -2287.903 l
S
0.553 0.561 0.573 SC
193.804 -2360.21 m
193.804 -2287.903 l
S
0.549 0.557 0.569 SC
194.27 -2360.21 m
194.27 -2287.903 l
S
0.549 0.557 0.565 SC
194.737 -2360.21 m
194.737 -2287.903 l
S
0.545 0.553 0.565 SC
195.203 -2360.21 m
195.203 -2287.903 l
S
0.541 0.549 0.561 SC
195.67 -2360.21 m
195.67 -2287.903 l
S
0.537 0.545 0.557 SC
196.136 -2360.21 m
196.136 -2287.903 l
S
0.537 0.545 0.553 SC
196.603 -2360.21 m
196.603 -2287.903 l
S
0.533 0.541 0.553 SC
197.069 -2360.21 m
197.069 -2287.903 l
S
0.529 0.537 0.549 SC
197.536 -2360.21 m
197.536 -2287.903 l
S
0.529 0.533 0.545 SC
198.002 -2360.21 m
198.002 -2287.903 l
S
0.525 0.533 0.541 SC
198.469 -2360.21 m
198.469 -2287.903 l
S
0.522 0.529 0.541 SC
198.935 -2360.21 m
198.935 -2287.903 l
S
0.518 0.525 0.537 SC
199.402 -2360.21 m
199.402 -2287.903 l
S
0.518 0.525 0.533 SC
199.868 -2360.21 m
199.868 -2287.903 l
S
0.514 0.522 0.529 SC
200.335 -2360.21 m
200.335 -2287.903 l
S
0.51 0.518 0.529 SC
200.801 -2360.21 m
200.801 -2287.903 l
S
0.51 0.514 0.525 SC
201.268 -2360.21 m
201.268 -2287.903 l
S
0.506 0.514 0.522 SC
201.734 -2360.21 m
201.734 -2287.903 l
S
0.502 0.51 0.518 SC
202.201 -2360.21 m
202.201 -2287.903 l
S
Q
Q
q
1 i 
-9 851 613 -860 re
0 841 m
W n
0.03 841.02 595.02 -841.02 re
W n
/Cs5 cs 0.161 0.145 0.149 sc
/GS1 gs
560.12 841.02 34.93 -6.11 re
f
/Cs5 CS 0.161 0.145 0.149 SC
0 J 0 j 0.3 w 10 M []0 d
567.202 840.678 m
567.202 804.948 l
S
286.57 22.8 22.68 -22.8 re
f
BT
/F4 1 Tf
10 0 0 10 289.5747 7.7671 Tm
1 1 1 sc
-0.0002 Tc
0 Tw
(615)Tj
/F2 1 Tf
7 0 0 7 473.8676 17.5374 Tm
0.161 0.145 0.149 sc
-0.0001 Tc
-0.0306 Tw
[(Swissmedic Jour)-17.9(nal)-1111.9(9/2002)]TJ
ET
q
504.5236 0 0 183.9414 37.8 607.1886 cm
/Im29 Do
Q
Q

q
1 i 
-9 851 613 -860 re
0 841 m
W n
0.03 841.02 595.02 -841.02 re
W n
BT
/F6 1 Tf
12.5 0 0 12.5 34.4488 811.7822 Tm
/Cs5 cs 0.161 0.145 0.149 sc
/GS1 gs
-0.0001 Tc
0 Tw
(Réglementation)Tj
ET
/Cs5 CS 0.161 0.145 0.149 SC
0 J 0 j 0.3 w 10 M []0 d
28.35 805.15 m
552.76 805.15 l
S
Q
q
1 i 
35.43 850.5 198.43 -24.09 re
124.041 811.782 m
W* n
-9 851 613 -860 re
0 841 m
W n
0.03 841.02 595.02 -841.02 re
W n
q
2.7718 0 0 -0.3608 0 0 cm
/Cs5 CS 0.502 0.51 0.518 SC
0 J 0 j 0.5 w 10 M []0 d
/GS1 gs
12.655 -2360.21 m
12.655 -2287.903 l
S
0.506 0.514 0.522 SC
13.121 -2360.21 m
13.121 -2287.903 l
S
0.51 0.514 0.525 SC
13.588 -2360.21 m
13.588 -2287.903 l
S
0.51 0.518 0.529 SC
14.054 -2360.21 m
14.054 -2287.903 l
S
0.514 0.522 0.529 SC
14.521 -2360.21 m
14.521 -2287.903 l
S
0.518 0.525 0.533 SC
14.987 -2360.21 m
14.987 -2287.903 l
S
0.518 0.525 0.537 SC
15.454 -2360.21 m
15.454 -2287.903 l
S
0.522 0.529 0.541 SC
15.92 -2360.21 m
15.92 -2287.903 l
S
0.525 0.533 0.541 SC
16.387 -2360.21 m
16.387 -2287.903 l
S
0.529 0.533 0.545 SC
16.853 -2360.21 m
16.853 -2287.903 l
S
0.529 0.537 0.549 SC
17.32 -2360.21 m
17.32 -2287.903 l
S
0.533 0.541 0.553 SC
17.786 -2360.21 m
17.786 -2287.903 l
S
0.537 0.545 0.553 SC
18.253 -2360.21 m
18.253 -2287.903 l
S
0.537 0.545 0.557 SC
18.719 -2360.21 m
18.719 -2287.903 l
S
0.541 0.549 0.561 SC
19.186 -2360.21 m
19.186 -2287.903 l
S
0.545 0.553 0.565 SC
19.652 -2360.21 m
19.652 -2287.903 l
S
0.549 0.557 0.565 SC
20.119 -2360.21 m
20.119 -2287.903 l
S
0.549 0.557 0.569 SC
20.585 -2360.21 m
20.585 -2287.903 l
S
0.553 0.561 0.573 SC
21.052 -2360.21 m
21.052 -2287.903 l
S
0.557 0.565 0.576 SC
21.518 -2360.21 m
21.518 -2287.903 l
S
0.561 0.569 0.576 SC
21.985 -2360.21 m
21.985 -2287.903 l
S
0.561 0.569 0.58 SC
22.451 -2360.21 m
22.451 -2287.903 l
S
0.565 0.573 0.584 SC
22.918 -2360.21 m
22.918 -2287.903 l
S
0.569 0.576 0.588 SC
23.384 -2360.21 m
23.384 -2287.903 l
S
0.573 0.58 0.588 SC
23.851 -2360.21 m
23.851 -2287.903 l
S
0.573 0.58 0.592 SC
24.317 -2360.21 m
24.317 -2287.903 l
S
0.576 0.584 0.596 SC
24.784 -2360.21 m
24.784 -2287.903 l
S
0.58 0.588 0.596 SC
25.25 -2360.21 m
25.25 -2287.903 l
S
0.584 0.592 0.6 SC
25.717 -2360.21 m
25.717 -2287.903 l
S
0.584 0.592 0.604 SC
26.183 -2360.21 m
26.183 -2287.903 l
S
0.588 0.596 0.608 SC
26.65 -2360.21 m
26.65 -2287.903 l
S
0.592 0.6 0.608 SC
27.116 -2360.21 m
27.116 -2287.903 l
S
0.596 0.604 0.612 SC
27.583 -2360.21 m
27.583 -2287.903 l
S
0.596 0.604 0.616 SC
28.049 -2360.21 m
28.049 -2287.903 l
S
0.6 0.608 0.62 SC
28.516 -2360.21 m
28.516 -2287.903 l
S
0.604 0.612 0.624 SC
28.982 -2360.21 m
28.982 -2287.903 l
S
0.608 0.616 0.624 SC
29.449 -2360.21 m
29.449 -2287.903 l
S
0.608 0.616 0.627 SC
29.915 -2360.21 m
29.915 -2287.903 l
S
0.612 0.62 0.631 SC
30.382 -2360.21 m
30.382 -2287.903 l
S
0.616 0.624 0.635 SC
30.848 -2360.21 m
30.848 -2287.903 l
S
0.62 0.627 0.635 SC
31.315 -2360.21 m
31.315 -2287.903 l
S
0.62 0.631 0.639 SC
31.781 -2360.21 m
31.781 -2287.903 l
S
0.624 0.631 0.643 SC
32.248 -2360.21 m
32.248 -2287.903 l
S
0.627 0.635 0.647 SC
32.714 -2360.21 m
32.714 -2287.903 l
S
0.631 0.639 0.647 SC
33.181 -2360.21 m
33.181 -2287.903 l
S
0.635 0.643 0.651 SC
33.647 -2360.21 m
33.647 -2287.903 l
S
0.635 0.643 0.655 SC
34.113 -2360.21 m
34.113 -2287.903 l
S
0.639 0.647 0.659 SC
34.58 -2360.21 m
34.58 -2287.903 l
S
0.643 0.651 0.663 SC
35.046 -2360.21 m
35.046 -2287.903 l
S
0.647 0.655 0.663 SC
35.513 -2360.21 m
35.513 -2287.903 l
S
0.651 0.659 0.667 SC
35.979 -2360.21 m
35.979 -2287.903 l
S
0.651 0.659 0.671 SC
36.446 -2360.21 m
36.446 -2287.903 l
S
0.655 0.663 0.675 SC
36.912 -2360.21 m
36.912 -2287.903 l
S
0.659 0.667 0.678 SC
37.379 -2360.21 m
37.379 -2287.903 l
S
0.663 0.671 0.678 SC
37.845 -2360.21 m
37.845 -2287.903 l
S
0.663 0.675 0.682 SC
38.312 -2360.21 m
38.312 -2287.903 l
S
0.667 0.675 0.686 SC
38.778 -2360.21 m
38.778 -2287.903 l
S
0.671 0.678 0.69 SC
39.245 -2360.21 m
39.245 -2287.903 l
S
0.675 0.682 0.69 SC
39.711 -2360.21 m
39.711 -2287.903 l
S
0.678 0.686 0.694 SC
40.178 -2360.21 m
40.178 -2287.903 l
S
0.682 0.69 0.698 SC
40.644 -2360.21 m
40.644 -2287.903 l
S
0.682 0.69 0.702 SC
41.111 -2360.21 m
41.111 -2287.903 l
S
0.686 0.694 0.706 SC
41.577 -2360.21 m
41.577 -2287.903 l
S
0.69 0.698 0.706 SC
42.044 -2360.21 m
42.044 -2287.903 l
S
0.694 0.702 0.71 SC
42.51 -2360.21 m
42.51 -2287.903 l
S
0.698 0.706 0.714 SC
42.977 -2360.21 m
42.977 -2287.903 l
S
0.698 0.706 0.718 SC
43.443 -2360.21 m
43.443 -2287.903 l
S
0.702 0.71 0.722 SC
43.91 -2360.21 m
43.91 -2287.903 l
S
0.706 0.714 0.722 SC
44.376 -2360.21 m
44.376 -2287.903 l
S
0.71 0.718 0.725 SC
44.843 -2360.21 m
44.843 -2287.903 l
S
0.714 0.722 0.729 SC
45.309 -2360.21 m
45.309 -2287.903 l
S
0.714 0.722 0.733 SC
45.776 -2360.21 m
45.776 -2287.903 l
S
0.718 0.725 0.737 SC
46.242 -2360.21 m
46.242 -2287.903 l
S
0.722 0.729 0.737 SC
46.709 -2360.21 m
46.709 -2287.903 l
S
0.725 0.733 0.741 SC
47.175 -2360.21 m
47.175 -2287.903 l
S
0.729 0.737 0.745 SC
47.642 -2360.21 m
47.642 -2287.903 l
S
0.733 0.741 0.749 SC
48.108 -2360.21 m
48.108 -2287.903 l
S
0.733 0.741 0.753 SC
48.575 -2360.21 m
48.575 -2287.903 l
49.041 -2360.21 m
49.041 -2287.903 l
S
0.737 0.745 0.753 SC
49.508 -2360.21 m
49.508 -2287.903 l
S
0.741 0.749 0.757 SC
49.974 -2360.21 m
49.974 -2287.903 l
S
0.745 0.753 0.761 SC
50.441 -2360.21 m
50.441 -2287.903 l
S
0.749 0.757 0.765 SC
50.907 -2360.21 m
50.907 -2287.903 l
S
0.753 0.761 0.769 SC
51.374 -2360.21 m
51.374 -2287.903 l
51.84 -2360.21 m
51.84 -2287.903 l
S
0.757 0.765 0.773 SC
52.307 -2360.21 m
52.307 -2287.903 l
S
0.761 0.769 0.776 SC
52.773 -2360.21 m
52.773 -2287.903 l
S
0.765 0.773 0.78 SC
53.24 -2360.21 m
53.24 -2287.903 l
S
0.769 0.776 0.784 SC
53.706 -2360.21 m
53.706 -2287.903 l
S
0.773 0.776 0.784 SC
54.173 -2360.21 m
54.173 -2287.903 l
S
0.776 0.78 0.788 SC
54.639 -2360.21 m
54.639 -2287.903 l
S
0.776 0.784 0.792 SC
55.106 -2360.21 m
55.106 -2287.903 l
S
0.78 0.788 0.796 SC
55.572 -2360.21 m
55.572 -2287.903 l
S
0.784 0.792 0.8 SC
56.039 -2360.21 m
56.039 -2287.903 l
S
0.788 0.796 0.8 SC
56.505 -2360.21 m
56.505 -2287.903 l
S
0.792 0.796 0.804 SC
56.972 -2360.21 m
56.972 -2287.903 l
S
0.796 0.8 0.808 SC
57.438 -2360.21 m
57.438 -2287.903 l
S
0.796 0.804 0.812 SC
57.905 -2360.21 m
57.905 -2287.903 l
S
0.8 0.808 0.816 SC
58.371 -2360.21 m
58.371 -2287.903 l
S
0.804 0.812 0.816 SC
58.838 -2360.21 m
58.838 -2287.903 l
S
0.808 0.812 0.82 SC
59.304 -2360.21 m
59.304 -2287.903 l
S
0.812 0.816 0.824 SC
59.771 -2360.21 m
59.771 -2287.903 l
S
0.816 0.82 0.827 SC
60.237 -2360.21 m
60.237 -2287.903 l
S
0.816 0.824 0.831 SC
60.704 -2360.21 m
60.704 -2287.903 l
S
0.82 0.827 0.831 SC
61.17 -2360.21 m
61.17 -2287.903 l
S
0.824 0.831 0.835 SC
61.637 -2360.21 m
61.637 -2287.903 l
S
0.827 0.831 0.839 SC
62.103 -2360.21 m
62.103 -2287.903 l
S
0.831 0.835 0.843 SC
62.57 -2360.21 m
62.57 -2287.903 l
S
0.835 0.839 0.843 SC
63.036 -2360.21 m
63.036 -2287.903 l
S
0.835 0.843 0.847 SC
63.503 -2360.21 m
63.503 -2287.903 l
S
0.839 0.847 0.851 SC
63.969 -2360.21 m
63.969 -2287.903 l
S
0.843 0.847 0.855 SC
64.436 -2360.21 m
64.436 -2287.903 l
S
0.847 0.851 0.859 SC
64.902 -2360.21 m
64.902 -2287.903 l
S
0.851 0.855 0.859 SC
65.369 -2360.21 m
65.369 -2287.903 l
S
0.855 0.859 0.863 SC
65.835 -2360.21 m
65.835 -2287.903 l
S
0.855 0.863 0.867 SC
66.302 -2360.21 m
66.302 -2287.903 l
S
0.859 0.863 0.871 SC
66.768 -2360.21 m
66.768 -2287.903 l
S
0.863 0.867 0.875 SC
67.235 -2360.21 m
67.235 -2287.903 l
S
0.867 0.871 0.875 SC
67.701 -2360.21 m
67.701 -2287.903 l
S
0.871 0.875 0.878 SC
68.168 -2360.21 m
68.168 -2287.903 l
S
0.875 0.878 0.882 SC
68.634 -2360.21 m
68.634 -2287.903 l
S
0.875 0.882 0.886 SC
69.101 -2360.21 m
69.101 -2287.903 l
S
0.878 0.882 0.89 SC
69.567 -2360.21 m
69.567 -2287.903 l
S
0.882 0.886 0.89 SC
70.034 -2360.21 m
70.034 -2287.903 l
S
0.886 0.89 0.894 SC
70.5 -2360.21 m
70.5 -2287.903 l
S
0.89 0.894 0.898 SC
70.967 -2360.21 m
70.967 -2287.903 l
S
0.894 0.898 0.902 SC
71.433 -2360.21 m
71.433 -2287.903 l
S
0.898 0.898 0.902 SC
71.9 -2360.21 m
71.9 -2287.903 l
S
0.898 0.902 0.906 SC
72.366 -2360.21 m
72.366 -2287.903 l
S
0.902 0.906 0.91 SC
72.833 -2360.21 m
72.833 -2287.903 l
S
0.906 0.91 0.914 SC
73.299 -2360.21 m
73.299 -2287.903 l
S
0.91 0.914 0.918 SC
73.766 -2360.21 m
73.766 -2287.903 l
S
0.914 0.918 0.922 SC
74.232 -2360.21 m
74.232 -2287.903 l
S
0.918 0.922 0.922 SC
74.699 -2360.21 m
74.699 -2287.903 l
S
0.922 0.922 0.925 SC
75.165 -2360.21 m
75.165 -2287.903 l
S
0.922 0.925 0.929 SC
75.632 -2360.21 m
75.632 -2287.903 l
S
0.925 0.929 0.933 SC
76.098 -2360.21 m
76.098 -2287.903 l
S
0.929 0.933 0.933 SC
76.565 -2360.21 m
76.565 -2287.903 l
S
0.933 0.937 0.937 SC
77.031 -2360.21 m
77.031 -2287.903 l
S
0.937 0.937 0.941 SC
77.498 -2360.21 m
77.498 -2287.903 l
S
0.941 0.941 0.945 SC
77.964 -2360.21 m
77.964 -2287.903 l
S
0.945 0.945 0.949 SC
78.431 -2360.21 m
78.431 -2287.903 l
S
0.945 0.949 0.949 SC
78.897 -2360.21 m
78.897 -2287.903 l
S
0.949 0.953 0.953 SC
79.364 -2360.21 m
79.364 -2287.903 l
S
0.953 0.957 0.957 SC
79.83 -2360.21 m
79.83 -2287.903 l
S
0.957 0.957 0.961 SC
80.297 -2360.21 m
80.297 -2287.903 l
S
0.961 0.961 0.965 SC
80.763 -2360.21 m
80.763 -2287.903 l
S
0.965 0.965 0.969 SC
81.23 -2360.21 m
81.23 -2287.903 l
S
0.969 0.969 0.969 SC
81.696 -2360.21 m
81.696 -2287.903 l
S
0.973 0.973 0.973 SC
82.163 -2360.21 m
82.163 -2287.903 l
S
0.976 0.976 0.976 SC
82.629 -2360.21 m
82.629 -2287.903 l
S
0.98 0.98 0.984 SC
83.096 -2360.21 m
83.096 -2287.903 l
S
0.988 0.988 0.988 SC
83.562 -2360.21 m
83.562 -2287.903 l
S
0.992 0.992 0.992 SC
84.029 -2360.21 m
84.029 -2287.903 l
S
1 1 1 SC
84.495 -2360.21 m
84.495 -2287.903 l
S
Q
Q
q
1 i 
-9 851 613 -860 re
0 841 m
W n
0.03 841.02 595.02 -841.02 re
W n
/Cs5 cs 0.161 0.145 0.149 sc
/GS1 gs
0.03 841.02 35.4 -6.11 re
f
/Cs5 CS 0.161 0.145 0.149 SC
0 J 0 j 0.3 w 10 M []0 d
28.347 841.076 m
28.347 805.006 l
S
286.3 22.8 22.68 -22.8 re
f
BT
/F4 1 Tf
10 0 0 10 289.2992 7.7671 Tm
1 1 1 sc
-0.0002 Tc
0 Tw
(616)Tj
/F2 1 Tf
7 0 0 7 35.4331 17.5374 Tm
0.161 0.145 0.149 sc
-0.0001 Tc
-0.0306 Tw
[(Swissmedic Jour)-17.9(nal)-1111.9(9/2002)]TJ
ET
Q
q
1 i 
35.43 790.98 534.1 -755.84 re
121.683 17.537 m
W* n
-9 851 613 -860 re
0 841 m
W n
0.03 841.02 595.02 -841.02 re
W n
/GS1 gs
q
495.8016 0 0 717.4418 74.33 72.89 cm
/Im30 Do
Q
Q

q
1 i 
-9 851 613 -860 re
0 841 m
W n
0.03 841.02 595.02 -841.02 re
W n
BT
/F6 1 Tf
12.5 0 0 12.5 470.5056 811.7825 Tm
/Cs5 cs 0.161 0.145 0.149 sc
/GS1 gs
-0.0001 Tc
0 Tw
(Réglementation)Tj
ET
/Cs5 CS 0.161 0.145 0.149 SC
0 J 0 j 0.3 w 10 M []0 d
42.8 805.15 m
567.2 805.15 l
S
Q
q
1 i 
361.69 850.5 198.43 -24.09 re
560.098 811.782 m
W* n
-9 851 613 -860 re
0 841 m
W n
0.03 841.02 595.02 -841.02 re
W n
q
2.7718 0 0 -0.3608 0 0 cm
/Cs5 CS 1 1 1 SC
0 J 0 j 0.5 w 10 M []0 d
/GS1 gs
130.36 -2360.21 m
130.36 -2287.903 l
S
0.992 0.992 0.992 SC
130.827 -2360.21 m
130.827 -2287.903 l
S
0.988 0.988 0.988 SC
131.293 -2360.21 m
131.293 -2287.903 l
S
0.98 0.98 0.984 SC
131.76 -2360.21 m
131.76 -2287.903 l
S
0.976 0.976 0.976 SC
132.226 -2360.21 m
132.226 -2287.903 l
S
0.973 0.973 0.973 SC
132.693 -2360.21 m
132.693 -2287.903 l
S
0.969 0.969 0.969 SC
133.159 -2360.21 m
133.159 -2287.903 l
S
0.965 0.965 0.969 SC
133.626 -2360.21 m
133.626 -2287.903 l
S
0.961 0.961 0.965 SC
134.092 -2360.21 m
134.092 -2287.903 l
S
0.957 0.957 0.961 SC
134.559 -2360.21 m
134.559 -2287.903 l
S
0.953 0.957 0.957 SC
135.025 -2360.21 m
135.025 -2287.903 l
S
0.949 0.953 0.953 SC
135.492 -2360.21 m
135.492 -2287.903 l
S
0.945 0.949 0.949 SC
135.958 -2360.21 m
135.958 -2287.903 l
S
0.945 0.945 0.949 SC
136.425 -2360.21 m
136.425 -2287.903 l
S
0.941 0.941 0.945 SC
136.891 -2360.21 m
136.891 -2287.903 l
S
0.937 0.937 0.941 SC
137.358 -2360.21 m
137.358 -2287.903 l
S
0.933 0.937 0.937 SC
137.824 -2360.21 m
137.824 -2287.903 l
S
0.929 0.933 0.933 SC
138.291 -2360.21 m
138.291 -2287.903 l
S
0.925 0.929 0.933 SC
138.757 -2360.21 m
138.757 -2287.903 l
S
0.922 0.925 0.929 SC
139.224 -2360.21 m
139.224 -2287.903 l
S
0.922 0.922 0.925 SC
139.69 -2360.21 m
139.69 -2287.903 l
S
0.918 0.922 0.922 SC
140.157 -2360.21 m
140.157 -2287.903 l
S
0.914 0.918 0.922 SC
140.623 -2360.21 m
140.623 -2287.903 l
S
0.91 0.914 0.918 SC
141.09 -2360.21 m
141.09 -2287.903 l
S
0.906 0.91 0.914 SC
141.556 -2360.21 m
141.556 -2287.903 l
S
0.902 0.906 0.91 SC
142.023 -2360.21 m
142.023 -2287.903 l
S
0.898 0.902 0.906 SC
142.489 -2360.21 m
142.489 -2287.903 l
S
0.898 0.898 0.902 SC
142.956 -2360.21 m
142.956 -2287.903 l
S
0.894 0.898 0.902 SC
143.422 -2360.21 m
143.422 -2287.903 l
S
0.89 0.894 0.898 SC
143.889 -2360.21 m
143.889 -2287.903 l
S
0.886 0.89 0.894 SC
144.355 -2360.21 m
144.355 -2287.903 l
S
0.882 0.886 0.89 SC
144.822 -2360.21 m
144.822 -2287.903 l
S
0.878 0.882 0.89 SC
145.288 -2360.21 m
145.288 -2287.903 l
S
0.875 0.882 0.886 SC
145.755 -2360.21 m
145.755 -2287.903 l
S
0.875 0.878 0.882 SC
146.221 -2360.21 m
146.221 -2287.903 l
S
0.871 0.875 0.878 SC
146.688 -2360.21 m
146.688 -2287.903 l
S
0.867 0.871 0.875 SC
147.154 -2360.21 m
147.154 -2287.903 l
S
0.863 0.867 0.875 SC
147.621 -2360.21 m
147.621 -2287.903 l
S
0.859 0.863 0.871 SC
148.087 -2360.21 m
148.087 -2287.903 l
S
0.855 0.863 0.867 SC
148.554 -2360.21 m
148.554 -2287.903 l
S
0.855 0.859 0.863 SC
149.02 -2360.21 m
149.02 -2287.903 l
S
0.851 0.855 0.859 SC
149.487 -2360.21 m
149.487 -2287.903 l
S
0.847 0.851 0.859 SC
149.953 -2360.21 m
149.953 -2287.903 l
S
0.843 0.847 0.855 SC
150.42 -2360.21 m
150.42 -2287.903 l
S
0.839 0.847 0.851 SC
150.886 -2360.21 m
150.886 -2287.903 l
S
0.835 0.843 0.847 SC
151.353 -2360.21 m
151.353 -2287.903 l
S
0.835 0.839 0.843 SC
151.819 -2360.21 m
151.819 -2287.903 l
S
0.831 0.835 0.843 SC
152.286 -2360.21 m
152.286 -2287.903 l
S
0.827 0.831 0.839 SC
152.752 -2360.21 m
152.752 -2287.903 l
S
0.824 0.831 0.835 SC
153.219 -2360.21 m
153.219 -2287.903 l
S
0.82 0.827 0.831 SC
153.685 -2360.21 m
153.685 -2287.903 l
S
0.816 0.824 0.831 SC
154.152 -2360.21 m
154.152 -2287.903 l
S
0.816 0.82 0.827 SC
154.618 -2360.21 m
154.618 -2287.903 l
S
0.812 0.816 0.824 SC
155.085 -2360.21 m
155.085 -2287.903 l
S
0.808 0.812 0.82 SC
155.551 -2360.21 m
155.551 -2287.903 l
S
0.804 0.812 0.816 SC
156.018 -2360.21 m
156.018 -2287.903 l
S
0.8 0.808 0.816 SC
156.484 -2360.21 m
156.484 -2287.903 l
S
0.796 0.804 0.812 SC
156.951 -2360.21 m
156.951 -2287.903 l
S
0.796 0.8 0.808 SC
157.417 -2360.21 m
157.417 -2287.903 l
S
0.792 0.796 0.804 SC
157.884 -2360.21 m
157.884 -2287.903 l
S
0.788 0.796 0.8 SC
158.35 -2360.21 m
158.35 -2287.903 l
S
0.784 0.792 0.8 SC
158.817 -2360.21 m
158.817 -2287.903 l
S
0.78 0.788 0.796 SC
159.283 -2360.21 m
159.283 -2287.903 l
S
0.776 0.784 0.792 SC
159.75 -2360.21 m
159.75 -2287.903 l
S
0.776 0.78 0.788 SC
160.216 -2360.21 m
160.216 -2287.903 l
S
0.773 0.776 0.784 SC
160.683 -2360.21 m
160.683 -2287.903 l
S
0.769 0.776 0.784 SC
161.149 -2360.21 m
161.149 -2287.903 l
S
0.765 0.773 0.78 SC
161.616 -2360.21 m
161.616 -2287.903 l
S
0.761 0.769 0.776 SC
162.082 -2360.21 m
162.082 -2287.903 l
S
0.757 0.765 0.773 SC
162.549 -2360.21 m
162.549 -2287.903 l
S
0.753 0.761 0.769 SC
163.015 -2360.21 m
163.015 -2287.903 l
163.482 -2360.21 m
163.482 -2287.903 l
S
0.749 0.757 0.765 SC
163.948 -2360.21 m
163.948 -2287.903 l
S
0.745 0.753 0.761 SC
164.415 -2360.21 m
164.415 -2287.903 l
S
0.741 0.749 0.757 SC
164.881 -2360.21 m
164.881 -2287.903 l
S
0.737 0.745 0.753 SC
165.348 -2360.21 m
165.348 -2287.903 l
S
0.733 0.741 0.753 SC
165.814 -2360.21 m
165.814 -2287.903 l
S
0.733 0.741 0.749 SC
166.281 -2360.21 m
166.281 -2287.903 l
166.747 -2360.21 m
166.747 -2287.903 l
S
0.729 0.737 0.745 SC
167.214 -2360.21 m
167.214 -2287.903 l
S
0.725 0.733 0.741 SC
167.68 -2360.21 m
167.68 -2287.903 l
S
0.722 0.729 0.737 SC
168.147 -2360.21 m
168.147 -2287.903 l
S
0.718 0.725 0.737 SC
168.613 -2360.21 m
168.613 -2287.903 l
S
0.714 0.722 0.733 SC
169.08 -2360.21 m
169.08 -2287.903 l
S
0.714 0.722 0.729 SC
169.546 -2360.21 m
169.546 -2287.903 l
S
0.71 0.718 0.725 SC
170.013 -2360.21 m
170.013 -2287.903 l
S
0.706 0.714 0.722 SC
170.479 -2360.21 m
170.479 -2287.903 l
S
0.702 0.71 0.722 SC
170.946 -2360.21 m
170.946 -2287.903 l
S
0.698 0.706 0.718 SC
171.412 -2360.21 m
171.412 -2287.903 l
S
0.698 0.706 0.714 SC
171.879 -2360.21 m
171.879 -2287.903 l
S
0.694 0.702 0.71 SC
172.345 -2360.21 m
172.345 -2287.903 l
S
0.69 0.698 0.706 SC
172.812 -2360.21 m
172.812 -2287.903 l
S
0.686 0.694 0.706 SC
173.278 -2360.21 m
173.278 -2287.903 l
S
0.682 0.69 0.702 SC
173.745 -2360.21 m
173.745 -2287.903 l
S
0.682 0.69 0.698 SC
174.211 -2360.21 m
174.211 -2287.903 l
S
0.678 0.686 0.694 SC
174.678 -2360.21 m
174.678 -2287.903 l
S
0.675 0.682 0.69 SC
175.144 -2360.21 m
175.144 -2287.903 l
S
0.671 0.678 0.69 SC
175.611 -2360.21 m
175.611 -2287.903 l
S
0.667 0.675 0.686 SC
176.077 -2360.21 m
176.077 -2287.903 l
S
0.663 0.675 0.682 SC
176.544 -2360.21 m
176.544 -2287.903 l
S
0.663 0.671 0.678 SC
177.01 -2360.21 m
177.01 -2287.903 l
S
0.659 0.667 0.678 SC
177.477 -2360.21 m
177.477 -2287.903 l
S
0.655 0.663 0.675 SC
177.943 -2360.21 m
177.943 -2287.903 l
S
0.651 0.659 0.671 SC
178.41 -2360.21 m
178.41 -2287.903 l
S
0.651 0.659 0.667 SC
178.876 -2360.21 m
178.876 -2287.903 l
S
0.647 0.655 0.663 SC
179.343 -2360.21 m
179.343 -2287.903 l
S
0.643 0.651 0.663 SC
179.809 -2360.21 m
179.809 -2287.903 l
S
0.639 0.647 0.659 SC
180.276 -2360.21 m
180.276 -2287.903 l
S
0.635 0.643 0.655 SC
180.742 -2360.21 m
180.742 -2287.903 l
S
0.635 0.643 0.651 SC
181.209 -2360.21 m
181.209 -2287.903 l
S
0.631 0.639 0.647 SC
181.675 -2360.21 m
181.675 -2287.903 l
S
0.627 0.635 0.647 SC
182.142 -2360.21 m
182.142 -2287.903 l
S
0.624 0.631 0.643 SC
182.608 -2360.21 m
182.608 -2287.903 l
S
0.62 0.631 0.639 SC
183.075 -2360.21 m
183.075 -2287.903 l
S
0.62 0.627 0.635 SC
183.541 -2360.21 m
183.541 -2287.903 l
S
0.616 0.624 0.635 SC
184.008 -2360.21 m
184.008 -2287.903 l
S
0.612 0.62 0.631 SC
184.474 -2360.21 m
184.474 -2287.903 l
S
0.608 0.616 0.627 SC
184.941 -2360.21 m
184.941 -2287.903 l
S
0.608 0.616 0.624 SC
185.407 -2360.21 m
185.407 -2287.903 l
S
0.604 0.612 0.624 SC
185.874 -2360.21 m
185.874 -2287.903 l
S
0.6 0.608 0.62 SC
186.34 -2360.21 m
186.34 -2287.903 l
S
0.596 0.604 0.616 SC
186.806 -2360.21 m
186.806 -2287.903 l
S
0.596 0.604 0.612 SC
187.273 -2360.21 m
187.273 -2287.903 l
S
0.592 0.6 0.608 SC
187.739 -2360.21 m
187.739 -2287.903 l
S
0.588 0.596 0.608 SC
188.206 -2360.21 m
188.206 -2287.903 l
S
0.584 0.592 0.604 SC
188.672 -2360.21 m
188.672 -2287.903 l
S
0.584 0.592 0.6 SC
189.139 -2360.21 m
189.139 -2287.903 l
S
0.58 0.588 0.596 SC
189.605 -2360.21 m
189.605 -2287.903 l
S
0.576 0.584 0.596 SC
190.072 -2360.21 m
190.072 -2287.903 l
S
0.573 0.58 0.592 SC
190.538 -2360.21 m
190.538 -2287.903 l
S
0.573 0.58 0.588 SC
191.005 -2360.21 m
191.005 -2287.903 l
S
0.569 0.576 0.588 SC
191.471 -2360.21 m
191.471 -2287.903 l
S
0.565 0.573 0.584 SC
191.938 -2360.21 m
191.938 -2287.903 l
S
0.561 0.569 0.58 SC
192.404 -2360.21 m
192.404 -2287.903 l
S
0.561 0.569 0.576 SC
192.871 -2360.21 m
192.871 -2287.903 l
S
0.557 0.565 0.576 SC
193.337 -2360.21 m
193.337 -2287.903 l
S
0.553 0.561 0.573 SC
193.804 -2360.21 m
193.804 -2287.903 l
S
0.549 0.557 0.569 SC
194.27 -2360.21 m
194.27 -2287.903 l
S
0.549 0.557 0.565 SC
194.737 -2360.21 m
194.737 -2287.903 l
S
0.545 0.553 0.565 SC
195.203 -2360.21 m
195.203 -2287.903 l
S
0.541 0.549 0.561 SC
195.67 -2360.21 m
195.67 -2287.903 l
S
0.537 0.545 0.557 SC
196.136 -2360.21 m
196.136 -2287.903 l
S
0.537 0.545 0.553 SC
196.603 -2360.21 m
196.603 -2287.903 l
S
0.533 0.541 0.553 SC
197.069 -2360.21 m
197.069 -2287.903 l
S
0.529 0.537 0.549 SC
197.536 -2360.21 m
197.536 -2287.903 l
S
0.529 0.533 0.545 SC
198.002 -2360.21 m
198.002 -2287.903 l
S
0.525 0.533 0.541 SC
198.469 -2360.21 m
198.469 -2287.903 l
S
0.522 0.529 0.541 SC
198.935 -2360.21 m
198.935 -2287.903 l
S
0.518 0.525 0.537 SC
199.402 -2360.21 m
199.402 -2287.903 l
S
0.518 0.525 0.533 SC
199.868 -2360.21 m
199.868 -2287.903 l
S
0.514 0.522 0.529 SC
200.335 -2360.21 m
200.335 -2287.903 l
S
0.51 0.518 0.529 SC
200.801 -2360.21 m
200.801 -2287.903 l
S
0.51 0.514 0.525 SC
201.268 -2360.21 m
201.268 -2287.903 l
S
0.506 0.514 0.522 SC
201.734 -2360.21 m
201.734 -2287.903 l
S
0.502 0.51 0.518 SC
202.201 -2360.21 m
202.201 -2287.903 l
S
Q
Q
q
1 i 
-9 851 613 -860 re
0 841 m
W n
0.03 841.02 595.02 -841.02 re
W n
/Cs5 cs 0.161 0.145 0.149 sc
/GS1 gs
560.12 841.02 34.93 -6.11 re
f
/Cs5 CS 0.161 0.145 0.149 SC
0 J 0 j 0.3 w 10 M []0 d
567.202 840.678 m
567.202 804.948 l
S
286.57 22.8 22.68 -22.8 re
f
BT
/F4 1 Tf
10 0 0 10 289.5747 7.7671 Tm
1 1 1 sc
-0.0002 Tc
0 Tw
(617)Tj
/F2 1 Tf
7 0 0 7 473.8676 17.5374 Tm
0.161 0.145 0.149 sc
-0.0001 Tc
-0.0306 Tw
[(Swissmedic Jour)-17.9(nal)-1111.9(9/2002)]TJ
ET
Q
q
1 i 
26.02 789.11 534.1 -753.97 re
560.117 17.537 m
W* n
-9 851 613 -860 re
0 841 m
W n
0.03 841.02 595.02 -841.02 re
W n
/GS1 gs
q
479.808 0 0 267.3324 34.21 520.5699 cm
/Im31 Do
Q
Q

q
1 i 
-9 851 613 -860 re
0 841 m
W n
0.03 841.02 595.02 -841.02 re
W n
BT
/F6 1 Tf
12.5 0 0 12.5 34.4488 811.7822 Tm
/Cs5 cs 0.161 0.145 0.149 sc
/GS1 gs
-0.0001 Tc
0 Tw
(Réglementation)Tj
ET
/Cs5 CS 0.161 0.145 0.149 SC
0 J 0 j 0.3 w 10 M []0 d
28.35 805.15 m
552.76 805.15 l
S
Q
q
1 i 
35.43 850.5 198.43 -24.09 re
124.041 811.782 m
W* n
-9 851 613 -860 re
0 841 m
W n
0.03 841.02 595.02 -841.02 re
W n
q
2.7718 0 0 -0.3608 0 0 cm
/Cs5 CS 0.502 0.51 0.518 SC
0 J 0 j 0.5 w 10 M []0 d
/GS1 gs
12.655 -2360.21 m
12.655 -2287.903 l
S
0.506 0.514 0.522 SC
13.121 -2360.21 m
13.121 -2287.903 l
S
0.51 0.514 0.525 SC
13.588 -2360.21 m
13.588 -2287.903 l
S
0.51 0.518 0.529 SC
14.054 -2360.21 m
14.054 -2287.903 l
S
0.514 0.522 0.529 SC
14.521 -2360.21 m
14.521 -2287.903 l
S
0.518 0.525 0.533 SC
14.987 -2360.21 m
14.987 -2287.903 l
S
0.518 0.525 0.537 SC
15.454 -2360.21 m
15.454 -2287.903 l
S
0.522 0.529 0.541 SC
15.92 -2360.21 m
15.92 -2287.903 l
S
0.525 0.533 0.541 SC
16.387 -2360.21 m
16.387 -2287.903 l
S
0.529 0.533 0.545 SC
16.853 -2360.21 m
16.853 -2287.903 l
S
0.529 0.537 0.549 SC
17.32 -2360.21 m
17.32 -2287.903 l
S
0.533 0.541 0.553 SC
17.786 -2360.21 m
17.786 -2287.903 l
S
0.537 0.545 0.553 SC
18.253 -2360.21 m
18.253 -2287.903 l
S
0.537 0.545 0.557 SC
18.719 -2360.21 m
18.719 -2287.903 l
S
0.541 0.549 0.561 SC
19.186 -2360.21 m
19.186 -2287.903 l
S
0.545 0.553 0.565 SC
19.652 -2360.21 m
19.652 -2287.903 l
S
0.549 0.557 0.565 SC
20.119 -2360.21 m
20.119 -2287.903 l
S
0.549 0.557 0.569 SC
20.585 -2360.21 m
20.585 -2287.903 l
S
0.553 0.561 0.573 SC
21.052 -2360.21 m
21.052 -2287.903 l
S
0.557 0.565 0.576 SC
21.518 -2360.21 m
21.518 -2287.903 l
S
0.561 0.569 0.576 SC
21.985 -2360.21 m
21.985 -2287.903 l
S
0.561 0.569 0.58 SC
22.451 -2360.21 m
22.451 -2287.903 l
S
0.565 0.573 0.584 SC
22.918 -2360.21 m
22.918 -2287.903 l
S
0.569 0.576 0.588 SC
23.384 -2360.21 m
23.384 -2287.903 l
S
0.573 0.58 0.588 SC
23.851 -2360.21 m
23.851 -2287.903 l
S
0.573 0.58 0.592 SC
24.317 -2360.21 m
24.317 -2287.903 l
S
0.576 0.584 0.596 SC
24.784 -2360.21 m
24.784 -2287.903 l
S
0.58 0.588 0.596 SC
25.25 -2360.21 m
25.25 -2287.903 l
S
0.584 0.592 0.6 SC
25.717 -2360.21 m
25.717 -2287.903 l
S
0.584 0.592 0.604 SC
26.183 -2360.21 m
26.183 -2287.903 l
S
0.588 0.596 0.608 SC
26.65 -2360.21 m
26.65 -2287.903 l
S
0.592 0.6 0.608 SC
27.116 -2360.21 m
27.116 -2287.903 l
S
0.596 0.604 0.612 SC
27.583 -2360.21 m
27.583 -2287.903 l
S
0.596 0.604 0.616 SC
28.049 -2360.21 m
28.049 -2287.903 l
S
0.6 0.608 0.62 SC
28.516 -2360.21 m
28.516 -2287.903 l
S
0.604 0.612 0.624 SC
28.982 -2360.21 m
28.982 -2287.903 l
S
0.608 0.616 0.624 SC
29.449 -2360.21 m
29.449 -2287.903 l
S
0.608 0.616 0.627 SC
29.915 -2360.21 m
29.915 -2287.903 l
S
0.612 0.62 0.631 SC
30.382 -2360.21 m
30.382 -2287.903 l
S
0.616 0.624 0.635 SC
30.848 -2360.21 m
30.848 -2287.903 l
S
0.62 0.627 0.635 SC
31.315 -2360.21 m
31.315 -2287.903 l
S
0.62 0.631 0.639 SC
31.781 -2360.21 m
31.781 -2287.903 l
S
0.624 0.631 0.643 SC
32.248 -2360.21 m
32.248 -2287.903 l
S
0.627 0.635 0.647 SC
32.714 -2360.21 m
32.714 -2287.903 l
S
0.631 0.639 0.647 SC
33.181 -2360.21 m
33.181 -2287.903 l
S
0.635 0.643 0.651 SC
33.647 -2360.21 m
33.647 -2287.903 l
S
0.635 0.643 0.655 SC
34.113 -2360.21 m
34.113 -2287.903 l
S
0.639 0.647 0.659 SC
34.58 -2360.21 m
34.58 -2287.903 l
S
0.643 0.651 0.663 SC
35.046 -2360.21 m
35.046 -2287.903 l
S
0.647 0.655 0.663 SC
35.513 -2360.21 m
35.513 -2287.903 l
S
0.651 0.659 0.667 SC
35.979 -2360.21 m
35.979 -2287.903 l
S
0.651 0.659 0.671 SC
36.446 -2360.21 m
36.446 -2287.903 l
S
0.655 0.663 0.675 SC
36.912 -2360.21 m
36.912 -2287.903 l
S
0.659 0.667 0.678 SC
37.379 -2360.21 m
37.379 -2287.903 l
S
0.663 0.671 0.678 SC
37.845 -2360.21 m
37.845 -2287.903 l
S
0.663 0.675 0.682 SC
38.312 -2360.21 m
38.312 -2287.903 l
S
0.667 0.675 0.686 SC
38.778 -2360.21 m
38.778 -2287.903 l
S
0.671 0.678 0.69 SC
39.245 -2360.21 m
39.245 -2287.903 l
S
0.675 0.682 0.69 SC
39.711 -2360.21 m
39.711 -2287.903 l
S
0.678 0.686 0.694 SC
40.178 -2360.21 m
40.178 -2287.903 l
S
0.682 0.69 0.698 SC
40.644 -2360.21 m
40.644 -2287.903 l
S
0.682 0.69 0.702 SC
41.111 -2360.21 m
41.111 -2287.903 l
S
0.686 0.694 0.706 SC
41.577 -2360.21 m
41.577 -2287.903 l
S
0.69 0.698 0.706 SC
42.044 -2360.21 m
42.044 -2287.903 l
S
0.694 0.702 0.71 SC
42.51 -2360.21 m
42.51 -2287.903 l
S
0.698 0.706 0.714 SC
42.977 -2360.21 m
42.977 -2287.903 l
S
0.698 0.706 0.718 SC
43.443 -2360.21 m
43.443 -2287.903 l
S
0.702 0.71 0.722 SC
43.91 -2360.21 m
43.91 -2287.903 l
S
0.706 0.714 0.722 SC
44.376 -2360.21 m
44.376 -2287.903 l
S
0.71 0.718 0.725 SC
44.843 -2360.21 m
44.843 -2287.903 l
S
0.714 0.722 0.729 SC
45.309 -2360.21 m
45.309 -2287.903 l
S
0.714 0.722 0.733 SC
45.776 -2360.21 m
45.776 -2287.903 l
S
0.718 0.725 0.737 SC
46.242 -2360.21 m
46.242 -2287.903 l
S
0.722 0.729 0.737 SC
46.709 -2360.21 m
46.709 -2287.903 l
S
0.725 0.733 0.741 SC
47.175 -2360.21 m
47.175 -2287.903 l
S
0.729 0.737 0.745 SC
47.642 -2360.21 m
47.642 -2287.903 l
S
0.733 0.741 0.749 SC
48.108 -2360.21 m
48.108 -2287.903 l
S
0.733 0.741 0.753 SC
48.575 -2360.21 m
48.575 -2287.903 l
49.041 -2360.21 m
49.041 -2287.903 l
S
0.737 0.745 0.753 SC
49.508 -2360.21 m
49.508 -2287.903 l
S
0.741 0.749 0.757 SC
49.974 -2360.21 m
49.974 -2287.903 l
S
0.745 0.753 0.761 SC
50.441 -2360.21 m
50.441 -2287.903 l
S
0.749 0.757 0.765 SC
50.907 -2360.21 m
50.907 -2287.903 l
S
0.753 0.761 0.769 SC
51.374 -2360.21 m
51.374 -2287.903 l
51.84 -2360.21 m
51.84 -2287.903 l
S
0.757 0.765 0.773 SC
52.307 -2360.21 m
52.307 -2287.903 l
S
0.761 0.769 0.776 SC
52.773 -2360.21 m
52.773 -2287.903 l
S
0.765 0.773 0.78 SC
53.24 -2360.21 m
53.24 -2287.903 l
S
0.769 0.776 0.784 SC
53.706 -2360.21 m
53.706 -2287.903 l
S
0.773 0.776 0.784 SC
54.173 -2360.21 m
54.173 -2287.903 l
S
0.776 0.78 0.788 SC
54.639 -2360.21 m
54.639 -2287.903 l
S
0.776 0.784 0.792 SC
55.106 -2360.21 m
55.106 -2287.903 l
S
0.78 0.788 0.796 SC
55.572 -2360.21 m
55.572 -2287.903 l
S
0.784 0.792 0.8 SC
56.039 -2360.21 m
56.039 -2287.903 l
S
0.788 0.796 0.8 SC
56.505 -2360.21 m
56.505 -2287.903 l
S
0.792 0.796 0.804 SC
56.972 -2360.21 m
56.972 -2287.903 l
S
0.796 0.8 0.808 SC
57.438 -2360.21 m
57.438 -2287.903 l
S
0.796 0.804 0.812 SC
57.905 -2360.21 m
57.905 -2287.903 l
S
0.8 0.808 0.816 SC
58.371 -2360.21 m
58.371 -2287.903 l
S
0.804 0.812 0.816 SC
58.838 -2360.21 m
58.838 -2287.903 l
S
0.808 0.812 0.82 SC
59.304 -2360.21 m
59.304 -2287.903 l
S
0.812 0.816 0.824 SC
59.771 -2360.21 m
59.771 -2287.903 l
S
0.816 0.82 0.827 SC
60.237 -2360.21 m
60.237 -2287.903 l
S
0.816 0.824 0.831 SC
60.704 -2360.21 m
60.704 -2287.903 l
S
0.82 0.827 0.831 SC
61.17 -2360.21 m
61.17 -2287.903 l
S
0.824 0.831 0.835 SC
61.637 -2360.21 m
61.637 -2287.903 l
S
0.827 0.831 0.839 SC
62.103 -2360.21 m
62.103 -2287.903 l
S
0.831 0.835 0.843 SC
62.57 -2360.21 m
62.57 -2287.903 l
S
0.835 0.839 0.843 SC
63.036 -2360.21 m
63.036 -2287.903 l
S
0.835 0.843 0.847 SC
63.503 -2360.21 m
63.503 -2287.903 l
S
0.839 0.847 0.851 SC
63.969 -2360.21 m
63.969 -2287.903 l
S
0.843 0.847 0.855 SC
64.436 -2360.21 m
64.436 -2287.903 l
S
0.847 0.851 0.859 SC
64.902 -2360.21 m
64.902 -2287.903 l
S
0.851 0.855 0.859 SC
65.369 -2360.21 m
65.369 -2287.903 l
S
0.855 0.859 0.863 SC
65.835 -2360.21 m
65.835 -2287.903 l
S
0.855 0.863 0.867 SC
66.302 -2360.21 m
66.302 -2287.903 l
S
0.859 0.863 0.871 SC
66.768 -2360.21 m
66.768 -2287.903 l
S
0.863 0.867 0.875 SC
67.235 -2360.21 m
67.235 -2287.903 l
S
0.867 0.871 0.875 SC
67.701 -2360.21 m
67.701 -2287.903 l
S
0.871 0.875 0.878 SC
68.168 -2360.21 m
68.168 -2287.903 l
S
0.875 0.878 0.882 SC
68.634 -2360.21 m
68.634 -2287.903 l
S
0.875 0.882 0.886 SC
69.101 -2360.21 m
69.101 -2287.903 l
S
0.878 0.882 0.89 SC
69.567 -2360.21 m
69.567 -2287.903 l
S
0.882 0.886 0.89 SC
70.034 -2360.21 m
70.034 -2287.903 l
S
0.886 0.89 0.894 SC
70.5 -2360.21 m
70.5 -2287.903 l
S
0.89 0.894 0.898 SC
70.967 -2360.21 m
70.967 -2287.903 l
S
0.894 0.898 0.902 SC
71.433 -2360.21 m
71.433 -2287.903 l
S
0.898 0.898 0.902 SC
71.9 -2360.21 m
71.9 -2287.903 l
S
0.898 0.902 0.906 SC
72.366 -2360.21 m
72.366 -2287.903 l
S
0.902 0.906 0.91 SC
72.833 -2360.21 m
72.833 -2287.903 l
S
0.906 0.91 0.914 SC
73.299 -2360.21 m
73.299 -2287.903 l
S
0.91 0.914 0.918 SC
73.766 -2360.21 m
73.766 -2287.903 l
S
0.914 0.918 0.922 SC
74.232 -2360.21 m
74.232 -2287.903 l
S
0.918 0.922 0.922 SC
74.699 -2360.21 m
74.699 -2287.903 l
S
0.922 0.922 0.925 SC
75.165 -2360.21 m
75.165 -2287.903 l
S
0.922 0.925 0.929 SC
75.632 -2360.21 m
75.632 -2287.903 l
S
0.925 0.929 0.933 SC
76.098 -2360.21 m
76.098 -2287.903 l
S
0.929 0.933 0.933 SC
76.565 -2360.21 m
76.565 -2287.903 l
S
0.933 0.937 0.937 SC
77.031 -2360.21 m
77.031 -2287.903 l
S
0.937 0.937 0.941 SC
77.498 -2360.21 m
77.498 -2287.903 l
S
0.941 0.941 0.945 SC
77.964 -2360.21 m
77.964 -2287.903 l
S
0.945 0.945 0.949 SC
78.431 -2360.21 m
78.431 -2287.903 l
S
0.945 0.949 0.949 SC
78.897 -2360.21 m
78.897 -2287.903 l
S
0.949 0.953 0.953 SC
79.364 -2360.21 m
79.364 -2287.903 l
S
0.953 0.957 0.957 SC
79.83 -2360.21 m
79.83 -2287.903 l
S
0.957 0.957 0.961 SC
80.297 -2360.21 m
80.297 -2287.903 l
S
0.961 0.961 0.965 SC
80.763 -2360.21 m
80.763 -2287.903 l
S
0.965 0.965 0.969 SC
81.23 -2360.21 m
81.23 -2287.903 l
S
0.969 0.969 0.969 SC
81.696 -2360.21 m
81.696 -2287.903 l
S
0.973 0.973 0.973 SC
82.163 -2360.21 m
82.163 -2287.903 l
S
0.976 0.976 0.976 SC
82.629 -2360.21 m
82.629 -2287.903 l
S
0.98 0.98 0.984 SC
83.096 -2360.21 m
83.096 -2287.903 l
S
0.988 0.988 0.988 SC
83.562 -2360.21 m
83.562 -2287.903 l
S
0.992 0.992 0.992 SC
84.029 -2360.21 m
84.029 -2287.903 l
S
1 1 1 SC
84.495 -2360.21 m
84.495 -2287.903 l
S
Q
Q
q
1 i 
-9 851 613 -860 re
0 841 m
W n
0.03 841.02 595.02 -841.02 re
W n
/Cs5 cs 0.161 0.145 0.149 sc
/GS1 gs
0.03 841.02 35.4 -6.11 re
f
/Cs5 CS 0.161 0.145 0.149 SC
0 J 0 j 0.3 w 10 M []0 d
28.347 841.076 m
28.347 805.006 l
S
286.3 22.8 22.68 -22.8 re
f
BT
/F4 1 Tf
10 0 0 10 289.2992 7.7671 Tm
1 1 1 sc
-0.0002 Tc
0 Tw
(618)Tj
/F2 1 Tf
7 0 0 7 35.4331 17.5374 Tm
0.161 0.145 0.149 sc
-0.0001 Tc
-0.0306 Tw
[(Swissmedic Jour)-17.9(nal)-1111.9(9/2002)]TJ
ET
Q
q
1 i 
55.2 795.68 511.73 -731.79 re
121.683 17.537 m
W* n
-9 851 613 -860 re
0 841 m
W n
0.03 841.02 595.02 -841.02 re
W n
/GS1 gs
q
499 0 0 694.7387 64.2 101.2401 cm
/Im32 Do
Q
Q

q
1 i 
-9 851 613 -860 re
0 841 m
W n
0.03 841.02 595.02 -841.02 re
W n
BT
/F6 1 Tf
12.5 0 0 12.5 470.5056 811.7825 Tm
/Cs5 cs 0.161 0.145 0.149 sc
/GS1 gs
-0.0001 Tc
0 Tw
(Réglementation)Tj
ET
/Cs5 CS 0.161 0.145 0.149 SC
0 J 0 j 0.3 w 10 M []0 d
42.8 805.15 m
567.2 805.15 l
S
Q
q
1 i 
361.69 850.5 198.43 -24.09 re
560.098 811.782 m
W* n
-9 851 613 -860 re
0 841 m
W n
0.03 841.02 595.02 -841.02 re
W n
q
2.7718 0 0 -0.3608 0 0 cm
/Cs5 CS 1 1 1 SC
0 J 0 j 0.5 w 10 M []0 d
/GS1 gs
130.36 -2360.21 m
130.36 -2287.903 l
S
0.992 0.992 0.992 SC
130.827 -2360.21 m
130.827 -2287.903 l
S
0.988 0.988 0.988 SC
131.293 -2360.21 m
131.293 -2287.903 l
S
0.98 0.98 0.984 SC
131.76 -2360.21 m
131.76 -2287.903 l
S
0.976 0.976 0.976 SC
132.226 -2360.21 m
132.226 -2287.903 l
S
0.973 0.973 0.973 SC
132.693 -2360.21 m
132.693 -2287.903 l
S
0.969 0.969 0.969 SC
133.159 -2360.21 m
133.159 -2287.903 l
S
0.965 0.965 0.969 SC
133.626 -2360.21 m
133.626 -2287.903 l
S
0.961 0.961 0.965 SC
134.092 -2360.21 m
134.092 -2287.903 l
S
0.957 0.957 0.961 SC
134.559 -2360.21 m
134.559 -2287.903 l
S
0.953 0.957 0.957 SC
135.025 -2360.21 m
135.025 -2287.903 l
S
0.949 0.953 0.953 SC
135.492 -2360.21 m
135.492 -2287.903 l
S
0.945 0.949 0.949 SC
135.958 -2360.21 m
135.958 -2287.903 l
S
0.945 0.945 0.949 SC
136.425 -2360.21 m
136.425 -2287.903 l
S
0.941 0.941 0.945 SC
136.891 -2360.21 m
136.891 -2287.903 l
S
0.937 0.937 0.941 SC
137.358 -2360.21 m
137.358 -2287.903 l
S
0.933 0.937 0.937 SC
137.824 -2360.21 m
137.824 -2287.903 l
S
0.929 0.933 0.933 SC
138.291 -2360.21 m
138.291 -2287.903 l
S
0.925 0.929 0.933 SC
138.757 -2360.21 m
138.757 -2287.903 l
S
0.922 0.925 0.929 SC
139.224 -2360.21 m
139.224 -2287.903 l
S
0.922 0.922 0.925 SC
139.69 -2360.21 m
139.69 -2287.903 l
S
0.918 0.922 0.922 SC
140.157 -2360.21 m
140.157 -2287.903 l
S
0.914 0.918 0.922 SC
140.623 -2360.21 m
140.623 -2287.903 l
S
0.91 0.914 0.918 SC
141.09 -2360.21 m
141.09 -2287.903 l
S
0.906 0.91 0.914 SC
141.556 -2360.21 m
141.556 -2287.903 l
S
0.902 0.906 0.91 SC
142.023 -2360.21 m
142.023 -2287.903 l
S
0.898 0.902 0.906 SC
142.489 -2360.21 m
142.489 -2287.903 l
S
0.898 0.898 0.902 SC
142.956 -2360.21 m
142.956 -2287.903 l
S
0.894 0.898 0.902 SC
143.422 -2360.21 m
143.422 -2287.903 l
S
0.89 0.894 0.898 SC
143.889 -2360.21 m
143.889 -2287.903 l
S
0.886 0.89 0.894 SC
144.355 -2360.21 m
144.355 -2287.903 l
S
0.882 0.886 0.89 SC
144.822 -2360.21 m
144.822 -2287.903 l
S
0.878 0.882 0.89 SC
145.288 -2360.21 m
145.288 -2287.903 l
S
0.875 0.882 0.886 SC
145.755 -2360.21 m
145.755 -2287.903 l
S
0.875 0.878 0.882 SC
146.221 -2360.21 m
146.221 -2287.903 l
S
0.871 0.875 0.878 SC
146.688 -2360.21 m
146.688 -2287.903 l
S
0.867 0.871 0.875 SC
147.154 -2360.21 m
147.154 -2287.903 l
S
0.863 0.867 0.875 SC
147.621 -2360.21 m
147.621 -2287.903 l
S
0.859 0.863 0.871 SC
148.087 -2360.21 m
148.087 -2287.903 l
S
0.855 0.863 0.867 SC
148.554 -2360.21 m
148.554 -2287.903 l
S
0.855 0.859 0.863 SC
149.02 -2360.21 m
149.02 -2287.903 l
S
0.851 0.855 0.859 SC
149.487 -2360.21 m
149.487 -2287.903 l
S
0.847 0.851 0.859 SC
149.953 -2360.21 m
149.953 -2287.903 l
S
0.843 0.847 0.855 SC
150.42 -2360.21 m
150.42 -2287.903 l
S
0.839 0.847 0.851 SC
150.886 -2360.21 m
150.886 -2287.903 l
S
0.835 0.843 0.847 SC
151.353 -2360.21 m
151.353 -2287.903 l
S
0.835 0.839 0.843 SC
151.819 -2360.21 m
151.819 -2287.903 l
S
0.831 0.835 0.843 SC
152.286 -2360.21 m
152.286 -2287.903 l
S
0.827 0.831 0.839 SC
152.752 -2360.21 m
152.752 -2287.903 l
S
0.824 0.831 0.835 SC
153.219 -2360.21 m
153.219 -2287.903 l
S
0.82 0.827 0.831 SC
153.685 -2360.21 m
153.685 -2287.903 l
S
0.816 0.824 0.831 SC
154.152 -2360.21 m
154.152 -2287.903 l
S
0.816 0.82 0.827 SC
154.618 -2360.21 m
154.618 -2287.903 l
S
0.812 0.816 0.824 SC
155.085 -2360.21 m
155.085 -2287.903 l
S
0.808 0.812 0.82 SC
155.551 -2360.21 m
155.551 -2287.903 l
S
0.804 0.812 0.816 SC
156.018 -2360.21 m
156.018 -2287.903 l
S
0.8 0.808 0.816 SC
156.484 -2360.21 m
156.484 -2287.903 l
S
0.796 0.804 0.812 SC
156.951 -2360.21 m
156.951 -2287.903 l
S
0.796 0.8 0.808 SC
157.417 -2360.21 m
157.417 -2287.903 l
S
0.792 0.796 0.804 SC
157.884 -2360.21 m
157.884 -2287.903 l
S
0.788 0.796 0.8 SC
158.35 -2360.21 m
158.35 -2287.903 l
S
0.784 0.792 0.8 SC
158.817 -2360.21 m
158.817 -2287.903 l
S
0.78 0.788 0.796 SC
159.283 -2360.21 m
159.283 -2287.903 l
S
0.776 0.784 0.792 SC
159.75 -2360.21 m
159.75 -2287.903 l
S
0.776 0.78 0.788 SC
160.216 -2360.21 m
160.216 -2287.903 l
S
0.773 0.776 0.784 SC
160.683 -2360.21 m
160.683 -2287.903 l
S
0.769 0.776 0.784 SC
161.149 -2360.21 m
161.149 -2287.903 l
S
0.765 0.773 0.78 SC
161.616 -2360.21 m
161.616 -2287.903 l
S
0.761 0.769 0.776 SC
162.082 -2360.21 m
162.082 -2287.903 l
S
0.757 0.765 0.773 SC
162.549 -2360.21 m
162.549 -2287.903 l
S
0.753 0.761 0.769 SC
163.015 -2360.21 m
163.015 -2287.903 l
163.482 -2360.21 m
163.482 -2287.903 l
S
0.749 0.757 0.765 SC
163.948 -2360.21 m
163.948 -2287.903 l
S
0.745 0.753 0.761 SC
164.415 -2360.21 m
164.415 -2287.903 l
S
0.741 0.749 0.757 SC
164.881 -2360.21 m
164.881 -2287.903 l
S
0.737 0.745 0.753 SC
165.348 -2360.21 m
165.348 -2287.903 l
S
0.733 0.741 0.753 SC
165.814 -2360.21 m
165.814 -2287.903 l
S
0.733 0.741 0.749 SC
166.281 -2360.21 m
166.281 -2287.903 l
166.747 -2360.21 m
166.747 -2287.903 l
S
0.729 0.737 0.745 SC
167.214 -2360.21 m
167.214 -2287.903 l
S
0.725 0.733 0.741 SC
167.68 -2360.21 m
167.68 -2287.903 l
S
0.722 0.729 0.737 SC
168.147 -2360.21 m
168.147 -2287.903 l
S
0.718 0.725 0.737 SC
168.613 -2360.21 m
168.613 -2287.903 l
S
0.714 0.722 0.733 SC
169.08 -2360.21 m
169.08 -2287.903 l
S
0.714 0.722 0.729 SC
169.546 -2360.21 m
169.546 -2287.903 l
S
0.71 0.718 0.725 SC
170.013 -2360.21 m
170.013 -2287.903 l
S
0.706 0.714 0.722 SC
170.479 -2360.21 m
170.479 -2287.903 l
S
0.702 0.71 0.722 SC
170.946 -2360.21 m
170.946 -2287.903 l
S
0.698 0.706 0.718 SC
171.412 -2360.21 m
171.412 -2287.903 l
S
0.698 0.706 0.714 SC
171.879 -2360.21 m
171.879 -2287.903 l
S
0.694 0.702 0.71 SC
172.345 -2360.21 m
172.345 -2287.903 l
S
0.69 0.698 0.706 SC
172.812 -2360.21 m
172.812 -2287.903 l
S
0.686 0.694 0.706 SC
173.278 -2360.21 m
173.278 -2287.903 l
S
0.682 0.69 0.702 SC
173.745 -2360.21 m
173.745 -2287.903 l
S
0.682 0.69 0.698 SC
174.211 -2360.21 m
174.211 -2287.903 l
S
0.678 0.686 0.694 SC
174.678 -2360.21 m
174.678 -2287.903 l
S
0.675 0.682 0.69 SC
175.144 -2360.21 m
175.144 -2287.903 l
S
0.671 0.678 0.69 SC
175.611 -2360.21 m
175.611 -2287.903 l
S
0.667 0.675 0.686 SC
176.077 -2360.21 m
176.077 -2287.903 l
S
0.663 0.675 0.682 SC
176.544 -2360.21 m
176.544 -2287.903 l
S
0.663 0.671 0.678 SC
177.01 -2360.21 m
177.01 -2287.903 l
S
0.659 0.667 0.678 SC
177.477 -2360.21 m
177.477 -2287.903 l
S
0.655 0.663 0.675 SC
177.943 -2360.21 m
177.943 -2287.903 l
S
0.651 0.659 0.671 SC
178.41 -2360.21 m
178.41 -2287.903 l
S
0.651 0.659 0.667 SC
178.876 -2360.21 m
178.876 -2287.903 l
S
0.647 0.655 0.663 SC
179.343 -2360.21 m
179.343 -2287.903 l
S
0.643 0.651 0.663 SC
179.809 -2360.21 m
179.809 -2287.903 l
S
0.639 0.647 0.659 SC
180.276 -2360.21 m
180.276 -2287.903 l
S
0.635 0.643 0.655 SC
180.742 -2360.21 m
180.742 -2287.903 l
S
0.635 0.643 0.651 SC
181.209 -2360.21 m
181.209 -2287.903 l
S
0.631 0.639 0.647 SC
181.675 -2360.21 m
181.675 -2287.903 l
S
0.627 0.635 0.647 SC
182.142 -2360.21 m
182.142 -2287.903 l
S
0.624 0.631 0.643 SC
182.608 -2360.21 m
182.608 -2287.903 l
S
0.62 0.631 0.639 SC
183.075 -2360.21 m
183.075 -2287.903 l
S
0.62 0.627 0.635 SC
183.541 -2360.21 m
183.541 -2287.903 l
S
0.616 0.624 0.635 SC
184.008 -2360.21 m
184.008 -2287.903 l
S
0.612 0.62 0.631 SC
184.474 -2360.21 m
184.474 -2287.903 l
S
0.608 0.616 0.627 SC
184.941 -2360.21 m
184.941 -2287.903 l
S
0.608 0.616 0.624 SC
185.407 -2360.21 m
185.407 -2287.903 l
S
0.604 0.612 0.624 SC
185.874 -2360.21 m
185.874 -2287.903 l
S
0.6 0.608 0.62 SC
186.34 -2360.21 m
186.34 -2287.903 l
S
0.596 0.604 0.616 SC
186.806 -2360.21 m
186.806 -2287.903 l
S
0.596 0.604 0.612 SC
187.273 -2360.21 m
187.273 -2287.903 l
S
0.592 0.6 0.608 SC
187.739 -2360.21 m
187.739 -2287.903 l
S
0.588 0.596 0.608 SC
188.206 -2360.21 m
188.206 -2287.903 l
S
0.584 0.592 0.604 SC
188.672 -2360.21 m
188.672 -2287.903 l
S
0.584 0.592 0.6 SC
189.139 -2360.21 m
189.139 -2287.903 l
S
0.58 0.588 0.596 SC
189.605 -2360.21 m
189.605 -2287.903 l
S
0.576 0.584 0.596 SC
190.072 -2360.21 m
190.072 -2287.903 l
S
0.573 0.58 0.592 SC
190.538 -2360.21 m
190.538 -2287.903 l
S
0.573 0.58 0.588 SC
191.005 -2360.21 m
191.005 -2287.903 l
S
0.569 0.576 0.588 SC
191.471 -2360.21 m
191.471 -2287.903 l
S
0.565 0.573 0.584 SC
191.938 -2360.21 m
191.938 -2287.903 l
S
0.561 0.569 0.58 SC
192.404 -2360.21 m
192.404 -2287.903 l
S
0.561 0.569 0.576 SC
192.871 -2360.21 m
192.871 -2287.903 l
S
0.557 0.565 0.576 SC
193.337 -2360.21 m
193.337 -2287.903 l
S
0.553 0.561 0.573 SC
193.804 -2360.21 m
193.804 -2287.903 l
S
0.549 0.557 0.569 SC
194.27 -2360.21 m
194.27 -2287.903 l
S
0.549 0.557 0.565 SC
194.737 -2360.21 m
194.737 -2287.903 l
S
0.545 0.553 0.565 SC
195.203 -2360.21 m
195.203 -2287.903 l
S
0.541 0.549 0.561 SC
195.67 -2360.21 m
195.67 -2287.903 l
S
0.537 0.545 0.557 SC
196.136 -2360.21 m
196.136 -2287.903 l
S
0.537 0.545 0.553 SC
196.603 -2360.21 m
196.603 -2287.903 l
S
0.533 0.541 0.553 SC
197.069 -2360.21 m
197.069 -2287.903 l
S
0.529 0.537 0.549 SC
197.536 -2360.21 m
197.536 -2287.903 l
S
0.529 0.533 0.545 SC
198.002 -2360.21 m
198.002 -2287.903 l
S
0.525 0.533 0.541 SC
198.469 -2360.21 m
198.469 -2287.903 l
S
0.522 0.529 0.541 SC
198.935 -2360.21 m
198.935 -2287.903 l
S
0.518 0.525 0.537 SC
199.402 -2360.21 m
199.402 -2287.903 l
S
0.518 0.525 0.533 SC
199.868 -2360.21 m
199.868 -2287.903 l
S
0.514 0.522 0.529 SC
200.335 -2360.21 m
200.335 -2287.903 l
S
0.51 0.518 0.529 SC
200.801 -2360.21 m
200.801 -2287.903 l
S
0.51 0.514 0.525 SC
201.268 -2360.21 m
201.268 -2287.903 l
S
0.506 0.514 0.522 SC
201.734 -2360.21 m
201.734 -2287.903 l
S
0.502 0.51 0.518 SC
202.201 -2360.21 m
202.201 -2287.903 l
S
Q
Q
q
1 i 
-9 851 613 -860 re
0 841 m
W n
0.03 841.02 595.02 -841.02 re
W n
/Cs5 cs 0.161 0.145 0.149 sc
/GS1 gs
560.12 841.02 34.93 -6.11 re
f
/Cs5 CS 0.161 0.145 0.149 SC
0 J 0 j 0.3 w 10 M []0 d
567.202 840.678 m
567.202 804.948 l
S
286.57 22.8 22.68 -22.8 re
f
BT
/F4 1 Tf
10 0 0 10 289.5747 7.7671 Tm
1 1 1 sc
-0.0002 Tc
0 Tw
(619)Tj
/F2 1 Tf
7 0 0 7 473.8676 17.5374 Tm
0.161 0.145 0.149 sc
-0.0001 Tc
-0.0306 Tw
[(Swissmedic Jour)-17.9(nal)-1111.9(9/2002)]TJ
ET
Q
q
1 i 
32.48 794.47 507.64 -730.58 re
560.117 17.537 m
W* n
-9 851 613 -860 re
0 841 m
W n
0.03 841.02 595.02 -841.02 re
W n
/GS1 gs
q
496.0001 0 0 639.3347 38.48 149.12 cm
/Im33 Do
Q
Q

q
1 i 
-9 851 613 -860 re
0 841 m
W n
0.03 841.02 595.02 -841.02 re
W n
BT
/F6 1 Tf
12.5 0 0 12.5 34.4488 811.7822 Tm
/Cs5 cs 0.161 0.145 0.149 sc
/GS1 gs
-0.0001 Tc
0 Tw
(Réglementation)Tj
ET
/Cs5 CS 0.161 0.145 0.149 SC
0 J 0 j 0.3 w 10 M []0 d
28.35 805.15 m
552.76 805.15 l
S
Q
q
1 i 
35.43 850.5 198.43 -24.09 re
124.041 811.782 m
W* n
-9 851 613 -860 re
0 841 m
W n
0.03 841.02 595.02 -841.02 re
W n
q
2.7718 0 0 -0.3608 0 0 cm
/Cs5 CS 0.502 0.51 0.518 SC
0 J 0 j 0.5 w 10 M []0 d
/GS1 gs
12.655 -2360.21 m
12.655 -2287.903 l
S
0.506 0.514 0.522 SC
13.121 -2360.21 m
13.121 -2287.903 l
S
0.51 0.514 0.525 SC
13.588 -2360.21 m
13.588 -2287.903 l
S
0.51 0.518 0.529 SC
14.054 -2360.21 m
14.054 -2287.903 l
S
0.514 0.522 0.529 SC
14.521 -2360.21 m
14.521 -2287.903 l
S
0.518 0.525 0.533 SC
14.987 -2360.21 m
14.987 -2287.903 l
S
0.518 0.525 0.537 SC
15.454 -2360.21 m
15.454 -2287.903 l
S
0.522 0.529 0.541 SC
15.92 -2360.21 m
15.92 -2287.903 l
S
0.525 0.533 0.541 SC
16.387 -2360.21 m
16.387 -2287.903 l
S
0.529 0.533 0.545 SC
16.853 -2360.21 m
16.853 -2287.903 l
S
0.529 0.537 0.549 SC
17.32 -2360.21 m
17.32 -2287.903 l
S
0.533 0.541 0.553 SC
17.786 -2360.21 m
17.786 -2287.903 l
S
0.537 0.545 0.553 SC
18.253 -2360.21 m
18.253 -2287.903 l
S
0.537 0.545 0.557 SC
18.719 -2360.21 m
18.719 -2287.903 l
S
0.541 0.549 0.561 SC
19.186 -2360.21 m
19.186 -2287.903 l
S
0.545 0.553 0.565 SC
19.652 -2360.21 m
19.652 -2287.903 l
S
0.549 0.557 0.565 SC
20.119 -2360.21 m
20.119 -2287.903 l
S
0.549 0.557 0.569 SC
20.585 -2360.21 m
20.585 -2287.903 l
S
0.553 0.561 0.573 SC
21.052 -2360.21 m
21.052 -2287.903 l
S
0.557 0.565 0.576 SC
21.518 -2360.21 m
21.518 -2287.903 l
S
0.561 0.569 0.576 SC
21.985 -2360.21 m
21.985 -2287.903 l
S
0.561 0.569 0.58 SC
22.451 -2360.21 m
22.451 -2287.903 l
S
0.565 0.573 0.584 SC
22.918 -2360.21 m
22.918 -2287.903 l
S
0.569 0.576 0.588 SC
23.384 -2360.21 m
23.384 -2287.903 l
S
0.573 0.58 0.588 SC
23.851 -2360.21 m
23.851 -2287.903 l
S
0.573 0.58 0.592 SC
24.317 -2360.21 m
24.317 -2287.903 l
S
0.576 0.584 0.596 SC
24.784 -2360.21 m
24.784 -2287.903 l
S
0.58 0.588 0.596 SC
25.25 -2360.21 m
25.25 -2287.903 l
S
0.584 0.592 0.6 SC
25.717 -2360.21 m
25.717 -2287.903 l
S
0.584 0.592 0.604 SC
26.183 -2360.21 m
26.183 -2287.903 l
S
0.588 0.596 0.608 SC
26.65 -2360.21 m
26.65 -2287.903 l
S
0.592 0.6 0.608 SC
27.116 -2360.21 m
27.116 -2287.903 l
S
0.596 0.604 0.612 SC
27.583 -2360.21 m
27.583 -2287.903 l
S
0.596 0.604 0.616 SC
28.049 -2360.21 m
28.049 -2287.903 l
S
0.6 0.608 0.62 SC
28.516 -2360.21 m
28.516 -2287.903 l
S
0.604 0.612 0.624 SC
28.982 -2360.21 m
28.982 -2287.903 l
S
0.608 0.616 0.624 SC
29.449 -2360.21 m
29.449 -2287.903 l
S
0.608 0.616 0.627 SC
29.915 -2360.21 m
29.915 -2287.903 l
S
0.612 0.62 0.631 SC
30.382 -2360.21 m
30.382 -2287.903 l
S
0.616 0.624 0.635 SC
30.848 -2360.21 m
30.848 -2287.903 l
S
0.62 0.627 0.635 SC
31.315 -2360.21 m
31.315 -2287.903 l
S
0.62 0.631 0.639 SC
31.781 -2360.21 m
31.781 -2287.903 l
S
0.624 0.631 0.643 SC
32.248 -2360.21 m
32.248 -2287.903 l
S
0.627 0.635 0.647 SC
32.714 -2360.21 m
32.714 -2287.903 l
S
0.631 0.639 0.647 SC
33.181 -2360.21 m
33.181 -2287.903 l
S
0.635 0.643 0.651 SC
33.647 -2360.21 m
33.647 -2287.903 l
S
0.635 0.643 0.655 SC
34.113 -2360.21 m
34.113 -2287.903 l
S
0.639 0.647 0.659 SC
34.58 -2360.21 m
34.58 -2287.903 l
S
0.643 0.651 0.663 SC
35.046 -2360.21 m
35.046 -2287.903 l
S
0.647 0.655 0.663 SC
35.513 -2360.21 m
35.513 -2287.903 l
S
0.651 0.659 0.667 SC
35.979 -2360.21 m
35.979 -2287.903 l
S
0.651 0.659 0.671 SC
36.446 -2360.21 m
36.446 -2287.903 l
S
0.655 0.663 0.675 SC
36.912 -2360.21 m
36.912 -2287.903 l
S
0.659 0.667 0.678 SC
37.379 -2360.21 m
37.379 -2287.903 l
S
0.663 0.671 0.678 SC
37.845 -2360.21 m
37.845 -2287.903 l
S
0.663 0.675 0.682 SC
38.312 -2360.21 m
38.312 -2287.903 l
S
0.667 0.675 0.686 SC
38.778 -2360.21 m
38.778 -2287.903 l
S
0.671 0.678 0.69 SC
39.245 -2360.21 m
39.245 -2287.903 l
S
0.675 0.682 0.69 SC
39.711 -2360.21 m
39.711 -2287.903 l
S
0.678 0.686 0.694 SC
40.178 -2360.21 m
40.178 -2287.903 l
S
0.682 0.69 0.698 SC
40.644 -2360.21 m
40.644 -2287.903 l
S
0.682 0.69 0.702 SC
41.111 -2360.21 m
41.111 -2287.903 l
S
0.686 0.694 0.706 SC
41.577 -2360.21 m
41.577 -2287.903 l
S
0.69 0.698 0.706 SC
42.044 -2360.21 m
42.044 -2287.903 l
S
0.694 0.702 0.71 SC
42.51 -2360.21 m
42.51 -2287.903 l
S
0.698 0.706 0.714 SC
42.977 -2360.21 m
42.977 -2287.903 l
S
0.698 0.706 0.718 SC
43.443 -2360.21 m
43.443 -2287.903 l
S
0.702 0.71 0.722 SC
43.91 -2360.21 m
43.91 -2287.903 l
S
0.706 0.714 0.722 SC
44.376 -2360.21 m
44.376 -2287.903 l
S
0.71 0.718 0.725 SC
44.843 -2360.21 m
44.843 -2287.903 l
S
0.714 0.722 0.729 SC
45.309 -2360.21 m
45.309 -2287.903 l
S
0.714 0.722 0.733 SC
45.776 -2360.21 m
45.776 -2287.903 l
S
0.718 0.725 0.737 SC
46.242 -2360.21 m
46.242 -2287.903 l
S
0.722 0.729 0.737 SC
46.709 -2360.21 m
46.709 -2287.903 l
S
0.725 0.733 0.741 SC
47.175 -2360.21 m
47.175 -2287.903 l
S
0.729 0.737 0.745 SC
47.642 -2360.21 m
47.642 -2287.903 l
S
0.733 0.741 0.749 SC
48.108 -2360.21 m
48.108 -2287.903 l
S
0.733 0.741 0.753 SC
48.575 -2360.21 m
48.575 -2287.903 l
49.041 -2360.21 m
49.041 -2287.903 l
S
0.737 0.745 0.753 SC
49.508 -2360.21 m
49.508 -2287.903 l
S
0.741 0.749 0.757 SC
49.974 -2360.21 m
49.974 -2287.903 l
S
0.745 0.753 0.761 SC
50.441 -2360.21 m
50.441 -2287.903 l
S
0.749 0.757 0.765 SC
50.907 -2360.21 m
50.907 -2287.903 l
S
0.753 0.761 0.769 SC
51.374 -2360.21 m
51.374 -2287.903 l
51.84 -2360.21 m
51.84 -2287.903 l
S
0.757 0.765 0.773 SC
52.307 -2360.21 m
52.307 -2287.903 l
S
0.761 0.769 0.776 SC
52.773 -2360.21 m
52.773 -2287.903 l
S
0.765 0.773 0.78 SC
53.24 -2360.21 m
53.24 -2287.903 l
S
0.769 0.776 0.784 SC
53.706 -2360.21 m
53.706 -2287.903 l
S
0.773 0.776 0.784 SC
54.173 -2360.21 m
54.173 -2287.903 l
S
0.776 0.78 0.788 SC
54.639 -2360.21 m
54.639 -2287.903 l
S
0.776 0.784 0.792 SC
55.106 -2360.21 m
55.106 -2287.903 l
S
0.78 0.788 0.796 SC
55.572 -2360.21 m
55.572 -2287.903 l
S
0.784 0.792 0.8 SC
56.039 -2360.21 m
56.039 -2287.903 l
S
0.788 0.796 0.8 SC
56.505 -2360.21 m
56.505 -2287.903 l
S
0.792 0.796 0.804 SC
56.972 -2360.21 m
56.972 -2287.903 l
S
0.796 0.8 0.808 SC
57.438 -2360.21 m
57.438 -2287.903 l
S
0.796 0.804 0.812 SC
57.905 -2360.21 m
57.905 -2287.903 l
S
0.8 0.808 0.816 SC
58.371 -2360.21 m
58.371 -2287.903 l
S
0.804 0.812 0.816 SC
58.838 -2360.21 m
58.838 -2287.903 l
S
0.808 0.812 0.82 SC
59.304 -2360.21 m
59.304 -2287.903 l
S
0.812 0.816 0.824 SC
59.771 -2360.21 m
59.771 -2287.903 l
S
0.816 0.82 0.827 SC
60.237 -2360.21 m
60.237 -2287.903 l
S
0.816 0.824 0.831 SC
60.704 -2360.21 m
60.704 -2287.903 l
S
0.82 0.827 0.831 SC
61.17 -2360.21 m
61.17 -2287.903 l
S
0.824 0.831 0.835 SC
61.637 -2360.21 m
61.637 -2287.903 l
S
0.827 0.831 0.839 SC
62.103 -2360.21 m
62.103 -2287.903 l
S
0.831 0.835 0.843 SC
62.57 -2360.21 m
62.57 -2287.903 l
S
0.835 0.839 0.843 SC
63.036 -2360.21 m
63.036 -2287.903 l
S
0.835 0.843 0.847 SC
63.503 -2360.21 m
63.503 -2287.903 l
S
0.839 0.847 0.851 SC
63.969 -2360.21 m
63.969 -2287.903 l
S
0.843 0.847 0.855 SC
64.436 -2360.21 m
64.436 -2287.903 l
S
0.847 0.851 0.859 SC
64.902 -2360.21 m
64.902 -2287.903 l
S
0.851 0.855 0.859 SC
65.369 -2360.21 m
65.369 -2287.903 l
S
0.855 0.859 0.863 SC
65.835 -2360.21 m
65.835 -2287.903 l
S
0.855 0.863 0.867 SC
66.302 -2360.21 m
66.302 -2287.903 l
S
0.859 0.863 0.871 SC
66.768 -2360.21 m
66.768 -2287.903 l
S
0.863 0.867 0.875 SC
67.235 -2360.21 m
67.235 -2287.903 l
S
0.867 0.871 0.875 SC
67.701 -2360.21 m
67.701 -2287.903 l
S
0.871 0.875 0.878 SC
68.168 -2360.21 m
68.168 -2287.903 l
S
0.875 0.878 0.882 SC
68.634 -2360.21 m
68.634 -2287.903 l
S
0.875 0.882 0.886 SC
69.101 -2360.21 m
69.101 -2287.903 l
S
0.878 0.882 0.89 SC
69.567 -2360.21 m
69.567 -2287.903 l
S
0.882 0.886 0.89 SC
70.034 -2360.21 m
70.034 -2287.903 l
S
0.886 0.89 0.894 SC
70.5 -2360.21 m
70.5 -2287.903 l
S
0.89 0.894 0.898 SC
70.967 -2360.21 m
70.967 -2287.903 l
S
0.894 0.898 0.902 SC
71.433 -2360.21 m
71.433 -2287.903 l
S
0.898 0.898 0.902 SC
71.9 -2360.21 m
71.9 -2287.903 l
S
0.898 0.902 0.906 SC
72.366 -2360.21 m
72.366 -2287.903 l
S
0.902 0.906 0.91 SC
72.833 -2360.21 m
72.833 -2287.903 l
S
0.906 0.91 0.914 SC
73.299 -2360.21 m
73.299 -2287.903 l
S
0.91 0.914 0.918 SC
73.766 -2360.21 m
73.766 -2287.903 l
S
0.914 0.918 0.922 SC
74.232 -2360.21 m
74.232 -2287.903 l
S
0.918 0.922 0.922 SC
74.699 -2360.21 m
74.699 -2287.903 l
S
0.922 0.922 0.925 SC
75.165 -2360.21 m
75.165 -2287.903 l
S
0.922 0.925 0.929 SC
75.632 -2360.21 m
75.632 -2287.903 l
S
0.925 0.929 0.933 SC
76.098 -2360.21 m
76.098 -2287.903 l
S
0.929 0.933 0.933 SC
76.565 -2360.21 m
76.565 -2287.903 l
S
0.933 0.937 0.937 SC
77.031 -2360.21 m
77.031 -2287.903 l
S
0.937 0.937 0.941 SC
77.498 -2360.21 m
77.498 -2287.903 l
S
0.941 0.941 0.945 SC
77.964 -2360.21 m
77.964 -2287.903 l
S
0.945 0.945 0.949 SC
78.431 -2360.21 m
78.431 -2287.903 l
S
0.945 0.949 0.949 SC
78.897 -2360.21 m
78.897 -2287.903 l
S
0.949 0.953 0.953 SC
79.364 -2360.21 m
79.364 -2287.903 l
S
0.953 0.957 0.957 SC
79.83 -2360.21 m
79.83 -2287.903 l
S
0.957 0.957 0.961 SC
80.297 -2360.21 m
80.297 -2287.903 l
S
0.961 0.961 0.965 SC
80.763 -2360.21 m
80.763 -2287.903 l
S
0.965 0.965 0.969 SC
81.23 -2360.21 m
81.23 -2287.903 l
S
0.969 0.969 0.969 SC
81.696 -2360.21 m
81.696 -2287.903 l
S
0.973 0.973 0.973 SC
82.163 -2360.21 m
82.163 -2287.903 l
S
0.976 0.976 0.976 SC
82.629 -2360.21 m
82.629 -2287.903 l
S
0.98 0.98 0.984 SC
83.096 -2360.21 m
83.096 -2287.903 l
S
0.988 0.988 0.988 SC
83.562 -2360.21 m
83.562 -2287.903 l
S
0.992 0.992 0.992 SC
84.029 -2360.21 m
84.029 -2287.903 l
S
1 1 1 SC
84.495 -2360.21 m
84.495 -2287.903 l
S
Q
Q
q
1 i 
-9 851 613 -860 re
0 841 m
W n
0.03 841.02 595.02 -841.02 re
W n
/Cs5 cs 0.161 0.145 0.149 sc
/GS1 gs
0.03 841.02 35.4 -6.11 re
f
/Cs5 CS 0.161 0.145 0.149 SC
0 J 0 j 0.3 w 10 M []0 d
28.347 841.076 m
28.347 805.006 l
S
286.3 22.8 22.68 -22.8 re
f
BT
/F4 1 Tf
10 0 0 10 289.2992 7.7671 Tm
1 1 1 sc
-0.0002 Tc
0 Tw
(620)Tj
/F2 1 Tf
7 0 0 7 35.4331 17.5374 Tm
0.161 0.145 0.149 sc
-0.0001 Tc
-0.0306 Tw
[(Swissmedic Jour)-17.9(nal)-1111.9(9/2002)]TJ
ET
Q
q
1 i 
61.03 793.07 505.9 -742.05 re
121.683 17.537 m
W* n
-9 851 613 -860 re
0 841 m
W n
0.03 841.02 595.02 -841.02 re
W n
/GS1 gs
q
495.0001 0 0 732.5639 63.03 56.6201 cm
/Im34 Do
Q
Q

q
1 i 
-9 851 613 -860 re
0 841 m
W n
0.03 841.02 595.02 -841.02 re
W n
BT
/F6 1 Tf
12.5 0 0 12.5 470.5056 811.7825 Tm
/Cs5 cs 0.161 0.145 0.149 sc
/GS1 gs
-0.0001 Tc
0 Tw
(Réglementation)Tj
ET
/Cs5 CS 0.161 0.145 0.149 SC
0 J 0 j 0.3 w 10 M []0 d
42.8 805.15 m
567.2 805.15 l
S
Q
q
1 i 
361.69 850.5 198.43 -24.09 re
560.098 811.782 m
W* n
-9 851 613 -860 re
0 841 m
W n
0.03 841.02 595.02 -841.02 re
W n
q
2.7718 0 0 -0.3608 0 0 cm
/Cs5 CS 1 1 1 SC
0 J 0 j 0.5 w 10 M []0 d
/GS1 gs
130.36 -2360.21 m
130.36 -2287.903 l
S
0.992 0.992 0.992 SC
130.827 -2360.21 m
130.827 -2287.903 l
S
0.988 0.988 0.988 SC
131.293 -2360.21 m
131.293 -2287.903 l
S
0.98 0.98 0.984 SC
131.76 -2360.21 m
131.76 -2287.903 l
S
0.976 0.976 0.976 SC
132.226 -2360.21 m
132.226 -2287.903 l
S
0.973 0.973 0.973 SC
132.693 -2360.21 m
132.693 -2287.903 l
S
0.969 0.969 0.969 SC
133.159 -2360.21 m
133.159 -2287.903 l
S
0.965 0.965 0.969 SC
133.626 -2360.21 m
133.626 -2287.903 l
S
0.961 0.961 0.965 SC
134.092 -2360.21 m
134.092 -2287.903 l
S
0.957 0.957 0.961 SC
134.559 -2360.21 m
134.559 -2287.903 l
S
0.953 0.957 0.957 SC
135.025 -2360.21 m
135.025 -2287.903 l
S
0.949 0.953 0.953 SC
135.492 -2360.21 m
135.492 -2287.903 l
S
0.945 0.949 0.949 SC
135.958 -2360.21 m
135.958 -2287.903 l
S
0.945 0.945 0.949 SC
136.425 -2360.21 m
136.425 -2287.903 l
S
0.941 0.941 0.945 SC
136.891 -2360.21 m
136.891 -2287.903 l
S
0.937 0.937 0.941 SC
137.358 -2360.21 m
137.358 -2287.903 l
S
0.933 0.937 0.937 SC
137.824 -2360.21 m
137.824 -2287.903 l
S
0.929 0.933 0.933 SC
138.291 -2360.21 m
138.291 -2287.903 l
S
0.925 0.929 0.933 SC
138.757 -2360.21 m
138.757 -2287.903 l
S
0.922 0.925 0.929 SC
139.224 -2360.21 m
139.224 -2287.903 l
S
0.922 0.922 0.925 SC
139.69 -2360.21 m
139.69 -2287.903 l
S
0.918 0.922 0.922 SC
140.157 -2360.21 m
140.157 -2287.903 l
S
0.914 0.918 0.922 SC
140.623 -2360.21 m
140.623 -2287.903 l
S
0.91 0.914 0.918 SC
141.09 -2360.21 m
141.09 -2287.903 l
S
0.906 0.91 0.914 SC
141.556 -2360.21 m
141.556 -2287.903 l
S
0.902 0.906 0.91 SC
142.023 -2360.21 m
142.023 -2287.903 l
S
0.898 0.902 0.906 SC
142.489 -2360.21 m
142.489 -2287.903 l
S
0.898 0.898 0.902 SC
142.956 -2360.21 m
142.956 -2287.903 l
S
0.894 0.898 0.902 SC
143.422 -2360.21 m
143.422 -2287.903 l
S
0.89 0.894 0.898 SC
143.889 -2360.21 m
143.889 -2287.903 l
S
0.886 0.89 0.894 SC
144.355 -2360.21 m
144.355 -2287.903 l
S
0.882 0.886 0.89 SC
144.822 -2360.21 m
144.822 -2287.903 l
S
0.878 0.882 0.89 SC
145.288 -2360.21 m
145.288 -2287.903 l
S
0.875 0.882 0.886 SC
145.755 -2360.21 m
145.755 -2287.903 l
S
0.875 0.878 0.882 SC
146.221 -2360.21 m
146.221 -2287.903 l
S
0.871 0.875 0.878 SC
146.688 -2360.21 m
146.688 -2287.903 l
S
0.867 0.871 0.875 SC
147.154 -2360.21 m
147.154 -2287.903 l
S
0.863 0.867 0.875 SC
147.621 -2360.21 m
147.621 -2287.903 l
S
0.859 0.863 0.871 SC
148.087 -2360.21 m
148.087 -2287.903 l
S
0.855 0.863 0.867 SC
148.554 -2360.21 m
148.554 -2287.903 l
S
0.855 0.859 0.863 SC
149.02 -2360.21 m
149.02 -2287.903 l
S
0.851 0.855 0.859 SC
149.487 -2360.21 m
149.487 -2287.903 l
S
0.847 0.851 0.859 SC
149.953 -2360.21 m
149.953 -2287.903 l
S
0.843 0.847 0.855 SC
150.42 -2360.21 m
150.42 -2287.903 l
S
0.839 0.847 0.851 SC
150.886 -2360.21 m
150.886 -2287.903 l
S
0.835 0.843 0.847 SC
151.353 -2360.21 m
151.353 -2287.903 l
S
0.835 0.839 0.843 SC
151.819 -2360.21 m
151.819 -2287.903 l
S
0.831 0.835 0.843 SC
152.286 -2360.21 m
152.286 -2287.903 l
S
0.827 0.831 0.839 SC
152.752 -2360.21 m
152.752 -2287.903 l
S
0.824 0.831 0.835 SC
153.219 -2360.21 m
153.219 -2287.903 l
S
0.82 0.827 0.831 SC
153.685 -2360.21 m
153.685 -2287.903 l
S
0.816 0.824 0.831 SC
154.152 -2360.21 m
154.152 -2287.903 l
S
0.816 0.82 0.827 SC
154.618 -2360.21 m
154.618 -2287.903 l
S
0.812 0.816 0.824 SC
155.085 -2360.21 m
155.085 -2287.903 l
S
0.808 0.812 0.82 SC
155.551 -2360.21 m
155.551 -2287.903 l
S
0.804 0.812 0.816 SC
156.018 -2360.21 m
156.018 -2287.903 l
S
0.8 0.808 0.816 SC
156.484 -2360.21 m
156.484 -2287.903 l
S
0.796 0.804 0.812 SC
156.951 -2360.21 m
156.951 -2287.903 l
S
0.796 0.8 0.808 SC
157.417 -2360.21 m
157.417 -2287.903 l
S
0.792 0.796 0.804 SC
157.884 -2360.21 m
157.884 -2287.903 l
S
0.788 0.796 0.8 SC
158.35 -2360.21 m
158.35 -2287.903 l
S
0.784 0.792 0.8 SC
158.817 -2360.21 m
158.817 -2287.903 l
S
0.78 0.788 0.796 SC
159.283 -2360.21 m
159.283 -2287.903 l
S
0.776 0.784 0.792 SC
159.75 -2360.21 m
159.75 -2287.903 l
S
0.776 0.78 0.788 SC
160.216 -2360.21 m
160.216 -2287.903 l
S
0.773 0.776 0.784 SC
160.683 -2360.21 m
160.683 -2287.903 l
S
0.769 0.776 0.784 SC
161.149 -2360.21 m
161.149 -2287.903 l
S
0.765 0.773 0.78 SC
161.616 -2360.21 m
161.616 -2287.903 l
S
0.761 0.769 0.776 SC
162.082 -2360.21 m
162.082 -2287.903 l
S
0.757 0.765 0.773 SC
162.549 -2360.21 m
162.549 -2287.903 l
S
0.753 0.761 0.769 SC
163.015 -2360.21 m
163.015 -2287.903 l
163.482 -2360.21 m
163.482 -2287.903 l
S
0.749 0.757 0.765 SC
163.948 -2360.21 m
163.948 -2287.903 l
S
0.745 0.753 0.761 SC
164.415 -2360.21 m
164.415 -2287.903 l
S
0.741 0.749 0.757 SC
164.881 -2360.21 m
164.881 -2287.903 l
S
0.737 0.745 0.753 SC
165.348 -2360.21 m
165.348 -2287.903 l
S
0.733 0.741 0.753 SC
165.814 -2360.21 m
165.814 -2287.903 l
S
0.733 0.741 0.749 SC
166.281 -2360.21 m
166.281 -2287.903 l
166.747 -2360.21 m
166.747 -2287.903 l
S
0.729 0.737 0.745 SC
167.214 -2360.21 m
167.214 -2287.903 l
S
0.725 0.733 0.741 SC
167.68 -2360.21 m
167.68 -2287.903 l
S
0.722 0.729 0.737 SC
168.147 -2360.21 m
168.147 -2287.903 l
S
0.718 0.725 0.737 SC
168.613 -2360.21 m
168.613 -2287.903 l
S
0.714 0.722 0.733 SC
169.08 -2360.21 m
169.08 -2287.903 l
S
0.714 0.722 0.729 SC
169.546 -2360.21 m
169.546 -2287.903 l
S
0.71 0.718 0.725 SC
170.013 -2360.21 m
170.013 -2287.903 l
S
0.706 0.714 0.722 SC
170.479 -2360.21 m
170.479 -2287.903 l
S
0.702 0.71 0.722 SC
170.946 -2360.21 m
170.946 -2287.903 l
S
0.698 0.706 0.718 SC
171.412 -2360.21 m
171.412 -2287.903 l
S
0.698 0.706 0.714 SC
171.879 -2360.21 m
171.879 -2287.903 l
S
0.694 0.702 0.71 SC
172.345 -2360.21 m
172.345 -2287.903 l
S
0.69 0.698 0.706 SC
172.812 -2360.21 m
172.812 -2287.903 l
S
0.686 0.694 0.706 SC
173.278 -2360.21 m
173.278 -2287.903 l
S
0.682 0.69 0.702 SC
173.745 -2360.21 m
173.745 -2287.903 l
S
0.682 0.69 0.698 SC
174.211 -2360.21 m
174.211 -2287.903 l
S
0.678 0.686 0.694 SC
174.678 -2360.21 m
174.678 -2287.903 l
S
0.675 0.682 0.69 SC
175.144 -2360.21 m
175.144 -2287.903 l
S
0.671 0.678 0.69 SC
175.611 -2360.21 m
175.611 -2287.903 l
S
0.667 0.675 0.686 SC
176.077 -2360.21 m
176.077 -2287.903 l
S
0.663 0.675 0.682 SC
176.544 -2360.21 m
176.544 -2287.903 l
S
0.663 0.671 0.678 SC
177.01 -2360.21 m
177.01 -2287.903 l
S
0.659 0.667 0.678 SC
177.477 -2360.21 m
177.477 -2287.903 l
S
0.655 0.663 0.675 SC
177.943 -2360.21 m
177.943 -2287.903 l
S
0.651 0.659 0.671 SC
178.41 -2360.21 m
178.41 -2287.903 l
S
0.651 0.659 0.667 SC
178.876 -2360.21 m
178.876 -2287.903 l
S
0.647 0.655 0.663 SC
179.343 -2360.21 m
179.343 -2287.903 l
S
0.643 0.651 0.663 SC
179.809 -2360.21 m
179.809 -2287.903 l
S
0.639 0.647 0.659 SC
180.276 -2360.21 m
180.276 -2287.903 l
S
0.635 0.643 0.655 SC
180.742 -2360.21 m
180.742 -2287.903 l
S
0.635 0.643 0.651 SC
181.209 -2360.21 m
181.209 -2287.903 l
S
0.631 0.639 0.647 SC
181.675 -2360.21 m
181.675 -2287.903 l
S
0.627 0.635 0.647 SC
182.142 -2360.21 m
182.142 -2287.903 l
S
0.624 0.631 0.643 SC
182.608 -2360.21 m
182.608 -2287.903 l
S
0.62 0.631 0.639 SC
183.075 -2360.21 m
183.075 -2287.903 l
S
0.62 0.627 0.635 SC
183.541 -2360.21 m
183.541 -2287.903 l
S
0.616 0.624 0.635 SC
184.008 -2360.21 m
184.008 -2287.903 l
S
0.612 0.62 0.631 SC
184.474 -2360.21 m
184.474 -2287.903 l
S
0.608 0.616 0.627 SC
184.941 -2360.21 m
184.941 -2287.903 l
S
0.608 0.616 0.624 SC
185.407 -2360.21 m
185.407 -2287.903 l
S
0.604 0.612 0.624 SC
185.874 -2360.21 m
185.874 -2287.903 l
S
0.6 0.608 0.62 SC
186.34 -2360.21 m
186.34 -2287.903 l
S
0.596 0.604 0.616 SC
186.806 -2360.21 m
186.806 -2287.903 l
S
0.596 0.604 0.612 SC
187.273 -2360.21 m
187.273 -2287.903 l
S
0.592 0.6 0.608 SC
187.739 -2360.21 m
187.739 -2287.903 l
S
0.588 0.596 0.608 SC
188.206 -2360.21 m
188.206 -2287.903 l
S
0.584 0.592 0.604 SC
188.672 -2360.21 m
188.672 -2287.903 l
S
0.584 0.592 0.6 SC
189.139 -2360.21 m
189.139 -2287.903 l
S
0.58 0.588 0.596 SC
189.605 -2360.21 m
189.605 -2287.903 l
S
0.576 0.584 0.596 SC
190.072 -2360.21 m
190.072 -2287.903 l
S
0.573 0.58 0.592 SC
190.538 -2360.21 m
190.538 -2287.903 l
S
0.573 0.58 0.588 SC
191.005 -2360.21 m
191.005 -2287.903 l
S
0.569 0.576 0.588 SC
191.471 -2360.21 m
191.471 -2287.903 l
S
0.565 0.573 0.584 SC
191.938 -2360.21 m
191.938 -2287.903 l
S
0.561 0.569 0.58 SC
192.404 -2360.21 m
192.404 -2287.903 l
S
0.561 0.569 0.576 SC
192.871 -2360.21 m
192.871 -2287.903 l
S
0.557 0.565 0.576 SC
193.337 -2360.21 m
193.337 -2287.903 l
S
0.553 0.561 0.573 SC
193.804 -2360.21 m
193.804 -2287.903 l
S
0.549 0.557 0.569 SC
194.27 -2360.21 m
194.27 -2287.903 l
S
0.549 0.557 0.565 SC
194.737 -2360.21 m
194.737 -2287.903 l
S
0.545 0.553 0.565 SC
195.203 -2360.21 m
195.203 -2287.903 l
S
0.541 0.549 0.561 SC
195.67 -2360.21 m
195.67 -2287.903 l
S
0.537 0.545 0.557 SC
196.136 -2360.21 m
196.136 -2287.903 l
S
0.537 0.545 0.553 SC
196.603 -2360.21 m
196.603 -2287.903 l
S
0.533 0.541 0.553 SC
197.069 -2360.21 m
197.069 -2287.903 l
S
0.529 0.537 0.549 SC
197.536 -2360.21 m
197.536 -2287.903 l
S
0.529 0.533 0.545 SC
198.002 -2360.21 m
198.002 -2287.903 l
S
0.525 0.533 0.541 SC
198.469 -2360.21 m
198.469 -2287.903 l
S
0.522 0.529 0.541 SC
198.935 -2360.21 m
198.935 -2287.903 l
S
0.518 0.525 0.537 SC
199.402 -2360.21 m
199.402 -2287.903 l
S
0.518 0.525 0.533 SC
199.868 -2360.21 m
199.868 -2287.903 l
S
0.514 0.522 0.529 SC
200.335 -2360.21 m
200.335 -2287.903 l
S
0.51 0.518 0.529 SC
200.801 -2360.21 m
200.801 -2287.903 l
S
0.51 0.514 0.525 SC
201.268 -2360.21 m
201.268 -2287.903 l
S
0.506 0.514 0.522 SC
201.734 -2360.21 m
201.734 -2287.903 l
S
0.502 0.51 0.518 SC
202.201 -2360.21 m
202.201 -2287.903 l
S
Q
Q
q
1 i 
-9 851 613 -860 re
0 841 m
W n
0.03 841.02 595.02 -841.02 re
W n
/Cs5 cs 0.161 0.145 0.149 sc
/GS1 gs
560.12 841.02 34.93 -6.11 re
f
/Cs5 CS 0.161 0.145 0.149 SC
0 J 0 j 0.3 w 10 M []0 d
567.202 840.678 m
567.202 804.948 l
S
286.57 22.8 22.68 -22.8 re
f
BT
/F4 1 Tf
10 0 0 10 289.5747 7.7671 Tm
1 1 1 sc
-0.0002 Tc
0 Tw
(621)Tj
/F2 1 Tf
7 0 0 7 473.8676 17.5374 Tm
0.161 0.145 0.149 sc
-0.0001 Tc
-0.0306 Tw
[(Swissmedic Jour)-17.9(nal)-1111.9(9/2002)]TJ
ET
Q
q
1 i 
30.93 790.29 509.77 -726.4 re
560.117 17.537 m
W* n
-9 851 613 -860 re
0 841 m
W n
0.03 841.02 595.02 -841.02 re
W n
/GS1 gs
q
501 0 0 567.4464 35.93 227.34 cm
/Im35 Do
Q
Q

q
1 i 
-9 851 613 -860 re
0 841 m
W n
0.03 841.02 595.02 -841.02 re
W n
BT
/F6 1 Tf
12.5 0 0 12.5 34.4488 811.7822 Tm
/Cs5 cs 0.161 0.145 0.149 sc
/GS1 gs
-0.0001 Tc
0 Tw
(Réglementation)Tj
ET
/Cs5 CS 0.161 0.145 0.149 SC
0 J 0 j 0.3 w 10 M []0 d
28.35 805.15 m
552.76 805.15 l
S
Q
q
1 i 
35.43 850.5 198.43 -24.09 re
124.041 811.782 m
W* n
-9 851 613 -860 re
0 841 m
W n
0.03 841.02 595.02 -841.02 re
W n
q
2.7718 0 0 -0.3608 0 0 cm
/Cs5 CS 0.502 0.51 0.518 SC
0 J 0 j 0.5 w 10 M []0 d
/GS1 gs
12.655 -2360.21 m
12.655 -2287.903 l
S
0.506 0.514 0.522 SC
13.121 -2360.21 m
13.121 -2287.903 l
S
0.51 0.514 0.525 SC
13.588 -2360.21 m
13.588 -2287.903 l
S
0.51 0.518 0.529 SC
14.054 -2360.21 m
14.054 -2287.903 l
S
0.514 0.522 0.529 SC
14.521 -2360.21 m
14.521 -2287.903 l
S
0.518 0.525 0.533 SC
14.987 -2360.21 m
14.987 -2287.903 l
S
0.518 0.525 0.537 SC
15.454 -2360.21 m
15.454 -2287.903 l
S
0.522 0.529 0.541 SC
15.92 -2360.21 m
15.92 -2287.903 l
S
0.525 0.533 0.541 SC
16.387 -2360.21 m
16.387 -2287.903 l
S
0.529 0.533 0.545 SC
16.853 -2360.21 m
16.853 -2287.903 l
S
0.529 0.537 0.549 SC
17.32 -2360.21 m
17.32 -2287.903 l
S
0.533 0.541 0.553 SC
17.786 -2360.21 m
17.786 -2287.903 l
S
0.537 0.545 0.553 SC
18.253 -2360.21 m
18.253 -2287.903 l
S
0.537 0.545 0.557 SC
18.719 -2360.21 m
18.719 -2287.903 l
S
0.541 0.549 0.561 SC
19.186 -2360.21 m
19.186 -2287.903 l
S
0.545 0.553 0.565 SC
19.652 -2360.21 m
19.652 -2287.903 l
S
0.549 0.557 0.565 SC
20.119 -2360.21 m
20.119 -2287.903 l
S
0.549 0.557 0.569 SC
20.585 -2360.21 m
20.585 -2287.903 l
S
0.553 0.561 0.573 SC
21.052 -2360.21 m
21.052 -2287.903 l
S
0.557 0.565 0.576 SC
21.518 -2360.21 m
21.518 -2287.903 l
S
0.561 0.569 0.576 SC
21.985 -2360.21 m
21.985 -2287.903 l
S
0.561 0.569 0.58 SC
22.451 -2360.21 m
22.451 -2287.903 l
S
0.565 0.573 0.584 SC
22.918 -2360.21 m
22.918 -2287.903 l
S
0.569 0.576 0.588 SC
23.384 -2360.21 m
23.384 -2287.903 l
S
0.573 0.58 0.588 SC
23.851 -2360.21 m
23.851 -2287.903 l
S
0.573 0.58 0.592 SC
24.317 -2360.21 m
24.317 -2287.903 l
S
0.576 0.584 0.596 SC
24.784 -2360.21 m
24.784 -2287.903 l
S
0.58 0.588 0.596 SC
25.25 -2360.21 m
25.25 -2287.903 l
S
0.584 0.592 0.6 SC
25.717 -2360.21 m
25.717 -2287.903 l
S
0.584 0.592 0.604 SC
26.183 -2360.21 m
26.183 -2287.903 l
S
0.588 0.596 0.608 SC
26.65 -2360.21 m
26.65 -2287.903 l
S
0.592 0.6 0.608 SC
27.116 -2360.21 m
27.116 -2287.903 l
S
0.596 0.604 0.612 SC
27.583 -2360.21 m
27.583 -2287.903 l
S
0.596 0.604 0.616 SC
28.049 -2360.21 m
28.049 -2287.903 l
S
0.6 0.608 0.62 SC
28.516 -2360.21 m
28.516 -2287.903 l
S
0.604 0.612 0.624 SC
28.982 -2360.21 m
28.982 -2287.903 l
S
0.608 0.616 0.624 SC
29.449 -2360.21 m
29.449 -2287.903 l
S
0.608 0.616 0.627 SC
29.915 -2360.21 m
29.915 -2287.903 l
S
0.612 0.62 0.631 SC
30.382 -2360.21 m
30.382 -2287.903 l
S
0.616 0.624 0.635 SC
30.848 -2360.21 m
30.848 -2287.903 l
S
0.62 0.627 0.635 SC
31.315 -2360.21 m
31.315 -2287.903 l
S
0.62 0.631 0.639 SC
31.781 -2360.21 m
31.781 -2287.903 l
S
0.624 0.631 0.643 SC
32.248 -2360.21 m
32.248 -2287.903 l
S
0.627 0.635 0.647 SC
32.714 -2360.21 m
32.714 -2287.903 l
S
0.631 0.639 0.647 SC
33.181 -2360.21 m
33.181 -2287.903 l
S
0.635 0.643 0.651 SC
33.647 -2360.21 m
33.647 -2287.903 l
S
0.635 0.643 0.655 SC
34.113 -2360.21 m
34.113 -2287.903 l
S
0.639 0.647 0.659 SC
34.58 -2360.21 m
34.58 -2287.903 l
S
0.643 0.651 0.663 SC
35.046 -2360.21 m
35.046 -2287.903 l
S
0.647 0.655 0.663 SC
35.513 -2360.21 m
35.513 -2287.903 l
S
0.651 0.659 0.667 SC
35.979 -2360.21 m
35.979 -2287.903 l
S
0.651 0.659 0.671 SC
36.446 -2360.21 m
36.446 -2287.903 l
S
0.655 0.663 0.675 SC
36.912 -2360.21 m
36.912 -2287.903 l
S
0.659 0.667 0.678 SC
37.379 -2360.21 m
37.379 -2287.903 l
S
0.663 0.671 0.678 SC
37.845 -2360.21 m
37.845 -2287.903 l
S
0.663 0.675 0.682 SC
38.312 -2360.21 m
38.312 -2287.903 l
S
0.667 0.675 0.686 SC
38.778 -2360.21 m
38.778 -2287.903 l
S
0.671 0.678 0.69 SC
39.245 -2360.21 m
39.245 -2287.903 l
S
0.675 0.682 0.69 SC
39.711 -2360.21 m
39.711 -2287.903 l
S
0.678 0.686 0.694 SC
40.178 -2360.21 m
40.178 -2287.903 l
S
0.682 0.69 0.698 SC
40.644 -2360.21 m
40.644 -2287.903 l
S
0.682 0.69 0.702 SC
41.111 -2360.21 m
41.111 -2287.903 l
S
0.686 0.694 0.706 SC
41.577 -2360.21 m
41.577 -2287.903 l
S
0.69 0.698 0.706 SC
42.044 -2360.21 m
42.044 -2287.903 l
S
0.694 0.702 0.71 SC
42.51 -2360.21 m
42.51 -2287.903 l
S
0.698 0.706 0.714 SC
42.977 -2360.21 m
42.977 -2287.903 l
S
0.698 0.706 0.718 SC
43.443 -2360.21 m
43.443 -2287.903 l
S
0.702 0.71 0.722 SC
43.91 -2360.21 m
43.91 -2287.903 l
S
0.706 0.714 0.722 SC
44.376 -2360.21 m
44.376 -2287.903 l
S
0.71 0.718 0.725 SC
44.843 -2360.21 m
44.843 -2287.903 l
S
0.714 0.722 0.729 SC
45.309 -2360.21 m
45.309 -2287.903 l
S
0.714 0.722 0.733 SC
45.776 -2360.21 m
45.776 -2287.903 l
S
0.718 0.725 0.737 SC
46.242 -2360.21 m
46.242 -2287.903 l
S
0.722 0.729 0.737 SC
46.709 -2360.21 m
46.709 -2287.903 l
S
0.725 0.733 0.741 SC
47.175 -2360.21 m
47.175 -2287.903 l
S
0.729 0.737 0.745 SC
47.642 -2360.21 m
47.642 -2287.903 l
S
0.733 0.741 0.749 SC
48.108 -2360.21 m
48.108 -2287.903 l
S
0.733 0.741 0.753 SC
48.575 -2360.21 m
48.575 -2287.903 l
49.041 -2360.21 m
49.041 -2287.903 l
S
0.737 0.745 0.753 SC
49.508 -2360.21 m
49.508 -2287.903 l
S
0.741 0.749 0.757 SC
49.974 -2360.21 m
49.974 -2287.903 l
S
0.745 0.753 0.761 SC
50.441 -2360.21 m
50.441 -2287.903 l
S
0.749 0.757 0.765 SC
50.907 -2360.21 m
50.907 -2287.903 l
S
0.753 0.761 0.769 SC
51.374 -2360.21 m
51.374 -2287.903 l
51.84 -2360.21 m
51.84 -2287.903 l
S
0.757 0.765 0.773 SC
52.307 -2360.21 m
52.307 -2287.903 l
S
0.761 0.769 0.776 SC
52.773 -2360.21 m
52.773 -2287.903 l
S
0.765 0.773 0.78 SC
53.24 -2360.21 m
53.24 -2287.903 l
S
0.769 0.776 0.784 SC
53.706 -2360.21 m
53.706 -2287.903 l
S
0.773 0.776 0.784 SC
54.173 -2360.21 m
54.173 -2287.903 l
S
0.776 0.78 0.788 SC
54.639 -2360.21 m
54.639 -2287.903 l
S
0.776 0.784 0.792 SC
55.106 -2360.21 m
55.106 -2287.903 l
S
0.78 0.788 0.796 SC
55.572 -2360.21 m
55.572 -2287.903 l
S
0.784 0.792 0.8 SC
56.039 -2360.21 m
56.039 -2287.903 l
S
0.788 0.796 0.8 SC
56.505 -2360.21 m
56.505 -2287.903 l
S
0.792 0.796 0.804 SC
56.972 -2360.21 m
56.972 -2287.903 l
S
0.796 0.8 0.808 SC
57.438 -2360.21 m
57.438 -2287.903 l
S
0.796 0.804 0.812 SC
57.905 -2360.21 m
57.905 -2287.903 l
S
0.8 0.808 0.816 SC
58.371 -2360.21 m
58.371 -2287.903 l
S
0.804 0.812 0.816 SC
58.838 -2360.21 m
58.838 -2287.903 l
S
0.808 0.812 0.82 SC
59.304 -2360.21 m
59.304 -2287.903 l
S
0.812 0.816 0.824 SC
59.771 -2360.21 m
59.771 -2287.903 l
S
0.816 0.82 0.827 SC
60.237 -2360.21 m
60.237 -2287.903 l
S
0.816 0.824 0.831 SC
60.704 -2360.21 m
60.704 -2287.903 l
S
0.82 0.827 0.831 SC
61.17 -2360.21 m
61.17 -2287.903 l
S
0.824 0.831 0.835 SC
61.637 -2360.21 m
61.637 -2287.903 l
S
0.827 0.831 0.839 SC
62.103 -2360.21 m
62.103 -2287.903 l
S
0.831 0.835 0.843 SC
62.57 -2360.21 m
62.57 -2287.903 l
S
0.835 0.839 0.843 SC
63.036 -2360.21 m
63.036 -2287.903 l
S
0.835 0.843 0.847 SC
63.503 -2360.21 m
63.503 -2287.903 l
S
0.839 0.847 0.851 SC
63.969 -2360.21 m
63.969 -2287.903 l
S
0.843 0.847 0.855 SC
64.436 -2360.21 m
64.436 -2287.903 l
S
0.847 0.851 0.859 SC
64.902 -2360.21 m
64.902 -2287.903 l
S
0.851 0.855 0.859 SC
65.369 -2360.21 m
65.369 -2287.903 l
S
0.855 0.859 0.863 SC
65.835 -2360.21 m
65.835 -2287.903 l
S
0.855 0.863 0.867 SC
66.302 -2360.21 m
66.302 -2287.903 l
S
0.859 0.863 0.871 SC
66.768 -2360.21 m
66.768 -2287.903 l
S
0.863 0.867 0.875 SC
67.235 -2360.21 m
67.235 -2287.903 l
S
0.867 0.871 0.875 SC
67.701 -2360.21 m
67.701 -2287.903 l
S
0.871 0.875 0.878 SC
68.168 -2360.21 m
68.168 -2287.903 l
S
0.875 0.878 0.882 SC
68.634 -2360.21 m
68.634 -2287.903 l
S
0.875 0.882 0.886 SC
69.101 -2360.21 m
69.101 -2287.903 l
S
0.878 0.882 0.89 SC
69.567 -2360.21 m
69.567 -2287.903 l
S
0.882 0.886 0.89 SC
70.034 -2360.21 m
70.034 -2287.903 l
S
0.886 0.89 0.894 SC
70.5 -2360.21 m
70.5 -2287.903 l
S
0.89 0.894 0.898 SC
70.967 -2360.21 m
70.967 -2287.903 l
S
0.894 0.898 0.902 SC
71.433 -2360.21 m
71.433 -2287.903 l
S
0.898 0.898 0.902 SC
71.9 -2360.21 m
71.9 -2287.903 l
S
0.898 0.902 0.906 SC
72.366 -2360.21 m
72.366 -2287.903 l
S
0.902 0.906 0.91 SC
72.833 -2360.21 m
72.833 -2287.903 l
S
0.906 0.91 0.914 SC
73.299 -2360.21 m
73.299 -2287.903 l
S
0.91 0.914 0.918 SC
73.766 -2360.21 m
73.766 -2287.903 l
S
0.914 0.918 0.922 SC
74.232 -2360.21 m
74.232 -2287.903 l
S
0.918 0.922 0.922 SC
74.699 -2360.21 m
74.699 -2287.903 l
S
0.922 0.922 0.925 SC
75.165 -2360.21 m
75.165 -2287.903 l
S
0.922 0.925 0.929 SC
75.632 -2360.21 m
75.632 -2287.903 l
S
0.925 0.929 0.933 SC
76.098 -2360.21 m
76.098 -2287.903 l
S
0.929 0.933 0.933 SC
76.565 -2360.21 m
76.565 -2287.903 l
S
0.933 0.937 0.937 SC
77.031 -2360.21 m
77.031 -2287.903 l
S
0.937 0.937 0.941 SC
77.498 -2360.21 m
77.498 -2287.903 l
S
0.941 0.941 0.945 SC
77.964 -2360.21 m
77.964 -2287.903 l
S
0.945 0.945 0.949 SC
78.431 -2360.21 m
78.431 -2287.903 l
S
0.945 0.949 0.949 SC
78.897 -2360.21 m
78.897 -2287.903 l
S
0.949 0.953 0.953 SC
79.364 -2360.21 m
79.364 -2287.903 l
S
0.953 0.957 0.957 SC
79.83 -2360.21 m
79.83 -2287.903 l
S
0.957 0.957 0.961 SC
80.297 -2360.21 m
80.297 -2287.903 l
S
0.961 0.961 0.965 SC
80.763 -2360.21 m
80.763 -2287.903 l
S
0.965 0.965 0.969 SC
81.23 -2360.21 m
81.23 -2287.903 l
S
0.969 0.969 0.969 SC
81.696 -2360.21 m
81.696 -2287.903 l
S
0.973 0.973 0.973 SC
82.163 -2360.21 m
82.163 -2287.903 l
S
0.976 0.976 0.976 SC
82.629 -2360.21 m
82.629 -2287.903 l
S
0.98 0.98 0.984 SC
83.096 -2360.21 m
83.096 -2287.903 l
S
0.988 0.988 0.988 SC
83.562 -2360.21 m
83.562 -2287.903 l
S
0.992 0.992 0.992 SC
84.029 -2360.21 m
84.029 -2287.903 l
S
1 1 1 SC
84.495 -2360.21 m
84.495 -2287.903 l
S
Q
Q
q
1 i 
-9 851 613 -860 re
0 841 m
W n
0.03 841.02 595.02 -841.02 re
W n
/Cs5 cs 0.161 0.145 0.149 sc
/GS1 gs
0.03 841.02 35.4 -6.11 re
f
/Cs5 CS 0.161 0.145 0.149 SC
0 J 0 j 0.3 w 10 M []0 d
28.347 841.076 m
28.347 805.006 l
S
286.3 22.8 22.68 -22.8 re
f
BT
/F4 1 Tf
10 0 0 10 289.2992 7.7671 Tm
1 1 1 sc
-0.0002 Tc
0 Tw
(622)Tj
/F2 1 Tf
7 0 0 7 35.4331 17.5374 Tm
0.161 0.145 0.149 sc
-0.0001 Tc
-0.0306 Tw
[(Swissmedic Jour)-17.9(nal)-1111.9(9/2002)]TJ
ET
Q
q
1 i 
57.13 794.46 511.39 -759.96 re
121.683 17.537 m
W* n
-9 851 613 -860 re
0 841 m
W n
0.03 841.02 595.02 -841.02 re
W n
/GS1 gs
q
503.0001 0 0 730.3752 59.13 58.91 cm
/Im36 Do
Q
Q

q
1 i 
-9 851 613 -860 re
0 841 m
W n
0.03 841.02 595.02 -841.02 re
W n
BT
/F6 1 Tf
12.5 0 0 12.5 470.5056 811.7825 Tm
/Cs5 cs 0.161 0.145 0.149 sc
/GS1 gs
-0.0001 Tc
0 Tw
(Réglementation)Tj
ET
/Cs5 CS 0.161 0.145 0.149 SC
0 J 0 j 0.3 w 10 M []0 d
42.8 805.15 m
567.2 805.15 l
S
Q
q
1 i 
361.69 850.5 198.43 -24.09 re
560.098 811.782 m
W* n
-9 851 613 -860 re
0 841 m
W n
0.03 841.02 595.02 -841.02 re
W n
q
2.7718 0 0 -0.3608 0 0 cm
/Cs5 CS 1 1 1 SC
0 J 0 j 0.5 w 10 M []0 d
/GS1 gs
130.36 -2360.21 m
130.36 -2287.903 l
S
0.992 0.992 0.992 SC
130.827 -2360.21 m
130.827 -2287.903 l
S
0.988 0.988 0.988 SC
131.293 -2360.21 m
131.293 -2287.903 l
S
0.98 0.98 0.984 SC
131.76 -2360.21 m
131.76 -2287.903 l
S
0.976 0.976 0.976 SC
132.226 -2360.21 m
132.226 -2287.903 l
S
0.973 0.973 0.973 SC
132.693 -2360.21 m
132.693 -2287.903 l
S
0.969 0.969 0.969 SC
133.159 -2360.21 m
133.159 -2287.903 l
S
0.965 0.965 0.969 SC
133.626 -2360.21 m
133.626 -2287.903 l
S
0.961 0.961 0.965 SC
134.092 -2360.21 m
134.092 -2287.903 l
S
0.957 0.957 0.961 SC
134.559 -2360.21 m
134.559 -2287.903 l
S
0.953 0.957 0.957 SC
135.025 -2360.21 m
135.025 -2287.903 l
S
0.949 0.953 0.953 SC
135.492 -2360.21 m
135.492 -2287.903 l
S
0.945 0.949 0.949 SC
135.958 -2360.21 m
135.958 -2287.903 l
S
0.945 0.945 0.949 SC
136.425 -2360.21 m
136.425 -2287.903 l
S
0.941 0.941 0.945 SC
136.891 -2360.21 m
136.891 -2287.903 l
S
0.937 0.937 0.941 SC
137.358 -2360.21 m
137.358 -2287.903 l
S
0.933 0.937 0.937 SC
137.824 -2360.21 m
137.824 -2287.903 l
S
0.929 0.933 0.933 SC
138.291 -2360.21 m
138.291 -2287.903 l
S
0.925 0.929 0.933 SC
138.757 -2360.21 m
138.757 -2287.903 l
S
0.922 0.925 0.929 SC
139.224 -2360.21 m
139.224 -2287.903 l
S
0.922 0.922 0.925 SC
139.69 -2360.21 m
139.69 -2287.903 l
S
0.918 0.922 0.922 SC
140.157 -2360.21 m
140.157 -2287.903 l
S
0.914 0.918 0.922 SC
140.623 -2360.21 m
140.623 -2287.903 l
S
0.91 0.914 0.918 SC
141.09 -2360.21 m
141.09 -2287.903 l
S
0.906 0.91 0.914 SC
141.556 -2360.21 m
141.556 -2287.903 l
S
0.902 0.906 0.91 SC
142.023 -2360.21 m
142.023 -2287.903 l
S
0.898 0.902 0.906 SC
142.489 -2360.21 m
142.489 -2287.903 l
S
0.898 0.898 0.902 SC
142.956 -2360.21 m
142.956 -2287.903 l
S
0.894 0.898 0.902 SC
143.422 -2360.21 m
143.422 -2287.903 l
S
0.89 0.894 0.898 SC
143.889 -2360.21 m
143.889 -2287.903 l
S
0.886 0.89 0.894 SC
144.355 -2360.21 m
144.355 -2287.903 l
S
0.882 0.886 0.89 SC
144.822 -2360.21 m
144.822 -2287.903 l
S
0.878 0.882 0.89 SC
145.288 -2360.21 m
145.288 -2287.903 l
S
0.875 0.882 0.886 SC
145.755 -2360.21 m
145.755 -2287.903 l
S
0.875 0.878 0.882 SC
146.221 -2360.21 m
146.221 -2287.903 l
S
0.871 0.875 0.878 SC
146.688 -2360.21 m
146.688 -2287.903 l
S
0.867 0.871 0.875 SC
147.154 -2360.21 m
147.154 -2287.903 l
S
0.863 0.867 0.875 SC
147.621 -2360.21 m
147.621 -2287.903 l
S
0.859 0.863 0.871 SC
148.087 -2360.21 m
148.087 -2287.903 l
S
0.855 0.863 0.867 SC
148.554 -2360.21 m
148.554 -2287.903 l
S
0.855 0.859 0.863 SC
149.02 -2360.21 m
149.02 -2287.903 l
S
0.851 0.855 0.859 SC
149.487 -2360.21 m
149.487 -2287.903 l
S
0.847 0.851 0.859 SC
149.953 -2360.21 m
149.953 -2287.903 l
S
0.843 0.847 0.855 SC
150.42 -2360.21 m
150.42 -2287.903 l
S
0.839 0.847 0.851 SC
150.886 -2360.21 m
150.886 -2287.903 l
S
0.835 0.843 0.847 SC
151.353 -2360.21 m
151.353 -2287.903 l
S
0.835 0.839 0.843 SC
151.819 -2360.21 m
151.819 -2287.903 l
S
0.831 0.835 0.843 SC
152.286 -2360.21 m
152.286 -2287.903 l
S
0.827 0.831 0.839 SC
152.752 -2360.21 m
152.752 -2287.903 l
S
0.824 0.831 0.835 SC
153.219 -2360.21 m
153.219 -2287.903 l
S
0.82 0.827 0.831 SC
153.685 -2360.21 m
153.685 -2287.903 l
S
0.816 0.824 0.831 SC
154.152 -2360.21 m
154.152 -2287.903 l
S
0.816 0.82 0.827 SC
154.618 -2360.21 m
154.618 -2287.903 l
S
0.812 0.816 0.824 SC
155.085 -2360.21 m
155.085 -2287.903 l
S
0.808 0.812 0.82 SC
155.551 -2360.21 m
155.551 -2287.903 l
S
0.804 0.812 0.816 SC
156.018 -2360.21 m
156.018 -2287.903 l
S
0.8 0.808 0.816 SC
156.484 -2360.21 m
156.484 -2287.903 l
S
0.796 0.804 0.812 SC
156.951 -2360.21 m
156.951 -2287.903 l
S
0.796 0.8 0.808 SC
157.417 -2360.21 m
157.417 -2287.903 l
S
0.792 0.796 0.804 SC
157.884 -2360.21 m
157.884 -2287.903 l
S
0.788 0.796 0.8 SC
158.35 -2360.21 m
158.35 -2287.903 l
S
0.784 0.792 0.8 SC
158.817 -2360.21 m
158.817 -2287.903 l
S
0.78 0.788 0.796 SC
159.283 -2360.21 m
159.283 -2287.903 l
S
0.776 0.784 0.792 SC
159.75 -2360.21 m
159.75 -2287.903 l
S
0.776 0.78 0.788 SC
160.216 -2360.21 m
160.216 -2287.903 l
S
0.773 0.776 0.784 SC
160.683 -2360.21 m
160.683 -2287.903 l
S
0.769 0.776 0.784 SC
161.149 -2360.21 m
161.149 -2287.903 l
S
0.765 0.773 0.78 SC
161.616 -2360.21 m
161.616 -2287.903 l
S
0.761 0.769 0.776 SC
162.082 -2360.21 m
162.082 -2287.903 l
S
0.757 0.765 0.773 SC
162.549 -2360.21 m
162.549 -2287.903 l
S
0.753 0.761 0.769 SC
163.015 -2360.21 m
163.015 -2287.903 l
163.482 -2360.21 m
163.482 -2287.903 l
S
0.749 0.757 0.765 SC
163.948 -2360.21 m
163.948 -2287.903 l
S
0.745 0.753 0.761 SC
164.415 -2360.21 m
164.415 -2287.903 l
S
0.741 0.749 0.757 SC
164.881 -2360.21 m
164.881 -2287.903 l
S
0.737 0.745 0.753 SC
165.348 -2360.21 m
165.348 -2287.903 l
S
0.733 0.741 0.753 SC
165.814 -2360.21 m
165.814 -2287.903 l
S
0.733 0.741 0.749 SC
166.281 -2360.21 m
166.281 -2287.903 l
166.747 -2360.21 m
166.747 -2287.903 l
S
0.729 0.737 0.745 SC
167.214 -2360.21 m
167.214 -2287.903 l
S
0.725 0.733 0.741 SC
167.68 -2360.21 m
167.68 -2287.903 l
S
0.722 0.729 0.737 SC
168.147 -2360.21 m
168.147 -2287.903 l
S
0.718 0.725 0.737 SC
168.613 -2360.21 m
168.613 -2287.903 l
S
0.714 0.722 0.733 SC
169.08 -2360.21 m
169.08 -2287.903 l
S
0.714 0.722 0.729 SC
169.546 -2360.21 m
169.546 -2287.903 l
S
0.71 0.718 0.725 SC
170.013 -2360.21 m
170.013 -2287.903 l
S
0.706 0.714 0.722 SC
170.479 -2360.21 m
170.479 -2287.903 l
S
0.702 0.71 0.722 SC
170.946 -2360.21 m
170.946 -2287.903 l
S
0.698 0.706 0.718 SC
171.412 -2360.21 m
171.412 -2287.903 l
S
0.698 0.706 0.714 SC
171.879 -2360.21 m
171.879 -2287.903 l
S
0.694 0.702 0.71 SC
172.345 -2360.21 m
172.345 -2287.903 l
S
0.69 0.698 0.706 SC
172.812 -2360.21 m
172.812 -2287.903 l
S
0.686 0.694 0.706 SC
173.278 -2360.21 m
173.278 -2287.903 l
S
0.682 0.69 0.702 SC
173.745 -2360.21 m
173.745 -2287.903 l
S
0.682 0.69 0.698 SC
174.211 -2360.21 m
174.211 -2287.903 l
S
0.678 0.686 0.694 SC
174.678 -2360.21 m
174.678 -2287.903 l
S
0.675 0.682 0.69 SC
175.144 -2360.21 m
175.144 -2287.903 l
S
0.671 0.678 0.69 SC
175.611 -2360.21 m
175.611 -2287.903 l
S
0.667 0.675 0.686 SC
176.077 -2360.21 m
176.077 -2287.903 l
S
0.663 0.675 0.682 SC
176.544 -2360.21 m
176.544 -2287.903 l
S
0.663 0.671 0.678 SC
177.01 -2360.21 m
177.01 -2287.903 l
S
0.659 0.667 0.678 SC
177.477 -2360.21 m
177.477 -2287.903 l
S
0.655 0.663 0.675 SC
177.943 -2360.21 m
177.943 -2287.903 l
S
0.651 0.659 0.671 SC
178.41 -2360.21 m
178.41 -2287.903 l
S
0.651 0.659 0.667 SC
178.876 -2360.21 m
178.876 -2287.903 l
S
0.647 0.655 0.663 SC
179.343 -2360.21 m
179.343 -2287.903 l
S
0.643 0.651 0.663 SC
179.809 -2360.21 m
179.809 -2287.903 l
S
0.639 0.647 0.659 SC
180.276 -2360.21 m
180.276 -2287.903 l
S
0.635 0.643 0.655 SC
180.742 -2360.21 m
180.742 -2287.903 l
S
0.635 0.643 0.651 SC
181.209 -2360.21 m
181.209 -2287.903 l
S
0.631 0.639 0.647 SC
181.675 -2360.21 m
181.675 -2287.903 l
S
0.627 0.635 0.647 SC
182.142 -2360.21 m
182.142 -2287.903 l
S
0.624 0.631 0.643 SC
182.608 -2360.21 m
182.608 -2287.903 l
S
0.62 0.631 0.639 SC
183.075 -2360.21 m
183.075 -2287.903 l
S
0.62 0.627 0.635 SC
183.541 -2360.21 m
183.541 -2287.903 l
S
0.616 0.624 0.635 SC
184.008 -2360.21 m
184.008 -2287.903 l
S
0.612 0.62 0.631 SC
184.474 -2360.21 m
184.474 -2287.903 l
S
0.608 0.616 0.627 SC
184.941 -2360.21 m
184.941 -2287.903 l
S
0.608 0.616 0.624 SC
185.407 -2360.21 m
185.407 -2287.903 l
S
0.604 0.612 0.624 SC
185.874 -2360.21 m
185.874 -2287.903 l
S
0.6 0.608 0.62 SC
186.34 -2360.21 m
186.34 -2287.903 l
S
0.596 0.604 0.616 SC
186.806 -2360.21 m
186.806 -2287.903 l
S
0.596 0.604 0.612 SC
187.273 -2360.21 m
187.273 -2287.903 l
S
0.592 0.6 0.608 SC
187.739 -2360.21 m
187.739 -2287.903 l
S
0.588 0.596 0.608 SC
188.206 -2360.21 m
188.206 -2287.903 l
S
0.584 0.592 0.604 SC
188.672 -2360.21 m
188.672 -2287.903 l
S
0.584 0.592 0.6 SC
189.139 -2360.21 m
189.139 -2287.903 l
S
0.58 0.588 0.596 SC
189.605 -2360.21 m
189.605 -2287.903 l
S
0.576 0.584 0.596 SC
190.072 -2360.21 m
190.072 -2287.903 l
S
0.573 0.58 0.592 SC
190.538 -2360.21 m
190.538 -2287.903 l
S
0.573 0.58 0.588 SC
191.005 -2360.21 m
191.005 -2287.903 l
S
0.569 0.576 0.588 SC
191.471 -2360.21 m
191.471 -2287.903 l
S
0.565 0.573 0.584 SC
191.938 -2360.21 m
191.938 -2287.903 l
S
0.561 0.569 0.58 SC
192.404 -2360.21 m
192.404 -2287.903 l
S
0.561 0.569 0.576 SC
192.871 -2360.21 m
192.871 -2287.903 l
S
0.557 0.565 0.576 SC
193.337 -2360.21 m
193.337 -2287.903 l
S
0.553 0.561 0.573 SC
193.804 -2360.21 m
193.804 -2287.903 l
S
0.549 0.557 0.569 SC
194.27 -2360.21 m
194.27 -2287.903 l
S
0.549 0.557 0.565 SC
194.737 -2360.21 m
194.737 -2287.903 l
S
0.545 0.553 0.565 SC
195.203 -2360.21 m
195.203 -2287.903 l
S
0.541 0.549 0.561 SC
195.67 -2360.21 m
195.67 -2287.903 l
S
0.537 0.545 0.557 SC
196.136 -2360.21 m
196.136 -2287.903 l
S
0.537 0.545 0.553 SC
196.603 -2360.21 m
196.603 -2287.903 l
S
0.533 0.541 0.553 SC
197.069 -2360.21 m
197.069 -2287.903 l
S
0.529 0.537 0.549 SC
197.536 -2360.21 m
197.536 -2287.903 l
S
0.529 0.533 0.545 SC
198.002 -2360.21 m
198.002 -2287.903 l
S
0.525 0.533 0.541 SC
198.469 -2360.21 m
198.469 -2287.903 l
S
0.522 0.529 0.541 SC
198.935 -2360.21 m
198.935 -2287.903 l
S
0.518 0.525 0.537 SC
199.402 -2360.21 m
199.402 -2287.903 l
S
0.518 0.525 0.533 SC
199.868 -2360.21 m
199.868 -2287.903 l
S
0.514 0.522 0.529 SC
200.335 -2360.21 m
200.335 -2287.903 l
S
0.51 0.518 0.529 SC
200.801 -2360.21 m
200.801 -2287.903 l
S
0.51 0.514 0.525 SC
201.268 -2360.21 m
201.268 -2287.903 l
S
0.506 0.514 0.522 SC
201.734 -2360.21 m
201.734 -2287.903 l
S
0.502 0.51 0.518 SC
202.201 -2360.21 m
202.201 -2287.903 l
S
Q
Q
q
1 i 
-9 851 613 -860 re
0 841 m
W n
0.03 841.02 595.02 -841.02 re
W n
/Cs5 cs 0.161 0.145 0.149 sc
/GS1 gs
560.12 841.02 34.93 -6.11 re
f
/Cs5 CS 0.161 0.145 0.149 SC
0 J 0 j 0.3 w 10 M []0 d
567.202 840.678 m
567.202 804.948 l
S
286.57 22.8 22.68 -22.8 re
f
BT
/F4 1 Tf
10 0 0 10 289.5747 7.7671 Tm
1 1 1 sc
-0.0002 Tc
0 Tw
(623)Tj
/F2 1 Tf
7 0 0 7 473.8676 17.5374 Tm
0.161 0.145 0.149 sc
-0.0001 Tc
-0.0306 Tw
[(Swissmedic Jour)-17.9(nal)-1111.9(9/2002)]TJ
ET
Q
q
1 i 
33.93 792.13 505.15 -757.56 re
560.117 17.537 m
W* n
-9 851 613 -860 re
0 841 m
W n
0.03 841.02 595.02 -841.02 re
W n
/GS1 gs
q
497.0001 0 0 726.8867 35.93 70.39 cm
/Im37 Do
Q
Q

q
1 i 
-9 851 613 -860 re
0 841 m
W n
0.03 841.02 595.02 -841.02 re
W n
BT
/F6 1 Tf
12.5 0 0 12.5 34.4488 811.7822 Tm
/Cs5 cs 0.161 0.145 0.149 sc
/GS1 gs
-0.0001 Tc
0 Tw
(Réglementation)Tj
ET
/Cs5 CS 0.161 0.145 0.149 SC
0 J 0 j 0.3 w 10 M []0 d
28.35 805.15 m
552.76 805.15 l
S
Q
q
1 i 
35.43 850.5 198.43 -24.09 re
124.041 811.782 m
W* n
-9 851 613 -860 re
0 841 m
W n
0.03 841.02 595.02 -841.02 re
W n
q
2.7718 0 0 -0.3608 0 0 cm
/Cs5 CS 0.502 0.51 0.518 SC
0 J 0 j 0.5 w 10 M []0 d
/GS1 gs
12.655 -2360.21 m
12.655 -2287.903 l
S
0.506 0.514 0.522 SC
13.121 -2360.21 m
13.121 -2287.903 l
S
0.51 0.514 0.525 SC
13.588 -2360.21 m
13.588 -2287.903 l
S
0.51 0.518 0.529 SC
14.054 -2360.21 m
14.054 -2287.903 l
S
0.514 0.522 0.529 SC
14.521 -2360.21 m
14.521 -2287.903 l
S
0.518 0.525 0.533 SC
14.987 -2360.21 m
14.987 -2287.903 l
S
0.518 0.525 0.537 SC
15.454 -2360.21 m
15.454 -2287.903 l
S
0.522 0.529 0.541 SC
15.92 -2360.21 m
15.92 -2287.903 l
S
0.525 0.533 0.541 SC
16.387 -2360.21 m
16.387 -2287.903 l
S
0.529 0.533 0.545 SC
16.853 -2360.21 m
16.853 -2287.903 l
S
0.529 0.537 0.549 SC
17.32 -2360.21 m
17.32 -2287.903 l
S
0.533 0.541 0.553 SC
17.786 -2360.21 m
17.786 -2287.903 l
S
0.537 0.545 0.553 SC
18.253 -2360.21 m
18.253 -2287.903 l
S
0.537 0.545 0.557 SC
18.719 -2360.21 m
18.719 -2287.903 l
S
0.541 0.549 0.561 SC
19.186 -2360.21 m
19.186 -2287.903 l
S
0.545 0.553 0.565 SC
19.652 -2360.21 m
19.652 -2287.903 l
S
0.549 0.557 0.565 SC
20.119 -2360.21 m
20.119 -2287.903 l
S
0.549 0.557 0.569 SC
20.585 -2360.21 m
20.585 -2287.903 l
S
0.553 0.561 0.573 SC
21.052 -2360.21 m
21.052 -2287.903 l
S
0.557 0.565 0.576 SC
21.518 -2360.21 m
21.518 -2287.903 l
S
0.561 0.569 0.576 SC
21.985 -2360.21 m
21.985 -2287.903 l
S
0.561 0.569 0.58 SC
22.451 -2360.21 m
22.451 -2287.903 l
S
0.565 0.573 0.584 SC
22.918 -2360.21 m
22.918 -2287.903 l
S
0.569 0.576 0.588 SC
23.384 -2360.21 m
23.384 -2287.903 l
S
0.573 0.58 0.588 SC
23.851 -2360.21 m
23.851 -2287.903 l
S
0.573 0.58 0.592 SC
24.317 -2360.21 m
24.317 -2287.903 l
S
0.576 0.584 0.596 SC
24.784 -2360.21 m
24.784 -2287.903 l
S
0.58 0.588 0.596 SC
25.25 -2360.21 m
25.25 -2287.903 l
S
0.584 0.592 0.6 SC
25.717 -2360.21 m
25.717 -2287.903 l
S
0.584 0.592 0.604 SC
26.183 -2360.21 m
26.183 -2287.903 l
S
0.588 0.596 0.608 SC
26.65 -2360.21 m
26.65 -2287.903 l
S
0.592 0.6 0.608 SC
27.116 -2360.21 m
27.116 -2287.903 l
S
0.596 0.604 0.612 SC
27.583 -2360.21 m
27.583 -2287.903 l
S
0.596 0.604 0.616 SC
28.049 -2360.21 m
28.049 -2287.903 l
S
0.6 0.608 0.62 SC
28.516 -2360.21 m
28.516 -2287.903 l
S
0.604 0.612 0.624 SC
28.982 -2360.21 m
28.982 -2287.903 l
S
0.608 0.616 0.624 SC
29.449 -2360.21 m
29.449 -2287.903 l
S
0.608 0.616 0.627 SC
29.915 -2360.21 m
29.915 -2287.903 l
S
0.612 0.62 0.631 SC
30.382 -2360.21 m
30.382 -2287.903 l
S
0.616 0.624 0.635 SC
30.848 -2360.21 m
30.848 -2287.903 l
S
0.62 0.627 0.635 SC
31.315 -2360.21 m
31.315 -2287.903 l
S
0.62 0.631 0.639 SC
31.781 -2360.21 m
31.781 -2287.903 l
S
0.624 0.631 0.643 SC
32.248 -2360.21 m
32.248 -2287.903 l
S
0.627 0.635 0.647 SC
32.714 -2360.21 m
32.714 -2287.903 l
S
0.631 0.639 0.647 SC
33.181 -2360.21 m
33.181 -2287.903 l
S
0.635 0.643 0.651 SC
33.647 -2360.21 m
33.647 -2287.903 l
S
0.635 0.643 0.655 SC
34.113 -2360.21 m
34.113 -2287.903 l
S
0.639 0.647 0.659 SC
34.58 -2360.21 m
34.58 -2287.903 l
S
0.643 0.651 0.663 SC
35.046 -2360.21 m
35.046 -2287.903 l
S
0.647 0.655 0.663 SC
35.513 -2360.21 m
35.513 -2287.903 l
S
0.651 0.659 0.667 SC
35.979 -2360.21 m
35.979 -2287.903 l
S
0.651 0.659 0.671 SC
36.446 -2360.21 m
36.446 -2287.903 l
S
0.655 0.663 0.675 SC
36.912 -2360.21 m
36.912 -2287.903 l
S
0.659 0.667 0.678 SC
37.379 -2360.21 m
37.379 -2287.903 l
S
0.663 0.671 0.678 SC
37.845 -2360.21 m
37.845 -2287.903 l
S
0.663 0.675 0.682 SC
38.312 -2360.21 m
38.312 -2287.903 l
S
0.667 0.675 0.686 SC
38.778 -2360.21 m
38.778 -2287.903 l
S
0.671 0.678 0.69 SC
39.245 -2360.21 m
39.245 -2287.903 l
S
0.675 0.682 0.69 SC
39.711 -2360.21 m
39.711 -2287.903 l
S
0.678 0.686 0.694 SC
40.178 -2360.21 m
40.178 -2287.903 l
S
0.682 0.69 0.698 SC
40.644 -2360.21 m
40.644 -2287.903 l
S
0.682 0.69 0.702 SC
41.111 -2360.21 m
41.111 -2287.903 l
S
0.686 0.694 0.706 SC
41.577 -2360.21 m
41.577 -2287.903 l
S
0.69 0.698 0.706 SC
42.044 -2360.21 m
42.044 -2287.903 l
S
0.694 0.702 0.71 SC
42.51 -2360.21 m
42.51 -2287.903 l
S
0.698 0.706 0.714 SC
42.977 -2360.21 m
42.977 -2287.903 l
S
0.698 0.706 0.718 SC
43.443 -2360.21 m
43.443 -2287.903 l
S
0.702 0.71 0.722 SC
43.91 -2360.21 m
43.91 -2287.903 l
S
0.706 0.714 0.722 SC
44.376 -2360.21 m
44.376 -2287.903 l
S
0.71 0.718 0.725 SC
44.843 -2360.21 m
44.843 -2287.903 l
S
0.714 0.722 0.729 SC
45.309 -2360.21 m
45.309 -2287.903 l
S
0.714 0.722 0.733 SC
45.776 -2360.21 m
45.776 -2287.903 l
S
0.718 0.725 0.737 SC
46.242 -2360.21 m
46.242 -2287.903 l
S
0.722 0.729 0.737 SC
46.709 -2360.21 m
46.709 -2287.903 l
S
0.725 0.733 0.741 SC
47.175 -2360.21 m
47.175 -2287.903 l
S
0.729 0.737 0.745 SC
47.642 -2360.21 m
47.642 -2287.903 l
S
0.733 0.741 0.749 SC
48.108 -2360.21 m
48.108 -2287.903 l
S
0.733 0.741 0.753 SC
48.575 -2360.21 m
48.575 -2287.903 l
49.041 -2360.21 m
49.041 -2287.903 l
S
0.737 0.745 0.753 SC
49.508 -2360.21 m
49.508 -2287.903 l
S
0.741 0.749 0.757 SC
49.974 -2360.21 m
49.974 -2287.903 l
S
0.745 0.753 0.761 SC
50.441 -2360.21 m
50.441 -2287.903 l
S
0.749 0.757 0.765 SC
50.907 -2360.21 m
50.907 -2287.903 l
S
0.753 0.761 0.769 SC
51.374 -2360.21 m
51.374 -2287.903 l
51.84 -2360.21 m
51.84 -2287.903 l
S
0.757 0.765 0.773 SC
52.307 -2360.21 m
52.307 -2287.903 l
S
0.761 0.769 0.776 SC
52.773 -2360.21 m
52.773 -2287.903 l
S
0.765 0.773 0.78 SC
53.24 -2360.21 m
53.24 -2287.903 l
S
0.769 0.776 0.784 SC
53.706 -2360.21 m
53.706 -2287.903 l
S
0.773 0.776 0.784 SC
54.173 -2360.21 m
54.173 -2287.903 l
S
0.776 0.78 0.788 SC
54.639 -2360.21 m
54.639 -2287.903 l
S
0.776 0.784 0.792 SC
55.106 -2360.21 m
55.106 -2287.903 l
S
0.78 0.788 0.796 SC
55.572 -2360.21 m
55.572 -2287.903 l
S
0.784 0.792 0.8 SC
56.039 -2360.21 m
56.039 -2287.903 l
S
0.788 0.796 0.8 SC
56.505 -2360.21 m
56.505 -2287.903 l
S
0.792 0.796 0.804 SC
56.972 -2360.21 m
56.972 -2287.903 l
S
0.796 0.8 0.808 SC
57.438 -2360.21 m
57.438 -2287.903 l
S
0.796 0.804 0.812 SC
57.905 -2360.21 m
57.905 -2287.903 l
S
0.8 0.808 0.816 SC
58.371 -2360.21 m
58.371 -2287.903 l
S
0.804 0.812 0.816 SC
58.838 -2360.21 m
58.838 -2287.903 l
S
0.808 0.812 0.82 SC
59.304 -2360.21 m
59.304 -2287.903 l
S
0.812 0.816 0.824 SC
59.771 -2360.21 m
59.771 -2287.903 l
S
0.816 0.82 0.827 SC
60.237 -2360.21 m
60.237 -2287.903 l
S
0.816 0.824 0.831 SC
60.704 -2360.21 m
60.704 -2287.903 l
S
0.82 0.827 0.831 SC
61.17 -2360.21 m
61.17 -2287.903 l
S
0.824 0.831 0.835 SC
61.637 -2360.21 m
61.637 -2287.903 l
S
0.827 0.831 0.839 SC
62.103 -2360.21 m
62.103 -2287.903 l
S
0.831 0.835 0.843 SC
62.57 -2360.21 m
62.57 -2287.903 l
S
0.835 0.839 0.843 SC
63.036 -2360.21 m
63.036 -2287.903 l
S
0.835 0.843 0.847 SC
63.503 -2360.21 m
63.503 -2287.903 l
S
0.839 0.847 0.851 SC
63.969 -2360.21 m
63.969 -2287.903 l
S
0.843 0.847 0.855 SC
64.436 -2360.21 m
64.436 -2287.903 l
S
0.847 0.851 0.859 SC
64.902 -2360.21 m
64.902 -2287.903 l
S
0.851 0.855 0.859 SC
65.369 -2360.21 m
65.369 -2287.903 l
S
0.855 0.859 0.863 SC
65.835 -2360.21 m
65.835 -2287.903 l
S
0.855 0.863 0.867 SC
66.302 -2360.21 m
66.302 -2287.903 l
S
0.859 0.863 0.871 SC
66.768 -2360.21 m
66.768 -2287.903 l
S
0.863 0.867 0.875 SC
67.235 -2360.21 m
67.235 -2287.903 l
S
0.867 0.871 0.875 SC
67.701 -2360.21 m
67.701 -2287.903 l
S
0.871 0.875 0.878 SC
68.168 -2360.21 m
68.168 -2287.903 l
S
0.875 0.878 0.882 SC
68.634 -2360.21 m
68.634 -2287.903 l
S
0.875 0.882 0.886 SC
69.101 -2360.21 m
69.101 -2287.903 l
S
0.878 0.882 0.89 SC
69.567 -2360.21 m
69.567 -2287.903 l
S
0.882 0.886 0.89 SC
70.034 -2360.21 m
70.034 -2287.903 l
S
0.886 0.89 0.894 SC
70.5 -2360.21 m
70.5 -2287.903 l
S
0.89 0.894 0.898 SC
70.967 -2360.21 m
70.967 -2287.903 l
S
0.894 0.898 0.902 SC
71.433 -2360.21 m
71.433 -2287.903 l
S
0.898 0.898 0.902 SC
71.9 -2360.21 m
71.9 -2287.903 l
S
0.898 0.902 0.906 SC
72.366 -2360.21 m
72.366 -2287.903 l
S
0.902 0.906 0.91 SC
72.833 -2360.21 m
72.833 -2287.903 l
S
0.906 0.91 0.914 SC
73.299 -2360.21 m
73.299 -2287.903 l
S
0.91 0.914 0.918 SC
73.766 -2360.21 m
73.766 -2287.903 l
S
0.914 0.918 0.922 SC
74.232 -2360.21 m
74.232 -2287.903 l
S
0.918 0.922 0.922 SC
74.699 -2360.21 m
74.699 -2287.903 l
S
0.922 0.922 0.925 SC
75.165 -2360.21 m
75.165 -2287.903 l
S
0.922 0.925 0.929 SC
75.632 -2360.21 m
75.632 -2287.903 l
S
0.925 0.929 0.933 SC
76.098 -2360.21 m
76.098 -2287.903 l
S
0.929 0.933 0.933 SC
76.565 -2360.21 m
76.565 -2287.903 l
S
0.933 0.937 0.937 SC
77.031 -2360.21 m
77.031 -2287.903 l
S
0.937 0.937 0.941 SC
77.498 -2360.21 m
77.498 -2287.903 l
S
0.941 0.941 0.945 SC
77.964 -2360.21 m
77.964 -2287.903 l
S
0.945 0.945 0.949 SC
78.431 -2360.21 m
78.431 -2287.903 l
S
0.945 0.949 0.949 SC
78.897 -2360.21 m
78.897 -2287.903 l
S
0.949 0.953 0.953 SC
79.364 -2360.21 m
79.364 -2287.903 l
S
0.953 0.957 0.957 SC
79.83 -2360.21 m
79.83 -2287.903 l
S
0.957 0.957 0.961 SC
80.297 -2360.21 m
80.297 -2287.903 l
S
0.961 0.961 0.965 SC
80.763 -2360.21 m
80.763 -2287.903 l
S
0.965 0.965 0.969 SC
81.23 -2360.21 m
81.23 -2287.903 l
S
0.969 0.969 0.969 SC
81.696 -2360.21 m
81.696 -2287.903 l
S
0.973 0.973 0.973 SC
82.163 -2360.21 m
82.163 -2287.903 l
S
0.976 0.976 0.976 SC
82.629 -2360.21 m
82.629 -2287.903 l
S
0.98 0.98 0.984 SC
83.096 -2360.21 m
83.096 -2287.903 l
S
0.988 0.988 0.988 SC
83.562 -2360.21 m
83.562 -2287.903 l
S
0.992 0.992 0.992 SC
84.029 -2360.21 m
84.029 -2287.903 l
S
1 1 1 SC
84.495 -2360.21 m
84.495 -2287.903 l
S
Q
Q
q
1 i 
-9 851 613 -860 re
0 841 m
W n
0.03 841.02 595.02 -841.02 re
W n
/Cs5 cs 0.161 0.145 0.149 sc
/GS1 gs
0.03 841.02 35.4 -6.11 re
f
/Cs5 CS 0.161 0.145 0.149 SC
0 J 0 j 0.3 w 10 M []0 d
28.347 841.076 m
28.347 805.006 l
S
286.3 22.8 22.68 -22.8 re
f
BT
/F4 1 Tf
10 0 0 10 289.2992 7.7671 Tm
1 1 1 sc
-0.0002 Tc
0 Tw
(624)Tj
/F2 1 Tf
7 0 0 7 35.4331 17.5374 Tm
0.161 0.145 0.149 sc
-0.0001 Tc
-0.0306 Tw
[(Swissmedic Jour)-17.9(nal)-1111.9(9/2002)]TJ
ET
Q
q
1 i 
57.21 793.9 511.38 -761.29 re
121.683 17.537 m
W* n
-9 851 613 -860 re
0 841 m
W n
0.03 841.02 595.02 -841.02 re
W n
/GS1 gs
q
503.0001 0 0 691.6609 58.21 102.7 cm
/Im38 Do
Q
Q

q
1 i 
-9 851 613 -860 re
0 841 m
W n
0.03 841.02 595.02 -841.02 re
W n
BT
/F6 1 Tf
12.5 0 0 12.5 470.5056 811.7825 Tm
/Cs5 cs 0.161 0.145 0.149 sc
/GS1 gs
-0.0001 Tc
0 Tw
(Réglementation)Tj
ET
/Cs5 CS 0.161 0.145 0.149 SC
0 J 0 j 0.3 w 10 M []0 d
42.8 805.15 m
567.2 805.15 l
S
Q
q
1 i 
361.69 850.5 198.43 -24.09 re
560.098 811.782 m
W* n
-9 851 613 -860 re
0 841 m
W n
0.03 841.02 595.02 -841.02 re
W n
q
2.7718 0 0 -0.3608 0 0 cm
/Cs5 CS 1 1 1 SC
0 J 0 j 0.5 w 10 M []0 d
/GS1 gs
130.36 -2360.21 m
130.36 -2287.903 l
S
0.992 0.992 0.992 SC
130.827 -2360.21 m
130.827 -2287.903 l
S
0.988 0.988 0.988 SC
131.293 -2360.21 m
131.293 -2287.903 l
S
0.98 0.98 0.984 SC
131.76 -2360.21 m
131.76 -2287.903 l
S
0.976 0.976 0.976 SC
132.226 -2360.21 m
132.226 -2287.903 l
S
0.973 0.973 0.973 SC
132.693 -2360.21 m
132.693 -2287.903 l
S
0.969 0.969 0.969 SC
133.159 -2360.21 m
133.159 -2287.903 l
S
0.965 0.965 0.969 SC
133.626 -2360.21 m
133.626 -2287.903 l
S
0.961 0.961 0.965 SC
134.092 -2360.21 m
134.092 -2287.903 l
S
0.957 0.957 0.961 SC
134.559 -2360.21 m
134.559 -2287.903 l
S
0.953 0.957 0.957 SC
135.025 -2360.21 m
135.025 -2287.903 l
S
0.949 0.953 0.953 SC
135.492 -2360.21 m
135.492 -2287.903 l
S
0.945 0.949 0.949 SC
135.958 -2360.21 m
135.958 -2287.903 l
S
0.945 0.945 0.949 SC
136.425 -2360.21 m
136.425 -2287.903 l
S
0.941 0.941 0.945 SC
136.891 -2360.21 m
136.891 -2287.903 l
S
0.937 0.937 0.941 SC
137.358 -2360.21 m
137.358 -2287.903 l
S
0.933 0.937 0.937 SC
137.824 -2360.21 m
137.824 -2287.903 l
S
0.929 0.933 0.933 SC
138.291 -2360.21 m
138.291 -2287.903 l
S
0.925 0.929 0.933 SC
138.757 -2360.21 m
138.757 -2287.903 l
S
0.922 0.925 0.929 SC
139.224 -2360.21 m
139.224 -2287.903 l
S
0.922 0.922 0.925 SC
139.69 -2360.21 m
139.69 -2287.903 l
S
0.918 0.922 0.922 SC
140.157 -2360.21 m
140.157 -2287.903 l
S
0.914 0.918 0.922 SC
140.623 -2360.21 m
140.623 -2287.903 l
S
0.91 0.914 0.918 SC
141.09 -2360.21 m
141.09 -2287.903 l
S
0.906 0.91 0.914 SC
141.556 -2360.21 m
141.556 -2287.903 l
S
0.902 0.906 0.91 SC
142.023 -2360.21 m
142.023 -2287.903 l
S
0.898 0.902 0.906 SC
142.489 -2360.21 m
142.489 -2287.903 l
S
0.898 0.898 0.902 SC
142.956 -2360.21 m
142.956 -2287.903 l
S
0.894 0.898 0.902 SC
143.422 -2360.21 m
143.422 -2287.903 l
S
0.89 0.894 0.898 SC
143.889 -2360.21 m
143.889 -2287.903 l
S
0.886 0.89 0.894 SC
144.355 -2360.21 m
144.355 -2287.903 l
S
0.882 0.886 0.89 SC
144.822 -2360.21 m
144.822 -2287.903 l
S
0.878 0.882 0.89 SC
145.288 -2360.21 m
145.288 -2287.903 l
S
0.875 0.882 0.886 SC
145.755 -2360.21 m
145.755 -2287.903 l
S
0.875 0.878 0.882 SC
146.221 -2360.21 m
146.221 -2287.903 l
S
0.871 0.875 0.878 SC
146.688 -2360.21 m
146.688 -2287.903 l
S
0.867 0.871 0.875 SC
147.154 -2360.21 m
147.154 -2287.903 l
S
0.863 0.867 0.875 SC
147.621 -2360.21 m
147.621 -2287.903 l
S
0.859 0.863 0.871 SC
148.087 -2360.21 m
148.087 -2287.903 l
S
0.855 0.863 0.867 SC
148.554 -2360.21 m
148.554 -2287.903 l
S
0.855 0.859 0.863 SC
149.02 -2360.21 m
149.02 -2287.903 l
S
0.851 0.855 0.859 SC
149.487 -2360.21 m
149.487 -2287.903 l
S
0.847 0.851 0.859 SC
149.953 -2360.21 m
149.953 -2287.903 l
S
0.843 0.847 0.855 SC
150.42 -2360.21 m
150.42 -2287.903 l
S
0.839 0.847 0.851 SC
150.886 -2360.21 m
150.886 -2287.903 l
S
0.835 0.843 0.847 SC
151.353 -2360.21 m
151.353 -2287.903 l
S
0.835 0.839 0.843 SC
151.819 -2360.21 m
151.819 -2287.903 l
S
0.831 0.835 0.843 SC
152.286 -2360.21 m
152.286 -2287.903 l
S
0.827 0.831 0.839 SC
152.752 -2360.21 m
152.752 -2287.903 l
S
0.824 0.831 0.835 SC
153.219 -2360.21 m
153.219 -2287.903 l
S
0.82 0.827 0.831 SC
153.685 -2360.21 m
153.685 -2287.903 l
S
0.816 0.824 0.831 SC
154.152 -2360.21 m
154.152 -2287.903 l
S
0.816 0.82 0.827 SC
154.618 -2360.21 m
154.618 -2287.903 l
S
0.812 0.816 0.824 SC
155.085 -2360.21 m
155.085 -2287.903 l
S
0.808 0.812 0.82 SC
155.551 -2360.21 m
155.551 -2287.903 l
S
0.804 0.812 0.816 SC
156.018 -2360.21 m
156.018 -2287.903 l
S
0.8 0.808 0.816 SC
156.484 -2360.21 m
156.484 -2287.903 l
S
0.796 0.804 0.812 SC
156.951 -2360.21 m
156.951 -2287.903 l
S
0.796 0.8 0.808 SC
157.417 -2360.21 m
157.417 -2287.903 l
S
0.792 0.796 0.804 SC
157.884 -2360.21 m
157.884 -2287.903 l
S
0.788 0.796 0.8 SC
158.35 -2360.21 m
158.35 -2287.903 l
S
0.784 0.792 0.8 SC
158.817 -2360.21 m
158.817 -2287.903 l
S
0.78 0.788 0.796 SC
159.283 -2360.21 m
159.283 -2287.903 l
S
0.776 0.784 0.792 SC
159.75 -2360.21 m
159.75 -2287.903 l
S
0.776 0.78 0.788 SC
160.216 -2360.21 m
160.216 -2287.903 l
S
0.773 0.776 0.784 SC
160.683 -2360.21 m
160.683 -2287.903 l
S
0.769 0.776 0.784 SC
161.149 -2360.21 m
161.149 -2287.903 l
S
0.765 0.773 0.78 SC
161.616 -2360.21 m
161.616 -2287.903 l
S
0.761 0.769 0.776 SC
162.082 -2360.21 m
162.082 -2287.903 l
S
0.757 0.765 0.773 SC
162.549 -2360.21 m
162.549 -2287.903 l
S
0.753 0.761 0.769 SC
163.015 -2360.21 m
163.015 -2287.903 l
163.482 -2360.21 m
163.482 -2287.903 l
S
0.749 0.757 0.765 SC
163.948 -2360.21 m
163.948 -2287.903 l
S
0.745 0.753 0.761 SC
164.415 -2360.21 m
164.415 -2287.903 l
S
0.741 0.749 0.757 SC
164.881 -2360.21 m
164.881 -2287.903 l
S
0.737 0.745 0.753 SC
165.348 -2360.21 m
165.348 -2287.903 l
S
0.733 0.741 0.753 SC
165.814 -2360.21 m
165.814 -2287.903 l
S
0.733 0.741 0.749 SC
166.281 -2360.21 m
166.281 -2287.903 l
166.747 -2360.21 m
166.747 -2287.903 l
S
0.729 0.737 0.745 SC
167.214 -2360.21 m
167.214 -2287.903 l
S
0.725 0.733 0.741 SC
167.68 -2360.21 m
167.68 -2287.903 l
S
0.722 0.729 0.737 SC
168.147 -2360.21 m
168.147 -2287.903 l
S
0.718 0.725 0.737 SC
168.613 -2360.21 m
168.613 -2287.903 l
S
0.714 0.722 0.733 SC
169.08 -2360.21 m
169.08 -2287.903 l
S
0.714 0.722 0.729 SC
169.546 -2360.21 m
169.546 -2287.903 l
S
0.71 0.718 0.725 SC
170.013 -2360.21 m
170.013 -2287.903 l
S
0.706 0.714 0.722 SC
170.479 -2360.21 m
170.479 -2287.903 l
S
0.702 0.71 0.722 SC
170.946 -2360.21 m
170.946 -2287.903 l
S
0.698 0.706 0.718 SC
171.412 -2360.21 m
171.412 -2287.903 l
S
0.698 0.706 0.714 SC
171.879 -2360.21 m
171.879 -2287.903 l
S
0.694 0.702 0.71 SC
172.345 -2360.21 m
172.345 -2287.903 l
S
0.69 0.698 0.706 SC
172.812 -2360.21 m
172.812 -2287.903 l
S
0.686 0.694 0.706 SC
173.278 -2360.21 m
173.278 -2287.903 l
S
0.682 0.69 0.702 SC
173.745 -2360.21 m
173.745 -2287.903 l
S
0.682 0.69 0.698 SC
174.211 -2360.21 m
174.211 -2287.903 l
S
0.678 0.686 0.694 SC
174.678 -2360.21 m
174.678 -2287.903 l
S
0.675 0.682 0.69 SC
175.144 -2360.21 m
175.144 -2287.903 l
S
0.671 0.678 0.69 SC
175.611 -2360.21 m
175.611 -2287.903 l
S
0.667 0.675 0.686 SC
176.077 -2360.21 m
176.077 -2287.903 l
S
0.663 0.675 0.682 SC
176.544 -2360.21 m
176.544 -2287.903 l
S
0.663 0.671 0.678 SC
177.01 -2360.21 m
177.01 -2287.903 l
S
0.659 0.667 0.678 SC
177.477 -2360.21 m
177.477 -2287.903 l
S
0.655 0.663 0.675 SC
177.943 -2360.21 m
177.943 -2287.903 l
S
0.651 0.659 0.671 SC
178.41 -2360.21 m
178.41 -2287.903 l
S
0.651 0.659 0.667 SC
178.876 -2360.21 m
178.876 -2287.903 l
S
0.647 0.655 0.663 SC
179.343 -2360.21 m
179.343 -2287.903 l
S
0.643 0.651 0.663 SC
179.809 -2360.21 m
179.809 -2287.903 l
S
0.639 0.647 0.659 SC
180.276 -2360.21 m
180.276 -2287.903 l
S
0.635 0.643 0.655 SC
180.742 -2360.21 m
180.742 -2287.903 l
S
0.635 0.643 0.651 SC
181.209 -2360.21 m
181.209 -2287.903 l
S
0.631 0.639 0.647 SC
181.675 -2360.21 m
181.675 -2287.903 l
S
0.627 0.635 0.647 SC
182.142 -2360.21 m
182.142 -2287.903 l
S
0.624 0.631 0.643 SC
182.608 -2360.21 m
182.608 -2287.903 l
S
0.62 0.631 0.639 SC
183.075 -2360.21 m
183.075 -2287.903 l
S
0.62 0.627 0.635 SC
183.541 -2360.21 m
183.541 -2287.903 l
S
0.616 0.624 0.635 SC
184.008 -2360.21 m
184.008 -2287.903 l
S
0.612 0.62 0.631 SC
184.474 -2360.21 m
184.474 -2287.903 l
S
0.608 0.616 0.627 SC
184.941 -2360.21 m
184.941 -2287.903 l
S
0.608 0.616 0.624 SC
185.407 -2360.21 m
185.407 -2287.903 l
S
0.604 0.612 0.624 SC
185.874 -2360.21 m
185.874 -2287.903 l
S
0.6 0.608 0.62 SC
186.34 -2360.21 m
186.34 -2287.903 l
S
0.596 0.604 0.616 SC
186.806 -2360.21 m
186.806 -2287.903 l
S
0.596 0.604 0.612 SC
187.273 -2360.21 m
187.273 -2287.903 l
S
0.592 0.6 0.608 SC
187.739 -2360.21 m
187.739 -2287.903 l
S
0.588 0.596 0.608 SC
188.206 -2360.21 m
188.206 -2287.903 l
S
0.584 0.592 0.604 SC
188.672 -2360.21 m
188.672 -2287.903 l
S
0.584 0.592 0.6 SC
189.139 -2360.21 m
189.139 -2287.903 l
S
0.58 0.588 0.596 SC
189.605 -2360.21 m
189.605 -2287.903 l
S
0.576 0.584 0.596 SC
190.072 -2360.21 m
190.072 -2287.903 l
S
0.573 0.58 0.592 SC
190.538 -2360.21 m
190.538 -2287.903 l
S
0.573 0.58 0.588 SC
191.005 -2360.21 m
191.005 -2287.903 l
S
0.569 0.576 0.588 SC
191.471 -2360.21 m
191.471 -2287.903 l
S
0.565 0.573 0.584 SC
191.938 -2360.21 m
191.938 -2287.903 l
S
0.561 0.569 0.58 SC
192.404 -2360.21 m
192.404 -2287.903 l
S
0.561 0.569 0.576 SC
192.871 -2360.21 m
192.871 -2287.903 l
S
0.557 0.565 0.576 SC
193.337 -2360.21 m
193.337 -2287.903 l
S
0.553 0.561 0.573 SC
193.804 -2360.21 m
193.804 -2287.903 l
S
0.549 0.557 0.569 SC
194.27 -2360.21 m
194.27 -2287.903 l
S
0.549 0.557 0.565 SC
194.737 -2360.21 m
194.737 -2287.903 l
S
0.545 0.553 0.565 SC
195.203 -2360.21 m
195.203 -2287.903 l
S
0.541 0.549 0.561 SC
195.67 -2360.21 m
195.67 -2287.903 l
S
0.537 0.545 0.557 SC
196.136 -2360.21 m
196.136 -2287.903 l
S
0.537 0.545 0.553 SC
196.603 -2360.21 m
196.603 -2287.903 l
S
0.533 0.541 0.553 SC
197.069 -2360.21 m
197.069 -2287.903 l
S
0.529 0.537 0.549 SC
197.536 -2360.21 m
197.536 -2287.903 l
S
0.529 0.533 0.545 SC
198.002 -2360.21 m
198.002 -2287.903 l
S
0.525 0.533 0.541 SC
198.469 -2360.21 m
198.469 -2287.903 l
S
0.522 0.529 0.541 SC
198.935 -2360.21 m
198.935 -2287.903 l
S
0.518 0.525 0.537 SC
199.402 -2360.21 m
199.402 -2287.903 l
S
0.518 0.525 0.533 SC
199.868 -2360.21 m
199.868 -2287.903 l
S
0.514 0.522 0.529 SC
200.335 -2360.21 m
200.335 -2287.903 l
S
0.51 0.518 0.529 SC
200.801 -2360.21 m
200.801 -2287.903 l
S
0.51 0.514 0.525 SC
201.268 -2360.21 m
201.268 -2287.903 l
S
0.506 0.514 0.522 SC
201.734 -2360.21 m
201.734 -2287.903 l
S
0.502 0.51 0.518 SC
202.201 -2360.21 m
202.201 -2287.903 l
S
Q
Q
q
1 i 
-9 851 613 -860 re
0 841 m
W n
0.03 841.02 595.02 -841.02 re
W n
/Cs5 cs 0.161 0.145 0.149 sc
/GS1 gs
560.12 841.02 34.93 -6.11 re
f
/Cs5 CS 0.161 0.145 0.149 SC
0 J 0 j 0.3 w 10 M []0 d
567.202 840.678 m
567.202 804.948 l
S
286.57 22.8 22.68 -22.8 re
f
BT
/F4 1 Tf
10 0 0 10 289.5747 7.7671 Tm
1 1 1 sc
-0.0002 Tc
0 Tw
(625)Tj
/F2 1 Tf
7 0 0 7 473.8676 17.5374 Tm
0.161 0.145 0.149 sc
-0.0001 Tc
-0.0306 Tw
[(Swissmedic Jour)-17.9(nal)-1111.9(9/2002)]TJ
ET
Q
q
1 i 
31.62 797.31 508.61 -762.71 re
560.117 17.537 m
W* n
-9 851 613 -860 re
0 841 m
W n
0.03 841.02 595.02 -841.02 re
W n
/GS1 gs
q
499 3.493 -4.9635 714.438 41.1183 73.1805 cm
/Im39 Do
Q
Q

q
1 i 
-9 851 613 -860 re
0 841 m
W n
0.03 841.02 595.02 -841.02 re
W n
BT
/F6 1 Tf
12.5 0 0 12.5 34.4488 811.7822 Tm
/Cs5 cs 0.161 0.145 0.149 sc
/GS1 gs
-0.0001 Tc
0 Tw
(Réglementation)Tj
ET
/Cs5 CS 0.161 0.145 0.149 SC
0 J 0 j 0.3 w 10 M []0 d
28.35 805.15 m
552.76 805.15 l
S
Q
q
1 i 
35.43 850.5 198.43 -24.09 re
124.041 811.782 m
W* n
-9 851 613 -860 re
0 841 m
W n
0.03 841.02 595.02 -841.02 re
W n
q
2.7718 0 0 -0.3608 0 0 cm
/Cs5 CS 0.502 0.51 0.518 SC
0 J 0 j 0.5 w 10 M []0 d
/GS1 gs
12.655 -2360.21 m
12.655 -2287.903 l
S
0.506 0.514 0.522 SC
13.121 -2360.21 m
13.121 -2287.903 l
S
0.51 0.514 0.525 SC
13.588 -2360.21 m
13.588 -2287.903 l
S
0.51 0.518 0.529 SC
14.054 -2360.21 m
14.054 -2287.903 l
S
0.514 0.522 0.529 SC
14.521 -2360.21 m
14.521 -2287.903 l
S
0.518 0.525 0.533 SC
14.987 -2360.21 m
14.987 -2287.903 l
S
0.518 0.525 0.537 SC
15.454 -2360.21 m
15.454 -2287.903 l
S
0.522 0.529 0.541 SC
15.92 -2360.21 m
15.92 -2287.903 l
S
0.525 0.533 0.541 SC
16.387 -2360.21 m
16.387 -2287.903 l
S
0.529 0.533 0.545 SC
16.853 -2360.21 m
16.853 -2287.903 l
S
0.529 0.537 0.549 SC
17.32 -2360.21 m
17.32 -2287.903 l
S
0.533 0.541 0.553 SC
17.786 -2360.21 m
17.786 -2287.903 l
S
0.537 0.545 0.553 SC
18.253 -2360.21 m
18.253 -2287.903 l
S
0.537 0.545 0.557 SC
18.719 -2360.21 m
18.719 -2287.903 l
S
0.541 0.549 0.561 SC
19.186 -2360.21 m
19.186 -2287.903 l
S
0.545 0.553 0.565 SC
19.652 -2360.21 m
19.652 -2287.903 l
S
0.549 0.557 0.565 SC
20.119 -2360.21 m
20.119 -2287.903 l
S
0.549 0.557 0.569 SC
20.585 -2360.21 m
20.585 -2287.903 l
S
0.553 0.561 0.573 SC
21.052 -2360.21 m
21.052 -2287.903 l
S
0.557 0.565 0.576 SC
21.518 -2360.21 m
21.518 -2287.903 l
S
0.561 0.569 0.576 SC
21.985 -2360.21 m
21.985 -2287.903 l
S
0.561 0.569 0.58 SC
22.451 -2360.21 m
22.451 -2287.903 l
S
0.565 0.573 0.584 SC
22.918 -2360.21 m
22.918 -2287.903 l
S
0.569 0.576 0.588 SC
23.384 -2360.21 m
23.384 -2287.903 l
S
0.573 0.58 0.588 SC
23.851 -2360.21 m
23.851 -2287.903 l
S
0.573 0.58 0.592 SC
24.317 -2360.21 m
24.317 -2287.903 l
S
0.576 0.584 0.596 SC
24.784 -2360.21 m
24.784 -2287.903 l
S
0.58 0.588 0.596 SC
25.25 -2360.21 m
25.25 -2287.903 l
S
0.584 0.592 0.6 SC
25.717 -2360.21 m
25.717 -2287.903 l
S
0.584 0.592 0.604 SC
26.183 -2360.21 m
26.183 -2287.903 l
S
0.588 0.596 0.608 SC
26.65 -2360.21 m
26.65 -2287.903 l
S
0.592 0.6 0.608 SC
27.116 -2360.21 m
27.116 -2287.903 l
S
0.596 0.604 0.612 SC
27.583 -2360.21 m
27.583 -2287.903 l
S
0.596 0.604 0.616 SC
28.049 -2360.21 m
28.049 -2287.903 l
S
0.6 0.608 0.62 SC
28.516 -2360.21 m
28.516 -2287.903 l
S
0.604 0.612 0.624 SC
28.982 -2360.21 m
28.982 -2287.903 l
S
0.608 0.616 0.624 SC
29.449 -2360.21 m
29.449 -2287.903 l
S
0.608 0.616 0.627 SC
29.915 -2360.21 m
29.915 -2287.903 l
S
0.612 0.62 0.631 SC
30.382 -2360.21 m
30.382 -2287.903 l
S
0.616 0.624 0.635 SC
30.848 -2360.21 m
30.848 -2287.903 l
S
0.62 0.627 0.635 SC
31.315 -2360.21 m
31.315 -2287.903 l
S
0.62 0.631 0.639 SC
31.781 -2360.21 m
31.781 -2287.903 l
S
0.624 0.631 0.643 SC
32.248 -2360.21 m
32.248 -2287.903 l
S
0.627 0.635 0.647 SC
32.714 -2360.21 m
32.714 -2287.903 l
S
0.631 0.639 0.647 SC
33.181 -2360.21 m
33.181 -2287.903 l
S
0.635 0.643 0.651 SC
33.647 -2360.21 m
33.647 -2287.903 l
S
0.635 0.643 0.655 SC
34.113 -2360.21 m
34.113 -2287.903 l
S
0.639 0.647 0.659 SC
34.58 -2360.21 m
34.58 -2287.903 l
S
0.643 0.651 0.663 SC
35.046 -2360.21 m
35.046 -2287.903 l
S
0.647 0.655 0.663 SC
35.513 -2360.21 m
35.513 -2287.903 l
S
0.651 0.659 0.667 SC
35.979 -2360.21 m
35.979 -2287.903 l
S
0.651 0.659 0.671 SC
36.446 -2360.21 m
36.446 -2287.903 l
S
0.655 0.663 0.675 SC
36.912 -2360.21 m
36.912 -2287.903 l
S
0.659 0.667 0.678 SC
37.379 -2360.21 m
37.379 -2287.903 l
S
0.663 0.671 0.678 SC
37.845 -2360.21 m
37.845 -2287.903 l
S
0.663 0.675 0.682 SC
38.312 -2360.21 m
38.312 -2287.903 l
S
0.667 0.675 0.686 SC
38.778 -2360.21 m
38.778 -2287.903 l
S
0.671 0.678 0.69 SC
39.245 -2360.21 m
39.245 -2287.903 l
S
0.675 0.682 0.69 SC
39.711 -2360.21 m
39.711 -2287.903 l
S
0.678 0.686 0.694 SC
40.178 -2360.21 m
40.178 -2287.903 l
S
0.682 0.69 0.698 SC
40.644 -2360.21 m
40.644 -2287.903 l
S
0.682 0.69 0.702 SC
41.111 -2360.21 m
41.111 -2287.903 l
S
0.686 0.694 0.706 SC
41.577 -2360.21 m
41.577 -2287.903 l
S
0.69 0.698 0.706 SC
42.044 -2360.21 m
42.044 -2287.903 l
S
0.694 0.702 0.71 SC
42.51 -2360.21 m
42.51 -2287.903 l
S
0.698 0.706 0.714 SC
42.977 -2360.21 m
42.977 -2287.903 l
S
0.698 0.706 0.718 SC
43.443 -2360.21 m
43.443 -2287.903 l
S
0.702 0.71 0.722 SC
43.91 -2360.21 m
43.91 -2287.903 l
S
0.706 0.714 0.722 SC
44.376 -2360.21 m
44.376 -2287.903 l
S
0.71 0.718 0.725 SC
44.843 -2360.21 m
44.843 -2287.903 l
S
0.714 0.722 0.729 SC
45.309 -2360.21 m
45.309 -2287.903 l
S
0.714 0.722 0.733 SC
45.776 -2360.21 m
45.776 -2287.903 l
S
0.718 0.725 0.737 SC
46.242 -2360.21 m
46.242 -2287.903 l
S
0.722 0.729 0.737 SC
46.709 -2360.21 m
46.709 -2287.903 l
S
0.725 0.733 0.741 SC
47.175 -2360.21 m
47.175 -2287.903 l
S
0.729 0.737 0.745 SC
47.642 -2360.21 m
47.642 -2287.903 l
S
0.733 0.741 0.749 SC
48.108 -2360.21 m
48.108 -2287.903 l
S
0.733 0.741 0.753 SC
48.575 -2360.21 m
48.575 -2287.903 l
49.041 -2360.21 m
49.041 -2287.903 l
S
0.737 0.745 0.753 SC
49.508 -2360.21 m
49.508 -2287.903 l
S
0.741 0.749 0.757 SC
49.974 -2360.21 m
49.974 -2287.903 l
S
0.745 0.753 0.761 SC
50.441 -2360.21 m
50.441 -2287.903 l
S
0.749 0.757 0.765 SC
50.907 -2360.21 m
50.907 -2287.903 l
S
0.753 0.761 0.769 SC
51.374 -2360.21 m
51.374 -2287.903 l
51.84 -2360.21 m
51.84 -2287.903 l
S
0.757 0.765 0.773 SC
52.307 -2360.21 m
52.307 -2287.903 l
S
0.761 0.769 0.776 SC
52.773 -2360.21 m
52.773 -2287.903 l
S
0.765 0.773 0.78 SC
53.24 -2360.21 m
53.24 -2287.903 l
S
0.769 0.776 0.784 SC
53.706 -2360.21 m
53.706 -2287.903 l
S
0.773 0.776 0.784 SC
54.173 -2360.21 m
54.173 -2287.903 l
S
0.776 0.78 0.788 SC
54.639 -2360.21 m
54.639 -2287.903 l
S
0.776 0.784 0.792 SC
55.106 -2360.21 m
55.106 -2287.903 l
S
0.78 0.788 0.796 SC
55.572 -2360.21 m
55.572 -2287.903 l
S
0.784 0.792 0.8 SC
56.039 -2360.21 m
56.039 -2287.903 l
S
0.788 0.796 0.8 SC
56.505 -2360.21 m
56.505 -2287.903 l
S
0.792 0.796 0.804 SC
56.972 -2360.21 m
56.972 -2287.903 l
S
0.796 0.8 0.808 SC
57.438 -2360.21 m
57.438 -2287.903 l
S
0.796 0.804 0.812 SC
57.905 -2360.21 m
57.905 -2287.903 l
S
0.8 0.808 0.816 SC
58.371 -2360.21 m
58.371 -2287.903 l
S
0.804 0.812 0.816 SC
58.838 -2360.21 m
58.838 -2287.903 l
S
0.808 0.812 0.82 SC
59.304 -2360.21 m
59.304 -2287.903 l
S
0.812 0.816 0.824 SC
59.771 -2360.21 m
59.771 -2287.903 l
S
0.816 0.82 0.827 SC
60.237 -2360.21 m
60.237 -2287.903 l
S
0.816 0.824 0.831 SC
60.704 -2360.21 m
60.704 -2287.903 l
S
0.82 0.827 0.831 SC
61.17 -2360.21 m
61.17 -2287.903 l
S
0.824 0.831 0.835 SC
61.637 -2360.21 m
61.637 -2287.903 l
S
0.827 0.831 0.839 SC
62.103 -2360.21 m
62.103 -2287.903 l
S
0.831 0.835 0.843 SC
62.57 -2360.21 m
62.57 -2287.903 l
S
0.835 0.839 0.843 SC
63.036 -2360.21 m
63.036 -2287.903 l
S
0.835 0.843 0.847 SC
63.503 -2360.21 m
63.503 -2287.903 l
S
0.839 0.847 0.851 SC
63.969 -2360.21 m
63.969 -2287.903 l
S
0.843 0.847 0.855 SC
64.436 -2360.21 m
64.436 -2287.903 l
S
0.847 0.851 0.859 SC
64.902 -2360.21 m
64.902 -2287.903 l
S
0.851 0.855 0.859 SC
65.369 -2360.21 m
65.369 -2287.903 l
S
0.855 0.859 0.863 SC
65.835 -2360.21 m
65.835 -2287.903 l
S
0.855 0.863 0.867 SC
66.302 -2360.21 m
66.302 -2287.903 l
S
0.859 0.863 0.871 SC
66.768 -2360.21 m
66.768 -2287.903 l
S
0.863 0.867 0.875 SC
67.235 -2360.21 m
67.235 -2287.903 l
S
0.867 0.871 0.875 SC
67.701 -2360.21 m
67.701 -2287.903 l
S
0.871 0.875 0.878 SC
68.168 -2360.21 m
68.168 -2287.903 l
S
0.875 0.878 0.882 SC
68.634 -2360.21 m
68.634 -2287.903 l
S
0.875 0.882 0.886 SC
69.101 -2360.21 m
69.101 -2287.903 l
S
0.878 0.882 0.89 SC
69.567 -2360.21 m
69.567 -2287.903 l
S
0.882 0.886 0.89 SC
70.034 -2360.21 m
70.034 -2287.903 l
S
0.886 0.89 0.894 SC
70.5 -2360.21 m
70.5 -2287.903 l
S
0.89 0.894 0.898 SC
70.967 -2360.21 m
70.967 -2287.903 l
S
0.894 0.898 0.902 SC
71.433 -2360.21 m
71.433 -2287.903 l
S
0.898 0.898 0.902 SC
71.9 -2360.21 m
71.9 -2287.903 l
S
0.898 0.902 0.906 SC
72.366 -2360.21 m
72.366 -2287.903 l
S
0.902 0.906 0.91 SC
72.833 -2360.21 m
72.833 -2287.903 l
S
0.906 0.91 0.914 SC
73.299 -2360.21 m
73.299 -2287.903 l
S
0.91 0.914 0.918 SC
73.766 -2360.21 m
73.766 -2287.903 l
S
0.914 0.918 0.922 SC
74.232 -2360.21 m
74.232 -2287.903 l
S
0.918 0.922 0.922 SC
74.699 -2360.21 m
74.699 -2287.903 l
S
0.922 0.922 0.925 SC
75.165 -2360.21 m
75.165 -2287.903 l
S
0.922 0.925 0.929 SC
75.632 -2360.21 m
75.632 -2287.903 l
S
0.925 0.929 0.933 SC
76.098 -2360.21 m
76.098 -2287.903 l
S
0.929 0.933 0.933 SC
76.565 -2360.21 m
76.565 -2287.903 l
S
0.933 0.937 0.937 SC
77.031 -2360.21 m
77.031 -2287.903 l
S
0.937 0.937 0.941 SC
77.498 -2360.21 m
77.498 -2287.903 l
S
0.941 0.941 0.945 SC
77.964 -2360.21 m
77.964 -2287.903 l
S
0.945 0.945 0.949 SC
78.431 -2360.21 m
78.431 -2287.903 l
S
0.945 0.949 0.949 SC
78.897 -2360.21 m
78.897 -2287.903 l
S
0.949 0.953 0.953 SC
79.364 -2360.21 m
79.364 -2287.903 l
S
0.953 0.957 0.957 SC
79.83 -2360.21 m
79.83 -2287.903 l
S
0.957 0.957 0.961 SC
80.297 -2360.21 m
80.297 -2287.903 l
S
0.961 0.961 0.965 SC
80.763 -2360.21 m
80.763 -2287.903 l
S
0.965 0.965 0.969 SC
81.23 -2360.21 m
81.23 -2287.903 l
S
0.969 0.969 0.969 SC
81.696 -2360.21 m
81.696 -2287.903 l
S
0.973 0.973 0.973 SC
82.163 -2360.21 m
82.163 -2287.903 l
S
0.976 0.976 0.976 SC
82.629 -2360.21 m
82.629 -2287.903 l
S
0.98 0.98 0.984 SC
83.096 -2360.21 m
83.096 -2287.903 l
S
0.988 0.988 0.988 SC
83.562 -2360.21 m
83.562 -2287.903 l
S
0.992 0.992 0.992 SC
84.029 -2360.21 m
84.029 -2287.903 l
S
1 1 1 SC
84.495 -2360.21 m
84.495 -2287.903 l
S
Q
Q
q
1 i 
-9 851 613 -860 re
0 841 m
W n
0.03 841.02 595.02 -841.02 re
W n
/Cs5 cs 0.161 0.145 0.149 sc
/GS1 gs
0.03 841.02 35.4 -6.11 re
f
/Cs5 CS 0.161 0.145 0.149 SC
0 J 0 j 0.3 w 10 M []0 d
28.347 841.076 m
28.347 805.006 l
S
286.3 22.8 22.68 -22.8 re
f
BT
/F4 1 Tf
10 0 0 10 289.2992 7.7671 Tm
1 1 1 sc
-0.0002 Tc
0 Tw
(626)Tj
/F2 1 Tf
7 0 0 7 35.4331 17.5374 Tm
0.161 0.145 0.149 sc
-0.0001 Tc
-0.0306 Tw
[(Swissmedic Jour)-17.9(nal)-1111.9(9/2002)]TJ
ET
Q
q
1 i 
65.73 789.98 503.24 -754.54 re
121.683 17.537 m
W* n
-9 851 613 -860 re
0 841 m
W n
0.03 841.02 595.02 -841.02 re
W n
/GS1 gs
q
495.0001 0 0 449.7983 63.73 338.63 cm
/Im40 Do
Q
Q

q
1 i 
-9 851 613 -860 re
0 841 m
W n
0.03 841.02 595.02 -841.02 re
W n
BT
/F6 1 Tf
12.5 0 0 12.5 470.5056 811.7825 Tm
/Cs5 cs 0.161 0.145 0.149 sc
/GS1 gs
-0.0001 Tc
0 Tw
(Réglementation)Tj
ET
/Cs5 CS 0.161 0.145 0.149 SC
0 J 0 j 0.3 w 10 M []0 d
42.8 805.15 m
567.2 805.15 l
S
Q
q
1 i 
361.69 850.5 198.43 -24.09 re
560.098 811.782 m
W* n
-9 851 613 -860 re
0 841 m
W n
0.03 841.02 595.02 -841.02 re
W n
q
2.7718 0 0 -0.3608 0 0 cm
/Cs5 CS 1 1 1 SC
0 J 0 j 0.5 w 10 M []0 d
/GS1 gs
130.36 -2360.21 m
130.36 -2287.903 l
S
0.992 0.992 0.992 SC
130.827 -2360.21 m
130.827 -2287.903 l
S
0.988 0.988 0.988 SC
131.293 -2360.21 m
131.293 -2287.903 l
S
0.98 0.98 0.984 SC
131.76 -2360.21 m
131.76 -2287.903 l
S
0.976 0.976 0.976 SC
132.226 -2360.21 m
132.226 -2287.903 l
S
0.973 0.973 0.973 SC
132.693 -2360.21 m
132.693 -2287.903 l
S
0.969 0.969 0.969 SC
133.159 -2360.21 m
133.159 -2287.903 l
S
0.965 0.965 0.969 SC
133.626 -2360.21 m
133.626 -2287.903 l
S
0.961 0.961 0.965 SC
134.092 -2360.21 m
134.092 -2287.903 l
S
0.957 0.957 0.961 SC
134.559 -2360.21 m
134.559 -2287.903 l
S
0.953 0.957 0.957 SC
135.025 -2360.21 m
135.025 -2287.903 l
S
0.949 0.953 0.953 SC
135.492 -2360.21 m
135.492 -2287.903 l
S
0.945 0.949 0.949 SC
135.958 -2360.21 m
135.958 -2287.903 l
S
0.945 0.945 0.949 SC
136.425 -2360.21 m
136.425 -2287.903 l
S
0.941 0.941 0.945 SC
136.891 -2360.21 m
136.891 -2287.903 l
S
0.937 0.937 0.941 SC
137.358 -2360.21 m
137.358 -2287.903 l
S
0.933 0.937 0.937 SC
137.824 -2360.21 m
137.824 -2287.903 l
S
0.929 0.933 0.933 SC
138.291 -2360.21 m
138.291 -2287.903 l
S
0.925 0.929 0.933 SC
138.757 -2360.21 m
138.757 -2287.903 l
S
0.922 0.925 0.929 SC
139.224 -2360.21 m
139.224 -2287.903 l
S
0.922 0.922 0.925 SC
139.69 -2360.21 m
139.69 -2287.903 l
S
0.918 0.922 0.922 SC
140.157 -2360.21 m
140.157 -2287.903 l
S
0.914 0.918 0.922 SC
140.623 -2360.21 m
140.623 -2287.903 l
S
0.91 0.914 0.918 SC
141.09 -2360.21 m
141.09 -2287.903 l
S
0.906 0.91 0.914 SC
141.556 -2360.21 m
141.556 -2287.903 l
S
0.902 0.906 0.91 SC
142.023 -2360.21 m
142.023 -2287.903 l
S
0.898 0.902 0.906 SC
142.489 -2360.21 m
142.489 -2287.903 l
S
0.898 0.898 0.902 SC
142.956 -2360.21 m
142.956 -2287.903 l
S
0.894 0.898 0.902 SC
143.422 -2360.21 m
143.422 -2287.903 l
S
0.89 0.894 0.898 SC
143.889 -2360.21 m
143.889 -2287.903 l
S
0.886 0.89 0.894 SC
144.355 -2360.21 m
144.355 -2287.903 l
S
0.882 0.886 0.89 SC
144.822 -2360.21 m
144.822 -2287.903 l
S
0.878 0.882 0.89 SC
145.288 -2360.21 m
145.288 -2287.903 l
S
0.875 0.882 0.886 SC
145.755 -2360.21 m
145.755 -2287.903 l
S
0.875 0.878 0.882 SC
146.221 -2360.21 m
146.221 -2287.903 l
S
0.871 0.875 0.878 SC
146.688 -2360.21 m
146.688 -2287.903 l
S
0.867 0.871 0.875 SC
147.154 -2360.21 m
147.154 -2287.903 l
S
0.863 0.867 0.875 SC
147.621 -2360.21 m
147.621 -2287.903 l
S
0.859 0.863 0.871 SC
148.087 -2360.21 m
148.087 -2287.903 l
S
0.855 0.863 0.867 SC
148.554 -2360.21 m
148.554 -2287.903 l
S
0.855 0.859 0.863 SC
149.02 -2360.21 m
149.02 -2287.903 l
S
0.851 0.855 0.859 SC
149.487 -2360.21 m
149.487 -2287.903 l
S
0.847 0.851 0.859 SC
149.953 -2360.21 m
149.953 -2287.903 l
S
0.843 0.847 0.855 SC
150.42 -2360.21 m
150.42 -2287.903 l
S
0.839 0.847 0.851 SC
150.886 -2360.21 m
150.886 -2287.903 l
S
0.835 0.843 0.847 SC
151.353 -2360.21 m
151.353 -2287.903 l
S
0.835 0.839 0.843 SC
151.819 -2360.21 m
151.819 -2287.903 l
S
0.831 0.835 0.843 SC
152.286 -2360.21 m
152.286 -2287.903 l
S
0.827 0.831 0.839 SC
152.752 -2360.21 m
152.752 -2287.903 l
S
0.824 0.831 0.835 SC
153.219 -2360.21 m
153.219 -2287.903 l
S
0.82 0.827 0.831 SC
153.685 -2360.21 m
153.685 -2287.903 l
S
0.816 0.824 0.831 SC
154.152 -2360.21 m
154.152 -2287.903 l
S
0.816 0.82 0.827 SC
154.618 -2360.21 m
154.618 -2287.903 l
S
0.812 0.816 0.824 SC
155.085 -2360.21 m
155.085 -2287.903 l
S
0.808 0.812 0.82 SC
155.551 -2360.21 m
155.551 -2287.903 l
S
0.804 0.812 0.816 SC
156.018 -2360.21 m
156.018 -2287.903 l
S
0.8 0.808 0.816 SC
156.484 -2360.21 m
156.484 -2287.903 l
S
0.796 0.804 0.812 SC
156.951 -2360.21 m
156.951 -2287.903 l
S
0.796 0.8 0.808 SC
157.417 -2360.21 m
157.417 -2287.903 l
S
0.792 0.796 0.804 SC
157.884 -2360.21 m
157.884 -2287.903 l
S
0.788 0.796 0.8 SC
158.35 -2360.21 m
158.35 -2287.903 l
S
0.784 0.792 0.8 SC
158.817 -2360.21 m
158.817 -2287.903 l
S
0.78 0.788 0.796 SC
159.283 -2360.21 m
159.283 -2287.903 l
S
0.776 0.784 0.792 SC
159.75 -2360.21 m
159.75 -2287.903 l
S
0.776 0.78 0.788 SC
160.216 -2360.21 m
160.216 -2287.903 l
S
0.773 0.776 0.784 SC
160.683 -2360.21 m
160.683 -2287.903 l
S
0.769 0.776 0.784 SC
161.149 -2360.21 m
161.149 -2287.903 l
S
0.765 0.773 0.78 SC
161.616 -2360.21 m
161.616 -2287.903 l
S
0.761 0.769 0.776 SC
162.082 -2360.21 m
162.082 -2287.903 l
S
0.757 0.765 0.773 SC
162.549 -2360.21 m
162.549 -2287.903 l
S
0.753 0.761 0.769 SC
163.015 -2360.21 m
163.015 -2287.903 l
163.482 -2360.21 m
163.482 -2287.903 l
S
0.749 0.757 0.765 SC
163.948 -2360.21 m
163.948 -2287.903 l
S
0.745 0.753 0.761 SC
164.415 -2360.21 m
164.415 -2287.903 l
S
0.741 0.749 0.757 SC
164.881 -2360.21 m
164.881 -2287.903 l
S
0.737 0.745 0.753 SC
165.348 -2360.21 m
165.348 -2287.903 l
S
0.733 0.741 0.753 SC
165.814 -2360.21 m
165.814 -2287.903 l
S
0.733 0.741 0.749 SC
166.281 -2360.21 m
166.281 -2287.903 l
166.747 -2360.21 m
166.747 -2287.903 l
S
0.729 0.737 0.745 SC
167.214 -2360.21 m
167.214 -2287.903 l
S
0.725 0.733 0.741 SC
167.68 -2360.21 m
167.68 -2287.903 l
S
0.722 0.729 0.737 SC
168.147 -2360.21 m
168.147 -2287.903 l
S
0.718 0.725 0.737 SC
168.613 -2360.21 m
168.613 -2287.903 l
S
0.714 0.722 0.733 SC
169.08 -2360.21 m
169.08 -2287.903 l
S
0.714 0.722 0.729 SC
169.546 -2360.21 m
169.546 -2287.903 l
S
0.71 0.718 0.725 SC
170.013 -2360.21 m
170.013 -2287.903 l
S
0.706 0.714 0.722 SC
170.479 -2360.21 m
170.479 -2287.903 l
S
0.702 0.71 0.722 SC
170.946 -2360.21 m
170.946 -2287.903 l
S
0.698 0.706 0.718 SC
171.412 -2360.21 m
171.412 -2287.903 l
S
0.698 0.706 0.714 SC
171.879 -2360.21 m
171.879 -2287.903 l
S
0.694 0.702 0.71 SC
172.345 -2360.21 m
172.345 -2287.903 l
S
0.69 0.698 0.706 SC
172.812 -2360.21 m
172.812 -2287.903 l
S
0.686 0.694 0.706 SC
173.278 -2360.21 m
173.278 -2287.903 l
S
0.682 0.69 0.702 SC
173.745 -2360.21 m
173.745 -2287.903 l
S
0.682 0.69 0.698 SC
174.211 -2360.21 m
174.211 -2287.903 l
S
0.678 0.686 0.694 SC
174.678 -2360.21 m
174.678 -2287.903 l
S
0.675 0.682 0.69 SC
175.144 -2360.21 m
175.144 -2287.903 l
S
0.671 0.678 0.69 SC
175.611 -2360.21 m
175.611 -2287.903 l
S
0.667 0.675 0.686 SC
176.077 -2360.21 m
176.077 -2287.903 l
S
0.663 0.675 0.682 SC
176.544 -2360.21 m
176.544 -2287.903 l
S
0.663 0.671 0.678 SC
177.01 -2360.21 m
177.01 -2287.903 l
S
0.659 0.667 0.678 SC
177.477 -2360.21 m
177.477 -2287.903 l
S
0.655 0.663 0.675 SC
177.943 -2360.21 m
177.943 -2287.903 l
S
0.651 0.659 0.671 SC
178.41 -2360.21 m
178.41 -2287.903 l
S
0.651 0.659 0.667 SC
178.876 -2360.21 m
178.876 -2287.903 l
S
0.647 0.655 0.663 SC
179.343 -2360.21 m
179.343 -2287.903 l
S
0.643 0.651 0.663 SC
179.809 -2360.21 m
179.809 -2287.903 l
S
0.639 0.647 0.659 SC
180.276 -2360.21 m
180.276 -2287.903 l
S
0.635 0.643 0.655 SC
180.742 -2360.21 m
180.742 -2287.903 l
S
0.635 0.643 0.651 SC
181.209 -2360.21 m
181.209 -2287.903 l
S
0.631 0.639 0.647 SC
181.675 -2360.21 m
181.675 -2287.903 l
S
0.627 0.635 0.647 SC
182.142 -2360.21 m
182.142 -2287.903 l
S
0.624 0.631 0.643 SC
182.608 -2360.21 m
182.608 -2287.903 l
S
0.62 0.631 0.639 SC
183.075 -2360.21 m
183.075 -2287.903 l
S
0.62 0.627 0.635 SC
183.541 -2360.21 m
183.541 -2287.903 l
S
0.616 0.624 0.635 SC
184.008 -2360.21 m
184.008 -2287.903 l
S
0.612 0.62 0.631 SC
184.474 -2360.21 m
184.474 -2287.903 l
S
0.608 0.616 0.627 SC
184.941 -2360.21 m
184.941 -2287.903 l
S
0.608 0.616 0.624 SC
185.407 -2360.21 m
185.407 -2287.903 l
S
0.604 0.612 0.624 SC
185.874 -2360.21 m
185.874 -2287.903 l
S
0.6 0.608 0.62 SC
186.34 -2360.21 m
186.34 -2287.903 l
S
0.596 0.604 0.616 SC
186.806 -2360.21 m
186.806 -2287.903 l
S
0.596 0.604 0.612 SC
187.273 -2360.21 m
187.273 -2287.903 l
S
0.592 0.6 0.608 SC
187.739 -2360.21 m
187.739 -2287.903 l
S
0.588 0.596 0.608 SC
188.206 -2360.21 m
188.206 -2287.903 l
S
0.584 0.592 0.604 SC
188.672 -2360.21 m
188.672 -2287.903 l
S
0.584 0.592 0.6 SC
189.139 -2360.21 m
189.139 -2287.903 l
S
0.58 0.588 0.596 SC
189.605 -2360.21 m
189.605 -2287.903 l
S
0.576 0.584 0.596 SC
190.072 -2360.21 m
190.072 -2287.903 l
S
0.573 0.58 0.592 SC
190.538 -2360.21 m
190.538 -2287.903 l
S
0.573 0.58 0.588 SC
191.005 -2360.21 m
191.005 -2287.903 l
S
0.569 0.576 0.588 SC
191.471 -2360.21 m
191.471 -2287.903 l
S
0.565 0.573 0.584 SC
191.938 -2360.21 m
191.938 -2287.903 l
S
0.561 0.569 0.58 SC
192.404 -2360.21 m
192.404 -2287.903 l
S
0.561 0.569 0.576 SC
192.871 -2360.21 m
192.871 -2287.903 l
S
0.557 0.565 0.576 SC
193.337 -2360.21 m
193.337 -2287.903 l
S
0.553 0.561 0.573 SC
193.804 -2360.21 m
193.804 -2287.903 l
S
0.549 0.557 0.569 SC
194.27 -2360.21 m
194.27 -2287.903 l
S
0.549 0.557 0.565 SC
194.737 -2360.21 m
194.737 -2287.903 l
S
0.545 0.553 0.565 SC
195.203 -2360.21 m
195.203 -2287.903 l
S
0.541 0.549 0.561 SC
195.67 -2360.21 m
195.67 -2287.903 l
S
0.537 0.545 0.557 SC
196.136 -2360.21 m
196.136 -2287.903 l
S
0.537 0.545 0.553 SC
196.603 -2360.21 m
196.603 -2287.903 l
S
0.533 0.541 0.553 SC
197.069 -2360.21 m
197.069 -2287.903 l
S
0.529 0.537 0.549 SC
197.536 -2360.21 m
197.536 -2287.903 l
S
0.529 0.533 0.545 SC
198.002 -2360.21 m
198.002 -2287.903 l
S
0.525 0.533 0.541 SC
198.469 -2360.21 m
198.469 -2287.903 l
S
0.522 0.529 0.541 SC
198.935 -2360.21 m
198.935 -2287.903 l
S
0.518 0.525 0.537 SC
199.402 -2360.21 m
199.402 -2287.903 l
S
0.518 0.525 0.533 SC
199.868 -2360.21 m
199.868 -2287.903 l
S
0.514 0.522 0.529 SC
200.335 -2360.21 m
200.335 -2287.903 l
S
0.51 0.518 0.529 SC
200.801 -2360.21 m
200.801 -2287.903 l
S
0.51 0.514 0.525 SC
201.268 -2360.21 m
201.268 -2287.903 l
S
0.506 0.514 0.522 SC
201.734 -2360.21 m
201.734 -2287.903 l
S
0.502 0.51 0.518 SC
202.201 -2360.21 m
202.201 -2287.903 l
S
Q
Q
q
1 i 
-9 851 613 -860 re
0 841 m
W n
0.03 841.02 595.02 -841.02 re
W n
/Cs5 cs 0.161 0.145 0.149 sc
/GS1 gs
560.12 841.02 34.93 -6.11 re
f
/Cs5 CS 0.161 0.145 0.149 SC
0 J 0 j 0.3 w 10 M []0 d
567.202 840.678 m
567.202 804.948 l
S
286.57 22.8 22.68 -22.8 re
f
BT
/F4 1 Tf
10 0 0 10 289.5747 7.7671 Tm
1 1 1 sc
-0.0002 Tc
0 Tw
(627)Tj
/F2 1 Tf
7 0 0 7 473.8676 17.5374 Tm
0.161 0.145 0.149 sc
-0.0001 Tc
-0.0306 Tw
[(Swissmedic Jour)-17.9(nal)-1111.9(9/2002)]TJ
ET
Q
q
1 i 
31.18 795.31 495.9 -54.78 re
560.117 17.537 m
W* n
-9 851 613 -860 re
0 841 m
W n
0.03 841.02 595.02 -841.02 re
W n
/GS1 gs
q
495.9999 -0.5952 0.0662 52.3944 32.3318 740.1284 cm
/Im41 Do
Q
Q
q
1 i 
31.18 730.84 495.9 -698.53 re
560.117 17.537 m
W* n
-9 851 613 -860 re
0 841 m
W n
0.03 841.02 595.02 -841.02 re
W n
/GS1 gs
q
496.9999 -0.5964 0.344 272.3004 31.9918 459.522 cm
/Im42 Do
Q
Q

q
1 i 
-9 851 613 -860 re
0 841 m
W n
0.03 841.02 595.02 -841.02 re
W n
BT
/F3 1 Tf
12.5 0 0 12.5 34.4488 811.7822 Tm
/Cs5 cs 0.161 0.145 0.149 sc
/GS1 gs
-0.0001 Tc
0 Tw
(Réglementation)Tj
ET
/Cs5 CS 0.161 0.145 0.149 SC
0 J 0 j 0.3 w 10 M []0 d
28.35 805.15 m
552.76 805.15 l
S
Q
q
1 i 
35.43 850.5 198.43 -24.09 re
124.041 811.782 m
W* n
-9 851 613 -860 re
0 841 m
W n
0.03 841.02 595.02 -841.02 re
W n
q
2.7718 0 0 -0.3608 0 0 cm
/Cs5 CS 0.502 0.51 0.518 SC
0 J 0 j 0.5 w 10 M []0 d
/GS1 gs
12.655 -2360.21 m
12.655 -2287.903 l
S
0.506 0.514 0.522 SC
13.121 -2360.21 m
13.121 -2287.903 l
S
0.51 0.514 0.525 SC
13.588 -2360.21 m
13.588 -2287.903 l
S
0.51 0.518 0.529 SC
14.054 -2360.21 m
14.054 -2287.903 l
S
0.514 0.522 0.529 SC
14.521 -2360.21 m
14.521 -2287.903 l
S
0.518 0.525 0.533 SC
14.987 -2360.21 m
14.987 -2287.903 l
S
0.518 0.525 0.537 SC
15.454 -2360.21 m
15.454 -2287.903 l
S
0.522 0.529 0.541 SC
15.92 -2360.21 m
15.92 -2287.903 l
S
0.525 0.533 0.541 SC
16.387 -2360.21 m
16.387 -2287.903 l
S
0.529 0.533 0.545 SC
16.853 -2360.21 m
16.853 -2287.903 l
S
0.529 0.537 0.549 SC
17.32 -2360.21 m
17.32 -2287.903 l
S
0.533 0.541 0.553 SC
17.786 -2360.21 m
17.786 -2287.903 l
S
0.537 0.545 0.553 SC
18.253 -2360.21 m
18.253 -2287.903 l
S
0.537 0.545 0.557 SC
18.719 -2360.21 m
18.719 -2287.903 l

S
0.541 0.549 0.561 SC
19.186 -2360.21 m
19.186 -2287.903 l
S
0.545 0.553 0.565 SC
19.652 -2360.21 m
19.652 -2287.903 l
S
0.549 0.557 0.565 SC
20.119 -2360.21 m
20.119 -2287.903 l
S
0.549 0.557 0.569 SC
20.585 -2360.21 m
20.585 -2287.903 l
S
0.553 0.561 0.573 SC
21.052 -2360.21 m
21.052 -2287.903 l
S
0.557 0.565 0.576 SC
21.518 -2360.21 m
21.518 -2287.903 l
S
0.561 0.569 0.576 SC
21.985 -2360.21 m
21.985 -2287.903 l
S
0.561 0.569 0.58 SC
22.451 -2360.21 m
22.451 -2287.903 l
S
0.565 0.573 0.584 SC
22.918 -2360.21 m
22.918 -2287.903 l
S
0.569 0.576 0.588 SC
23.384 -2360.21 m
23.384 -2287.903 l
S
0.573 0.58 0.588 SC
23.851 -2360.21 m
23.851 -2287.903 l
S
0.573 0.58 0.592 SC
24.317 -2360.21 m
24.317 -2287.903 l
S
0.576 0.584 0.596 SC
24.784 -2360.21 m
24.784 -2287.903 l
S
0.58 0.588 0.596 SC
25.25 -2360.21 m
25.25 -2287.903 l
S
0.584 0.592 0.6 SC
25.717 -2360.21 m
25.717 -2287.903 l
S
0.584 0.592 0.604 SC
26.183 -2360.21 m
26.183 -2287.903 l
S
0.588 0.596 0.608 SC
26.65 -2360.21 m
26.65 -2287.903 l
S
0.592 0.6 0.608 SC
27.116 -2360.21 m
27.116 -2287.903 l
S
0.596 0.604 0.612 SC
27.583 -2360.21 m
27.583 -2287.903 l
S
0.596 0.604 0.616 SC
28.049 -2360.21 m
28.049 -2287.903 l
S
0.6 0.608 0.62 SC
28.516 -2360.21 m
28.516 -2287.903 l
S
0.604 0.612 0.624 SC
28.982 -2360.21 m
28.982 -2287.903 l

S
0.608 0.616 0.624 SC
29.449 -2360.21 m
29.449 -2287.903 l
S
0.608 0.616 0.627 SC
29.915 -2360.21 m
29.915 -2287.903 l
S
0.612 0.62 0.631 SC
30.382 -2360.21 m
30.382 -2287.903 l
S
0.616 0.624 0.635 SC
30.848 -2360.21 m
30.848 -2287.903 l
S
0.62 0.627 0.635 SC
31.315 -2360.21 m
31.315 -2287.903 l
S
0.62 0.631 0.639 SC
31.781 -2360.21 m
31.781 -2287.903 l
S
0.624 0.631 0.643 SC
32.248 -2360.21 m
32.248 -2287.903 l
S
0.627 0.635 0.647 SC
32.714 -2360.21 m
32.714 -2287.903 l
S
0.631 0.639 0.647 SC
33.181 -2360.21 m
33.181 -2287.903 l
S
0.635 0.643 0.651 SC
33.647 -2360.21 m
33.647 -2287.903 l
S
0.635 0.643 0.655 SC
34.113 -2360.21 m
34.113 -2287.903 l
S
0.639 0.647 0.659 SC
34.58 -2360.21 m
34.58 -2287.903 l
S
0.643 0.651 0.663 SC
35.046 -2360.21 m
35.046 -2287.903 l
S
0.647 0.655 0.663 SC
35.513 -2360.21 m
35.513 -2287.903 l
S
0.651 0.659 0.667 SC
35.979 -2360.21 m
35.979 -2287.903 l
S
0.651 0.659 0.671 SC
36.446 -2360.21 m
36.446 -2287.903 l
S
0.655 0.663 0.675 SC
36.912 -2360.21 m
36.912 -2287.903 l
S
0.659 0.667 0.678 SC
37.379 -2360.21 m
37.379 -2287.903 l
S
0.663 0.671 0.678 SC
37.845 -2360.21 m
37.845 -2287.903 l
S
0.663 0.675 0.682 SC
38.312 -2360.21 m
38.312 -2287.903 l
S
0.667 0.675 0.686 SC
38.778 -2360.21 m
38.778 -2287.903 l
S
0.671 0.678 0.69 SC
39.245 -2360.21 m
39.245 -2287.903 l

S
0.675 0.682 0.69 SC
39.711 -2360.21 m
39.711 -2287.903 l
S
0.678 0.686 0.694 SC
40.178 -2360.21 m
40.178 -2287.903 l
S
0.682 0.69 0.698 SC
40.644 -2360.21 m
40.644 -2287.903 l
S
0.682 0.69 0.702 SC
41.111 -2360.21 m
41.111 -2287.903 l
S
0.686 0.694 0.706 SC
41.577 -2360.21 m
41.577 -2287.903 l
S
0.69 0.698 0.706 SC
42.044 -2360.21 m
42.044 -2287.903 l
S
0.694 0.702 0.71 SC
42.51 -2360.21 m
42.51 -2287.903 l
S
0.698 0.706 0.714 SC
42.977 -2360.21 m
42.977 -2287.903 l
S
0.698 0.706 0.718 SC
43.443 -2360.21 m
43.443 -2287.903 l
S
0.702 0.71 0.722 SC
43.91 -2360.21 m
43.91 -2287.903 l
S
0.706 0.714 0.722 SC
44.376 -2360.21 m
44.376 -2287.903 l
S
0.71 0.718 0.725 SC
44.843 -2360.21 m
44.843 -2287.903 l
S
0.714 0.722 0.729 SC
45.309 -2360.21 m
45.309 -2287.903 l
S
0.714 0.722 0.733 SC
45.776 -2360.21 m
45.776 -2287.903 l
S
0.718 0.725 0.737 SC
46.242 -2360.21 m
46.242 -2287.903 l
S
0.722 0.729 0.737 SC
46.709 -2360.21 m
46.709 -2287.903 l
S
0.725 0.733 0.741 SC
47.175 -2360.21 m
47.175 -2287.903 l
S
0.729 0.737 0.745 SC
47.642 -2360.21 m
47.642 -2287.903 l
S
0.733 0.741 0.749 SC
48.108 -2360.21 m
48.108 -2287.903 l
S
0.733 0.741 0.753 SC
48.575 -2360.21 m
48.575 -2287.903 l
49.041 -2360.21 m
49.041 -2287.903 l
S
0.737 0.745 0.753 SC
49.508 -2360.21 m
49.508 -2287.903 l
S
0.741 0.749 0.757 SC

49.974 -2360.21 m
49.974 -2287.903 l
S
0.745 0.753 0.761 SC
50.441 -2360.21 m
50.441 -2287.903 l
S
0.749 0.757 0.765 SC
50.907 -2360.21 m
50.907 -2287.903 l
S
0.753 0.761 0.769 SC
51.374 -2360.21 m
51.374 -2287.903 l
51.84 -2360.21 m
51.84 -2287.903 l
S
0.757 0.765 0.773 SC
52.307 -2360.21 m
52.307 -2287.903 l
S
0.761 0.769 0.776 SC
52.773 -2360.21 m
52.773 -2287.903 l
S
0.765 0.773 0.78 SC
53.24 -2360.21 m
53.24 -2287.903 l
S
0.769 0.776 0.784 SC
53.706 -2360.21 m
53.706 -2287.903 l
S
0.773 0.776 0.784 SC
54.173 -2360.21 m
54.173 -2287.903 l
S
0.776 0.78 0.788 SC
54.639 -2360.21 m
54.639 -2287.903 l
S
0.776 0.784 0.792 SC
55.106 -2360.21 m
55.106 -2287.903 l
S
0.78 0.788 0.796 SC
55.572 -2360.21 m
55.572 -2287.903 l
S
0.784 0.792 0.8 SC
56.039 -2360.21 m
56.039 -2287.903 l
S
0.788 0.796 0.8 SC
56.505 -2360.21 m
56.505 -2287.903 l
S
0.792 0.796 0.804 SC
56.972 -2360.21 m
56.972 -2287.903 l
S
0.796 0.8 0.808 SC
57.438 -2360.21 m
57.438 -2287.903 l
S
0.796 0.804 0.812 SC
57.905 -2360.21 m
57.905 -2287.903 l
S
0.8 0.808 0.816 SC
58.371 -2360.21 m
58.371 -2287.903 l
S
0.804 0.812 0.816 SC
58.838 -2360.21 m
58.838 -2287.903 l
S
0.808 0.812 0.82 SC
59.304 -2360.21 m
59.304 -2287.903 l
S
0.812 0.816 0.824 SC
59.771 -2360.21 m
59.771 -2287.903 l
S
0.816 0.82 0.827 SC
60.237 -2360.21 m

60.237 -2287.903 l
S
0.816 0.824 0.831 SC
60.704 -2360.21 m
60.704 -2287.903 l
S
0.82 0.827 0.831 SC
61.17 -2360.21 m
61.17 -2287.903 l
S
0.824 0.831 0.835 SC
61.637 -2360.21 m
61.637 -2287.903 l
S
0.827 0.831 0.839 SC
62.103 -2360.21 m
62.103 -2287.903 l
S
0.831 0.835 0.843 SC
62.57 -2360.21 m
62.57 -2287.903 l
S
0.835 0.839 0.843 SC
63.036 -2360.21 m
63.036 -2287.903 l
S
0.835 0.843 0.847 SC
63.503 -2360.21 m
63.503 -2287.903 l
S
0.839 0.847 0.851 SC
63.969 -2360.21 m
63.969 -2287.903 l
S
0.843 0.847 0.855 SC
64.436 -2360.21 m
64.436 -2287.903 l
S
0.847 0.851 0.859 SC
64.902 -2360.21 m
64.902 -2287.903 l
S
0.851 0.855 0.859 SC
65.369 -2360.21 m
65.369 -2287.903 l
S
0.855 0.859 0.863 SC
65.835 -2360.21 m
65.835 -2287.903 l
S
0.855 0.863 0.867 SC
66.302 -2360.21 m
66.302 -2287.903 l
S
0.859 0.863 0.871 SC
66.768 -2360.21 m
66.768 -2287.903 l
S
0.863 0.867 0.875 SC
67.235 -2360.21 m
67.235 -2287.903 l
S
0.867 0.871 0.875 SC
67.701 -2360.21 m
67.701 -2287.903 l
S
0.871 0.875 0.878 SC
68.168 -2360.21 m
68.168 -2287.903 l
S
0.875 0.878 0.882 SC
68.634 -2360.21 m
68.634 -2287.903 l
S
0.875 0.882 0.886 SC
69.101 -2360.21 m
69.101 -2287.903 l
S
0.878 0.882 0.89 SC
69.567 -2360.21 m
69.567 -2287.903 l
S
0.882 0.886 0.89 SC
70.034 -2360.21 m
70.034 -2287.903 l
S
0.886 0.89 0.894 SC
70.5 -2360.21 m

70.5 -2287.903 l
S
0.89 0.894 0.898 SC
70.967 -2360.21 m
70.967 -2287.903 l
S
0.894 0.898 0.902 SC
71.433 -2360.21 m
71.433 -2287.903 l
S
0.898 0.898 0.902 SC
71.9 -2360.21 m
71.9 -2287.903 l
S
0.898 0.902 0.906 SC
72.366 -2360.21 m
72.366 -2287.903 l
S
0.902 0.906 0.91 SC
72.833 -2360.21 m
72.833 -2287.903 l
S
0.906 0.91 0.914 SC
73.299 -2360.21 m
73.299 -2287.903 l
S
0.91 0.914 0.918 SC
73.766 -2360.21 m
73.766 -2287.903 l
S
0.914 0.918 0.922 SC
74.232 -2360.21 m
74.232 -2287.903 l
S
0.918 0.922 0.922 SC
74.699 -2360.21 m
74.699 -2287.903 l
S
0.922 0.922 0.925 SC
75.165 -2360.21 m
75.165 -2287.903 l
S
0.922 0.925 0.929 SC
75.632 -2360.21 m
75.632 -2287.903 l
S
0.925 0.929 0.933 SC
76.098 -2360.21 m
76.098 -2287.903 l
S
0.929 0.933 0.933 SC
76.565 -2360.21 m
76.565 -2287.903 l
S
0.933 0.937 0.937 SC
77.031 -2360.21 m
77.031 -2287.903 l
S
0.937 0.937 0.941 SC
77.498 -2360.21 m
77.498 -2287.903 l
S
0.941 0.941 0.945 SC
77.964 -2360.21 m
77.964 -2287.903 l
S
0.945 0.945 0.949 SC
78.431 -2360.21 m
78.431 -2287.903 l
S
0.945 0.949 0.949 SC
78.897 -2360.21 m
78.897 -2287.903 l
S
0.949 0.953 0.953 SC
79.364 -2360.21 m
79.364 -2287.903 l
S
0.953 0.957 0.957 SC
79.83 -2360.21 m
79.83 -2287.903 l
S
0.957 0.957 0.961 SC
80.297 -2360.21 m
80.297 -2287.903 l
S
0.961 0.961 0.965 SC
80.763 -2360.21 m

80.763 -2287.903 l
S
0.965 0.965 0.969 SC
81.23 -2360.21 m
81.23 -2287.903 l
S
0.969 0.969 0.969 SC
81.696 -2360.21 m
81.696 -2287.903 l
S
0.973 0.973 0.973 SC
82.163 -2360.21 m
82.163 -2287.903 l
S
0.976 0.976 0.976 SC
82.629 -2360.21 m
82.629 -2287.903 l
S
0.98 0.98 0.984 SC
83.096 -2360.21 m
83.096 -2287.903 l
S
0.988 0.988 0.988 SC
83.562 -2360.21 m
83.562 -2287.903 l
S
0.992 0.992 0.992 SC
84.029 -2360.21 m
84.029 -2287.903 l
S
1 1 1 SC
84.495 -2360.21 m
84.495 -2287.903 l
S
Q
Q
q
1 i 
-9 851 613 -860 re
0 841 m
W n
0.03 841.02 595.02 -841.02 re
W n
/Cs5 cs 0.161 0.145 0.149 sc
/GS1 gs
0.03 841.02 35.4 -6.11 re
f
/Cs5 CS 0.161 0.145 0.149 SC
0 J 0 j 0.3 w 10 M []0 d
28.347 841.076 m
28.347 805.006 l
S
286.3 22.8 22.68 -22.8 re
f
BT
/F1 1 Tf
10 0 0 10 289.2992 7.7671 Tm
1 1 1 sc
-0.0002 Tc
0 Tw
(628)Tj
/F2 1 Tf
7 0 0 7 35.4331 17.5374 Tm
0.161 0.145 0.149 sc
-0.0001 Tc
-0.0306 Tw
[(Swissmedic Jour)-17.9(nal)-1111.9(9/2002)]TJ
/F1 1 Tf
50 86.6 -86.6 50 202.2463 140.5921 Tm
0.859 0.863 0.871 sc
0 Tw
(SPECIMEN)Tj
ET
Q
q
1 i 
32.7 799.92 524.41 -826.52 re
441.143 554.363 m
W* n
-9 851 613 -860 re
0 841 m
W n
0.03 841.02 595.02 -841.02 re
W n
/GS1 gs
q
526.0001 0 0 774.744 32.1 25.8099 cm
/Im1 Do
Q
Q

q
1 i 
-9 851 613 -860 re
0 841 m
W n
0.03 841.02 595.02 -841.02 re
W n
BT
/F3 1 Tf
12.5 0 0 12.5 470.5056 811.7825 Tm
/Cs5 cs 0.161 0.145 0.149 sc
/GS1 gs
-0.0001 Tc
0 Tw
(Réglementation)Tj
ET
/Cs5 CS 0.161 0.145 0.149 SC
0 J 0 j 0.3 w 10 M []0 d
42.8 805.15 m
567.2 805.15 l
S
Q
q
1 i 
361.69 850.5 198.43 -24.09 re
560.098 811.782 m
W* n
-9 851 613 -860 re
0 841 m
W n
0.03 841.02 595.02 -841.02 re
W n
q
2.7718 0 0 -0.3608 0 0 cm
/Cs5 CS 1 1 1 SC
0 J 0 j 0.5 w 10 M []0 d
/GS1 gs
130.36 -2360.21 m
130.36 -2287.903 l
S
0.992 0.992 0.992 SC
130.827 -2360.21 m
130.827 -2287.903 l
S
0.988 0.988 0.988 SC
131.293 -2360.21 m
131.293 -2287.903 l
S
0.98 0.98 0.984 SC
131.76 -2360.21 m
131.76 -2287.903 l
S
0.976 0.976 0.976 SC
132.226 -2360.21 m
132.226 -2287.903 l
S
0.973 0.973 0.973 SC
132.693 -2360.21 m
132.693 -2287.903 l
S
0.969 0.969 0.969 SC
133.159 -2360.21 m
133.159 -2287.903 l
S
0.965 0.965 0.969 SC
133.626 -2360.21 m
133.626 -2287.903 l
S
0.961 0.961 0.965 SC
134.092 -2360.21 m
134.092 -2287.903 l
S
0.957 0.957 0.961 SC
134.559 -2360.21 m
134.559 -2287.903 l
S
0.953 0.957 0.957 SC
135.025 -2360.21 m
135.025 -2287.903 l
S
0.949 0.953 0.953 SC
135.492 -2360.21 m
135.492 -2287.903 l
S
0.945 0.949 0.949 SC
135.958 -2360.21 m
135.958 -2287.903 l
S
0.945 0.945 0.949 SC
136.425 -2360.21 m
136.425 -2287.903 l
S
0.941 0.941 0.945 SC
136.891 -2360.21 m
136.891 -2287.903 l

S
0.937 0.937 0.941 SC
137.358 -2360.21 m
137.358 -2287.903 l
S
0.933 0.937 0.937 SC
137.824 -2360.21 m
137.824 -2287.903 l
S
0.929 0.933 0.933 SC
138.291 -2360.21 m
138.291 -2287.903 l
S
0.925 0.929 0.933 SC
138.757 -2360.21 m
138.757 -2287.903 l
S
0.922 0.925 0.929 SC
139.224 -2360.21 m
139.224 -2287.903 l
S
0.922 0.922 0.925 SC
139.69 -2360.21 m
139.69 -2287.903 l
S
0.918 0.922 0.922 SC
140.157 -2360.21 m
140.157 -2287.903 l
S
0.914 0.918 0.922 SC
140.623 -2360.21 m
140.623 -2287.903 l
S
0.91 0.914 0.918 SC
141.09 -2360.21 m
141.09 -2287.903 l
S
0.906 0.91 0.914 SC
141.556 -2360.21 m
141.556 -2287.903 l
S
0.902 0.906 0.91 SC
142.023 -2360.21 m
142.023 -2287.903 l
S
0.898 0.902 0.906 SC
142.489 -2360.21 m
142.489 -2287.903 l
S
0.898 0.898 0.902 SC
142.956 -2360.21 m
142.956 -2287.903 l
S
0.894 0.898 0.902 SC
143.422 -2360.21 m
143.422 -2287.903 l
S
0.89 0.894 0.898 SC
143.889 -2360.21 m
143.889 -2287.903 l
S
0.886 0.89 0.894 SC
144.355 -2360.21 m
144.355 -2287.903 l
S
0.882 0.886 0.89 SC
144.822 -2360.21 m
144.822 -2287.903 l
S
0.878 0.882 0.89 SC
145.288 -2360.21 m
145.288 -2287.903 l
S
0.875 0.882 0.886 SC
145.755 -2360.21 m
145.755 -2287.903 l
S
0.875 0.878 0.882 SC
146.221 -2360.21 m
146.221 -2287.903 l
S
0.871 0.875 0.878 SC
146.688 -2360.21 m
146.688 -2287.903 l
S
0.867 0.871 0.875 SC
147.154 -2360.21 m
147.154 -2287.903 l
S
0.863 0.867 0.875 SC

147.621 -2360.21 m
147.621 -2287.903 l
S
0.859 0.863 0.871 SC
148.087 -2360.21 m
148.087 -2287.903 l
S
0.855 0.863 0.867 SC
148.554 -2360.21 m
148.554 -2287.903 l
S
0.855 0.859 0.863 SC
149.02 -2360.21 m
149.02 -2287.903 l
S
0.851 0.855 0.859 SC
149.487 -2360.21 m
149.487 -2287.903 l
S
0.847 0.851 0.859 SC
149.953 -2360.21 m
149.953 -2287.903 l
S
0.843 0.847 0.855 SC
150.42 -2360.21 m
150.42 -2287.903 l
S
0.839 0.847 0.851 SC
150.886 -2360.21 m
150.886 -2287.903 l
S
0.835 0.843 0.847 SC
151.353 -2360.21 m
151.353 -2287.903 l
S
0.835 0.839 0.843 SC
151.819 -2360.21 m
151.819 -2287.903 l
S
0.831 0.835 0.843 SC
152.286 -2360.21 m
152.286 -2287.903 l
S
0.827 0.831 0.839 SC
152.752 -2360.21 m
152.752 -2287.903 l
S
0.824 0.831 0.835 SC
153.219 -2360.21 m
153.219 -2287.903 l
S
0.82 0.827 0.831 SC
153.685 -2360.21 m
153.685 -2287.903 l
S
0.816 0.824 0.831 SC
154.152 -2360.21 m
154.152 -2287.903 l
S
0.816 0.82 0.827 SC
154.618 -2360.21 m
154.618 -2287.903 l
S
0.812 0.816 0.824 SC
155.085 -2360.21 m
155.085 -2287.903 l
S
0.808 0.812 0.82 SC
155.551 -2360.21 m
155.551 -2287.903 l
S
0.804 0.812 0.816 SC
156.018 -2360.21 m
156.018 -2287.903 l
S
0.8 0.808 0.816 SC
156.484 -2360.21 m
156.484 -2287.903 l
S
0.796 0.804 0.812 SC
156.951 -2360.21 m
156.951 -2287.903 l
S
0.796 0.8 0.808 SC
157.417 -2360.21 m
157.417 -2287.903 l
S
0.792 0.796 0.804 SC
157.884 -2360.21 m
157.884 -2287.903 l

S
0.788 0.796 0.8 SC
158.35 -2360.21 m
158.35 -2287.903 l
S
0.784 0.792 0.8 SC
158.817 -2360.21 m
158.817 -2287.903 l
S
0.78 0.788 0.796 SC
159.283 -2360.21 m
159.283 -2287.903 l
S
0.776 0.784 0.792 SC
159.75 -2360.21 m
159.75 -2287.903 l
S
0.776 0.78 0.788 SC
160.216 -2360.21 m
160.216 -2287.903 l
S
0.773 0.776 0.784 SC
160.683 -2360.21 m
160.683 -2287.903 l
S
0.769 0.776 0.784 SC
161.149 -2360.21 m
161.149 -2287.903 l
S
0.765 0.773 0.78 SC
161.616 -2360.21 m
161.616 -2287.903 l
S
0.761 0.769 0.776 SC
162.082 -2360.21 m
162.082 -2287.903 l
S
0.757 0.765 0.773 SC
162.549 -2360.21 m
162.549 -2287.903 l
S
0.753 0.761 0.769 SC
163.015 -2360.21 m
163.015 -2287.903 l
163.482 -2360.21 m
163.482 -2287.903 l
S
0.749 0.757 0.765 SC
163.948 -2360.21 m
163.948 -2287.903 l
S
0.745 0.753 0.761 SC
164.415 -2360.21 m
164.415 -2287.903 l
S
0.741 0.749 0.757 SC
164.881 -2360.21 m
164.881 -2287.903 l
S
0.737 0.745 0.753 SC
165.348 -2360.21 m
165.348 -2287.903 l
S
0.733 0.741 0.753 SC
165.814 -2360.21 m
165.814 -2287.903 l
S
0.733 0.741 0.749 SC
166.281 -2360.21 m
166.281 -2287.903 l
166.747 -2360.21 m
166.747 -2287.903 l
S
0.729 0.737 0.745 SC
167.214 -2360.21 m
167.214 -2287.903 l
S
0.725 0.733 0.741 SC
167.68 -2360.21 m
167.68 -2287.903 l
S
0.722 0.729 0.737 SC
168.147 -2360.21 m
168.147 -2287.903 l
S
0.718 0.725 0.737 SC
168.613 -2360.21 m
168.613 -2287.903 l
S
0.714 0.722 0.733 SC

169.08 -2360.21 m
169.08 -2287.903 l
S
0.714 0.722 0.729 SC
169.546 -2360.21 m
169.546 -2287.903 l
S
0.71 0.718 0.725 SC
170.013 -2360.21 m
170.013 -2287.903 l
S
0.706 0.714 0.722 SC
170.479 -2360.21 m
170.479 -2287.903 l
S
0.702 0.71 0.722 SC
170.946 -2360.21 m
170.946 -2287.903 l
S
0.698 0.706 0.718 SC
171.412 -2360.21 m
171.412 -2287.903 l
S
0.698 0.706 0.714 SC
171.879 -2360.21 m
171.879 -2287.903 l
S
0.694 0.702 0.71 SC
172.345 -2360.21 m
172.345 -2287.903 l
S
0.69 0.698 0.706 SC
172.812 -2360.21 m
172.812 -2287.903 l
S
0.686 0.694 0.706 SC
173.278 -2360.21 m
173.278 -2287.903 l
S
0.682 0.69 0.702 SC
173.745 -2360.21 m
173.745 -2287.903 l
S
0.682 0.69 0.698 SC
174.211 -2360.21 m
174.211 -2287.903 l
S
0.678 0.686 0.694 SC
174.678 -2360.21 m
174.678 -2287.903 l
S
0.675 0.682 0.69 SC
175.144 -2360.21 m
175.144 -2287.903 l
S
0.671 0.678 0.69 SC
175.611 -2360.21 m
175.611 -2287.903 l
S
0.667 0.675 0.686 SC
176.077 -2360.21 m
176.077 -2287.903 l
S
0.663 0.675 0.682 SC
176.544 -2360.21 m
176.544 -2287.903 l
S
0.663 0.671 0.678 SC
177.01 -2360.21 m
177.01 -2287.903 l
S
0.659 0.667 0.678 SC
177.477 -2360.21 m
177.477 -2287.903 l
S
0.655 0.663 0.675 SC
177.943 -2360.21 m
177.943 -2287.903 l
S
0.651 0.659 0.671 SC
178.41 -2360.21 m
178.41 -2287.903 l
S
0.651 0.659 0.667 SC
178.876 -2360.21 m
178.876 -2287.903 l
S
0.647 0.655 0.663 SC
179.343 -2360.21 m
179.343 -2287.903 l

S
0.643 0.651 0.663 SC
179.809 -2360.21 m
179.809 -2287.903 l
S
0.639 0.647 0.659 SC
180.276 -2360.21 m
180.276 -2287.903 l
S
0.635 0.643 0.655 SC
180.742 -2360.21 m
180.742 -2287.903 l
S
0.635 0.643 0.651 SC
181.209 -2360.21 m
181.209 -2287.903 l
S
0.631 0.639 0.647 SC
181.675 -2360.21 m
181.675 -2287.903 l
S
0.627 0.635 0.647 SC
182.142 -2360.21 m
182.142 -2287.903 l
S
0.624 0.631 0.643 SC
182.608 -2360.21 m
182.608 -2287.903 l
S
0.62 0.631 0.639 SC
183.075 -2360.21 m
183.075 -2287.903 l
S
0.62 0.627 0.635 SC
183.541 -2360.21 m
183.541 -2287.903 l
S
0.616 0.624 0.635 SC
184.008 -2360.21 m
184.008 -2287.903 l
S
0.612 0.62 0.631 SC
184.474 -2360.21 m
184.474 -2287.903 l
S
0.608 0.616 0.627 SC
184.941 -2360.21 m
184.941 -2287.903 l
S
0.608 0.616 0.624 SC
185.407 -2360.21 m
185.407 -2287.903 l
S
0.604 0.612 0.624 SC
185.874 -2360.21 m
185.874 -2287.903 l
S
0.6 0.608 0.62 SC
186.34 -2360.21 m
186.34 -2287.903 l
S
0.596 0.604 0.616 SC
186.806 -2360.21 m
186.806 -2287.903 l
S
0.596 0.604 0.612 SC
187.273 -2360.21 m
187.273 -2287.903 l
S
0.592 0.6 0.608 SC
187.739 -2360.21 m
187.739 -2287.903 l
S
0.588 0.596 0.608 SC
188.206 -2360.21 m
188.206 -2287.903 l
S
0.584 0.592 0.604 SC
188.672 -2360.21 m
188.672 -2287.903 l
S
0.584 0.592 0.6 SC
189.139 -2360.21 m
189.139 -2287.903 l
S
0.58 0.588 0.596 SC
189.605 -2360.21 m
189.605 -2287.903 l
S
0.576 0.584 0.596 SC

190.072 -2360.21 m
190.072 -2287.903 l
S
0.573 0.58 0.592 SC
190.538 -2360.21 m
190.538 -2287.903 l
S
0.573 0.58 0.588 SC
191.005 -2360.21 m
191.005 -2287.903 l
S
0.569 0.576 0.588 SC
191.471 -2360.21 m
191.471 -2287.903 l
S
0.565 0.573 0.584 SC
191.938 -2360.21 m
191.938 -2287.903 l
S
0.561 0.569 0.58 SC
192.404 -2360.21 m
192.404 -2287.903 l
S
0.561 0.569 0.576 SC
192.871 -2360.21 m
192.871 -2287.903 l
S
0.557 0.565 0.576 SC
193.337 -2360.21 m
193.337 -2287.903 l
S
0.553 0.561 0.573 SC
193.804 -2360.21 m
193.804 -2287.903 l
S
0.549 0.557 0.569 SC
194.27 -2360.21 m
194.27 -2287.903 l
S
0.549 0.557 0.565 SC
194.737 -2360.21 m
194.737 -2287.903 l
S
0.545 0.553 0.565 SC
195.203 -2360.21 m
195.203 -2287.903 l
S
0.541 0.549 0.561 SC
195.67 -2360.21 m
195.67 -2287.903 l
S
0.537 0.545 0.557 SC
196.136 -2360.21 m
196.136 -2287.903 l
S
0.537 0.545 0.553 SC
196.603 -2360.21 m
196.603 -2287.903 l
S
0.533 0.541 0.553 SC
197.069 -2360.21 m
197.069 -2287.903 l
S
0.529 0.537 0.549 SC
197.536 -2360.21 m
197.536 -2287.903 l
S
0.529 0.533 0.545 SC
198.002 -2360.21 m
198.002 -2287.903 l
S
0.525 0.533 0.541 SC
198.469 -2360.21 m
198.469 -2287.903 l
S
0.522 0.529 0.541 SC
198.935 -2360.21 m
198.935 -2287.903 l
S
0.518 0.525 0.537 SC
199.402 -2360.21 m
199.402 -2287.903 l
S
0.518 0.525 0.533 SC
199.868 -2360.21 m
199.868 -2287.903 l
S
0.514 0.522 0.529 SC
200.335 -2360.21 m

200.335 -2287.903 l
S
0.51 0.518 0.529 SC
200.801 -2360.21 m
200.801 -2287.903 l
S
0.51 0.514 0.525 SC
201.268 -2360.21 m
201.268 -2287.903 l
S
0.506 0.514 0.522 SC
201.734 -2360.21 m
201.734 -2287.903 l
S
0.502 0.51 0.518 SC
202.201 -2360.21 m
202.201 -2287.903 l
S
Q
Q
q
1 i 
-9 851 613 -860 re
0 841 m
W n
0.03 841.02 595.02 -841.02 re
W n
/Cs5 cs 0.161 0.145 0.149 sc
/GS1 gs
560.12 841.02 34.93 -6.11 re
f
/Cs5 CS 0.161 0.145 0.149 SC
0 J 0 j 0.3 w 10 M []0 d
567.202 840.678 m
567.202 804.948 l
S
286.57 22.8 22.68 -22.8 re
f
BT
/F2 1 Tf
10 0 0 10 289.5747 7.7671 Tm
1 1 1 sc
-0.0002 Tc
0 Tw
(629)Tj
/F1 1 Tf
7 0 0 7 473.8676 17.5374 Tm
0.161 0.145 0.149 sc
-0.0001 Tc
-0.0306 Tw
[(Swissmedic Jour)-17.9(nal)-1111.9(9/2002)]TJ
ET
Q
q
1 i 
29.62 799.85 532.9 -764.23 re
560.117 17.537 m
W* n
-9 851 613 -860 re
0 841 m
W n
0.03 841.02 595.02 -841.02 re
W n
/GS1 gs
q
535.0001 0 0 765.3959 28.93 35.0659 cm
/Im1 Do
Q
Q
q
1 i 
19.33 87.04 524.41 -13.96 re
560.117 17.537 m
W* n
-9 851 613 -860 re
0 841 m
W n
0.03 841.02 595.02 -841.02 re
W n
/GS1 gs
q
526.0001 0 0 15.048 18.73 72.5879 cm
/Im2 Do
Q
Q
q
1 i 
-9 851 613 -860 re
0 841 m
W n
0.03 841.02 595.02 -841.02 re
W n
/Cs5 cs 1 1 1 sc
/GS1 gs
172.27 90.43 m
164.03 81.08 l
150.9 80.19 l
144.44 83.08 l
140.59 94.22 l
171.77 96.22 l
172.27 90.43 l
f*
Q

q
1 i 
55.49 796.578 0.24 0.228 re
W n
1 g
/GS1 gs
55.49 796.806 m
55.49 796.806 l
f
Q
q
1 i 
-1.63 25.14 595 799.9 re
W n
-1.63 25.14 595 799.9 re
W n
32.37 798.59 531.5 -762.35 re
0 841 m
W* n
-9 851 613 -860 re
0 841 m
W n
0.03 841.02 595.02 -841.02 re
W n
/GS1 gs
q
81.1102 0 0 26.448 55.49 770.3578 cm
/Im1 Do
Q
q
81.1102 0 0 26.448 55.49 770.3578 cm
/Im2 Do
Q
BT
/F5 1 Tf
13.92 0 0 13.224 259.25 786.09 Tm
0 g
-0.0021 Tc
0 Tw
(  )Tj
/F6 1 Tf
15.7931 0 TD
-0.0076 Tc
(Fo)Tj
1.2069 0 TD
0.0083 Tc
[(rmul)10.4(a)12.6(i)10.4(re)12.6( )]TJ
-20.7069 -1.1552 TD
-0.0049 Tc
0.0028 Tw
[(´M)-16.7(odi)-20(fi)-20(cat)-16.7(io)-14.6(ns)-17.9( s)-17.9(o)2.7(um)-12.5(i)-20(s)-0.6(e)-17.9(s)-0.6( ‡ )-17.2(lío)-14.6(bli)-20(g)-14.6(ati)-20(on )-17.2(dí)-20(an)-14.6(n)-14.6(o)2.6(n)-14.6(cer)-12.4(ª)]TJ
12.96 0 0 12.312 551.09 770.814 Tm
0 Tc
0 Tw
( )Tj
/F5 1 Tf
5.04 0 0 4.788 55.01 763.29 Tm
( )Tj
ET
53.57 761.238 498.96 -0.456 re
f
BT
6.96 0 0 6.612 436.13 78.15 Tm
-0.0118 Tc
(B3)Tj
1.2069 0 TD
-0.0035 Tc
0.0014 Tw
[(.1.1)-33.7(29 -)-15.3( ga -)-15.3( r)-15.3(b)0.8( ñ )-34.4(E)8.3(n)0.8(tw)-5.6(ur)-15.3(f )-34.4(02.10.)-35.8(02)]TJ
5.04 0 0 4.788 551.09 78.15 Tm
0 Tc
0 Tw
( )Tj
4.08 0 0 3.876 55.01 71.766 Tm
( )Tj
ET
53.57 76.554 498.96 -0.456 re
f
BT
9.12 0 0 8.664 55.01 63.102 Tm
( )Tj
11.04 0 0 10.488 281.81 63.102 Tm
0.0046 Tc
(  )Tj
9.12 0 0 8.664 538.3699 63.102 Tm
-0.0034 Tc
[(3/)-14.9(3 )]TJ
4.08 0 0 3.876 55.01 57.63 Tm
0 Tc
( )Tj
9.12 0 0 8.664 55.01 48.966 Tm
-0.0103 Tc
[(Swi)-25.1(s)-10.3(s)17.5(m)]TJ
3.4456 0 TD
-0.0278 Tc
[(edi)-42.6(c )]TJ
/T1 1 Tf
9.1248 0 0 8.6686 105.17 48.966 Tm
0 Tc
()Tj
/F5 1 Tf
9.12 0 0 8.664 110.45 48.966 Tm
( )Tj
0.2895 0 TD
-0.0091 Tc
[(Er)8.1(l)-23.9(a)-5.7(c)-9.1(h)]TJ
2.7893 0 TD
0 Tc
0.0115 Tw
[(st)14.8(r)-9.1(a)3.4(sse)29.7( 8)29.7( )]TJ
/T1 1 Tf
9.1248 0 0 8.6686 177.65 48.966 Tm
0 Tw
()Tj
/F5 1 Tf
9.12 0 0 8.664 182.93 48.966 Tm
( )Tj
0.2895 0 TD
-0.0115 Tc
[(CH-)-20.6(3)-8.1(0)]TJ
2.8419 0 TD
-0.0034 Tc
0.0149 Tw
[(00 B)5.7(e)26.3(r)-12.5(n)26.3( 9 )]TJ
/T1 1 Tf
9.1248 0 0 8.6686 253.01 48.966 Tm
0 Tc
0 Tw
()Tj
/F5 1 Tf
9.12 0 0 8.664 258.53 48.966 Tm
0.0123 Tc
-0.0008 Tw
[( w)23.8(w)23.8(w)50.1(.s)12.3(w)50.1(i)-2.5(s)38.6(s)38.6(m)-23.1(e)42(d)15.7(ic)38.6(.c)12.3(h)]TJ
ET
261.17 48.054 79.68 -0.684 re
f
BT
9.12 0 0 8.664 340.85 48.966 Tm
0 Tc
0 Tw
( )Tj
/T1 1 Tf
9.1248 0 0 8.6686 343.49 48.966 Tm
()Tj
/F5 1 Tf
9.12 0 0 8.664 348.77 48.966 Tm
( )Tj
0.2895 0 TD
-0.0039 Tc
0.0154 Tw
[(Te)25.8(l)-18.7(.)10.9( +41)25.8( 31)25.8( 322)25.8( 02)25.8( 11)25.8( )]TJ
/T1 1 Tf
9.1248 0 0 8.6686 441.65 48.966 Tm
0 Tc
0 Tw
()Tj
/F5 1 Tf
9.12 0 0 8.664 446.93 48.966 Tm
( )Tj
0.2895 0 TD
-0.0037 Tc
-0.0111 Tw
[(Fax)22.6( )-26.3(+41)26( )-26.3(31 322 02 12)]TJ
ET
Q
BT
/F5 1 Tf
11.04 0 0 10.488 537.41 48.966 Tm
0 g
/GS1 gs
0 Tc
0 Tw
( )Tj
ET
q
1 i 
-1.63 25.14 595 799.9 re
W n
-1.63 25.14 595 799.9 re
W n
32.37 798.59 531.5 -762.35 re
0 841 m
W* n
-9 851 613 -860 re
0 841 m
W n
0.03 841.02 595.02 -841.02 re
W n
BT
/F6 1 Tf
12 0 0 11.4 55.01 730.4578 Tm
(A)Tj
0.72 0 TD
-0.011 Tc
(nn)Tj
1.2 0 TD
0.004 Tc
(exes )Tj
/F5 1 Tf
10.08 0 0 9.576 55.01 710.6219 Tm
-0.0084 Tc
0.0161 Tw
[(Let)-16.1(t)-16.1(r)-8.7(e díac)-8.4(c)-8.4(o)23.8(m)-32.5(pagnem)-32.5(ent)7.7( \()15.1(f)-39.9(ac)-8.4(u)23.8(l)-24.5(t)-16.1(a)23.8(t)-16.1(i)-0.7(f)-16.1(\))-8.7( )-24023.8(oui)-24.5( )]TJ
ET
q
1.026 0 0 0.9747 0 0 cm
0 G
1 J 0 j 0.702 w 10 M []0 d
467.427 728.381 8.889 8.889 re
S
Q
BT
10.08 0 0 9.576 490.13 710.6219 Tm
0 Tc
0 Tw
( )Tj
2.6429 0 TD
-0.0084 Tc
(non )Tj
ET
q
1.026 0 0 0.9747 0 0 cm
0 G
1 J 0 j 0.702 w 10 M []0 d
523.569 728.381 8.889 8.889 re
S
Q
Q
BT
10.08 0 0 9.576 547.73 710.6219 Tm
( )Tj
ET
q
1 i 
-1.63 25.14 595 799.9 re
W n
-1.63 25.14 595 799.9 re
W n
32.37 798.59 531.5 -762.35 re
0 841 m
W* n
-9 851 613 -860 re
0 841 m
W n
0.03 841.02 595.02 -841.02 re
W n
q
1 0 0 0.456 51.41 723.162 cm
/Im3 Do
Q
q
1 0 0 0.456 52.37 723.162 cm
/Im3 Do
Q
q
1 0 0 0.456 53.33 723.162 cm
/Im3 Do
Q
q
1 0 0 0.456 54.29 723.162 cm
/Im3 Do
Q
q
1 0 0 0.456 55.25 723.162 cm
/Im3 Do
Q
q
1 0 0 0.456 56.21 723.162 cm
/Im3 Do
Q
q
1 0 0 0.456 57.17 723.162 cm
/Im3 Do
Q
q
1 0 0 0.456 58.13 723.162 cm
/Im3 Do
Q
q
1 0 0 0.456 59.09 723.162 cm
/Im3 Do
Q
q
1 0 0 0.456 60.05 723.162 cm
/Im3 Do
Q
q
1 0 0 0.456 61.01 723.162 cm
/Im3 Do
Q
q
1 0 0 0.456 61.97 723.162 cm
/Im3 Do
Q
q
1 0 0 0.456 62.93 723.162 cm
/Im3 Do
Q
q
1 0 0 0.456 63.89 723.162 cm
/Im3 Do
Q
q
1 0 0 0.456 64.85 723.162 cm
/Im3 Do
Q
q
1 0 0 0.456 65.81 723.162 cm
/Im3 Do
Q
q
1 0 0 0.456 66.77 723.162 cm
/Im3 Do
Q
q
1 0 0 0.456 67.73 723.162 cm
/Im3 Do
Q
q
1 0 0 0.456 68.69 723.162 cm
/Im3 Do
Q
q
1 0 0 0.456 69.65 723.162 cm
/Im3 Do
Q
q
1 0 0 0.456 70.61 723.162 cm
/Im3 Do
Q
q
1 0 0 0.456 71.57 723.162 cm
/Im3 Do
Q
q
1 0 0 0.456 72.53 723.162 cm
/Im3 Do
Q
q
1 0 0 0.456 73.49 723.162 cm
/Im3 Do
Q
q
1 0 0 0.456 74.45 723.162 cm
/Im3 Do
Q
q
1 0 0 0.456 75.41 723.162 cm
/Im3 Do
Q
q
1 0 0 0.456 76.37 723.162 cm
/Im3 Do
Q
q
1 0 0 0.456 77.33 723.162 cm
/Im3 Do
Q
q
1 0 0 0.456 78.29 723.162 cm
/Im3 Do
Q
q
1 0 0 0.456 79.25 723.162 cm
/Im3 Do
Q
q
1 0 0 0.456 80.21 723.162 cm
/Im3 Do
Q
q
1 0 0 0.456 81.17 723.162 cm
/Im3 Do
Q
q
1 0 0 0.456 82.13 723.162 cm
/Im3 Do
Q
q
1 0 0 0.456 83.09 723.162 cm
/Im3 Do
Q
q
1 0 0 0.456 84.05 723.162 cm
/Im3 Do
Q
q
1 0 0 0.456 85.01 723.162 cm
/Im3 Do
Q
q
1 0 0 0.456 85.97 723.162 cm
/Im3 Do
Q
q
1 0 0 0.456 86.93 723.162 cm
/Im3 Do
Q
q
1 0 0 0.456 87.89 723.162 cm
/Im3 Do
Q
q
1 0 0 0.456 88.85 723.162 cm
/Im3 Do
Q
q
1 0 0 0.456 89.81 723.162 cm
/Im3 Do
Q
q
1 0 0 0.456 90.77 723.162 cm
/Im3 Do
Q
q
1 0 0 0.456 91.73 723.162 cm
/Im3 Do
Q
q
1 0 0 0.456 92.69 723.162 cm
/Im3 Do
Q
q
1 0 0 0.456 93.65 723.162 cm
/Im3 Do
Q
q
1 0 0 0.456 94.61 723.162 cm
/Im3 Do
Q
q
1 0 0 0.456 95.57 723.162 cm
/Im3 Do
Q
q
1 0 0 0.456 96.53 723.162 cm
/Im3 Do
Q
q
1 0 0 0.456 97.49 723.162 cm
/Im3 Do
Q
q
1 0 0 0.456 98.45 723.162 cm
/Im3 Do
Q
q
1 0 0 0.456 99.41 723.162 cm
/Im3 Do
Q
q
1 0 0 0.456 100.37 723.162 cm
/Im3 Do
Q
q
1 0 0 0.456 101.33 723.162 cm
/Im3 Do
Q
q
1 0 0 0.456 102.29 723.162 cm
/Im3 Do
Q
q
1 0 0 0.456 103.25 723.162 cm
/Im3 Do
Q
q
1 0 0 0.456 104.21 723.162 cm
/Im3 Do
Q
q
1 0 0 0.456 105.17 723.162 cm
/Im3 Do
Q
q
1 0 0 0.456 106.13 723.162 cm
/Im3 Do
Q
q
1 0 0 0.456 107.09 723.162 cm
/Im3 Do
Q
q
1 0 0 0.456 108.05 723.162 cm
/Im3 Do
Q
q
1 0 0 0.456 109.01 723.162 cm
/Im3 Do
Q
q
1 0 0 0.456 109.97 723.162 cm
/Im3 Do
Q
q
1 0 0 0.456 110.93 723.162 cm
/Im3 Do
Q
q
1 0 0 0.456 111.89 723.162 cm
/Im3 Do
Q
q
1 0 0 0.456 112.85 723.162 cm
/Im3 Do
Q
q
1 0 0 0.456 113.81 723.162 cm
/Im3 Do
Q
q
1 0 0 0.456 114.77 723.162 cm
/Im3 Do
Q
q
1 0 0 0.456 115.73 723.162 cm
/Im3 Do
Q
q
1 0 0 0.456 116.69 723.162 cm
/Im3 Do
Q
q
1 0 0 0.456 117.65 723.162 cm
/Im3 Do
Q
q
1 0 0 0.456 118.61 723.162 cm
/Im3 Do
Q
q
1 0 0 0.456 119.57 723.162 cm
/Im3 Do
Q
q
1 0 0 0.456 120.53 723.162 cm
/Im3 Do
Q
q
1 0 0 0.456 121.49 723.162 cm
/Im3 Do
Q
q
1 0 0 0.456 122.45 723.162 cm
/Im3 Do
Q
q
1 0 0 0.456 123.41 723.162 cm
/Im3 Do
Q
q
1 0 0 0.456 124.37 723.162 cm
/Im3 Do
Q
q
1 0 0 0.456 125.33 723.162 cm
/Im3 Do
Q
q
1 0 0 0.456 126.29 723.162 cm
/Im3 Do
Q
q
1 0 0 0.456 127.25 723.162 cm
/Im3 Do
Q
q
1 0 0 0.456 128.21 723.162 cm
/Im3 Do
Q
q
1 0 0 0.456 129.17 723.162 cm
/Im3 Do
Q
q
1 0 0 0.456 130.13 723.162 cm
/Im3 Do
Q
q
1 0 0 0.456 131.09 723.162 cm
/Im3 Do
Q
q
1 0 0 0.456 132.05 723.162 cm
/Im3 Do
Q
q
1 0 0 0.456 133.01 723.162 cm
/Im3 Do
Q
q
1 0 0 0.456 133.97 723.162 cm
/Im3 Do
Q
q
1 0 0 0.456 134.93 723.162 cm
/Im3 Do
Q
q
1 0 0 0.456 135.89 723.162 cm
/Im3 Do
Q
q
1 0 0 0.456 136.85 723.162 cm
/Im3 Do
Q
q
1 0 0 0.456 137.81 723.162 cm
/Im3 Do
Q
q
1 0 0 0.456 138.77 723.162 cm
/Im3 Do
Q
q
1 0 0 0.456 139.73 723.162 cm
/Im3 Do
Q
q
1 0 0 0.456 140.69 723.162 cm
/Im3 Do
Q
q
1 0 0 0.456 141.65 723.162 cm
/Im3 Do
Q
q
1 0 0 0.456 142.61 723.162 cm
/Im3 Do
Q
q
1 0 0 0.456 143.57 723.162 cm
/Im3 Do
Q
q
1 0 0 0.456 144.53 723.162 cm
/Im3 Do
Q
q
1 0 0 0.456 145.49 723.162 cm
/Im3 Do
Q
q
1 0 0 0.456 146.45 723.162 cm
/Im3 Do
Q
q
1 0 0 0.456 147.41 723.162 cm
/Im3 Do
Q
q
1 0 0 0.456 148.37 723.162 cm
/Im3 Do
Q
q
1 0 0 0.456 149.33 723.162 cm
/Im3 Do
Q
q
1 0 0 0.456 150.29 723.162 cm
/Im3 Do
Q
q
1 0 0 0.456 151.25 723.162 cm
/Im3 Do
Q
q
1 0 0 0.456 152.21 723.162 cm
/Im3 Do
Q
q
1 0 0 0.456 153.17 723.162 cm
/Im3 Do
Q
q
1 0 0 0.456 154.13 723.162 cm
/Im3 Do
Q
q
1 0 0 0.456 155.09 723.162 cm
/Im3 Do
Q
q
1 0 0 0.456 156.05 723.162 cm
/Im3 Do
Q
q
1 0 0 0.456 157.01 723.162 cm
/Im3 Do
Q
q
1 0 0 0.456 157.97 723.162 cm
/Im3 Do
Q
q
1 0 0 0.456 158.93 723.162 cm
/Im3 Do
Q
q
1 0 0 0.456 159.89 723.162 cm
/Im3 Do
Q
q
1 0 0 0.456 160.85 723.162 cm
/Im3 Do
Q
q
1 0 0 0.456 161.81 723.162 cm
/Im3 Do
Q
q
1 0 0 0.456 162.77 723.162 cm
/Im3 Do
Q
q
1 0 0 0.456 163.73 723.162 cm
/Im3 Do
Q
q
1 0 0 0.456 164.69 723.162 cm
/Im3 Do
Q
q
1 0 0 0.456 165.65 723.162 cm
/Im3 Do
Q
q
1 0 0 0.456 166.61 723.162 cm
/Im3 Do
Q
q
1 0 0 0.456 167.57 723.162 cm
/Im3 Do
Q
q
1 0 0 0.456 168.53 723.162 cm
/Im3 Do
Q
q
1 0 0 0.456 169.49 723.162 cm
/Im3 Do
Q
q
1 0 0 0.456 170.45 723.162 cm
/Im3 Do
Q
q
1 0 0 0.456 171.41 723.162 cm
/Im3 Do
Q
q
1 0 0 0.456 172.37 723.162 cm
/Im3 Do
Q
q
1 0 0 0.456 173.33 723.162 cm
/Im3 Do
Q
q
1 0 0 0.456 174.29 723.162 cm
/Im3 Do
Q
q
1 0 0 0.456 175.25 723.162 cm
/Im3 Do
Q
q
1 0 0 0.456 176.21 723.162 cm
/Im3 Do
Q
q
1 0 0 0.456 177.17 723.162 cm
/Im3 Do
Q
q
1 0 0 0.456 178.13 723.162 cm
/Im3 Do
Q
q
1 0 0 0.456 179.09 723.162 cm
/Im3 Do
Q
q
1 0 0 0.456 180.05 723.162 cm
/Im3 Do
Q
q
1 0 0 0.456 181.01 723.162 cm
/Im3 Do
Q
q
1 0 0 0.456 181.97 723.162 cm
/Im3 Do
Q
q
1 0 0 0.456 182.93 723.162 cm
/Im3 Do
Q
q
1 0 0 0.456 183.89 723.162 cm
/Im3 Do
Q
q
1 0 0 0.456 184.85 723.162 cm
/Im3 Do
Q
q
1 0 0 0.456 185.81 723.162 cm
/Im3 Do
Q
q
1 0 0 0.456 186.77 723.162 cm
/Im3 Do
Q
q
1 0 0 0.456 187.73 723.162 cm
/Im3 Do
Q
q
1 0 0 0.456 188.69 723.162 cm
/Im3 Do
Q
q
1 0 0 0.456 189.65 723.162 cm
/Im3 Do
Q
q
1 0 0 0.456 190.61 723.162 cm
/Im3 Do
Q
q
1 0 0 0.456 191.57 723.162 cm
/Im3 Do
Q
q
1 0 0 0.456 192.53 723.162 cm
/Im3 Do
Q
q
1 0 0 0.456 193.49 723.162 cm
/Im3 Do
Q
q
1 0 0 0.456 194.45 723.162 cm
/Im3 Do
Q
q
1 0 0 0.456 195.41 723.162 cm
/Im3 Do
Q
q
1 0 0 0.456 196.37 723.162 cm
/Im3 Do
Q
q
1 0 0 0.456 197.33 723.162 cm
/Im3 Do
Q
q
1 0 0 0.456 198.29 723.162 cm
/Im3 Do
Q
q
1 0 0 0.456 199.25 723.162 cm
/Im3 Do
Q
q
1 0 0 0.456 200.21 723.162 cm
/Im3 Do
Q
q
1 0 0 0.456 201.17 723.162 cm
/Im3 Do
Q
q
1 0 0 0.456 202.13 723.162 cm
/Im3 Do
Q
q
1 0 0 0.456 203.09 723.162 cm
/Im3 Do
Q
q
1 0 0 0.456 204.05 723.162 cm
/Im3 Do
Q
q
1 0 0 0.456 205.01 723.162 cm
/Im3 Do
Q
q
1 0 0 0.456 205.97 723.162 cm
/Im3 Do
Q
q
1 0 0 0.456 206.93 723.162 cm
/Im3 Do
Q
q
1 0 0 0.456 207.89 723.162 cm
/Im3 Do
Q
q
1 0 0 0.456 208.85 723.162 cm
/Im3 Do
Q
q
1 0 0 0.456 209.81 723.162 cm
/Im3 Do
Q
q
1 0 0 0.456 210.77 723.162 cm
/Im3 Do
Q
q
1 0 0 0.456 211.73 723.162 cm
/Im3 Do
Q
q
1 0 0 0.456 212.69 723.162 cm
/Im3 Do
Q
q
1 0 0 0.456 213.65 723.162 cm
/Im3 Do
Q
q
1 0 0 0.456 214.61 723.162 cm
/Im3 Do
Q
q
1 0 0 0.456 215.57 723.162 cm
/Im3 Do
Q
q
1 0 0 0.456 216.53 723.162 cm
/Im3 Do
Q
q
1 0 0 0.456 217.49 723.162 cm
/Im3 Do
Q
q
1 0 0 0.456 218.45 723.162 cm
/Im3 Do
Q
q
1 0 0 0.456 219.41 723.162 cm
/Im3 Do
Q
q
1 0 0 0.456 220.37 723.162 cm
/Im3 Do
Q
q
1 0 0 0.456 221.33 723.162 cm
/Im3 Do
Q
q
1 0 0 0.456 222.29 723.162 cm
/Im3 Do
Q
q
1 0 0 0.456 223.25 723.162 cm
/Im3 Do
Q
q
1 0 0 0.456 224.21 723.162 cm
/Im3 Do
Q
q
1 0 0 0.456 225.17 723.162 cm
/Im3 Do
Q
q
1 0 0 0.456 226.13 723.162 cm
/Im3 Do
Q
q
1 0 0 0.456 227.09 723.162 cm
/Im3 Do
Q
q
1 0 0 0.456 228.05 723.162 cm
/Im3 Do
Q
q
1 0 0 0.456 229.01 723.162 cm
/Im3 Do
Q
q
1 0 0 0.456 229.97 723.162 cm
/Im3 Do
Q
q
1 0 0 0.456 230.93 723.162 cm
/Im3 Do
Q
q
1 0 0 0.456 231.89 723.162 cm
/Im3 Do
Q
q
1 0 0 0.456 232.85 723.162 cm
/Im3 Do
Q
q
1 0 0 0.456 233.81 723.162 cm
/Im3 Do
Q
q
1 0 0 0.456 234.77 723.162 cm
/Im3 Do
Q
q
1 0 0 0.456 235.73 723.162 cm
/Im3 Do
Q
q
1 0 0 0.456 236.69 723.162 cm
/Im3 Do
Q
q
1 0 0 0.456 237.65 723.162 cm
/Im3 Do
Q
q
1 0 0 0.456 238.61 723.162 cm
/Im3 Do
Q
q
1 0 0 0.456 239.57 723.162 cm
/Im3 Do
Q
q
1 0 0 0.456 240.53 723.162 cm
/Im3 Do
Q
q
1 0 0 0.456 241.49 723.162 cm
/Im3 Do
Q
q
1 0 0 0.456 242.45 723.162 cm
/Im3 Do
Q
q
1 0 0 0.456 243.41 723.162 cm
/Im3 Do
Q
q
1 0 0 0.456 244.37 723.162 cm
/Im3 Do
Q
q
1 0 0 0.456 245.33 723.162 cm
/Im3 Do
Q
q
1 0 0 0.456 246.29 723.162 cm
/Im3 Do
Q
q
1 0 0 0.456 247.25 723.162 cm
/Im3 Do
Q
q
1 0 0 0.456 248.21 723.162 cm
/Im3 Do
Q
q
1 0 0 0.456 249.17 723.162 cm
/Im3 Do
Q
q
1 0 0 0.456 250.13 723.162 cm
/Im3 Do
Q
q
1 0 0 0.456 251.09 723.162 cm
/Im3 Do
Q
q
1 0 0 0.456 252.05 723.162 cm
/Im3 Do
Q
q
1 0 0 0.456 253.01 723.162 cm
/Im3 Do
Q
q
1 0 0 0.456 253.97 723.162 cm
/Im3 Do
Q
q
1 0 0 0.456 254.93 723.162 cm
/Im3 Do
Q
q
1 0 0 0.456 255.89 723.162 cm
/Im3 Do
Q
q
1 0 0 0.456 256.85 723.162 cm
/Im3 Do
Q
q
1 0 0 0.456 257.81 723.162 cm
/Im3 Do
Q
q
1 0 0 0.456 258.77 723.162 cm
/Im3 Do
Q
q
1 0 0 0.456 259.73 723.162 cm
/Im3 Do
Q
q
1 0 0 0.456 260.69 723.162 cm
/Im3 Do
Q
q
1 0 0 0.456 261.65 723.162 cm
/Im3 Do
Q
q
1 0 0 0.456 262.61 723.162 cm
/Im3 Do
Q
q
1 0 0 0.456 263.57 723.162 cm
/Im3 Do
Q
q
1 0 0 0.456 264.53 723.162 cm
/Im3 Do
Q
q
1 0 0 0.456 265.49 723.162 cm
/Im3 Do
Q
q
1 0 0 0.456 266.45 723.162 cm
/Im3 Do
Q
q
1 0 0 0.456 267.41 723.162 cm
/Im3 Do
Q
q
1 0 0 0.456 268.37 723.162 cm
/Im3 Do
Q
q
1 0 0 0.456 269.33 723.162 cm
/Im3 Do
Q
q
1 0 0 0.456 270.29 723.162 cm
/Im3 Do
Q
q
1 0 0 0.456 271.25 723.162 cm
/Im3 Do
Q
q
1 0 0 0.456 272.21 723.162 cm
/Im3 Do
Q
q
1 0 0 0.456 273.17 723.162 cm
/Im3 Do
Q
q
1 0 0 0.456 274.13 723.162 cm
/Im3 Do
Q
q
1 0 0 0.456 275.09 723.162 cm
/Im3 Do
Q
q
1 0 0 0.456 276.05 723.162 cm
/Im3 Do
Q
q
1 0 0 0.456 277.01 723.162 cm
/Im3 Do
Q
q
1 0 0 0.456 277.97 723.162 cm
/Im3 Do
Q
q
1 0 0 0.456 278.93 723.162 cm
/Im3 Do
Q
q
1 0 0 0.456 279.89 723.162 cm
/Im3 Do
Q
q
1 0 0 0.456 280.85 723.162 cm
/Im3 Do
Q
q
1 0 0 0.456 281.81 723.162 cm
/Im3 Do
Q
q
1 0 0 0.456 282.77 723.162 cm
/Im3 Do
Q
q
1 0 0 0.456 283.73 723.162 cm
/Im3 Do
Q
q
1 0 0 0.456 284.69 723.162 cm
/Im3 Do
Q
q
1 0 0 0.456 285.65 723.162 cm
/Im3 Do
Q
q
1 0 0 0.456 286.61 723.162 cm
/Im3 Do
Q
q
1 0 0 0.456 287.57 723.162 cm
/Im3 Do
Q
q
1 0 0 0.456 288.53 723.162 cm
/Im3 Do
Q
q
1 0 0 0.456 289.49 723.162 cm
/Im3 Do
Q
q
1 0 0 0.456 290.45 723.162 cm
/Im3 Do
Q
q
1 0 0 0.456 291.41 723.162 cm
/Im3 Do
Q
q
1 0 0 0.456 292.37 723.162 cm
/Im3 Do
Q
q
1 0 0 0.456 293.33 723.162 cm
/Im3 Do
Q
q
1 0 0 0.456 294.29 723.162 cm
/Im3 Do
Q
q
1 0 0 0.456 295.25 723.162 cm
/Im3 Do
Q
q
1 0 0 0.456 296.21 723.162 cm
/Im3 Do
Q
q
1 0 0 0.456 297.17 723.162 cm
/Im3 Do
Q
q
1 0 0 0.456 298.13 723.162 cm
/Im3 Do
Q
q
1 0 0 0.456 299.09 723.162 cm
/Im3 Do
Q
q
1 0 0 0.456 300.05 723.162 cm
/Im3 Do
Q
q
1 0 0 0.456 301.01 723.162 cm
/Im3 Do
Q
q
1 0 0 0.456 301.97 723.162 cm
/Im3 Do
Q
q
1 0 0 0.456 302.93 723.162 cm
/Im3 Do
Q
q
1 0 0 0.456 303.89 723.162 cm
/Im3 Do
Q
q
1 0 0 0.456 304.85 723.162 cm
/Im3 Do
Q
q
1 0 0 0.456 305.81 723.162 cm
/Im3 Do
Q
q
1 0 0 0.456 306.77 723.162 cm
/Im3 Do
Q
q
1 0 0 0.456 307.73 723.162 cm
/Im3 Do
Q
q
1 0 0 0.456 308.69 723.162 cm
/Im3 Do
Q
q
1 0 0 0.456 309.65 723.162 cm
/Im3 Do
Q
q
1 0 0 0.456 310.61 723.162 cm
/Im3 Do
Q
q
1 0 0 0.456 311.57 723.162 cm
/Im3 Do
Q
q
1 0 0 0.456 312.53 723.162 cm
/Im3 Do
Q
q
1 0 0 0.456 313.49 723.162 cm
/Im3 Do
Q
q
1 0 0 0.456 314.45 723.162 cm
/Im3 Do
Q
q
1 0 0 0.456 315.41 723.162 cm
/Im3 Do
Q
q
1 0 0 0.456 316.37 723.162 cm
/Im3 Do
Q
q
1 0 0 0.456 317.33 723.162 cm
/Im3 Do
Q
q
1 0 0 0.456 318.29 723.162 cm
/Im3 Do
Q
q
1 0 0 0.456 319.25 723.162 cm
/Im3 Do
Q
q
1 0 0 0.456 320.21 723.162 cm
/Im3 Do
Q
q
1 0 0 0.456 321.17 723.162 cm
/Im3 Do
Q
q
1 0 0 0.456 322.13 723.162 cm
/Im3 Do
Q
q
1 0 0 0.456 323.09 723.162 cm
/Im3 Do
Q
q
1 0 0 0.456 324.05 723.162 cm
/Im3 Do
Q
q
1 0 0 0.456 325.01 723.162 cm
/Im3 Do
Q
q
1 0 0 0.456 325.97 723.162 cm
/Im3 Do
Q
q
1 0 0 0.456 326.93 723.162 cm
/Im3 Do
Q
q
1 0 0 0.456 327.89 723.162 cm
/Im3 Do
Q
q
1 0 0 0.456 328.85 723.162 cm
/Im3 Do
Q
q
1 0 0 0.456 329.81 723.162 cm
/Im3 Do
Q
q
1 0 0 0.456 330.77 723.162 cm
/Im3 Do
Q
q
1 0 0 0.456 331.73 723.162 cm
/Im3 Do
Q
q
1 0 0 0.456 332.69 723.162 cm
/Im3 Do
Q
q
1 0 0 0.456 333.65 723.162 cm
/Im3 Do
Q
q
1 0 0 0.456 334.61 723.162 cm
/Im3 Do
Q
q
1 0 0 0.456 335.57 723.162 cm
/Im3 Do
Q
q
1 0 0 0.456 336.53 723.162 cm
/Im3 Do
Q
q
1 0 0 0.456 337.49 723.162 cm
/Im3 Do
Q
q
1 0 0 0.456 338.45 723.162 cm
/Im3 Do
Q
q
1 0 0 0.456 339.41 723.162 cm
/Im3 Do
Q
q
1 0 0 0.456 340.37 723.162 cm
/Im3 Do
Q
q
1 0 0 0.456 341.33 723.162 cm
/Im3 Do
Q
q
1 0 0 0.456 342.29 723.162 cm
/Im3 Do
Q
q
1 0 0 0.456 343.25 723.162 cm
/Im3 Do
Q
q
1 0 0 0.456 344.21 723.162 cm
/Im3 Do
Q
q
1 0 0 0.456 345.17 723.162 cm
/Im3 Do
Q
q
1 0 0 0.456 346.13 723.162 cm
/Im3 Do
Q
q
1 0 0 0.456 347.09 723.162 cm
/Im3 Do
Q
q
1 0 0 0.456 348.05 723.162 cm
/Im3 Do
Q
q
1 0 0 0.456 349.01 723.162 cm
/Im3 Do
Q
q
1 0 0 0.456 349.97 723.162 cm
/Im3 Do
Q
q
1 0 0 0.456 350.93 723.162 cm
/Im3 Do
Q
q
1 0 0 0.456 351.89 723.162 cm
/Im3 Do
Q
q
1 0 0 0.456 352.85 723.162 cm
/Im3 Do
Q
q
1 0 0 0.456 353.81 723.162 cm
/Im3 Do
Q
q
1 0 0 0.456 354.77 723.162 cm
/Im3 Do
Q
q
1 0 0 0.456 355.73 723.162 cm
/Im3 Do
Q
q
1 0 0 0.456 356.69 723.162 cm
/Im3 Do
Q
q
1 0 0 0.456 357.65 723.162 cm
/Im3 Do
Q
q
1 0 0 0.456 358.61 723.162 cm
/Im3 Do
Q
q
1 0 0 0.456 359.57 723.162 cm
/Im3 Do
Q
q
1 0 0 0.456 360.53 723.162 cm
/Im3 Do
Q
q
1 0 0 0.456 361.49 723.162 cm
/Im3 Do
Q
q
1 0 0 0.456 362.45 723.162 cm
/Im3 Do
Q
q
1 0 0 0.456 363.41 723.162 cm
/Im3 Do
Q
q
1 0 0 0.456 364.37 723.162 cm
/Im3 Do
Q
q
1 0 0 0.456 365.33 723.162 cm
/Im3 Do
Q
q
1 0 0 0.456 366.29 723.162 cm
/Im3 Do
Q
q
1 0 0 0.456 367.25 723.162 cm
/Im3 Do
Q
q
1 0 0 0.456 368.21 723.162 cm
/Im3 Do
Q
q
1 0 0 0.456 369.17 723.162 cm
/Im3 Do
Q
q
1 0 0 0.456 370.13 723.162 cm
/Im3 Do
Q
q
1 0 0 0.456 371.09 723.162 cm
/Im3 Do
Q
q
1 0 0 0.456 372.05 723.162 cm
/Im3 Do
Q
q
1 0 0 0.456 373.01 723.162 cm
/Im3 Do
Q
q
1 0 0 0.456 373.97 723.162 cm
/Im3 Do
Q
q
1 0 0 0.456 374.93 723.162 cm
/Im3 Do
Q
q
1 0 0 0.456 375.89 723.162 cm
/Im3 Do
Q
q
1 0 0 0.456 376.85 723.162 cm
/Im3 Do
Q
q
1 0 0 0.456 377.81 723.162 cm
/Im3 Do
Q
q
1 0 0 0.456 378.77 723.162 cm
/Im3 Do
Q
q
1 0 0 0.456 379.73 723.162 cm
/Im3 Do
Q
q
1 0 0 0.456 380.69 723.162 cm
/Im3 Do
Q
q
1 0 0 0.456 381.65 723.162 cm
/Im3 Do
Q
q
1 0 0 0.456 382.61 723.162 cm
/Im3 Do
Q
q
1 0 0 0.456 383.57 723.162 cm
/Im3 Do
Q
q
1 0 0 0.456 384.53 723.162 cm
/Im3 Do
Q
q
1 0 0 0.456 385.49 723.162 cm
/Im3 Do
Q
q
1 0 0 0.456 386.45 723.162 cm
/Im3 Do
Q
q
1 0 0 0.456 387.41 723.162 cm
/Im3 Do
Q
q
1 0 0 0.456 388.37 723.162 cm
/Im3 Do
Q
q
1 0 0 0.456 389.33 723.162 cm
/Im3 Do
Q
q
1 0 0 0.456 390.29 723.162 cm
/Im3 Do
Q
q
1 0 0 0.456 391.25 723.162 cm
/Im3 Do
Q
q
1 0 0 0.456 392.21 723.162 cm
/Im3 Do
Q
q
1 0 0 0.456 393.17 723.162 cm
/Im3 Do
Q
q
1 0 0 0.456 394.13 723.162 cm
/Im3 Do
Q
q
1 0 0 0.456 395.09 723.162 cm
/Im3 Do
Q
q
1 0 0 0.456 396.05 723.162 cm
/Im3 Do
Q
q
1 0 0 0.456 397.01 723.162 cm
/Im3 Do
Q
q
1 0 0 0.456 397.97 723.162 cm
/Im3 Do
Q
q
1 0 0 0.456 398.93 723.162 cm
/Im3 Do
Q
q
1 0 0 0.456 399.89 723.162 cm
/Im3 Do
Q
q
1 0 0 0.456 400.85 723.162 cm
/Im3 Do
Q
q
1 0 0 0.456 401.81 723.162 cm
/Im3 Do
Q
q
1 0 0 0.456 402.77 723.162 cm
/Im3 Do
Q
q
1 0 0 0.456 403.73 723.162 cm
/Im3 Do
Q
q
1 0 0 0.456 404.69 723.162 cm
/Im3 Do
Q
q
1 0 0 0.456 405.65 723.162 cm
/Im3 Do
Q
q
1 0 0 0.456 406.61 723.162 cm
/Im3 Do
Q
q
1 0 0 0.456 407.57 723.162 cm
/Im3 Do
Q
q
1 0 0 0.456 408.53 723.162 cm
/Im3 Do
Q
q
1 0 0 0.456 409.49 723.162 cm
/Im3 Do
Q
q
1 0 0 0.456 410.45 723.162 cm
/Im3 Do
Q
q
1 0 0 0.456 411.41 723.162 cm
/Im3 Do
Q
q
1 0 0 0.456 412.37 723.162 cm
/Im3 Do
Q
q
1 0 0 0.456 413.33 723.162 cm
/Im3 Do
Q
q
1 0 0 0.456 414.29 723.162 cm
/Im3 Do
Q
q
1 0 0 0.456 415.25 723.162 cm
/Im3 Do
Q
q
1 0 0 0.456 416.21 723.162 cm
/Im3 Do
Q
q
1 0 0 0.456 417.17 723.162 cm
/Im3 Do
Q
q
1 0 0 0.456 418.13 723.162 cm
/Im3 Do
Q
q
1 0 0 0.456 419.09 723.162 cm
/Im3 Do
Q
q
1 0 0 0.456 420.05 723.162 cm
/Im3 Do
Q
q
1 0 0 0.456 421.01 723.162 cm
/Im3 Do
Q
q
1 0 0 0.456 421.97 723.162 cm
/Im3 Do
Q
q
1 0 0 0.456 422.93 723.162 cm
/Im3 Do
Q
q
1 0 0 0.456 423.89 723.162 cm
/Im3 Do
Q
q
1 0 0 0.456 424.85 723.162 cm
/Im3 Do
Q
q
1 0 0 0.456 425.81 723.162 cm
/Im3 Do
Q
q
1 0 0 0.456 426.77 723.162 cm
/Im3 Do
Q
q
1 0 0 0.456 427.73 723.162 cm
/Im3 Do
Q
q
1 0 0 0.456 428.69 723.162 cm
/Im3 Do
Q
q
1 0 0 0.456 429.65 723.162 cm
/Im3 Do
Q
q
1 0 0 0.456 430.61 723.162 cm
/Im3 Do
Q
q
1 0 0 0.456 431.57 723.162 cm
/Im3 Do
Q
q
1 0 0 0.456 432.53 723.162 cm
/Im3 Do
Q
q
1 0 0 0.456 433.49 723.162 cm
/Im3 Do
Q
q
1 0 0 0.456 434.45 723.162 cm
/Im3 Do
Q
q
1 0 0 0.456 435.41 723.162 cm
/Im3 Do
Q
q
1 0 0 0.456 436.37 723.162 cm
/Im3 Do
Q
q
1 0 0 0.456 437.33 723.162 cm
/Im3 Do
Q
q
1 0 0 0.456 438.29 723.162 cm
/Im3 Do
Q
q
1 0 0 0.456 439.25 723.162 cm
/Im3 Do
Q
q
1 0 0 0.456 440.21 723.162 cm
/Im3 Do
Q
q
1 0 0 0.456 441.17 723.162 cm
/Im3 Do
Q
q
1 0 0 0.456 442.13 723.162 cm
/Im3 Do
Q
q
1 0 0 0.456 443.09 723.162 cm
/Im3 Do
Q
q
1 0 0 0.456 444.05 723.162 cm
/Im3 Do
Q
q
1 0 0 0.456 445.01 723.162 cm
/Im3 Do
Q
q
1 0 0 0.456 445.97 723.162 cm
/Im3 Do
Q
q
1 0 0 0.456 446.93 723.162 cm
/Im3 Do
Q
q
1 0 0 0.456 447.89 723.162 cm
/Im3 Do
Q
q
1 0 0 0.456 448.85 723.162 cm
/Im3 Do
Q
q
1 0 0 0.456 449.81 723.162 cm
/Im3 Do
Q
q
1 0 0 0.456 450.77 723.162 cm
/Im3 Do
Q
q
1 0 0 0.456 451.73 723.162 cm
/Im3 Do
Q
q
1 0 0 0.456 452.69 723.162 cm
/Im3 Do
Q
q
1 0 0 0.456 453.65 723.162 cm
/Im3 Do
Q
q
1 0 0 0.456 454.61 723.162 cm
/Im3 Do
Q
q
1 0 0 0.456 455.57 723.162 cm
/Im3 Do
Q
q
1 0 0 0.456 456.53 723.162 cm
/Im3 Do
Q
q
1 0 0 0.456 457.49 723.162 cm
/Im3 Do
Q
q
1 0 0 0.456 458.45 723.162 cm
/Im5 Do
Q
q
1 0 0 0.456 458.93 723.162 cm
/Im3 Do
Q
q
1 0 0 0.456 459.89 723.162 cm
/Im3 Do
Q
q
1 0 0 0.456 460.85 723.162 cm
/Im3 Do
Q
q
1 0 0 0.456 461.81 723.162 cm
/Im3 Do
Q
q
1 0 0 0.456 462.77 723.162 cm
/Im3 Do
Q
q
1 0 0 0.456 463.73 723.162 cm
/Im3 Do
Q
q
1 0 0 0.456 464.69 723.162 cm
/Im3 Do
Q
q
1 0 0 0.456 465.65 723.162 cm
/Im3 Do
Q
q
1 0 0 0.456 466.61 723.162 cm
/Im3 Do
Q
q
1 0 0 0.456 467.57 723.162 cm
/Im3 Do
Q
q
1 0 0 0.456 468.53 723.162 cm
/Im3 Do
Q
q
1 0 0 0.456 469.49 723.162 cm
/Im3 Do
Q
q
1 0 0 0.456 470.45 723.162 cm
/Im3 Do
Q
q
1 0 0 0.456 471.41 723.162 cm
/Im3 Do
Q
q
1 0 0 0.456 472.37 723.162 cm
/Im3 Do
Q
q
1 0 0 0.456 473.33 723.162 cm
/Im3 Do
Q
q
1 0 0 0.456 474.29 723.162 cm
/Im3 Do
Q
q
1 0 0 0.456 475.25 723.162 cm
/Im3 Do
Q
q
1 0 0 0.456 476.21 723.162 cm
/Im3 Do
Q
q
1 0 0 0.456 477.17 723.162 cm
/Im3 Do
Q
q
1 0 0 0.456 478.13 723.162 cm
/Im3 Do
Q
q
1 0 0 0.456 479.09 723.162 cm
/Im3 Do
Q
q
1 0 0 0.456 480.05 723.162 cm
/Im3 Do
Q
q
1 0 0 0.456 481.01 723.162 cm
/Im3 Do
Q
q
1 0 0 0.456 481.97 723.162 cm
/Im3 Do
Q
q
1 0 0 0.456 482.93 723.162 cm
/Im3 Do
Q
q
1 0 0 0.456 483.89 723.162 cm
/Im3 Do
Q
q
1 0 0 0.456 484.85 723.162 cm
/Im3 Do
Q
q
1 0 0 0.456 485.81 723.162 cm
/Im3 Do
Q
q
1 0 0 0.456 486.77 723.162 cm
/Im3 Do
Q
q
1 0 0 0.456 487.73 723.162 cm
/Im3 Do
Q
q
1 0 0 0.456 488.69 723.162 cm
/Im3 Do
Q
q
1 0 0 0.456 489.65 723.162 cm
/Im3 Do
Q
q
1 0 0 0.456 490.61 723.162 cm
/Im3 Do
Q
q
1 0 0 0.456 491.57 723.162 cm
/Im3 Do
Q
q
1 0 0 0.456 492.53 723.162 cm
/Im3 Do
Q
q
1 0 0 0.456 493.49 723.162 cm
/Im3 Do
Q
q
1 0 0 0.456 494.45 723.162 cm
/Im3 Do
Q
q
1 0 0 0.456 495.41 723.162 cm
/Im3 Do
Q
q
1 0 0 0.456 496.37 723.162 cm
/Im3 Do
Q
q
1 0 0 0.456 497.33 723.162 cm
/Im3 Do
Q
q
1 0 0 0.456 498.29 723.162 cm
/Im3 Do
Q
q
1 0 0 0.456 499.25 723.162 cm
/Im3 Do
Q
q
1 0 0 0.456 500.21 723.162 cm
/Im3 Do
Q
q
1 0 0 0.456 501.17 723.162 cm
/Im4 Do
Q
q
1 0 0 0.456 501.65 723.162 cm
/Im3 Do
Q
q
1 0 0 0.456 502.61 723.162 cm
/Im3 Do
Q
q
1 0 0 0.456 503.57 723.162 cm
/Im3 Do
Q
q
1 0 0 0.456 504.53 723.162 cm
/Im3 Do
Q
q
1 0 0 0.456 505.49 723.162 cm
/Im3 Do
Q
q
1 0 0 0.456 506.45 723.162 cm
/Im3 Do
Q
q
1 0 0 0.456 507.41 723.162 cm
/Im3 Do
Q
q
1 0 0 0.456 508.3699 723.162 cm
/Im3 Do
Q
q
1 0 0 0.456 509.33 723.162 cm
/Im3 Do
Q
q
1 0 0 0.456 510.29 723.162 cm
/Im3 Do
Q
q
1 0 0 0.456 511.2499 723.162 cm
/Im3 Do
Q
q
1 0 0 0.456 512.21 723.162 cm
/Im3 Do
Q
q
1 0 0 0.456 513.1699 723.162 cm
/Im3 Do
Q
q
1 0 0 0.456 514.1299 723.162 cm
/Im3 Do
Q
q
1 0 0 0.456 515.09 723.162 cm
/Im3 Do
Q
q
1 0 0 0.456 516.0499 723.162 cm
/Im3 Do
Q
q
1 0 0 0.456 517.01 723.162 cm
/Im3 Do
Q
q
1 0 0 0.456 517.97 723.162 cm
/Im3 Do
Q
q
1 0 0 0.456 518.9299 723.162 cm
/Im3 Do
Q
q
1 0 0 0.456 519.89 723.162 cm
/Im3 Do
Q
q
1 0 0 0.456 520.85 723.162 cm
/Im3 Do
Q
q
1 0 0 0.456 521.8099 723.162 cm
/Im3 Do
Q
q
1 0 0 0.456 522.77 723.162 cm
/Im3 Do
Q
q
1 0 0 0.456 523.73 723.162 cm
/Im3 Do
Q
q
1 0 0 0.456 524.6899 723.162 cm
/Im3 Do
Q
q
1 0 0 0.456 525.65 723.162 cm
/Im3 Do
Q
q
1 0 0 0.456 526.61 723.162 cm
/Im3 Do
Q
q
1 0 0 0.456 527.57 723.162 cm
/Im3 Do
Q
q
1 0 0 0.456 528.53 723.162 cm
/Im3 Do
Q
q
1 0 0 0.456 529.4901 723.162 cm
/Im3 Do
Q
q
1 0 0 0.456 530.45 723.162 cm
/Im3 Do
Q
q
1 0 0 0.456 531.41 723.162 cm
/Im3 Do
Q
q
1 0 0 0.456 532.3699 723.162 cm
/Im3 Do
Q
q
1 0 0 0.456 533.33 723.162 cm
/Im3 Do
Q
q
1 0 0 0.456 534.29 723.162 cm
/Im3 Do
Q
q
1 0 0 0.456 535.2499 723.162 cm
/Im3 Do
Q
q
1 0 0 0.456 536.21 723.162 cm
/Im3 Do
Q
q
1 0 0 0.456 537.1699 723.162 cm
/Im3 Do
Q
q
1 0 0 0.456 538.1299 723.162 cm
/Im3 Do
Q
q
1 0 0 0.456 539.09 723.162 cm
/Im3 Do
Q
q
1 0 0 0.456 540.0499 723.162 cm
/Im3 Do
Q
q
1 0 0 0.456 541.01 723.162 cm
/Im3 Do
Q
q
1 0 0 0.456 541.97 723.162 cm
/Im3 Do
Q
q
1 0 0 0.456 542.93 723.162 cm
/Im3 Do
Q
q
1 0 0 0.456 543.89 723.162 cm
/Im3 Do
Q
q
1 0 0 0.456 544.85 723.162 cm
/Im3 Do
Q
q
1 0 0 0.456 545.8099 723.162 cm
/Im3 Do
Q
q
1 0 0 0.456 546.77 723.162 cm
/Im3 Do
Q
q
1 0 0 0.456 547.73 723.162 cm
/Im3 Do
Q
q
1 0 0 0.456 548.6899 723.162 cm
/Im3 Do
Q
q
1 0 0 0.456 549.65 723.162 cm
/Im3 Do
Q
q
0.24 0 0 0.456 550.61 723.162 cm
/Im7 Do
Q
BT
10.08 0 0 9.576 55.01 691.4699 Tm
-0.0003 Tc
(B3)Tj
1.2143 0 TD
0.0077 Tc
(.1)Tj
0.8333 0 TD
(.)Tj
0.2857 0 TD
-0.0084 Tc
0.0161 Tw
[(128 )-666.7(F)-16.4(o)0(r)15.1(m)-32.5(ul)-24.5(a)23.8(i)-24.5(r)-8.7(e)0( Rens)15.4(ei)-24.5(gnem)-32.5(en)23.8(t)-16.1(s)15.4( c)-8.4(onc)-8.4(er)-8.7(nant)-16.1( l)-24.5(e)0(s)15.4( )23.8(f)-39.9(abr)15.1(i)-24.5(c)-8.4(ant)-16.1(s)15.4( )-11452.4(oui)-24.5( )]TJ
ET
q
1.026 0 0 0.9747 0 0 cm
0 G
1 J 0 j 0.702 w 10 M []0 d
467.427 708.732 8.889 8.889 re
S
Q
BT
10.08 0 0 9.576 490.13 691.4699 Tm
0 Tc
0 Tw
( )Tj
2.6429 0 TD
-0.0084 Tc
(non )Tj
ET
q
1.026 0 0 0.9747 0 0 cm
0 G
1 J 0 j 0.702 w 10 M []0 d
523.569 708.732 8.889 8.889 re
S
Q
Q
BT
10.08 0 0 9.576 547.73 691.4699 Tm
( )Tj
ET
q
1 i 
-1.63 25.14 595 799.9 re
W n
-1.63 25.14 595 799.9 re
W n
32.37 798.59 531.5 -762.35 re
0 841 m
W* n
-9 851 613 -860 re
0 841 m
W n
0.03 841.02 595.02 -841.02 re
W n
q
1 0 0 0.456 51.41 704.01 cm
/Im3 Do
Q
q
1 0 0 0.456 52.37 704.01 cm
/Im3 Do
Q
q
1 0 0 0.456 53.33 704.01 cm
/Im3 Do
Q
q
1 0 0 0.456 54.29 704.01 cm
/Im3 Do
Q
q
1 0 0 0.456 55.25 704.01 cm
/Im3 Do
Q
q
1 0 0 0.456 56.21 704.01 cm
/Im3 Do
Q
q
1 0 0 0.456 57.17 704.01 cm
/Im3 Do
Q
q
1 0 0 0.456 58.13 704.01 cm
/Im3 Do
Q
q
1 0 0 0.456 59.09 704.01 cm
/Im3 Do
Q
q
1 0 0 0.456 60.05 704.01 cm
/Im3 Do
Q
q
1 0 0 0.456 61.01 704.01 cm
/Im3 Do
Q
q
1 0 0 0.456 61.97 704.01 cm
/Im3 Do
Q
q
1 0 0 0.456 62.93 704.01 cm
/Im3 Do
Q
q
1 0 0 0.456 63.89 704.01 cm
/Im3 Do
Q
q
1 0 0 0.456 64.85 704.01 cm
/Im3 Do
Q
q
1 0 0 0.456 65.81 704.01 cm
/Im3 Do
Q
q
1 0 0 0.456 66.77 704.01 cm
/Im3 Do
Q
q
1 0 0 0.456 67.73 704.01 cm
/Im3 Do
Q
q
1 0 0 0.456 68.69 704.01 cm
/Im3 Do
Q
q
1 0 0 0.456 69.65 704.01 cm
/Im3 Do
Q
q
1 0 0 0.456 70.61 704.01 cm
/Im3 Do
Q
q
1 0 0 0.456 71.57 704.01 cm
/Im3 Do
Q
q
1 0 0 0.456 72.53 704.01 cm
/Im3 Do
Q
q
1 0 0 0.456 73.49 704.01 cm
/Im3 Do
Q
q
1 0 0 0.456 74.45 704.01 cm
/Im3 Do
Q
q
1 0 0 0.456 75.41 704.01 cm
/Im3 Do
Q
q
1 0 0 0.456 76.37 704.01 cm
/Im3 Do
Q
q
1 0 0 0.456 77.33 704.01 cm
/Im3 Do
Q
q
1 0 0 0.456 78.29 704.01 cm
/Im3 Do
Q
q
1 0 0 0.456 79.25 704.01 cm
/Im3 Do
Q
q
1 0 0 0.456 80.21 704.01 cm
/Im3 Do
Q
q
1 0 0 0.456 81.17 704.01 cm
/Im3 Do
Q
q
1 0 0 0.456 82.13 704.01 cm
/Im3 Do
Q
q
1 0 0 0.456 83.09 704.01 cm
/Im3 Do
Q
q
1 0 0 0.456 84.05 704.01 cm
/Im3 Do
Q
q
1 0 0 0.456 85.01 704.01 cm
/Im3 Do
Q
q
1 0 0 0.456 85.97 704.01 cm
/Im3 Do
Q
q
1 0 0 0.456 86.93 704.01 cm
/Im3 Do
Q
q
1 0 0 0.456 87.89 704.01 cm
/Im3 Do
Q
q
1 0 0 0.456 88.85 704.01 cm
/Im3 Do
Q
q
1 0 0 0.456 89.81 704.01 cm
/Im3 Do
Q
q
1 0 0 0.456 90.77 704.01 cm
/Im3 Do
Q
q
1 0 0 0.456 91.73 704.01 cm
/Im3 Do
Q
q
1 0 0 0.456 92.69 704.01 cm
/Im3 Do
Q
q
1 0 0 0.456 93.65 704.01 cm
/Im3 Do
Q
q
1 0 0 0.456 94.61 704.01 cm
/Im3 Do
Q
q
1 0 0 0.456 95.57 704.01 cm
/Im3 Do
Q
q
1 0 0 0.456 96.53 704.01 cm
/Im3 Do
Q
q
1 0 0 0.456 97.49 704.01 cm
/Im3 Do
Q
q
1 0 0 0.456 98.45 704.01 cm
/Im3 Do
Q
q
1 0 0 0.456 99.41 704.01 cm
/Im3 Do
Q
q
1 0 0 0.456 100.37 704.01 cm
/Im3 Do
Q
q
1 0 0 0.456 101.33 704.01 cm
/Im3 Do
Q
q
1 0 0 0.456 102.29 704.01 cm
/Im3 Do
Q
q
1 0 0 0.456 103.25 704.01 cm
/Im3 Do
Q
q
1 0 0 0.456 104.21 704.01 cm
/Im3 Do
Q
q
1 0 0 0.456 105.17 704.01 cm
/Im3 Do
Q
q
1 0 0 0.456 106.13 704.01 cm
/Im3 Do
Q
q
1 0 0 0.456 107.09 704.01 cm
/Im3 Do
Q
q
1 0 0 0.456 108.05 704.01 cm
/Im3 Do
Q
q
1 0 0 0.456 109.01 704.01 cm
/Im3 Do
Q
q
1 0 0 0.456 109.97 704.01 cm
/Im3 Do
Q
q
1 0 0 0.456 110.93 704.01 cm
/Im3 Do
Q
q
1 0 0 0.456 111.89 704.01 cm
/Im3 Do
Q
q
1 0 0 0.456 112.85 704.01 cm
/Im3 Do
Q
q
1 0 0 0.456 113.81 704.01 cm
/Im3 Do
Q
q
1 0 0 0.456 114.77 704.01 cm
/Im3 Do
Q
q
1 0 0 0.456 115.73 704.01 cm
/Im3 Do
Q
q
1 0 0 0.456 116.69 704.01 cm
/Im3 Do
Q
q
1 0 0 0.456 117.65 704.01 cm
/Im3 Do
Q
q
1 0 0 0.456 118.61 704.01 cm
/Im3 Do
Q
q
1 0 0 0.456 119.57 704.01 cm
/Im3 Do
Q
q
1 0 0 0.456 120.53 704.01 cm
/Im3 Do
Q
q
1 0 0 0.456 121.49 704.01 cm
/Im3 Do
Q
q
1 0 0 0.456 122.45 704.01 cm
/Im3 Do
Q
q
1 0 0 0.456 123.41 704.01 cm
/Im3 Do
Q
q
1 0 0 0.456 124.37 704.01 cm
/Im3 Do
Q
q
1 0 0 0.456 125.33 704.01 cm
/Im3 Do
Q
q
1 0 0 0.456 126.29 704.01 cm
/Im3 Do
Q
q
1 0 0 0.456 127.25 704.01 cm
/Im3 Do
Q
q
1 0 0 0.456 128.21 704.01 cm
/Im3 Do
Q
q
1 0 0 0.456 129.17 704.01 cm
/Im3 Do
Q
q
1 0 0 0.456 130.13 704.01 cm
/Im3 Do
Q
q
1 0 0 0.456 131.09 704.01 cm
/Im3 Do
Q
q
1 0 0 0.456 132.05 704.01 cm
/Im3 Do
Q
q
1 0 0 0.456 133.01 704.01 cm
/Im3 Do
Q
q
1 0 0 0.456 133.97 704.01 cm
/Im3 Do
Q
q
1 0 0 0.456 134.93 704.01 cm
/Im3 Do
Q
q
1 0 0 0.456 135.89 704.01 cm
/Im3 Do
Q
q
1 0 0 0.456 136.85 704.01 cm
/Im3 Do
Q
q
1 0 0 0.456 137.81 704.01 cm
/Im3 Do
Q
q
1 0 0 0.456 138.77 704.01 cm
/Im3 Do
Q
q
1 0 0 0.456 139.73 704.01 cm
/Im3 Do
Q
q
1 0 0 0.456 140.69 704.01 cm
/Im3 Do
Q
q
1 0 0 0.456 141.65 704.01 cm
/Im3 Do
Q
q
1 0 0 0.456 142.61 704.01 cm
/Im3 Do
Q
q
1 0 0 0.456 143.57 704.01 cm
/Im3 Do
Q
q
1 0 0 0.456 144.53 704.01 cm
/Im3 Do
Q
q
1 0 0 0.456 145.49 704.01 cm
/Im3 Do
Q
q
1 0 0 0.456 146.45 704.01 cm
/Im3 Do
Q
q
1 0 0 0.456 147.41 704.01 cm
/Im3 Do
Q
q
1 0 0 0.456 148.37 704.01 cm
/Im3 Do
Q
q
1 0 0 0.456 149.33 704.01 cm
/Im3 Do
Q
q
1 0 0 0.456 150.29 704.01 cm
/Im3 Do
Q
q
1 0 0 0.456 151.25 704.01 cm
/Im3 Do
Q
q
1 0 0 0.456 152.21 704.01 cm
/Im3 Do
Q
q
1 0 0 0.456 153.17 704.01 cm
/Im3 Do
Q
q
1 0 0 0.456 154.13 704.01 cm
/Im3 Do
Q
q
1 0 0 0.456 155.09 704.01 cm
/Im3 Do
Q
q
1 0 0 0.456 156.05 704.01 cm
/Im3 Do
Q
q
1 0 0 0.456 157.01 704.01 cm
/Im3 Do
Q
q
1 0 0 0.456 157.97 704.01 cm
/Im3 Do
Q
q
1 0 0 0.456 158.93 704.01 cm
/Im3 Do
Q
q
1 0 0 0.456 159.89 704.01 cm
/Im3 Do
Q
q
1 0 0 0.456 160.85 704.01 cm
/Im3 Do
Q
q
1 0 0 0.456 161.81 704.01 cm
/Im3 Do
Q
q
1 0 0 0.456 162.77 704.01 cm
/Im3 Do
Q
q
1 0 0 0.456 163.73 704.01 cm
/Im3 Do
Q
q
1 0 0 0.456 164.69 704.01 cm
/Im3 Do
Q
q
1 0 0 0.456 165.65 704.01 cm
/Im3 Do
Q
q
1 0 0 0.456 166.61 704.01 cm
/Im3 Do
Q
q
1 0 0 0.456 167.57 704.01 cm
/Im3 Do
Q
q
1 0 0 0.456 168.53 704.01 cm
/Im3 Do
Q
q
1 0 0 0.456 169.49 704.01 cm
/Im3 Do
Q
q
1 0 0 0.456 170.45 704.01 cm
/Im3 Do
Q
q
1 0 0 0.456 171.41 704.01 cm
/Im3 Do
Q
q
1 0 0 0.456 172.37 704.01 cm
/Im3 Do
Q
q
1 0 0 0.456 173.33 704.01 cm
/Im3 Do
Q
q
1 0 0 0.456 174.29 704.01 cm
/Im3 Do
Q
q
1 0 0 0.456 175.25 704.01 cm
/Im3 Do
Q
q
1 0 0 0.456 176.21 704.01 cm
/Im3 Do
Q
q
1 0 0 0.456 177.17 704.01 cm
/Im3 Do
Q
q
1 0 0 0.456 178.13 704.01 cm
/Im3 Do
Q
q
1 0 0 0.456 179.09 704.01 cm
/Im3 Do
Q
q
1 0 0 0.456 180.05 704.01 cm
/Im3 Do
Q
q
1 0 0 0.456 181.01 704.01 cm
/Im3 Do
Q
q
1 0 0 0.456 181.97 704.01 cm
/Im3 Do
Q
q
1 0 0 0.456 182.93 704.01 cm
/Im3 Do
Q
q
1 0 0 0.456 183.89 704.01 cm
/Im3 Do
Q
q
1 0 0 0.456 184.85 704.01 cm
/Im3 Do
Q
q
1 0 0 0.456 185.81 704.01 cm
/Im3 Do
Q
q
1 0 0 0.456 186.77 704.01 cm
/Im3 Do
Q
q
1 0 0 0.456 187.73 704.01 cm
/Im3 Do
Q
q
1 0 0 0.456 188.69 704.01 cm
/Im3 Do
Q
q
1 0 0 0.456 189.65 704.01 cm
/Im3 Do
Q
q
1 0 0 0.456 190.61 704.01 cm
/Im3 Do
Q
q
1 0 0 0.456 191.57 704.01 cm
/Im3 Do
Q
q
1 0 0 0.456 192.53 704.01 cm
/Im3 Do
Q
q
1 0 0 0.456 193.49 704.01 cm
/Im3 Do
Q
q
1 0 0 0.456 194.45 704.01 cm
/Im3 Do
Q
q
1 0 0 0.456 195.41 704.01 cm
/Im3 Do
Q
q
1 0 0 0.456 196.37 704.01 cm
/Im3 Do
Q
q
1 0 0 0.456 197.33 704.01 cm
/Im3 Do
Q
q
1 0 0 0.456 198.29 704.01 cm
/Im3 Do
Q
q
1 0 0 0.456 199.25 704.01 cm
/Im3 Do
Q
q
1 0 0 0.456 200.21 704.01 cm
/Im3 Do
Q
q
1 0 0 0.456 201.17 704.01 cm
/Im3 Do
Q
q
1 0 0 0.456 202.13 704.01 cm
/Im3 Do
Q
q
1 0 0 0.456 203.09 704.01 cm
/Im3 Do
Q
q
1 0 0 0.456 204.05 704.01 cm
/Im3 Do
Q
q
1 0 0 0.456 205.01 704.01 cm
/Im3 Do
Q
q
1 0 0 0.456 205.97 704.01 cm
/Im3 Do
Q
q
1 0 0 0.456 206.93 704.01 cm
/Im3 Do
Q
q
1 0 0 0.456 207.89 704.01 cm
/Im3 Do
Q
q
1 0 0 0.456 208.85 704.01 cm
/Im3 Do
Q
q
1 0 0 0.456 209.81 704.01 cm
/Im3 Do
Q
q
1 0 0 0.456 210.77 704.01 cm
/Im3 Do
Q
q
1 0 0 0.456 211.73 704.01 cm
/Im3 Do
Q
q
1 0 0 0.456 212.69 704.01 cm
/Im3 Do
Q
q
1 0 0 0.456 213.65 704.01 cm
/Im3 Do
Q
q
1 0 0 0.456 214.61 704.01 cm
/Im3 Do
Q
q
1 0 0 0.456 215.57 704.01 cm
/Im3 Do
Q
q
1 0 0 0.456 216.53 704.01 cm
/Im3 Do
Q
q
1 0 0 0.456 217.49 704.01 cm
/Im3 Do
Q
q
1 0 0 0.456 218.45 704.01 cm
/Im3 Do
Q
q
1 0 0 0.456 219.41 704.01 cm
/Im3 Do
Q
q
1 0 0 0.456 220.37 704.01 cm
/Im3 Do
Q
q
1 0 0 0.456 221.33 704.01 cm
/Im3 Do
Q
q
1 0 0 0.456 222.29 704.01 cm
/Im3 Do
Q
q
1 0 0 0.456 223.25 704.01 cm
/Im3 Do
Q
q
1 0 0 0.456 224.21 704.01 cm
/Im3 Do
Q
q
1 0 0 0.456 225.17 704.01 cm
/Im3 Do
Q
q
1 0 0 0.456 226.13 704.01 cm
/Im3 Do
Q
q
1 0 0 0.456 227.09 704.01 cm
/Im3 Do
Q
q
1 0 0 0.456 228.05 704.01 cm
/Im3 Do
Q
q
1 0 0 0.456 229.01 704.01 cm
/Im3 Do
Q
q
1 0 0 0.456 229.97 704.01 cm
/Im3 Do
Q
q
1 0 0 0.456 230.93 704.01 cm
/Im3 Do
Q
q
1 0 0 0.456 231.89 704.01 cm
/Im3 Do
Q
q
1 0 0 0.456 232.85 704.01 cm
/Im3 Do
Q
q
1 0 0 0.456 233.81 704.01 cm
/Im3 Do
Q
q
1 0 0 0.456 234.77 704.01 cm
/Im3 Do
Q
q
1 0 0 0.456 235.73 704.01 cm
/Im3 Do
Q
q
1 0 0 0.456 236.69 704.01 cm
/Im3 Do
Q
q
1 0 0 0.456 237.65 704.01 cm
/Im3 Do
Q
q
1 0 0 0.456 238.61 704.01 cm
/Im3 Do
Q
q
1 0 0 0.456 239.57 704.01 cm
/Im3 Do
Q
q
1 0 0 0.456 240.53 704.01 cm
/Im3 Do
Q
q
1 0 0 0.456 241.49 704.01 cm
/Im3 Do
Q
q
1 0 0 0.456 242.45 704.01 cm
/Im3 Do
Q
q
1 0 0 0.456 243.41 704.01 cm
/Im3 Do
Q
q
1 0 0 0.456 244.37 704.01 cm
/Im3 Do
Q
q
1 0 0 0.456 245.33 704.01 cm
/Im3 Do
Q
q
1 0 0 0.456 246.29 704.01 cm
/Im3 Do
Q
q
1 0 0 0.456 247.25 704.01 cm
/Im3 Do
Q
q
1 0 0 0.456 248.21 704.01 cm
/Im3 Do
Q
q
1 0 0 0.456 249.17 704.01 cm
/Im3 Do
Q
q
1 0 0 0.456 250.13 704.01 cm
/Im3 Do
Q
q
1 0 0 0.456 251.09 704.01 cm
/Im3 Do
Q
q
1 0 0 0.456 252.05 704.01 cm
/Im3 Do
Q
q
1 0 0 0.456 253.01 704.01 cm
/Im3 Do
Q
q
1 0 0 0.456 253.97 704.01 cm
/Im3 Do
Q
q
1 0 0 0.456 254.93 704.01 cm
/Im3 Do
Q
q
1 0 0 0.456 255.89 704.01 cm
/Im3 Do
Q
q
1 0 0 0.456 256.85 704.01 cm
/Im3 Do
Q
q
1 0 0 0.456 257.81 704.01 cm
/Im3 Do
Q
q
1 0 0 0.456 258.77 704.01 cm
/Im3 Do
Q
q
1 0 0 0.456 259.73 704.01 cm
/Im3 Do
Q
q
1 0 0 0.456 260.69 704.01 cm
/Im3 Do
Q
q
1 0 0 0.456 261.65 704.01 cm
/Im3 Do
Q
q
1 0 0 0.456 262.61 704.01 cm
/Im3 Do
Q
q
1 0 0 0.456 263.57 704.01 cm
/Im3 Do
Q
q
1 0 0 0.456 264.53 704.01 cm
/Im3 Do
Q
q
1 0 0 0.456 265.49 704.01 cm
/Im3 Do
Q
q
1 0 0 0.456 266.45 704.01 cm
/Im3 Do
Q
q
1 0 0 0.456 267.41 704.01 cm
/Im3 Do
Q
q
1 0 0 0.456 268.37 704.01 cm
/Im3 Do
Q
q
1 0 0 0.456 269.33 704.01 cm
/Im3 Do
Q
q
1 0 0 0.456 270.29 704.01 cm
/Im3 Do
Q
q
1 0 0 0.456 271.25 704.01 cm
/Im3 Do
Q
q
1 0 0 0.456 272.21 704.01 cm
/Im3 Do
Q
q
1 0 0 0.456 273.17 704.01 cm
/Im3 Do
Q
q
1 0 0 0.456 274.13 704.01 cm
/Im3 Do
Q
q
1 0 0 0.456 275.09 704.01 cm
/Im3 Do
Q
q
1 0 0 0.456 276.05 704.01 cm
/Im3 Do
Q
q
1 0 0 0.456 277.01 704.01 cm
/Im3 Do
Q
q
1 0 0 0.456 277.97 704.01 cm
/Im3 Do
Q
q
1 0 0 0.456 278.93 704.01 cm
/Im3 Do
Q
q
1 0 0 0.456 279.89 704.01 cm
/Im3 Do
Q
q
1 0 0 0.456 280.85 704.01 cm
/Im3 Do
Q
q
1 0 0 0.456 281.81 704.01 cm
/Im3 Do
Q
q
1 0 0 0.456 282.77 704.01 cm
/Im3 Do
Q
q
1 0 0 0.456 283.73 704.01 cm
/Im3 Do
Q
q
1 0 0 0.456 284.69 704.01 cm
/Im3 Do
Q
q
1 0 0 0.456 285.65 704.01 cm
/Im3 Do
Q
q
1 0 0 0.456 286.61 704.01 cm
/Im3 Do
Q
q
1 0 0 0.456 287.57 704.01 cm
/Im3 Do
Q
q
1 0 0 0.456 288.53 704.01 cm
/Im3 Do
Q
q
1 0 0 0.456 289.49 704.01 cm
/Im3 Do
Q
q
1 0 0 0.456 290.45 704.01 cm
/Im3 Do
Q
q
1 0 0 0.456 291.41 704.01 cm
/Im3 Do
Q
q
1 0 0 0.456 292.37 704.01 cm
/Im3 Do
Q
q
1 0 0 0.456 293.33 704.01 cm
/Im3 Do
Q
q
1 0 0 0.456 294.29 704.01 cm
/Im3 Do
Q
q
1 0 0 0.456 295.25 704.01 cm
/Im3 Do
Q
q
1 0 0 0.456 296.21 704.01 cm
/Im3 Do
Q
q
1 0 0 0.456 297.17 704.01 cm
/Im3 Do
Q
q
1 0 0 0.456 298.13 704.01 cm
/Im3 Do
Q
q
1 0 0 0.456 299.09 704.01 cm
/Im3 Do
Q
q
1 0 0 0.456 300.05 704.01 cm
/Im3 Do
Q
q
1 0 0 0.456 301.01 704.01 cm
/Im3 Do
Q
q
1 0 0 0.456 301.97 704.01 cm
/Im3 Do
Q
q
1 0 0 0.456 302.93 704.01 cm
/Im3 Do
Q
q
1 0 0 0.456 303.89 704.01 cm
/Im3 Do
Q
q
1 0 0 0.456 304.85 704.01 cm
/Im3 Do
Q
q
1 0 0 0.456 305.81 704.01 cm
/Im3 Do
Q
q
1 0 0 0.456 306.77 704.01 cm
/Im3 Do
Q
q
1 0 0 0.456 307.73 704.01 cm
/Im3 Do
Q
q
1 0 0 0.456 308.69 704.01 cm
/Im3 Do
Q
q
1 0 0 0.456 309.65 704.01 cm
/Im3 Do
Q
q
1 0 0 0.456 310.61 704.01 cm
/Im3 Do
Q
q
1 0 0 0.456 311.57 704.01 cm
/Im3 Do
Q
q
1 0 0 0.456 312.53 704.01 cm
/Im3 Do
Q
q
1 0 0 0.456 313.49 704.01 cm
/Im3 Do
Q
q
1 0 0 0.456 314.45 704.01 cm
/Im3 Do
Q
q
1 0 0 0.456 315.41 704.01 cm
/Im3 Do
Q
q
1 0 0 0.456 316.37 704.01 cm
/Im3 Do
Q
q
1 0 0 0.456 317.33 704.01 cm
/Im3 Do
Q
q
1 0 0 0.456 318.29 704.01 cm
/Im3 Do
Q
q
1 0 0 0.456 319.25 704.01 cm
/Im3 Do
Q
q
1 0 0 0.456 320.21 704.01 cm
/Im3 Do
Q
q
1 0 0 0.456 321.17 704.01 cm
/Im3 Do
Q
q
1 0 0 0.456 322.13 704.01 cm
/Im3 Do
Q
q
1 0 0 0.456 323.09 704.01 cm
/Im3 Do
Q
q
1 0 0 0.456 324.05 704.01 cm
/Im3 Do
Q
q
1 0 0 0.456 325.01 704.01 cm
/Im3 Do
Q
q
1 0 0 0.456 325.97 704.01 cm
/Im3 Do
Q
q
1 0 0 0.456 326.93 704.01 cm
/Im3 Do
Q
q
1 0 0 0.456 327.89 704.01 cm
/Im3 Do
Q
q
1 0 0 0.456 328.85 704.01 cm
/Im3 Do
Q
q
1 0 0 0.456 329.81 704.01 cm
/Im3 Do
Q
q
1 0 0 0.456 330.77 704.01 cm
/Im3 Do
Q
q
1 0 0 0.456 331.73 704.01 cm
/Im3 Do
Q
q
1 0 0 0.456 332.69 704.01 cm
/Im3 Do
Q
q
1 0 0 0.456 333.65 704.01 cm
/Im3 Do
Q
q
1 0 0 0.456 334.61 704.01 cm
/Im3 Do
Q
q
1 0 0 0.456 335.57 704.01 cm
/Im3 Do
Q
q
1 0 0 0.456 336.53 704.01 cm
/Im3 Do
Q
q
1 0 0 0.456 337.49 704.01 cm
/Im3 Do
Q
q
1 0 0 0.456 338.45 704.01 cm
/Im3 Do
Q
q
1 0 0 0.456 339.41 704.01 cm
/Im3 Do
Q
q
1 0 0 0.456 340.37 704.01 cm
/Im3 Do
Q
q
1 0 0 0.456 341.33 704.01 cm
/Im3 Do
Q
q
1 0 0 0.456 342.29 704.01 cm
/Im3 Do
Q
q
1 0 0 0.456 343.25 704.01 cm
/Im3 Do
Q
q
1 0 0 0.456 344.21 704.01 cm
/Im3 Do
Q
q
1 0 0 0.456 345.17 704.01 cm
/Im3 Do
Q
q
1 0 0 0.456 346.13 704.01 cm
/Im3 Do
Q
q
1 0 0 0.456 347.09 704.01 cm
/Im3 Do
Q
q
1 0 0 0.456 348.05 704.01 cm
/Im3 Do
Q
q
1 0 0 0.456 349.01 704.01 cm
/Im3 Do
Q
q
1 0 0 0.456 349.97 704.01 cm
/Im3 Do
Q
q
1 0 0 0.456 350.93 704.01 cm
/Im3 Do
Q
q
1 0 0 0.456 351.89 704.01 cm
/Im3 Do
Q
q
1 0 0 0.456 352.85 704.01 cm
/Im3 Do
Q
q
1 0 0 0.456 353.81 704.01 cm
/Im3 Do
Q
q
1 0 0 0.456 354.77 704.01 cm
/Im3 Do
Q
q
1 0 0 0.456 355.73 704.01 cm
/Im3 Do
Q
q
1 0 0 0.456 356.69 704.01 cm
/Im3 Do
Q
q
1 0 0 0.456 357.65 704.01 cm
/Im3 Do
Q
q
1 0 0 0.456 358.61 704.01 cm
/Im3 Do
Q
q
1 0 0 0.456 359.57 704.01 cm
/Im3 Do
Q
q
1 0 0 0.456 360.53 704.01 cm
/Im3 Do
Q
q
1 0 0 0.456 361.49 704.01 cm
/Im3 Do
Q
q
1 0 0 0.456 362.45 704.01 cm
/Im3 Do
Q
q
1 0 0 0.456 363.41 704.01 cm
/Im3 Do
Q
q
1 0 0 0.456 364.37 704.01 cm
/Im3 Do
Q
q
1 0 0 0.456 365.33 704.01 cm
/Im3 Do
Q
q
1 0 0 0.456 366.29 704.01 cm
/Im3 Do
Q
q
1 0 0 0.456 367.25 704.01 cm
/Im3 Do
Q
q
1 0 0 0.456 368.21 704.01 cm
/Im3 Do
Q
q
1 0 0 0.456 369.17 704.01 cm
/Im3 Do
Q
q
1 0 0 0.456 370.13 704.01 cm
/Im3 Do
Q
q
1 0 0 0.456 371.09 704.01 cm
/Im3 Do
Q
q
1 0 0 0.456 372.05 704.01 cm
/Im3 Do
Q
q
1 0 0 0.456 373.01 704.01 cm
/Im3 Do
Q
q
1 0 0 0.456 373.97 704.01 cm
/Im3 Do
Q
q
1 0 0 0.456 374.93 704.01 cm
/Im3 Do
Q
q
1 0 0 0.456 375.89 704.01 cm
/Im3 Do
Q
q
1 0 0 0.456 376.85 704.01 cm
/Im3 Do
Q
q
1 0 0 0.456 377.81 704.01 cm
/Im3 Do
Q
q
1 0 0 0.456 378.77 704.01 cm
/Im3 Do
Q
q
1 0 0 0.456 379.73 704.01 cm
/Im3 Do
Q
q
1 0 0 0.456 380.69 704.01 cm
/Im3 Do
Q
q
1 0 0 0.456 381.65 704.01 cm
/Im3 Do
Q
q
1 0 0 0.456 382.61 704.01 cm
/Im3 Do
Q
q
1 0 0 0.456 383.57 704.01 cm
/Im3 Do
Q
q
1 0 0 0.456 384.53 704.01 cm
/Im3 Do
Q
q
1 0 0 0.456 385.49 704.01 cm
/Im3 Do
Q
q
1 0 0 0.456 386.45 704.01 cm
/Im3 Do
Q
q
1 0 0 0.456 387.41 704.01 cm
/Im3 Do
Q
q
1 0 0 0.456 388.37 704.01 cm
/Im3 Do
Q
q
1 0 0 0.456 389.33 704.01 cm
/Im3 Do
Q
q
1 0 0 0.456 390.29 704.01 cm
/Im3 Do
Q
q
1 0 0 0.456 391.25 704.01 cm
/Im3 Do
Q
q
1 0 0 0.456 392.21 704.01 cm
/Im3 Do
Q
q
1 0 0 0.456 393.17 704.01 cm
/Im3 Do
Q
q
1 0 0 0.456 394.13 704.01 cm
/Im3 Do
Q
q
1 0 0 0.456 395.09 704.01 cm
/Im3 Do
Q
q
1 0 0 0.456 396.05 704.01 cm
/Im3 Do
Q
q
1 0 0 0.456 397.01 704.01 cm
/Im3 Do
Q
q
1 0 0 0.456 397.97 704.01 cm
/Im3 Do
Q
q
1 0 0 0.456 398.93 704.01 cm
/Im3 Do
Q
q
1 0 0 0.456 399.89 704.01 cm
/Im3 Do
Q
q
1 0 0 0.456 400.85 704.01 cm
/Im3 Do
Q
q
1 0 0 0.456 401.81 704.01 cm
/Im3 Do
Q
q
1 0 0 0.456 402.77 704.01 cm
/Im3 Do
Q
q
1 0 0 0.456 403.73 704.01 cm
/Im3 Do
Q
q
1 0 0 0.456 404.69 704.01 cm
/Im3 Do
Q
q
1 0 0 0.456 405.65 704.01 cm
/Im3 Do
Q
q
1 0 0 0.456 406.61 704.01 cm
/Im3 Do
Q
q
1 0 0 0.456 407.57 704.01 cm
/Im3 Do
Q
q
1 0 0 0.456 408.53 704.01 cm
/Im3 Do
Q
q
1 0 0 0.456 409.49 704.01 cm
/Im3 Do
Q
q
1 0 0 0.456 410.45 704.01 cm
/Im3 Do
Q
q
1 0 0 0.456 411.41 704.01 cm
/Im3 Do
Q
q
1 0 0 0.456 412.37 704.01 cm
/Im3 Do
Q
q
1 0 0 0.456 413.33 704.01 cm
/Im3 Do
Q
q
1 0 0 0.456 414.29 704.01 cm
/Im3 Do
Q
q
1 0 0 0.456 415.25 704.01 cm
/Im3 Do
Q
q
1 0 0 0.456 416.21 704.01 cm
/Im3 Do
Q
q
1 0 0 0.456 417.17 704.01 cm
/Im3 Do
Q
q
1 0 0 0.456 418.13 704.01 cm
/Im3 Do
Q
q
1 0 0 0.456 419.09 704.01 cm
/Im3 Do
Q
q
1 0 0 0.456 420.05 704.01 cm
/Im3 Do
Q
q
1 0 0 0.456 421.01 704.01 cm
/Im3 Do
Q
q
1 0 0 0.456 421.97 704.01 cm
/Im3 Do
Q
q
1 0 0 0.456 422.93 704.01 cm
/Im3 Do
Q
q
1 0 0 0.456 423.89 704.01 cm
/Im3 Do
Q
q
1 0 0 0.456 424.85 704.01 cm
/Im3 Do
Q
q
1 0 0 0.456 425.81 704.01 cm
/Im3 Do
Q
q
1 0 0 0.456 426.77 704.01 cm
/Im3 Do
Q
q
1 0 0 0.456 427.73 704.01 cm
/Im3 Do
Q
q
1 0 0 0.456 428.69 704.01 cm
/Im3 Do
Q
q
1 0 0 0.456 429.65 704.01 cm
/Im3 Do
Q
q
1 0 0 0.456 430.61 704.01 cm
/Im3 Do
Q
q
1 0 0 0.456 431.57 704.01 cm
/Im3 Do
Q
q
1 0 0 0.456 432.53 704.01 cm
/Im3 Do
Q
q
1 0 0 0.456 433.49 704.01 cm
/Im3 Do
Q
q
1 0 0 0.456 434.45 704.01 cm
/Im3 Do
Q
q
1 0 0 0.456 435.41 704.01 cm
/Im3 Do
Q
q
1 0 0 0.456 436.37 704.01 cm
/Im3 Do
Q
q
1 0 0 0.456 437.33 704.01 cm
/Im3 Do
Q
q
1 0 0 0.456 438.29 704.01 cm
/Im3 Do
Q
q
1 0 0 0.456 439.25 704.01 cm
/Im3 Do
Q
q
1 0 0 0.456 440.21 704.01 cm
/Im3 Do
Q
q
1 0 0 0.456 441.17 704.01 cm
/Im3 Do
Q
q
1 0 0 0.456 442.13 704.01 cm
/Im3 Do
Q
q
1 0 0 0.456 443.09 704.01 cm
/Im3 Do
Q
q
1 0 0 0.456 444.05 704.01 cm
/Im3 Do
Q
q
1 0 0 0.456 445.01 704.01 cm
/Im3 Do
Q
q
1 0 0 0.456 445.97 704.01 cm
/Im3 Do
Q
q
1 0 0 0.456 446.93 704.01 cm
/Im3 Do
Q
q
1 0 0 0.456 447.89 704.01 cm
/Im3 Do
Q
q
1 0 0 0.456 448.85 704.01 cm
/Im3 Do
Q
q
1 0 0 0.456 449.81 704.01 cm
/Im3 Do
Q
q
1 0 0 0.456 450.77 704.01 cm
/Im3 Do
Q
q
1 0 0 0.456 451.73 704.01 cm
/Im3 Do
Q
q
1 0 0 0.456 452.69 704.01 cm
/Im3 Do
Q
q
1 0 0 0.456 453.65 704.01 cm
/Im3 Do
Q
q
1 0 0 0.456 454.61 704.01 cm
/Im3 Do
Q
q
1 0 0 0.456 455.57 704.01 cm
/Im3 Do
Q
q
1 0 0 0.456 456.53 704.01 cm
/Im3 Do
Q
q
1 0 0 0.456 457.49 704.01 cm
/Im3 Do
Q
q
1 0 0 0.456 458.45 704.01 cm
/Im5 Do
Q
q
1 0 0 0.456 458.93 704.01 cm
/Im3 Do
Q
q
1 0 0 0.456 459.89 704.01 cm
/Im3 Do
Q
q
1 0 0 0.456 460.85 704.01 cm
/Im3 Do
Q
q
1 0 0 0.456 461.81 704.01 cm
/Im3 Do
Q
q
1 0 0 0.456 462.77 704.01 cm
/Im3 Do
Q
q
1 0 0 0.456 463.73 704.01 cm
/Im3 Do
Q
q
1 0 0 0.456 464.69 704.01 cm
/Im3 Do
Q
q
1 0 0 0.456 465.65 704.01 cm
/Im3 Do
Q
q
1 0 0 0.456 466.61 704.01 cm
/Im3 Do
Q
q
1 0 0 0.456 467.57 704.01 cm
/Im3 Do
Q
q
1 0 0 0.456 468.53 704.01 cm
/Im3 Do
Q
q
1 0 0 0.456 469.49 704.01 cm
/Im3 Do
Q
q
1 0 0 0.456 470.45 704.01 cm
/Im3 Do
Q
q
1 0 0 0.456 471.41 704.01 cm
/Im3 Do
Q
q
1 0 0 0.456 472.37 704.01 cm
/Im3 Do
Q
q
1 0 0 0.456 473.33 704.01 cm
/Im3 Do
Q
q
1 0 0 0.456 474.29 704.01 cm
/Im3 Do
Q
q
1 0 0 0.456 475.25 704.01 cm
/Im3 Do
Q
q
1 0 0 0.456 476.21 704.01 cm
/Im3 Do
Q
q
1 0 0 0.456 477.17 704.01 cm
/Im3 Do
Q
q
1 0 0 0.456 478.13 704.01 cm
/Im3 Do
Q
q
1 0 0 0.456 479.09 704.01 cm
/Im3 Do
Q
q
1 0 0 0.456 480.05 704.01 cm
/Im3 Do
Q
q
1 0 0 0.456 481.01 704.01 cm
/Im3 Do
Q
q
1 0 0 0.456 481.97 704.01 cm
/Im3 Do
Q
q
1 0 0 0.456 482.93 704.01 cm
/Im3 Do
Q
q
1 0 0 0.456 483.89 704.01 cm
/Im3 Do
Q
q
1 0 0 0.456 484.85 704.01 cm
/Im3 Do
Q
q
1 0 0 0.456 485.81 704.01 cm
/Im3 Do
Q
q
1 0 0 0.456 486.77 704.01 cm
/Im3 Do
Q
q
1 0 0 0.456 487.73 704.01 cm
/Im3 Do
Q
q
1 0 0 0.456 488.69 704.01 cm
/Im3 Do
Q
q
1 0 0 0.456 489.65 704.01 cm
/Im3 Do
Q
q
1 0 0 0.456 490.61 704.01 cm
/Im3 Do
Q
q
1 0 0 0.456 491.57 704.01 cm
/Im3 Do
Q
q
1 0 0 0.456 492.53 704.01 cm
/Im3 Do
Q
q
1 0 0 0.456 493.49 704.01 cm
/Im3 Do
Q
q
1 0 0 0.456 494.45 704.01 cm
/Im3 Do
Q
q
1 0 0 0.456 495.41 704.01 cm
/Im3 Do
Q
q
1 0 0 0.456 496.37 704.01 cm
/Im3 Do
Q
q
1 0 0 0.456 497.33 704.01 cm
/Im3 Do
Q
q
1 0 0 0.456 498.29 704.01 cm
/Im3 Do
Q
q
1 0 0 0.456 499.25 704.01 cm
/Im3 Do
Q
q
1 0 0 0.456 500.21 704.01 cm
/Im3 Do
Q
q
1 0 0 0.456 501.17 704.01 cm
/Im4 Do
Q
q
1 0 0 0.456 501.65 704.01 cm
/Im3 Do
Q
q
1 0 0 0.456 502.61 704.01 cm
/Im3 Do
Q
q
1 0 0 0.456 503.57 704.01 cm
/Im3 Do
Q
q
1 0 0 0.456 504.53 704.01 cm
/Im3 Do
Q
q
1 0 0 0.456 505.49 704.01 cm
/Im3 Do
Q
q
1 0 0 0.456 506.45 704.01 cm
/Im3 Do
Q
q
1 0 0 0.456 507.41 704.01 cm
/Im3 Do
Q
q
1 0 0 0.456 508.3699 704.01 cm
/Im3 Do
Q
q
1 0 0 0.456 509.33 704.01 cm
/Im3 Do
Q
q
1 0 0 0.456 510.29 704.01 cm
/Im3 Do
Q
q
1 0 0 0.456 511.2499 704.01 cm
/Im3 Do
Q
q
1 0 0 0.456 512.21 704.01 cm
/Im3 Do
Q
q
1 0 0 0.456 513.1699 704.01 cm
/Im3 Do
Q
q
1 0 0 0.456 514.1299 704.01 cm
/Im3 Do
Q
q
1 0 0 0.456 515.09 704.01 cm
/Im3 Do
Q
q
1 0 0 0.456 516.0499 704.01 cm
/Im3 Do
Q
q
1 0 0 0.456 517.01 704.01 cm
/Im3 Do
Q
q
1 0 0 0.456 517.97 704.01 cm
/Im3 Do
Q
q
1 0 0 0.456 518.9299 704.01 cm
/Im3 Do
Q
q
1 0 0 0.456 519.89 704.01 cm
/Im3 Do
Q
q
1 0 0 0.456 520.85 704.01 cm
/Im3 Do
Q
q
1 0 0 0.456 521.8099 704.01 cm
/Im3 Do
Q
q
1 0 0 0.456 522.77 704.01 cm
/Im3 Do
Q
q
1 0 0 0.456 523.73 704.01 cm
/Im3 Do
Q
q
1 0 0 0.456 524.6899 704.01 cm
/Im3 Do
Q
q
1 0 0 0.456 525.65 704.01 cm
/Im3 Do
Q
q
1 0 0 0.456 526.61 704.01 cm
/Im3 Do
Q
q
1 0 0 0.456 527.57 704.01 cm
/Im3 Do
Q
q
1 0 0 0.456 528.53 704.01 cm
/Im3 Do
Q
q
1 0 0 0.456 529.4901 704.01 cm
/Im3 Do
Q
q
1 0 0 0.456 530.45 704.01 cm
/Im3 Do
Q
q
1 0 0 0.456 531.41 704.01 cm
/Im3 Do
Q
q
1 0 0 0.456 532.3699 704.01 cm
/Im3 Do
Q
q
1 0 0 0.456 533.33 704.01 cm
/Im3 Do
Q
q
1 0 0 0.456 534.29 704.01 cm
/Im3 Do
Q
q
1 0 0 0.456 535.2499 704.01 cm
/Im3 Do
Q
q
1 0 0 0.456 536.21 704.01 cm
/Im3 Do
Q
q
1 0 0 0.456 537.1699 704.01 cm
/Im3 Do
Q
q
1 0 0 0.456 538.1299 704.01 cm
/Im3 Do
Q
q
1 0 0 0.456 539.09 704.01 cm
/Im3 Do
Q
q
1 0 0 0.456 540.0499 704.01 cm
/Im3 Do
Q
q
1 0 0 0.456 541.01 704.01 cm
/Im3 Do
Q
q
1 0 0 0.456 541.97 704.01 cm
/Im3 Do
Q
q
1 0 0 0.456 542.93 704.01 cm
/Im3 Do
Q
q
1 0 0 0.456 543.89 704.01 cm
/Im3 Do
Q
q
1 0 0 0.456 544.85 704.01 cm
/Im3 Do
Q
q
1 0 0 0.456 545.8099 704.01 cm
/Im3 Do
Q
q
1 0 0 0.456 546.77 704.01 cm
/Im3 Do
Q
q
1 0 0 0.456 547.73 704.01 cm
/Im3 Do
Q
q
1 0 0 0.456 548.6899 704.01 cm
/Im3 Do
Q
q
1 0 0 0.456 549.65 704.01 cm
/Im3 Do
Q
q
0.24 0 0 0.456 550.61 704.01 cm
/Im7 Do
Q
BT
10.08 0 0 9.576 55.01 672.5459 Tm
-0.0079 Tc
[(Cer)-8(t)-15.6(if)-15.6(i)-24(c)-7.9(a)24.3(t)]TJ
3.9284 0 TD
0.0001 Tc
0.0076 Tw
[(\(s)23.9(\) BPF)-7.9( )]TJ
36.5002 0 TD
-0.0084 Tc
0 Tw
[(oui)-24.5( )]TJ
ET
q
1.026 0 0 0.9747 0 0 cm
0 G
1 J 0 j 0.702 w 10 M []0 d
467.427 689.316 8.889 8.889 re
S
Q
BT
10.08 0 0 9.576 490.13 672.5459 Tm
0 Tc
( )Tj
2.6429 0 TD
-0.0084 Tc
(non )Tj
ET
q
1.026 0 0 0.9747 0 0 cm
0 G
1 J 0 j 0.702 w 10 M []0 d
523.569 689.316 8.889 8.889 re
S
Q
Q
BT
10.08 0 0 9.576 547.73 672.5459 Tm
( )Tj
ET
q
1 i 
-1.63 25.14 595 799.9 re
W n
-1.63 25.14 595 799.9 re
W n
32.37 798.59 531.5 -762.35 re
0 841 m
W* n
-9 851 613 -860 re
0 841 m
W n
0.03 841.02 595.02 -841.02 re
W n
q
1 0 0 0.456 51.41 685.0859 cm
/Im3 Do
Q
q
1 0 0 0.456 52.37 685.0859 cm
/Im3 Do
Q
q
1 0 0 0.456 53.33 685.0859 cm
/Im3 Do
Q
q
1 0 0 0.456 54.29 685.0859 cm
/Im3 Do
Q
q
1 0 0 0.456 55.25 685.0859 cm
/Im3 Do
Q
q
1 0 0 0.456 56.21 685.0859 cm
/Im3 Do
Q
q
1 0 0 0.456 57.17 685.0859 cm
/Im3 Do
Q
q
1 0 0 0.456 58.13 685.0859 cm
/Im3 Do
Q
q
1 0 0 0.456 59.09 685.0859 cm
/Im3 Do
Q
q
1 0 0 0.456 60.05 685.0859 cm
/Im3 Do
Q
q
1 0 0 0.456 61.01 685.0859 cm
/Im3 Do
Q
q
1 0 0 0.456 61.97 685.0859 cm
/Im3 Do
Q
q
1 0 0 0.456 62.93 685.0859 cm
/Im3 Do
Q
q
1 0 0 0.456 63.89 685.0859 cm
/Im3 Do
Q
q
1 0 0 0.456 64.85 685.0859 cm
/Im3 Do
Q
q
1 0 0 0.456 65.81 685.0859 cm
/Im3 Do
Q
q
1 0 0 0.456 66.77 685.0859 cm
/Im3 Do
Q
q
1 0 0 0.456 67.73 685.0859 cm
/Im3 Do
Q
q
1 0 0 0.456 68.69 685.0859 cm
/Im3 Do
Q
q
1 0 0 0.456 69.65 685.0859 cm
/Im3 Do
Q
q
1 0 0 0.456 70.61 685.0859 cm
/Im3 Do
Q
q
1 0 0 0.456 71.57 685.0859 cm
/Im3 Do
Q
q
1 0 0 0.456 72.53 685.0859 cm
/Im3 Do
Q
q
1 0 0 0.456 73.49 685.0859 cm
/Im3 Do
Q
q
1 0 0 0.456 74.45 685.0859 cm
/Im3 Do
Q
q
1 0 0 0.456 75.41 685.0859 cm
/Im3 Do
Q
q
1 0 0 0.456 76.37 685.0859 cm
/Im3 Do
Q
q
1 0 0 0.456 77.33 685.0859 cm
/Im3 Do
Q
q
1 0 0 0.456 78.29 685.0859 cm
/Im3 Do
Q
q
1 0 0 0.456 79.25 685.0859 cm
/Im3 Do
Q
q
1 0 0 0.456 80.21 685.0859 cm
/Im3 Do
Q
q
1 0 0 0.456 81.17 685.0859 cm
/Im3 Do
Q
q
1 0 0 0.456 82.13 685.0859 cm
/Im3 Do
Q
q
1 0 0 0.456 83.09 685.0859 cm
/Im3 Do
Q
q
1 0 0 0.456 84.05 685.0859 cm
/Im3 Do
Q
q
1 0 0 0.456 85.01 685.0859 cm
/Im3 Do
Q
q
1 0 0 0.456 85.97 685.0859 cm
/Im3 Do
Q
q
1 0 0 0.456 86.93 685.0859 cm
/Im3 Do
Q
q
1 0 0 0.456 87.89 685.0859 cm
/Im3 Do
Q
q
1 0 0 0.456 88.85 685.0859 cm
/Im3 Do
Q
q
1 0 0 0.456 89.81 685.0859 cm
/Im3 Do
Q
q
1 0 0 0.456 90.77 685.0859 cm
/Im3 Do
Q
q
1 0 0 0.456 91.73 685.0859 cm
/Im3 Do
Q
q
1 0 0 0.456 92.69 685.0859 cm
/Im3 Do
Q
q
1 0 0 0.456 93.65 685.0859 cm
/Im3 Do
Q
q
1 0 0 0.456 94.61 685.0859 cm
/Im3 Do
Q
q
1 0 0 0.456 95.57 685.0859 cm
/Im3 Do
Q
q
1 0 0 0.456 96.53 685.0859 cm
/Im3 Do
Q
q
1 0 0 0.456 97.49 685.0859 cm
/Im3 Do
Q
q
1 0 0 0.456 98.45 685.0859 cm
/Im3 Do
Q
q
1 0 0 0.456 99.41 685.0859 cm
"\340 l\222obligation d\222annoncer\273\n"

/Im3 Do
Q
q
1 0 0 0.456 100.37 685.0859 cm
/Im3 Do
Q
q
1 0 0 0.456 101.33 685.0859 cm
/Im3 Do
Q
q
1 0 0 0.456 102.29 685.0859 cm
/Im3 Do
Q
q
1 0 0 0.456 103.25 685.0859 cm
/Im3 Do
Q
q
1 0 0 0.456 104.21 685.0859 cm
/Im3 Do
Q
q
1 0 0 0.456 105.17 685.0859 cm
/Im3 Do
Q
q
1 0 0 0.456 106.13 685.0859 cm
/Im3 Do
Q
q
1 0 0 0.456 107.09 685.0859 cm
/Im3 Do
Q
q
1 0 0 0.456 108.05 685.0859 cm
/Im3 Do
Q
q
1 0 0 0.456 109.01 685.0859 cm
/Im3 Do
Q
q
1 0 0 0.456 109.97 685.0859 cm
/Im3 Do
Q
q
1 0 0 0.456 110.93 685.0859 cm
/Im3 Do
Q
q
1 0 0 0.456 111.89 685.0859 cm
/Im3 Do
Q
q
1 0 0 0.456 112.85 685.0859 cm
/Im3 Do
Q
q
1 0 0 0.456 113.81 685.0859 cm
/Im3 Do
Q
q
1 0 0 0.456 114.77 685.0859 cm
/Im3 Do
Q
q
1 0 0 0.456 115.73 685.0859 cm
/Im3 Do
Q
q
1 0 0 0.456 116.69 685.0859 cm
/Im3 Do
Q
q
1 0 0 0.456 117.65 685.0859 cm
/Im3 Do
Q
q
1 0 0 0.456 118.61 685.0859 cm
/Im3 Do
Q
q
1 0 0 0.456 119.57 685.0859 cm
/Im3 Do
Q
q
1 0 0 0.456 120.53 685.0859 cm
/Im3 Do
Q
q
1 0 0 0.456 121.49 685.0859 cm
/Im3 Do
Q
q
1 0 0 0.456 122.45 685.0859 cm
/Im3 Do
Q
q
1 0 0 0.456 123.41 685.0859 cm
/Im3 Do
Q
q
1 0 0 0.456 124.37 685.0859 cm
/Im3 Do
Q
q
1 0 0 0.456 125.33 685.0859 cm
/Im3 Do
Q
q
1 0 0 0.456 126.29 685.0859 cm
/Im3 Do
Q
q
1 0 0 0.456 127.25 685.0859 cm
/Im3 Do
Q
q
1 0 0 0.456 128.21 685.0859 cm
/Im3 Do
Q
q
1 0 0 0.456 129.17 685.0859 cm
/Im3 Do
Q
q
1 0 0 0.456 130.13 685.0859 cm
/Im3 Do
Q
q
1 0 0 0.456 131.09 685.0859 cm
/Im3 Do
Q
q
1 0 0 0.456 132.05 685.0859 cm
/Im3 Do
Q
q
1 0 0 0.456 133.01 685.0859 cm
/Im3 Do
Q
q
1 0 0 0.456 133.97 685.0859 cm
/Im3 Do
Q
q
1 0 0 0.456 134.93 685.0859 cm
/Im3 Do
Q
q
1 0 0 0.456 135.89 685.0859 cm
/Im3 Do
Q
q
1 0 0 0.456 136.85 685.0859 cm
/Im3 Do
Q
q
1 0 0 0.456 137.81 685.0859 cm
/Im3 Do
Q
q
1 0 0 0.456 138.77 685.0859 cm
/Im3 Do
Q
q
1 0 0 0.456 139.73 685.0859 cm
/Im3 Do
Q
q
1 0 0 0.456 140.69 685.0859 cm
/Im3 Do
Q
q
1 0 0 0.456 141.65 685.0859 cm
/Im3 Do
Q
q
1 0 0 0.456 142.61 685.0859 cm
/Im3 Do
Q
q
1 0 0 0.456 143.57 685.0859 cm
/Im3 Do
Q
q
1 0 0 0.456 144.53 685.0859 cm
/Im3 Do
Q
q
1 0 0 0.456 145.49 685.0859 cm
/Im3 Do
Q
q
1 0 0 0.456 146.45 685.0859 cm
/Im3 Do
Q
q
1 0 0 0.456 147.41 685.0859 cm
/Im3 Do
Q
q
1 0 0 0.456 148.37 685.0859 cm
/Im3 Do
Q
q
1 0 0 0.456 149.33 685.0859 cm
/Im3 Do
Q
q
1 0 0 0.456 150.29 685.0859 cm
/Im3 Do
Q
q
1 0 0 0.456 151.25 685.0859 cm
/Im3 Do
Q
q
1 0 0 0.456 152.21 685.0859 cm
/Im3 Do
Q
q
1 0 0 0.456 153.17 685.0859 cm
/Im3 Do
Q
q
1 0 0 0.456 154.13 685.0859 cm
/Im3 Do
Q
q
1 0 0 0.456 155.09 685.0859 cm
/Im3 Do
Q
q
1 0 0 0.456 156.05 685.0859 cm
/Im3 Do
Q
q
1 0 0 0.456 157.01 685.0859 cm
/Im3 Do
Q
q
1 0 0 0.456 157.97 685.0859 cm
/Im3 Do
Q
q
1 0 0 0.456 158.93 685.0859 cm
/Im3 Do
Q
q
1 0 0 0.456 159.89 685.0859 cm
/Im3 Do
Q
q
1 0 0 0.456 160.85 685.0859 cm
/Im3 Do
Q
q
1 0 0 0.456 161.81 685.0859 cm
/Im3 Do
Q
q
1 0 0 0.456 162.77 685.0859 cm
/Im3 Do
Q
q
1 0 0 0.456 163.73 685.0859 cm
/Im3 Do
Q
q
1 0 0 0.456 164.69 685.0859 cm
/Im3 Do
Q
q
1 0 0 0.456 165.65 685.0859 cm
/Im3 Do
Q
q
1 0 0 0.456 166.61 685.0859 cm
/Im3 Do
Q
q
1 0 0 0.456 167.57 685.0859 cm
/Im3 Do
Q
q
1 0 0 0.456 168.53 685.0859 cm
/Im3 Do
Q
q
1 0 0 0.456 169.49 685.0859 cm
/Im3 Do
Q
q
1 0 0 0.456 170.45 685.0859 cm
/Im3 Do
Q
q
1 0 0 0.456 171.41 685.0859 cm
/Im3 Do
Q
q
1 0 0 0.456 172.37 685.0859 cm
/Im3 Do
Q
q
1 0 0 0.456 173.33 685.0859 cm
/Im3 Do
Q
q
1 0 0 0.456 174.29 685.0859 cm
/Im3 Do
Q
q
1 0 0 0.456 175.25 685.0859 cm
/Im3 Do
Q
q
1 0 0 0.456 176.21 685.0859 cm
/Im3 Do
Q
q
1 0 0 0.456 177.17 685.0859 cm
/Im3 Do
Q
q
1 0 0 0.456 178.13 685.0859 cm
/Im3 Do
Q
q
1 0 0 0.456 179.09 685.0859 cm
/Im3 Do
Q
q
1 0 0 0.456 180.05 685.0859 cm
/Im3 Do
Q
q
1 0 0 0.456 181.01 685.0859 cm
/Im3 Do
Q
q
1 0 0 0.456 181.97 685.0859 cm
/Im3 Do
Q
q
1 0 0 0.456 182.93 685.0859 cm
/Im3 Do
Q
q
1 0 0 0.456 183.89 685.0859 cm
/Im3 Do
Q
q
1 0 0 0.456 184.85 685.0859 cm
/Im3 Do
Q
q
1 0 0 0.456 185.81 685.0859 cm
/Im3 Do
Q
q
1 0 0 0.456 186.77 685.0859 cm
/Im3 Do
Q
q
1 0 0 0.456 187.73 685.0859 cm
/Im3 Do
Q
q
1 0 0 0.456 188.69 685.0859 cm
/Im3 Do
Q
q
1 0 0 0.456 189.65 685.0859 cm
/Im3 Do
Q
q
1 0 0 0.456 190.61 685.0859 cm
/Im3 Do
Q
q
1 0 0 0.456 191.57 685.0859 cm
/Im3 Do
Q
q
1 0 0 0.456 192.53 685.0859 cm
/Im3 Do
Q
q
1 0 0 0.456 193.49 685.0859 cm
/Im3 Do
Q
q
1 0 0 0.456 194.45 685.0859 cm
/Im3 Do
Q
q
1 0 0 0.456 195.41 685.0859 cm
/Im3 Do
Q
q
1 0 0 0.456 196.37 685.0859 cm
/Im3 Do
Q
q
1 0 0 0.456 197.33 685.0859 cm
/Im3 Do
Q
q
1 0 0 0.456 198.29 685.0859 cm
/Im3 Do
Q
q
1 0 0 0.456 199.25 685.0859 cm
/Im3 Do
Q
q
1 0 0 0.456 200.21 685.0859 cm
/Im3 Do
Q
q
1 0 0 0.456 201.17 685.0859 cm
/Im3 Do
Q
q
1 0 0 0.456 202.13 685.0859 cm
/Im3 Do
Q
q
1 0 0 0.456 203.09 685.0859 cm
/Im3 Do
Q
q
1 0 0 0.456 204.05 685.0859 cm
/Im3 Do
Q
q
1 0 0 0.456 205.01 685.0859 cm
/Im3 Do
Q
q
1 0 0 0.456 205.97 685.0859 cm
/Im3 Do
Q
q
1 0 0 0.456 206.93 685.0859 cm
/Im3 Do
Q
q
1 0 0 0.456 207.89 685.0859 cm
/Im3 Do
Q
q
1 0 0 0.456 208.85 685.0859 cm
/Im3 Do
Q
q
1 0 0 0.456 209.81 685.0859 cm
/Im3 Do
Q
q
1 0 0 0.456 210.77 685.0859 cm
/Im3 Do
Q
q
1 0 0 0.456 211.73 685.0859 cm
/Im3 Do
Q
q
1 0 0 0.456 212.69 685.0859 cm
/Im3 Do
Q
q
1 0 0 0.456 213.65 685.0859 cm
/Im3 Do
Q
q
1 0 0 0.456 214.61 685.0859 cm
/Im3 Do
Q
q
1 0 0 0.456 215.57 685.0859 cm
/Im3 Do
Q
q
1 0 0 0.456 216.53 685.0859 cm
/Im3 Do
Q
q
1 0 0 0.456 217.49 685.0859 cm
/Im3 Do
Q
q
1 0 0 0.456 218.45 685.0859 cm
/Im3 Do
Q
q
1 0 0 0.456 219.41 685.0859 cm
/Im3 Do
Q
q
1 0 0 0.456 220.37 685.0859 cm
/Im3 Do
Q
q
1 0 0 0.456 221.33 685.0859 cm
/Im3 Do
Q
q
1 0 0 0.456 222.29 685.0859 cm
/Im3 Do
Q
q
1 0 0 0.456 223.25 685.0859 cm
/Im3 Do
Q
q
1 0 0 0.456 224.21 685.0859 cm
/Im3 Do
Q
q
1 0 0 0.456 225.17 685.0859 cm
/Im3 Do
Q
q
1 0 0 0.456 226.13 685.0859 cm
/Im3 Do
Q
q
1 0 0 0.456 227.09 685.0859 cm
/Im3 Do
Q
q
1 0 0 0.456 228.05 685.0859 cm
/Im3 Do
Q
q
1 0 0 0.456 229.01 685.0859 cm
/Im3 Do
Q
q
1 0 0 0.456 229.97 685.0859 cm
/Im3 Do
Q
q
1 0 0 0.456 230.93 685.0859 cm
/Im3 Do
Q
q
1 0 0 0.456 231.89 685.0859 cm
/Im3 Do
Q
q
1 0 0 0.456 232.85 685.0859 cm
/Im3 Do
Q
q
1 0 0 0.456 233.81 685.0859 cm
/Im3 Do
Q
q
1 0 0 0.456 234.77 685.0859 cm
/Im3 Do
Q
q
1 0 0 0.456 235.73 685.0859 cm
/Im3 Do
Q
q
1 0 0 0.456 236.69 685.0859 cm
/Im3 Do
Q
q
1 0 0 0.456 237.65 685.0859 cm
/Im3 Do
Q
q
1 0 0 0.456 238.61 685.0859 cm
/Im3 Do
Q
q
1 0 0 0.456 239.57 685.0859 cm
/Im3 Do
Q
q
1 0 0 0.456 240.53 685.0859 cm
/Im3 Do
Q
q
1 0 0 0.456 241.49 685.0859 cm
/Im3 Do
Q
q
1 0 0 0.456 242.45 685.0859 cm
/Im3 Do
Q
q
1 0 0 0.456 243.41 685.0859 cm
/Im3 Do
Q
q
1 0 0 0.456 244.37 685.0859 cm
/Im3 Do
Q
q
1 0 0 0.456 245.33 685.0859 cm
/Im3 Do
Q
q
1 0 0 0.456 246.29 685.0859 cm
/Im3 Do
Q
q
1 0 0 0.456 247.25 685.0859 cm
/Im3 Do
Q
q
1 0 0 0.456 248.21 685.0859 cm
/Im3 Do
Q
q
1 0 0 0.456 249.17 685.0859 cm
/Im3 Do
Q
q
1 0 0 0.456 250.13 685.0859 cm
/Im3 Do
Q
q
1 0 0 0.456 251.09 685.0859 cm
/Im3 Do
Q
q
1 0 0 0.456 252.05 685.0859 cm
/Im3 Do
Q
q
1 0 0 0.456 253.01 685.0859 cm
/Im3 Do
Q
q
1 0 0 0.456 253.97 685.0859 cm
/Im3 Do
Q
q
1 0 0 0.456 254.93 685.0859 cm
/Im3 Do
Q
q
1 0 0 0.456 255.89 685.0859 cm
/Im3 Do
Q
q
1 0 0 0.456 256.85 685.0859 cm
/Im3 Do
Q
q
1 0 0 0.456 257.81 685.0859 cm
/Im3 Do
Q
q
1 0 0 0.456 258.77 685.0859 cm
/Im3 Do
Q
q
1 0 0 0.456 259.73 685.0859 cm
/Im3 Do
Q
q
1 0 0 0.456 260.69 685.0859 cm
/Im3 Do
Q
q
1 0 0 0.456 261.65 685.0859 cm
/Im3 Do
Q
q
1 0 0 0.456 262.61 685.0859 cm
/Im3 Do
Q
q
1 0 0 0.456 263.57 685.0859 cm
/Im3 Do
Q
q
1 0 0 0.456 264.53 685.0859 cm
/Im3 Do
Q
q
1 0 0 0.456 265.49 685.0859 cm
/Im3 Do
Q
q
1 0 0 0.456 266.45 685.0859 cm
/Im3 Do
Q
q
1 0 0 0.456 267.41 685.0859 cm
/Im3 Do
Q
q
1 0 0 0.456 268.37 685.0859 cm
/Im3 Do
Q
q
1 0 0 0.456 269.33 685.0859 cm
/Im3 Do
Q
q
1 0 0 0.456 270.29 685.0859 cm
/Im3 Do
Q
q
1 0 0 0.456 271.25 685.0859 cm
/Im3 Do
Q
q
1 0 0 0.456 272.21 685.0859 cm
/Im3 Do
Q
q
1 0 0 0.456 273.17 685.0859 cm
/Im3 Do
Q
q
1 0 0 0.456 274.13 685.0859 cm
/Im3 Do
Q
q
1 0 0 0.456 275.09 685.0859 cm
/Im3 Do
Q
q
1 0 0 0.456 276.05 685.0859 cm
/Im3 Do
Q
q
1 0 0 0.456 277.01 685.0859 cm
/Im3 Do
Q
q
1 0 0 0.456 277.97 685.0859 cm
/Im3 Do
Q
q
1 0 0 0.456 278.93 685.0859 cm
/Im3 Do
Q
q
1 0 0 0.456 279.89 685.0859 cm
/Im3 Do
Q
q
1 0 0 0.456 280.85 685.0859 cm
/Im3 Do
Q
q
1 0 0 0.456 281.81 685.0859 cm
/Im3 Do
Q
q
1 0 0 0.456 282.77 685.0859 cm
/Im3 Do
Q
q
1 0 0 0.456 283.73 685.0859 cm
/Im3 Do
Q
q
1 0 0 0.456 284.69 685.0859 cm
/Im3 Do
Q
q
1 0 0 0.456 285.65 685.0859 cm
/Im3 Do
Q
q
1 0 0 0.456 286.61 685.0859 cm
/Im3 Do
Q
q
1 0 0 0.456 287.57 685.0859 cm
/Im3 Do
Q
q
1 0 0 0.456 288.53 685.0859 cm
/Im3 Do
Q
q
1 0 0 0.456 289.49 685.0859 cm
/Im3 Do
Q
q
1 0 0 0.456 290.45 685.0859 cm
/Im3 Do
Q
q
1 0 0 0.456 291.41 685.0859 cm
/Im3 Do
Q
q
1 0 0 0.456 292.37 685.0859 cm
/Im3 Do
Q
q
1 0 0 0.456 293.33 685.0859 cm
/Im3 Do
Q
q
1 0 0 0.456 294.29 685.0859 cm
/Im3 Do
Q
q
1 0 0 0.456 295.25 685.0859 cm
/Im3 Do
Q
q
1 0 0 0.456 296.21 685.0859 cm
/Im3 Do
Q
q
1 0 0 0.456 297.17 685.0859 cm
/Im3 Do
Q
q
1 0 0 0.456 298.13 685.0859 cm
/Im3 Do
Q
q
1 0 0 0.456 299.09 685.0859 cm
/Im3 Do
Q
q
1 0 0 0.456 300.05 685.0859 cm
/Im3 Do
Q
q
1 0 0 0.456 301.01 685.0859 cm
/Im3 Do
Q
q
1 0 0 0.456 301.97 685.0859 cm
/Im3 Do
Q
q
1 0 0 0.456 302.93 685.0859 cm
/Im3 Do
Q
q
1 0 0 0.456 303.89 685.0859 cm
/Im3 Do
Q
q
1 0 0 0.456 304.85 685.0859 cm
/Im3 Do
Q
q
1 0 0 0.456 305.81 685.0859 cm
/Im3 Do
Q
q
1 0 0 0.456 306.77 685.0859 cm
/Im3 Do
Q
q
1 0 0 0.456 307.73 685.0859 cm
/Im3 Do
Q
q
1 0 0 0.456 308.69 685.0859 cm
/Im3 Do
Q
q
1 0 0 0.456 309.65 685.0859 cm
/Im3 Do
Q
q
1 0 0 0.456 310.61 685.0859 cm
/Im3 Do
Q
q
1 0 0 0.456 311.57 685.0859 cm
/Im3 Do
Q
q
1 0 0 0.456 312.53 685.0859 cm
/Im3 Do
Q
q
1 0 0 0.456 313.49 685.0859 cm
/Im3 Do
Q
q
1 0 0 0.456 314.45 685.0859 cm
/Im3 Do
Q
q
1 0 0 0.456 315.41 685.0859 cm
/Im3 Do
Q
q
1 0 0 0.456 316.37 685.0859 cm
/Im3 Do
Q
q
1 0 0 0.456 317.33 685.0859 cm
/Im3 Do
Q
q
1 0 0 0.456 318.29 685.0859 cm
/Im3 Do
Q
q
1 0 0 0.456 319.25 685.0859 cm
/Im3 Do
Q
q
1 0 0 0.456 320.21 685.0859 cm
/Im3 Do
Q
q
1 0 0 0.456 321.17 685.0859 cm
/Im3 Do
Q
q
1 0 0 0.456 322.13 685.0859 cm
/Im3 Do
Q
q
1 0 0 0.456 323.09 685.0859 cm
/Im3 Do
Q
q
1 0 0 0.456 324.05 685.0859 cm
/Im3 Do
Q
q
1 0 0 0.456 325.01 685.0859 cm
/Im3 Do
Q
q
1 0 0 0.456 325.97 685.0859 cm
/Im3 Do
Q
q
1 0 0 0.456 326.93 685.0859 cm
/Im3 Do
Q
q
1 0 0 0.456 327.89 685.0859 cm
/Im3 Do
Q
q
1 0 0 0.456 328.85 685.0859 cm
/Im3 Do
Q
q
1 0 0 0.456 329.81 685.0859 cm
/Im3 Do
Q
q
1 0 0 0.456 330.77 685.0859 cm
/Im3 Do
Q
q
1 0 0 0.456 331.73 685.0859 cm
/Im3 Do
Q
q
1 0 0 0.456 332.69 685.0859 cm
/Im3 Do
Q
q
1 0 0 0.456 333.65 685.0859 cm
/Im3 Do
Q
q
1 0 0 0.456 334.61 685.0859 cm
/Im3 Do
Q
q
1 0 0 0.456 335.57 685.0859 cm
/Im3 Do
Q
q
1 0 0 0.456 336.53 685.0859 cm
/Im3 Do
Q
q
1 0 0 0.456 337.49 685.0859 cm
/Im3 Do
Q
q
1 0 0 0.456 338.45 685.0859 cm
/Im3 Do
Q
q
1 0 0 0.456 339.41 685.0859 cm
/Im3 Do
Q
q
1 0 0 0.456 340.37 685.0859 cm
/Im3 Do
Q
q
1 0 0 0.456 341.33 685.0859 cm
/Im3 Do
Q
q
1 0 0 0.456 342.29 685.0859 cm
/Im3 Do
Q
q
1 0 0 0.456 343.25 685.0859 cm
/Im3 Do
Q
q
1 0 0 0.456 344.21 685.0859 cm
/Im3 Do
Q
q
1 0 0 0.456 345.17 685.0859 cm
/Im3 Do
Q
q
1 0 0 0.456 346.13 685.0859 cm
/Im3 Do
Q
q
1 0 0 0.456 347.09 685.0859 cm
/Im3 Do
Q
q
1 0 0 0.456 348.05 685.0859 cm
/Im3 Do
Q
q
1 0 0 0.456 349.01 685.0859 cm
/Im3 Do
Q
q
1 0 0 0.456 349.97 685.0859 cm
/Im3 Do
Q
q
1 0 0 0.456 350.93 685.0859 cm
/Im3 Do
Q
q
1 0 0 0.456 351.89 685.0859 cm
/Im3 Do
Q
q
1 0 0 0.456 352.85 685.0859 cm
/Im3 Do
Q
q
1 0 0 0.456 353.81 685.0859 cm
/Im3 Do
Q
q
1 0 0 0.456 354.77 685.0859 cm
/Im3 Do
Q
q
1 0 0 0.456 355.73 685.0859 cm
/Im3 Do
Q
q
1 0 0 0.456 356.69 685.0859 cm
/Im3 Do
Q
q
1 0 0 0.456 357.65 685.0859 cm
/Im3 Do
Q
q
1 0 0 0.456 358.61 685.0859 cm
/Im3 Do
Q
q
1 0 0 0.456 359.57 685.0859 cm
/Im3 Do
Q
q
1 0 0 0.456 360.53 685.0859 cm
/Im3 Do
Q
q
1 0 0 0.456 361.49 685.0859 cm
/Im3 Do
Q
q
1 0 0 0.456 362.45 685.0859 cm
/Im3 Do
Q
q
1 0 0 0.456 363.41 685.0859 cm
/Im3 Do
Q
q
1 0 0 0.456 364.37 685.0859 cm
/Im3 Do
Q
q
1 0 0 0.456 365.33 685.0859 cm
/Im3 Do
Q
q
1 0 0 0.456 366.29 685.0859 cm
/Im3 Do
Q
q
1 0 0 0.456 367.25 685.0859 cm
/Im3 Do
Q
q
1 0 0 0.456 368.21 685.0859 cm
/Im3 Do
Q
q
1 0 0 0.456 369.17 685.0859 cm
/Im3 Do
Q
q
1 0 0 0.456 370.13 685.0859 cm
/Im3 Do
Q
q
1 0 0 0.456 371.09 685.0859 cm
/Im3 Do
Q
q
1 0 0 0.456 372.05 685.0859 cm
/Im3 Do
Q
q
1 0 0 0.456 373.01 685.0859 cm
/Im3 Do
Q
q
1 0 0 0.456 373.97 685.0859 cm
/Im3 Do
Q
q
1 0 0 0.456 374.93 685.0859 cm
/Im3 Do
Q
q
1 0 0 0.456 375.89 685.0859 cm
/Im3 Do
Q
q
1 0 0 0.456 376.85 685.0859 cm
/Im3 Do
Q
q
1 0 0 0.456 377.81 685.0859 cm
/Im3 Do
Q
q
1 0 0 0.456 378.77 685.0859 cm
/Im3 Do
Q
q
1 0 0 0.456 379.73 685.0859 cm
/Im3 Do
Q
q
1 0 0 0.456 380.69 685.0859 cm
/Im3 Do
Q
q
1 0 0 0.456 381.65 685.0859 cm
/Im3 Do
Q
q
1 0 0 0.456 382.61 685.0859 cm
/Im3 Do
Q
q
1 0 0 0.456 383.57 685.0859 cm
/Im3 Do
Q
q
1 0 0 0.456 384.53 685.0859 cm
/Im3 Do
Q
q
1 0 0 0.456 385.49 685.0859 cm
/Im3 Do
Q
q
1 0 0 0.456 386.45 685.0859 cm
/Im3 Do
Q
q
1 0 0 0.456 387.41 685.0859 cm
/Im3 Do
Q
q
1 0 0 0.456 388.37 685.0859 cm
/Im3 Do
Q
q
1 0 0 0.456 389.33 685.0859 cm
/Im3 Do
Q
q
1 0 0 0.456 390.29 685.0859 cm
/Im3 Do
Q
q
1 0 0 0.456 391.25 685.0859 cm
/Im3 Do
Q
q
1 0 0 0.456 392.21 685.0859 cm
/Im3 Do
Q
q
1 0 0 0.456 393.17 685.0859 cm
/Im3 Do
Q
q
1 0 0 0.456 394.13 685.0859 cm
/Im3 Do
Q
q
1 0 0 0.456 395.09 685.0859 cm
/Im3 Do
Q
q
1 0 0 0.456 396.05 685.0859 cm
/Im3 Do
Q
q
1 0 0 0.456 397.01 685.0859 cm
/Im3 Do
Q
q
1 0 0 0.456 397.97 685.0859 cm
/Im3 Do
Q
q
1 0 0 0.456 398.93 685.0859 cm
/Im3 Do
Q
q
1 0 0 0.456 399.89 685.0859 cm
/Im3 Do
Q
q
1 0 0 0.456 400.85 685.0859 cm
/Im3 Do
Q
q
1 0 0 0.456 401.81 685.0859 cm
/Im3 Do
Q
q
1 0 0 0.456 402.77 685.0859 cm
/Im3 Do
Q
q
1 0 0 0.456 403.73 685.0859 cm
/Im3 Do
Q
q
1 0 0 0.456 404.69 685.0859 cm
/Im3 Do
Q
q
1 0 0 0.456 405.65 685.0859 cm
/Im3 Do
Q
q
1 0 0 0.456 406.61 685.0859 cm
/Im3 Do
Q
q
1 0 0 0.456 407.57 685.0859 cm
/Im3 Do
Q
q
1 0 0 0.456 408.53 685.0859 cm
/Im3 Do
Q
q
1 0 0 0.456 409.49 685.0859 cm
/Im3 Do
Q
q
1 0 0 0.456 410.45 685.0859 cm
/Im3 Do
Q
q
1 0 0 0.456 411.41 685.0859 cm
/Im3 Do
Q
q
1 0 0 0.456 412.37 685.0859 cm
/Im3 Do
Q
q
1 0 0 0.456 413.33 685.0859 cm
/Im3 Do
Q
q
1 0 0 0.456 414.29 685.0859 cm
/Im3 Do
Q
q
1 0 0 0.456 415.25 685.0859 cm
/Im3 Do
Q
q
1 0 0 0.456 416.21 685.0859 cm
/Im3 Do
Q
q
1 0 0 0.456 417.17 685.0859 cm
/Im3 Do
Q
q
1 0 0 0.456 418.13 685.0859 cm
/Im3 Do
Q
q
1 0 0 0.456 419.09 685.0859 cm
/Im3 Do
Q
q
1 0 0 0.456 420.05 685.0859 cm
/Im3 Do
Q
q
1 0 0 0.456 421.01 685.0859 cm
/Im3 Do
Q
q
1 0 0 0.456 421.97 685.0859 cm
/Im3 Do
Q
q
1 0 0 0.456 422.93 685.0859 cm
/Im3 Do
Q
q
1 0 0 0.456 423.89 685.0859 cm
/Im3 Do
Q
q
1 0 0 0.456 424.85 685.0859 cm
/Im3 Do
Q
q
1 0 0 0.456 425.81 685.0859 cm
/Im3 Do
Q
q
1 0 0 0.456 426.77 685.0859 cm
/Im3 Do
Q
q
1 0 0 0.456 427.73 685.0859 cm
/Im3 Do
Q
q
1 0 0 0.456 428.69 685.0859 cm
/Im3 Do
Q
q
1 0 0 0.456 429.65 685.0859 cm
/Im3 Do
Q
q
1 0 0 0.456 430.61 685.0859 cm
/Im3 Do
Q
q
1 0 0 0.456 431.57 685.0859 cm
/Im3 Do
Q
q
1 0 0 0.456 432.53 685.0859 cm
/Im3 Do
Q
q
1 0 0 0.456 433.49 685.0859 cm
/Im3 Do
Q
q
1 0 0 0.456 434.45 685.0859 cm
/Im3 Do
Q
q
1 0 0 0.456 435.41 685.0859 cm
/Im3 Do
Q
q
1 0 0 0.456 436.37 685.0859 cm
/Im3 Do
Q
q
1 0 0 0.456 437.33 685.0859 cm
/Im3 Do
Q
q
1 0 0 0.456 438.29 685.0859 cm
/Im3 Do
Q
q
1 0 0 0.456 439.25 685.0859 cm
/Im3 Do
Q
q
1 0 0 0.456 440.21 685.0859 cm
/Im3 Do
Q
q
1 0 0 0.456 441.17 685.0859 cm
/Im3 Do
Q
q
1 0 0 0.456 442.13 685.0859 cm
/Im3 Do
Q
q
1 0 0 0.456 443.09 685.0859 cm
/Im3 Do
Q
q
1 0 0 0.456 444.05 685.0859 cm
/Im3 Do
Q
q
1 0 0 0.456 445.01 685.0859 cm
/Im3 Do
Q
q
1 0 0 0.456 445.97 685.0859 cm
/Im3 Do
Q
q
1 0 0 0.456 446.93 685.0859 cm
/Im3 Do
Q
q
1 0 0 0.456 447.89 685.0859 cm
/Im3 Do
Q
q
1 0 0 0.456 448.85 685.0859 cm
/Im3 Do
Q
q
1 0 0 0.456 449.81 685.0859 cm
/Im3 Do
Q
q
1 0 0 0.456 450.77 685.0859 cm
/Im3 Do
Q
q
1 0 0 0.456 451.73 685.0859 cm
/Im3 Do
Q
q
1 0 0 0.456 452.69 685.0859 cm
/Im3 Do
Q
q
1 0 0 0.456 453.65 685.0859 cm
/Im3 Do
Q
q
1 0 0 0.456 454.61 685.0859 cm
/Im3 Do
Q
q
1 0 0 0.456 455.57 685.0859 cm
/Im3 Do
Q
q
1 0 0 0.456 456.53 685.0859 cm
/Im3 Do
Q
q
1 0 0 0.456 457.49 685.0859 cm
/Im3 Do
Q
q
1 0 0 0.456 458.45 685.0859 cm
/Im5 Do
Q
q
1 0 0 0.456 458.93 685.0859 cm
/Im3 Do
Q
q
1 0 0 0.456 459.89 685.0859 cm
/Im3 Do
Q
q
1 0 0 0.456 460.85 685.0859 cm
/Im3 Do
Q
q
1 0 0 0.456 461.81 685.0859 cm
/Im3 Do
Q
q
1 0 0 0.456 462.77 685.0859 cm
/Im3 Do
Q
q
1 0 0 0.456 463.73 685.0859 cm
/Im3 Do
Q
q
1 0 0 0.456 464.69 685.0859 cm
/Im3 Do
Q
q
1 0 0 0.456 465.65 685.0859 cm
/Im3 Do
Q
q
1 0 0 0.456 466.61 685.0859 cm
/Im3 Do
Q
q
1 0 0 0.456 467.57 685.0859 cm
/Im3 Do
Q
q
1 0 0 0.456 468.53 685.0859 cm
/Im3 Do
Q
q
1 0 0 0.456 469.49 685.0859 cm
/Im3 Do
Q
q
1 0 0 0.456 470.45 685.0859 cm
/Im3 Do
Q
q
1 0 0 0.456 471.41 685.0859 cm
/Im3 Do
Q
q
1 0 0 0.456 472.37 685.0859 cm
/Im3 Do
Q
q
1 0 0 0.456 473.33 685.0859 cm
/Im3 Do
Q
q
1 0 0 0.456 474.29 685.0859 cm
/Im3 Do
Q
q
1 0 0 0.456 475.25 685.0859 cm
/Im3 Do
Q
q
1 0 0 0.456 476.21 685.0859 cm
/Im3 Do
Q
q
1 0 0 0.456 477.17 685.0859 cm
/Im3 Do
Q
q
1 0 0 0.456 478.13 685.0859 cm
/Im3 Do
Q
q
1 0 0 0.456 479.09 685.0859 cm
/Im3 Do
Q
q
1 0 0 0.456 480.05 685.0859 cm
/Im3 Do
Q
q
1 0 0 0.456 481.01 685.0859 cm
/Im3 Do
Q
q
1 0 0 0.456 481.97 685.0859 cm
/Im3 Do
Q
q
1 0 0 0.456 482.93 685.0859 cm
/Im3 Do
Q
q
1 0 0 0.456 483.89 685.0859 cm
/Im3 Do
Q
q
1 0 0 0.456 484.85 685.0859 cm
/Im3 Do
Q
q
1 0 0 0.456 485.81 685.0859 cm
/Im3 Do
Q
q
1 0 0 0.456 486.77 685.0859 cm
/Im3 Do
Q
q
1 0 0 0.456 487.73 685.0859 cm
/Im3 Do
Q
q
1 0 0 0.456 488.69 685.0859 cm
/Im3 Do
Q
q
1 0 0 0.456 489.65 685.0859 cm
/Im3 Do
Q
q
1 0 0 0.456 490.61 685.0859 cm
/Im3 Do
Q
q
1 0 0 0.456 491.57 685.0859 cm
/Im3 Do
Q
q
1 0 0 0.456 492.53 685.0859 cm
/Im3 Do
Q
q
1 0 0 0.456 493.49 685.0859 cm
/Im3 Do
Q
q
1 0 0 0.456 494.45 685.0859 cm
/Im3 Do
Q
q
1 0 0 0.456 495.41 685.0859 cm
/Im3 Do
Q
q
1 0 0 0.456 496.37 685.0859 cm
/Im3 Do
Q
q
1 0 0 0.456 497.33 685.0859 cm
/Im3 Do
Q
q
1 0 0 0.456 498.29 685.0859 cm
/Im3 Do
Q
q
1 0 0 0.456 499.25 685.0859 cm
/Im3 Do
Q
q
1 0 0 0.456 500.21 685.0859 cm
/Im3 Do
Q
q
1 0 0 0.456 501.17 685.0859 cm
/Im4 Do
Q
q
1 0 0 0.456 501.65 685.0859 cm
/Im3 Do
Q
q
1 0 0 0.456 502.61 685.0859 cm
/Im3 Do
Q
q
1 0 0 0.456 503.57 685.0859 cm
/Im3 Do
Q
q
1 0 0 0.456 504.53 685.0859 cm
/Im3 Do
Q
q
1 0 0 0.456 505.49 685.0859 cm
/Im3 Do
Q
q
1 0 0 0.456 506.45 685.0859 cm
/Im3 Do
Q
q
1 0 0 0.456 507.41 685.0859 cm
/Im3 Do
Q
q
1 0 0 0.456 508.3699 685.0859 cm
/Im3 Do
Q
q
1 0 0 0.456 509.33 685.0859 cm
/Im3 Do
Q
q
1 0 0 0.456 510.29 685.0859 cm
/Im3 Do
Q
q
1 0 0 0.456 511.2499 685.0859 cm
/Im3 Do
Q
q
1 0 0 0.456 512.21 685.0859 cm
/Im3 Do
Q
q
1 0 0 0.456 513.1699 685.0859 cm
/Im3 Do
Q
q
1 0 0 0.456 514.1299 685.0859 cm
/Im3 Do
Q
q
1 0 0 0.456 515.09 685.0859 cm
/Im3 Do
Q
q
1 0 0 0.456 516.0499 685.0859 cm
/Im3 Do
Q
q
1 0 0 0.456 517.01 685.0859 cm
/Im3 Do
Q
q
1 0 0 0.456 517.97 685.0859 cm
/Im3 Do
Q
q
1 0 0 0.456 518.9299 685.0859 cm
/Im3 Do
Q
q
1 0 0 0.456 519.89 685.0859 cm
/Im3 Do
Q
q
1 0 0 0.456 520.85 685.0859 cm
/Im3 Do
Q
q
1 0 0 0.456 521.8099 685.0859 cm
/Im3 Do
Q
q
1 0 0 0.456 522.77 685.0859 cm
/Im3 Do
Q
q
1 0 0 0.456 523.73 685.0859 cm
/Im3 Do
Q
q
1 0 0 0.456 524.6899 685.0859 cm
/Im3 Do
Q
q
1 0 0 0.456 525.65 685.0859 cm
/Im3 Do
Q
q
1 0 0 0.456 526.61 685.0859 cm
/Im3 Do
Q
q
1 0 0 0.456 527.57 685.0859 cm
/Im3 Do
Q
q
1 0 0 0.456 528.53 685.0859 cm
/Im3 Do
Q
q
1 0 0 0.456 529.4901 685.0859 cm
/Im3 Do
Q
q
1 0 0 0.456 530.45 685.0859 cm
/Im3 Do
Q
q
1 0 0 0.456 531.41 685.0859 cm
/Im3 Do
Q
q
1 0 0 0.456 532.3699 685.0859 cm
/Im3 Do
Q
q
1 0 0 0.456 533.33 685.0859 cm
/Im3 Do
Q
q
1 0 0 0.456 534.29 685.0859 cm
/Im3 Do
Q
q
1 0 0 0.456 535.2499 685.0859 cm
/Im3 Do
Q
q
1 0 0 0.456 536.21 685.0859 cm
/Im3 Do
Q
q
1 0 0 0.456 537.1699 685.0859 cm
/Im3 Do
Q
q
1 0 0 0.456 538.1299 685.0859 cm
/Im3 Do
Q
q
1 0 0 0.456 539.09 685.0859 cm
/Im3 Do
Q
q
1 0 0 0.456 540.0499 685.0859 cm
/Im3 Do
Q
q
1 0 0 0.456 541.01 685.0859 cm
/Im3 Do
Q
q
1 0 0 0.456 541.97 685.0859 cm
/Im3 Do
Q
q
1 0 0 0.456 542.93 685.0859 cm
/Im3 Do
Q
q
1 0 0 0.456 543.89 685.0859 cm
/Im3 Do
Q
q
1 0 0 0.456 544.85 685.0859 cm
/Im3 Do
Q
q
1 0 0 0.456 545.8099 685.0859 cm
/Im3 Do
Q
q
1 0 0 0.456 546.77 685.0859 cm
/Im3 Do
Q
q
1 0 0 0.456 547.73 685.0859 cm
/Im3 Do
Q
q
1 0 0 0.456 548.6899 685.0859 cm
/Im3 Do
Q
q
1 0 0 0.456 549.65 685.0859 cm
/Im3 Do
Q
q
0.24 0 0 0.456 550.61 685.0859 cm
/Im7 Do
Q
BT
10.08 0 0 9.576 55.01 653.6219 Tm
-0.0001 Tc
[(Au)8.4(t)-7.7(o)8.4(ri)-16.1(s)23.8(a)]TJ
3.6419 0 TD
0.0076 Tc
(ti)Tj
0.5236 0 TD
-0.0084 Tc
0.016 Tw
[(on díe)23.9(x)-32.1(p)23.9(l)-24.4(oit)-16(at)7.8(i)-24.4(on )-28833.4(oui)-24.4( )]TJ
ET
q
1.026 0 0 0.9747 0 0 cm
0 G
1 J 0 j 0.702 w 10 M []0 d
467.427 669.9 8.889 8.889 re
S
Q
BT
10.08 0 0 9.576 490.13 653.6219 Tm
0 Tc
0 Tw
( )Tj
2.6429 0 TD
-0.0084 Tc
(non )Tj
ET
q
1.026 0 0 0.9747 0 0 cm
0 G
1 J 0 j 0.702 w 10 M []0 d
523.569 669.9 8.889 8.889 re
S
Q
Q
BT
10.08 0 0 9.576 547.73 653.6219 Tm
( )Tj
ET
q
1 i 
-1.63 25.14 595 799.9 re
W n
-1.63 25.14 595 799.9 re
W n
32.37 798.59 531.5 -762.35 re
0 841 m
W* n
-9 851 613 -860 re
0 841 m
W n
0.03 841.02 595.02 -841.02 re
W n
q
1 0 0 0.456 51.41 666.162 cm
/Im3 Do
Q
q
1 0 0 0.456 52.37 666.162 cm
/Im3 Do
Q
q
1 0 0 0.456 53.33 666.162 cm
/Im3 Do
Q
q
1 0 0 0.456 54.29 666.162 cm
/Im3 Do
Q
q
1 0 0 0.456 55.25 666.162 cm
/Im3 Do
Q
q
1 0 0 0.456 56.21 666.162 cm
/Im3 Do
Q
q
1 0 0 0.456 57.17 666.162 cm
/Im3 Do
Q
q
1 0 0 0.456 58.13 666.162 cm
/Im3 Do
Q
q
1 0 0 0.456 59.09 666.162 cm
/Im3 Do
Q
q
1 0 0 0.456 60.05 666.162 cm
/Im3 Do
Q
q
1 0 0 0.456 61.01 666.162 cm
/Im3 Do
Q
q
1 0 0 0.456 61.97 666.162 cm
/Im3 Do
Q
q
1 0 0 0.456 62.93 666.162 cm
/Im3 Do
Q
q
1 0 0 0.456 63.89 666.162 cm
/Im3 Do
Q
q
1 0 0 0.456 64.85 666.162 cm
/Im3 Do
Q
q
1 0 0 0.456 65.81 666.162 cm
/Im3 Do
Q
q
1 0 0 0.456 66.77 666.162 cm
/Im3 Do
Q
q
1 0 0 0.456 67.73 666.162 cm
/Im3 Do
Q
q
1 0 0 0.456 68.69 666.162 cm
/Im3 Do
Q
q
1 0 0 0.456 69.65 666.162 cm
/Im3 Do
Q
q
1 0 0 0.456 70.61 666.162 cm
/Im3 Do
Q
q
1 0 0 0.456 71.57 666.162 cm
/Im3 Do
Q
q
1 0 0 0.456 72.53 666.162 cm
/Im3 Do
Q
q
1 0 0 0.456 73.49 666.162 cm
/Im3 Do
Q
q
1 0 0 0.456 74.45 666.162 cm
/Im3 Do
Q
q
1 0 0 0.456 75.41 666.162 cm
/Im3 Do
Q
q
1 0 0 0.456 76.37 666.162 cm
/Im3 Do
Q
q
1 0 0 0.456 77.33 666.162 cm
/Im3 Do
Q
q
1 0 0 0.456 78.29 666.162 cm
/Im3 Do
Q
q
1 0 0 0.456 79.25 666.162 cm
/Im3 Do
Q
q
1 0 0 0.456 80.21 666.162 cm
/Im3 Do
Q
q
1 0 0 0.456 81.17 666.162 cm
/Im3 Do
Q
q
1 0 0 0.456 82.13 666.162 cm
/Im3 Do
Q
q
1 0 0 0.456 83.09 666.162 cm
/Im3 Do
Q
q
1 0 0 0.456 84.05 666.162 cm
/Im3 Do
Q
q
1 0 0 0.456 85.01 666.162 cm
/Im3 Do
Q
q
1 0 0 0.456 85.97 666.162 cm
/Im3 Do
Q
q
1 0 0 0.456 86.93 666.162 cm
/Im3 Do
Q
q
1 0 0 0.456 87.89 666.162 cm
/Im3 Do
Q
q
1 0 0 0.456 88.85 666.162 cm
/Im3 Do
Q
q
1 0 0 0.456 89.81 666.162 cm
/Im3 Do
Q
q
1 0 0 0.456 90.77 666.162 cm
/Im3 Do
Q
q
1 0 0 0.456 91.73 666.162 cm
/Im3 Do
Q
q
1 0 0 0.456 92.69 666.162 cm
/Im3 Do
Q
q
1 0 0 0.456 93.65 666.162 cm
/Im3 Do
Q
q
1 0 0 0.456 94.61 666.162 cm
/Im3 Do
Q
q
1 0 0 0.456 95.57 666.162 cm
/Im3 Do
Q
q
1 0 0 0.456 96.53 666.162 cm
/Im3 Do
Q
q
1 0 0 0.456 97.49 666.162 cm
/Im3 Do
Q
q
1 0 0 0.456 98.45 666.162 cm
/Im3 Do
Q
q
1 0 0 0.456 99.41 666.162 cm
/Im3 Do
Q
q
1 0 0 0.456 100.37 666.162 cm
/Im3 Do
Q
q
1 0 0 0.456 101.33 666.162 cm
/Im3 Do
Q
q
1 0 0 0.456 102.29 666.162 cm
/Im3 Do
Q
q
1 0 0 0.456 103.25 666.162 cm
/Im3 Do
Q
q
1 0 0 0.456 104.21 666.162 cm
/Im3 Do
Q
q
1 0 0 0.456 105.17 666.162 cm
/Im3 Do
Q
q
1 0 0 0.456 106.13 666.162 cm
/Im3 Do
Q
q
1 0 0 0.456 107.09 666.162 cm
/Im3 Do
Q
q
1 0 0 0.456 108.05 666.162 cm
/Im3 Do
Q
q
1 0 0 0.456 109.01 666.162 cm
/Im3 Do
Q
q
1 0 0 0.456 109.97 666.162 cm
/Im3 Do
Q
q
1 0 0 0.456 110.93 666.162 cm
/Im3 Do
Q
q
1 0 0 0.456 111.89 666.162 cm
/Im3 Do
Q
q
1 0 0 0.456 112.85 666.162 cm
/Im3 Do
Q
q
1 0 0 0.456 113.81 666.162 cm
/Im3 Do
Q
q
1 0 0 0.456 114.77 666.162 cm
/Im3 Do
Q
q
1 0 0 0.456 115.73 666.162 cm
/Im3 Do
Q
q
1 0 0 0.456 116.69 666.162 cm
/Im3 Do
Q
q
1 0 0 0.456 117.65 666.162 cm
/Im3 Do
Q
q
1 0 0 0.456 118.61 666.162 cm
/Im3 Do
Q
q
1 0 0 0.456 119.57 666.162 cm
/Im3 Do
Q
q
1 0 0 0.456 120.53 666.162 cm
/Im3 Do
Q
q
1 0 0 0.456 121.49 666.162 cm
/Im3 Do
Q
q
1 0 0 0.456 122.45 666.162 cm
/Im3 Do
Q
q
1 0 0 0.456 123.41 666.162 cm
/Im3 Do
Q
q
1 0 0 0.456 124.37 666.162 cm
/Im3 Do
Q
q
1 0 0 0.456 125.33 666.162 cm
/Im3 Do
Q
q
1 0 0 0.456 126.29 666.162 cm
/Im3 Do
Q
q
1 0 0 0.456 127.25 666.162 cm
/Im3 Do
Q
q
1 0 0 0.456 128.21 666.162 cm
/Im3 Do
Q
q
1 0 0 0.456 129.17 666.162 cm
/Im3 Do
Q
q
1 0 0 0.456 130.13 666.162 cm
/Im3 Do
Q
q
1 0 0 0.456 131.09 666.162 cm
/Im3 Do
Q
q
1 0 0 0.456 132.05 666.162 cm
/Im3 Do
Q
q
1 0 0 0.456 133.01 666.162 cm
/Im3 Do
Q
q
1 0 0 0.456 133.97 666.162 cm
/Im3 Do
Q
q
1 0 0 0.456 134.93 666.162 cm
/Im3 Do
Q
q
1 0 0 0.456 135.89 666.162 cm
/Im3 Do
Q
q
1 0 0 0.456 136.85 666.162 cm
/Im3 Do
Q
q
1 0 0 0.456 137.81 666.162 cm
/Im3 Do
Q
q
1 0 0 0.456 138.77 666.162 cm
/Im3 Do
Q
q
1 0 0 0.456 139.73 666.162 cm
/Im3 Do
Q
q
1 0 0 0.456 140.69 666.162 cm
/Im3 Do
Q
q
1 0 0 0.456 141.65 666.162 cm
/Im3 Do
Q
q
1 0 0 0.456 142.61 666.162 cm
/Im3 Do
Q
q
1 0 0 0.456 143.57 666.162 cm
/Im3 Do
Q
q
1 0 0 0.456 144.53 666.162 cm
/Im3 Do
Q
q
1 0 0 0.456 145.49 666.162 cm
/Im3 Do
Q
q
1 0 0 0.456 146.45 666.162 cm
/Im3 Do
Q
q
1 0 0 0.456 147.41 666.162 cm
/Im3 Do
Q
q
1 0 0 0.456 148.37 666.162 cm
/Im3 Do
Q
q
1 0 0 0.456 149.33 666.162 cm
/Im3 Do
Q
q
1 0 0 0.456 150.29 666.162 cm
/Im3 Do
Q
q
1 0 0 0.456 151.25 666.162 cm
/Im3 Do
Q
q
1 0 0 0.456 152.21 666.162 cm
/Im3 Do
Q
q
1 0 0 0.456 153.17 666.162 cm
/Im3 Do
Q
q
1 0 0 0.456 154.13 666.162 cm
/Im3 Do
Q
q
1 0 0 0.456 155.09 666.162 cm
/Im3 Do
Q
q
1 0 0 0.456 156.05 666.162 cm
/Im3 Do
Q
q
1 0 0 0.456 157.01 666.162 cm
/Im3 Do
Q
q
1 0 0 0.456 157.97 666.162 cm
/Im3 Do
Q
q
1 0 0 0.456 158.93 666.162 cm
/Im3 Do
Q
q
1 0 0 0.456 159.89 666.162 cm
/Im3 Do
Q
q
1 0 0 0.456 160.85 666.162 cm
/Im3 Do
Q
q
1 0 0 0.456 161.81 666.162 cm
/Im3 Do
Q
q
1 0 0 0.456 162.77 666.162 cm
/Im3 Do
Q
q
1 0 0 0.456 163.73 666.162 cm
/Im3 Do
Q
q
1 0 0 0.456 164.69 666.162 cm
/Im3 Do
Q
q
1 0 0 0.456 165.65 666.162 cm
/Im3 Do
Q
q
1 0 0 0.456 166.61 666.162 cm
/Im3 Do
Q
q
1 0 0 0.456 167.57 666.162 cm
/Im3 Do
Q
q
1 0 0 0.456 168.53 666.162 cm
/Im3 Do
Q
q
1 0 0 0.456 169.49 666.162 cm
/Im3 Do
Q
q
1 0 0 0.456 170.45 666.162 cm
/Im3 Do
Q
q
1 0 0 0.456 171.41 666.162 cm
/Im3 Do
Q
q
1 0 0 0.456 172.37 666.162 cm
/Im3 Do
Q
q
1 0 0 0.456 173.33 666.162 cm
/Im3 Do
Q
q
1 0 0 0.456 174.29 666.162 cm
/Im3 Do
Q
q
1 0 0 0.456 175.25 666.162 cm
/Im3 Do
Q
q
1 0 0 0.456 176.21 666.162 cm
/Im3 Do
Q
q
1 0 0 0.456 177.17 666.162 cm
/Im3 Do
Q
q
1 0 0 0.456 178.13 666.162 cm
/Im3 Do
Q
q
1 0 0 0.456 179.09 666.162 cm
/Im3 Do
Q
q
1 0 0 0.456 180.05 666.162 cm
/Im3 Do
Q
q
1 0 0 0.456 181.01 666.162 cm
/Im3 Do
Q
q
1 0 0 0.456 181.97 666.162 cm
/Im3 Do
Q
q
1 0 0 0.456 182.93 666.162 cm
/Im3 Do
Q
q
1 0 0 0.456 183.89 666.162 cm
/Im3 Do
Q
q
1 0 0 0.456 184.85 666.162 cm
/Im3 Do
Q
q
1 0 0 0.456 185.81 666.162 cm
/Im3 Do
Q
q
1 0 0 0.456 186.77 666.162 cm
/Im3 Do
Q
q
1 0 0 0.456 187.73 666.162 cm
/Im3 Do
Q
q
1 0 0 0.456 188.69 666.162 cm
/Im3 Do
Q
q
1 0 0 0.456 189.65 666.162 cm
/Im3 Do
Q
q
1 0 0 0.456 190.61 666.162 cm
/Im3 Do
Q
q
1 0 0 0.456 191.57 666.162 cm
/Im3 Do
Q
q
1 0 0 0.456 192.53 666.162 cm
/Im3 Do
Q
q
1 0 0 0.456 193.49 666.162 cm
/Im3 Do
Q
q
1 0 0 0.456 194.45 666.162 cm
/Im3 Do
Q
q
1 0 0 0.456 195.41 666.162 cm
/Im3 Do
Q
q
1 0 0 0.456 196.37 666.162 cm
/Im3 Do
Q
q
1 0 0 0.456 197.33 666.162 cm
/Im3 Do
Q
q
1 0 0 0.456 198.29 666.162 cm
/Im3 Do
Q
q
1 0 0 0.456 199.25 666.162 cm
/Im3 Do
Q
q
1 0 0 0.456 200.21 666.162 cm
/Im3 Do
Q
q
1 0 0 0.456 201.17 666.162 cm
/Im3 Do
Q
q
1 0 0 0.456 202.13 666.162 cm
/Im3 Do
Q
q
1 0 0 0.456 203.09 666.162 cm
/Im3 Do
Q
q
1 0 0 0.456 204.05 666.162 cm
/Im3 Do
Q
q
1 0 0 0.456 205.01 666.162 cm
/Im3 Do
Q
q
1 0 0 0.456 205.97 666.162 cm
/Im3 Do
Q
q
1 0 0 0.456 206.93 666.162 cm
/Im3 Do
Q
q
1 0 0 0.456 207.89 666.162 cm
/Im3 Do
Q
q
1 0 0 0.456 208.85 666.162 cm
/Im3 Do
Q
q
1 0 0 0.456 209.81 666.162 cm
/Im3 Do
Q
q
1 0 0 0.456 210.77 666.162 cm
/Im3 Do
Q
q
1 0 0 0.456 211.73 666.162 cm
/Im3 Do
Q
q
1 0 0 0.456 212.69 666.162 cm
/Im3 Do
Q
q
1 0 0 0.456 213.65 666.162 cm
/Im3 Do
Q
q
1 0 0 0.456 214.61 666.162 cm
/Im3 Do
Q
q
1 0 0 0.456 215.57 666.162 cm
/Im3 Do
Q
q
1 0 0 0.456 216.53 666.162 cm
/Im3 Do
Q
q
1 0 0 0.456 217.49 666.162 cm
/Im3 Do
Q
q
1 0 0 0.456 218.45 666.162 cm
/Im3 Do
Q
q
1 0 0 0.456 219.41 666.162 cm
/Im3 Do
Q
q
1 0 0 0.456 220.37 666.162 cm
/Im3 Do
Q
q
1 0 0 0.456 221.33 666.162 cm
/Im3 Do
Q
q
1 0 0 0.456 222.29 666.162 cm
/Im3 Do
Q
q
1 0 0 0.456 223.25 666.162 cm
/Im3 Do
Q
q
1 0 0 0.456 224.21 666.162 cm
/Im3 Do
Q
q
1 0 0 0.456 225.17 666.162 cm
/Im3 Do
Q
q
1 0 0 0.456 226.13 666.162 cm
/Im3 Do
Q
q
1 0 0 0.456 227.09 666.162 cm
/Im3 Do
Q
q
1 0 0 0.456 228.05 666.162 cm
/Im3 Do
Q
q
1 0 0 0.456 229.01 666.162 cm
/Im3 Do
Q
q
1 0 0 0.456 229.97 666.162 cm
/Im3 Do
Q
q
1 0 0 0.456 230.93 666.162 cm
/Im3 Do
Q
q
1 0 0 0.456 231.89 666.162 cm
/Im3 Do
Q
q
1 0 0 0.456 232.85 666.162 cm
/Im3 Do
Q
q
1 0 0 0.456 233.81 666.162 cm
/Im3 Do
Q
q
1 0 0 0.456 234.77 666.162 cm
/Im3 Do
Q
q
1 0 0 0.456 235.73 666.162 cm
/Im3 Do
Q
q
1 0 0 0.456 236.69 666.162 cm
/Im3 Do
Q
q
1 0 0 0.456 237.65 666.162 cm
/Im3 Do
Q
q
1 0 0 0.456 238.61 666.162 cm
/Im3 Do
Q
q
1 0 0 0.456 239.57 666.162 cm
/Im3 Do
Q
q
1 0 0 0.456 240.53 666.162 cm
/Im3 Do
Q
q
1 0 0 0.456 241.49 666.162 cm
/Im3 Do
Q
q
1 0 0 0.456 242.45 666.162 cm
/Im3 Do
Q
q
1 0 0 0.456 243.41 666.162 cm
/Im3 Do
Q
q
1 0 0 0.456 244.37 666.162 cm
/Im3 Do
Q
q
1 0 0 0.456 245.33 666.162 cm
/Im3 Do
Q
q
1 0 0 0.456 246.29 666.162 cm
/Im3 Do
Q
q
1 0 0 0.456 247.25 666.162 cm
/Im3 Do
Q
q
1 0 0 0.456 248.21 666.162 cm
/Im3 Do
Q
q
1 0 0 0.456 249.17 666.162 cm
/Im3 Do
Q
q
1 0 0 0.456 250.13 666.162 cm
/Im3 Do
Q
q
1 0 0 0.456 251.09 666.162 cm
/Im3 Do
Q
q
1 0 0 0.456 252.05 666.162 cm
/Im3 Do
Q
q
1 0 0 0.456 253.01 666.162 cm
/Im3 Do
Q
q
1 0 0 0.456 253.97 666.162 cm
/Im3 Do
Q
q
1 0 0 0.456 254.93 666.162 cm
/Im3 Do
Q
q
1 0 0 0.456 255.89 666.162 cm
/Im3 Do
Q
q
1 0 0 0.456 256.85 666.162 cm
/Im3 Do
Q
q
1 0 0 0.456 257.81 666.162 cm
/Im3 Do
Q
q
1 0 0 0.456 258.77 666.162 cm
/Im3 Do
Q
q
1 0 0 0.456 259.73 666.162 cm
/Im3 Do
Q
q
1 0 0 0.456 260.69 666.162 cm
/Im3 Do
Q
q
1 0 0 0.456 261.65 666.162 cm
/Im3 Do
Q
q
1 0 0 0.456 262.61 666.162 cm
/Im3 Do
Q
q
1 0 0 0.456 263.57 666.162 cm
/Im3 Do
Q
q
1 0 0 0.456 264.53 666.162 cm
/Im3 Do
Q
q
1 0 0 0.456 265.49 666.162 cm
/Im3 Do
Q
q
1 0 0 0.456 266.45 666.162 cm
/Im3 Do
Q
q
1 0 0 0.456 267.41 666.162 cm
/Im3 Do
Q
q
1 0 0 0.456 268.37 666.162 cm
/Im3 Do
Q
q
1 0 0 0.456 269.33 666.162 cm
/Im3 Do
Q
q
1 0 0 0.456 270.29 666.162 cm
/Im3 Do
Q
q
1 0 0 0.456 271.25 666.162 cm
/Im3 Do
Q
q
1 0 0 0.456 272.21 666.162 cm
/Im3 Do
Q
q
1 0 0 0.456 273.17 666.162 cm
/Im3 Do
Q
q
1 0 0 0.456 274.13 666.162 cm
/Im3 Do
Q
q
1 0 0 0.456 275.09 666.162 cm
/Im3 Do
Q
q
1 0 0 0.456 276.05 666.162 cm
/Im3 Do
Q
q
1 0 0 0.456 277.01 666.162 cm
/Im3 Do
Q
q
1 0 0 0.456 277.97 666.162 cm
/Im3 Do
Q
q
1 0 0 0.456 278.93 666.162 cm
/Im3 Do
Q
q
1 0 0 0.456 279.89 666.162 cm
/Im3 Do
Q
q
1 0 0 0.456 280.85 666.162 cm
/Im3 Do
Q
q
1 0 0 0.456 281.81 666.162 cm
/Im3 Do
Q
q
1 0 0 0.456 282.77 666.162 cm
/Im3 Do
Q
q
1 0 0 0.456 283.73 666.162 cm
/Im3 Do
Q
q
1 0 0 0.456 284.69 666.162 cm
/Im3 Do
Q
q
1 0 0 0.456 285.65 666.162 cm
/Im3 Do
Q
q
1 0 0 0.456 286.61 666.162 cm
/Im3 Do
Q
q
1 0 0 0.456 287.57 666.162 cm
/Im3 Do
Q
q
1 0 0 0.456 288.53 666.162 cm
/Im3 Do
Q
q
1 0 0 0.456 289.49 666.162 cm
/Im3 Do
Q
q
1 0 0 0.456 290.45 666.162 cm
/Im3 Do
Q
q
1 0 0 0.456 291.41 666.162 cm
/Im3 Do
Q
q
1 0 0 0.456 292.37 666.162 cm
/Im3 Do
Q
q
1 0 0 0.456 293.33 666.162 cm
/Im3 Do
Q
q
1 0 0 0.456 294.29 666.162 cm
/Im3 Do
Q
q
1 0 0 0.456 295.25 666.162 cm
/Im3 Do
Q
q
1 0 0 0.456 296.21 666.162 cm
/Im3 Do
Q
q
1 0 0 0.456 297.17 666.162 cm
/Im3 Do
Q
q
1 0 0 0.456 298.13 666.162 cm
/Im3 Do
Q
q
1 0 0 0.456 299.09 666.162 cm
/Im3 Do
Q
q
1 0 0 0.456 300.05 666.162 cm
/Im3 Do
Q
q
1 0 0 0.456 301.01 666.162 cm
/Im3 Do
Q
q
1 0 0 0.456 301.97 666.162 cm
/Im3 Do
Q
q
1 0 0 0.456 302.93 666.162 cm
/Im3 Do
Q
q
1 0 0 0.456 303.89 666.162 cm
/Im3 Do
Q
q
1 0 0 0.456 304.85 666.162 cm
/Im3 Do
Q
q
1 0 0 0.456 305.81 666.162 cm
/Im3 Do
Q
q
1 0 0 0.456 306.77 666.162 cm
/Im3 Do
Q
q
1 0 0 0.456 307.73 666.162 cm
/Im3 Do
Q
q
1 0 0 0.456 308.69 666.162 cm
/Im3 Do
Q
q
1 0 0 0.456 309.65 666.162 cm
/Im3 Do
Q
q
1 0 0 0.456 310.61 666.162 cm
/Im3 Do
Q
q
1 0 0 0.456 311.57 666.162 cm
/Im3 Do
Q
q
1 0 0 0.456 312.53 666.162 cm
/Im3 Do
Q
q
1 0 0 0.456 313.49 666.162 cm
/Im3 Do
Q
q
1 0 0 0.456 314.45 666.162 cm
/Im3 Do
Q
q
1 0 0 0.456 315.41 666.162 cm
/Im3 Do
Q
q
1 0 0 0.456 316.37 666.162 cm
/Im3 Do
Q
q
1 0 0 0.456 317.33 666.162 cm
/Im3 Do
Q
q
1 0 0 0.456 318.29 666.162 cm
/Im3 Do
Q
q
1 0 0 0.456 319.25 666.162 cm
/Im3 Do
Q
q
1 0 0 0.456 320.21 666.162 cm
/Im3 Do
Q
q
1 0 0 0.456 321.17 666.162 cm
/Im3 Do
Q
q
1 0 0 0.456 322.13 666.162 cm
/Im3 Do
Q
q
1 0 0 0.456 323.09 666.162 cm
/Im3 Do
Q
q
1 0 0 0.456 324.05 666.162 cm
/Im3 Do
Q
q
1 0 0 0.456 325.01 666.162 cm
/Im3 Do
Q
q
1 0 0 0.456 325.97 666.162 cm
/Im3 Do
Q
q
1 0 0 0.456 326.93 666.162 cm
/Im3 Do
Q
q
1 0 0 0.456 327.89 666.162 cm
/Im3 Do
Q
q
1 0 0 0.456 328.85 666.162 cm
/Im3 Do
Q
q
1 0 0 0.456 329.81 666.162 cm
/Im3 Do
Q
q
1 0 0 0.456 330.77 666.162 cm
/Im3 Do
Q
q
1 0 0 0.456 331.73 666.162 cm
/Im3 Do
Q
q
1 0 0 0.456 332.69 666.162 cm
/Im3 Do
Q
q
1 0 0 0.456 333.65 666.162 cm
/Im3 Do
Q
q
1 0 0 0.456 334.61 666.162 cm
/Im3 Do
Q
q
1 0 0 0.456 335.57 666.162 cm
/Im3 Do
Q
q
1 0 0 0.456 336.53 666.162 cm
/Im3 Do
Q
q
1 0 0 0.456 337.49 666.162 cm
/Im3 Do
Q
q
1 0 0 0.456 338.45 666.162 cm
/Im3 Do
Q
q
1 0 0 0.456 339.41 666.162 cm
/Im3 Do
Q
q
1 0 0 0.456 340.37 666.162 cm
/Im3 Do
Q
q
1 0 0 0.456 341.33 666.162 cm
/Im3 Do
Q
q
1 0 0 0.456 342.29 666.162 cm
/Im3 Do
Q
q
1 0 0 0.456 343.25 666.162 cm
/Im3 Do
Q
q
1 0 0 0.456 344.21 666.162 cm
/Im3 Do
Q
q
1 0 0 0.456 345.17 666.162 cm
/Im3 Do
Q
q
1 0 0 0.456 346.13 666.162 cm
/Im3 Do
Q
q
1 0 0 0.456 347.09 666.162 cm
/Im3 Do
Q
q
1 0 0 0.456 348.05 666.162 cm
/Im3 Do
Q
q
1 0 0 0.456 349.01 666.162 cm
/Im3 Do
Q
q
1 0 0 0.456 349.97 666.162 cm
/Im3 Do
Q
q
1 0 0 0.456 350.93 666.162 cm
/Im3 Do
Q
q
1 0 0 0.456 351.89 666.162 cm
/Im3 Do
Q
q
1 0 0 0.456 352.85 666.162 cm
/Im3 Do
Q
q
1 0 0 0.456 353.81 666.162 cm
/Im3 Do
Q
q
1 0 0 0.456 354.77 666.162 cm
/Im3 Do
Q
q
1 0 0 0.456 355.73 666.162 cm
/Im3 Do
Q
q
1 0 0 0.456 356.69 666.162 cm
/Im3 Do
Q
q
1 0 0 0.456 357.65 666.162 cm
/Im3 Do
Q
q
1 0 0 0.456 358.61 666.162 cm
/Im3 Do
Q
q
1 0 0 0.456 359.57 666.162 cm
/Im3 Do
Q
q
1 0 0 0.456 360.53 666.162 cm
/Im3 Do
Q
q
1 0 0 0.456 361.49 666.162 cm
/Im3 Do
Q
q
1 0 0 0.456 362.45 666.162 cm
/Im3 Do
Q
q
1 0 0 0.456 363.41 666.162 cm
/Im3 Do
Q
q
1 0 0 0.456 364.37 666.162 cm
/Im3 Do
Q
q
1 0 0 0.456 365.33 666.162 cm
/Im3 Do
Q
q
1 0 0 0.456 366.29 666.162 cm
/Im3 Do
Q
q
1 0 0 0.456 367.25 666.162 cm
/Im3 Do
Q
q
1 0 0 0.456 368.21 666.162 cm
/Im3 Do
Q
q
1 0 0 0.456 369.17 666.162 cm
/Im3 Do
Q
q
1 0 0 0.456 370.13 666.162 cm
/Im3 Do
Q
q
1 0 0 0.456 371.09 666.162 cm
/Im3 Do
Q
q
1 0 0 0.456 372.05 666.162 cm
/Im3 Do
Q
q
1 0 0 0.456 373.01 666.162 cm
/Im3 Do
Q
q
1 0 0 0.456 373.97 666.162 cm
/Im3 Do
Q
q
1 0 0 0.456 374.93 666.162 cm
/Im3 Do
Q
q
1 0 0 0.456 375.89 666.162 cm
/Im3 Do
Q
q
1 0 0 0.456 376.85 666.162 cm
/Im3 Do
Q
q
1 0 0 0.456 377.81 666.162 cm
/Im3 Do
Q
q
1 0 0 0.456 378.77 666.162 cm
/Im3 Do
Q
q
1 0 0 0.456 379.73 666.162 cm
/Im3 Do
Q
q
1 0 0 0.456 380.69 666.162 cm
/Im3 Do
Q
q
1 0 0 0.456 381.65 666.162 cm
/Im3 Do
Q
q
1 0 0 0.456 382.61 666.162 cm
/Im3 Do
Q
q
1 0 0 0.456 383.57 666.162 cm
/Im3 Do
Q
q
1 0 0 0.456 384.53 666.162 cm
/Im3 Do
Q
q
1 0 0 0.456 385.49 666.162 cm
/Im3 Do
Q
q
1 0 0 0.456 386.45 666.162 cm
/Im3 Do
Q
q
1 0 0 0.456 387.41 666.162 cm
/Im3 Do
Q
q
1 0 0 0.456 388.37 666.162 cm
/Im3 Do
Q
q
1 0 0 0.456 389.33 666.162 cm
/Im3 Do
Q
q
1 0 0 0.456 390.29 666.162 cm
/Im3 Do
Q
q
1 0 0 0.456 391.25 666.162 cm
/Im3 Do
Q
q
1 0 0 0.456 392.21 666.162 cm
/Im3 Do
Q
q
1 0 0 0.456 393.17 666.162 cm
/Im3 Do
Q
q
1 0 0 0.456 394.13 666.162 cm
/Im3 Do
Q
q
1 0 0 0.456 395.09 666.162 cm
/Im3 Do
Q
q
1 0 0 0.456 396.05 666.162 cm
/Im3 Do
Q
q
1 0 0 0.456 397.01 666.162 cm
/Im3 Do
Q
q
1 0 0 0.456 397.97 666.162 cm
/Im3 Do
Q
q
1 0 0 0.456 398.93 666.162 cm
/Im3 Do
Q
q
1 0 0 0.456 399.89 666.162 cm
/Im3 Do
Q
q
1 0 0 0.456 400.85 666.162 cm
/Im3 Do
Q
q
1 0 0 0.456 401.81 666.162 cm
/Im3 Do
Q
q
1 0 0 0.456 402.77 666.162 cm
/Im3 Do
Q
q
1 0 0 0.456 403.73 666.162 cm
/Im3 Do
Q
q
1 0 0 0.456 404.69 666.162 cm
/Im3 Do
Q
q
1 0 0 0.456 405.65 666.162 cm
/Im3 Do
Q
q
1 0 0 0.456 406.61 666.162 cm
/Im3 Do
Q
q
1 0 0 0.456 407.57 666.162 cm
/Im3 Do
Q
q
1 0 0 0.456 408.53 666.162 cm
/Im3 Do
Q
q
1 0 0 0.456 409.49 666.162 cm
/Im3 Do
Q
q
1 0 0 0.456 410.45 666.162 cm
/Im3 Do
Q
q
1 0 0 0.456 411.41 666.162 cm
/Im3 Do
Q
q
1 0 0 0.456 412.37 666.162 cm
/Im3 Do
Q
q
1 0 0 0.456 413.33 666.162 cm
/Im3 Do
Q
q
1 0 0 0.456 414.29 666.162 cm
/Im3 Do
Q
q
1 0 0 0.456 415.25 666.162 cm
/Im3 Do
Q
q
1 0 0 0.456 416.21 666.162 cm
/Im3 Do
Q
q
1 0 0 0.456 417.17 666.162 cm
/Im3 Do
Q
q
1 0 0 0.456 418.13 666.162 cm
/Im3 Do
Q
q
1 0 0 0.456 419.09 666.162 cm
/Im3 Do
Q
q
1 0 0 0.456 420.05 666.162 cm
/Im3 Do
Q
q
1 0 0 0.456 421.01 666.162 cm
/Im3 Do
Q
q
1 0 0 0.456 421.97 666.162 cm
/Im3 Do
Q
q
1 0 0 0.456 422.93 666.162 cm
/Im3 Do
Q
q
1 0 0 0.456 423.89 666.162 cm
/Im3 Do
Q
q
1 0 0 0.456 424.85 666.162 cm
/Im3 Do
Q
q
1 0 0 0.456 425.81 666.162 cm
/Im3 Do
Q
q
1 0 0 0.456 426.77 666.162 cm
/Im3 Do
Q
q
1 0 0 0.456 427.73 666.162 cm
/Im3 Do
Q
q
1 0 0 0.456 428.69 666.162 cm
/Im3 Do
Q
q
1 0 0 0.456 429.65 666.162 cm
/Im3 Do
Q
q
1 0 0 0.456 430.61 666.162 cm
/Im3 Do
Q
q
1 0 0 0.456 431.57 666.162 cm
/Im3 Do
Q
q
1 0 0 0.456 432.53 666.162 cm
/Im3 Do
Q
q
1 0 0 0.456 433.49 666.162 cm
/Im3 Do
Q
q
1 0 0 0.456 434.45 666.162 cm
/Im3 Do
Q
q
1 0 0 0.456 435.41 666.162 cm
/Im3 Do
Q
q
1 0 0 0.456 436.37 666.162 cm
/Im3 Do
Q
q
1 0 0 0.456 437.33 666.162 cm
/Im3 Do
Q
q
1 0 0 0.456 438.29 666.162 cm
/Im3 Do
Q
q
1 0 0 0.456 439.25 666.162 cm
/Im3 Do
Q
q
1 0 0 0.456 440.21 666.162 cm
/Im3 Do
Q
q
1 0 0 0.456 441.17 666.162 cm
/Im3 Do
Q
q
1 0 0 0.456 442.13 666.162 cm
/Im3 Do
Q
q
1 0 0 0.456 443.09 666.162 cm
/Im3 Do
Q
q
1 0 0 0.456 444.05 666.162 cm
/Im3 Do
Q
q
1 0 0 0.456 445.01 666.162 cm
/Im3 Do
Q
q
1 0 0 0.456 445.97 666.162 cm
/Im3 Do
Q
q
1 0 0 0.456 446.93 666.162 cm
/Im3 Do
Q
q
1 0 0 0.456 447.89 666.162 cm
/Im3 Do
Q
q
1 0 0 0.456 448.85 666.162 cm
/Im3 Do
Q
q
1 0 0 0.456 449.81 666.162 cm
/Im3 Do
Q
q
1 0 0 0.456 450.77 666.162 cm
/Im3 Do
Q
q
1 0 0 0.456 451.73 666.162 cm
/Im3 Do
Q
q
1 0 0 0.456 452.69 666.162 cm
/Im3 Do
Q
q
1 0 0 0.456 453.65 666.162 cm
/Im3 Do
Q
q
1 0 0 0.456 454.61 666.162 cm
/Im3 Do
Q
q
1 0 0 0.456 455.57 666.162 cm
/Im3 Do
Q
q
1 0 0 0.456 456.53 666.162 cm
/Im3 Do
Q
q
1 0 0 0.456 457.49 666.162 cm
/Im3 Do
Q
q
1 0 0 0.456 458.45 666.162 cm
/Im5 Do
Q
q
1 0 0 0.456 458.93 666.162 cm
/Im3 Do
Q
q
1 0 0 0.456 459.89 666.162 cm
/Im3 Do
Q
q
1 0 0 0.456 460.85 666.162 cm
/Im3 Do
Q
q
1 0 0 0.456 461.81 666.162 cm
/Im3 Do
Q
q
1 0 0 0.456 462.77 666.162 cm
/Im3 Do
Q
q
1 0 0 0.456 463.73 666.162 cm
/Im3 Do
Q
q
1 0 0 0.456 464.69 666.162 cm
/Im3 Do
Q
q
1 0 0 0.456 465.65 666.162 cm
/Im3 Do
Q
q
1 0 0 0.456 466.61 666.162 cm
/Im3 Do
Q
q
1 0 0 0.456 467.57 666.162 cm
/Im3 Do
Q
q
1 0 0 0.456 468.53 666.162 cm
/Im3 Do
Q
q
1 0 0 0.456 469.49 666.162 cm
/Im3 Do
Q
q
1 0 0 0.456 470.45 666.162 cm
/Im3 Do
Q
q
1 0 0 0.456 471.41 666.162 cm
/Im3 Do
Q
q
1 0 0 0.456 472.37 666.162 cm
/Im3 Do
Q
q
1 0 0 0.456 473.33 666.162 cm
/Im3 Do
Q
q
1 0 0 0.456 474.29 666.162 cm
/Im3 Do
Q
q
1 0 0 0.456 475.25 666.162 cm
/Im3 Do
Q
q
1 0 0 0.456 476.21 666.162 cm
/Im3 Do
Q
q
1 0 0 0.456 477.17 666.162 cm
/Im3 Do
Q
q
1 0 0 0.456 478.13 666.162 cm
/Im3 Do
Q
q
1 0 0 0.456 479.09 666.162 cm
/Im3 Do
Q
q
1 0 0 0.456 480.05 666.162 cm
/Im3 Do
Q
q
1 0 0 0.456 481.01 666.162 cm
/Im3 Do
Q
q
1 0 0 0.456 481.97 666.162 cm
/Im3 Do
Q
q
1 0 0 0.456 482.93 666.162 cm
/Im3 Do
Q
q
1 0 0 0.456 483.89 666.162 cm
/Im3 Do
Q
q
1 0 0 0.456 484.85 666.162 cm
/Im3 Do
Q
q
1 0 0 0.456 485.81 666.162 cm
/Im3 Do
Q
q
1 0 0 0.456 486.77 666.162 cm
/Im3 Do
Q
q
1 0 0 0.456 487.73 666.162 cm
/Im3 Do
Q
q
1 0 0 0.456 488.69 666.162 cm
/Im3 Do
Q
q
1 0 0 0.456 489.65 666.162 cm
/Im3 Do
Q
q
1 0 0 0.456 490.61 666.162 cm
/Im3 Do
Q
q
1 0 0 0.456 491.57 666.162 cm
/Im3 Do
Q
q
1 0 0 0.456 492.53 666.162 cm
/Im3 Do
Q
q
1 0 0 0.456 493.49 666.162 cm
/Im3 Do
Q
q
1 0 0 0.456 494.45 666.162 cm
/Im3 Do
Q
q
1 0 0 0.456 495.41 666.162 cm
/Im3 Do
Q
q
1 0 0 0.456 496.37 666.162 cm
/Im3 Do
Q
q
1 0 0 0.456 497.33 666.162 cm
/Im3 Do
Q
q
1 0 0 0.456 498.29 666.162 cm
/Im3 Do
Q
q
1 0 0 0.456 499.25 666.162 cm
/Im3 Do
Q
q
1 0 0 0.456 500.21 666.162 cm
/Im3 Do
Q
q
1 0 0 0.456 501.17 666.162 cm
/Im4 Do
Q
q
1 0 0 0.456 501.65 666.162 cm
/Im3 Do
Q
q
1 0 0 0.456 502.61 666.162 cm
/Im3 Do
Q
q
1 0 0 0.456 503.57 666.162 cm
/Im3 Do
Q
q
1 0 0 0.456 504.53 666.162 cm
/Im3 Do
Q
q
1 0 0 0.456 505.49 666.162 cm
/Im3 Do
Q
q
1 0 0 0.456 506.45 666.162 cm
/Im3 Do
Q
q
1 0 0 0.456 507.41 666.162 cm
/Im3 Do
Q
q
1 0 0 0.456 508.3699 666.162 cm
/Im3 Do
Q
q
1 0 0 0.456 509.33 666.162 cm
/Im3 Do
Q
q
1 0 0 0.456 510.29 666.162 cm
/Im3 Do
Q
q
1 0 0 0.456 511.2499 666.162 cm
/Im3 Do
Q
q
1 0 0 0.456 512.21 666.162 cm
/Im3 Do
Q
q
1 0 0 0.456 513.1699 666.162 cm
/Im3 Do
Q
q
1 0 0 0.456 514.1299 666.162 cm
/Im3 Do
Q
q
1 0 0 0.456 515.09 666.162 cm
/Im3 Do
Q
q
1 0 0 0.456 516.0499 666.162 cm
/Im3 Do
Q
q
1 0 0 0.456 517.01 666.162 cm
/Im3 Do
Q
q
1 0 0 0.456 517.97 666.162 cm
/Im3 Do
Q
q
1 0 0 0.456 518.9299 666.162 cm
/Im3 Do
Q
q
1 0 0 0.456 519.89 666.162 cm
/Im3 Do
Q
q
1 0 0 0.456 520.85 666.162 cm
/Im3 Do
Q
q
1 0 0 0.456 521.8099 666.162 cm
/Im3 Do
Q
q
1 0 0 0.456 522.77 666.162 cm
/Im3 Do
Q
q
1 0 0 0.456 523.73 666.162 cm
/Im3 Do
Q
q
1 0 0 0.456 524.6899 666.162 cm
/Im3 Do
Q
q
1 0 0 0.456 525.65 666.162 cm
/Im3 Do
Q
q
1 0 0 0.456 526.61 666.162 cm
/Im3 Do
Q
q
1 0 0 0.456 527.57 666.162 cm
/Im3 Do
Q
q
1 0 0 0.456 528.53 666.162 cm
/Im3 Do
Q
q
1 0 0 0.456 529.4901 666.162 cm
/Im3 Do
Q
q
1 0 0 0.456 530.45 666.162 cm
/Im3 Do
Q
q
1 0 0 0.456 531.41 666.162 cm
/Im3 Do
Q
q
1 0 0 0.456 532.3699 666.162 cm
/Im3 Do
Q
q
1 0 0 0.456 533.33 666.162 cm
/Im3 Do
Q
q
1 0 0 0.456 534.29 666.162 cm
/Im3 Do
Q
q
1 0 0 0.456 535.2499 666.162 cm
/Im3 Do
Q
q
1 0 0 0.456 536.21 666.162 cm
/Im3 Do
Q
q
1 0 0 0.456 537.1699 666.162 cm
/Im3 Do
Q
q
1 0 0 0.456 538.1299 666.162 cm
/Im3 Do
Q
q
1 0 0 0.456 539.09 666.162 cm
/Im3 Do
Q
q
1 0 0 0.456 540.0499 666.162 cm
/Im3 Do
Q
q
1 0 0 0.456 541.01 666.162 cm
/Im3 Do
Q
q
1 0 0 0.456 541.97 666.162 cm
/Im3 Do
Q
q
1 0 0 0.456 542.93 666.162 cm
/Im3 Do
Q
q
1 0 0 0.456 543.89 666.162 cm
/Im3 Do
Q
q
1 0 0 0.456 544.85 666.162 cm
/Im3 Do
Q
q
1 0 0 0.456 545.8099 666.162 cm
/Im3 Do
Q
q
1 0 0 0.456 546.77 666.162 cm
/Im3 Do
Q
q
1 0 0 0.456 547.73 666.162 cm
/Im3 Do
Q
q
1 0 0 0.456 548.6899 666.162 cm
/Im3 Do
Q
q
1 0 0 0.456 549.65 666.162 cm
/Im3 Do
Q
q
0.24 0 0 0.456 550.61 666.162 cm
/Im7 Do
Q
BT
10.08 0 0 9.576 55.01 634.47 Tm
-0.0081 Tc
0.0158 Tw
[(Cer)-8.4(t)-15.8(i)0(f)-15.8(i)-24.2(c)-8.1(a)24.1(t)-15.8(e)0( o)24.1(f)-15.8( S)-7.8(u)0.3(it)-15.8(abili)-24.2(t)-15.8(y)-8.1( )-30023.8(oui)-24.2( )]TJ
ET
q
1.026 0 0 0.9747 0 0 cm
0 G
1 J 0 j 0.702 w 10 M []0 d
467.427 650.251 8.889 8.889 re
S
Q
BT
10.08 0 0 9.576 490.13 634.47 Tm
0 Tc
0 Tw
( )Tj
2.6429 0 TD
-0.0084 Tc
(non )Tj
ET
q
1.026 0 0 0.9747 0 0 cm
0 G
1 J 0 j 0.702 w 10 M []0 d
523.569 650.251 8.889 8.889 re
S
Q
Q
BT
10.08 0 0 9.576 547.73 634.47 Tm
( )Tj
ET
q
1 i 
-1.63 25.14 595 799.9 re
W n
-1.63 25.14 595 799.9 re
W n
32.37 798.59 531.5 -762.35 re
0 841 m
W* n
-9 851 613 -860 re
0 841 m
W n
0.03 841.02 595.02 -841.02 re
W n
q
1 0 0 0.456 51.41 647.01 cm
/Im3 Do
Q
q
1 0 0 0.456 52.37 647.01 cm
/Im3 Do
Q
q
1 0 0 0.456 53.33 647.01 cm
/Im3 Do
Q
q
1 0 0 0.456 54.29 647.01 cm
/Im3 Do
Q
q
1 0 0 0.456 55.25 647.01 cm
/Im3 Do
Q
q
1 0 0 0.456 56.21 647.01 cm
/Im3 Do
Q
q
1 0 0 0.456 57.17 647.01 cm
/Im3 Do
Q
q
1 0 0 0.456 58.13 647.01 cm
/Im3 Do
Q
q
1 0 0 0.456 59.09 647.01 cm
/Im3 Do
Q
q
1 0 0 0.456 60.05 647.01 cm
/Im3 Do
Q
q
1 0 0 0.456 61.01 647.01 cm
/Im3 Do
Q
q
1 0 0 0.456 61.97 647.01 cm
/Im3 Do
Q
q
1 0 0 0.456 62.93 647.01 cm
/Im3 Do
Q
q
1 0 0 0.456 63.89 647.01 cm
/Im3 Do
Q
q
1 0 0 0.456 64.85 647.01 cm
/Im3 Do
Q
q
1 0 0 0.456 65.81 647.01 cm
/Im3 Do
Q
q
1 0 0 0.456 66.77 647.01 cm
/Im3 Do
Q
q
1 0 0 0.456 67.73 647.01 cm
/Im3 Do
Q
q
1 0 0 0.456 68.69 647.01 cm
/Im3 Do
Q
q
1 0 0 0.456 69.65 647.01 cm
/Im3 Do
Q
q
1 0 0 0.456 70.61 647.01 cm
/Im3 Do
Q
q
1 0 0 0.456 71.57 647.01 cm
/Im3 Do
Q
q
1 0 0 0.456 72.53 647.01 cm
/Im3 Do
Q
q
1 0 0 0.456 73.49 647.01 cm
/Im3 Do
Q
q
1 0 0 0.456 74.45 647.01 cm
/Im3 Do
Q
q
1 0 0 0.456 75.41 647.01 cm
/Im3 Do
Q
q
1 0 0 0.456 76.37 647.01 cm
/Im3 Do
Q
q
1 0 0 0.456 77.33 647.01 cm
/Im3 Do
Q
q
1 0 0 0.456 78.29 647.01 cm
/Im3 Do
Q
q
1 0 0 0.456 79.25 647.01 cm
/Im3 Do
Q
q
1 0 0 0.456 80.21 647.01 cm
/Im3 Do
Q
q
1 0 0 0.456 81.17 647.01 cm
/Im3 Do
Q
q
1 0 0 0.456 82.13 647.01 cm
/Im3 Do
Q
q
1 0 0 0.456 83.09 647.01 cm
/Im3 Do
Q
q
1 0 0 0.456 84.05 647.01 cm
/Im3 Do
Q
q
1 0 0 0.456 85.01 647.01 cm
/Im3 Do
Q
q
1 0 0 0.456 85.97 647.01 cm
/Im3 Do
Q
q
1 0 0 0.456 86.93 647.01 cm
/Im3 Do
Q
q
1 0 0 0.456 87.89 647.01 cm
/Im3 Do
Q
q
1 0 0 0.456 88.85 647.01 cm
/Im3 Do
Q
q
1 0 0 0.456 89.81 647.01 cm
/Im3 Do
Q
q
1 0 0 0.456 90.77 647.01 cm
/Im3 Do
Q
q
1 0 0 0.456 91.73 647.01 cm
/Im3 Do
Q
q
1 0 0 0.456 92.69 647.01 cm
/Im3 Do
Q
q
1 0 0 0.456 93.65 647.01 cm
/Im3 Do
Q
q
1 0 0 0.456 94.61 647.01 cm
/Im3 Do
Q
q
1 0 0 0.456 95.57 647.01 cm
/Im3 Do
Q
q
1 0 0 0.456 96.53 647.01 cm
/Im3 Do
Q
q
1 0 0 0.456 97.49 647.01 cm
/Im3 Do
Q
q
1 0 0 0.456 98.45 647.01 cm
/Im3 Do
Q
q
1 0 0 0.456 99.41 647.01 cm
/Im3 Do
Q
q
1 0 0 0.456 100.37 647.01 cm
/Im3 Do
Q
q
1 0 0 0.456 101.33 647.01 cm
/Im3 Do
Q
q
1 0 0 0.456 102.29 647.01 cm
/Im3 Do
Q
q
1 0 0 0.456 103.25 647.01 cm
/Im3 Do
Q
q
1 0 0 0.456 104.21 647.01 cm
/Im3 Do
Q
q
1 0 0 0.456 105.17 647.01 cm
/Im3 Do
Q
q
1 0 0 0.456 106.13 647.01 cm
/Im3 Do
Q
q
1 0 0 0.456 107.09 647.01 cm
/Im3 Do
Q
q
1 0 0 0.456 108.05 647.01 cm
/Im3 Do
Q
q
1 0 0 0.456 109.01 647.01 cm
/Im3 Do
Q
q
1 0 0 0.456 109.97 647.01 cm
/Im3 Do
Q
q
1 0 0 0.456 110.93 647.01 cm
/Im3 Do
Q
q
1 0 0 0.456 111.89 647.01 cm
/Im3 Do
Q
q
1 0 0 0.456 112.85 647.01 cm
/Im3 Do
Q
q
1 0 0 0.456 113.81 647.01 cm
/Im3 Do
Q
q
1 0 0 0.456 114.77 647.01 cm
/Im3 Do
Q
q
1 0 0 0.456 115.73 647.01 cm
/Im3 Do
Q
q
1 0 0 0.456 116.69 647.01 cm
/Im3 Do
Q
q
1 0 0 0.456 117.65 647.01 cm
/Im3 Do
Q
q
1 0 0 0.456 118.61 647.01 cm
/Im3 Do
Q
q
1 0 0 0.456 119.57 647.01 cm
/Im3 Do
Q
q
1 0 0 0.456 120.53 647.01 cm
/Im3 Do
Q
q
1 0 0 0.456 121.49 647.01 cm
/Im3 Do
Q
q
1 0 0 0.456 122.45 647.01 cm
/Im3 Do
Q
q
1 0 0 0.456 123.41 647.01 cm
/Im3 Do
Q
q
1 0 0 0.456 124.37 647.01 cm
/Im3 Do
Q
q
1 0 0 0.456 125.33 647.01 cm
/Im3 Do
Q
q
1 0 0 0.456 126.29 647.01 cm
/Im3 Do
Q
q
1 0 0 0.456 127.25 647.01 cm
/Im3 Do
Q
q
1 0 0 0.456 128.21 647.01 cm
/Im3 Do
Q
q
1 0 0 0.456 129.17 647.01 cm
/Im3 Do
Q
q
1 0 0 0.456 130.13 647.01 cm
/Im3 Do
Q
q
1 0 0 0.456 131.09 647.01 cm
/Im3 Do
Q
q
1 0 0 0.456 132.05 647.01 cm
/Im3 Do
Q
q
1 0 0 0.456 133.01 647.01 cm
/Im3 Do
Q
q
1 0 0 0.456 133.97 647.01 cm
/Im3 Do
Q
q
1 0 0 0.456 134.93 647.01 cm
/Im3 Do
Q
q
1 0 0 0.456 135.89 647.01 cm
/Im3 Do
Q
q
1 0 0 0.456 136.85 647.01 cm
/Im3 Do
Q
q
1 0 0 0.456 137.81 647.01 cm
/Im3 Do
Q
q
1 0 0 0.456 138.77 647.01 cm
/Im3 Do
Q
q
1 0 0 0.456 139.73 647.01 cm
/Im3 Do
Q
q
1 0 0 0.456 140.69 647.01 cm
/Im3 Do
Q
q
1 0 0 0.456 141.65 647.01 cm
/Im3 Do
Q
q
1 0 0 0.456 142.61 647.01 cm
/Im3 Do
Q
q
1 0 0 0.456 143.57 647.01 cm
/Im3 Do
Q
q
1 0 0 0.456 144.53 647.01 cm
/Im3 Do
Q
q
1 0 0 0.456 145.49 647.01 cm
/Im3 Do
Q
q
1 0 0 0.456 146.45 647.01 cm
/Im3 Do
Q
q
1 0 0 0.456 147.41 647.01 cm
/Im3 Do
Q
q
1 0 0 0.456 148.37 647.01 cm
/Im3 Do
Q
q
1 0 0 0.456 149.33 647.01 cm
/Im3 Do
Q
q
1 0 0 0.456 150.29 647.01 cm
/Im3 Do
Q
q
1 0 0 0.456 151.25 647.01 cm
/Im3 Do
Q
q
1 0 0 0.456 152.21 647.01 cm
/Im3 Do
Q
q
1 0 0 0.456 153.17 647.01 cm
/Im3 Do
Q
q
1 0 0 0.456 154.13 647.01 cm
/Im3 Do
Q
q
1 0 0 0.456 155.09 647.01 cm
/Im3 Do
Q
q
1 0 0 0.456 156.05 647.01 cm
/Im3 Do
Q
q
1 0 0 0.456 157.01 647.01 cm
/Im3 Do
Q
q
1 0 0 0.456 157.97 647.01 cm
/Im3 Do
Q
q
1 0 0 0.456 158.93 647.01 cm
/Im3 Do
Q
q
1 0 0 0.456 159.89 647.01 cm
/Im3 Do
Q
q
1 0 0 0.456 160.85 647.01 cm
/Im3 Do
Q
q
1 0 0 0.456 161.81 647.01 cm
/Im3 Do
Q
q
1 0 0 0.456 162.77 647.01 cm
/Im3 Do
Q
q
1 0 0 0.456 163.73 647.01 cm
/Im3 Do
Q
q
1 0 0 0.456 164.69 647.01 cm
/Im3 Do
Q
q
1 0 0 0.456 165.65 647.01 cm
/Im3 Do
Q
q
1 0 0 0.456 166.61 647.01 cm
/Im3 Do
Q
q
1 0 0 0.456 167.57 647.01 cm
/Im3 Do
Q
q
1 0 0 0.456 168.53 647.01 cm
/Im3 Do
Q
q
1 0 0 0.456 169.49 647.01 cm
/Im3 Do
Q
q
1 0 0 0.456 170.45 647.01 cm
/Im3 Do
Q
q
1 0 0 0.456 171.41 647.01 cm
/Im3 Do
Q
q
1 0 0 0.456 172.37 647.01 cm
/Im3 Do
Q
q
1 0 0 0.456 173.33 647.01 cm
/Im3 Do
Q
q
1 0 0 0.456 174.29 647.01 cm
/Im3 Do
Q
q
1 0 0 0.456 175.25 647.01 cm
/Im3 Do
Q
q
1 0 0 0.456 176.21 647.01 cm
/Im3 Do
Q
q
1 0 0 0.456 177.17 647.01 cm
/Im3 Do
Q
q
1 0 0 0.456 178.13 647.01 cm
/Im3 Do
Q
q
1 0 0 0.456 179.09 647.01 cm
/Im3 Do
Q
q
1 0 0 0.456 180.05 647.01 cm
/Im3 Do
Q
q
1 0 0 0.456 181.01 647.01 cm
/Im3 Do
Q
q
1 0 0 0.456 181.97 647.01 cm
/Im3 Do
Q
q
1 0 0 0.456 182.93 647.01 cm
/Im3 Do
Q
q
1 0 0 0.456 183.89 647.01 cm
/Im3 Do
Q
q
1 0 0 0.456 184.85 647.01 cm
/Im3 Do
Q
q
1 0 0 0.456 185.81 647.01 cm
/Im3 Do
Q
q
1 0 0 0.456 186.77 647.01 cm
/Im3 Do
Q
q
1 0 0 0.456 187.73 647.01 cm
/Im3 Do
Q
q
1 0 0 0.456 188.69 647.01 cm
/Im3 Do
Q
q
1 0 0 0.456 189.65 647.01 cm
/Im3 Do
Q
q
1 0 0 0.456 190.61 647.01 cm
/Im3 Do
Q
q
1 0 0 0.456 191.57 647.01 cm
/Im3 Do
Q
q
1 0 0 0.456 192.53 647.01 cm
/Im3 Do
Q
q
1 0 0 0.456 193.49 647.01 cm
/Im3 Do
Q
q
1 0 0 0.456 194.45 647.01 cm
/Im3 Do
Q
q
1 0 0 0.456 195.41 647.01 cm
/Im3 Do
Q
q
1 0 0 0.456 196.37 647.01 cm
/Im3 Do
Q
q
1 0 0 0.456 197.33 647.01 cm
/Im3 Do
Q
q
1 0 0 0.456 198.29 647.01 cm
/Im3 Do
Q
q
1 0 0 0.456 199.25 647.01 cm
/Im3 Do
Q
q
1 0 0 0.456 200.21 647.01 cm
/Im3 Do
Q
q
1 0 0 0.456 201.17 647.01 cm
/Im3 Do
Q
q
1 0 0 0.456 202.13 647.01 cm
/Im3 Do
Q
q
1 0 0 0.456 203.09 647.01 cm
/Im3 Do
Q
q
1 0 0 0.456 204.05 647.01 cm
/Im3 Do
Q
q
1 0 0 0.456 205.01 647.01 cm
/Im3 Do
Q
q
1 0 0 0.456 205.97 647.01 cm
/Im3 Do
Q
q
1 0 0 0.456 206.93 647.01 cm
/Im3 Do
Q
q
1 0 0 0.456 207.89 647.01 cm
/Im3 Do
Q
q
1 0 0 0.456 208.85 647.01 cm
/Im3 Do
Q
q
1 0 0 0.456 209.81 647.01 cm
/Im3 Do
Q
q
1 0 0 0.456 210.77 647.01 cm
/Im3 Do
Q
q
1 0 0 0.456 211.73 647.01 cm
/Im3 Do
Q
q
1 0 0 0.456 212.69 647.01 cm
/Im3 Do
Q
q
1 0 0 0.456 213.65 647.01 cm
/Im3 Do
Q
q
1 0 0 0.456 214.61 647.01 cm
/Im3 Do
Q
q
1 0 0 0.456 215.57 647.01 cm
/Im3 Do
Q
q
1 0 0 0.456 216.53 647.01 cm
/Im3 Do
Q
q
1 0 0 0.456 217.49 647.01 cm
/Im3 Do
Q
q
1 0 0 0.456 218.45 647.01 cm
/Im3 Do
Q
q
1 0 0 0.456 219.41 647.01 cm
/Im3 Do
Q
q
1 0 0 0.456 220.37 647.01 cm
/Im3 Do
Q
q
1 0 0 0.456 221.33 647.01 cm

/Im3 Do
Q
q
1 0 0 0.456 222.29 647.01 cm
/Im3 Do
Q
q
1 0 0 0.456 223.25 647.01 cm
/Im3 Do
Q
q
1 0 0 0.456 224.21 647.01 cm
/Im3 Do
Q
q
1 0 0 0.456 225.17 647.01 cm
/Im3 Do
Q
q
1 0 0 0.456 226.13 647.01 cm
/Im3 Do
Q
q
1 0 0 0.456 227.09 647.01 cm
/Im3 Do
Q
q
1 0 0 0.456 228.05 647.01 cm
/Im3 Do
Q
q
1 0 0 0.456 229.01 647.01 cm
/Im3 Do
Q
q
1 0 0 0.456 229.97 647.01 cm
/Im3 Do
Q
q
1 0 0 0.456 230.93 647.01 cm
/Im3 Do
Q
q
1 0 0 0.456 231.89 647.01 cm
/Im3 Do
Q
q
1 0 0 0.456 232.85 647.01 cm
/Im3 Do
Q
q
1 0 0 0.456 233.81 647.01 cm
/Im3 Do
Q
q
1 0 0 0.456 234.77 647.01 cm
/Im3 Do
Q
q
1 0 0 0.456 235.73 647.01 cm
/Im3 Do
Q
q
1 0 0 0.456 236.69 647.01 cm
/Im3 Do
Q
q
1 0 0 0.456 237.65 647.01 cm
/Im3 Do
Q
q
1 0 0 0.456 238.61 647.01 cm
/Im3 Do
Q
q
1 0 0 0.456 239.57 647.01 cm
/Im3 Do
Q
q
1 0 0 0.456 240.53 647.01 cm
/Im3 Do
Q
q
1 0 0 0.456 241.49 647.01 cm
/Im3 Do
Q
q
1 0 0 0.456 242.45 647.01 cm
/Im3 Do
Q
q
1 0 0 0.456 243.41 647.01 cm
/Im3 Do
Q
q
1 0 0 0.456 244.37 647.01 cm
/Im3 Do
Q
q
1 0 0 0.456 245.33 647.01 cm
/Im3 Do
Q
q
1 0 0 0.456 246.29 647.01 cm
/Im3 Do
Q
q
1 0 0 0.456 247.25 647.01 cm
/Im3 Do
Q
q
1 0 0 0.456 248.21 647.01 cm
/Im3 Do
Q
q
1 0 0 0.456 249.17 647.01 cm
/Im3 Do
Q
q
1 0 0 0.456 250.13 647.01 cm
/Im3 Do
Q
q
1 0 0 0.456 251.09 647.01 cm
/Im3 Do
Q
q
1 0 0 0.456 252.05 647.01 cm
/Im3 Do
Q
q
1 0 0 0.456 253.01 647.01 cm
/Im3 Do
Q
q
1 0 0 0.456 253.97 647.01 cm
/Im3 Do
Q
q
1 0 0 0.456 254.93 647.01 cm
/Im3 Do
Q
q
1 0 0 0.456 255.89 647.01 cm
/Im3 Do
Q
q
1 0 0 0.456 256.85 647.01 cm
/Im3 Do
Q
q
1 0 0 0.456 257.81 647.01 cm
/Im3 Do
Q
q
1 0 0 0.456 258.77 647.01 cm
/Im3 Do
Q
q
1 0 0 0.456 259.73 647.01 cm
/Im3 Do
Q
q
1 0 0 0.456 260.69 647.01 cm
/Im3 Do
Q
q
1 0 0 0.456 261.65 647.01 cm
/Im3 Do
Q
q
1 0 0 0.456 262.61 647.01 cm
/Im3 Do
Q
q
1 0 0 0.456 263.57 647.01 cm
/Im3 Do
Q
q
1 0 0 0.456 264.53 647.01 cm
/Im3 Do
Q
q
1 0 0 0.456 265.49 647.01 cm
/Im3 Do
Q
q
1 0 0 0.456 266.45 647.01 cm
/Im3 Do
Q
q
1 0 0 0.456 267.41 647.01 cm
/Im3 Do
Q
q
1 0 0 0.456 268.37 647.01 cm
/Im3 Do
Q
q
1 0 0 0.456 269.33 647.01 cm
/Im3 Do
Q
q
1 0 0 0.456 270.29 647.01 cm
/Im3 Do
Q
q
1 0 0 0.456 271.25 647.01 cm
/Im3 Do
Q
q
1 0 0 0.456 272.21 647.01 cm
/Im3 Do
Q
q
1 0 0 0.456 273.17 647.01 cm
/Im3 Do
Q
q
1 0 0 0.456 274.13 647.01 cm
/Im3 Do
Q
q
1 0 0 0.456 275.09 647.01 cm
/Im3 Do
Q
q
1 0 0 0.456 276.05 647.01 cm
/Im3 Do
Q
q
1 0 0 0.456 277.01 647.01 cm
/Im3 Do
Q
q
1 0 0 0.456 277.97 647.01 cm
/Im3 Do
Q
q
1 0 0 0.456 278.93 647.01 cm
/Im3 Do
Q
q
1 0 0 0.456 279.89 647.01 cm
/Im3 Do
Q
q
1 0 0 0.456 280.85 647.01 cm
/Im3 Do
Q
q
1 0 0 0.456 281.81 647.01 cm
/Im3 Do
Q
q
1 0 0 0.456 282.77 647.01 cm
/Im3 Do
Q
q
1 0 0 0.456 283.73 647.01 cm
/Im3 Do
Q
q
1 0 0 0.456 284.69 647.01 cm
/Im3 Do
Q
q
1 0 0 0.456 285.65 647.01 cm
/Im3 Do
Q
q
1 0 0 0.456 286.61 647.01 cm
/Im3 Do
Q
q
1 0 0 0.456 287.57 647.01 cm
/Im3 Do
Q
q
1 0 0 0.456 288.53 647.01 cm
/Im3 Do
Q
q
1 0 0 0.456 289.49 647.01 cm
/Im3 Do
Q
q
1 0 0 0.456 290.45 647.01 cm
/Im3 Do
Q
q
1 0 0 0.456 291.41 647.01 cm
/Im3 Do
Q
q
1 0 0 0.456 292.37 647.01 cm
/Im3 Do
Q
q
1 0 0 0.456 293.33 647.01 cm
/Im3 Do
Q
q
1 0 0 0.456 294.29 647.01 cm
/Im3 Do
Q
q
1 0 0 0.456 295.25 647.01 cm
/Im3 Do
Q
q
1 0 0 0.456 296.21 647.01 cm
/Im3 Do
Q
q
1 0 0 0.456 297.17 647.01 cm
/Im3 Do
Q
q
1 0 0 0.456 298.13 647.01 cm
/Im3 Do
Q
q
1 0 0 0.456 299.09 647.01 cm
/Im3 Do
Q
q
1 0 0 0.456 300.05 647.01 cm
/Im3 Do
Q
q
1 0 0 0.456 301.01 647.01 cm
/Im3 Do
Q
q
1 0 0 0.456 301.97 647.01 cm
/Im3 Do
Q
q
1 0 0 0.456 302.93 647.01 cm
/Im3 Do
Q
q
1 0 0 0.456 303.89 647.01 cm
/Im3 Do
Q
q
1 0 0 0.456 304.85 647.01 cm
/Im3 Do
Q
q
1 0 0 0.456 305.81 647.01 cm
/Im3 Do
Q
q
1 0 0 0.456 306.77 647.01 cm
/Im3 Do
Q
q
1 0 0 0.456 307.73 647.01 cm
/Im3 Do
Q
q
1 0 0 0.456 308.69 647.01 cm
/Im3 Do
Q
q
1 0 0 0.456 309.65 647.01 cm
/Im3 Do
Q
q
1 0 0 0.456 310.61 647.01 cm
/Im3 Do
Q
q
1 0 0 0.456 311.57 647.01 cm
/Im3 Do
Q
q
1 0 0 0.456 312.53 647.01 cm
/Im3 Do
Q
q
1 0 0 0.456 313.49 647.01 cm
/Im3 Do
Q
q
1 0 0 0.456 314.45 647.01 cm
/Im3 Do
Q
q
1 0 0 0.456 315.41 647.01 cm
/Im3 Do
Q
q
1 0 0 0.456 316.37 647.01 cm
/Im3 Do
Q
q
1 0 0 0.456 317.33 647.01 cm
/Im3 Do
Q
q
1 0 0 0.456 318.29 647.01 cm
/Im3 Do
Q
q
1 0 0 0.456 319.25 647.01 cm
/Im3 Do
Q
q
1 0 0 0.456 320.21 647.01 cm
/Im3 Do
Q
q
1 0 0 0.456 321.17 647.01 cm
/Im3 Do
Q
q
1 0 0 0.456 322.13 647.01 cm
/Im3 Do
Q
q
1 0 0 0.456 323.09 647.01 cm
/Im3 Do
Q
q
1 0 0 0.456 324.05 647.01 cm
/Im3 Do
Q
q
1 0 0 0.456 325.01 647.01 cm
/Im3 Do
Q
q
1 0 0 0.456 325.97 647.01 cm
/Im3 Do
Q
q
1 0 0 0.456 326.93 647.01 cm
/Im3 Do
Q
q
1 0 0 0.456 327.89 647.01 cm
/Im3 Do
Q
q
1 0 0 0.456 328.85 647.01 cm
/Im3 Do
Q
q
1 0 0 0.456 329.81 647.01 cm
/Im3 Do
Q
q
1 0 0 0.456 330.77 647.01 cm
/Im3 Do
Q
q
1 0 0 0.456 331.73 647.01 cm
/Im3 Do
Q
q
1 0 0 0.456 332.69 647.01 cm
/Im3 Do
Q
q
1 0 0 0.456 333.65 647.01 cm
/Im3 Do
Q
q
1 0 0 0.456 334.61 647.01 cm
/Im3 Do
Q
q
1 0 0 0.456 335.57 647.01 cm
/Im3 Do
Q
q
1 0 0 0.456 336.53 647.01 cm
/Im3 Do
Q
q
1 0 0 0.456 337.49 647.01 cm
/Im3 Do
Q
q
1 0 0 0.456 338.45 647.01 cm
/Im3 Do
Q
q
1 0 0 0.456 339.41 647.01 cm
/Im3 Do
Q
q
1 0 0 0.456 340.37 647.01 cm
/Im3 Do
Q
q
1 0 0 0.456 341.33 647.01 cm
/Im3 Do
Q
q
1 0 0 0.456 342.29 647.01 cm
/Im3 Do
Q
q
1 0 0 0.456 343.25 647.01 cm
/Im3 Do
Q
q
1 0 0 0.456 344.21 647.01 cm
/Im3 Do
Q
q
1 0 0 0.456 345.17 647.01 cm
/Im3 Do
Q
q
1 0 0 0.456 346.13 647.01 cm
/Im3 Do
Q
q
1 0 0 0.456 347.09 647.01 cm
/Im3 Do
Q
q
1 0 0 0.456 348.05 647.01 cm
/Im3 Do
Q
q
1 0 0 0.456 349.01 647.01 cm
/Im3 Do
Q
q
1 0 0 0.456 349.97 647.01 cm
/Im3 Do
Q
q
1 0 0 0.456 350.93 647.01 cm
/Im3 Do
Q
q
1 0 0 0.456 351.89 647.01 cm
/Im3 Do
Q
q
1 0 0 0.456 352.85 647.01 cm
/Im3 Do
Q
q
1 0 0 0.456 353.81 647.01 cm
/Im3 Do
Q
q
1 0 0 0.456 354.77 647.01 cm
/Im3 Do
Q
q
1 0 0 0.456 355.73 647.01 cm
/Im3 Do
Q
q
1 0 0 0.456 356.69 647.01 cm
/Im3 Do
Q
q
1 0 0 0.456 357.65 647.01 cm
/Im3 Do
Q
q
1 0 0 0.456 358.61 647.01 cm
/Im3 Do
Q
q
1 0 0 0.456 359.57 647.01 cm
/Im3 Do
Q
q
1 0 0 0.456 360.53 647.01 cm
/Im3 Do
Q
q
1 0 0 0.456 361.49 647.01 cm
/Im3 Do
Q
q
1 0 0 0.456 362.45 647.01 cm
/Im3 Do
Q
q
1 0 0 0.456 363.41 647.01 cm
/Im3 Do
Q
q
1 0 0 0.456 364.37 647.01 cm
/Im3 Do
Q
q
1 0 0 0.456 365.33 647.01 cm
/Im3 Do
Q
q
1 0 0 0.456 366.29 647.01 cm
/Im3 Do
Q
q
1 0 0 0.456 367.25 647.01 cm
/Im3 Do
Q
q
1 0 0 0.456 368.21 647.01 cm
/Im3 Do
Q
q
1 0 0 0.456 369.17 647.01 cm
/Im3 Do
Q
q
1 0 0 0.456 370.13 647.01 cm
/Im3 Do
Q
q
1 0 0 0.456 371.09 647.01 cm
/Im3 Do
Q
q
1 0 0 0.456 372.05 647.01 cm
/Im3 Do
Q
q
1 0 0 0.456 373.01 647.01 cm
/Im3 Do
Q
q
1 0 0 0.456 373.97 647.01 cm
/Im3 Do
Q
q
1 0 0 0.456 374.93 647.01 cm
/Im3 Do
Q
q
1 0 0 0.456 375.89 647.01 cm
/Im3 Do
Q
q
1 0 0 0.456 376.85 647.01 cm
/Im3 Do
Q
q
1 0 0 0.456 377.81 647.01 cm
/Im3 Do
Q
q
1 0 0 0.456 378.77 647.01 cm
/Im3 Do
Q
q
1 0 0 0.456 379.73 647.01 cm
/Im3 Do
Q
q
1 0 0 0.456 380.69 647.01 cm
/Im3 Do
Q
q
1 0 0 0.456 381.65 647.01 cm
/Im3 Do
Q
q
1 0 0 0.456 382.61 647.01 cm
/Im3 Do
Q
q
1 0 0 0.456 383.57 647.01 cm
/Im3 Do
Q
q
1 0 0 0.456 384.53 647.01 cm
/Im3 Do
Q
q
1 0 0 0.456 385.49 647.01 cm
/Im3 Do
Q
q
1 0 0 0.456 386.45 647.01 cm
/Im3 Do
Q
q
1 0 0 0.456 387.41 647.01 cm
/Im3 Do
Q
q
1 0 0 0.456 388.37 647.01 cm
/Im3 Do
Q
q
1 0 0 0.456 389.33 647.01 cm
/Im3 Do
Q
q
1 0 0 0.456 390.29 647.01 cm
/Im3 Do
Q
q
1 0 0 0.456 391.25 647.01 cm
/Im3 Do
Q
q
1 0 0 0.456 392.21 647.01 cm
/Im3 Do
Q
q
1 0 0 0.456 393.17 647.01 cm
/Im3 Do
Q
q
1 0 0 0.456 394.13 647.01 cm
/Im3 Do
Q
q
1 0 0 0.456 395.09 647.01 cm
/Im3 Do
Q
q
1 0 0 0.456 396.05 647.01 cm
/Im3 Do
Q
q
1 0 0 0.456 397.01 647.01 cm
/Im3 Do
Q
q
1 0 0 0.456 397.97 647.01 cm
/Im3 Do
Q
q
1 0 0 0.456 398.93 647.01 cm
/Im3 Do
Q
q
1 0 0 0.456 399.89 647.01 cm
/Im3 Do
Q
q
1 0 0 0.456 400.85 647.01 cm
/Im3 Do
Q
q
1 0 0 0.456 401.81 647.01 cm
/Im3 Do
Q
q
1 0 0 0.456 402.77 647.01 cm
/Im3 Do
Q
q
1 0 0 0.456 403.73 647.01 cm
/Im3 Do
Q
q
1 0 0 0.456 404.69 647.01 cm
/Im3 Do
Q
q
1 0 0 0.456 405.65 647.01 cm
/Im3 Do
Q
q
1 0 0 0.456 406.61 647.01 cm
/Im3 Do
Q
q
1 0 0 0.456 407.57 647.01 cm
/Im3 Do
Q
q
1 0 0 0.456 408.53 647.01 cm
/Im3 Do
Q
q
1 0 0 0.456 409.49 647.01 cm
/Im3 Do
Q
q
1 0 0 0.456 410.45 647.01 cm
/Im3 Do
Q
q
1 0 0 0.456 411.41 647.01 cm
/Im3 Do
Q
q
1 0 0 0.456 412.37 647.01 cm
/Im3 Do
Q
q
1 0 0 0.456 413.33 647.01 cm
/Im3 Do
Q
q
1 0 0 0.456 414.29 647.01 cm
/Im3 Do
Q
q
1 0 0 0.456 415.25 647.01 cm
/Im3 Do
Q
q
1 0 0 0.456 416.21 647.01 cm
/Im3 Do
Q
q
1 0 0 0.456 417.17 647.01 cm
/Im3 Do
Q
q
1 0 0 0.456 418.13 647.01 cm
/Im3 Do
Q
q
1 0 0 0.456 419.09 647.01 cm
/Im3 Do
Q
q
1 0 0 0.456 420.05 647.01 cm
/Im3 Do
Q
q
1 0 0 0.456 421.01 647.01 cm
/Im3 Do
Q
q
1 0 0 0.456 421.97 647.01 cm
/Im3 Do
Q
q
1 0 0 0.456 422.93 647.01 cm
/Im3 Do
Q
q
1 0 0 0.456 423.89 647.01 cm
/Im3 Do
Q
q
1 0 0 0.456 424.85 647.01 cm
/Im3 Do
Q
q
1 0 0 0.456 425.81 647.01 cm
/Im3 Do
Q
q
1 0 0 0.456 426.77 647.01 cm
/Im3 Do
Q
q
1 0 0 0.456 427.73 647.01 cm
/Im3 Do
Q
q
1 0 0 0.456 428.69 647.01 cm
/Im3 Do
Q
q
1 0 0 0.456 429.65 647.01 cm
/Im3 Do
Q
q
1 0 0 0.456 430.61 647.01 cm
/Im3 Do
Q
q
1 0 0 0.456 431.57 647.01 cm
/Im3 Do
Q
q
1 0 0 0.456 432.53 647.01 cm
/Im3 Do
Q
q
1 0 0 0.456 433.49 647.01 cm
/Im3 Do
Q
q
1 0 0 0.456 434.45 647.01 cm
/Im3 Do
Q
q
1 0 0 0.456 435.41 647.01 cm
/Im3 Do
Q
q
1 0 0 0.456 436.37 647.01 cm
/Im3 Do
Q
q
1 0 0 0.456 437.33 647.01 cm
/Im3 Do
Q
q
1 0 0 0.456 438.29 647.01 cm
/Im3 Do
Q
q
1 0 0 0.456 439.25 647.01 cm
/Im3 Do
Q
q
1 0 0 0.456 440.21 647.01 cm
/Im3 Do
Q
q
1 0 0 0.456 441.17 647.01 cm
/Im3 Do
Q
q
1 0 0 0.456 442.13 647.01 cm
/Im3 Do
Q
q
1 0 0 0.456 443.09 647.01 cm
/Im3 Do
Q
q
1 0 0 0.456 444.05 647.01 cm
/Im3 Do
Q
q
1 0 0 0.456 445.01 647.01 cm
/Im3 Do
Q
q
1 0 0 0.456 445.97 647.01 cm
/Im3 Do
Q
q
1 0 0 0.456 446.93 647.01 cm
/Im3 Do
Q
q
1 0 0 0.456 447.89 647.01 cm
/Im3 Do
Q
q
1 0 0 0.456 448.85 647.01 cm
/Im3 Do
Q
q
1 0 0 0.456 449.81 647.01 cm
/Im3 Do
Q
q
1 0 0 0.456 450.77 647.01 cm
/Im3 Do
Q
q
1 0 0 0.456 451.73 647.01 cm
/Im3 Do
Q
q
1 0 0 0.456 452.69 647.01 cm
/Im3 Do
Q
q
1 0 0 0.456 453.65 647.01 cm
/Im3 Do
Q
q
1 0 0 0.456 454.61 647.01 cm
/Im3 Do
Q
q
1 0 0 0.456 455.57 647.01 cm
/Im3 Do
Q
q
1 0 0 0.456 456.53 647.01 cm
/Im3 Do
Q
q
1 0 0 0.456 457.49 647.01 cm
/Im3 Do
Q
q
1 0 0 0.456 458.45 647.01 cm
/Im5 Do
Q
q
1 0 0 0.456 458.93 647.01 cm
/Im3 Do
Q
q
1 0 0 0.456 459.89 647.01 cm
/Im3 Do
Q
q
1 0 0 0.456 460.85 647.01 cm
/Im3 Do
Q
q
1 0 0 0.456 461.81 647.01 cm
/Im3 Do
Q
q
1 0 0 0.456 462.77 647.01 cm
/Im3 Do
Q
q
1 0 0 0.456 463.73 647.01 cm
/Im3 Do
Q
q
1 0 0 0.456 464.69 647.01 cm
/Im3 Do
Q
q
1 0 0 0.456 465.65 647.01 cm
/Im3 Do
Q
q
1 0 0 0.456 466.61 647.01 cm
/Im3 Do
Q
q
1 0 0 0.456 467.57 647.01 cm
/Im3 Do
Q
q
1 0 0 0.456 468.53 647.01 cm
/Im3 Do
Q
q
1 0 0 0.456 469.49 647.01 cm
/Im3 Do
Q
q
1 0 0 0.456 470.45 647.01 cm
/Im3 Do
Q
q
1 0 0 0.456 471.41 647.01 cm
/Im3 Do
Q
q
1 0 0 0.456 472.37 647.01 cm
/Im3 Do
Q
q
1 0 0 0.456 473.33 647.01 cm
/Im3 Do
Q
q
1 0 0 0.456 474.29 647.01 cm
/Im3 Do
Q
q
1 0 0 0.456 475.25 647.01 cm
/Im3 Do
Q
q
1 0 0 0.456 476.21 647.01 cm
/Im3 Do
Q
q
1 0 0 0.456 477.17 647.01 cm
/Im3 Do
Q
q
1 0 0 0.456 478.13 647.01 cm
/Im3 Do
Q
q
1 0 0 0.456 479.09 647.01 cm
/Im3 Do
Q
q
1 0 0 0.456 480.05 647.01 cm
/Im3 Do
Q
q
1 0 0 0.456 481.01 647.01 cm
/Im3 Do
Q
q
1 0 0 0.456 481.97 647.01 cm
/Im3 Do
Q
q
1 0 0 0.456 482.93 647.01 cm
/Im3 Do
Q
q
1 0 0 0.456 483.89 647.01 cm
/Im3 Do
Q
q
1 0 0 0.456 484.85 647.01 cm
/Im3 Do
Q
q
1 0 0 0.456 485.81 647.01 cm
/Im3 Do
Q
q
1 0 0 0.456 486.77 647.01 cm
/Im3 Do
Q
q
1 0 0 0.456 487.73 647.01 cm
/Im3 Do
Q
q
1 0 0 0.456 488.69 647.01 cm
/Im3 Do
Q
q
1 0 0 0.456 489.65 647.01 cm
/Im3 Do
Q
q
1 0 0 0.456 490.61 647.01 cm
/Im3 Do
Q
q
1 0 0 0.456 491.57 647.01 cm
/Im3 Do
Q
q
1 0 0 0.456 492.53 647.01 cm
/Im3 Do
Q
q
1 0 0 0.456 493.49 647.01 cm
/Im3 Do
Q
q
1 0 0 0.456 494.45 647.01 cm
/Im3 Do
Q
q
1 0 0 0.456 495.41 647.01 cm
/Im3 Do
Q
q
1 0 0 0.456 496.37 647.01 cm
/Im3 Do
Q
q
1 0 0 0.456 497.33 647.01 cm
/Im3 Do
Q
q
1 0 0 0.456 498.29 647.01 cm
/Im3 Do
Q
q
1 0 0 0.456 499.25 647.01 cm
/Im3 Do
Q
q
1 0 0 0.456 500.21 647.01 cm
/Im3 Do
Q
q
1 0 0 0.456 501.17 647.01 cm
/Im4 Do
Q
q
1 0 0 0.456 501.65 647.01 cm
/Im3 Do
Q
q
1 0 0 0.456 502.61 647.01 cm
/Im3 Do
Q
q
1 0 0 0.456 503.57 647.01 cm
/Im3 Do
Q
q
1 0 0 0.456 504.53 647.01 cm
/Im3 Do
Q
q
1 0 0 0.456 505.49 647.01 cm
/Im3 Do
Q
q
1 0 0 0.456 506.45 647.01 cm
/Im3 Do
Q
q
1 0 0 0.456 507.41 647.01 cm
/Im3 Do
Q
q
1 0 0 0.456 508.3699 647.01 cm
/Im3 Do
Q
q
1 0 0 0.456 509.33 647.01 cm
/Im3 Do
Q
q
1 0 0 0.456 510.29 647.01 cm
/Im3 Do
Q
q
1 0 0 0.456 511.2499 647.01 cm
/Im3 Do
Q
q
1 0 0 0.456 512.21 647.01 cm
/Im3 Do
Q
q
1 0 0 0.456 513.1699 647.01 cm
/Im3 Do
Q
q
1 0 0 0.456 514.1299 647.01 cm
/Im3 Do
Q
q
1 0 0 0.456 515.09 647.01 cm
/Im3 Do
Q
q
1 0 0 0.456 516.0499 647.01 cm
/Im3 Do
Q
q
1 0 0 0.456 517.01 647.01 cm
/Im3 Do
Q
q
1 0 0 0.456 517.97 647.01 cm
/Im3 Do
Q
q
1 0 0 0.456 518.9299 647.01 cm
/Im3 Do
Q
q
1 0 0 0.456 519.89 647.01 cm
/Im3 Do
Q
q
1 0 0 0.456 520.85 647.01 cm
/Im3 Do
Q
q
1 0 0 0.456 521.8099 647.01 cm
/Im3 Do
Q
q
1 0 0 0.456 522.77 647.01 cm
/Im3 Do
Q
q
1 0 0 0.456 523.73 647.01 cm
/Im3 Do
Q
q
1 0 0 0.456 524.6899 647.01 cm
/Im3 Do
Q
q
1 0 0 0.456 525.65 647.01 cm
/Im3 Do
Q
q
1 0 0 0.456 526.61 647.01 cm
/Im3 Do
Q
q
1 0 0 0.456 527.57 647.01 cm
/Im3 Do
Q
q
1 0 0 0.456 528.53 647.01 cm
/Im3 Do
Q
q
1 0 0 0.456 529.4901 647.01 cm
/Im3 Do
Q
q
1 0 0 0.456 530.45 647.01 cm
/Im3 Do
Q
q
1 0 0 0.456 531.41 647.01 cm
/Im3 Do
Q
q
1 0 0 0.456 532.3699 647.01 cm
/Im3 Do
Q
q
1 0 0 0.456 533.33 647.01 cm
/Im3 Do
Q
q
1 0 0 0.456 534.29 647.01 cm
/Im3 Do
Q
q
1 0 0 0.456 535.2499 647.01 cm
/Im3 Do
Q
q
1 0 0 0.456 536.21 647.01 cm
/Im3 Do
Q
q
1 0 0 0.456 537.1699 647.01 cm
/Im3 Do
Q
q
1 0 0 0.456 538.1299 647.01 cm
/Im3 Do
Q
q
1 0 0 0.456 539.09 647.01 cm
/Im3 Do
Q
q
1 0 0 0.456 540.0499 647.01 cm
/Im3 Do
Q
q
1 0 0 0.456 541.01 647.01 cm
/Im3 Do
Q
q
1 0 0 0.456 541.97 647.01 cm
/Im3 Do
Q
q
1 0 0 0.456 542.93 647.01 cm
/Im3 Do
Q
q
1 0 0 0.456 543.89 647.01 cm
/Im3 Do
Q
q
1 0 0 0.456 544.85 647.01 cm
/Im3 Do
Q
q
1 0 0 0.456 545.8099 647.01 cm
/Im3 Do
Q
q
1 0 0 0.456 546.77 647.01 cm
/Im3 Do
Q
q
1 0 0 0.456 547.73 647.01 cm
/Im3 Do
Q
q
1 0 0 0.456 548.6899 647.01 cm
/Im3 Do
Q
q
1 0 0 0.456 549.65 647.01 cm
/Im3 Do
Q
q
0.24 0 0 0.456 550.61 647.01 cm
/Im7 Do
Q
BT
10.08 0 0 9.576 55.01 615.5459 Tm
-0.0082 Tc
0.0159 Tw
[(Cer)-8.5(t)-15.9(i)0(f)-15.9(i)-24.3(c)-8.2(a)24(t)-15.9(\()-8.5(s)15.6(\))-8.5( díanal)-24.3(y)-8.2(s)15.6(e )-30619.1(oui)-24.3( )]TJ
ET
q
1.026 0 0 0.9747 0 0 cm
0 G
1 J 0 j 0.702 w 10 M []0 d
467.427 630.835 8.889 8.889 re
S
Q
BT
10.08 0 0 9.576 490.13 615.5459 Tm
0 Tc
0 Tw
( )Tj
2.6429 0 TD
-0.0084 Tc
(non )Tj
ET
q
1.026 0 0 0.9747 0 0 cm
0 G
1 J 0 j 0.702 w 10 M []0 d
523.569 630.835 8.889 8.889 re
S
Q
Q
BT
10.08 0 0 9.576 547.73 615.5459 Tm
( )Tj
ET
q
1 i 
-1.63 25.14 595 799.9 re
W n
-1.63 25.14 595 799.9 re
W n
32.37 798.59 531.5 -762.35 re
0 841 m
W* n
-9 851 613 -860 re
0 841 m
W n
0.03 841.02 595.02 -841.02 re
W n
q
1 0 0 0.456 51.41 628.0859 cm
/Im3 Do
Q
q
1 0 0 0.456 52.37 628.0859 cm
/Im3 Do
Q
q
1 0 0 0.456 53.33 628.0859 cm
/Im3 Do
Q
q
1 0 0 0.456 54.29 628.0859 cm
/Im3 Do
Q
q
1 0 0 0.456 55.25 628.0859 cm
/Im3 Do
Q
q
1 0 0 0.456 56.21 628.0859 cm
/Im3 Do
Q
q
1 0 0 0.456 57.17 628.0859 cm
/Im3 Do
Q
q
1 0 0 0.456 58.13 628.0859 cm
/Im3 Do
Q
q
1 0 0 0.456 59.09 628.0859 cm
/Im3 Do
Q
q
1 0 0 0.456 60.05 628.0859 cm
/Im3 Do
Q
q
1 0 0 0.456 61.01 628.0859 cm
/Im3 Do
Q
q
1 0 0 0.456 61.97 628.0859 cm
/Im3 Do
Q
q
1 0 0 0.456 62.93 628.0859 cm
/Im3 Do
Q
q
1 0 0 0.456 63.89 628.0859 cm
/Im3 Do
Q
q
1 0 0 0.456 64.85 628.0859 cm
/Im3 Do
Q
q
1 0 0 0.456 65.81 628.0859 cm
/Im3 Do
Q
q
1 0 0 0.456 66.77 628.0859 cm
/Im3 Do
Q
q
1 0 0 0.456 67.73 628.0859 cm
/Im3 Do
Q
q
1 0 0 0.456 68.69 628.0859 cm
/Im3 Do
Q
q
1 0 0 0.456 69.65 628.0859 cm
/Im3 Do
Q
q
1 0 0 0.456 70.61 628.0859 cm
/Im3 Do
Q
q
1 0 0 0.456 71.57 628.0859 cm
/Im3 Do
Q
q
1 0 0 0.456 72.53 628.0859 cm
/Im3 Do
Q
q
1 0 0 0.456 73.49 628.0859 cm
/Im3 Do
Q
q
1 0 0 0.456 74.45 628.0859 cm
/Im3 Do
Q
q
1 0 0 0.456 75.41 628.0859 cm
/Im3 Do
Q
q
1 0 0 0.456 76.37 628.0859 cm
/Im3 Do
Q
q
1 0 0 0.456 77.33 628.0859 cm
/Im3 Do
Q
q
1 0 0 0.456 78.29 628.0859 cm
/Im3 Do
Q
q
1 0 0 0.456 79.25 628.0859 cm
/Im3 Do
Q
q
1 0 0 0.456 80.21 628.0859 cm
/Im3 Do
Q
q
1 0 0 0.456 81.17 628.0859 cm
/Im3 Do
Q
q
1 0 0 0.456 82.13 628.0859 cm
/Im3 Do
Q
q
1 0 0 0.456 83.09 628.0859 cm
/Im3 Do
Q
q
1 0 0 0.456 84.05 628.0859 cm
/Im3 Do
Q
q
1 0 0 0.456 85.01 628.0859 cm
/Im3 Do
Q
q
1 0 0 0.456 85.97 628.0859 cm
/Im3 Do
Q
q
1 0 0 0.456 86.93 628.0859 cm
/Im3 Do
Q
q
1 0 0 0.456 87.89 628.0859 cm
/Im3 Do
Q
q
1 0 0 0.456 88.85 628.0859 cm
/Im3 Do
Q
q
1 0 0 0.456 89.81 628.0859 cm
/Im3 Do
Q
q
1 0 0 0.456 90.77 628.0859 cm
/Im3 Do
Q
q
1 0 0 0.456 91.73 628.0859 cm
/Im3 Do
Q
q
1 0 0 0.456 92.69 628.0859 cm
/Im3 Do
Q
q
1 0 0 0.456 93.65 628.0859 cm
/Im3 Do
Q
q
1 0 0 0.456 94.61 628.0859 cm
/Im3 Do
Q
q
1 0 0 0.456 95.57 628.0859 cm
/Im3 Do
Q
q
1 0 0 0.456 96.53 628.0859 cm
/Im3 Do
Q
q
1 0 0 0.456 97.49 628.0859 cm
/Im3 Do
Q
q
1 0 0 0.456 98.45 628.0859 cm
/Im3 Do
Q
q
1 0 0 0.456 99.41 628.0859 cm
/Im3 Do
Q
q
1 0 0 0.456 100.37 628.0859 cm
/Im3 Do
Q
q
1 0 0 0.456 101.33 628.0859 cm
/Im3 Do
Q
q
1 0 0 0.456 102.29 628.0859 cm
/Im3 Do
Q
q
1 0 0 0.456 103.25 628.0859 cm
/Im3 Do
Q
q
1 0 0 0.456 104.21 628.0859 cm
/Im3 Do
Q
q
1 0 0 0.456 105.17 628.0859 cm
/Im3 Do
Q
q
1 0 0 0.456 106.13 628.0859 cm
/Im3 Do
Q
q
1 0 0 0.456 107.09 628.0859 cm
/Im3 Do
Q
q
1 0 0 0.456 108.05 628.0859 cm
/Im3 Do
Q
q
1 0 0 0.456 109.01 628.0859 cm
/Im3 Do
Q
q
1 0 0 0.456 109.97 628.0859 cm
/Im3 Do
Q
q
1 0 0 0.456 110.93 628.0859 cm
/Im3 Do
Q
q
1 0 0 0.456 111.89 628.0859 cm
/Im3 Do
Q
q
1 0 0 0.456 112.85 628.0859 cm
/Im3 Do
Q
q
1 0 0 0.456 113.81 628.0859 cm
/Im3 Do
Q
q
1 0 0 0.456 114.77 628.0859 cm
/Im3 Do
Q
q
1 0 0 0.456 115.73 628.0859 cm
/Im3 Do
Q
q
1 0 0 0.456 116.69 628.0859 cm
/Im3 Do
Q
q
1 0 0 0.456 117.65 628.0859 cm
/Im3 Do
Q
q
1 0 0 0.456 118.61 628.0859 cm
/Im3 Do
Q
q
1 0 0 0.456 119.57 628.0859 cm
/Im3 Do
Q
q
1 0 0 0.456 120.53 628.0859 cm
/Im3 Do
Q
q
1 0 0 0.456 121.49 628.0859 cm
/Im3 Do
Q
q
1 0 0 0.456 122.45 628.0859 cm
/Im3 Do
Q
q
1 0 0 0.456 123.41 628.0859 cm
/Im3 Do
Q
q
1 0 0 0.456 124.37 628.0859 cm
/Im3 Do
Q
q
1 0 0 0.456 125.33 628.0859 cm
/Im3 Do
Q
q
1 0 0 0.456 126.29 628.0859 cm
/Im3 Do
Q
q
1 0 0 0.456 127.25 628.0859 cm
/Im3 Do
Q
q
1 0 0 0.456 128.21 628.0859 cm
/Im3 Do
Q
q
1 0 0 0.456 129.17 628.0859 cm
/Im3 Do
Q
q
1 0 0 0.456 130.13 628.0859 cm
/Im3 Do
Q
q
1 0 0 0.456 131.09 628.0859 cm
/Im3 Do
Q
q
1 0 0 0.456 132.05 628.0859 cm
/Im3 Do
Q
q
1 0 0 0.456 133.01 628.0859 cm
/Im3 Do
Q
q
1 0 0 0.456 133.97 628.0859 cm
/Im3 Do
Q
q
1 0 0 0.456 134.93 628.0859 cm
/Im3 Do
Q
q
1 0 0 0.456 135.89 628.0859 cm
/Im3 Do
Q
q
1 0 0 0.456 136.85 628.0859 cm
/Im3 Do
Q
q
1 0 0 0.456 137.81 628.0859 cm
/Im3 Do
Q
q
1 0 0 0.456 138.77 628.0859 cm
/Im3 Do
Q
q
1 0 0 0.456 139.73 628.0859 cm
/Im3 Do
Q
q
1 0 0 0.456 140.69 628.0859 cm
/Im3 Do
Q
q
1 0 0 0.456 141.65 628.0859 cm
/Im3 Do
Q
q
1 0 0 0.456 142.61 628.0859 cm
/Im3 Do
Q
q
1 0 0 0.456 143.57 628.0859 cm
/Im3 Do
Q
q
1 0 0 0.456 144.53 628.0859 cm
/Im3 Do
Q
q
1 0 0 0.456 145.49 628.0859 cm
/Im3 Do
Q
q
1 0 0 0.456 146.45 628.0859 cm
/Im3 Do
Q
q
1 0 0 0.456 147.41 628.0859 cm
/Im3 Do
Q
q
1 0 0 0.456 148.37 628.0859 cm
/Im3 Do
Q
q
1 0 0 0.456 149.33 628.0859 cm
/Im3 Do
Q
q
1 0 0 0.456 150.29 628.0859 cm
/Im3 Do
Q
q
1 0 0 0.456 151.25 628.0859 cm
/Im3 Do
Q
q
1 0 0 0.456 152.21 628.0859 cm
/Im3 Do
Q
q
1 0 0 0.456 153.17 628.0859 cm
/Im3 Do
Q
q
1 0 0 0.456 154.13 628.0859 cm
/Im3 Do
Q
q
1 0 0 0.456 155.09 628.0859 cm
/Im3 Do
Q
q
1 0 0 0.456 156.05 628.0859 cm
/Im3 Do
Q
q
1 0 0 0.456 157.01 628.0859 cm
/Im3 Do
Q
q
1 0 0 0.456 157.97 628.0859 cm
/Im3 Do
Q
q
1 0 0 0.456 158.93 628.0859 cm
/Im3 Do
Q
q
1 0 0 0.456 159.89 628.0859 cm
/Im3 Do
Q
q
1 0 0 0.456 160.85 628.0859 cm
/Im3 Do
Q
q
1 0 0 0.456 161.81 628.0859 cm
/Im3 Do
Q
q
1 0 0 0.456 162.77 628.0859 cm
/Im3 Do
Q
q
1 0 0 0.456 163.73 628.0859 cm
/Im3 Do
Q
q
1 0 0 0.456 164.69 628.0859 cm
/Im3 Do
Q
q
1 0 0 0.456 165.65 628.0859 cm
/Im3 Do
Q
q
1 0 0 0.456 166.61 628.0859 cm
/Im3 Do
Q
q
1 0 0 0.456 167.57 628.0859 cm
/Im3 Do
Q
q
1 0 0 0.456 168.53 628.0859 cm
/Im3 Do
Q
q
1 0 0 0.456 169.49 628.0859 cm
/Im3 Do
Q
q
1 0 0 0.456 170.45 628.0859 cm
/Im3 Do
Q
q
1 0 0 0.456 171.41 628.0859 cm
/Im3 Do
Q
q
1 0 0 0.456 172.37 628.0859 cm
/Im3 Do
Q
q
1 0 0 0.456 173.33 628.0859 cm
/Im3 Do
Q
q
1 0 0 0.456 174.29 628.0859 cm
/Im3 Do
Q
q
1 0 0 0.456 175.25 628.0859 cm
/Im3 Do
Q
q
1 0 0 0.456 176.21 628.0859 cm
/Im3 Do
Q
q
1 0 0 0.456 177.17 628.0859 cm
/Im3 Do
Q
q
1 0 0 0.456 178.13 628.0859 cm
/Im3 Do
Q
q
1 0 0 0.456 179.09 628.0859 cm
/Im3 Do
Q
q
1 0 0 0.456 180.05 628.0859 cm
/Im3 Do
Q
q
1 0 0 0.456 181.01 628.0859 cm
/Im3 Do
Q
q
1 0 0 0.456 181.97 628.0859 cm
/Im3 Do
Q
q
1 0 0 0.456 182.93 628.0859 cm
/Im3 Do
Q
q
1 0 0 0.456 183.89 628.0859 cm
/Im3 Do
Q
q
1 0 0 0.456 184.85 628.0859 cm
/Im3 Do
Q
q
1 0 0 0.456 185.81 628.0859 cm
/Im3 Do
Q
q
1 0 0 0.456 186.77 628.0859 cm
/Im3 Do
Q
q
1 0 0 0.456 187.73 628.0859 cm
/Im3 Do
Q
q
1 0 0 0.456 188.69 628.0859 cm
/Im3 Do
Q
q
1 0 0 0.456 189.65 628.0859 cm
/Im3 Do
Q
q
1 0 0 0.456 190.61 628.0859 cm
/Im3 Do
Q
q
1 0 0 0.456 191.57 628.0859 cm
/Im3 Do
Q
q
1 0 0 0.456 192.53 628.0859 cm
/Im3 Do
Q
q
1 0 0 0.456 193.49 628.0859 cm
/Im3 Do
Q
q
1 0 0 0.456 194.45 628.0859 cm
/Im3 Do
Q
q
1 0 0 0.456 195.41 628.0859 cm
/Im3 Do
Q
q
1 0 0 0.456 196.37 628.0859 cm
/Im3 Do
Q
q
1 0 0 0.456 197.33 628.0859 cm
/Im3 Do
Q
q
1 0 0 0.456 198.29 628.0859 cm
/Im3 Do
Q
q
1 0 0 0.456 199.25 628.0859 cm
/Im3 Do
Q
q
1 0 0 0.456 200.21 628.0859 cm
/Im3 Do
Q
q
1 0 0 0.456 201.17 628.0859 cm
/Im3 Do
Q
q
1 0 0 0.456 202.13 628.0859 cm
/Im3 Do
Q
q
1 0 0 0.456 203.09 628.0859 cm
/Im3 Do
Q
q
1 0 0 0.456 204.05 628.0859 cm
/Im3 Do
Q
q
1 0 0 0.456 205.01 628.0859 cm
/Im3 Do
Q
q
1 0 0 0.456 205.97 628.0859 cm
/Im3 Do
Q
q
1 0 0 0.456 206.93 628.0859 cm
/Im3 Do
Q
q
1 0 0 0.456 207.89 628.0859 cm
/Im3 Do
Q
q
1 0 0 0.456 208.85 628.0859 cm
/Im3 Do
Q
q
1 0 0 0.456 209.81 628.0859 cm
/Im3 Do
Q
q
1 0 0 0.456 210.77 628.0859 cm
/Im3 Do
Q
q
1 0 0 0.456 211.73 628.0859 cm
/Im3 Do
Q
q
1 0 0 0.456 212.69 628.0859 cm
/Im3 Do
Q
q
1 0 0 0.456 213.65 628.0859 cm
/Im3 Do
Q
q
1 0 0 0.456 214.61 628.0859 cm
/Im3 Do
Q
q
1 0 0 0.456 215.57 628.0859 cm
/Im3 Do
Q
q
1 0 0 0.456 216.53 628.0859 cm
/Im3 Do
Q
q
1 0 0 0.456 217.49 628.0859 cm
/Im3 Do
Q
q
1 0 0 0.456 218.45 628.0859 cm
/Im3 Do
Q
q
1 0 0 0.456 219.41 628.0859 cm
/Im3 Do
Q
q
1 0 0 0.456 220.37 628.0859 cm
/Im3 Do
Q
q
1 0 0 0.456 221.33 628.0859 cm
/Im3 Do
Q
q
1 0 0 0.456 222.29 628.0859 cm
/Im3 Do
Q
q
1 0 0 0.456 223.25 628.0859 cm
/Im3 Do
Q
q
1 0 0 0.456 224.21 628.0859 cm
/Im3 Do
Q
q
1 0 0 0.456 225.17 628.0859 cm
/Im3 Do
Q
q
1 0 0 0.456 226.13 628.0859 cm
/Im3 Do
Q
q
1 0 0 0.456 227.09 628.0859 cm
/Im3 Do
Q
q
1 0 0 0.456 228.05 628.0859 cm
/Im3 Do
Q
q
1 0 0 0.456 229.01 628.0859 cm
/Im3 Do
Q
q
1 0 0 0.456 229.97 628.0859 cm
/Im3 Do
Q
q
1 0 0 0.456 230.93 628.0859 cm
/Im3 Do
Q
q
1 0 0 0.456 231.89 628.0859 cm
/Im3 Do
Q
q
1 0 0 0.456 232.85 628.0859 cm
/Im3 Do
Q
q
1 0 0 0.456 233.81 628.0859 cm
/Im3 Do
Q
q
1 0 0 0.456 234.77 628.0859 cm
/Im3 Do
Q
q
1 0 0 0.456 235.73 628.0859 cm
/Im3 Do
Q
q
1 0 0 0.456 236.69 628.0859 cm
/Im3 Do
Q
q
1 0 0 0.456 237.65 628.0859 cm
/Im3 Do
Q
q
1 0 0 0.456 238.61 628.0859 cm
/Im3 Do
Q
q
1 0 0 0.456 239.57 628.0859 cm
/Im3 Do
Q
q
1 0 0 0.456 240.53 628.0859 cm
/Im3 Do
Q
q
1 0 0 0.456 241.49 628.0859 cm
/Im3 Do
Q
q
1 0 0 0.456 242.45 628.0859 cm
/Im3 Do
Q
q
1 0 0 0.456 243.41 628.0859 cm
/Im3 Do
Q
q
1 0 0 0.456 244.37 628.0859 cm
/Im3 Do
Q
q
1 0 0 0.456 245.33 628.0859 cm
/Im3 Do
Q
q
1 0 0 0.456 246.29 628.0859 cm
/Im3 Do
Q
q
1 0 0 0.456 247.25 628.0859 cm
/Im3 Do
Q
q
1 0 0 0.456 248.21 628.0859 cm
/Im3 Do
Q
q
1 0 0 0.456 249.17 628.0859 cm
/Im3 Do
Q
q
1 0 0 0.456 250.13 628.0859 cm
/Im3 Do
Q
q
1 0 0 0.456 251.09 628.0859 cm
/Im3 Do
Q
q
1 0 0 0.456 252.05 628.0859 cm
/Im3 Do
Q
q
1 0 0 0.456 253.01 628.0859 cm
/Im3 Do
Q
q
1 0 0 0.456 253.97 628.0859 cm
/Im3 Do
Q
q
1 0 0 0.456 254.93 628.0859 cm
/Im3 Do
Q
q
1 0 0 0.456 255.89 628.0859 cm
/Im3 Do
Q
q
1 0 0 0.456 256.85 628.0859 cm
/Im3 Do
Q
q
1 0 0 0.456 257.81 628.0859 cm
/Im3 Do
Q
q
1 0 0 0.456 258.77 628.0859 cm
/Im3 Do
Q
q
1 0 0 0.456 259.73 628.0859 cm
/Im3 Do
Q
q
1 0 0 0.456 260.69 628.0859 cm
/Im3 Do
Q
q
1 0 0 0.456 261.65 628.0859 cm
/Im3 Do
Q
q
1 0 0 0.456 262.61 628.0859 cm
/Im3 Do
Q
q
1 0 0 0.456 263.57 628.0859 cm
/Im3 Do
Q
q
1 0 0 0.456 264.53 628.0859 cm
/Im3 Do
Q
q
1 0 0 0.456 265.49 628.0859 cm
/Im3 Do
Q
q
1 0 0 0.456 266.45 628.0859 cm
/Im3 Do
Q
q
1 0 0 0.456 267.41 628.0859 cm
/Im3 Do
Q
q
1 0 0 0.456 268.37 628.0859 cm
/Im3 Do
Q
q
1 0 0 0.456 269.33 628.0859 cm
/Im3 Do
Q
q
1 0 0 0.456 270.29 628.0859 cm
/Im3 Do
Q
q
1 0 0 0.456 271.25 628.0859 cm
/Im3 Do
Q
q
1 0 0 0.456 272.21 628.0859 cm
/Im3 Do
Q
q
1 0 0 0.456 273.17 628.0859 cm
/Im3 Do
Q
q
1 0 0 0.456 274.13 628.0859 cm
/Im3 Do
Q
q
1 0 0 0.456 275.09 628.0859 cm
/Im3 Do
Q
q
1 0 0 0.456 276.05 628.0859 cm
/Im3 Do
Q
q
1 0 0 0.456 277.01 628.0859 cm
/Im3 Do
Q
q
1 0 0 0.456 277.97 628.0859 cm
/Im3 Do
Q
q
1 0 0 0.456 278.93 628.0859 cm
/Im3 Do
Q
q
1 0 0 0.456 279.89 628.0859 cm
/Im3 Do
Q
q
1 0 0 0.456 280.85 628.0859 cm
/Im3 Do
Q
q
1 0 0 0.456 281.81 628.0859 cm
/Im3 Do
Q
q
1 0 0 0.456 282.77 628.0859 cm
/Im3 Do
Q
q
1 0 0 0.456 283.73 628.0859 cm
/Im3 Do
Q
q
1 0 0 0.456 284.69 628.0859 cm
/Im3 Do
Q
q
1 0 0 0.456 285.65 628.0859 cm
/Im3 Do
Q
q
1 0 0 0.456 286.61 628.0859 cm
/Im3 Do
Q
q
1 0 0 0.456 287.57 628.0859 cm
/Im3 Do
Q
q
1 0 0 0.456 288.53 628.0859 cm
/Im3 Do
Q
q
1 0 0 0.456 289.49 628.0859 cm
/Im3 Do
Q
q
1 0 0 0.456 290.45 628.0859 cm
/Im3 Do
Q
q
1 0 0 0.456 291.41 628.0859 cm
/Im3 Do
Q
q
1 0 0 0.456 292.37 628.0859 cm
/Im3 Do
Q
q
1 0 0 0.456 293.33 628.0859 cm
/Im3 Do
Q
q
1 0 0 0.456 294.29 628.0859 cm
/Im3 Do
Q
q
1 0 0 0.456 295.25 628.0859 cm
/Im3 Do
Q
q
1 0 0 0.456 296.21 628.0859 cm
/Im3 Do
Q
q
1 0 0 0.456 297.17 628.0859 cm
/Im3 Do
Q
q
1 0 0 0.456 298.13 628.0859 cm
/Im3 Do
Q
q
1 0 0 0.456 299.09 628.0859 cm
/Im3 Do
Q
q
1 0 0 0.456 300.05 628.0859 cm
/Im3 Do
Q
q
1 0 0 0.456 301.01 628.0859 cm
/Im3 Do
Q
q
1 0 0 0.456 301.97 628.0859 cm
/Im3 Do
Q
q
1 0 0 0.456 302.93 628.0859 cm
/Im3 Do
Q
q
1 0 0 0.456 303.89 628.0859 cm
/Im3 Do
Q
q
1 0 0 0.456 304.85 628.0859 cm
/Im3 Do
Q
q
1 0 0 0.456 305.81 628.0859 cm
/Im3 Do
Q
q
1 0 0 0.456 306.77 628.0859 cm
/Im3 Do
Q
q
1 0 0 0.456 307.73 628.0859 cm
/Im3 Do
Q
q
1 0 0 0.456 308.69 628.0859 cm
/Im3 Do
Q
q
1 0 0 0.456 309.65 628.0859 cm
/Im3 Do
Q
q
1 0 0 0.456 310.61 628.0859 cm
/Im3 Do
Q
q
1 0 0 0.456 311.57 628.0859 cm
/Im3 Do
Q
q
1 0 0 0.456 312.53 628.0859 cm
/Im3 Do
Q
q
1 0 0 0.456 313.49 628.0859 cm
/Im3 Do
Q
q
1 0 0 0.456 314.45 628.0859 cm
/Im3 Do
Q
q
1 0 0 0.456 315.41 628.0859 cm
/Im3 Do
Q
q
1 0 0 0.456 316.37 628.0859 cm
/Im3 Do
Q
q
1 0 0 0.456 317.33 628.0859 cm
/Im3 Do
Q
q
1 0 0 0.456 318.29 628.0859 cm
/Im3 Do
Q
q
1 0 0 0.456 319.25 628.0859 cm
/Im3 Do
Q
q
1 0 0 0.456 320.21 628.0859 cm
/Im3 Do
Q
q
1 0 0 0.456 321.17 628.0859 cm
/Im3 Do
Q
q
1 0 0 0.456 322.13 628.0859 cm
/Im3 Do
Q
q
1 0 0 0.456 323.09 628.0859 cm
/Im3 Do
Q
q
1 0 0 0.456 324.05 628.0859 cm
/Im3 Do
Q
q
1 0 0 0.456 325.01 628.0859 cm
/Im3 Do
Q
q
1 0 0 0.456 325.97 628.0859 cm
/Im3 Do
Q
q
1 0 0 0.456 326.93 628.0859 cm
/Im3 Do
Q
q
1 0 0 0.456 327.89 628.0859 cm
/Im3 Do
Q
q
1 0 0 0.456 328.85 628.0859 cm
/Im3 Do
Q
q
1 0 0 0.456 329.81 628.0859 cm
/Im3 Do
Q
q
1 0 0 0.456 330.77 628.0859 cm
/Im3 Do
Q
q
1 0 0 0.456 331.73 628.0859 cm
/Im3 Do
Q
q
1 0 0 0.456 332.69 628.0859 cm
/Im3 Do
Q
q
1 0 0 0.456 333.65 628.0859 cm
/Im3 Do
Q
q
1 0 0 0.456 334.61 628.0859 cm
/Im3 Do
Q
q
1 0 0 0.456 335.57 628.0859 cm
/Im3 Do
Q
q
1 0 0 0.456 336.53 628.0859 cm
/Im3 Do
Q
q
1 0 0 0.456 337.49 628.0859 cm
/Im3 Do
Q
q
1 0 0 0.456 338.45 628.0859 cm
/Im3 Do
Q
q
1 0 0 0.456 339.41 628.0859 cm
/Im3 Do
Q
q
1 0 0 0.456 340.37 628.0859 cm
/Im3 Do
Q
q
1 0 0 0.456 341.33 628.0859 cm
/Im3 Do
Q
q
1 0 0 0.456 342.29 628.0859 cm
/Im3 Do
Q
q
1 0 0 0.456 343.25 628.0859 cm
/Im3 Do
Q
q
1 0 0 0.456 344.21 628.0859 cm
/Im3 Do
Q
q
1 0 0 0.456 345.17 628.0859 cm
/Im3 Do
Q
q
1 0 0 0.456 346.13 628.0859 cm
/Im3 Do
Q
q
1 0 0 0.456 347.09 628.0859 cm
/Im3 Do
Q
q
1 0 0 0.456 348.05 628.0859 cm
/Im3 Do
Q
q
1 0 0 0.456 349.01 628.0859 cm
/Im3 Do
Q
q
1 0 0 0.456 349.97 628.0859 cm
/Im3 Do
Q
q
1 0 0 0.456 350.93 628.0859 cm
/Im3 Do
Q
q
1 0 0 0.456 351.89 628.0859 cm
/Im3 Do
Q
q
1 0 0 0.456 352.85 628.0859 cm
/Im3 Do
Q
q
1 0 0 0.456 353.81 628.0859 cm
/Im3 Do
Q
q
1 0 0 0.456 354.77 628.0859 cm
/Im3 Do
Q
q
1 0 0 0.456 355.73 628.0859 cm
/Im3 Do
Q
q
1 0 0 0.456 356.69 628.0859 cm
/Im3 Do
Q
q
1 0 0 0.456 357.65 628.0859 cm
/Im3 Do
Q
q
1 0 0 0.456 358.61 628.0859 cm
/Im3 Do
Q
q
1 0 0 0.456 359.57 628.0859 cm
/Im3 Do
Q
q
1 0 0 0.456 360.53 628.0859 cm
/Im3 Do
Q
q
1 0 0 0.456 361.49 628.0859 cm
/Im3 Do
Q
q
1 0 0 0.456 362.45 628.0859 cm
/Im3 Do
Q
q
1 0 0 0.456 363.41 628.0859 cm
/Im3 Do
Q
q
1 0 0 0.456 364.37 628.0859 cm
/Im3 Do
Q
q
1 0 0 0.456 365.33 628.0859 cm
/Im3 Do
Q
q
1 0 0 0.456 366.29 628.0859 cm
/Im3 Do
Q
q
1 0 0 0.456 367.25 628.0859 cm
/Im3 Do
Q
q
1 0 0 0.456 368.21 628.0859 cm
/Im3 Do
Q
q
1 0 0 0.456 369.17 628.0859 cm
/Im3 Do
Q
q
1 0 0 0.456 370.13 628.0859 cm
/Im3 Do
Q
q
1 0 0 0.456 371.09 628.0859 cm
/Im3 Do
Q
q
1 0 0 0.456 372.05 628.0859 cm
/Im3 Do
Q
q
1 0 0 0.456 373.01 628.0859 cm
/Im3 Do
Q
q
1 0 0 0.456 373.97 628.0859 cm
/Im3 Do
Q
q
1 0 0 0.456 374.93 628.0859 cm
/Im3 Do
Q
q
1 0 0 0.456 375.89 628.0859 cm
/Im3 Do
Q
q
1 0 0 0.456 376.85 628.0859 cm
/Im3 Do
Q
q
1 0 0 0.456 377.81 628.0859 cm
/Im3 Do
Q
q
1 0 0 0.456 378.77 628.0859 cm
/Im3 Do
Q
q
1 0 0 0.456 379.73 628.0859 cm
/Im3 Do
Q
q
1 0 0 0.456 380.69 628.0859 cm
/Im3 Do
Q
q
1 0 0 0.456 381.65 628.0859 cm
/Im3 Do
Q
q
1 0 0 0.456 382.61 628.0859 cm
/Im3 Do
Q
q
1 0 0 0.456 383.57 628.0859 cm
/Im3 Do
Q
q
1 0 0 0.456 384.53 628.0859 cm
/Im3 Do
Q
q
1 0 0 0.456 385.49 628.0859 cm
/Im3 Do
Q
q
1 0 0 0.456 386.45 628.0859 cm
/Im3 Do
Q
q
1 0 0 0.456 387.41 628.0859 cm
/Im3 Do
Q
q
1 0 0 0.456 388.37 628.0859 cm
/Im3 Do
Q
q
1 0 0 0.456 389.33 628.0859 cm
/Im3 Do
Q
q
1 0 0 0.456 390.29 628.0859 cm
/Im3 Do
Q
q
1 0 0 0.456 391.25 628.0859 cm
/Im3 Do
Q
q
1 0 0 0.456 392.21 628.0859 cm
/Im3 Do
Q
q
1 0 0 0.456 393.17 628.0859 cm
/Im3 Do
Q
q
1 0 0 0.456 394.13 628.0859 cm
/Im3 Do
Q
q
1 0 0 0.456 395.09 628.0859 cm
/Im3 Do
Q
q
1 0 0 0.456 396.05 628.0859 cm
/Im3 Do
Q
q
1 0 0 0.456 397.01 628.0859 cm
/Im3 Do
Q
q
1 0 0 0.456 397.97 628.0859 cm
/Im3 Do
Q
q
1 0 0 0.456 398.93 628.0859 cm
/Im3 Do
Q
q
1 0 0 0.456 399.89 628.0859 cm
/Im3 Do
Q
q
1 0 0 0.456 400.85 628.0859 cm
/Im3 Do
Q
q
1 0 0 0.456 401.81 628.0859 cm
/Im3 Do
Q
q
1 0 0 0.456 402.77 628.0859 cm
/Im3 Do
Q
q
1 0 0 0.456 403.73 628.0859 cm
/Im3 Do
Q
q
1 0 0 0.456 404.69 628.0859 cm
/Im3 Do
Q
q
1 0 0 0.456 405.65 628.0859 cm
/Im3 Do
Q
q
1 0 0 0.456 406.61 628.0859 cm
/Im3 Do
Q
q
1 0 0 0.456 407.57 628.0859 cm
/Im3 Do
Q
q
1 0 0 0.456 408.53 628.0859 cm
/Im3 Do
Q
q
1 0 0 0.456 409.49 628.0859 cm
/Im3 Do
Q
q
1 0 0 0.456 410.45 628.0859 cm
/Im3 Do
Q
q
1 0 0 0.456 411.41 628.0859 cm
/Im3 Do
Q
q
1 0 0 0.456 412.37 628.0859 cm
/Im3 Do
Q
q
1 0 0 0.456 413.33 628.0859 cm
/Im3 Do
Q
q
1 0 0 0.456 414.29 628.0859 cm
/Im3 Do
Q
q
1 0 0 0.456 415.25 628.0859 cm
/Im3 Do
Q
q
1 0 0 0.456 416.21 628.0859 cm
/Im3 Do
Q
q
1 0 0 0.456 417.17 628.0859 cm
/Im3 Do
Q
q
1 0 0 0.456 418.13 628.0859 cm
/Im3 Do
Q
q
1 0 0 0.456 419.09 628.0859 cm
/Im3 Do
Q
q
1 0 0 0.456 420.05 628.0859 cm
/Im3 Do
Q
q
1 0 0 0.456 421.01 628.0859 cm
/Im3 Do
Q
q
1 0 0 0.456 421.97 628.0859 cm
/Im3 Do
Q
q
1 0 0 0.456 422.93 628.0859 cm
/Im3 Do
Q
q
1 0 0 0.456 423.89 628.0859 cm
/Im3 Do
Q
q
1 0 0 0.456 424.85 628.0859 cm
/Im3 Do
Q
q
1 0 0 0.456 425.81 628.0859 cm
/Im3 Do
Q
q
1 0 0 0.456 426.77 628.0859 cm
/Im3 Do
Q
q
1 0 0 0.456 427.73 628.0859 cm
/Im3 Do
Q
q
1 0 0 0.456 428.69 628.0859 cm
/Im3 Do
Q
q
1 0 0 0.456 429.65 628.0859 cm
/Im3 Do
Q
q
1 0 0 0.456 430.61 628.0859 cm
/Im3 Do
Q
q
1 0 0 0.456 431.57 628.0859 cm
/Im3 Do
Q
q
1 0 0 0.456 432.53 628.0859 cm
/Im3 Do
Q
q
1 0 0 0.456 433.49 628.0859 cm
/Im3 Do
Q
q
1 0 0 0.456 434.45 628.0859 cm
/Im3 Do
Q
q
1 0 0 0.456 435.41 628.0859 cm
/Im3 Do
Q
q
1 0 0 0.456 436.37 628.0859 cm
/Im3 Do
Q
q
1 0 0 0.456 437.33 628.0859 cm
/Im3 Do
Q
q
1 0 0 0.456 438.29 628.0859 cm
/Im3 Do
Q
q
1 0 0 0.456 439.25 628.0859 cm
/Im3 Do
Q
q
1 0 0 0.456 440.21 628.0859 cm
/Im3 Do
Q
q
1 0 0 0.456 441.17 628.0859 cm
/Im3 Do
Q
q
1 0 0 0.456 442.13 628.0859 cm
/Im3 Do
Q
q
1 0 0 0.456 443.09 628.0859 cm
/Im3 Do
Q
q
1 0 0 0.456 444.05 628.0859 cm
/Im3 Do
Q
q
1 0 0 0.456 445.01 628.0859 cm
/Im3 Do
Q
q
1 0 0 0.456 445.97 628.0859 cm
/Im3 Do
Q
q
1 0 0 0.456 446.93 628.0859 cm
/Im3 Do
Q
q
1 0 0 0.456 447.89 628.0859 cm
/Im3 Do
Q
q
1 0 0 0.456 448.85 628.0859 cm
/Im3 Do
Q
q
1 0 0 0.456 449.81 628.0859 cm
/Im3 Do
Q
q
1 0 0 0.456 450.77 628.0859 cm
/Im3 Do
Q
q
1 0 0 0.456 451.73 628.0859 cm
/Im3 Do
Q
q
1 0 0 0.456 452.69 628.0859 cm
/Im3 Do
Q
q
1 0 0 0.456 453.65 628.0859 cm
/Im3 Do
Q
q
1 0 0 0.456 454.61 628.0859 cm
/Im3 Do
Q
q
1 0 0 0.456 455.57 628.0859 cm
/Im3 Do
Q
q
1 0 0 0.456 456.53 628.0859 cm
/Im3 Do
Q
q
1 0 0 0.456 457.49 628.0859 cm
/Im3 Do
Q
q
1 0 0 0.456 458.45 628.0859 cm
/Im5 Do
Q
q
1 0 0 0.456 458.93 628.0859 cm
/Im3 Do
Q
q
1 0 0 0.456 459.89 628.0859 cm
/Im3 Do
Q
q
1 0 0 0.456 460.85 628.0859 cm
/Im3 Do
Q
q
1 0 0 0.456 461.81 628.0859 cm
/Im3 Do
Q
q
1 0 0 0.456 462.77 628.0859 cm
/Im3 Do
Q
q
1 0 0 0.456 463.73 628.0859 cm
/Im3 Do
Q
q
1 0 0 0.456 464.69 628.0859 cm
/Im3 Do
Q
q
1 0 0 0.456 465.65 628.0859 cm
/Im3 Do
Q
q
1 0 0 0.456 466.61 628.0859 cm
/Im3 Do
Q
q
1 0 0 0.456 467.57 628.0859 cm
/Im3 Do
Q
q
1 0 0 0.456 468.53 628.0859 cm
/Im3 Do
Q
q
1 0 0 0.456 469.49 628.0859 cm
/Im3 Do
Q
q
1 0 0 0.456 470.45 628.0859 cm
/Im3 Do
Q
q
1 0 0 0.456 471.41 628.0859 cm
/Im3 Do
Q
q
1 0 0 0.456 472.37 628.0859 cm
/Im3 Do
Q
q
1 0 0 0.456 473.33 628.0859 cm
/Im3 Do
Q
q
1 0 0 0.456 474.29 628.0859 cm
/Im3 Do
Q
q
1 0 0 0.456 475.25 628.0859 cm
/Im3 Do
Q
q
1 0 0 0.456 476.21 628.0859 cm
/Im3 Do
Q
q
1 0 0 0.456 477.17 628.0859 cm
/Im3 Do
Q
q
1 0 0 0.456 478.13 628.0859 cm
/Im3 Do
Q
q
1 0 0 0.456 479.09 628.0859 cm
/Im3 Do
Q
q
1 0 0 0.456 480.05 628.0859 cm
/Im3 Do
Q
q
1 0 0 0.456 481.01 628.0859 cm
/Im3 Do
Q
q
1 0 0 0.456 481.97 628.0859 cm
/Im3 Do
Q
q
1 0 0 0.456 482.93 628.0859 cm
/Im3 Do
Q
q
1 0 0 0.456 483.89 628.0859 cm
/Im3 Do
Q
q
1 0 0 0.456 484.85 628.0859 cm
/Im3 Do
Q
q
1 0 0 0.456 485.81 628.0859 cm
/Im3 Do
Q
q
1 0 0 0.456 486.77 628.0859 cm
/Im3 Do
Q
q
1 0 0 0.456 487.73 628.0859 cm
/Im3 Do
Q
q
1 0 0 0.456 488.69 628.0859 cm
/Im3 Do
Q
q
1 0 0 0.456 489.65 628.0859 cm
/Im3 Do
Q
q
1 0 0 0.456 490.61 628.0859 cm
/Im3 Do
Q
q
1 0 0 0.456 491.57 628.0859 cm
/Im3 Do
Q
q
1 0 0 0.456 492.53 628.0859 cm
/Im3 Do
Q
q
1 0 0 0.456 493.49 628.0859 cm
/Im3 Do
Q
q
1 0 0 0.456 494.45 628.0859 cm
/Im3 Do
Q
q
1 0 0 0.456 495.41 628.0859 cm
/Im3 Do
Q
q
1 0 0 0.456 496.37 628.0859 cm
/Im3 Do
Q
q
1 0 0 0.456 497.33 628.0859 cm
/Im3 Do
Q
q
1 0 0 0.456 498.29 628.0859 cm
/Im3 Do
Q
q
1 0 0 0.456 499.25 628.0859 cm
/Im3 Do
Q
q
1 0 0 0.456 500.21 628.0859 cm
/Im3 Do
Q
q
1 0 0 0.456 501.17 628.0859 cm
/Im4 Do
Q
q
1 0 0 0.456 501.65 628.0859 cm
/Im3 Do
Q
q
1 0 0 0.456 502.61 628.0859 cm
/Im3 Do
Q
q
1 0 0 0.456 503.57 628.0859 cm
/Im3 Do
Q
q
1 0 0 0.456 504.53 628.0859 cm
/Im3 Do
Q
q
1 0 0 0.456 505.49 628.0859 cm
/Im3 Do
Q
q
1 0 0 0.456 506.45 628.0859 cm
/Im3 Do
Q
q
1 0 0 0.456 507.41 628.0859 cm
/Im3 Do
Q
q
1 0 0 0.456 508.3699 628.0859 cm
/Im3 Do
Q
q
1 0 0 0.456 509.33 628.0859 cm
/Im3 Do
Q
q
1 0 0 0.456 510.29 628.0859 cm
/Im3 Do
Q
q
1 0 0 0.456 511.2499 628.0859 cm
/Im3 Do
Q
q
1 0 0 0.456 512.21 628.0859 cm
/Im3 Do
Q
q
1 0 0 0.456 513.1699 628.0859 cm
/Im3 Do
Q
q
1 0 0 0.456 514.1299 628.0859 cm
/Im3 Do
Q
q
1 0 0 0.456 515.09 628.0859 cm
/Im3 Do
Q
q
1 0 0 0.456 516.0499 628.0859 cm
/Im3 Do
Q
q
1 0 0 0.456 517.01 628.0859 cm
/Im3 Do
Q
q
1 0 0 0.456 517.97 628.0859 cm
/Im3 Do
Q
q
1 0 0 0.456 518.9299 628.0859 cm
/Im3 Do
Q
q
1 0 0 0.456 519.89 628.0859 cm
/Im3 Do
Q
q
1 0 0 0.456 520.85 628.0859 cm
/Im3 Do
Q
q
1 0 0 0.456 521.8099 628.0859 cm
/Im3 Do
Q
q
1 0 0 0.456 522.77 628.0859 cm
/Im3 Do
Q
q
1 0 0 0.456 523.73 628.0859 cm
/Im3 Do
Q
q
1 0 0 0.456 524.6899 628.0859 cm
/Im3 Do
Q
q
1 0 0 0.456 525.65 628.0859 cm
/Im3 Do
Q
q
1 0 0 0.456 526.61 628.0859 cm
/Im3 Do
Q
q
1 0 0 0.456 527.57 628.0859 cm
/Im3 Do
Q
q
1 0 0 0.456 528.53 628.0859 cm
/Im3 Do
Q
q
1 0 0 0.456 529.4901 628.0859 cm
/Im3 Do
Q
q
1 0 0 0.456 530.45 628.0859 cm
/Im3 Do
Q
q
1 0 0 0.456 531.41 628.0859 cm
/Im3 Do
Q
q
1 0 0 0.456 532.3699 628.0859 cm
/Im3 Do
Q
q
1 0 0 0.456 533.33 628.0859 cm
/Im3 Do
Q
q
1 0 0 0.456 534.29 628.0859 cm
/Im3 Do
Q
q
1 0 0 0.456 535.2499 628.0859 cm
/Im3 Do
Q
q
1 0 0 0.456 536.21 628.0859 cm
/Im3 Do
Q
q
1 0 0 0.456 537.1699 628.0859 cm
/Im3 Do
Q
q
1 0 0 0.456 538.1299 628.0859 cm
/Im3 Do
Q
q
1 0 0 0.456 539.09 628.0859 cm
/Im3 Do
Q
q
1 0 0 0.456 540.0499 628.0859 cm
/Im3 Do
Q
q
1 0 0 0.456 541.01 628.0859 cm
/Im3 Do
Q
q
1 0 0 0.456 541.97 628.0859 cm
/Im3 Do
Q
q
1 0 0 0.456 542.93 628.0859 cm
/Im3 Do
Q
q
1 0 0 0.456 543.89 628.0859 cm
/Im3 Do
Q
q
1 0 0 0.456 544.85 628.0859 cm
/Im3 Do
Q
q
1 0 0 0.456 545.8099 628.0859 cm
/Im3 Do
Q
q
1 0 0 0.456 546.77 628.0859 cm
/Im3 Do
Q
q
1 0 0 0.456 547.73 628.0859 cm
/Im3 Do
Q
q
1 0 0 0.456 548.6899 628.0859 cm
/Im3 Do
Q
q
1 0 0 0.456 549.65 628.0859 cm
/Im3 Do
Q
q
0.24 0 0 0.456 550.61 628.0859 cm
/Im7 Do
Q
BT
10.08 0 0 9.576 55.01 598.4459 Tm
-0.0003 Tc
[(Au)8.1(t)-8(r)-0.6(e)7.8(s)]TJ
2.8574 0 TD
( )Tj
0.2857 0 TD
0.0002 Tc
[(ce)8.6(rt)-7.5(i)8.3(f)]TJ
2.1662 0 TD
-0.0081 Tc
[(ic)-8.1(at)-15.8(s)15.7( )]TJ
-5.3093 -1.5238 TD
0.0081 Tc
(Ty)Tj
1.1192 0 TD
-0.0081 Tc
0.0159 Tw
[(pe de c)-8.2(e)0.2(r)-8.5(t)7.9(if)-15.9(ic)-8.2(at)-15.9(:)7.9( )]TJ
10.08 0 2.1426 9.576 136.8495 583.854 Tm
0.2696 Tc
0 Tw
(      )Tj
10.08 0 0 9.576 462.5292 598.4459 Tm
-0.0084 Tc
[(oui)-24.5( )]TJ
ET
q
1.026 0 0 0.9747 0 0 cm
0 G
1 J 0 j 0.702 w 10 M []0 d
467.427 613.291 8.889 8.889 re
S
Q
BT
10.08 0 0 9.576 490.13 598.4459 Tm
0 Tc
( )Tj
2.6429 0 TD
-0.0084 Tc
(non )Tj
ET
q
1.026 0 0 0.9747 0 0 cm
0 G
1 J 0 j 0.702 w 10 M []0 d
523.569 613.291 8.889 8.889 re
S
Q
Q
BT
10.08 0 0 9.576 547.73 598.4459 Tm
( )Tj
ET
q
1 i 
-1.63 25.14 595 799.9 re
W n
-1.63 25.14 595 799.9 re
W n
32.37 798.59 531.5 -762.35 re
0 841 m
W* n
-9 851 613 -860 re
0 841 m
W n
0.03 841.02 595.02 -841.02 re
W n
q
1 0 0 0.456 51.41 609.162 cm
/Im3 Do
Q
q
1 0 0 0.456 52.37 609.162 cm
/Im3 Do
Q
q
1 0 0 0.456 53.33 609.162 cm
/Im3 Do
Q
q
1 0 0 0.456 54.29 609.162 cm
/Im3 Do
Q
q
1 0 0 0.456 55.25 609.162 cm
/Im3 Do
Q
q
1 0 0 0.456 56.21 609.162 cm
/Im3 Do
Q
q
1 0 0 0.456 57.17 609.162 cm
/Im3 Do
Q
q
1 0 0 0.456 58.13 609.162 cm
/Im3 Do
Q
q
1 0 0 0.456 59.09 609.162 cm
/Im3 Do
Q
q
1 0 0 0.456 60.05 609.162 cm
/Im3 Do
Q
q
1 0 0 0.456 61.01 609.162 cm
/Im3 Do
Q
q
1 0 0 0.456 61.97 609.162 cm
/Im3 Do
Q
q
1 0 0 0.456 62.93 609.162 cm
/Im3 Do
Q
q
1 0 0 0.456 63.89 609.162 cm
/Im3 Do
Q
q
1 0 0 0.456 64.85 609.162 cm
/Im3 Do
Q
q
1 0 0 0.456 65.81 609.162 cm
/Im3 Do
Q
q
1 0 0 0.456 66.77 609.162 cm
/Im3 Do
Q
q
1 0 0 0.456 67.73 609.162 cm
/Im3 Do
Q
q
1 0 0 0.456 68.69 609.162 cm
/Im3 Do
Q
q
1 0 0 0.456 69.65 609.162 cm
/Im3 Do
Q
q
1 0 0 0.456 70.61 609.162 cm
/Im3 Do
Q
q
1 0 0 0.456 71.57 609.162 cm
/Im3 Do
Q
q
1 0 0 0.456 72.53 609.162 cm
/Im3 Do
Q
q
1 0 0 0.456 73.49 609.162 cm
/Im3 Do
Q
q
1 0 0 0.456 74.45 609.162 cm
/Im3 Do
Q
q
1 0 0 0.456 75.41 609.162 cm
/Im3 Do
Q
q
1 0 0 0.456 76.37 609.162 cm
/Im3 Do
Q
q
1 0 0 0.456 77.33 609.162 cm
/Im3 Do
Q
q
1 0 0 0.456 78.29 609.162 cm
/Im3 Do
Q
q
1 0 0 0.456 79.25 609.162 cm
/Im3 Do
Q
q
1 0 0 0.456 80.21 609.162 cm
/Im3 Do
Q
q
1 0 0 0.456 81.17 609.162 cm
/Im3 Do
Q
q
1 0 0 0.456 82.13 609.162 cm
/Im3 Do
Q
q
1 0 0 0.456 83.09 609.162 cm
/Im3 Do
Q
q
1 0 0 0.456 84.05 609.162 cm
/Im3 Do
Q
q
1 0 0 0.456 85.01 609.162 cm
/Im3 Do
Q
q
1 0 0 0.456 85.97 609.162 cm
/Im3 Do
Q
q
1 0 0 0.456 86.93 609.162 cm
/Im3 Do
Q
q
1 0 0 0.456 87.89 609.162 cm
/Im3 Do
Q
q
1 0 0 0.456 88.85 609.162 cm
/Im3 Do
Q
q
1 0 0 0.456 89.81 609.162 cm
/Im3 Do
Q
q
1 0 0 0.456 90.77 609.162 cm
/Im3 Do
Q
q
1 0 0 0.456 91.73 609.162 cm
/Im3 Do
Q
q
1 0 0 0.456 92.69 609.162 cm
/Im3 Do
Q
q
1 0 0 0.456 93.65 609.162 cm
/Im3 Do
Q
q
1 0 0 0.456 94.61 609.162 cm
/Im3 Do
Q
q
1 0 0 0.456 95.57 609.162 cm
/Im3 Do
Q
q
1 0 0 0.456 96.53 609.162 cm
/Im3 Do
Q
q
1 0 0 0.456 97.49 609.162 cm
/Im3 Do
Q
q
1 0 0 0.456 98.45 609.162 cm
/Im3 Do
Q
q
1 0 0 0.456 99.41 609.162 cm
/Im3 Do
Q
q
1 0 0 0.456 100.37 609.162 cm
/Im3 Do
Q
q
1 0 0 0.456 101.33 609.162 cm
/Im3 Do
Q
q
1 0 0 0.456 102.29 609.162 cm
/Im3 Do
Q
q
1 0 0 0.456 103.25 609.162 cm
/Im3 Do
Q
q
1 0 0 0.456 104.21 609.162 cm
/Im3 Do
Q
q
1 0 0 0.456 105.17 609.162 cm
/Im3 Do
Q
q
1 0 0 0.456 106.13 609.162 cm
/Im3 Do
Q
q
1 0 0 0.456 107.09 609.162 cm
/Im3 Do
Q
q
1 0 0 0.456 108.05 609.162 cm
/Im3 Do
Q
q
1 0 0 0.456 109.01 609.162 cm
/Im3 Do
Q
q
1 0 0 0.456 109.97 609.162 cm
/Im3 Do
Q
q
1 0 0 0.456 110.93 609.162 cm
/Im3 Do
Q
q
1 0 0 0.456 111.89 609.162 cm
/Im3 Do
Q
q
1 0 0 0.456 112.85 609.162 cm
/Im3 Do
Q
q
1 0 0 0.456 113.81 609.162 cm
/Im3 Do
Q
q
1 0 0 0.456 114.77 609.162 cm
/Im3 Do
Q
q
1 0 0 0.456 115.73 609.162 cm
/Im3 Do
Q
q
1 0 0 0.456 116.69 609.162 cm
/Im3 Do
Q
q
1 0 0 0.456 117.65 609.162 cm
/Im3 Do
Q
q
1 0 0 0.456 118.61 609.162 cm
/Im3 Do
Q
q
1 0 0 0.456 119.57 609.162 cm
/Im3 Do
Q
q
1 0 0 0.456 120.53 609.162 cm
/Im3 Do
Q
q
1 0 0 0.456 121.49 609.162 cm
/Im3 Do
Q
q
1 0 0 0.456 122.45 609.162 cm
/Im3 Do
Q
q
1 0 0 0.456 123.41 609.162 cm
/Im3 Do
Q
q
1 0 0 0.456 124.37 609.162 cm
/Im3 Do
Q
q
1 0 0 0.456 125.33 609.162 cm
/Im3 Do
Q
q
1 0 0 0.456 126.29 609.162 cm
/Im3 Do
Q
q
1 0 0 0.456 127.25 609.162 cm
/Im3 Do
Q
q
1 0 0 0.456 128.21 609.162 cm
/Im3 Do
Q
q
1 0 0 0.456 129.17 609.162 cm
/Im3 Do
Q
q
1 0 0 0.456 130.13 609.162 cm
/Im3 Do
Q
q
1 0 0 0.456 131.09 609.162 cm
/Im3 Do
Q
q
1 0 0 0.456 132.05 609.162 cm
/Im3 Do
Q
q
1 0 0 0.456 133.01 609.162 cm
/Im3 Do
Q
q
1 0 0 0.456 133.97 609.162 cm
/Im3 Do
Q
q
1 0 0 0.456 134.93 609.162 cm
/Im3 Do
Q
q
1 0 0 0.456 135.89 609.162 cm
/Im3 Do
Q
q
1 0 0 0.456 136.85 609.162 cm
/Im3 Do
Q
q
1 0 0 0.456 137.81 609.162 cm
/Im3 Do
Q
q
1 0 0 0.456 138.77 609.162 cm
/Im3 Do
Q
q
1 0 0 0.456 139.73 609.162 cm
/Im3 Do
Q
q
1 0 0 0.456 140.69 609.162 cm
/Im3 Do
Q
q
1 0 0 0.456 141.65 609.162 cm
/Im3 Do
Q
q
1 0 0 0.456 142.61 609.162 cm
/Im3 Do
Q
q
1 0 0 0.456 143.57 609.162 cm
/Im3 Do
Q
q
1 0 0 0.456 144.53 609.162 cm
/Im3 Do
Q
q
1 0 0 0.456 145.49 609.162 cm
/Im3 Do
Q
q
1 0 0 0.456 146.45 609.162 cm
/Im3 Do
Q
q
1 0 0 0.456 147.41 609.162 cm
/Im3 Do
Q
q
1 0 0 0.456 148.37 609.162 cm
/Im3 Do
Q
q
1 0 0 0.456 149.33 609.162 cm
/Im3 Do
Q
q
1 0 0 0.456 150.29 609.162 cm
/Im3 Do
Q
q
1 0 0 0.456 151.25 609.162 cm
/Im3 Do
Q
q
1 0 0 0.456 152.21 609.162 cm
/Im3 Do
Q
q
1 0 0 0.456 153.17 609.162 cm
/Im3 Do
Q
q
1 0 0 0.456 154.13 609.162 cm
/Im3 Do
Q
q
1 0 0 0.456 155.09 609.162 cm
/Im3 Do
Q
q
1 0 0 0.456 156.05 609.162 cm
/Im3 Do
Q
q
1 0 0 0.456 157.01 609.162 cm
/Im3 Do
Q
q
1 0 0 0.456 157.97 609.162 cm
/Im3 Do
Q
q
1 0 0 0.456 158.93 609.162 cm
/Im3 Do
Q
q
1 0 0 0.456 159.89 609.162 cm
/Im3 Do
Q
q
1 0 0 0.456 160.85 609.162 cm
/Im3 Do
Q
q
1 0 0 0.456 161.81 609.162 cm
/Im3 Do
Q
q
1 0 0 0.456 162.77 609.162 cm
/Im3 Do
Q
q
1 0 0 0.456 163.73 609.162 cm
/Im3 Do
Q
q
1 0 0 0.456 164.69 609.162 cm
/Im3 Do
Q
q
1 0 0 0.456 165.65 609.162 cm
/Im3 Do
Q
q
1 0 0 0.456 166.61 609.162 cm
/Im3 Do
Q
q
1 0 0 0.456 167.57 609.162 cm
/Im3 Do
Q
q
1 0 0 0.456 168.53 609.162 cm
/Im3 Do
Q
q
1 0 0 0.456 169.49 609.162 cm
/Im3 Do
Q
q
1 0 0 0.456 170.45 609.162 cm
/Im3 Do
Q
q
1 0 0 0.456 171.41 609.162 cm
/Im3 Do
Q
q
1 0 0 0.456 172.37 609.162 cm
/Im3 Do
Q
q
1 0 0 0.456 173.33 609.162 cm
/Im3 Do
Q
q
1 0 0 0.456 174.29 609.162 cm
/Im3 Do
Q
q
1 0 0 0.456 175.25 609.162 cm
/Im3 Do
Q
q
1 0 0 0.456 176.21 609.162 cm
/Im3 Do
Q
q
1 0 0 0.456 177.17 609.162 cm
/Im3 Do
Q
q
1 0 0 0.456 178.13 609.162 cm
/Im3 Do
Q
q
1 0 0 0.456 179.09 609.162 cm
/Im3 Do
Q
q
1 0 0 0.456 180.05 609.162 cm
/Im3 Do
Q
q
1 0 0 0.456 181.01 609.162 cm
/Im3 Do
Q
q
1 0 0 0.456 181.97 609.162 cm
/Im3 Do
Q
q
1 0 0 0.456 182.93 609.162 cm
/Im3 Do
Q
q
1 0 0 0.456 183.89 609.162 cm
/Im3 Do
Q
q
1 0 0 0.456 184.85 609.162 cm
/Im3 Do
Q
q
1 0 0 0.456 185.81 609.162 cm
/Im3 Do
Q
q
1 0 0 0.456 186.77 609.162 cm
/Im3 Do
Q
q
1 0 0 0.456 187.73 609.162 cm
/Im3 Do
Q
q
1 0 0 0.456 188.69 609.162 cm
/Im3 Do
Q
q
1 0 0 0.456 189.65 609.162 cm
/Im3 Do
Q
q
1 0 0 0.456 190.61 609.162 cm
/Im3 Do
Q
q
1 0 0 0.456 191.57 609.162 cm
/Im3 Do
Q
q
1 0 0 0.456 192.53 609.162 cm
/Im3 Do
Q
q
1 0 0 0.456 193.49 609.162 cm
/Im3 Do
Q
q
1 0 0 0.456 194.45 609.162 cm
/Im3 Do
Q
q
1 0 0 0.456 195.41 609.162 cm
/Im3 Do
Q
q
1 0 0 0.456 196.37 609.162 cm
/Im3 Do
Q
q
1 0 0 0.456 197.33 609.162 cm
/Im3 Do
Q
q
1 0 0 0.456 198.29 609.162 cm
/Im3 Do
Q
q
1 0 0 0.456 199.25 609.162 cm
/Im3 Do
Q
q
1 0 0 0.456 200.21 609.162 cm
/Im3 Do
Q
q
1 0 0 0.456 201.17 609.162 cm
/Im3 Do
Q
q
1 0 0 0.456 202.13 609.162 cm
/Im3 Do
Q
q
1 0 0 0.456 203.09 609.162 cm
/Im3 Do
Q
q
1 0 0 0.456 204.05 609.162 cm
/Im3 Do
Q
q
1 0 0 0.456 205.01 609.162 cm
/Im3 Do
Q
q
1 0 0 0.456 205.97 609.162 cm
/Im3 Do
Q
q
1 0 0 0.456 206.93 609.162 cm
/Im3 Do
Q
q
1 0 0 0.456 207.89 609.162 cm
/Im3 Do
Q
q
1 0 0 0.456 208.85 609.162 cm
/Im3 Do
Q
q
1 0 0 0.456 209.81 609.162 cm
/Im3 Do
Q
q
1 0 0 0.456 210.77 609.162 cm
/Im3 Do
Q
q
1 0 0 0.456 211.73 609.162 cm
/Im3 Do
Q
q
1 0 0 0.456 212.69 609.162 cm
/Im3 Do
Q
q
1 0 0 0.456 213.65 609.162 cm
/Im3 Do
Q
q
1 0 0 0.456 214.61 609.162 cm
/Im3 Do
Q
q
1 0 0 0.456 215.57 609.162 cm
/Im3 Do
Q
q
1 0 0 0.456 216.53 609.162 cm
/Im3 Do
Q
q
1 0 0 0.456 217.49 609.162 cm
/Im3 Do
Q
q
1 0 0 0.456 218.45 609.162 cm
/Im3 Do
Q
q
1 0 0 0.456 219.41 609.162 cm
/Im3 Do
Q
q
1 0 0 0.456 220.37 609.162 cm
/Im3 Do
Q
q
1 0 0 0.456 221.33 609.162 cm
/Im3 Do
Q
q
1 0 0 0.456 222.29 609.162 cm
/Im3 Do
Q
q
1 0 0 0.456 223.25 609.162 cm
/Im3 Do
Q
q
1 0 0 0.456 224.21 609.162 cm
/Im3 Do
Q
q
1 0 0 0.456 225.17 609.162 cm
/Im3 Do
Q
q
1 0 0 0.456 226.13 609.162 cm
/Im3 Do
Q
q
1 0 0 0.456 227.09 609.162 cm
/Im3 Do
Q
q
1 0 0 0.456 228.05 609.162 cm
/Im3 Do
Q
q
1 0 0 0.456 229.01 609.162 cm
/Im3 Do
Q
q
1 0 0 0.456 229.97 609.162 cm
/Im3 Do
Q
q
1 0 0 0.456 230.93 609.162 cm
/Im3 Do
Q
q
1 0 0 0.456 231.89 609.162 cm
/Im3 Do
Q
q
1 0 0 0.456 232.85 609.162 cm
/Im3 Do
Q
q
1 0 0 0.456 233.81 609.162 cm
/Im3 Do
Q
q
1 0 0 0.456 234.77 609.162 cm
/Im3 Do
Q
q
1 0 0 0.456 235.73 609.162 cm
/Im3 Do
Q
q
1 0 0 0.456 236.69 609.162 cm
/Im3 Do
Q
q
1 0 0 0.456 237.65 609.162 cm
/Im3 Do
Q
q
1 0 0 0.456 238.61 609.162 cm
/Im3 Do
Q
q
1 0 0 0.456 239.57 609.162 cm
/Im3 Do
Q
q
1 0 0 0.456 240.53 609.162 cm
/Im3 Do
Q
q
1 0 0 0.456 241.49 609.162 cm
/Im3 Do
Q
q
1 0 0 0.456 242.45 609.162 cm
/Im3 Do
Q
q
1 0 0 0.456 243.41 609.162 cm
/Im3 Do
Q
q
1 0 0 0.456 244.37 609.162 cm
/Im3 Do
Q
q
1 0 0 0.456 245.33 609.162 cm
/Im3 Do
Q
q
1 0 0 0.456 246.29 609.162 cm
/Im3 Do
Q
q
1 0 0 0.456 247.25 609.162 cm
/Im3 Do
Q
q
1 0 0 0.456 248.21 609.162 cm
/Im3 Do
Q
q
1 0 0 0.456 249.17 609.162 cm
/Im3 Do
Q
q
1 0 0 0.456 250.13 609.162 cm
/Im3 Do
Q
q
1 0 0 0.456 251.09 609.162 cm
/Im3 Do
Q
q
1 0 0 0.456 252.05 609.162 cm
/Im3 Do
Q
q
1 0 0 0.456 253.01 609.162 cm
/Im3 Do
Q
q
1 0 0 0.456 253.97 609.162 cm
/Im3 Do
Q
q
1 0 0 0.456 254.93 609.162 cm
/Im3 Do
Q
q
1 0 0 0.456 255.89 609.162 cm
/Im3 Do
Q
q
1 0 0 0.456 256.85 609.162 cm
/Im3 Do
Q
q
1 0 0 0.456 257.81 609.162 cm
/Im3 Do
Q
q
1 0 0 0.456 258.77 609.162 cm
/Im3 Do
Q
q
1 0 0 0.456 259.73 609.162 cm
/Im3 Do
Q
q
1 0 0 0.456 260.69 609.162 cm
/Im3 Do
Q
q
1 0 0 0.456 261.65 609.162 cm
/Im3 Do
Q
q
1 0 0 0.456 262.61 609.162 cm
/Im3 Do
Q
q
1 0 0 0.456 263.57 609.162 cm
/Im3 Do
Q
q
1 0 0 0.456 264.53 609.162 cm
/Im3 Do
Q
q
1 0 0 0.456 265.49 609.162 cm
/Im3 Do
Q
q
1 0 0 0.456 266.45 609.162 cm
/Im3 Do
Q
q
1 0 0 0.456 267.41 609.162 cm
/Im3 Do
Q
q
1 0 0 0.456 268.37 609.162 cm
/Im3 Do
Q
q
1 0 0 0.456 269.33 609.162 cm
/Im3 Do
Q
q
1 0 0 0.456 270.29 609.162 cm
/Im3 Do
Q
q
1 0 0 0.456 271.25 609.162 cm
/Im3 Do
Q
q
1 0 0 0.456 272.21 609.162 cm
/Im3 Do
Q
q
1 0 0 0.456 273.17 609.162 cm
/Im3 Do
Q
q
1 0 0 0.456 274.13 609.162 cm
/Im3 Do
Q
q
1 0 0 0.456 275.09 609.162 cm
/Im3 Do
Q
q
1 0 0 0.456 276.05 609.162 cm
/Im3 Do
Q
q
1 0 0 0.456 277.01 609.162 cm
/Im3 Do
Q
q
1 0 0 0.456 277.97 609.162 cm
/Im3 Do
Q
q
1 0 0 0.456 278.93 609.162 cm
/Im3 Do
Q
q
1 0 0 0.456 279.89 609.162 cm
/Im3 Do
Q
q
1 0 0 0.456 280.85 609.162 cm
/Im3 Do
Q
q
1 0 0 0.456 281.81 609.162 cm
/Im3 Do
Q
q
1 0 0 0.456 282.77 609.162 cm
/Im3 Do
Q
q
1 0 0 0.456 283.73 609.162 cm
/Im3 Do
Q
q
1 0 0 0.456 284.69 609.162 cm
/Im3 Do
Q
q
1 0 0 0.456 285.65 609.162 cm
/Im3 Do
Q
q
1 0 0 0.456 286.61 609.162 cm
/Im3 Do
Q
q
1 0 0 0.456 287.57 609.162 cm
/Im3 Do
Q
q
1 0 0 0.456 288.53 609.162 cm
/Im3 Do
Q
q
1 0 0 0.456 289.49 609.162 cm
/Im3 Do
Q
q
1 0 0 0.456 290.45 609.162 cm
/Im3 Do
Q
q
1 0 0 0.456 291.41 609.162 cm
/Im3 Do
Q
q
1 0 0 0.456 292.37 609.162 cm
/Im3 Do
Q
q
1 0 0 0.456 293.33 609.162 cm
/Im3 Do
Q
q
1 0 0 0.456 294.29 609.162 cm
/Im3 Do
Q
q
1 0 0 0.456 295.25 609.162 cm
/Im3 Do
Q
q
1 0 0 0.456 296.21 609.162 cm
/Im3 Do
Q
q
1 0 0 0.456 297.17 609.162 cm
/Im3 Do
Q
q
1 0 0 0.456 298.13 609.162 cm
/Im3 Do
Q
q
1 0 0 0.456 299.09 609.162 cm
/Im3 Do
Q
q
1 0 0 0.456 300.05 609.162 cm
/Im3 Do
Q
q
1 0 0 0.456 301.01 609.162 cm
/Im3 Do
Q
q
1 0 0 0.456 301.97 609.162 cm
/Im3 Do
Q
q
1 0 0 0.456 302.93 609.162 cm
/Im3 Do
Q
q
1 0 0 0.456 303.89 609.162 cm
/Im3 Do
Q
q
1 0 0 0.456 304.85 609.162 cm
/Im3 Do
Q
q
1 0 0 0.456 305.81 609.162 cm
/Im3 Do
Q
q
1 0 0 0.456 306.77 609.162 cm
/Im3 Do
Q
q
1 0 0 0.456 307.73 609.162 cm
/Im3 Do
Q
q
1 0 0 0.456 308.69 609.162 cm
/Im3 Do
Q
q
1 0 0 0.456 309.65 609.162 cm
/Im3 Do
Q
q
1 0 0 0.456 310.61 609.162 cm
/Im3 Do
Q
q
1 0 0 0.456 311.57 609.162 cm
/Im3 Do
Q
q
1 0 0 0.456 312.53 609.162 cm
/Im3 Do
Q
q
1 0 0 0.456 313.49 609.162 cm
/Im3 Do
Q
q
1 0 0 0.456 314.45 609.162 cm
/Im3 Do
Q
q
1 0 0 0.456 315.41 609.162 cm
/Im3 Do
Q
q
1 0 0 0.456 316.37 609.162 cm
/Im3 Do
Q
q
1 0 0 0.456 317.33 609.162 cm
/Im3 Do
Q
q
1 0 0 0.456 318.29 609.162 cm
/Im3 Do
Q
q
1 0 0 0.456 319.25 609.162 cm
/Im3 Do
Q
q
1 0 0 0.456 320.21 609.162 cm
/Im3 Do
Q
q
1 0 0 0.456 321.17 609.162 cm
/Im3 Do
Q
q
1 0 0 0.456 322.13 609.162 cm
/Im3 Do
Q
q
1 0 0 0.456 323.09 609.162 cm
/Im3 Do
Q
q
1 0 0 0.456 324.05 609.162 cm
/Im3 Do
Q
q
1 0 0 0.456 325.01 609.162 cm
/Im3 Do
Q
q
1 0 0 0.456 325.97 609.162 cm
/Im3 Do
Q
q
1 0 0 0.456 326.93 609.162 cm
/Im3 Do
Q
q
1 0 0 0.456 327.89 609.162 cm
/Im3 Do
Q
q
1 0 0 0.456 328.85 609.162 cm
/Im3 Do
Q
q
1 0 0 0.456 329.81 609.162 cm
/Im3 Do
Q
q
1 0 0 0.456 330.77 609.162 cm
/Im3 Do
Q
q
1 0 0 0.456 331.73 609.162 cm
/Im3 Do
Q
q
1 0 0 0.456 332.69 609.162 cm
/Im3 Do
Q
q
1 0 0 0.456 333.65 609.162 cm
/Im3 Do
Q
q
1 0 0 0.456 334.61 609.162 cm
/Im3 Do
Q
q
1 0 0 0.456 335.57 609.162 cm
/Im3 Do
Q
q
1 0 0 0.456 336.53 609.162 cm
/Im3 Do
Q
q
1 0 0 0.456 337.49 609.162 cm
/Im3 Do
Q
q
1 0 0 0.456 338.45 609.162 cm
/Im3 Do
Q
q
1 0 0 0.456 339.41 609.162 cm
/Im3 Do
Q
q
1 0 0 0.456 340.37 609.162 cm

/Im3 Do
Q
q
1 0 0 0.456 341.33 609.162 cm
/Im3 Do
Q
q
1 0 0 0.456 342.29 609.162 cm
/Im3 Do
Q
q
1 0 0 0.456 343.25 609.162 cm
/Im3 Do
Q
q
1 0 0 0.456 344.21 609.162 cm
/Im3 Do
Q
q
1 0 0 0.456 345.17 609.162 cm
/Im3 Do
Q
q
1 0 0 0.456 346.13 609.162 cm
/Im3 Do
Q
q
1 0 0 0.456 347.09 609.162 cm
/Im3 Do
Q
q
1 0 0 0.456 348.05 609.162 cm
/Im3 Do
Q
q
1 0 0 0.456 349.01 609.162 cm
/Im3 Do
Q
q
1 0 0 0.456 349.97 609.162 cm
/Im3 Do
Q
q
1 0 0 0.456 350.93 609.162 cm
/Im3 Do
Q
q
1 0 0 0.456 351.89 609.162 cm
/Im3 Do
Q
q
1 0 0 0.456 352.85 609.162 cm
/Im3 Do
Q
q
1 0 0 0.456 353.81 609.162 cm
/Im3 Do
Q
q
1 0 0 0.456 354.77 609.162 cm
/Im3 Do
Q
q
1 0 0 0.456 355.73 609.162 cm
/Im3 Do
Q
q
1 0 0 0.456 356.69 609.162 cm
/Im3 Do
Q
q
1 0 0 0.456 357.65 609.162 cm
/Im3 Do
Q
q
1 0 0 0.456 358.61 609.162 cm
/Im3 Do
Q
q
1 0 0 0.456 359.57 609.162 cm
/Im3 Do
Q
q
1 0 0 0.456 360.53 609.162 cm
/Im3 Do
Q
q
1 0 0 0.456 361.49 609.162 cm
/Im3 Do
Q
q
1 0 0 0.456 362.45 609.162 cm
/Im3 Do
Q
q
1 0 0 0.456 363.41 609.162 cm
/Im3 Do
Q
q
1 0 0 0.456 364.37 609.162 cm
/Im3 Do
Q
q
1 0 0 0.456 365.33 609.162 cm
/Im3 Do
Q
q
1 0 0 0.456 366.29 609.162 cm
/Im3 Do
Q
q
1 0 0 0.456 367.25 609.162 cm
/Im3 Do
Q
q
1 0 0 0.456 368.21 609.162 cm
/Im3 Do
Q
q
1 0 0 0.456 369.17 609.162 cm
/Im3 Do
Q
q
1 0 0 0.456 370.13 609.162 cm
/Im3 Do
Q
q
1 0 0 0.456 371.09 609.162 cm
/Im3 Do
Q
q
1 0 0 0.456 372.05 609.162 cm
/Im3 Do
Q
q
1 0 0 0.456 373.01 609.162 cm
/Im3 Do
Q
q
1 0 0 0.456 373.97 609.162 cm
/Im3 Do
Q
q
1 0 0 0.456 374.93 609.162 cm
/Im3 Do
Q
q
1 0 0 0.456 375.89 609.162 cm
/Im3 Do
Q
q
1 0 0 0.456 376.85 609.162 cm
/Im3 Do
Q
q
1 0 0 0.456 377.81 609.162 cm
/Im3 Do
Q
q
1 0 0 0.456 378.77 609.162 cm
/Im3 Do
Q
q
1 0 0 0.456 379.73 609.162 cm
/Im3 Do
Q
q
1 0 0 0.456 380.69 609.162 cm
/Im3 Do
Q
q
1 0 0 0.456 381.65 609.162 cm
/Im3 Do
Q
q
1 0 0 0.456 382.61 609.162 cm
/Im3 Do
Q
q
1 0 0 0.456 383.57 609.162 cm
/Im3 Do
Q
q
1 0 0 0.456 384.53 609.162 cm
/Im3 Do
Q
q
1 0 0 0.456 385.49 609.162 cm
/Im3 Do
Q
q
1 0 0 0.456 386.45 609.162 cm
/Im3 Do
Q
q
1 0 0 0.456 387.41 609.162 cm
/Im3 Do
Q
q
1 0 0 0.456 388.37 609.162 cm
/Im3 Do
Q
q
1 0 0 0.456 389.33 609.162 cm
/Im3 Do
Q
q
1 0 0 0.456 390.29 609.162 cm
/Im3 Do
Q
q
1 0 0 0.456 391.25 609.162 cm
/Im3 Do
Q
q
1 0 0 0.456 392.21 609.162 cm
/Im3 Do
Q
q
1 0 0 0.456 393.17 609.162 cm
/Im3 Do
Q
q
1 0 0 0.456 394.13 609.162 cm
/Im3 Do
Q
q
1 0 0 0.456 395.09 609.162 cm
/Im3 Do
Q
q
1 0 0 0.456 396.05 609.162 cm
/Im3 Do
Q
q
1 0 0 0.456 397.01 609.162 cm
/Im3 Do
Q
q
1 0 0 0.456 397.97 609.162 cm
/Im3 Do
Q
q
1 0 0 0.456 398.93 609.162 cm
/Im3 Do
Q
q
1 0 0 0.456 399.89 609.162 cm
/Im3 Do
Q
q
1 0 0 0.456 400.85 609.162 cm
/Im3 Do
Q
q
1 0 0 0.456 401.81 609.162 cm
/Im3 Do
Q
q
1 0 0 0.456 402.77 609.162 cm
/Im3 Do
Q
q
1 0 0 0.456 403.73 609.162 cm
/Im3 Do
Q
q
1 0 0 0.456 404.69 609.162 cm
/Im3 Do
Q
q
1 0 0 0.456 405.65 609.162 cm
/Im3 Do
Q
q
1 0 0 0.456 406.61 609.162 cm
/Im3 Do
Q
q
1 0 0 0.456 407.57 609.162 cm
/Im3 Do
Q
q
1 0 0 0.456 408.53 609.162 cm
/Im3 Do
Q
q
1 0 0 0.456 409.49 609.162 cm
/Im3 Do
Q
q
1 0 0 0.456 410.45 609.162 cm
/Im3 Do
Q
q
1 0 0 0.456 411.41 609.162 cm
/Im3 Do
Q
q
1 0 0 0.456 412.37 609.162 cm
/Im3 Do
Q
q
1 0 0 0.456 413.33 609.162 cm
/Im3 Do
Q
q
1 0 0 0.456 414.29 609.162 cm
/Im3 Do
Q
q
1 0 0 0.456 415.25 609.162 cm
/Im3 Do
Q
q
1 0 0 0.456 416.21 609.162 cm
/Im3 Do
Q
q
1 0 0 0.456 417.17 609.162 cm
/Im3 Do
Q
q
1 0 0 0.456 418.13 609.162 cm
/Im3 Do
Q
q
1 0 0 0.456 419.09 609.162 cm
/Im3 Do
Q
q
1 0 0 0.456 420.05 609.162 cm
/Im3 Do
Q
q
1 0 0 0.456 421.01 609.162 cm
/Im3 Do
Q
q
1 0 0 0.456 421.97 609.162 cm
/Im3 Do
Q
q
1 0 0 0.456 422.93 609.162 cm
/Im3 Do
Q
q
1 0 0 0.456 423.89 609.162 cm
/Im3 Do
Q
q
1 0 0 0.456 424.85 609.162 cm
/Im3 Do
Q
q
1 0 0 0.456 425.81 609.162 cm
/Im3 Do
Q
q
1 0 0 0.456 426.77 609.162 cm
/Im3 Do
Q
q
1 0 0 0.456 427.73 609.162 cm
/Im3 Do
Q
q
1 0 0 0.456 428.69 609.162 cm
/Im3 Do
Q
q
1 0 0 0.456 429.65 609.162 cm
/Im3 Do
Q
q
1 0 0 0.456 430.61 609.162 cm
/Im3 Do
Q
q
1 0 0 0.456 431.57 609.162 cm
/Im3 Do
Q
q
1 0 0 0.456 432.53 609.162 cm
/Im3 Do
Q
q
1 0 0 0.456 433.49 609.162 cm
/Im3 Do
Q
q
1 0 0 0.456 434.45 609.162 cm
/Im3 Do
Q
q
1 0 0 0.456 435.41 609.162 cm
/Im3 Do
Q
q
1 0 0 0.456 436.37 609.162 cm
/Im3 Do
Q
q
1 0 0 0.456 437.33 609.162 cm
/Im3 Do
Q
q
1 0 0 0.456 438.29 609.162 cm
/Im3 Do
Q
q
1 0 0 0.456 439.25 609.162 cm
/Im3 Do
Q
q
1 0 0 0.456 440.21 609.162 cm
/Im3 Do
Q
q
1 0 0 0.456 441.17 609.162 cm
/Im3 Do
Q
q
1 0 0 0.456 442.13 609.162 cm
/Im3 Do
Q
q
1 0 0 0.456 443.09 609.162 cm
/Im3 Do
Q
q
1 0 0 0.456 444.05 609.162 cm
/Im3 Do
Q
q
1 0 0 0.456 445.01 609.162 cm
/Im3 Do
Q
q
1 0 0 0.456 445.97 609.162 cm
/Im3 Do
Q
q
1 0 0 0.456 446.93 609.162 cm
/Im3 Do
Q
q
1 0 0 0.456 447.89 609.162 cm
/Im3 Do
Q
q
1 0 0 0.456 448.85 609.162 cm
/Im3 Do
Q
q
1 0 0 0.456 449.81 609.162 cm
/Im3 Do
Q
q
1 0 0 0.456 450.77 609.162 cm
/Im3 Do
Q
q
1 0 0 0.456 451.73 609.162 cm
/Im3 Do
Q
q
1 0 0 0.456 452.69 609.162 cm
/Im3 Do
Q
q
1 0 0 0.456 453.65 609.162 cm
/Im3 Do
Q
q
1 0 0 0.456 454.61 609.162 cm
/Im3 Do
Q
q
1 0 0 0.456 455.57 609.162 cm
/Im3 Do
Q
q
1 0 0 0.456 456.53 609.162 cm
/Im3 Do
Q
q
1 0 0 0.456 457.49 609.162 cm
/Im3 Do
Q
q
1 0 0 0.456 458.45 609.162 cm
/Im5 Do
Q
q
1 0 0 0.456 458.93 609.162 cm
/Im3 Do
Q
q
1 0 0 0.456 459.89 609.162 cm
/Im3 Do
Q
q
1 0 0 0.456 460.85 609.162 cm
/Im3 Do
Q
q
1 0 0 0.456 461.81 609.162 cm
/Im3 Do
Q
q
1 0 0 0.456 462.77 609.162 cm
/Im3 Do
Q
q
1 0 0 0.456 463.73 609.162 cm
/Im3 Do
Q
q
1 0 0 0.456 464.69 609.162 cm
/Im3 Do
Q
q
1 0 0 0.456 465.65 609.162 cm
/Im3 Do
Q
q
1 0 0 0.456 466.61 609.162 cm
/Im3 Do
Q
q
1 0 0 0.456 467.57 609.162 cm
/Im3 Do
Q
q
1 0 0 0.456 468.53 609.162 cm
/Im3 Do
Q
q
1 0 0 0.456 469.49 609.162 cm
/Im3 Do
Q
q
1 0 0 0.456 470.45 609.162 cm
/Im3 Do
Q
q
1 0 0 0.456 471.41 609.162 cm
/Im3 Do
Q
q
1 0 0 0.456 472.37 609.162 cm
/Im3 Do
Q
q
1 0 0 0.456 473.33 609.162 cm
/Im3 Do
Q
q
1 0 0 0.456 474.29 609.162 cm
/Im3 Do
Q
q
1 0 0 0.456 475.25 609.162 cm
/Im3 Do
Q
q
1 0 0 0.456 476.21 609.162 cm
/Im3 Do
Q
q
1 0 0 0.456 477.17 609.162 cm
/Im3 Do
Q
q
1 0 0 0.456 478.13 609.162 cm
/Im3 Do
Q
q
1 0 0 0.456 479.09 609.162 cm
/Im3 Do
Q
q
1 0 0 0.456 480.05 609.162 cm
/Im3 Do
Q
q
1 0 0 0.456 481.01 609.162 cm
/Im3 Do
Q
q
1 0 0 0.456 481.97 609.162 cm
/Im3 Do
Q
q
1 0 0 0.456 482.93 609.162 cm
/Im3 Do
Q
q
1 0 0 0.456 483.89 609.162 cm
/Im3 Do
Q
q
1 0 0 0.456 484.85 609.162 cm
/Im3 Do
Q
q
1 0 0 0.456 485.81 609.162 cm
/Im3 Do
Q
q
1 0 0 0.456 486.77 609.162 cm
/Im3 Do
Q
q
1 0 0 0.456 487.73 609.162 cm
/Im3 Do
Q
q
1 0 0 0.456 488.69 609.162 cm
/Im3 Do
Q
q
1 0 0 0.456 489.65 609.162 cm
/Im3 Do
Q
q
1 0 0 0.456 490.61 609.162 cm
/Im3 Do
Q
q
1 0 0 0.456 491.57 609.162 cm
/Im3 Do
Q
q
1 0 0 0.456 492.53 609.162 cm
/Im3 Do
Q
q
1 0 0 0.456 493.49 609.162 cm
/Im3 Do
Q
q
1 0 0 0.456 494.45 609.162 cm
/Im3 Do
Q
q
1 0 0 0.456 495.41 609.162 cm
/Im3 Do
Q
q
1 0 0 0.456 496.37 609.162 cm
/Im3 Do
Q
q
1 0 0 0.456 497.33 609.162 cm
/Im3 Do
Q
q
1 0 0 0.456 498.29 609.162 cm
/Im3 Do
Q
q
1 0 0 0.456 499.25 609.162 cm
/Im3 Do
Q
q
1 0 0 0.456 500.21 609.162 cm
/Im3 Do
Q
q
1 0 0 0.456 501.17 609.162 cm
/Im4 Do
Q
q
1 0 0 0.456 501.65 609.162 cm
/Im3 Do
Q
q
1 0 0 0.456 502.61 609.162 cm
/Im3 Do
Q
q
1 0 0 0.456 503.57 609.162 cm
/Im3 Do
Q
q
1 0 0 0.456 504.53 609.162 cm
/Im3 Do
Q
q
1 0 0 0.456 505.49 609.162 cm
/Im3 Do
Q
q
1 0 0 0.456 506.45 609.162 cm
/Im3 Do
Q
q
1 0 0 0.456 507.41 609.162 cm
/Im3 Do
Q
q
1 0 0 0.456 508.3699 609.162 cm
/Im3 Do
Q
q
1 0 0 0.456 509.33 609.162 cm
/Im3 Do
Q
q
1 0 0 0.456 510.29 609.162 cm
/Im3 Do
Q
q
1 0 0 0.456 511.2499 609.162 cm
/Im3 Do
Q
q
1 0 0 0.456 512.21 609.162 cm
/Im3 Do
Q
q
1 0 0 0.456 513.1699 609.162 cm
/Im3 Do
Q
q
1 0 0 0.456 514.1299 609.162 cm
/Im3 Do
Q
q
1 0 0 0.456 515.09 609.162 cm
/Im3 Do
Q
q
1 0 0 0.456 516.0499 609.162 cm
/Im3 Do
Q
q
1 0 0 0.456 517.01 609.162 cm
/Im3 Do
Q
q
1 0 0 0.456 517.97 609.162 cm
/Im3 Do
Q
q
1 0 0 0.456 518.9299 609.162 cm
/Im3 Do
Q
q
1 0 0 0.456 519.89 609.162 cm
/Im3 Do
Q
q
1 0 0 0.456 520.85 609.162 cm
/Im3 Do
Q
q
1 0 0 0.456 521.8099 609.162 cm
/Im3 Do
Q
q
1 0 0 0.456 522.77 609.162 cm
/Im3 Do
Q
q
1 0 0 0.456 523.73 609.162 cm
/Im3 Do
Q
q
1 0 0 0.456 524.6899 609.162 cm
/Im3 Do
Q
q
1 0 0 0.456 525.65 609.162 cm
/Im3 Do
Q
q
1 0 0 0.456 526.61 609.162 cm
/Im3 Do
Q
q
1 0 0 0.456 527.57 609.162 cm
/Im3 Do
Q
q
1 0 0 0.456 528.53 609.162 cm
/Im3 Do
Q
q
1 0 0 0.456 529.4901 609.162 cm
/Im3 Do
Q
q
1 0 0 0.456 530.45 609.162 cm
/Im3 Do
Q
q
1 0 0 0.456 531.41 609.162 cm
/Im3 Do
Q
q
1 0 0 0.456 532.3699 609.162 cm
/Im3 Do
Q
q
1 0 0 0.456 533.33 609.162 cm
/Im3 Do
Q
q
1 0 0 0.456 534.29 609.162 cm
/Im3 Do
Q
q
1 0 0 0.456 535.2499 609.162 cm
/Im3 Do
Q
q
1 0 0 0.456 536.21 609.162 cm
/Im3 Do
Q
q
1 0 0 0.456 537.1699 609.162 cm
/Im3 Do
Q
q
1 0 0 0.456 538.1299 609.162 cm
/Im3 Do
Q
q
1 0 0 0.456 539.09 609.162 cm
/Im3 Do
Q
q
1 0 0 0.456 540.0499 609.162 cm
/Im3 Do
Q
q
1 0 0 0.456 541.01 609.162 cm
/Im3 Do
Q
q
1 0 0 0.456 541.97 609.162 cm
/Im3 Do
Q
q
1 0 0 0.456 542.93 609.162 cm
/Im3 Do
Q
q
1 0 0 0.456 543.89 609.162 cm
/Im3 Do
Q
q
1 0 0 0.456 544.85 609.162 cm
/Im3 Do
Q
q
1 0 0 0.456 545.8099 609.162 cm
/Im3 Do
Q
q
1 0 0 0.456 546.77 609.162 cm
/Im3 Do
Q
q
1 0 0 0.456 547.73 609.162 cm
/Im3 Do
Q
q
1 0 0 0.456 548.6899 609.162 cm
/Im3 Do
Q
q
1 0 0 0.456 549.65 609.162 cm
/Im3 Do
Q
q
0.24 0 0 0.456 550.61 609.162 cm
/Im7 Do
Q
BT
10.08 0 0 9.576 55.01 568.5779 Tm
-0.0084 Tc
0.016 Tw
[(Doc)-8.3(um)-32.4(ent)-16(s)15.5( par)-8.6(t)7.8(i)-24.4(e I)7.8(I)]TJ
1 g
8.7381 0 TD
0.0077 Tc
0 Tw
(.............................................)Tj
0 g
12.9048 0 TD
-0.0003 Tc
(A )Tj
ET
q
1.026 0 0 0.9747 0 0 cm
0 G
1 J 0 j 0.702 w 10 M []0 d
276.312 582.647 8.889 8.889 re
S
Q
BT
10.08 0 0 9.576 294.05 568.5779 Tm
0.0077 Tc
[(    )23.8(B)8( )]TJ
ET
q
1.026 0 0 0.9747 0 0 cm
0 G
1 J 0 j 0.702 w 10 M []0 d
307.658 582.647 8.889 8.889 re
S
Q
BT
10.08 0 0 9.576 326.21 568.5779 Tm
[(   )23.8( C)15.4( )]TJ
ET
q
1.026 0 0 0.9747 0 0 cm
0 G
1 J 0 j 0.702 w 10 M []0 d
339.471 582.647 8.889 8.889 re
S
Q
BT
10.08 0 0 9.576 358.85 568.5779 Tm
[(   )23.8( D)15.4( )]TJ
ET
q
1.026 0 0 0.9747 0 0 cm
0 G
1 J 0 j 0.702 w 10 M []0 d
371.285 582.647 8.889 8.889 re
S
Q
BT
10.08 0 0 9.576 391.49 568.5779 Tm
[(   )23.8( E)8( )]TJ
ET
q
1.026 0 0 0.9747 0 0 cm
0 G
1 J 0 j 0.702 w 10 M []0 d
402.63 582.647 8.889 8.889 re
S
Q
BT
10.08 0 0 9.576 423.65 568.5779 Tm
0 Tc
( )Tj
-36.5714 -1.5476 TD
-0.0083 Tc
0.016 Tw
[(RÈc)-8.3(api)-24.4(t)-16(u)0.1(l)-24.4(a)23.9(t)-16(i)-24.4(on des)15.5( )23.8(m)-32.4(odif)-16(ic)-8.3(at)7.8(i)-24.4(ons)15.5( )]TJ
40.4286 1.5476 TD
0 Tw
[(oui)-24.5( )]TJ
ET
q
1.026 0 0 0.9747 0 0 cm
0 G
1 J 0 j 0.702 w 10 M []0 d
467.427 582.647 8.889 8.889 re
S
Q
BT
10.08 0 0 9.576 490.13 568.5779 Tm
0 Tc
( )Tj
-2.7381 -1.5476 TD
-0.0084 Tc
[(oui)-24.5( )]TJ
ET
q
1.026 0 0 0.9747 0 0 cm
0 G
1 J 0 j 0.702 w 10 M []0 d
467.427 567.442 8.889 8.889 re
S
Q
BT
10.08 0 0 9.576 490.13 553.758 Tm
0 Tc
( )Tj
2.6429 1.5476 TD
-0.0084 Tc
(non )Tj
ET
q
1.026 0 0 0.9747 0 0 cm
0 G
1 J 0 j 0.702 w 10 M []0 d
523.569 582.647 8.889 8.889 re
S
Q
Q
BT
10.08 0 0 9.576 547.73 568.5779 Tm
( )Tj
ET
q
1 i 
-1.63 25.14 595 799.9 re
W n
-1.63 25.14 595 799.9 re
W n
32.37 798.59 531.5 -762.35 re
0 841 m
W* n
-9 851 613 -860 re
0 841 m
W n
0.03 841.02 595.02 -841.02 re
W n
BT
10.08 0 0 9.576 516.77 553.758 Tm
-0.0084 Tc
(non )Tj
ET
q
1.026 0 0 0.9747 0 0 cm
0 G
1 J 0 j 0.702 w 10 M []0 d
523.569 567.442 8.889 8.889 re
S
Q
Q
BT
10.08 0 0 9.576 547.73 553.758 Tm
( )Tj
ET
q
1 i 
-1.63 25.14 595 799.9 re
W n
-1.63 25.14 595 799.9 re
W n
32.37 798.59 531.5 -762.35 re
0 841 m
W* n
-9 851 613 -860 re
0 841 m
W n
0.03 841.02 595.02 -841.02 re
W n
q
1 0 0 0.456 51.41 579.2939 cm
/Im3 Do
Q
q
1 0 0 0.456 52.37 579.2939 cm
/Im3 Do
Q
q
1 0 0 0.456 53.33 579.2939 cm
/Im3 Do
Q
q
1 0 0 0.456 54.29 579.2939 cm
/Im3 Do
Q
q
1 0 0 0.456 55.25 579.2939 cm
/Im3 Do
Q
q
1 0 0 0.456 56.21 579.2939 cm
/Im3 Do
Q
q
1 0 0 0.456 57.17 579.2939 cm
/Im3 Do
Q
q
1 0 0 0.456 58.13 579.2939 cm
/Im3 Do
Q
q
1 0 0 0.456 59.09 579.2939 cm
/Im3 Do
Q
q
1 0 0 0.456 60.05 579.2939 cm
/Im3 Do
Q
q
1 0 0 0.456 61.01 579.2939 cm
/Im3 Do
Q
q
1 0 0 0.456 61.97 579.2939 cm
/Im3 Do
Q
q
1 0 0 0.456 62.93 579.2939 cm
/Im3 Do
Q
q
1 0 0 0.456 63.89 579.2939 cm
/Im3 Do
Q
q
1 0 0 0.456 64.85 579.2939 cm
/Im3 Do
Q
q
1 0 0 0.456 65.81 579.2939 cm
/Im3 Do
Q
q
1 0 0 0.456 66.77 579.2939 cm
/Im3 Do
Q
q
1 0 0 0.456 67.73 579.2939 cm
/Im3 Do
Q
q
1 0 0 0.456 68.69 579.2939 cm
/Im3 Do
Q
q
1 0 0 0.456 69.65 579.2939 cm
/Im3 Do
Q
q
1 0 0 0.456 70.61 579.2939 cm
/Im3 Do
Q
q
1 0 0 0.456 71.57 579.2939 cm
/Im3 Do
Q
q
1 0 0 0.456 72.53 579.2939 cm
/Im3 Do
Q
q
1 0 0 0.456 73.49 579.2939 cm
/Im3 Do
Q
q
1 0 0 0.456 74.45 579.2939 cm
/Im3 Do
Q
q
1 0 0 0.456 75.41 579.2939 cm
/Im3 Do
Q
q
1 0 0 0.456 76.37 579.2939 cm
/Im3 Do
Q
q
1 0 0 0.456 77.33 579.2939 cm
/Im3 Do
Q
q
1 0 0 0.456 78.29 579.2939 cm
/Im3 Do
Q
q
1 0 0 0.456 79.25 579.2939 cm
/Im3 Do
Q
q
1 0 0 0.456 80.21 579.2939 cm
/Im3 Do
Q
q
1 0 0 0.456 81.17 579.2939 cm
/Im3 Do
Q
q
1 0 0 0.456 82.13 579.2939 cm
/Im3 Do
Q
q
1 0 0 0.456 83.09 579.2939 cm
/Im3 Do
Q
q
1 0 0 0.456 84.05 579.2939 cm
/Im3 Do
Q
q
1 0 0 0.456 85.01 579.2939 cm
/Im3 Do
Q
q
1 0 0 0.456 85.97 579.2939 cm
/Im3 Do
Q
q
1 0 0 0.456 86.93 579.2939 cm
/Im3 Do
Q
q
1 0 0 0.456 87.89 579.2939 cm
/Im3 Do
Q
q
1 0 0 0.456 88.85 579.2939 cm
/Im3 Do
Q
q
1 0 0 0.456 89.81 579.2939 cm
/Im3 Do
Q
q
1 0 0 0.456 90.77 579.2939 cm
/Im3 Do
Q
q
1 0 0 0.456 91.73 579.2939 cm
/Im3 Do
Q
q
1 0 0 0.456 92.69 579.2939 cm
/Im3 Do
Q
q
1 0 0 0.456 93.65 579.2939 cm
/Im3 Do
Q
q
1 0 0 0.456 94.61 579.2939 cm
/Im3 Do
Q
q
1 0 0 0.456 95.57 579.2939 cm
/Im3 Do
Q
q
1 0 0 0.456 96.53 579.2939 cm
/Im3 Do
Q
q
1 0 0 0.456 97.49 579.2939 cm
/Im3 Do
Q
q
1 0 0 0.456 98.45 579.2939 cm
/Im3 Do
Q
q
1 0 0 0.456 99.41 579.2939 cm
/Im3 Do
Q
q
1 0 0 0.456 100.37 579.2939 cm
/Im3 Do
Q
q
1 0 0 0.456 101.33 579.2939 cm
/Im3 Do
Q
q
1 0 0 0.456 102.29 579.2939 cm
/Im3 Do
Q
q
1 0 0 0.456 103.25 579.2939 cm
/Im3 Do
Q
q
1 0 0 0.456 104.21 579.2939 cm
/Im3 Do
Q
q
1 0 0 0.456 105.17 579.2939 cm
/Im3 Do
Q
q
1 0 0 0.456 106.13 579.2939 cm
/Im3 Do
Q
q
1 0 0 0.456 107.09 579.2939 cm
/Im3 Do
Q
q
1 0 0 0.456 108.05 579.2939 cm
/Im3 Do
Q
q
1 0 0 0.456 109.01 579.2939 cm
/Im3 Do
Q
q
1 0 0 0.456 109.97 579.2939 cm
/Im3 Do
Q
q
1 0 0 0.456 110.93 579.2939 cm
/Im3 Do
Q
q
1 0 0 0.456 111.89 579.2939 cm
/Im3 Do
Q
q
1 0 0 0.456 112.85 579.2939 cm
/Im3 Do
Q
q
1 0 0 0.456 113.81 579.2939 cm
/Im3 Do
Q
q
1 0 0 0.456 114.77 579.2939 cm
/Im3 Do
Q
q
1 0 0 0.456 115.73 579.2939 cm
/Im3 Do
Q
q
1 0 0 0.456 116.69 579.2939 cm
/Im3 Do
Q
q
1 0 0 0.456 117.65 579.2939 cm
/Im3 Do
Q
q
1 0 0 0.456 118.61 579.2939 cm
/Im3 Do
Q
q
1 0 0 0.456 119.57 579.2939 cm
/Im3 Do
Q
q
1 0 0 0.456 120.53 579.2939 cm
/Im3 Do
Q
q
1 0 0 0.456 121.49 579.2939 cm
/Im3 Do
Q
q
1 0 0 0.456 122.45 579.2939 cm
/Im3 Do
Q
q
1 0 0 0.456 123.41 579.2939 cm
/Im3 Do
Q
q
1 0 0 0.456 124.37 579.2939 cm
/Im3 Do
Q
q
1 0 0 0.456 125.33 579.2939 cm
/Im3 Do
Q
q
1 0 0 0.456 126.29 579.2939 cm
/Im3 Do
Q
q
1 0 0 0.456 127.25 579.2939 cm
/Im3 Do
Q
q
1 0 0 0.456 128.21 579.2939 cm
/Im3 Do
Q
q
1 0 0 0.456 129.17 579.2939 cm
/Im3 Do
Q
q
1 0 0 0.456 130.13 579.2939 cm
/Im3 Do
Q
q
1 0 0 0.456 131.09 579.2939 cm
/Im3 Do
Q
q
1 0 0 0.456 132.05 579.2939 cm
/Im3 Do
Q
q
1 0 0 0.456 133.01 579.2939 cm
/Im3 Do
Q
q
1 0 0 0.456 133.97 579.2939 cm
/Im3 Do
Q
q
1 0 0 0.456 134.93 579.2939 cm
/Im3 Do
Q
q
1 0 0 0.456 135.89 579.2939 cm
/Im3 Do
Q
q
1 0 0 0.456 136.85 579.2939 cm
/Im3 Do
Q
q
1 0 0 0.456 137.81 579.2939 cm
/Im3 Do
Q
q
1 0 0 0.456 138.77 579.2939 cm
/Im3 Do
Q
q
1 0 0 0.456 139.73 579.2939 cm
/Im3 Do
Q
q
1 0 0 0.456 140.69 579.2939 cm
/Im3 Do
Q
q
1 0 0 0.456 141.65 579.2939 cm
/Im3 Do
Q
q
1 0 0 0.456 142.61 579.2939 cm
/Im3 Do
Q
q
1 0 0 0.456 143.57 579.2939 cm
/Im3 Do
Q
q
1 0 0 0.456 144.53 579.2939 cm
/Im3 Do
Q
q
1 0 0 0.456 145.49 579.2939 cm
/Im3 Do
Q
q
1 0 0 0.456 146.45 579.2939 cm
/Im3 Do
Q
q
1 0 0 0.456 147.41 579.2939 cm
/Im3 Do
Q
q
1 0 0 0.456 148.37 579.2939 cm
/Im3 Do
Q
q
1 0 0 0.456 149.33 579.2939 cm
/Im3 Do
Q
q
1 0 0 0.456 150.29 579.2939 cm
/Im3 Do
Q
q
1 0 0 0.456 151.25 579.2939 cm
/Im3 Do
Q
q
1 0 0 0.456 152.21 579.2939 cm
/Im3 Do
Q
q
1 0 0 0.456 153.17 579.2939 cm
/Im3 Do
Q
q
1 0 0 0.456 154.13 579.2939 cm
/Im3 Do
Q
q
1 0 0 0.456 155.09 579.2939 cm
/Im3 Do
Q
q
1 0 0 0.456 156.05 579.2939 cm
/Im3 Do
Q
q
1 0 0 0.456 157.01 579.2939 cm
/Im3 Do
Q
q
1 0 0 0.456 157.97 579.2939 cm
/Im3 Do
Q
q
1 0 0 0.456 158.93 579.2939 cm
/Im3 Do
Q
q
1 0 0 0.456 159.89 579.2939 cm
/Im3 Do
Q
q
1 0 0 0.456 160.85 579.2939 cm
/Im3 Do
Q
q
1 0 0 0.456 161.81 579.2939 cm
/Im3 Do
Q
q
1 0 0 0.456 162.77 579.2939 cm
/Im3 Do
Q
q
1 0 0 0.456 163.73 579.2939 cm
/Im3 Do
Q
q
1 0 0 0.456 164.69 579.2939 cm
/Im3 Do
Q
q
1 0 0 0.456 165.65 579.2939 cm
/Im3 Do
Q
q
1 0 0 0.456 166.61 579.2939 cm
/Im3 Do
Q
q
1 0 0 0.456 167.57 579.2939 cm
/Im3 Do
Q
q
1 0 0 0.456 168.53 579.2939 cm
/Im3 Do
Q
q
1 0 0 0.456 169.49 579.2939 cm
/Im3 Do
Q
q
1 0 0 0.456 170.45 579.2939 cm
/Im3 Do
Q
q
1 0 0 0.456 171.41 579.2939 cm
/Im3 Do
Q
q
1 0 0 0.456 172.37 579.2939 cm
/Im3 Do
Q
q
1 0 0 0.456 173.33 579.2939 cm
/Im3 Do
Q
q
1 0 0 0.456 174.29 579.2939 cm
/Im3 Do
Q
q
1 0 0 0.456 175.25 579.2939 cm
/Im3 Do
Q
q
1 0 0 0.456 176.21 579.2939 cm
/Im3 Do
Q
q
1 0 0 0.456 177.17 579.2939 cm
/Im3 Do
Q
q
1 0 0 0.456 178.13 579.2939 cm
/Im3 Do
Q
q
1 0 0 0.456 179.09 579.2939 cm
/Im3 Do
Q
q
1 0 0 0.456 180.05 579.2939 cm
/Im3 Do
Q
q
1 0 0 0.456 181.01 579.2939 cm
/Im3 Do
Q
q
1 0 0 0.456 181.97 579.2939 cm
/Im3 Do
Q
q
1 0 0 0.456 182.93 579.2939 cm
/Im3 Do
Q
q
1 0 0 0.456 183.89 579.2939 cm
/Im3 Do
Q
q
1 0 0 0.456 184.85 579.2939 cm
/Im3 Do
Q
q
1 0 0 0.456 185.81 579.2939 cm
/Im3 Do
Q
q
1 0 0 0.456 186.77 579.2939 cm
/Im3 Do
Q
q
1 0 0 0.456 187.73 579.2939 cm
/Im3 Do
Q
q
1 0 0 0.456 188.69 579.2939 cm
/Im3 Do
Q
q
1 0 0 0.456 189.65 579.2939 cm
/Im3 Do
Q
q
1 0 0 0.456 190.61 579.2939 cm
/Im3 Do
Q
q
1 0 0 0.456 191.57 579.2939 cm
/Im3 Do
Q
q
1 0 0 0.456 192.53 579.2939 cm
/Im3 Do
Q
q
1 0 0 0.456 193.49 579.2939 cm
/Im3 Do
Q
q
1 0 0 0.456 194.45 579.2939 cm
/Im3 Do
Q
q
1 0 0 0.456 195.41 579.2939 cm
/Im3 Do
Q
q
1 0 0 0.456 196.37 579.2939 cm
/Im3 Do
Q
q
1 0 0 0.456 197.33 579.2939 cm
/Im3 Do
Q
q
1 0 0 0.456 198.29 579.2939 cm
/Im3 Do
Q
q
1 0 0 0.456 199.25 579.2939 cm
/Im3 Do
Q
q
1 0 0 0.456 200.21 579.2939 cm
/Im3 Do
Q
q
1 0 0 0.456 201.17 579.2939 cm
/Im3 Do
Q
q
1 0 0 0.456 202.13 579.2939 cm
/Im3 Do
Q
q
1 0 0 0.456 203.09 579.2939 cm
/Im3 Do
Q
q
1 0 0 0.456 204.05 579.2939 cm
/Im3 Do
Q
q
1 0 0 0.456 205.01 579.2939 cm
/Im3 Do
Q
q
1 0 0 0.456 205.97 579.2939 cm
/Im3 Do
Q
q
1 0 0 0.456 206.93 579.2939 cm
/Im3 Do
Q
q
1 0 0 0.456 207.89 579.2939 cm
/Im3 Do
Q
q
1 0 0 0.456 208.85 579.2939 cm
/Im3 Do
Q
q
1 0 0 0.456 209.81 579.2939 cm
/Im3 Do
Q
q
1 0 0 0.456 210.77 579.2939 cm
/Im3 Do
Q
q
1 0 0 0.456 211.73 579.2939 cm
/Im3 Do
Q
q
1 0 0 0.456 212.69 579.2939 cm
/Im3 Do
Q
q
1 0 0 0.456 213.65 579.2939 cm
/Im3 Do
Q
q
1 0 0 0.456 214.61 579.2939 cm
/Im3 Do
Q
q
1 0 0 0.456 215.57 579.2939 cm
/Im3 Do
Q
q
1 0 0 0.456 216.53 579.2939 cm
/Im3 Do
Q
q
1 0 0 0.456 217.49 579.2939 cm
/Im3 Do
Q
q
1 0 0 0.456 218.45 579.2939 cm
/Im3 Do
Q
q
1 0 0 0.456 219.41 579.2939 cm
/Im3 Do
Q
q
1 0 0 0.456 220.37 579.2939 cm
/Im3 Do
Q
q
1 0 0 0.456 221.33 579.2939 cm
/Im3 Do
Q
q
1 0 0 0.456 222.29 579.2939 cm
/Im3 Do
Q
q
1 0 0 0.456 223.25 579.2939 cm
/Im3 Do
Q
q
1 0 0 0.456 224.21 579.2939 cm
/Im3 Do
Q
q
1 0 0 0.456 225.17 579.2939 cm
/Im3 Do
Q
q
1 0 0 0.456 226.13 579.2939 cm
/Im3 Do
Q
q
1 0 0 0.456 227.09 579.2939 cm
/Im3 Do
Q
q
1 0 0 0.456 228.05 579.2939 cm
/Im3 Do
Q
q
1 0 0 0.456 229.01 579.2939 cm
/Im3 Do
Q
q
1 0 0 0.456 229.97 579.2939 cm
/Im3 Do
Q
q
1 0 0 0.456 230.93 579.2939 cm
/Im3 Do
Q
q
1 0 0 0.456 231.89 579.2939 cm
/Im3 Do
Q
q
1 0 0 0.456 232.85 579.2939 cm
/Im3 Do
Q
q
1 0 0 0.456 233.81 579.2939 cm
/Im3 Do
Q
q
1 0 0 0.456 234.77 579.2939 cm
/Im3 Do
Q
q
1 0 0 0.456 235.73 579.2939 cm
/Im3 Do
Q
q
1 0 0 0.456 236.69 579.2939 cm
/Im3 Do
Q
q
1 0 0 0.456 237.65 579.2939 cm
/Im3 Do
Q
q
1 0 0 0.456 238.61 579.2939 cm
/Im3 Do
Q
q
1 0 0 0.456 239.57 579.2939 cm
/Im3 Do
Q
q
1 0 0 0.456 240.53 579.2939 cm
/Im3 Do
Q
q
1 0 0 0.456 241.49 579.2939 cm
/Im3 Do
Q
q
1 0 0 0.456 242.45 579.2939 cm
/Im3 Do
Q
q
1 0 0 0.456 243.41 579.2939 cm
/Im3 Do
Q
q
1 0 0 0.456 244.37 579.2939 cm
/Im3 Do
Q
q
1 0 0 0.456 245.33 579.2939 cm
/Im3 Do
Q
q
1 0 0 0.456 246.29 579.2939 cm
/Im3 Do
Q
q
1 0 0 0.456 247.25 579.2939 cm
/Im3 Do
Q
q
1 0 0 0.456 248.21 579.2939 cm
/Im3 Do
Q
q
1 0 0 0.456 249.17 579.2939 cm
/Im3 Do
Q
q
1 0 0 0.456 250.13 579.2939 cm
/Im3 Do
Q
q
1 0 0 0.456 251.09 579.2939 cm
/Im3 Do
Q
q
1 0 0 0.456 252.05 579.2939 cm
/Im3 Do
Q
q
1 0 0 0.456 253.01 579.2939 cm
/Im3 Do
Q
q
1 0 0 0.456 253.97 579.2939 cm
/Im3 Do
Q
q
1 0 0 0.456 254.93 579.2939 cm
/Im3 Do
Q
q
1 0 0 0.456 255.89 579.2939 cm
/Im3 Do
Q
q
1 0 0 0.456 256.85 579.2939 cm
/Im3 Do
Q
q
1 0 0 0.456 257.81 579.2939 cm
/Im3 Do
Q
q
1 0 0 0.456 258.77 579.2939 cm
/Im3 Do
Q
q
1 0 0 0.456 259.73 579.2939 cm
/Im3 Do
Q
q
1 0 0 0.456 260.69 579.2939 cm
/Im3 Do
Q
q
1 0 0 0.456 261.65 579.2939 cm
/Im3 Do
Q
q
1 0 0 0.456 262.61 579.2939 cm
/Im3 Do
Q
q
1 0 0 0.456 263.57 579.2939 cm
/Im3 Do
Q
q
1 0 0 0.456 264.53 579.2939 cm
/Im3 Do
Q
q
1 0 0 0.456 265.49 579.2939 cm
/Im3 Do
Q
q
1 0 0 0.456 266.45 579.2939 cm
/Im3 Do
Q
q
1 0 0 0.456 267.41 579.2939 cm
/Im3 Do
Q
q
1 0 0 0.456 268.37 579.2939 cm
/Im3 Do
Q
q
1 0 0 0.456 269.33 579.2939 cm
/Im3 Do
Q
q
1 0 0 0.456 270.29 579.2939 cm
/Im3 Do
Q
q
1 0 0 0.456 271.25 579.2939 cm
/Im3 Do
Q
q
1 0 0 0.456 272.21 579.2939 cm
/Im3 Do
Q
q
1 0 0 0.456 273.17 579.2939 cm
/Im3 Do
Q
q
1 0 0 0.456 274.13 579.2939 cm
/Im3 Do
Q
q
1 0 0 0.456 275.09 579.2939 cm
/Im3 Do
Q
q
1 0 0 0.456 276.05 579.2939 cm
/Im3 Do
Q
q
1 0 0 0.456 277.01 579.2939 cm
/Im3 Do
Q
q
1 0 0 0.456 277.97 579.2939 cm
/Im3 Do
Q
q
1 0 0 0.456 278.93 579.2939 cm
/Im3 Do
Q
q
1 0 0 0.456 279.89 579.2939 cm
/Im3 Do
Q
q
1 0 0 0.456 280.85 579.2939 cm
/Im3 Do
Q
q
1 0 0 0.456 281.81 579.2939 cm
/Im3 Do
Q
q
1 0 0 0.456 282.77 579.2939 cm
/Im3 Do
Q
q
1 0 0 0.456 283.73 579.2939 cm
/Im3 Do
Q
q
1 0 0 0.456 284.69 579.2939 cm
/Im3 Do
Q
q
1 0 0 0.456 285.65 579.2939 cm
/Im3 Do
Q
q
1 0 0 0.456 286.61 579.2939 cm
/Im3 Do
Q
q
1 0 0 0.456 287.57 579.2939 cm
/Im3 Do
Q
q
1 0 0 0.456 288.53 579.2939 cm
/Im3 Do
Q
q
1 0 0 0.456 289.49 579.2939 cm
/Im3 Do
Q
q
1 0 0 0.456 290.45 579.2939 cm
/Im3 Do
Q
q
1 0 0 0.456 291.41 579.2939 cm
/Im3 Do
Q
q
1 0 0 0.456 292.37 579.2939 cm
/Im3 Do
Q
q
1 0 0 0.456 293.33 579.2939 cm
/Im3 Do
Q
q
1 0 0 0.456 294.29 579.2939 cm
/Im3 Do
Q
q
1 0 0 0.456 295.25 579.2939 cm
/Im3 Do
Q
q
1 0 0 0.456 296.21 579.2939 cm
/Im3 Do
Q
q
1 0 0 0.456 297.17 579.2939 cm
/Im3 Do
Q
q
1 0 0 0.456 298.13 579.2939 cm
/Im3 Do
Q
q
1 0 0 0.456 299.09 579.2939 cm
/Im3 Do
Q
q
1 0 0 0.456 300.05 579.2939 cm
/Im3 Do
Q
q
1 0 0 0.456 301.01 579.2939 cm
/Im3 Do
Q
q
1 0 0 0.456 301.97 579.2939 cm
/Im3 Do
Q
q
1 0 0 0.456 302.93 579.2939 cm
/Im3 Do
Q
q
1 0 0 0.456 303.89 579.2939 cm
/Im3 Do
Q
q
1 0 0 0.456 304.85 579.2939 cm
/Im3 Do
Q
q
1 0 0 0.456 305.81 579.2939 cm
/Im3 Do
Q
q
1 0 0 0.456 306.77 579.2939 cm
/Im3 Do
Q
q
1 0 0 0.456 307.73 579.2939 cm
/Im3 Do
Q
q
1 0 0 0.456 308.69 579.2939 cm
/Im3 Do
Q
q
1 0 0 0.456 309.65 579.2939 cm
/Im3 Do
Q
q
1 0 0 0.456 310.61 579.2939 cm
/Im3 Do
Q
q
1 0 0 0.456 311.57 579.2939 cm
/Im3 Do
Q
q
1 0 0 0.456 312.53 579.2939 cm
/Im3 Do
Q
q
1 0 0 0.456 313.49 579.2939 cm
/Im3 Do
Q
q
1 0 0 0.456 314.45 579.2939 cm
/Im3 Do
Q
q
1 0 0 0.456 315.41 579.2939 cm
/Im3 Do
Q
q
1 0 0 0.456 316.37 579.2939 cm
/Im3 Do
Q
q
1 0 0 0.456 317.33 579.2939 cm
/Im3 Do
Q
q
1 0 0 0.456 318.29 579.2939 cm
/Im3 Do
Q
q
1 0 0 0.456 319.25 579.2939 cm
/Im3 Do
Q
q
1 0 0 0.456 320.21 579.2939 cm
/Im3 Do
Q
q
1 0 0 0.456 321.17 579.2939 cm
/Im3 Do
Q
q
1 0 0 0.456 322.13 579.2939 cm
/Im3 Do
Q
q
1 0 0 0.456 323.09 579.2939 cm
/Im3 Do
Q
q
1 0 0 0.456 324.05 579.2939 cm
/Im3 Do
Q
q
1 0 0 0.456 325.01 579.2939 cm
/Im3 Do
Q
q
1 0 0 0.456 325.97 579.2939 cm
/Im3 Do
Q
q
1 0 0 0.456 326.93 579.2939 cm
/Im3 Do
Q
q
1 0 0 0.456 327.89 579.2939 cm
/Im3 Do
Q
q
1 0 0 0.456 328.85 579.2939 cm
/Im3 Do
Q
q
1 0 0 0.456 329.81 579.2939 cm
/Im3 Do
Q
q
1 0 0 0.456 330.77 579.2939 cm
/Im3 Do
Q
q
1 0 0 0.456 331.73 579.2939 cm
/Im3 Do
Q
q
1 0 0 0.456 332.69 579.2939 cm
/Im3 Do
Q
q
1 0 0 0.456 333.65 579.2939 cm
/Im3 Do
Q
q
1 0 0 0.456 334.61 579.2939 cm
/Im3 Do
Q
q
1 0 0 0.456 335.57 579.2939 cm
/Im3 Do
Q
q
1 0 0 0.456 336.53 579.2939 cm
/Im3 Do
Q
q
1 0 0 0.456 337.49 579.2939 cm
/Im3 Do
Q
q
1 0 0 0.456 338.45 579.2939 cm
/Im3 Do
Q
q
1 0 0 0.456 339.41 579.2939 cm
/Im3 Do
Q
q
1 0 0 0.456 340.37 579.2939 cm
/Im3 Do
Q
q
1 0 0 0.456 341.33 579.2939 cm
/Im3 Do
Q
q
1 0 0 0.456 342.29 579.2939 cm
/Im3 Do
Q
q
1 0 0 0.456 343.25 579.2939 cm
/Im3 Do
Q
q
1 0 0 0.456 344.21 579.2939 cm
/Im3 Do
Q
q
1 0 0 0.456 345.17 579.2939 cm
/Im3 Do
Q
q
1 0 0 0.456 346.13 579.2939 cm
/Im3 Do
Q
q
1 0 0 0.456 347.09 579.2939 cm
/Im3 Do
Q
q
1 0 0 0.456 348.05 579.2939 cm
/Im3 Do
Q
q
1 0 0 0.456 349.01 579.2939 cm
/Im3 Do
Q
q
1 0 0 0.456 349.97 579.2939 cm
/Im3 Do
Q
q
1 0 0 0.456 350.93 579.2939 cm
/Im3 Do
Q
q
1 0 0 0.456 351.89 579.2939 cm
/Im3 Do
Q
q
1 0 0 0.456 352.85 579.2939 cm
/Im3 Do
Q
q
1 0 0 0.456 353.81 579.2939 cm
/Im3 Do
Q
q
1 0 0 0.456 354.77 579.2939 cm
/Im3 Do
Q
q
1 0 0 0.456 355.73 579.2939 cm
/Im3 Do
Q
q
1 0 0 0.456 356.69 579.2939 cm
/Im3 Do
Q
q
1 0 0 0.456 357.65 579.2939 cm
/Im3 Do
Q
q
1 0 0 0.456 358.61 579.2939 cm
/Im3 Do
Q
q
1 0 0 0.456 359.57 579.2939 cm
/Im3 Do
Q
q
1 0 0 0.456 360.53 579.2939 cm
/Im3 Do
Q
q
1 0 0 0.456 361.49 579.2939 cm
/Im3 Do
Q
q
1 0 0 0.456 362.45 579.2939 cm
/Im3 Do
Q
q
1 0 0 0.456 363.41 579.2939 cm
/Im3 Do
Q
q
1 0 0 0.456 364.37 579.2939 cm
/Im3 Do
Q
q
1 0 0 0.456 365.33 579.2939 cm
/Im3 Do
Q
q
1 0 0 0.456 366.29 579.2939 cm
/Im3 Do
Q
q
1 0 0 0.456 367.25 579.2939 cm
/Im3 Do
Q
q
1 0 0 0.456 368.21 579.2939 cm
/Im3 Do
Q
q
1 0 0 0.456 369.17 579.2939 cm
/Im3 Do
Q
q
1 0 0 0.456 370.13 579.2939 cm
/Im3 Do
Q
q
1 0 0 0.456 371.09 579.2939 cm
/Im3 Do
Q
q
1 0 0 0.456 372.05 579.2939 cm
/Im3 Do
Q
q
1 0 0 0.456 373.01 579.2939 cm
/Im3 Do
Q
q
1 0 0 0.456 373.97 579.2939 cm
/Im3 Do
Q
q
1 0 0 0.456 374.93 579.2939 cm
/Im3 Do
Q
q
1 0 0 0.456 375.89 579.2939 cm
/Im3 Do
Q
q
1 0 0 0.456 376.85 579.2939 cm
/Im3 Do
Q
q
1 0 0 0.456 377.81 579.2939 cm
/Im3 Do
Q
q
1 0 0 0.456 378.77 579.2939 cm
/Im3 Do
Q
q
1 0 0 0.456 379.73 579.2939 cm
/Im3 Do
Q
q
1 0 0 0.456 380.69 579.2939 cm
/Im3 Do
Q
q
1 0 0 0.456 381.65 579.2939 cm
/Im3 Do
Q
q
1 0 0 0.456 382.61 579.2939 cm
/Im3 Do
Q
q
1 0 0 0.456 383.57 579.2939 cm
/Im3 Do
Q
q
1 0 0 0.456 384.53 579.2939 cm
/Im3 Do
Q
q
1 0 0 0.456 385.49 579.2939 cm
/Im3 Do
Q
q
1 0 0 0.456 386.45 579.2939 cm
/Im3 Do
Q
q
1 0 0 0.456 387.41 579.2939 cm
/Im3 Do
Q
q
1 0 0 0.456 388.37 579.2939 cm
/Im3 Do
Q
q
1 0 0 0.456 389.33 579.2939 cm
/Im3 Do
Q
q
1 0 0 0.456 390.29 579.2939 cm
/Im3 Do
Q
q
1 0 0 0.456 391.25 579.2939 cm
/Im3 Do
Q
q
1 0 0 0.456 392.21 579.2939 cm
/Im3 Do
Q
q
1 0 0 0.456 393.17 579.2939 cm
/Im3 Do
Q
q
1 0 0 0.456 394.13 579.2939 cm
/Im3 Do
Q
q
1 0 0 0.456 395.09 579.2939 cm
/Im3 Do
Q
q
1 0 0 0.456 396.05 579.2939 cm
/Im3 Do
Q
q
1 0 0 0.456 397.01 579.2939 cm
/Im3 Do
Q
q
1 0 0 0.456 397.97 579.2939 cm
/Im3 Do
Q
q
1 0 0 0.456 398.93 579.2939 cm
/Im3 Do
Q
q
1 0 0 0.456 399.89 579.2939 cm
/Im3 Do
Q
q
1 0 0 0.456 400.85 579.2939 cm
/Im3 Do
Q
q
1 0 0 0.456 401.81 579.2939 cm
/Im3 Do
Q
q
1 0 0 0.456 402.77 579.2939 cm
/Im3 Do
Q
q
1 0 0 0.456 403.73 579.2939 cm
/Im3 Do
Q
q
1 0 0 0.456 404.69 579.2939 cm
/Im3 Do
Q
q
1 0 0 0.456 405.65 579.2939 cm
/Im3 Do
Q
q
1 0 0 0.456 406.61 579.2939 cm
/Im3 Do
Q
q
1 0 0 0.456 407.57 579.2939 cm
/Im3 Do
Q
q
1 0 0 0.456 408.53 579.2939 cm
/Im3 Do
Q
q
1 0 0 0.456 409.49 579.2939 cm
/Im3 Do
Q
q
1 0 0 0.456 410.45 579.2939 cm
/Im3 Do
Q
q
1 0 0 0.456 411.41 579.2939 cm
/Im3 Do
Q
q
1 0 0 0.456 412.37 579.2939 cm
/Im3 Do
Q
q
1 0 0 0.456 413.33 579.2939 cm
/Im3 Do
Q
q
1 0 0 0.456 414.29 579.2939 cm
/Im3 Do
Q
q
1 0 0 0.456 415.25 579.2939 cm
/Im3 Do
Q
q
1 0 0 0.456 416.21 579.2939 cm
/Im3 Do
Q
q
1 0 0 0.456 417.17 579.2939 cm
/Im3 Do
Q
q
1 0 0 0.456 418.13 579.2939 cm
/Im3 Do
Q
q
1 0 0 0.456 419.09 579.2939 cm
/Im3 Do
Q
q
1 0 0 0.456 420.05 579.2939 cm
/Im3 Do
Q
q
1 0 0 0.456 421.01 579.2939 cm
/Im3 Do
Q
q
1 0 0 0.456 421.97 579.2939 cm
/Im3 Do
Q
q
1 0 0 0.456 422.93 579.2939 cm
/Im3 Do
Q
q
1 0 0 0.456 423.89 579.2939 cm
/Im3 Do
Q
q
1 0 0 0.456 424.85 579.2939 cm
/Im3 Do
Q
q
1 0 0 0.456 425.81 579.2939 cm
/Im3 Do
Q
q
1 0 0 0.456 426.77 579.2939 cm
/Im3 Do
Q
q
1 0 0 0.456 427.73 579.2939 cm
/Im3 Do
Q
q
1 0 0 0.456 428.69 579.2939 cm
/Im3 Do
Q
q
1 0 0 0.456 429.65 579.2939 cm
/Im3 Do
Q
q
1 0 0 0.456 430.61 579.2939 cm
/Im3 Do
Q
q
1 0 0 0.456 431.57 579.2939 cm
/Im3 Do
Q
q
1 0 0 0.456 432.53 579.2939 cm
/Im3 Do
Q
q
1 0 0 0.456 433.49 579.2939 cm
/Im3 Do
Q
q
1 0 0 0.456 434.45 579.2939 cm
/Im3 Do
Q
q
1 0 0 0.456 435.41 579.2939 cm
/Im3 Do
Q
q
1 0 0 0.456 436.37 579.2939 cm
/Im3 Do
Q
q
1 0 0 0.456 437.33 579.2939 cm
/Im3 Do
Q
q
1 0 0 0.456 438.29 579.2939 cm
/Im3 Do
Q
q
1 0 0 0.456 439.25 579.2939 cm
/Im3 Do
Q
q
1 0 0 0.456 440.21 579.2939 cm
/Im3 Do
Q
q
1 0 0 0.456 441.17 579.2939 cm
/Im3 Do
Q
q
1 0 0 0.456 442.13 579.2939 cm
/Im3 Do
Q
q
1 0 0 0.456 443.09 579.2939 cm
/Im3 Do
Q
q
1 0 0 0.456 444.05 579.2939 cm
/Im3 Do
Q
q
1 0 0 0.456 445.01 579.2939 cm
/Im3 Do
Q
q
1 0 0 0.456 445.97 579.2939 cm
/Im3 Do
Q
q
1 0 0 0.456 446.93 579.2939 cm
/Im3 Do
Q
q
1 0 0 0.456 447.89 579.2939 cm
/Im3 Do
Q
q
1 0 0 0.456 448.85 579.2939 cm
/Im3 Do
Q
q
1 0 0 0.456 449.81 579.2939 cm
/Im3 Do
Q
q
1 0 0 0.456 450.77 579.2939 cm
/Im3 Do
Q
q
1 0 0 0.456 451.73 579.2939 cm
/Im3 Do
Q
q
1 0 0 0.456 452.69 579.2939 cm
/Im3 Do
Q
q
1 0 0 0.456 453.65 579.2939 cm
/Im3 Do
Q
q
1 0 0 0.456 454.61 579.2939 cm
/Im3 Do
Q
q
1 0 0 0.456 455.57 579.2939 cm
/Im3 Do
Q
q
1 0 0 0.456 456.53 579.2939 cm
/Im3 Do
Q
q
1 0 0 0.456 457.49 579.2939 cm
/Im3 Do
Q
q
1 0 0 0.456 458.45 579.2939 cm
/Im5 Do
Q
q
1 0 0 0.456 458.93 579.2939 cm
/Im3 Do
Q
q
1 0 0 0.456 459.89 579.2939 cm
/Im3 Do
Q
q
1 0 0 0.456 460.85 579.2939 cm
/Im3 Do
Q
q
1 0 0 0.456 461.81 579.2939 cm
/Im3 Do
Q
q
1 0 0 0.456 462.77 579.2939 cm
/Im3 Do
Q
q
1 0 0 0.456 463.73 579.2939 cm
/Im3 Do
Q
q
1 0 0 0.456 464.69 579.2939 cm
/Im3 Do
Q
q
1 0 0 0.456 465.65 579.2939 cm
/Im3 Do
Q
q
1 0 0 0.456 466.61 579.2939 cm
/Im3 Do
Q
q
1 0 0 0.456 467.57 579.2939 cm
/Im3 Do
Q
q
1 0 0 0.456 468.53 579.2939 cm
/Im3 Do
Q
q
1 0 0 0.456 469.49 579.2939 cm
/Im3 Do
Q
q
1 0 0 0.456 470.45 579.2939 cm
/Im3 Do
Q
q
1 0 0 0.456 471.41 579.2939 cm
/Im3 Do
Q
q
1 0 0 0.456 472.37 579.2939 cm
/Im3 Do
Q
q
1 0 0 0.456 473.33 579.2939 cm
/Im3 Do
Q
q
1 0 0 0.456 474.29 579.2939 cm
/Im3 Do
Q
q
1 0 0 0.456 475.25 579.2939 cm
/Im3 Do
Q
q
1 0 0 0.456 476.21 579.2939 cm
/Im3 Do
Q
q
1 0 0 0.456 477.17 579.2939 cm
/Im3 Do
Q
q
1 0 0 0.456 478.13 579.2939 cm
/Im3 Do
Q
q
1 0 0 0.456 479.09 579.2939 cm
/Im3 Do
Q
q
1 0 0 0.456 480.05 579.2939 cm
/Im3 Do
Q
q
1 0 0 0.456 481.01 579.2939 cm
/Im3 Do
Q
q
1 0 0 0.456 481.97 579.2939 cm
/Im3 Do
Q
q
1 0 0 0.456 482.93 579.2939 cm
/Im3 Do
Q
q
1 0 0 0.456 483.89 579.2939 cm
/Im3 Do
Q
q
1 0 0 0.456 484.85 579.2939 cm
/Im3 Do
Q
q
1 0 0 0.456 485.81 579.2939 cm
/Im3 Do
Q
q
1 0 0 0.456 486.77 579.2939 cm
/Im3 Do
Q
q
1 0 0 0.456 487.73 579.2939 cm
/Im3 Do
Q
q
1 0 0 0.456 488.69 579.2939 cm
/Im3 Do
Q
q
1 0 0 0.456 489.65 579.2939 cm
/Im3 Do
Q
q
1 0 0 0.456 490.61 579.2939 cm
/Im3 Do
Q
q
1 0 0 0.456 491.57 579.2939 cm
/Im3 Do
Q
q
1 0 0 0.456 492.53 579.2939 cm
/Im3 Do
Q
q
1 0 0 0.456 493.49 579.2939 cm
/Im3 Do
Q
q
1 0 0 0.456 494.45 579.2939 cm
/Im3 Do
Q
q
1 0 0 0.456 495.41 579.2939 cm
/Im3 Do
Q
q
1 0 0 0.456 496.37 579.2939 cm
/Im3 Do
Q
q
1 0 0 0.456 497.33 579.2939 cm
/Im3 Do
Q
q
1 0 0 0.456 498.29 579.2939 cm
/Im3 Do
Q
q
1 0 0 0.456 499.25 579.2939 cm
/Im3 Do
Q
q
1 0 0 0.456 500.21 579.2939 cm
/Im3 Do
Q
q
1 0 0 0.456 501.17 579.2939 cm
/Im4 Do
Q
q
1 0 0 0.456 501.65 579.2939 cm
/Im3 Do
Q
q
1 0 0 0.456 502.61 579.2939 cm
/Im3 Do
Q
q
1 0 0 0.456 503.57 579.2939 cm
/Im3 Do
Q
q
1 0 0 0.456 504.53 579.2939 cm
/Im3 Do
Q
q
1 0 0 0.456 505.49 579.2939 cm
/Im3 Do
Q
q
1 0 0 0.456 506.45 579.2939 cm
/Im3 Do
Q
q
1 0 0 0.456 507.41 579.2939 cm
/Im3 Do
Q
q
1 0 0 0.456 508.3699 579.2939 cm
/Im3 Do
Q
q
1 0 0 0.456 509.33 579.2939 cm
/Im3 Do
Q
q
1 0 0 0.456 510.29 579.2939 cm
/Im3 Do
Q
q
1 0 0 0.456 511.2499 579.2939 cm
/Im3 Do
Q
q
1 0 0 0.456 512.21 579.2939 cm
/Im3 Do
Q
q
1 0 0 0.456 513.1699 579.2939 cm
/Im3 Do
Q
q
1 0 0 0.456 514.1299 579.2939 cm
/Im3 Do
Q
q
1 0 0 0.456 515.09 579.2939 cm
/Im3 Do
Q
q
1 0 0 0.456 516.0499 579.2939 cm
/Im3 Do
Q
q
1 0 0 0.456 517.01 579.2939 cm
/Im3 Do
Q
q
1 0 0 0.456 517.97 579.2939 cm
/Im3 Do
Q
q
1 0 0 0.456 518.9299 579.2939 cm
/Im3 Do
Q
q
1 0 0 0.456 519.89 579.2939 cm
/Im3 Do
Q
q
1 0 0 0.456 520.85 579.2939 cm
/Im3 Do
Q
q
1 0 0 0.456 521.8099 579.2939 cm
/Im3 Do
Q
q
1 0 0 0.456 522.77 579.2939 cm
/Im3 Do
Q
q
1 0 0 0.456 523.73 579.2939 cm
/Im3 Do
Q
q
1 0 0 0.456 524.6899 579.2939 cm
/Im3 Do
Q
q
1 0 0 0.456 525.65 579.2939 cm
/Im3 Do
Q
q
1 0 0 0.456 526.61 579.2939 cm
/Im3 Do
Q
q
1 0 0 0.456 527.57 579.2939 cm
/Im3 Do
Q
q
1 0 0 0.456 528.53 579.2939 cm
/Im3 Do
Q
q
1 0 0 0.456 529.4901 579.2939 cm
/Im3 Do
Q
q
1 0 0 0.456 530.45 579.2939 cm
/Im3 Do
Q
q
1 0 0 0.456 531.41 579.2939 cm
/Im3 Do
Q
q
1 0 0 0.456 532.3699 579.2939 cm
/Im3 Do
Q
q
1 0 0 0.456 533.33 579.2939 cm
/Im3 Do
Q
q
1 0 0 0.456 534.29 579.2939 cm
/Im3 Do
Q
q
1 0 0 0.456 535.2499 579.2939 cm
/Im3 Do
Q
q
1 0 0 0.456 536.21 579.2939 cm
/Im3 Do
Q
q
1 0 0 0.456 537.1699 579.2939 cm
/Im3 Do
Q
q
1 0 0 0.456 538.1299 579.2939 cm
/Im3 Do
Q
q
1 0 0 0.456 539.09 579.2939 cm
/Im3 Do
Q
q
1 0 0 0.456 540.0499 579.2939 cm
/Im3 Do
Q
q
1 0 0 0.456 541.01 579.2939 cm
/Im3 Do
Q
q
1 0 0 0.456 541.97 579.2939 cm
/Im3 Do
Q
q
1 0 0 0.456 542.93 579.2939 cm
/Im3 Do
Q
q
1 0 0 0.456 543.89 579.2939 cm
/Im3 Do
Q
q
1 0 0 0.456 544.85 579.2939 cm
/Im3 Do
Q
q
1 0 0 0.456 545.8099 579.2939 cm
/Im3 Do
Q
q
1 0 0 0.456 546.77 579.2939 cm
/Im3 Do
Q
q
1 0 0 0.456 547.73 579.2939 cm
/Im3 Do
Q
q
1 0 0 0.456 548.6899 579.2939 cm
/Im3 Do
Q
q
1 0 0 0.456 549.65 579.2939 cm
/Im3 Do
Q
q
0.24 0 0 0.456 550.61 579.2939 cm
/Im7 Do
Q
BT
10.08 0 0 9.576 55.01 536.658 Tm
-0.0004 Tc
[(Au)8.1(t)-8(r)-0.6(e)8(s)]TJ
2.8565 0 TD
( )Tj
0.2856 0 TD
-0.0084 Tc
0.016 Tw
[(doc)-8.3(um)-32.4(ent)-16(s)15.5( \()-8.6(dÈc)-8.3(l)-24.4(a)0.1(r)-8.6(a)23.9(t)-16(i)-24.4(ons)15.5(,)-16( )23.8(j)-24.4(u)0.1(s)15.5(t)-16(if)-16(i)-24.4(c)-8.3(a)23.9(t)-16(i)-24.4(ons)15.5(\))-8.6(:)-16( )]TJ
10.08 0 2.1426 9.576 55.01 525.9424 Tm
0.2696 Tc
0 Tw
(      )Tj
10.08 0 0 9.576 462.5303 532.0988 Tm
-0.0084 Tc
[(oui)-24.5( )]TJ
ET
q
1.026 0 0 0.9747 0 0 cm
0 G
1 J 0 j 0.702 w 10 M []0 d
467.427 545.219 8.889 8.889 re
S
Q
BT
10.08 0 0 9.576 490.13 532.098 Tm
0 Tc
( )Tj
2.6429 0 TD
-0.0084 Tc
(non )Tj
ET
q
1.026 0 0 0.9747 0 0 cm
0 G
1 J 0 j 0.702 w 10 M []0 d
523.569 545.219 8.889 8.889 re
S
Q
Q
BT
10.08 0 0 9.576 547.73 532.098 Tm
( )Tj
ET
q
1 i 
-1.63 25.14 595 799.9 re
W n
-1.63 25.14 595 799.9 re
W n
32.37 798.59 531.5 -762.35 re
0 841 m
W* n
-9 851 613 -860 re
0 841 m
W n
0.03 841.02 595.02 -841.02 re
W n
q
1 0 0 0.456 51.41 549.198 cm
/Im3 Do
Q
q
1 0 0 0.456 52.37 549.198 cm
/Im3 Do
Q
q
1 0 0 0.456 53.33 549.198 cm
/Im3 Do
Q
q
1 0 0 0.456 54.29 549.198 cm
/Im3 Do
Q
q
1 0 0 0.456 55.25 549.198 cm
/Im3 Do
Q
q
1 0 0 0.456 56.21 549.198 cm
/Im3 Do
Q
q
1 0 0 0.456 57.17 549.198 cm
/Im3 Do
Q
q
1 0 0 0.456 58.13 549.198 cm
/Im3 Do
Q
q
1 0 0 0.456 59.09 549.198 cm
/Im3 Do
Q
q
1 0 0 0.456 60.05 549.198 cm
/Im3 Do
Q
q
1 0 0 0.456 61.01 549.198 cm
/Im3 Do
Q
q
1 0 0 0.456 61.97 549.198 cm
/Im3 Do
Q
q
1 0 0 0.456 62.93 549.198 cm
/Im3 Do
Q
q
1 0 0 0.456 63.89 549.198 cm
/Im3 Do
Q
q
1 0 0 0.456 64.85 549.198 cm
/Im3 Do
Q
q
1 0 0 0.456 65.81 549.198 cm
/Im3 Do
Q
q
1 0 0 0.456 66.77 549.198 cm
/Im3 Do
Q
q
1 0 0 0.456 67.73 549.198 cm
/Im3 Do
Q
q
1 0 0 0.456 68.69 549.198 cm
/Im3 Do
Q
q
1 0 0 0.456 69.65 549.198 cm
/Im3 Do
Q
q
1 0 0 0.456 70.61 549.198 cm
/Im3 Do
Q
q
1 0 0 0.456 71.57 549.198 cm
/Im3 Do
Q
q
1 0 0 0.456 72.53 549.198 cm
/Im3 Do
Q
q
1 0 0 0.456 73.49 549.198 cm
/Im3 Do
Q
q
1 0 0 0.456 74.45 549.198 cm
/Im3 Do
Q
q
1 0 0 0.456 75.41 549.198 cm
/Im3 Do
Q
q
1 0 0 0.456 76.37 549.198 cm
/Im3 Do
Q
q
1 0 0 0.456 77.33 549.198 cm
/Im3 Do
Q
q
1 0 0 0.456 78.29 549.198 cm
/Im3 Do
Q
q
1 0 0 0.456 79.25 549.198 cm
/Im3 Do
Q
q
1 0 0 0.456 80.21 549.198 cm
/Im3 Do
Q
q
1 0 0 0.456 81.17 549.198 cm
/Im3 Do
Q
q
1 0 0 0.456 82.13 549.198 cm
/Im3 Do
Q
q
1 0 0 0.456 83.09 549.198 cm
/Im3 Do
Q
q
1 0 0 0.456 84.05 549.198 cm
/Im3 Do
Q
q
1 0 0 0.456 85.01 549.198 cm
/Im3 Do
Q
q
1 0 0 0.456 85.97 549.198 cm
/Im3 Do
Q
q
1 0 0 0.456 86.93 549.198 cm
/Im3 Do
Q
q
1 0 0 0.456 87.89 549.198 cm
/Im3 Do
Q
q
1 0 0 0.456 88.85 549.198 cm
/Im3 Do
Q
q
1 0 0 0.456 89.81 549.198 cm
/Im3 Do
Q
q
1 0 0 0.456 90.77 549.198 cm
/Im3 Do
Q
q
1 0 0 0.456 91.73 549.198 cm
/Im3 Do
Q
q
1 0 0 0.456 92.69 549.198 cm
/Im3 Do
Q
q
1 0 0 0.456 93.65 549.198 cm
/Im3 Do
Q
q
1 0 0 0.456 94.61 549.198 cm
/Im3 Do
Q
q
1 0 0 0.456 95.57 549.198 cm
/Im3 Do
Q
q
1 0 0 0.456 96.53 549.198 cm
/Im3 Do
Q
q
1 0 0 0.456 97.49 549.198 cm
/Im3 Do
Q
q
1 0 0 0.456 98.45 549.198 cm
/Im3 Do
Q
q
1 0 0 0.456 99.41 549.198 cm
/Im3 Do
Q
q
1 0 0 0.456 100.37 549.198 cm
/Im3 Do
Q
q
1 0 0 0.456 101.33 549.198 cm
/Im3 Do
Q
q
1 0 0 0.456 102.29 549.198 cm
/Im3 Do
Q
q
1 0 0 0.456 103.25 549.198 cm
/Im3 Do
Q
q
1 0 0 0.456 104.21 549.198 cm
/Im3 Do
Q
q
1 0 0 0.456 105.17 549.198 cm
/Im3 Do
Q
q
1 0 0 0.456 106.13 549.198 cm
/Im3 Do
Q
q
1 0 0 0.456 107.09 549.198 cm
/Im3 Do
Q
q
1 0 0 0.456 108.05 549.198 cm
/Im3 Do
Q
q
1 0 0 0.456 109.01 549.198 cm
/Im3 Do
Q
q
1 0 0 0.456 109.97 549.198 cm
/Im3 Do
Q
q
1 0 0 0.456 110.93 549.198 cm
/Im3 Do
Q
q
1 0 0 0.456 111.89 549.198 cm
/Im3 Do
Q
q
1 0 0 0.456 112.85 549.198 cm
/Im3 Do
Q
q
1 0 0 0.456 113.81 549.198 cm
/Im3 Do
Q
q
1 0 0 0.456 114.77 549.198 cm
/Im3 Do
Q
q
1 0 0 0.456 115.73 549.198 cm
/Im3 Do
Q
q
1 0 0 0.456 116.69 549.198 cm
/Im3 Do
Q
q
1 0 0 0.456 117.65 549.198 cm
/Im3 Do
Q
q
1 0 0 0.456 118.61 549.198 cm
/Im3 Do
Q
q
1 0 0 0.456 119.57 549.198 cm
/Im3 Do
Q
q
1 0 0 0.456 120.53 549.198 cm
/Im3 Do
Q
q
1 0 0 0.456 121.49 549.198 cm
/Im3 Do
Q
q
1 0 0 0.456 122.45 549.198 cm
/Im3 Do
Q
q
1 0 0 0.456 123.41 549.198 cm
/Im3 Do
Q
q
1 0 0 0.456 124.37 549.198 cm
/Im3 Do
Q
q
1 0 0 0.456 125.33 549.198 cm
/Im3 Do
Q
q
1 0 0 0.456 126.29 549.198 cm
/Im3 Do
Q
q
1 0 0 0.456 127.25 549.198 cm
/Im3 Do
Q
q
1 0 0 0.456 128.21 549.198 cm
/Im3 Do
Q
q
1 0 0 0.456 129.17 549.198 cm
/Im3 Do
Q
q
1 0 0 0.456 130.13 549.198 cm
/Im3 Do
Q
q
1 0 0 0.456 131.09 549.198 cm
/Im3 Do
Q
q
1 0 0 0.456 132.05 549.198 cm
/Im3 Do
Q
q
1 0 0 0.456 133.01 549.198 cm
/Im3 Do
Q
q
1 0 0 0.456 133.97 549.198 cm
/Im3 Do
Q
q
1 0 0 0.456 134.93 549.198 cm
/Im3 Do
Q
q
1 0 0 0.456 135.89 549.198 cm
/Im3 Do
Q
q
1 0 0 0.456 136.85 549.198 cm
/Im3 Do
Q
q
1 0 0 0.456 137.81 549.198 cm
/Im3 Do
Q
q
1 0 0 0.456 138.77 549.198 cm
/Im3 Do
Q
q
1 0 0 0.456 139.73 549.198 cm
/Im3 Do
Q
q
1 0 0 0.456 140.69 549.198 cm
/Im3 Do
Q
q
1 0 0 0.456 141.65 549.198 cm
/Im3 Do
Q
q
1 0 0 0.456 142.61 549.198 cm
/Im3 Do
Q
q
1 0 0 0.456 143.57 549.198 cm
/Im3 Do
Q
q
1 0 0 0.456 144.53 549.198 cm
/Im3 Do
Q
q
1 0 0 0.456 145.49 549.198 cm
/Im3 Do
Q
q
1 0 0 0.456 146.45 549.198 cm
/Im3 Do
Q
q
1 0 0 0.456 147.41 549.198 cm
/Im3 Do
Q
q
1 0 0 0.456 148.37 549.198 cm
/Im3 Do
Q
q
1 0 0 0.456 149.33 549.198 cm
/Im3 Do
Q
q
1 0 0 0.456 150.29 549.198 cm
/Im3 Do
Q
q
1 0 0 0.456 151.25 549.198 cm
/Im3 Do
Q
q
1 0 0 0.456 152.21 549.198 cm
/Im3 Do
Q
q
1 0 0 0.456 153.17 549.198 cm
/Im3 Do
Q
q
1 0 0 0.456 154.13 549.198 cm
/Im3 Do
Q
q
1 0 0 0.456 155.09 549.198 cm
/Im3 Do
Q
q
1 0 0 0.456 156.05 549.198 cm
/Im3 Do
Q
q
1 0 0 0.456 157.01 549.198 cm
/Im3 Do
Q
q
1 0 0 0.456 157.97 549.198 cm
/Im3 Do
Q
q
1 0 0 0.456 158.93 549.198 cm
/Im3 Do
Q
q
1 0 0 0.456 159.89 549.198 cm
/Im3 Do
Q
q
1 0 0 0.456 160.85 549.198 cm
/Im3 Do
Q
q
1 0 0 0.456 161.81 549.198 cm
/Im3 Do
Q
q
1 0 0 0.456 162.77 549.198 cm
/Im3 Do
Q
q
1 0 0 0.456 163.73 549.198 cm
/Im3 Do
Q
q
1 0 0 0.456 164.69 549.198 cm
/Im3 Do
Q
q
1 0 0 0.456 165.65 549.198 cm
/Im3 Do
Q
q
1 0 0 0.456 166.61 549.198 cm
/Im3 Do
Q
q
1 0 0 0.456 167.57 549.198 cm
/Im3 Do
Q
q
1 0 0 0.456 168.53 549.198 cm
/Im3 Do
Q
q
1 0 0 0.456 169.49 549.198 cm
/Im3 Do
Q
q
1 0 0 0.456 170.45 549.198 cm
/Im3 Do
Q
q
1 0 0 0.456 171.41 549.198 cm
/Im3 Do
Q
q
1 0 0 0.456 172.37 549.198 cm
/Im3 Do
Q
q
1 0 0 0.456 173.33 549.198 cm
/Im3 Do
Q
q
1 0 0 0.456 174.29 549.198 cm
/Im3 Do
Q
q
1 0 0 0.456 175.25 549.198 cm
/Im3 Do
Q
q
1 0 0 0.456 176.21 549.198 cm
/Im3 Do
Q
q
1 0 0 0.456 177.17 549.198 cm
/Im3 Do
Q
q
1 0 0 0.456 178.13 549.198 cm
/Im3 Do
Q
q
1 0 0 0.456 179.09 549.198 cm
/Im3 Do
Q
q
1 0 0 0.456 180.05 549.198 cm
/Im3 Do
Q
q
1 0 0 0.456 181.01 549.198 cm
/Im3 Do
Q
q
1 0 0 0.456 181.97 549.198 cm
/Im3 Do
Q
q
1 0 0 0.456 182.93 549.198 cm
/Im3 Do
Q
q
1 0 0 0.456 183.89 549.198 cm
/Im3 Do
Q
q
1 0 0 0.456 184.85 549.198 cm
/Im3 Do
Q
q
1 0 0 0.456 185.81 549.198 cm
/Im3 Do
Q
q
1 0 0 0.456 186.77 549.198 cm
/Im3 Do
Q
q
1 0 0 0.456 187.73 549.198 cm
/Im3 Do
Q
q
1 0 0 0.456 188.69 549.198 cm
/Im3 Do
Q
q
1 0 0 0.456 189.65 549.198 cm
/Im3 Do
Q
q
1 0 0 0.456 190.61 549.198 cm
/Im3 Do
Q
q
1 0 0 0.456 191.57 549.198 cm
/Im3 Do
Q
q
1 0 0 0.456 192.53 549.198 cm
/Im3 Do
Q
q
1 0 0 0.456 193.49 549.198 cm
/Im3 Do
Q
q
1 0 0 0.456 194.45 549.198 cm
/Im3 Do
Q
q
1 0 0 0.456 195.41 549.198 cm
/Im3 Do
Q
q
1 0 0 0.456 196.37 549.198 cm
/Im3 Do
Q
q
1 0 0 0.456 197.33 549.198 cm
/Im3 Do
Q
q
1 0 0 0.456 198.29 549.198 cm
/Im3 Do
Q
q
1 0 0 0.456 199.25 549.198 cm
/Im3 Do
Q
q
1 0 0 0.456 200.21 549.198 cm
/Im3 Do
Q
q
1 0 0 0.456 201.17 549.198 cm
/Im3 Do
Q
q
1 0 0 0.456 202.13 549.198 cm
/Im3 Do
Q
q
1 0 0 0.456 203.09 549.198 cm
/Im3 Do
Q
q
1 0 0 0.456 204.05 549.198 cm
/Im3 Do
Q
q
1 0 0 0.456 205.01 549.198 cm
/Im3 Do
Q
q
1 0 0 0.456 205.97 549.198 cm
/Im3 Do
Q
q
1 0 0 0.456 206.93 549.198 cm
/Im3 Do
Q
q
1 0 0 0.456 207.89 549.198 cm
/Im3 Do
Q
q
1 0 0 0.456 208.85 549.198 cm
/Im3 Do
Q
q
1 0 0 0.456 209.81 549.198 cm
/Im3 Do
Q
q
1 0 0 0.456 210.77 549.198 cm
/Im3 Do
Q
q
1 0 0 0.456 211.73 549.198 cm
/Im3 Do
Q
q
1 0 0 0.456 212.69 549.198 cm
/Im3 Do
Q
q
1 0 0 0.456 213.65 549.198 cm
/Im3 Do
Q
q
1 0 0 0.456 214.61 549.198 cm
/Im3 Do
Q
q
1 0 0 0.456 215.57 549.198 cm
/Im3 Do
Q
q
1 0 0 0.456 216.53 549.198 cm
/Im3 Do
Q
q
1 0 0 0.456 217.49 549.198 cm
/Im3 Do
Q
q
1 0 0 0.456 218.45 549.198 cm
/Im3 Do
Q
q
1 0 0 0.456 219.41 549.198 cm
/Im3 Do
Q
q
1 0 0 0.456 220.37 549.198 cm
/Im3 Do
Q
q
1 0 0 0.456 221.33 549.198 cm
/Im3 Do
Q
q
1 0 0 0.456 222.29 549.198 cm
/Im3 Do
Q
q
1 0 0 0.456 223.25 549.198 cm
/Im3 Do
Q
q
1 0 0 0.456 224.21 549.198 cm
/Im3 Do
Q
q
1 0 0 0.456 225.17 549.198 cm
/Im3 Do
Q
q
1 0 0 0.456 226.13 549.198 cm
/Im3 Do
Q
q
1 0 0 0.456 227.09 549.198 cm
/Im3 Do
Q
q
1 0 0 0.456 228.05 549.198 cm
/Im3 Do
Q
q
1 0 0 0.456 229.01 549.198 cm
/Im3 Do
Q
q
1 0 0 0.456 229.97 549.198 cm
/Im3 Do
Q
q
1 0 0 0.456 230.93 549.198 cm
/Im3 Do
Q
q
1 0 0 0.456 231.89 549.198 cm
/Im3 Do
Q
q
1 0 0 0.456 232.85 549.198 cm
/Im3 Do
Q
q
1 0 0 0.456 233.81 549.198 cm
/Im3 Do
Q
q
1 0 0 0.456 234.77 549.198 cm
/Im3 Do
Q
q
1 0 0 0.456 235.73 549.198 cm
/Im3 Do
Q
q
1 0 0 0.456 236.69 549.198 cm
/Im3 Do
Q
q
1 0 0 0.456 237.65 549.198 cm
/Im3 Do
Q
q
1 0 0 0.456 238.61 549.198 cm
/Im3 Do
Q
q
1 0 0 0.456 239.57 549.198 cm
/Im3 Do
Q
q
1 0 0 0.456 240.53 549.198 cm
/Im3 Do
Q
q
1 0 0 0.456 241.49 549.198 cm
/Im3 Do
Q
q
1 0 0 0.456 242.45 549.198 cm
/Im3 Do
Q
q
1 0 0 0.456 243.41 549.198 cm
/Im3 Do
Q
q
1 0 0 0.456 244.37 549.198 cm
/Im3 Do
Q
q
1 0 0 0.456 245.33 549.198 cm
/Im3 Do
Q
q
1 0 0 0.456 246.29 549.198 cm
/Im3 Do
Q
q
1 0 0 0.456 247.25 549.198 cm
/Im3 Do
Q
q
1 0 0 0.456 248.21 549.198 cm
/Im3 Do
Q
q
1 0 0 0.456 249.17 549.198 cm
/Im3 Do
Q
q
1 0 0 0.456 250.13 549.198 cm
/Im3 Do
Q
q
1 0 0 0.456 251.09 549.198 cm
/Im3 Do
Q
q
1 0 0 0.456 252.05 549.198 cm
/Im3 Do
Q
q
1 0 0 0.456 253.01 549.198 cm
/Im3 Do
Q
q
1 0 0 0.456 253.97 549.198 cm
/Im3 Do
Q
q
1 0 0 0.456 254.93 549.198 cm
/Im3 Do
Q
q
1 0 0 0.456 255.89 549.198 cm
/Im3 Do
Q
q
1 0 0 0.456 256.85 549.198 cm
/Im3 Do
Q
q
1 0 0 0.456 257.81 549.198 cm
/Im3 Do
Q
q
1 0 0 0.456 258.77 549.198 cm
/Im3 Do
Q
q
1 0 0 0.456 259.73 549.198 cm
/Im3 Do
Q
q
1 0 0 0.456 260.69 549.198 cm
/Im3 Do
Q
q
1 0 0 0.456 261.65 549.198 cm
/Im3 Do
Q
q
1 0 0 0.456 262.61 549.198 cm
/Im3 Do
Q
q
1 0 0 0.456 263.57 549.198 cm
/Im3 Do
Q
q
1 0 0 0.456 264.53 549.198 cm
/Im3 Do
Q
q
1 0 0 0.456 265.49 549.198 cm
/Im3 Do
Q
q
1 0 0 0.456 266.45 549.198 cm
/Im3 Do
Q
q
1 0 0 0.456 267.41 549.198 cm
/Im3 Do
Q
q
1 0 0 0.456 268.37 549.198 cm
/Im3 Do
Q
q
1 0 0 0.456 269.33 549.198 cm
/Im3 Do
Q
q
1 0 0 0.456 270.29 549.198 cm
/Im3 Do
Q
q
1 0 0 0.456 271.25 549.198 cm
/Im3 Do
Q
q
1 0 0 0.456 272.21 549.198 cm
/Im3 Do
Q
q
1 0 0 0.456 273.17 549.198 cm
/Im3 Do
Q
q
1 0 0 0.456 274.13 549.198 cm
/Im3 Do
Q
q
1 0 0 0.456 275.09 549.198 cm
/Im3 Do
Q
q
1 0 0 0.456 276.05 549.198 cm
/Im3 Do
Q
q
1 0 0 0.456 277.01 549.198 cm
/Im3 Do
Q
q
1 0 0 0.456 277.97 549.198 cm
/Im3 Do
Q
q
1 0 0 0.456 278.93 549.198 cm
/Im3 Do
Q
q
1 0 0 0.456 279.89 549.198 cm
/Im3 Do
Q
q
1 0 0 0.456 280.85 549.198 cm
/Im3 Do
Q
q
1 0 0 0.456 281.81 549.198 cm
/Im3 Do
Q
q
1 0 0 0.456 282.77 549.198 cm
/Im3 Do
Q
q
1 0 0 0.456 283.73 549.198 cm
/Im3 Do
Q
q
1 0 0 0.456 284.69 549.198 cm
/Im3 Do
Q
q
1 0 0 0.456 285.65 549.198 cm
/Im3 Do
Q
q
1 0 0 0.456 286.61 549.198 cm
/Im3 Do
Q
q
1 0 0 0.456 287.57 549.198 cm
/Im3 Do
Q
q
1 0 0 0.456 288.53 549.198 cm
/Im3 Do
Q
q
1 0 0 0.456 289.49 549.198 cm
/Im3 Do
Q
q
1 0 0 0.456 290.45 549.198 cm
/Im3 Do
Q
q
1 0 0 0.456 291.41 549.198 cm
/Im3 Do
Q
q
1 0 0 0.456 292.37 549.198 cm
/Im3 Do
Q
q
1 0 0 0.456 293.33 549.198 cm
/Im3 Do
Q
q
1 0 0 0.456 294.29 549.198 cm
/Im3 Do
Q
q
1 0 0 0.456 295.25 549.198 cm
/Im3 Do
Q
q
1 0 0 0.456 296.21 549.198 cm
/Im3 Do
Q
q
1 0 0 0.456 297.17 549.198 cm
/Im3 Do
Q
q
1 0 0 0.456 298.13 549.198 cm
/Im3 Do
Q
q
1 0 0 0.456 299.09 549.198 cm
/Im3 Do
Q
q
1 0 0 0.456 300.05 549.198 cm
/Im3 Do
Q
q
1 0 0 0.456 301.01 549.198 cm
/Im3 Do
Q
q
1 0 0 0.456 301.97 549.198 cm
/Im3 Do
Q
q
1 0 0 0.456 302.93 549.198 cm
/Im3 Do
Q
q
1 0 0 0.456 303.89 549.198 cm
/Im3 Do
Q
q
1 0 0 0.456 304.85 549.198 cm
/Im3 Do
Q
q
1 0 0 0.456 305.81 549.198 cm
/Im3 Do
Q
q
1 0 0 0.456 306.77 549.198 cm
/Im3 Do
Q
q
1 0 0 0.456 307.73 549.198 cm
/Im3 Do
Q
q
1 0 0 0.456 308.69 549.198 cm
/Im3 Do
Q
q
1 0 0 0.456 309.65 549.198 cm
/Im3 Do
Q
q
1 0 0 0.456 310.61 549.198 cm
/Im3 Do
Q
q
1 0 0 0.456 311.57 549.198 cm
/Im3 Do
Q
q
1 0 0 0.456 312.53 549.198 cm
/Im3 Do
Q
q
1 0 0 0.456 313.49 549.198 cm
/Im3 Do
Q
q
1 0 0 0.456 314.45 549.198 cm
/Im3 Do
Q
q
1 0 0 0.456 315.41 549.198 cm
/Im3 Do
Q
q
1 0 0 0.456 316.37 549.198 cm
/Im3 Do
Q
q
1 0 0 0.456 317.33 549.198 cm
/Im3 Do
Q
q
1 0 0 0.456 318.29 549.198 cm
/Im3 Do
Q
q
1 0 0 0.456 319.25 549.198 cm
/Im3 Do
Q
q
1 0 0 0.456 320.21 549.198 cm
/Im3 Do
Q
q
1 0 0 0.456 321.17 549.198 cm
/Im3 Do
Q
q
1 0 0 0.456 322.13 549.198 cm
/Im3 Do
Q
q
1 0 0 0.456 323.09 549.198 cm
/Im3 Do
Q
q
1 0 0 0.456 324.05 549.198 cm
/Im3 Do
Q
q
1 0 0 0.456 325.01 549.198 cm
/Im3 Do
Q
q
1 0 0 0.456 325.97 549.198 cm
/Im3 Do
Q
q
1 0 0 0.456 326.93 549.198 cm
/Im3 Do
Q
q
1 0 0 0.456 327.89 549.198 cm
/Im3 Do
Q
q
1 0 0 0.456 328.85 549.198 cm
/Im3 Do
Q
q
1 0 0 0.456 329.81 549.198 cm
/Im3 Do
Q
q
1 0 0 0.456 330.77 549.198 cm
/Im3 Do
Q
q
1 0 0 0.456 331.73 549.198 cm
/Im3 Do
Q
q
1 0 0 0.456 332.69 549.198 cm
/Im3 Do
Q
q
1 0 0 0.456 333.65 549.198 cm
/Im3 Do
Q
q
1 0 0 0.456 334.61 549.198 cm
/Im3 Do
Q
q
1 0 0 0.456 335.57 549.198 cm
/Im3 Do
Q
q
1 0 0 0.456 336.53 549.198 cm
/Im3 Do
Q
q
1 0 0 0.456 337.49 549.198 cm
/Im3 Do
Q
q
1 0 0 0.456 338.45 549.198 cm
/Im3 Do
Q
q
1 0 0 0.456 339.41 549.198 cm
/Im3 Do
Q
q
1 0 0 0.456 340.37 549.198 cm
/Im3 Do
Q
q
1 0 0 0.456 341.33 549.198 cm
/Im3 Do
Q
q
1 0 0 0.456 342.29 549.198 cm
/Im3 Do
Q
q
1 0 0 0.456 343.25 549.198 cm
/Im3 Do
Q
q
1 0 0 0.456 344.21 549.198 cm
/Im3 Do
Q
q
1 0 0 0.456 345.17 549.198 cm
/Im3 Do
Q
q
1 0 0 0.456 346.13 549.198 cm
/Im3 Do
Q
q
1 0 0 0.456 347.09 549.198 cm
/Im3 Do
Q
q
1 0 0 0.456 348.05 549.198 cm
/Im3 Do
Q
q
1 0 0 0.456 349.01 549.198 cm
/Im3 Do
Q
q
1 0 0 0.456 349.97 549.198 cm
/Im3 Do
Q
q
1 0 0 0.456 350.93 549.198 cm
/Im3 Do
Q
q
1 0 0 0.456 351.89 549.198 cm
/Im3 Do
Q
q
1 0 0 0.456 352.85 549.198 cm
/Im3 Do
Q
q
1 0 0 0.456 353.81 549.198 cm
/Im3 Do
Q
q
1 0 0 0.456 354.77 549.198 cm
/Im3 Do
Q
q
1 0 0 0.456 355.73 549.198 cm
/Im3 Do
Q
q
1 0 0 0.456 356.69 549.198 cm
/Im3 Do
Q
q
1 0 0 0.456 357.65 549.198 cm
/Im3 Do
Q
q
1 0 0 0.456 358.61 549.198 cm
/Im3 Do
Q
q
1 0 0 0.456 359.57 549.198 cm
/Im3 Do
Q
q
1 0 0 0.456 360.53 549.198 cm
/Im3 Do
Q
q
1 0 0 0.456 361.49 549.198 cm
/Im3 Do
Q
q
1 0 0 0.456 362.45 549.198 cm
/Im3 Do
Q
q
1 0 0 0.456 363.41 549.198 cm
/Im3 Do
Q
q
1 0 0 0.456 364.37 549.198 cm
/Im3 Do
Q
q
1 0 0 0.456 365.33 549.198 cm
/Im3 Do
Q
q
1 0 0 0.456 366.29 549.198 cm
/Im3 Do
Q
q
1 0 0 0.456 367.25 549.198 cm
/Im3 Do
Q
q
1 0 0 0.456 368.21 549.198 cm
/Im3 Do
Q
q
1 0 0 0.456 369.17 549.198 cm
/Im3 Do
Q
q
1 0 0 0.456 370.13 549.198 cm
/Im3 Do
Q
q
1 0 0 0.456 371.09 549.198 cm
/Im3 Do
Q
q
1 0 0 0.456 372.05 549.198 cm
/Im3 Do
Q
q
1 0 0 0.456 373.01 549.198 cm
/Im3 Do
Q
q
1 0 0 0.456 373.97 549.198 cm
/Im3 Do
Q
q
1 0 0 0.456 374.93 549.198 cm
/Im3 Do
Q
q
1 0 0 0.456 375.89 549.198 cm
/Im3 Do
Q
q
1 0 0 0.456 376.85 549.198 cm
/Im3 Do
Q
q
1 0 0 0.456 377.81 549.198 cm
/Im3 Do
Q
q
1 0 0 0.456 378.77 549.198 cm
/Im3 Do
Q
q
1 0 0 0.456 379.73 549.198 cm
/Im3 Do
Q
q
1 0 0 0.456 380.69 549.198 cm
/Im3 Do
Q
q
1 0 0 0.456 381.65 549.198 cm
/Im3 Do
Q
q
1 0 0 0.456 382.61 549.198 cm
/Im3 Do
Q
q
1 0 0 0.456 383.57 549.198 cm
/Im3 Do
Q
q
1 0 0 0.456 384.53 549.198 cm
/Im3 Do
Q
q
1 0 0 0.456 385.49 549.198 cm
/Im3 Do
Q
q
1 0 0 0.456 386.45 549.198 cm
/Im3 Do
Q
q
1 0 0 0.456 387.41 549.198 cm
/Im3 Do
Q
q
1 0 0 0.456 388.37 549.198 cm
/Im3 Do
Q
q
1 0 0 0.456 389.33 549.198 cm
/Im3 Do
Q
q
1 0 0 0.456 390.29 549.198 cm
/Im3 Do
Q
q
1 0 0 0.456 391.25 549.198 cm
/Im3 Do
Q
q
1 0 0 0.456 392.21 549.198 cm
/Im3 Do
Q
q
1 0 0 0.456 393.17 549.198 cm
/Im3 Do
Q
q
1 0 0 0.456 394.13 549.198 cm
/Im3 Do
Q
q
1 0 0 0.456 395.09 549.198 cm
/Im3 Do
Q
q
1 0 0 0.456 396.05 549.198 cm
/Im3 Do
Q
q
1 0 0 0.456 397.01 549.198 cm
/Im3 Do
Q
q
1 0 0 0.456 397.97 549.198 cm
/Im3 Do
Q
q
1 0 0 0.456 398.93 549.198 cm
/Im3 Do
Q
q
1 0 0 0.456 399.89 549.198 cm
/Im3 Do
Q
q
1 0 0 0.456 400.85 549.198 cm
/Im3 Do
Q
q
1 0 0 0.456 401.81 549.198 cm
/Im3 Do
Q
q
1 0 0 0.456 402.77 549.198 cm
/Im3 Do
Q
q
1 0 0 0.456 403.73 549.198 cm
/Im3 Do
Q
q
1 0 0 0.456 404.69 549.198 cm
/Im3 Do
Q
q
1 0 0 0.456 405.65 549.198 cm
/Im3 Do
Q
q
1 0 0 0.456 406.61 549.198 cm
/Im3 Do
Q
q
1 0 0 0.456 407.57 549.198 cm
/Im3 Do
Q
q
1 0 0 0.456 408.53 549.198 cm
/Im3 Do
Q
q
1 0 0 0.456 409.49 549.198 cm
/Im3 Do
Q
q
1 0 0 0.456 410.45 549.198 cm
/Im3 Do
Q
q
1 0 0 0.456 411.41 549.198 cm
/Im3 Do
Q
q
1 0 0 0.456 412.37 549.198 cm
/Im3 Do
Q
q
1 0 0 0.456 413.33 549.198 cm
/Im3 Do
Q
q
1 0 0 0.456 414.29 549.198 cm
/Im3 Do
Q
q
1 0 0 0.456 415.25 549.198 cm

/Im3 Do
Q
q
1 0 0 0.456 416.21 549.198 cm
/Im3 Do
Q
q
1 0 0 0.456 417.17 549.198 cm
/Im3 Do
Q
q
1 0 0 0.456 418.13 549.198 cm
/Im3 Do
Q
q
1 0 0 0.456 419.09 549.198 cm
/Im3 Do
Q
q
1 0 0 0.456 420.05 549.198 cm
/Im3 Do
Q
q
1 0 0 0.456 421.01 549.198 cm
/Im3 Do
Q
q
1 0 0 0.456 421.97 549.198 cm
/Im3 Do
Q
q
1 0 0 0.456 422.93 549.198 cm
/Im3 Do
Q
q
1 0 0 0.456 423.89 549.198 cm
/Im3 Do
Q
q
1 0 0 0.456 424.85 549.198 cm
/Im3 Do
Q
q
1 0 0 0.456 425.81 549.198 cm
/Im3 Do
Q
q
1 0 0 0.456 426.77 549.198 cm
/Im3 Do
Q
q
1 0 0 0.456 427.73 549.198 cm
/Im3 Do
Q
q
1 0 0 0.456 428.69 549.198 cm
/Im3 Do
Q
q
1 0 0 0.456 429.65 549.198 cm
/Im3 Do
Q
q
1 0 0 0.456 430.61 549.198 cm
/Im3 Do
Q
q
1 0 0 0.456 431.57 549.198 cm
/Im3 Do
Q
q
1 0 0 0.456 432.53 549.198 cm
/Im3 Do
Q
q
1 0 0 0.456 433.49 549.198 cm
/Im3 Do
Q
q
1 0 0 0.456 434.45 549.198 cm
/Im3 Do
Q
q
1 0 0 0.456 435.41 549.198 cm
/Im3 Do
Q
q
1 0 0 0.456 436.37 549.198 cm
/Im3 Do
Q
q
1 0 0 0.456 437.33 549.198 cm
/Im3 Do
Q
q
1 0 0 0.456 438.29 549.198 cm
/Im3 Do
Q
q
1 0 0 0.456 439.25 549.198 cm
/Im3 Do
Q
q
1 0 0 0.456 440.21 549.198 cm
/Im3 Do
Q
q
1 0 0 0.456 441.17 549.198 cm
/Im3 Do
Q
q
1 0 0 0.456 442.13 549.198 cm
/Im3 Do
Q
q
1 0 0 0.456 443.09 549.198 cm
/Im3 Do
Q
q
1 0 0 0.456 444.05 549.198 cm
/Im3 Do
Q
q
1 0 0 0.456 445.01 549.198 cm
/Im3 Do
Q
q
1 0 0 0.456 445.97 549.198 cm
/Im3 Do
Q
q
1 0 0 0.456 446.93 549.198 cm
/Im3 Do
Q
q
1 0 0 0.456 447.89 549.198 cm
/Im3 Do
Q
q
1 0 0 0.456 448.85 549.198 cm
/Im3 Do
Q
q
1 0 0 0.456 449.81 549.198 cm
/Im3 Do
Q
q
1 0 0 0.456 450.77 549.198 cm
/Im3 Do
Q
q
1 0 0 0.456 451.73 549.198 cm
/Im3 Do
Q
q
1 0 0 0.456 452.69 549.198 cm
/Im3 Do
Q
q
1 0 0 0.456 453.65 549.198 cm
/Im3 Do
Q
q
1 0 0 0.456 454.61 549.198 cm
/Im3 Do
Q
q
1 0 0 0.456 455.57 549.198 cm
/Im3 Do
Q
q
1 0 0 0.456 456.53 549.198 cm
/Im3 Do
Q
q
1 0 0 0.456 457.49 549.198 cm
/Im3 Do
Q
q
1 0 0 0.456 458.45 549.198 cm
/Im5 Do
Q
q
1 0 0 0.456 458.93 549.198 cm
/Im3 Do
Q
q
1 0 0 0.456 459.89 549.198 cm
/Im3 Do
Q
q
1 0 0 0.456 460.85 549.198 cm
/Im3 Do
Q
q
1 0 0 0.456 461.81 549.198 cm
/Im3 Do
Q
q
1 0 0 0.456 462.77 549.198 cm
/Im3 Do
Q
q
1 0 0 0.456 463.73 549.198 cm
/Im3 Do
Q
q
1 0 0 0.456 464.69 549.198 cm
/Im3 Do
Q
q
1 0 0 0.456 465.65 549.198 cm
/Im3 Do
Q
q
1 0 0 0.456 466.61 549.198 cm
/Im3 Do
Q
q
1 0 0 0.456 467.57 549.198 cm
/Im3 Do
Q
q
1 0 0 0.456 468.53 549.198 cm
/Im3 Do
Q
q
1 0 0 0.456 469.49 549.198 cm
/Im3 Do
Q
q
1 0 0 0.456 470.45 549.198 cm
/Im3 Do
Q
q
1 0 0 0.456 471.41 549.198 cm
/Im3 Do
Q
q
1 0 0 0.456 472.37 549.198 cm
/Im3 Do
Q
q
1 0 0 0.456 473.33 549.198 cm
/Im3 Do
Q
q
1 0 0 0.456 474.29 549.198 cm
/Im3 Do
Q
q
1 0 0 0.456 475.25 549.198 cm
/Im3 Do
Q
q
1 0 0 0.456 476.21 549.198 cm
/Im3 Do
Q
q
1 0 0 0.456 477.17 549.198 cm
/Im3 Do
Q
q
1 0 0 0.456 478.13 549.198 cm
/Im3 Do
Q
q
1 0 0 0.456 479.09 549.198 cm
/Im3 Do
Q
q
1 0 0 0.456 480.05 549.198 cm
/Im3 Do
Q
q
1 0 0 0.456 481.01 549.198 cm
/Im3 Do
Q
q
1 0 0 0.456 481.97 549.198 cm
/Im3 Do
Q
q
1 0 0 0.456 482.93 549.198 cm
/Im3 Do
Q
q
1 0 0 0.456 483.89 549.198 cm
/Im3 Do
Q
q
1 0 0 0.456 484.85 549.198 cm
/Im3 Do
Q
q
1 0 0 0.456 485.81 549.198 cm
/Im3 Do
Q
q
1 0 0 0.456 486.77 549.198 cm
/Im3 Do
Q
q
1 0 0 0.456 487.73 549.198 cm
/Im3 Do
Q
q
1 0 0 0.456 488.69 549.198 cm
/Im3 Do
Q
q
1 0 0 0.456 489.65 549.198 cm
/Im3 Do
Q
q
1 0 0 0.456 490.61 549.198 cm
/Im3 Do
Q
q
1 0 0 0.456 491.57 549.198 cm
/Im3 Do
Q
q
1 0 0 0.456 492.53 549.198 cm
/Im3 Do
Q
q
1 0 0 0.456 493.49 549.198 cm
/Im3 Do
Q
q
1 0 0 0.456 494.45 549.198 cm
/Im3 Do
Q
q
1 0 0 0.456 495.41 549.198 cm
/Im3 Do
Q
q
1 0 0 0.456 496.37 549.198 cm
/Im3 Do
Q
q
1 0 0 0.456 497.33 549.198 cm
/Im3 Do
Q
q
1 0 0 0.456 498.29 549.198 cm
/Im3 Do
Q
q
1 0 0 0.456 499.25 549.198 cm
/Im3 Do
Q
q
1 0 0 0.456 500.21 549.198 cm
/Im3 Do
Q
q
1 0 0 0.456 501.17 549.198 cm
/Im4 Do
Q
q
1 0 0 0.456 501.65 549.198 cm
/Im3 Do
Q
q
1 0 0 0.456 502.61 549.198 cm
/Im3 Do
Q
q
1 0 0 0.456 503.57 549.198 cm
/Im3 Do
Q
q
1 0 0 0.456 504.53 549.198 cm
/Im3 Do
Q
q
1 0 0 0.456 505.49 549.198 cm
/Im3 Do
Q
q
1 0 0 0.456 506.45 549.198 cm
/Im3 Do
Q
q
1 0 0 0.456 507.41 549.198 cm
/Im3 Do
Q
q
1 0 0 0.456 508.3699 549.198 cm
/Im3 Do
Q
q
1 0 0 0.456 509.33 549.198 cm
/Im3 Do
Q
q
1 0 0 0.456 510.29 549.198 cm
/Im3 Do
Q
q
1 0 0 0.456 511.2499 549.198 cm
/Im3 Do
Q
q
1 0 0 0.456 512.21 549.198 cm
/Im3 Do
Q
q
1 0 0 0.456 513.1699 549.198 cm
/Im3 Do
Q
q
1 0 0 0.456 514.1299 549.198 cm
/Im3 Do
Q
q
1 0 0 0.456 515.09 549.198 cm
/Im3 Do
Q
q
1 0 0 0.456 516.0499 549.198 cm
/Im3 Do
Q
q
1 0 0 0.456 517.01 549.198 cm
/Im3 Do
Q
q
1 0 0 0.456 517.97 549.198 cm
/Im3 Do
Q
q
1 0 0 0.456 518.9299 549.198 cm
/Im3 Do
Q
q
1 0 0 0.456 519.89 549.198 cm
/Im3 Do
Q
q
1 0 0 0.456 520.85 549.198 cm
/Im3 Do
Q
q
1 0 0 0.456 521.8099 549.198 cm
/Im3 Do
Q
q
1 0 0 0.456 522.77 549.198 cm
/Im3 Do
Q
q
1 0 0 0.456 523.73 549.198 cm
/Im3 Do
Q
q
1 0 0 0.456 524.6899 549.198 cm
/Im3 Do
Q
q
1 0 0 0.456 525.65 549.198 cm
/Im3 Do
Q
q
1 0 0 0.456 526.61 549.198 cm
/Im3 Do
Q
q
1 0 0 0.456 527.57 549.198 cm
/Im3 Do
Q
q
1 0 0 0.456 528.53 549.198 cm
/Im3 Do
Q
q
1 0 0 0.456 529.4901 549.198 cm
/Im3 Do
Q
q
1 0 0 0.456 530.45 549.198 cm
/Im3 Do
Q
q
1 0 0 0.456 531.41 549.198 cm
/Im3 Do
Q
q
1 0 0 0.456 532.3699 549.198 cm
/Im3 Do
Q
q
1 0 0 0.456 533.33 549.198 cm
/Im3 Do
Q
q
1 0 0 0.456 534.29 549.198 cm
/Im3 Do
Q
q
1 0 0 0.456 535.2499 549.198 cm
/Im3 Do
Q
q
1 0 0 0.456 536.21 549.198 cm
/Im3 Do
Q
q
1 0 0 0.456 537.1699 549.198 cm
/Im3 Do
Q
q
1 0 0 0.456 538.1299 549.198 cm
/Im3 Do
Q
q
1 0 0 0.456 539.09 549.198 cm
/Im3 Do
Q
q
1 0 0 0.456 540.0499 549.198 cm
/Im3 Do
Q
q
1 0 0 0.456 541.01 549.198 cm
/Im3 Do
Q
q
1 0 0 0.456 541.97 549.198 cm
/Im3 Do
Q
q
1 0 0 0.456 542.93 549.198 cm
/Im3 Do
Q
q
1 0 0 0.456 543.89 549.198 cm
/Im3 Do
Q
q
1 0 0 0.456 544.85 549.198 cm
/Im3 Do
Q
q
1 0 0 0.456 545.8099 549.198 cm
/Im3 Do
Q
q
1 0 0 0.456 546.77 549.198 cm
/Im3 Do
Q
q
1 0 0 0.456 547.73 549.198 cm
/Im3 Do
Q
q
1 0 0 0.456 548.6899 549.198 cm
/Im3 Do
Q
q
1 0 0 0.456 549.65 549.198 cm
/Im3 Do
Q
q
0.24 0 0 0.456 550.61 549.198 cm
/Im7 Do
Q
BT
10.08 0 0 9.576 55.01 508.614 Tm
0.0077 Tc
(In)Tj
0.8095 0 TD
0.0315 Tc
(fo)Tj
0.8571 0 TD
-0.0235 Tc
(rm)Tj
1.1666 0 TD
-0.0084 Tc
0.0161 Tw
[(at)7.7(i)-24.5(on des)15.4(t)-16.1(i)-24.5(nÈe au)23.8(x)-32.2( pr)-8.7(o)23.8(f)-39.9(es)15.4(s)15.4(i)-24.5(onnel)-24.5(s)15.4( \()-8.7(I)-16.1(P)-8.1(R)-0.7(\))-8.7( )-20000(oui)-24.5( )]TJ
ET
q
1.026 0 0 0.9747 0 0 cm
0 G
1 J 0 j 0.702 w 10 M []0 d
467.427 521.125 8.889 8.889 re
S
Q
BT
10.08 0 0 9.576 490.13 508.614 Tm
0 Tc
0 Tw
( )Tj
2.6429 0 TD
-0.0084 Tc
(non )Tj
ET
q
1.026 0 0 0.9747 0 0 cm
0 G
1 J 0 j 0.702 w 10 M []0 d
523.569 521.125 8.889 8.889 re
S
Q
Q
BT
10.08 0 0 9.576 547.73 508.614 Tm
( )Tj
ET
q
1 i 
-1.63 25.14 595 799.9 re
W n
-1.63 25.14 595 799.9 re
W n
32.37 798.59 531.5 -762.35 re
0 841 m
W* n
-9 851 613 -860 re
0 841 m
W n
0.03 841.02 595.02 -841.02 re
W n
q
1 0 0 0.456 51.41 521.154 cm
/Im3 Do
Q
q
1 0 0 0.456 52.37 521.154 cm
/Im3 Do
Q
q
1 0 0 0.456 53.33 521.154 cm
/Im3 Do
Q
q
1 0 0 0.456 54.29 521.154 cm
/Im3 Do
Q
q
1 0 0 0.456 55.25 521.154 cm
/Im3 Do
Q
q
1 0 0 0.456 56.21 521.154 cm
/Im3 Do
Q
q
1 0 0 0.456 57.17 521.154 cm
/Im3 Do
Q
q
1 0 0 0.456 58.13 521.154 cm
/Im3 Do
Q
q
1 0 0 0.456 59.09 521.154 cm
/Im3 Do
Q
q
1 0 0 0.456 60.05 521.154 cm
/Im3 Do
Q
q
1 0 0 0.456 61.01 521.154 cm
/Im3 Do
Q
q
1 0 0 0.456 61.97 521.154 cm
/Im3 Do
Q
q
1 0 0 0.456 62.93 521.154 cm
/Im3 Do
Q
q
1 0 0 0.456 63.89 521.154 cm
/Im3 Do
Q
q
1 0 0 0.456 64.85 521.154 cm
/Im3 Do
Q
q
1 0 0 0.456 65.81 521.154 cm
/Im3 Do
Q
q
1 0 0 0.456 66.77 521.154 cm
/Im3 Do
Q
q
1 0 0 0.456 67.73 521.154 cm
/Im3 Do
Q
q
1 0 0 0.456 68.69 521.154 cm
/Im3 Do
Q
q
1 0 0 0.456 69.65 521.154 cm
/Im3 Do
Q
q
1 0 0 0.456 70.61 521.154 cm
/Im3 Do
Q
q
1 0 0 0.456 71.57 521.154 cm
/Im3 Do
Q
q
1 0 0 0.456 72.53 521.154 cm
/Im3 Do
Q
q
1 0 0 0.456 73.49 521.154 cm
/Im3 Do
Q
q
1 0 0 0.456 74.45 521.154 cm
/Im3 Do
Q
q
1 0 0 0.456 75.41 521.154 cm
/Im3 Do
Q
q
1 0 0 0.456 76.37 521.154 cm
/Im3 Do
Q
q
1 0 0 0.456 77.33 521.154 cm
/Im3 Do
Q
q
1 0 0 0.456 78.29 521.154 cm
/Im3 Do
Q
q
1 0 0 0.456 79.25 521.154 cm
/Im3 Do
Q
q
1 0 0 0.456 80.21 521.154 cm
/Im3 Do
Q
q
1 0 0 0.456 81.17 521.154 cm
/Im3 Do
Q
q
1 0 0 0.456 82.13 521.154 cm
/Im3 Do
Q
q
1 0 0 0.456 83.09 521.154 cm
/Im3 Do
Q
q
1 0 0 0.456 84.05 521.154 cm
/Im3 Do
Q
q
1 0 0 0.456 85.01 521.154 cm
/Im3 Do
Q
q
1 0 0 0.456 85.97 521.154 cm
/Im3 Do
Q
q
1 0 0 0.456 86.93 521.154 cm
/Im3 Do
Q
q
1 0 0 0.456 87.89 521.154 cm
/Im3 Do
Q
q
1 0 0 0.456 88.85 521.154 cm
/Im3 Do
Q
q
1 0 0 0.456 89.81 521.154 cm
/Im3 Do
Q
q
1 0 0 0.456 90.77 521.154 cm
/Im3 Do
Q
q
1 0 0 0.456 91.73 521.154 cm
/Im3 Do
Q
q
1 0 0 0.456 92.69 521.154 cm
/Im3 Do
Q
q
1 0 0 0.456 93.65 521.154 cm
/Im3 Do
Q
q
1 0 0 0.456 94.61 521.154 cm
/Im3 Do
Q
q
1 0 0 0.456 95.57 521.154 cm
/Im3 Do
Q
q
1 0 0 0.456 96.53 521.154 cm
/Im3 Do
Q
q
1 0 0 0.456 97.49 521.154 cm
/Im3 Do
Q
q
1 0 0 0.456 98.45 521.154 cm
/Im3 Do
Q
q
1 0 0 0.456 99.41 521.154 cm
/Im3 Do
Q
q
1 0 0 0.456 100.37 521.154 cm
/Im3 Do
Q
q
1 0 0 0.456 101.33 521.154 cm
/Im3 Do
Q
q
1 0 0 0.456 102.29 521.154 cm
/Im3 Do
Q
q
1 0 0 0.456 103.25 521.154 cm
/Im3 Do
Q
q
1 0 0 0.456 104.21 521.154 cm
/Im3 Do
Q
q
1 0 0 0.456 105.17 521.154 cm
/Im3 Do
Q
q
1 0 0 0.456 106.13 521.154 cm
/Im3 Do
Q
q
1 0 0 0.456 107.09 521.154 cm
/Im3 Do
Q
q
1 0 0 0.456 108.05 521.154 cm
/Im3 Do
Q
q
1 0 0 0.456 109.01 521.154 cm
/Im3 Do
Q
q
1 0 0 0.456 109.97 521.154 cm
/Im3 Do
Q
q
1 0 0 0.456 110.93 521.154 cm
/Im3 Do
Q
q
1 0 0 0.456 111.89 521.154 cm
/Im3 Do
Q
q
1 0 0 0.456 112.85 521.154 cm
/Im3 Do
Q
q
1 0 0 0.456 113.81 521.154 cm
/Im3 Do
Q
q
1 0 0 0.456 114.77 521.154 cm
/Im3 Do
Q
q
1 0 0 0.456 115.73 521.154 cm
/Im3 Do
Q
q
1 0 0 0.456 116.69 521.154 cm
/Im3 Do
Q
q
1 0 0 0.456 117.65 521.154 cm
/Im3 Do
Q
q
1 0 0 0.456 118.61 521.154 cm
/Im3 Do
Q
q
1 0 0 0.456 119.57 521.154 cm
/Im3 Do
Q
q
1 0 0 0.456 120.53 521.154 cm
/Im3 Do
Q
q
1 0 0 0.456 121.49 521.154 cm
/Im3 Do
Q
q
1 0 0 0.456 122.45 521.154 cm
/Im3 Do
Q
q
1 0 0 0.456 123.41 521.154 cm
/Im3 Do
Q
q
1 0 0 0.456 124.37 521.154 cm
/Im3 Do
Q
q
1 0 0 0.456 125.33 521.154 cm
/Im3 Do
Q
q
1 0 0 0.456 126.29 521.154 cm
/Im3 Do
Q
q
1 0 0 0.456 127.25 521.154 cm
/Im3 Do
Q
q
1 0 0 0.456 128.21 521.154 cm
/Im3 Do
Q
q
1 0 0 0.456 129.17 521.154 cm
/Im3 Do
Q
q
1 0 0 0.456 130.13 521.154 cm
/Im3 Do
Q
q
1 0 0 0.456 131.09 521.154 cm
/Im3 Do
Q
q
1 0 0 0.456 132.05 521.154 cm
/Im3 Do
Q
q
1 0 0 0.456 133.01 521.154 cm
/Im3 Do
Q
q
1 0 0 0.456 133.97 521.154 cm
/Im3 Do
Q
q
1 0 0 0.456 134.93 521.154 cm
/Im3 Do
Q
q
1 0 0 0.456 135.89 521.154 cm
/Im3 Do
Q
q
1 0 0 0.456 136.85 521.154 cm
/Im3 Do
Q
q
1 0 0 0.456 137.81 521.154 cm
/Im3 Do
Q
q
1 0 0 0.456 138.77 521.154 cm
/Im3 Do
Q
q
1 0 0 0.456 139.73 521.154 cm
/Im3 Do
Q
q
1 0 0 0.456 140.69 521.154 cm
/Im3 Do
Q
q
1 0 0 0.456 141.65 521.154 cm
/Im3 Do
Q
q
1 0 0 0.456 142.61 521.154 cm
/Im3 Do
Q
q
1 0 0 0.456 143.57 521.154 cm
/Im3 Do
Q
q
1 0 0 0.456 144.53 521.154 cm
/Im3 Do
Q
q
1 0 0 0.456 145.49 521.154 cm
/Im3 Do
Q
q
1 0 0 0.456 146.45 521.154 cm
/Im3 Do
Q
q
1 0 0 0.456 147.41 521.154 cm
/Im3 Do
Q
q
1 0 0 0.456 148.37 521.154 cm
/Im3 Do
Q
q
1 0 0 0.456 149.33 521.154 cm
/Im3 Do
Q
q
1 0 0 0.456 150.29 521.154 cm
/Im3 Do
Q
q
1 0 0 0.456 151.25 521.154 cm
/Im3 Do
Q
q
1 0 0 0.456 152.21 521.154 cm
/Im3 Do
Q
q
1 0 0 0.456 153.17 521.154 cm
/Im3 Do
Q
q
1 0 0 0.456 154.13 521.154 cm
/Im3 Do
Q
q
1 0 0 0.456 155.09 521.154 cm
/Im3 Do
Q
q
1 0 0 0.456 156.05 521.154 cm
/Im3 Do
Q
q
1 0 0 0.456 157.01 521.154 cm
/Im3 Do
Q
q
1 0 0 0.456 157.97 521.154 cm
/Im3 Do
Q
q
1 0 0 0.456 158.93 521.154 cm
/Im3 Do
Q
q
1 0 0 0.456 159.89 521.154 cm
/Im3 Do
Q
q
1 0 0 0.456 160.85 521.154 cm
/Im3 Do
Q
q
1 0 0 0.456 161.81 521.154 cm
/Im3 Do
Q
q
1 0 0 0.456 162.77 521.154 cm
/Im3 Do
Q
q
1 0 0 0.456 163.73 521.154 cm
/Im3 Do
Q
q
1 0 0 0.456 164.69 521.154 cm
/Im3 Do
Q
q
1 0 0 0.456 165.65 521.154 cm
/Im3 Do
Q
q
1 0 0 0.456 166.61 521.154 cm
/Im3 Do
Q
q
1 0 0 0.456 167.57 521.154 cm
/Im3 Do
Q
q
1 0 0 0.456 168.53 521.154 cm
/Im3 Do
Q
q
1 0 0 0.456 169.49 521.154 cm
/Im3 Do
Q
q
1 0 0 0.456 170.45 521.154 cm
/Im3 Do
Q
q
1 0 0 0.456 171.41 521.154 cm
/Im3 Do
Q
q
1 0 0 0.456 172.37 521.154 cm
/Im3 Do
Q
q
1 0 0 0.456 173.33 521.154 cm
/Im3 Do
Q
q
1 0 0 0.456 174.29 521.154 cm
/Im3 Do
Q
q
1 0 0 0.456 175.25 521.154 cm
/Im3 Do
Q
q
1 0 0 0.456 176.21 521.154 cm
/Im3 Do
Q
q
1 0 0 0.456 177.17 521.154 cm
/Im3 Do
Q
q
1 0 0 0.456 178.13 521.154 cm
/Im3 Do
Q
q
1 0 0 0.456 179.09 521.154 cm
/Im3 Do
Q
q
1 0 0 0.456 180.05 521.154 cm
/Im3 Do
Q
q
1 0 0 0.456 181.01 521.154 cm
/Im3 Do
Q
q
1 0 0 0.456 181.97 521.154 cm
/Im3 Do
Q
q
1 0 0 0.456 182.93 521.154 cm
/Im3 Do
Q
q
1 0 0 0.456 183.89 521.154 cm
/Im3 Do
Q
q
1 0 0 0.456 184.85 521.154 cm
/Im3 Do
Q
q
1 0 0 0.456 185.81 521.154 cm
/Im3 Do
Q
q
1 0 0 0.456 186.77 521.154 cm
/Im3 Do
Q
q
1 0 0 0.456 187.73 521.154 cm
/Im3 Do
Q
q
1 0 0 0.456 188.69 521.154 cm
/Im3 Do
Q
q
1 0 0 0.456 189.65 521.154 cm
/Im3 Do
Q
q
1 0 0 0.456 190.61 521.154 cm
/Im3 Do
Q
q
1 0 0 0.456 191.57 521.154 cm
/Im3 Do
Q
q
1 0 0 0.456 192.53 521.154 cm
/Im3 Do
Q
q
1 0 0 0.456 193.49 521.154 cm
/Im3 Do
Q
q
1 0 0 0.456 194.45 521.154 cm
/Im3 Do
Q
q
1 0 0 0.456 195.41 521.154 cm
/Im3 Do
Q
q
1 0 0 0.456 196.37 521.154 cm
/Im3 Do
Q
q
1 0 0 0.456 197.33 521.154 cm
/Im3 Do
Q
q
1 0 0 0.456 198.29 521.154 cm
/Im3 Do
Q
q
1 0 0 0.456 199.25 521.154 cm
/Im3 Do
Q
q
1 0 0 0.456 200.21 521.154 cm
/Im3 Do
Q
q
1 0 0 0.456 201.17 521.154 cm
/Im3 Do
Q
q
1 0 0 0.456 202.13 521.154 cm
/Im3 Do
Q
q
1 0 0 0.456 203.09 521.154 cm
/Im3 Do
Q
q
1 0 0 0.456 204.05 521.154 cm
/Im3 Do
Q
q
1 0 0 0.456 205.01 521.154 cm
/Im3 Do
Q
q
1 0 0 0.456 205.97 521.154 cm
/Im3 Do
Q
q
1 0 0 0.456 206.93 521.154 cm
/Im3 Do
Q
q
1 0 0 0.456 207.89 521.154 cm
/Im3 Do
Q
q
1 0 0 0.456 208.85 521.154 cm
/Im3 Do
Q
q
1 0 0 0.456 209.81 521.154 cm
/Im3 Do
Q
q
1 0 0 0.456 210.77 521.154 cm
/Im3 Do
Q
q
1 0 0 0.456 211.73 521.154 cm
/Im3 Do
Q
q
1 0 0 0.456 212.69 521.154 cm
/Im3 Do
Q
q
1 0 0 0.456 213.65 521.154 cm
/Im3 Do
Q
q
1 0 0 0.456 214.61 521.154 cm
/Im3 Do
Q
q
1 0 0 0.456 215.57 521.154 cm
/Im3 Do
Q
q
1 0 0 0.456 216.53 521.154 cm
/Im3 Do
Q
q
1 0 0 0.456 217.49 521.154 cm
/Im3 Do
Q
q
1 0 0 0.456 218.45 521.154 cm
/Im3 Do
Q
q
1 0 0 0.456 219.41 521.154 cm
/Im3 Do
Q
q
1 0 0 0.456 220.37 521.154 cm
/Im3 Do
Q
q
1 0 0 0.456 221.33 521.154 cm
/Im3 Do
Q
q
1 0 0 0.456 222.29 521.154 cm
/Im3 Do
Q
q
1 0 0 0.456 223.25 521.154 cm
/Im3 Do
Q
q
1 0 0 0.456 224.21 521.154 cm
/Im3 Do
Q
q
1 0 0 0.456 225.17 521.154 cm
/Im3 Do
Q
q
1 0 0 0.456 226.13 521.154 cm
/Im3 Do
Q
q
1 0 0 0.456 227.09 521.154 cm
/Im3 Do
Q
q
1 0 0 0.456 228.05 521.154 cm
/Im3 Do
Q
q
1 0 0 0.456 229.01 521.154 cm
/Im3 Do
Q
q
1 0 0 0.456 229.97 521.154 cm
/Im3 Do
Q
q
1 0 0 0.456 230.93 521.154 cm
/Im3 Do
Q
q
1 0 0 0.456 231.89 521.154 cm
/Im3 Do
Q
q
1 0 0 0.456 232.85 521.154 cm
/Im3 Do
Q
q
1 0 0 0.456 233.81 521.154 cm
/Im3 Do
Q
q
1 0 0 0.456 234.77 521.154 cm
/Im3 Do
Q
q
1 0 0 0.456 235.73 521.154 cm
/Im3 Do
Q
q
1 0 0 0.456 236.69 521.154 cm
/Im3 Do
Q
q
1 0 0 0.456 237.65 521.154 cm
/Im3 Do
Q
q
1 0 0 0.456 238.61 521.154 cm
/Im3 Do
Q
q
1 0 0 0.456 239.57 521.154 cm
/Im3 Do
Q
q
1 0 0 0.456 240.53 521.154 cm
/Im3 Do
Q
q
1 0 0 0.456 241.49 521.154 cm
/Im3 Do
Q
q
1 0 0 0.456 242.45 521.154 cm
/Im3 Do
Q
q
1 0 0 0.456 243.41 521.154 cm
/Im3 Do
Q
q
1 0 0 0.456 244.37 521.154 cm
/Im3 Do
Q
q
1 0 0 0.456 245.33 521.154 cm
/Im3 Do
Q
q
1 0 0 0.456 246.29 521.154 cm
/Im3 Do
Q
q
1 0 0 0.456 247.25 521.154 cm
/Im3 Do
Q
q
1 0 0 0.456 248.21 521.154 cm
/Im3 Do
Q
q
1 0 0 0.456 249.17 521.154 cm
/Im3 Do
Q
q
1 0 0 0.456 250.13 521.154 cm
/Im3 Do
Q
q
1 0 0 0.456 251.09 521.154 cm
/Im3 Do
Q
q
1 0 0 0.456 252.05 521.154 cm
/Im3 Do
Q
q
1 0 0 0.456 253.01 521.154 cm
/Im3 Do
Q
q
1 0 0 0.456 253.97 521.154 cm
/Im3 Do
Q
q
1 0 0 0.456 254.93 521.154 cm
/Im3 Do
Q
q
1 0 0 0.456 255.89 521.154 cm
/Im3 Do
Q
q
1 0 0 0.456 256.85 521.154 cm
/Im3 Do
Q
q
1 0 0 0.456 257.81 521.154 cm
/Im3 Do
Q
q
1 0 0 0.456 258.77 521.154 cm
/Im3 Do
Q
q
1 0 0 0.456 259.73 521.154 cm
/Im3 Do
Q
q
1 0 0 0.456 260.69 521.154 cm
/Im3 Do
Q
q
1 0 0 0.456 261.65 521.154 cm
/Im3 Do
Q
q
1 0 0 0.456 262.61 521.154 cm
/Im3 Do
Q
q
1 0 0 0.456 263.57 521.154 cm
/Im3 Do
Q
q
1 0 0 0.456 264.53 521.154 cm
/Im3 Do
Q
q
1 0 0 0.456 265.49 521.154 cm
/Im3 Do
Q
q
1 0 0 0.456 266.45 521.154 cm
/Im3 Do
Q
q
1 0 0 0.456 267.41 521.154 cm
/Im3 Do
Q
q
1 0 0 0.456 268.37 521.154 cm
/Im3 Do
Q
q
1 0 0 0.456 269.33 521.154 cm
/Im3 Do
Q
q
1 0 0 0.456 270.29 521.154 cm
/Im3 Do
Q
q
1 0 0 0.456 271.25 521.154 cm
/Im3 Do
Q
q
1 0 0 0.456 272.21 521.154 cm
/Im3 Do
Q
q
1 0 0 0.456 273.17 521.154 cm
/Im3 Do
Q
q
1 0 0 0.456 274.13 521.154 cm
/Im3 Do
Q
q
1 0 0 0.456 275.09 521.154 cm
/Im3 Do
Q
q
1 0 0 0.456 276.05 521.154 cm
/Im3 Do
Q
q
1 0 0 0.456 277.01 521.154 cm
/Im3 Do
Q
q
1 0 0 0.456 277.97 521.154 cm
/Im3 Do
Q
q
1 0 0 0.456 278.93 521.154 cm
/Im3 Do
Q
q
1 0 0 0.456 279.89 521.154 cm
/Im3 Do
Q
q
1 0 0 0.456 280.85 521.154 cm
/Im3 Do
Q
q
1 0 0 0.456 281.81 521.154 cm
/Im3 Do
Q
q
1 0 0 0.456 282.77 521.154 cm
/Im3 Do
Q
q
1 0 0 0.456 283.73 521.154 cm
/Im3 Do
Q
q
1 0 0 0.456 284.69 521.154 cm
/Im3 Do
Q
q
1 0 0 0.456 285.65 521.154 cm
/Im3 Do
Q
q
1 0 0 0.456 286.61 521.154 cm
/Im3 Do
Q
q
1 0 0 0.456 287.57 521.154 cm
/Im3 Do
Q
q
1 0 0 0.456 288.53 521.154 cm
/Im3 Do
Q
q
1 0 0 0.456 289.49 521.154 cm
/Im3 Do
Q
q
1 0 0 0.456 290.45 521.154 cm
/Im3 Do
Q
q
1 0 0 0.456 291.41 521.154 cm
/Im3 Do
Q
q
1 0 0 0.456 292.37 521.154 cm
/Im3 Do
Q
q
1 0 0 0.456 293.33 521.154 cm
/Im3 Do
Q
q
1 0 0 0.456 294.29 521.154 cm
/Im3 Do
Q
q
1 0 0 0.456 295.25 521.154 cm
/Im3 Do
Q
q
1 0 0 0.456 296.21 521.154 cm
/Im3 Do
Q
q
1 0 0 0.456 297.17 521.154 cm
/Im3 Do
Q
q
1 0 0 0.456 298.13 521.154 cm
/Im3 Do
Q
q
1 0 0 0.456 299.09 521.154 cm
/Im3 Do
Q
q
1 0 0 0.456 300.05 521.154 cm
/Im3 Do
Q
q
1 0 0 0.456 301.01 521.154 cm
/Im3 Do
Q
q
1 0 0 0.456 301.97 521.154 cm
/Im3 Do
Q
q
1 0 0 0.456 302.93 521.154 cm
/Im3 Do
Q
q
1 0 0 0.456 303.89 521.154 cm
/Im3 Do
Q
q
1 0 0 0.456 304.85 521.154 cm
/Im3 Do
Q
q
1 0 0 0.456 305.81 521.154 cm
/Im3 Do
Q
q
1 0 0 0.456 306.77 521.154 cm
/Im3 Do
Q
q
1 0 0 0.456 307.73 521.154 cm
/Im3 Do
Q
q
1 0 0 0.456 308.69 521.154 cm
/Im3 Do
Q
q
1 0 0 0.456 309.65 521.154 cm
/Im3 Do
Q
q
1 0 0 0.456 310.61 521.154 cm
/Im3 Do
Q
q
1 0 0 0.456 311.57 521.154 cm
/Im3 Do
Q
q
1 0 0 0.456 312.53 521.154 cm
/Im3 Do
Q
q
1 0 0 0.456 313.49 521.154 cm
/Im3 Do
Q
q
1 0 0 0.456 314.45 521.154 cm
/Im3 Do
Q
q
1 0 0 0.456 315.41 521.154 cm
/Im3 Do
Q
q
1 0 0 0.456 316.37 521.154 cm
/Im3 Do
Q
q
1 0 0 0.456 317.33 521.154 cm
/Im3 Do
Q
q
1 0 0 0.456 318.29 521.154 cm
/Im3 Do
Q
q
1 0 0 0.456 319.25 521.154 cm
/Im3 Do
Q
q
1 0 0 0.456 320.21 521.154 cm
/Im3 Do
Q
q
1 0 0 0.456 321.17 521.154 cm
/Im3 Do
Q
q
1 0 0 0.456 322.13 521.154 cm
/Im3 Do
Q
q
1 0 0 0.456 323.09 521.154 cm
/Im3 Do
Q
q
1 0 0 0.456 324.05 521.154 cm
/Im3 Do
Q
q
1 0 0 0.456 325.01 521.154 cm
/Im3 Do
Q
q
1 0 0 0.456 325.97 521.154 cm
/Im3 Do
Q
q
1 0 0 0.456 326.93 521.154 cm
/Im3 Do
Q
q
1 0 0 0.456 327.89 521.154 cm
/Im3 Do
Q
q
1 0 0 0.456 328.85 521.154 cm
/Im3 Do
Q
q
1 0 0 0.456 329.81 521.154 cm
/Im3 Do
Q
q
1 0 0 0.456 330.77 521.154 cm
/Im3 Do
Q
q
1 0 0 0.456 331.73 521.154 cm
/Im3 Do
Q
q
1 0 0 0.456 332.69 521.154 cm
/Im3 Do
Q
q
1 0 0 0.456 333.65 521.154 cm
/Im3 Do
Q
q
1 0 0 0.456 334.61 521.154 cm
/Im3 Do
Q
q
1 0 0 0.456 335.57 521.154 cm
/Im3 Do
Q
q
1 0 0 0.456 336.53 521.154 cm
/Im3 Do
Q
q
1 0 0 0.456 337.49 521.154 cm
/Im3 Do
Q
q
1 0 0 0.456 338.45 521.154 cm
/Im3 Do
Q
q
1 0 0 0.456 339.41 521.154 cm
/Im3 Do
Q
q
1 0 0 0.456 340.37 521.154 cm
/Im3 Do
Q
q
1 0 0 0.456 341.33 521.154 cm
/Im3 Do
Q
q
1 0 0 0.456 342.29 521.154 cm
/Im3 Do
Q
q
1 0 0 0.456 343.25 521.154 cm
/Im3 Do
Q
q
1 0 0 0.456 344.21 521.154 cm
/Im3 Do
Q
q
1 0 0 0.456 345.17 521.154 cm
/Im3 Do
Q
q
1 0 0 0.456 346.13 521.154 cm
/Im3 Do
Q
q
1 0 0 0.456 347.09 521.154 cm
/Im3 Do
Q
q
1 0 0 0.456 348.05 521.154 cm
/Im3 Do
Q
q
1 0 0 0.456 349.01 521.154 cm
/Im3 Do
Q
q
1 0 0 0.456 349.97 521.154 cm
/Im3 Do
Q
q
1 0 0 0.456 350.93 521.154 cm
/Im3 Do
Q
q
1 0 0 0.456 351.89 521.154 cm
/Im3 Do
Q
q
1 0 0 0.456 352.85 521.154 cm
/Im3 Do
Q
q
1 0 0 0.456 353.81 521.154 cm
/Im3 Do
Q
q
1 0 0 0.456 354.77 521.154 cm
/Im3 Do
Q
q
1 0 0 0.456 355.73 521.154 cm
/Im3 Do
Q
q
1 0 0 0.456 356.69 521.154 cm
/Im3 Do
Q
q
1 0 0 0.456 357.65 521.154 cm
/Im3 Do
Q
q
1 0 0 0.456 358.61 521.154 cm
/Im3 Do
Q
q
1 0 0 0.456 359.57 521.154 cm
/Im3 Do
Q
q
1 0 0 0.456 360.53 521.154 cm
/Im3 Do
Q
q
1 0 0 0.456 361.49 521.154 cm
/Im3 Do
Q
q
1 0 0 0.456 362.45 521.154 cm
/Im3 Do
Q
q
1 0 0 0.456 363.41 521.154 cm
/Im3 Do
Q
q
1 0 0 0.456 364.37 521.154 cm
/Im3 Do
Q
q
1 0 0 0.456 365.33 521.154 cm
/Im3 Do
Q
q
1 0 0 0.456 366.29 521.154 cm
/Im3 Do
Q
q
1 0 0 0.456 367.25 521.154 cm
/Im3 Do
Q
q
1 0 0 0.456 368.21 521.154 cm
/Im3 Do
Q
q
1 0 0 0.456 369.17 521.154 cm
/Im3 Do
Q
q
1 0 0 0.456 370.13 521.154 cm
/Im3 Do
Q
q
1 0 0 0.456 371.09 521.154 cm
/Im3 Do
Q
q
1 0 0 0.456 372.05 521.154 cm
/Im3 Do
Q
q
1 0 0 0.456 373.01 521.154 cm
/Im3 Do
Q
q
1 0 0 0.456 373.97 521.154 cm
/Im3 Do
Q
q
1 0 0 0.456 374.93 521.154 cm
/Im3 Do
Q
q
1 0 0 0.456 375.89 521.154 cm
/Im3 Do
Q
q
1 0 0 0.456 376.85 521.154 cm
/Im3 Do
Q
q
1 0 0 0.456 377.81 521.154 cm
/Im3 Do
Q
q
1 0 0 0.456 378.77 521.154 cm
/Im3 Do
Q
q
1 0 0 0.456 379.73 521.154 cm
/Im3 Do
Q
q
1 0 0 0.456 380.69 521.154 cm
/Im3 Do
Q
q
1 0 0 0.456 381.65 521.154 cm
/Im3 Do
Q
q
1 0 0 0.456 382.61 521.154 cm
/Im3 Do
Q
q
1 0 0 0.456 383.57 521.154 cm
/Im3 Do
Q
q
1 0 0 0.456 384.53 521.154 cm
/Im3 Do
Q
q
1 0 0 0.456 385.49 521.154 cm
/Im3 Do
Q
q
1 0 0 0.456 386.45 521.154 cm
/Im3 Do
Q
q
1 0 0 0.456 387.41 521.154 cm
/Im3 Do
Q
q
1 0 0 0.456 388.37 521.154 cm
/Im3 Do
Q
q
1 0 0 0.456 389.33 521.154 cm
/Im3 Do
Q
q
1 0 0 0.456 390.29 521.154 cm
/Im3 Do
Q
q
1 0 0 0.456 391.25 521.154 cm
/Im3 Do
Q
q
1 0 0 0.456 392.21 521.154 cm
/Im3 Do
Q
q
1 0 0 0.456 393.17 521.154 cm
/Im3 Do
Q
q
1 0 0 0.456 394.13 521.154 cm
/Im3 Do
Q
q
1 0 0 0.456 395.09 521.154 cm
/Im3 Do
Q
q
1 0 0 0.456 396.05 521.154 cm
/Im3 Do
Q
q
1 0 0 0.456 397.01 521.154 cm
/Im3 Do
Q
q
1 0 0 0.456 397.97 521.154 cm
/Im3 Do
Q
q
1 0 0 0.456 398.93 521.154 cm
/Im3 Do
Q
q
1 0 0 0.456 399.89 521.154 cm
/Im3 Do
Q
q
1 0 0 0.456 400.85 521.154 cm
/Im3 Do
Q
q
1 0 0 0.456 401.81 521.154 cm
/Im3 Do
Q
q
1 0 0 0.456 402.77 521.154 cm
/Im3 Do
Q
q
1 0 0 0.456 403.73 521.154 cm
/Im3 Do
Q
q
1 0 0 0.456 404.69 521.154 cm
/Im3 Do
Q
q
1 0 0 0.456 405.65 521.154 cm
/Im3 Do
Q
q
1 0 0 0.456 406.61 521.154 cm
/Im3 Do
Q
q
1 0 0 0.456 407.57 521.154 cm
/Im3 Do
Q
q
1 0 0 0.456 408.53 521.154 cm
/Im3 Do
Q
q
1 0 0 0.456 409.49 521.154 cm
/Im3 Do
Q
q
1 0 0 0.456 410.45 521.154 cm
/Im3 Do
Q
q
1 0 0 0.456 411.41 521.154 cm
/Im3 Do
Q
q
1 0 0 0.456 412.37 521.154 cm
/Im3 Do
Q
q
1 0 0 0.456 413.33 521.154 cm
/Im3 Do
Q
q
1 0 0 0.456 414.29 521.154 cm
/Im3 Do
Q
q
1 0 0 0.456 415.25 521.154 cm
/Im3 Do
Q
q
1 0 0 0.456 416.21 521.154 cm
/Im3 Do
Q
q
1 0 0 0.456 417.17 521.154 cm
/Im3 Do
Q
q
1 0 0 0.456 418.13 521.154 cm
/Im3 Do
Q
q
1 0 0 0.456 419.09 521.154 cm
/Im3 Do
Q
q
1 0 0 0.456 420.05 521.154 cm
/Im3 Do
Q
q
1 0 0 0.456 421.01 521.154 cm
/Im3 Do
Q
q
1 0 0 0.456 421.97 521.154 cm
/Im3 Do
Q
q
1 0 0 0.456 422.93 521.154 cm
/Im3 Do
Q
q
1 0 0 0.456 423.89 521.154 cm
/Im3 Do
Q
q
1 0 0 0.456 424.85 521.154 cm
/Im3 Do
Q
q
1 0 0 0.456 425.81 521.154 cm
/Im3 Do
Q
q
1 0 0 0.456 426.77 521.154 cm
/Im3 Do
Q
q
1 0 0 0.456 427.73 521.154 cm
/Im3 Do
Q
q
1 0 0 0.456 428.69 521.154 cm
/Im3 Do
Q
q
1 0 0 0.456 429.65 521.154 cm
/Im3 Do
Q
q
1 0 0 0.456 430.61 521.154 cm
/Im3 Do
Q
q
1 0 0 0.456 431.57 521.154 cm
/Im3 Do
Q
q
1 0 0 0.456 432.53 521.154 cm
/Im3 Do
Q
q
1 0 0 0.456 433.49 521.154 cm
/Im3 Do
Q
q
1 0 0 0.456 434.45 521.154 cm
/Im3 Do
Q
q
1 0 0 0.456 435.41 521.154 cm
/Im3 Do
Q
q
1 0 0 0.456 436.37 521.154 cm
/Im3 Do
Q
q
1 0 0 0.456 437.33 521.154 cm
/Im3 Do
Q
q
1 0 0 0.456 438.29 521.154 cm
/Im3 Do
Q
q
1 0 0 0.456 439.25 521.154 cm
/Im3 Do
Q
q
1 0 0 0.456 440.21 521.154 cm
/Im3 Do
Q
q
1 0 0 0.456 441.17 521.154 cm
/Im3 Do
Q
q
1 0 0 0.456 442.13 521.154 cm
/Im3 Do
Q
q
1 0 0 0.456 443.09 521.154 cm
/Im3 Do
Q
q
1 0 0 0.456 444.05 521.154 cm
/Im3 Do
Q
q
1 0 0 0.456 445.01 521.154 cm
/Im3 Do
Q
q
1 0 0 0.456 445.97 521.154 cm
/Im3 Do
Q
q
1 0 0 0.456 446.93 521.154 cm
/Im3 Do
Q
q
1 0 0 0.456 447.89 521.154 cm
/Im3 Do
Q
q
1 0 0 0.456 448.85 521.154 cm
/Im3 Do
Q
q
1 0 0 0.456 449.81 521.154 cm
/Im3 Do
Q
q
1 0 0 0.456 450.77 521.154 cm
/Im3 Do
Q
q
1 0 0 0.456 451.73 521.154 cm
/Im3 Do
Q
q
1 0 0 0.456 452.69 521.154 cm
/Im3 Do
Q
q
1 0 0 0.456 453.65 521.154 cm
/Im3 Do
Q
q
1 0 0 0.456 454.61 521.154 cm
/Im3 Do
Q
q
1 0 0 0.456 455.57 521.154 cm
/Im3 Do
Q
q
1 0 0 0.456 456.53 521.154 cm
/Im3 Do
Q
q
1 0 0 0.456 457.49 521.154 cm
/Im3 Do
Q
q
1 0 0 0.456 458.45 521.154 cm
/Im5 Do
Q
q
1 0 0 0.456 458.93 521.154 cm
/Im3 Do
Q
q
1 0 0 0.456 459.89 521.154 cm
/Im3 Do
Q
q
1 0 0 0.456 460.85 521.154 cm
/Im3 Do
Q
q
1 0 0 0.456 461.81 521.154 cm
/Im3 Do
Q
q
1 0 0 0.456 462.77 521.154 cm
/Im3 Do
Q
q
1 0 0 0.456 463.73 521.154 cm
/Im3 Do
Q
q
1 0 0 0.456 464.69 521.154 cm
/Im3 Do
Q
q
1 0 0 0.456 465.65 521.154 cm
/Im3 Do
Q
q
1 0 0 0.456 466.61 521.154 cm
/Im3 Do
Q
q
1 0 0 0.456 467.57 521.154 cm
/Im3 Do
Q
q
1 0 0 0.456 468.53 521.154 cm
/Im3 Do
Q
q
1 0 0 0.456 469.49 521.154 cm
/Im3 Do
Q
q
1 0 0 0.456 470.45 521.154 cm
/Im3 Do
Q
q
1 0 0 0.456 471.41 521.154 cm
/Im3 Do
Q
q
1 0 0 0.456 472.37 521.154 cm
/Im3 Do
Q
q
1 0 0 0.456 473.33 521.154 cm
/Im3 Do
Q
q
1 0 0 0.456 474.29 521.154 cm
/Im3 Do
Q
q
1 0 0 0.456 475.25 521.154 cm
/Im3 Do
Q
q
1 0 0 0.456 476.21 521.154 cm
/Im3 Do
Q
q
1 0 0 0.456 477.17 521.154 cm
/Im3 Do
Q
q
1 0 0 0.456 478.13 521.154 cm
/Im3 Do
Q
q
1 0 0 0.456 479.09 521.154 cm
/Im3 Do
Q
q
1 0 0 0.456 480.05 521.154 cm
/Im3 Do
Q
q
1 0 0 0.456 481.01 521.154 cm
/Im3 Do
Q
q
1 0 0 0.456 481.97 521.154 cm
/Im3 Do
Q
q
1 0 0 0.456 482.93 521.154 cm
/Im3 Do
Q
q
1 0 0 0.456 483.89 521.154 cm
/Im3 Do
Q
q
1 0 0 0.456 484.85 521.154 cm
/Im3 Do
Q
q
1 0 0 0.456 485.81 521.154 cm
/Im3 Do
Q
q
1 0 0 0.456 486.77 521.154 cm
/Im3 Do
Q
q
1 0 0 0.456 487.73 521.154 cm
/Im3 Do
Q
q
1 0 0 0.456 488.69 521.154 cm
/Im3 Do
Q
q
1 0 0 0.456 489.65 521.154 cm
/Im3 Do
Q
q
1 0 0 0.456 490.61 521.154 cm
/Im3 Do
Q
q
1 0 0 0.456 491.57 521.154 cm
/Im3 Do
Q
q
1 0 0 0.456 492.53 521.154 cm
/Im3 Do
Q
q
1 0 0 0.456 493.49 521.154 cm
/Im3 Do
Q
q
1 0 0 0.456 494.45 521.154 cm
/Im3 Do
Q
q
1 0 0 0.456 495.41 521.154 cm
/Im3 Do
Q
q
1 0 0 0.456 496.37 521.154 cm
/Im3 Do
Q
q
1 0 0 0.456 497.33 521.154 cm
/Im3 Do
Q
q
1 0 0 0.456 498.29 521.154 cm
/Im3 Do
Q
q
1 0 0 0.456 499.25 521.154 cm
/Im3 Do
Q
q
1 0 0 0.456 500.21 521.154 cm
/Im3 Do
Q
q
1 0 0 0.456 501.17 521.154 cm
/Im4 Do
Q
q
1 0 0 0.456 501.65 521.154 cm
/Im3 Do
Q
q
1 0 0 0.456 502.61 521.154 cm
/Im3 Do
Q
q
1 0 0 0.456 503.57 521.154 cm
/Im3 Do
Q
q
1 0 0 0.456 504.53 521.154 cm
/Im3 Do
Q
q
1 0 0 0.456 505.49 521.154 cm
/Im3 Do
Q
q
1 0 0 0.456 506.45 521.154 cm
/Im3 Do
Q
q
1 0 0 0.456 507.41 521.154 cm
/Im3 Do
Q
q
1 0 0 0.456 508.3699 521.154 cm
/Im3 Do
Q
q
1 0 0 0.456 509.33 521.154 cm
/Im3 Do
Q
q
1 0 0 0.456 510.29 521.154 cm
/Im3 Do
Q
q
1 0 0 0.456 511.2499 521.154 cm
/Im3 Do
Q
q
1 0 0 0.456 512.21 521.154 cm
/Im3 Do
Q
q
1 0 0 0.456 513.1699 521.154 cm
/Im3 Do
Q
q
1 0 0 0.456 514.1299 521.154 cm
/Im3 Do
Q
q
1 0 0 0.456 515.09 521.154 cm
/Im3 Do
Q
q
1 0 0 0.456 516.0499 521.154 cm
/Im3 Do
Q
q
1 0 0 0.456 517.01 521.154 cm
/Im3 Do
Q
q
1 0 0 0.456 517.97 521.154 cm
/Im3 Do
Q
q
1 0 0 0.456 518.9299 521.154 cm
/Im3 Do
Q
q
1 0 0 0.456 519.89 521.154 cm
/Im3 Do
Q
q
1 0 0 0.456 520.85 521.154 cm
/Im3 Do
Q
q
1 0 0 0.456 521.8099 521.154 cm
/Im3 Do
Q
q
1 0 0 0.456 522.77 521.154 cm
/Im3 Do
Q
q
1 0 0 0.456 523.73 521.154 cm
/Im3 Do
Q
q
1 0 0 0.456 524.6899 521.154 cm
/Im3 Do
Q
q
1 0 0 0.456 525.65 521.154 cm
/Im3 Do
Q
q
1 0 0 0.456 526.61 521.154 cm
/Im3 Do
Q
q
1 0 0 0.456 527.57 521.154 cm
/Im3 Do
Q
q
1 0 0 0.456 528.53 521.154 cm
/Im3 Do
Q
q
1 0 0 0.456 529.4901 521.154 cm
/Im3 Do
Q
q
1 0 0 0.456 530.45 521.154 cm
/Im3 Do
Q
q
1 0 0 0.456 531.41 521.154 cm
/Im3 Do
Q
q
1 0 0 0.456 532.3699 521.154 cm
/Im3 Do
Q
q
1 0 0 0.456 533.33 521.154 cm
/Im3 Do
Q
q
1 0 0 0.456 534.29 521.154 cm
/Im3 Do
Q
q
1 0 0 0.456 535.2499 521.154 cm
/Im3 Do
Q
q
1 0 0 0.456 536.21 521.154 cm
/Im3 Do
Q
q
1 0 0 0.456 537.1699 521.154 cm
/Im3 Do
Q
q
1 0 0 0.456 538.1299 521.154 cm
/Im3 Do
Q
q
1 0 0 0.456 539.09 521.154 cm
/Im3 Do
Q
q
1 0 0 0.456 540.0499 521.154 cm
/Im3 Do
Q
q
1 0 0 0.456 541.01 521.154 cm
/Im3 Do
Q
q
1 0 0 0.456 541.97 521.154 cm
/Im3 Do
Q
q
1 0 0 0.456 542.93 521.154 cm
/Im3 Do
Q
q
1 0 0 0.456 543.89 521.154 cm
/Im3 Do
Q
q
1 0 0 0.456 544.85 521.154 cm
/Im3 Do
Q
q
1 0 0 0.456 545.8099 521.154 cm
/Im3 Do
Q
q
1 0 0 0.456 546.77 521.154 cm
/Im3 Do
Q
q
1 0 0 0.456 547.73 521.154 cm
/Im3 Do
Q
q
1 0 0 0.456 548.6899 521.154 cm
/Im3 Do
Q
q
1 0 0 0.456 549.65 521.154 cm
/Im3 Do
Q
q
0.24 0 0 0.456 550.61 521.154 cm
/Im7 Do
Q
BT
10.08 0 0 9.576 55.01 489.69 Tm
0.0077 Tc
(In)Tj
0.8095 0 TD
0.0315 Tc
(fo)Tj
0.8571 0 TD
-0.0235 Tc
(rm)Tj
1.1666 0 TD
-0.0084 Tc
0.0161 Tw
[(at)7.7(i)-24.5(on des)15.4(t)-16.1(i)-24.5(nÈe au)23.8(x)-32.2( pat)7.7(i)-24.5(ent)-16.1(s)15.4( \()-8.7(I)-16.1(P)15.7(A)-8.1(\))-8.7( )-22976.2(oui)-24.5( )]TJ
ET
q
1.026 0 0 0.9747 0 0 cm
0 G
1 J 0 j 0.702 w 10 M []0 d
467.427 501.71 8.889 8.889 re
S
Q
BT
10.08 0 0 9.576 490.13 489.69 Tm
0 Tc
0 Tw
( )Tj
2.6429 0 TD
-0.0084 Tc
(non )Tj
ET
q
1.026 0 0 0.9747 0 0 cm
0 G
1 J 0 j 0.702 w 10 M []0 d
523.569 501.71 8.889 8.889 re
S
Q
Q
BT
10.08 0 0 9.576 547.73 489.69 Tm
( )Tj
ET
q
1 i 
-1.63 25.14 595 799.9 re
W n
-1.63 25.14 595 799.9 re
W n
32.37 798.59 531.5 -762.35 re
0 841 m
W* n
-9 851 613 -860 re
0 841 m
W n
0.03 841.02 595.02 -841.02 re
W n
q
1 0 0 0.456 51.41 502.23 cm
/Im3 Do
Q
q
1 0 0 0.456 52.37 502.23 cm
/Im3 Do
Q
q
1 0 0 0.456 53.33 502.23 cm
/Im3 Do
Q
q
1 0 0 0.456 54.29 502.23 cm
/Im3 Do
Q
q
1 0 0 0.456 55.25 502.23 cm
/Im3 Do
Q
q
1 0 0 0.456 56.21 502.23 cm
/Im3 Do
Q
q
1 0 0 0.456 57.17 502.23 cm
/Im3 Do
Q
q
1 0 0 0.456 58.13 502.23 cm
/Im3 Do
Q
q
1 0 0 0.456 59.09 502.23 cm
/Im3 Do
Q
q
1 0 0 0.456 60.05 502.23 cm
/Im3 Do
Q
q
1 0 0 0.456 61.01 502.23 cm
/Im3 Do
Q
q
1 0 0 0.456 61.97 502.23 cm
/Im3 Do
Q
q
1 0 0 0.456 62.93 502.23 cm
/Im3 Do
Q
q
1 0 0 0.456 63.89 502.23 cm
/Im3 Do
Q
q
1 0 0 0.456 64.85 502.23 cm
/Im3 Do
Q
q
1 0 0 0.456 65.81 502.23 cm
/Im3 Do
Q
q
1 0 0 0.456 66.77 502.23 cm
/Im3 Do
Q
q
1 0 0 0.456 67.73 502.23 cm
/Im3 Do
Q
q
1 0 0 0.456 68.69 502.23 cm
/Im3 Do
Q
q
1 0 0 0.456 69.65 502.23 cm
/Im3 Do
Q
q
1 0 0 0.456 70.61 502.23 cm
/Im3 Do
Q
q
1 0 0 0.456 71.57 502.23 cm
/Im3 Do
Q
q
1 0 0 0.456 72.53 502.23 cm
/Im3 Do
Q
q
1 0 0 0.456 73.49 502.23 cm
/Im3 Do
Q
q
1 0 0 0.456 74.45 502.23 cm
/Im3 Do
Q
q
1 0 0 0.456 75.41 502.23 cm
/Im3 Do
Q
q
1 0 0 0.456 76.37 502.23 cm
/Im3 Do
Q
q
1 0 0 0.456 77.33 502.23 cm
/Im3 Do
Q
q
1 0 0 0.456 78.29 502.23 cm
/Im3 Do
Q
q
1 0 0 0.456 79.25 502.23 cm
/Im3 Do
Q
q
1 0 0 0.456 80.21 502.23 cm
/Im3 Do
Q
q
1 0 0 0.456 81.17 502.23 cm
/Im3 Do
Q
q
1 0 0 0.456 82.13 502.23 cm
/Im3 Do
Q
q
1 0 0 0.456 83.09 502.23 cm
/Im3 Do
Q
q
1 0 0 0.456 84.05 502.23 cm
/Im3 Do
Q
q
1 0 0 0.456 85.01 502.23 cm
/Im3 Do
Q
q
1 0 0 0.456 85.97 502.23 cm
/Im3 Do
Q
q
1 0 0 0.456 86.93 502.23 cm
/Im3 Do
Q
q
1 0 0 0.456 87.89 502.23 cm
/Im3 Do
Q
q
1 0 0 0.456 88.85 502.23 cm
/Im3 Do
Q
q
1 0 0 0.456 89.81 502.23 cm
/Im3 Do
Q
q
1 0 0 0.456 90.77 502.23 cm
/Im3 Do
Q
q
1 0 0 0.456 91.73 502.23 cm
/Im3 Do
Q
q
1 0 0 0.456 92.69 502.23 cm
/Im3 Do
Q
q
1 0 0 0.456 93.65 502.23 cm
/Im3 Do
Q
q
1 0 0 0.456 94.61 502.23 cm
/Im3 Do
Q
q
1 0 0 0.456 95.57 502.23 cm
/Im3 Do
Q
q
1 0 0 0.456 96.53 502.23 cm
/Im3 Do
Q
q
1 0 0 0.456 97.49 502.23 cm
/Im3 Do
Q
q
1 0 0 0.456 98.45 502.23 cm
/Im3 Do
Q
q
1 0 0 0.456 99.41 502.23 cm
/Im3 Do
Q
q
1 0 0 0.456 100.37 502.23 cm
/Im3 Do
Q
q
1 0 0 0.456 101.33 502.23 cm
/Im3 Do
Q
q
1 0 0 0.456 102.29 502.23 cm
/Im3 Do
Q
q
1 0 0 0.456 103.25 502.23 cm
/Im3 Do
Q
q
1 0 0 0.456 104.21 502.23 cm
/Im3 Do
Q
q
1 0 0 0.456 105.17 502.23 cm
/Im3 Do
Q
q
1 0 0 0.456 106.13 502.23 cm
/Im3 Do
Q
q
1 0 0 0.456 107.09 502.23 cm
/Im3 Do
Q
q
1 0 0 0.456 108.05 502.23 cm
/Im3 Do
Q
q
1 0 0 0.456 109.01 502.23 cm
/Im3 Do
Q
q
1 0 0 0.456 109.97 502.23 cm
/Im3 Do
Q
q
1 0 0 0.456 110.93 502.23 cm
/Im3 Do
Q
q
1 0 0 0.456 111.89 502.23 cm
/Im3 Do
Q
q
1 0 0 0.456 112.85 502.23 cm
/Im3 Do
Q
q
1 0 0 0.456 113.81 502.23 cm
/Im3 Do
Q
q
1 0 0 0.456 114.77 502.23 cm
/Im3 Do
Q
q
1 0 0 0.456 115.73 502.23 cm
/Im3 Do
Q
q
1 0 0 0.456 116.69 502.23 cm
/Im3 Do
Q
q
1 0 0 0.456 117.65 502.23 cm
/Im3 Do
Q
q
1 0 0 0.456 118.61 502.23 cm
/Im3 Do
Q
q
1 0 0 0.456 119.57 502.23 cm
/Im3 Do
Q
q
1 0 0 0.456 120.53 502.23 cm
/Im3 Do
Q
q
1 0 0 0.456 121.49 502.23 cm
/Im3 Do
Q
q
1 0 0 0.456 122.45 502.23 cm
/Im3 Do
Q
q
1 0 0 0.456 123.41 502.23 cm
/Im3 Do
Q
q
1 0 0 0.456 124.37 502.23 cm
/Im3 Do
Q
q
1 0 0 0.456 125.33 502.23 cm
/Im3 Do
Q
q
1 0 0 0.456 126.29 502.23 cm
/Im3 Do
Q
q
1 0 0 0.456 127.25 502.23 cm
/Im3 Do
Q
q
1 0 0 0.456 128.21 502.23 cm
/Im3 Do
Q
q
1 0 0 0.456 129.17 502.23 cm
/Im3 Do
Q
q
1 0 0 0.456 130.13 502.23 cm
/Im3 Do
Q
q
1 0 0 0.456 131.09 502.23 cm
/Im3 Do
Q
q
1 0 0 0.456 132.05 502.23 cm
/Im3 Do
Q
q
1 0 0 0.456 133.01 502.23 cm
/Im3 Do
Q
q
1 0 0 0.456 133.97 502.23 cm
/Im3 Do
Q
q
1 0 0 0.456 134.93 502.23 cm
/Im3 Do
Q
q
1 0 0 0.456 135.89 502.23 cm
/Im3 Do
Q
q
1 0 0 0.456 136.85 502.23 cm
/Im3 Do
Q
q
1 0 0 0.456 137.81 502.23 cm
/Im3 Do
Q
q
1 0 0 0.456 138.77 502.23 cm
/Im3 Do
Q
q
1 0 0 0.456 139.73 502.23 cm
/Im3 Do
Q
q
1 0 0 0.456 140.69 502.23 cm
/Im3 Do
Q
q
1 0 0 0.456 141.65 502.23 cm
/Im3 Do
Q
q
1 0 0 0.456 142.61 502.23 cm
/Im3 Do
Q
q
1 0 0 0.456 143.57 502.23 cm
/Im3 Do
Q
q
1 0 0 0.456 144.53 502.23 cm
/Im3 Do
Q
q
1 0 0 0.456 145.49 502.23 cm
/Im3 Do
Q
q
1 0 0 0.456 146.45 502.23 cm
/Im3 Do
Q
q
1 0 0 0.456 147.41 502.23 cm
/Im3 Do
Q
q
1 0 0 0.456 148.37 502.23 cm
/Im3 Do
Q
q
1 0 0 0.456 149.33 502.23 cm
/Im3 Do
Q
q
1 0 0 0.456 150.29 502.23 cm
/Im3 Do
Q
q
1 0 0 0.456 151.25 502.23 cm
/Im3 Do
Q
q
1 0 0 0.456 152.21 502.23 cm
/Im3 Do
Q
q
1 0 0 0.456 153.17 502.23 cm
/Im3 Do
Q
q
1 0 0 0.456 154.13 502.23 cm
/Im3 Do
Q
q
1 0 0 0.456 155.09 502.23 cm
/Im3 Do
Q
q
1 0 0 0.456 156.05 502.23 cm
/Im3 Do
Q
q
1 0 0 0.456 157.01 502.23 cm
/Im3 Do
Q
q
1 0 0 0.456 157.97 502.23 cm
/Im3 Do
Q
q
1 0 0 0.456 158.93 502.23 cm
/Im3 Do
Q
q
1 0 0 0.456 159.89 502.23 cm
/Im3 Do
Q
q
1 0 0 0.456 160.85 502.23 cm
/Im3 Do
Q
q
1 0 0 0.456 161.81 502.23 cm
/Im3 Do
Q
q
1 0 0 0.456 162.77 502.23 cm
/Im3 Do
Q
q
1 0 0 0.456 163.73 502.23 cm
/Im3 Do
Q
q
1 0 0 0.456 164.69 502.23 cm
/Im3 Do
Q
q
1 0 0 0.456 165.65 502.23 cm
/Im3 Do
Q
q
1 0 0 0.456 166.61 502.23 cm
/Im3 Do
Q
q
1 0 0 0.456 167.57 502.23 cm
/Im3 Do
Q
q
1 0 0 0.456 168.53 502.23 cm
/Im3 Do
Q
q
1 0 0 0.456 169.49 502.23 cm
/Im3 Do
Q
q
1 0 0 0.456 170.45 502.23 cm
/Im3 Do
Q
q
1 0 0 0.456 171.41 502.23 cm
/Im3 Do
Q
q
1 0 0 0.456 172.37 502.23 cm
/Im3 Do
Q
q
1 0 0 0.456 173.33 502.23 cm
/Im3 Do
Q
q
1 0 0 0.456 174.29 502.23 cm
/Im3 Do
Q
q
1 0 0 0.456 175.25 502.23 cm
/Im3 Do
Q
q
1 0 0 0.456 176.21 502.23 cm
/Im3 Do
Q
q
1 0 0 0.456 177.17 502.23 cm
/Im3 Do
Q
q
1 0 0 0.456 178.13 502.23 cm
/Im3 Do
Q
q
1 0 0 0.456 179.09 502.23 cm
/Im3 Do
Q
q
1 0 0 0.456 180.05 502.23 cm
/Im3 Do
Q
q
1 0 0 0.456 181.01 502.23 cm
/Im3 Do
Q
q
1 0 0 0.456 181.97 502.23 cm
/Im3 Do
Q
q
1 0 0 0.456 182.93 502.23 cm
/Im3 Do
Q
q
1 0 0 0.456 183.89 502.23 cm
/Im3 Do
Q
q
1 0 0 0.456 184.85 502.23 cm
/Im3 Do
Q
q
1 0 0 0.456 185.81 502.23 cm
/Im3 Do
Q
q
1 0 0 0.456 186.77 502.23 cm
/Im3 Do
Q
q
1 0 0 0.456 187.73 502.23 cm
/Im3 Do
Q
q
1 0 0 0.456 188.69 502.23 cm
/Im3 Do
Q
q
1 0 0 0.456 189.65 502.23 cm
/Im3 Do
Q
q
1 0 0 0.456 190.61 502.23 cm
/Im3 Do
Q
q
1 0 0 0.456 191.57 502.23 cm
/Im3 Do
Q
q
1 0 0 0.456 192.53 502.23 cm
/Im3 Do
Q
q
1 0 0 0.456 193.49 502.23 cm
/Im3 Do
Q
q
1 0 0 0.456 194.45 502.23 cm
/Im3 Do
Q
q
1 0 0 0.456 195.41 502.23 cm
/Im3 Do
Q
q
1 0 0 0.456 196.37 502.23 cm
/Im3 Do
Q
q
1 0 0 0.456 197.33 502.23 cm
/Im3 Do
Q
q
1 0 0 0.456 198.29 502.23 cm
/Im3 Do
Q
q
1 0 0 0.456 199.25 502.23 cm
/Im3 Do
Q
q
1 0 0 0.456 200.21 502.23 cm
/Im3 Do
Q
q
1 0 0 0.456 201.17 502.23 cm
/Im3 Do
Q
q
1 0 0 0.456 202.13 502.23 cm
/Im3 Do
Q
q
1 0 0 0.456 203.09 502.23 cm
/Im3 Do
Q
q
1 0 0 0.456 204.05 502.23 cm
/Im3 Do
Q
q
1 0 0 0.456 205.01 502.23 cm
/Im3 Do
Q
q
1 0 0 0.456 205.97 502.23 cm
/Im3 Do
Q
q
1 0 0 0.456 206.93 502.23 cm
/Im3 Do
Q
q
1 0 0 0.456 207.89 502.23 cm
/Im3 Do
Q
q
1 0 0 0.456 208.85 502.23 cm
/Im3 Do
Q
q
1 0 0 0.456 209.81 502.23 cm
/Im3 Do
Q
q
1 0 0 0.456 210.77 502.23 cm
/Im3 Do
Q
q
1 0 0 0.456 211.73 502.23 cm
/Im3 Do
Q
q
1 0 0 0.456 212.69 502.23 cm
/Im3 Do
Q
q
1 0 0 0.456 213.65 502.23 cm
/Im3 Do
Q
q
1 0 0 0.456 214.61 502.23 cm
/Im3 Do
Q
q
1 0 0 0.456 215.57 502.23 cm
/Im3 Do
Q
q
1 0 0 0.456 216.53 502.23 cm
/Im3 Do
Q
q
1 0 0 0.456 217.49 502.23 cm
/Im3 Do
Q
q
1 0 0 0.456 218.45 502.23 cm
/Im3 Do
Q
q
1 0 0 0.456 219.41 502.23 cm
/Im3 Do
Q
q
1 0 0 0.456 220.37 502.23 cm
/Im3 Do
Q
q
1 0 0 0.456 221.33 502.23 cm
/Im3 Do
Q
q
1 0 0 0.456 222.29 502.23 cm
/Im3 Do
Q
q
1 0 0 0.456 223.25 502.23 cm
/Im3 Do
Q
q
1 0 0 0.456 224.21 502.23 cm
/Im3 Do
Q
q
1 0 0 0.456 225.17 502.23 cm
/Im3 Do
Q
q
1 0 0 0.456 226.13 502.23 cm
/Im3 Do
Q
q
1 0 0 0.456 227.09 502.23 cm
/Im3 Do
Q
q
1 0 0 0.456 228.05 502.23 cm
/Im3 Do
Q
q
1 0 0 0.456 229.01 502.23 cm
/Im3 Do
Q
q
1 0 0 0.456 229.97 502.23 cm
/Im3 Do
Q
q
1 0 0 0.456 230.93 502.23 cm
/Im3 Do
Q
q
1 0 0 0.456 231.89 502.23 cm
/Im3 Do
Q
q
1 0 0 0.456 232.85 502.23 cm
/Im3 Do
Q
q
1 0 0 0.456 233.81 502.23 cm
/Im3 Do
Q
q
1 0 0 0.456 234.77 502.23 cm
/Im3 Do
Q
q
1 0 0 0.456 235.73 502.23 cm
/Im3 Do
Q
q
1 0 0 0.456 236.69 502.23 cm
/Im3 Do
Q
q
1 0 0 0.456 237.65 502.23 cm
/Im3 Do
Q
q
1 0 0 0.456 238.61 502.23 cm
/Im3 Do
Q
q
1 0 0 0.456 239.57 502.23 cm
/Im3 Do
Q
q
1 0 0 0.456 240.53 502.23 cm
/Im3 Do
Q
q
1 0 0 0.456 241.49 502.23 cm
/Im3 Do
Q
q
1 0 0 0.456 242.45 502.23 cm
/Im3 Do
Q
q
1 0 0 0.456 243.41 502.23 cm
/Im3 Do
Q
q
1 0 0 0.456 244.37 502.23 cm
/Im3 Do
Q
q
1 0 0 0.456 245.33 502.23 cm
/Im3 Do
Q
q
1 0 0 0.456 246.29 502.23 cm
/Im3 Do
Q
q
1 0 0 0.456 247.25 502.23 cm
/Im3 Do
Q
q
1 0 0 0.456 248.21 502.23 cm
/Im3 Do
Q
q
1 0 0 0.456 249.17 502.23 cm
/Im3 Do
Q
q
1 0 0 0.456 250.13 502.23 cm
/Im3 Do
Q
q
1 0 0 0.456 251.09 502.23 cm
/Im3 Do
Q
q
1 0 0 0.456 252.05 502.23 cm
/Im3 Do
Q
q
1 0 0 0.456 253.01 502.23 cm
/Im3 Do
Q
q
1 0 0 0.456 253.97 502.23 cm
/Im3 Do
Q
q
1 0 0 0.456 254.93 502.23 cm
/Im3 Do
Q
q
1 0 0 0.456 255.89 502.23 cm
/Im3 Do
Q
q
1 0 0 0.456 256.85 502.23 cm
/Im3 Do
Q
q
1 0 0 0.456 257.81 502.23 cm
/Im3 Do
Q
q
1 0 0 0.456 258.77 502.23 cm
/Im3 Do
Q
q
1 0 0 0.456 259.73 502.23 cm
/Im3 Do
Q
q
1 0 0 0.456 260.69 502.23 cm
/Im3 Do
Q
q
1 0 0 0.456 261.65 502.23 cm
/Im3 Do
Q
q
1 0 0 0.456 262.61 502.23 cm
/Im3 Do
Q
q
1 0 0 0.456 263.57 502.23 cm
/Im3 Do
Q
q
1 0 0 0.456 264.53 502.23 cm
/Im3 Do
Q
q
1 0 0 0.456 265.49 502.23 cm
/Im3 Do
Q
q
1 0 0 0.456 266.45 502.23 cm
/Im3 Do
Q
q
1 0 0 0.456 267.41 502.23 cm
/Im3 Do
Q
q
1 0 0 0.456 268.37 502.23 cm
/Im3 Do
Q
q
1 0 0 0.456 269.33 502.23 cm
/Im3 Do
Q
q
1 0 0 0.456 270.29 502.23 cm
/Im3 Do
Q
q
1 0 0 0.456 271.25 502.23 cm
/Im3 Do
Q
q
1 0 0 0.456 272.21 502.23 cm
/Im3 Do
Q
q
1 0 0 0.456 273.17 502.23 cm
/Im3 Do
Q
q
1 0 0 0.456 274.13 502.23 cm
/Im3 Do
Q
q
1 0 0 0.456 275.09 502.23 cm
/Im3 Do
Q
q
1 0 0 0.456 276.05 502.23 cm
/Im3 Do
Q
q
1 0 0 0.456 277.01 502.23 cm
/Im3 Do
Q
q
1 0 0 0.456 277.97 502.23 cm
/Im3 Do
Q
q
1 0 0 0.456 278.93 502.23 cm
/Im3 Do
Q
q
1 0 0 0.456 279.89 502.23 cm
/Im3 Do
Q
q
1 0 0 0.456 280.85 502.23 cm
/Im3 Do
Q
q
1 0 0 0.456 281.81 502.23 cm
/Im3 Do
Q
q
1 0 0 0.456 282.77 502.23 cm
/Im3 Do
Q
q
1 0 0 0.456 283.73 502.23 cm
/Im3 Do
Q
q
1 0 0 0.456 284.69 502.23 cm
/Im3 Do
Q
q
1 0 0 0.456 285.65 502.23 cm
/Im3 Do
Q
q
1 0 0 0.456 286.61 502.23 cm
/Im3 Do
Q
q
1 0 0 0.456 287.57 502.23 cm
/Im3 Do
Q
q
1 0 0 0.456 288.53 502.23 cm
/Im3 Do
Q
q
1 0 0 0.456 289.49 502.23 cm
/Im3 Do
Q
q
1 0 0 0.456 290.45 502.23 cm
/Im3 Do
Q
q
1 0 0 0.456 291.41 502.23 cm
/Im3 Do
Q
q
1 0 0 0.456 292.37 502.23 cm
/Im3 Do
Q
q
1 0 0 0.456 293.33 502.23 cm
/Im3 Do
Q
q
1 0 0 0.456 294.29 502.23 cm
/Im3 Do
Q
q
1 0 0 0.456 295.25 502.23 cm
/Im3 Do
Q
q
1 0 0 0.456 296.21 502.23 cm
/Im3 Do
Q
q
1 0 0 0.456 297.17 502.23 cm
/Im3 Do
Q
q
1 0 0 0.456 298.13 502.23 cm
/Im3 Do
Q
q
1 0 0 0.456 299.09 502.23 cm
/Im3 Do
Q
q
1 0 0 0.456 300.05 502.23 cm
/Im3 Do
Q
q
1 0 0 0.456 301.01 502.23 cm
/Im3 Do
Q
q
1 0 0 0.456 301.97 502.23 cm
/Im3 Do
Q
q
1 0 0 0.456 302.93 502.23 cm
/Im3 Do
Q
q
1 0 0 0.456 303.89 502.23 cm
/Im3 Do
Q
q
1 0 0 0.456 304.85 502.23 cm
/Im3 Do
Q
q
1 0 0 0.456 305.81 502.23 cm
/Im3 Do
Q
q
1 0 0 0.456 306.77 502.23 cm
/Im3 Do
Q
q
1 0 0 0.456 307.73 502.23 cm
/Im3 Do
Q
q
1 0 0 0.456 308.69 502.23 cm
/Im3 Do
Q
q
1 0 0 0.456 309.65 502.23 cm
/Im3 Do
Q
q
1 0 0 0.456 310.61 502.23 cm
/Im3 Do
Q
q
1 0 0 0.456 311.57 502.23 cm
/Im3 Do
Q
q
1 0 0 0.456 312.53 502.23 cm
/Im3 Do
Q
q
1 0 0 0.456 313.49 502.23 cm
/Im3 Do
Q
q
1 0 0 0.456 314.45 502.23 cm
/Im3 Do
Q
q
1 0 0 0.456 315.41 502.23 cm
/Im3 Do
Q
q
1 0 0 0.456 316.37 502.23 cm
/Im3 Do
Q
q
1 0 0 0.456 317.33 502.23 cm
/Im3 Do
Q
q
1 0 0 0.456 318.29 502.23 cm
/Im3 Do
Q
q
1 0 0 0.456 319.25 502.23 cm
/Im3 Do
Q
q
1 0 0 0.456 320.21 502.23 cm
/Im3 Do
Q
q
1 0 0 0.456 321.17 502.23 cm
/Im3 Do
Q
q
1 0 0 0.456 322.13 502.23 cm
/Im3 Do
Q
q
1 0 0 0.456 323.09 502.23 cm
/Im3 Do
Q
q
1 0 0 0.456 324.05 502.23 cm
/Im3 Do
Q
q
1 0 0 0.456 325.01 502.23 cm
/Im3 Do
Q
q
1 0 0 0.456 325.97 502.23 cm
/Im3 Do
Q
q
1 0 0 0.456 326.93 502.23 cm
/Im3 Do
Q
q
1 0 0 0.456 327.89 502.23 cm
/Im3 Do
Q
q
1 0 0 0.456 328.85 502.23 cm
/Im3 Do
Q
q
1 0 0 0.456 329.81 502.23 cm
/Im3 Do
Q
q
1 0 0 0.456 330.77 502.23 cm
/Im3 Do
Q
q
1 0 0 0.456 331.73 502.23 cm
/Im3 Do
Q
q
1 0 0 0.456 332.69 502.23 cm
/Im3 Do
Q
q
1 0 0 0.456 333.65 502.23 cm
/Im3 Do
Q
q
1 0 0 0.456 334.61 502.23 cm
/Im3 Do
Q
q
1 0 0 0.456 335.57 502.23 cm
/Im3 Do
Q
q
1 0 0 0.456 336.53 502.23 cm
/Im3 Do
Q
q
1 0 0 0.456 337.49 502.23 cm
/Im3 Do
Q
q
1 0 0 0.456 338.45 502.23 cm
/Im3 Do
Q
q
1 0 0 0.456 339.41 502.23 cm
/Im3 Do
Q
q
1 0 0 0.456 340.37 502.23 cm
/Im3 Do
Q
q
1 0 0 0.456 341.33 502.23 cm
/Im3 Do
Q
q
1 0 0 0.456 342.29 502.23 cm
/Im3 Do
Q
q
1 0 0 0.456 343.25 502.23 cm
/Im3 Do
Q
q
1 0 0 0.456 344.21 502.23 cm
/Im3 Do
Q
q
1 0 0 0.456 345.17 502.23 cm
/Im3 Do
Q
q
1 0 0 0.456 346.13 502.23 cm
/Im3 Do
Q
q
1 0 0 0.456 347.09 502.23 cm
/Im3 Do
Q
q
1 0 0 0.456 348.05 502.23 cm
/Im3 Do
Q
q
1 0 0 0.456 349.01 502.23 cm
/Im3 Do
Q
q
1 0 0 0.456 349.97 502.23 cm
/Im3 Do
Q
q
1 0 0 0.456 350.93 502.23 cm
/Im3 Do
Q
q
1 0 0 0.456 351.89 502.23 cm
/Im3 Do
Q
q
1 0 0 0.456 352.85 502.23 cm
/Im3 Do
Q
q
1 0 0 0.456 353.81 502.23 cm
/Im3 Do
Q
q
1 0 0 0.456 354.77 502.23 cm
/Im3 Do
Q
q
1 0 0 0.456 355.73 502.23 cm
/Im3 Do
Q
q
1 0 0 0.456 356.69 502.23 cm
/Im3 Do
Q
q
1 0 0 0.456 357.65 502.23 cm
/Im3 Do
Q
q
1 0 0 0.456 358.61 502.23 cm
/Im3 Do
Q
q
1 0 0 0.456 359.57 502.23 cm
/Im3 Do
Q
q
1 0 0 0.456 360.53 502.23 cm
/Im3 Do
Q
q
1 0 0 0.456 361.49 502.23 cm
/Im3 Do
Q
q
1 0 0 0.456 362.45 502.23 cm
/Im3 Do
Q
q
1 0 0 0.456 363.41 502.23 cm
/Im3 Do
Q
q
1 0 0 0.456 364.37 502.23 cm
/Im3 Do
Q
q
1 0 0 0.456 365.33 502.23 cm
/Im3 Do
Q
q
1 0 0 0.456 366.29 502.23 cm
/Im3 Do
Q
q
1 0 0 0.456 367.25 502.23 cm
/Im3 Do
Q
q
1 0 0 0.456 368.21 502.23 cm
/Im3 Do
Q
q
1 0 0 0.456 369.17 502.23 cm
/Im3 Do
Q
q
1 0 0 0.456 370.13 502.23 cm
/Im3 Do
Q
q
1 0 0 0.456 371.09 502.23 cm
/Im3 Do
Q
q
1 0 0 0.456 372.05 502.23 cm
/Im3 Do
Q
q
1 0 0 0.456 373.01 502.23 cm
/Im3 Do
Q
q
1 0 0 0.456 373.97 502.23 cm
/Im3 Do
Q
q
1 0 0 0.456 374.93 502.23 cm
/Im3 Do
Q
q
1 0 0 0.456 375.89 502.23 cm
/Im3 Do
Q
q
1 0 0 0.456 376.85 502.23 cm
/Im3 Do
Q
q
1 0 0 0.456 377.81 502.23 cm
/Im3 Do
Q
q
1 0 0 0.456 378.77 502.23 cm
/Im3 Do
Q
q
1 0 0 0.456 379.73 502.23 cm
/Im3 Do
Q
q
1 0 0 0.456 380.69 502.23 cm
/Im3 Do
Q
q
1 0 0 0.456 381.65 502.23 cm
/Im3 Do
Q
q
1 0 0 0.456 382.61 502.23 cm
/Im3 Do
Q
q
1 0 0 0.456 383.57 502.23 cm
/Im3 Do
Q
q
1 0 0 0.456 384.53 502.23 cm
/Im3 Do
Q
q
1 0 0 0.456 385.49 502.23 cm
/Im3 Do
Q
q
1 0 0 0.456 386.45 502.23 cm
/Im3 Do
Q
q
1 0 0 0.456 387.41 502.23 cm
/Im3 Do
Q
q
1 0 0 0.456 388.37 502.23 cm
/Im3 Do
Q
q
1 0 0 0.456 389.33 502.23 cm
/Im3 Do
Q
q
1 0 0 0.456 390.29 502.23 cm
/Im3 Do
Q
q
1 0 0 0.456 391.25 502.23 cm
/Im3 Do
Q
q
1 0 0 0.456 392.21 502.23 cm
/Im3 Do
Q
q
1 0 0 0.456 393.17 502.23 cm
/Im3 Do
Q
q
1 0 0 0.456 394.13 502.23 cm
/Im3 Do
Q
q
1 0 0 0.456 395.09 502.23 cm
/Im3 Do
Q
q
1 0 0 0.456 396.05 502.23 cm
/Im3 Do
Q
q
1 0 0 0.456 397.01 502.23 cm
/Im3 Do
Q
q
1 0 0 0.456 397.97 502.23 cm
/Im3 Do
Q
q
1 0 0 0.456 398.93 502.23 cm
/Im3 Do
Q
q
1 0 0 0.456 399.89 502.23 cm
/Im3 Do
Q
q
1 0 0 0.456 400.85 502.23 cm
/Im3 Do
Q
q
1 0 0 0.456 401.81 502.23 cm
/Im3 Do
Q
q
1 0 0 0.456 402.77 502.23 cm
/Im3 Do
Q
q
1 0 0 0.456 403.73 502.23 cm
/Im3 Do
Q
q
1 0 0 0.456 404.69 502.23 cm
/Im3 Do
Q
q
1 0 0 0.456 405.65 502.23 cm
/Im3 Do
Q
q
1 0 0 0.456 406.61 502.23 cm
/Im3 Do
Q
q
1 0 0 0.456 407.57 502.23 cm
/Im3 Do
Q
q
1 0 0 0.456 408.53 502.23 cm
/Im3 Do
Q
q
1 0 0 0.456 409.49 502.23 cm
/Im3 Do
Q
q
1 0 0 0.456 410.45 502.23 cm
/Im3 Do
Q
q
1 0 0 0.456 411.41 502.23 cm
/Im3 Do
Q
q
1 0 0 0.456 412.37 502.23 cm
/Im3 Do
Q
q
1 0 0 0.456 413.33 502.23 cm
/Im3 Do
Q
q
1 0 0 0.456 414.29 502.23 cm
/Im3 Do
Q
q
1 0 0 0.456 415.25 502.23 cm
/Im3 Do
Q
q
1 0 0 0.456 416.21 502.23 cm
/Im3 Do
Q
q
1 0 0 0.456 417.17 502.23 cm
/Im3 Do
Q
q
1 0 0 0.456 418.13 502.23 cm
/Im3 Do
Q
q
1 0 0 0.456 419.09 502.23 cm
/Im3 Do
Q
q
1 0 0 0.456 420.05 502.23 cm
/Im3 Do
Q
q
1 0 0 0.456 421.01 502.23 cm
/Im3 Do
Q
q
1 0 0 0.456 421.97 502.23 cm
/Im3 Do
Q
q
1 0 0 0.456 422.93 502.23 cm
/Im3 Do
Q
q
1 0 0 0.456 423.89 502.23 cm
/Im3 Do
Q
q
1 0 0 0.456 424.85 502.23 cm
/Im3 Do
Q
q
1 0 0 0.456 425.81 502.23 cm
/Im3 Do
Q
q
1 0 0 0.456 426.77 502.23 cm
/Im3 Do
Q
q
1 0 0 0.456 427.73 502.23 cm
/Im3 Do
Q
q
1 0 0 0.456 428.69 502.23 cm
/Im3 Do
Q
q
1 0 0 0.456 429.65 502.23 cm
/Im3 Do
Q
q
1 0 0 0.456 430.61 502.23 cm
/Im3 Do
Q
q
1 0 0 0.456 431.57 502.23 cm
/Im3 Do
Q
q
1 0 0 0.456 432.53 502.23 cm
/Im3 Do
Q
q
1 0 0 0.456 433.49 502.23 cm
/Im3 Do
Q
q
1 0 0 0.456 434.45 502.23 cm
/Im3 Do
Q
q
1 0 0 0.456 435.41 502.23 cm
/Im3 Do
Q
q
1 0 0 0.456 436.37 502.23 cm
/Im3 Do
Q
q
1 0 0 0.456 437.33 502.23 cm
/Im3 Do
Q
q
1 0 0 0.456 438.29 502.23 cm
/Im3 Do
Q
q
1 0 0 0.456 439.25 502.23 cm
/Im3 Do
Q
q
1 0 0 0.456 440.21 502.23 cm
/Im3 Do
Q
q
1 0 0 0.456 441.17 502.23 cm
/Im3 Do
Q
q
1 0 0 0.456 442.13 502.23 cm
/Im3 Do
Q
q
1 0 0 0.456 443.09 502.23 cm
/Im3 Do
Q
q
1 0 0 0.456 444.05 502.23 cm
/Im3 Do
Q
q
1 0 0 0.456 445.01 502.23 cm
/Im3 Do
Q
q
1 0 0 0.456 445.97 502.23 cm
/Im3 Do
Q
q
1 0 0 0.456 446.93 502.23 cm
/Im3 Do
Q
q
1 0 0 0.456 447.89 502.23 cm
/Im3 Do
Q
q
1 0 0 0.456 448.85 502.23 cm
/Im3 Do
Q
q
1 0 0 0.456 449.81 502.23 cm
/Im3 Do
Q
q
1 0 0 0.456 450.77 502.23 cm
/Im3 Do
Q
q
1 0 0 0.456 451.73 502.23 cm
/Im3 Do
Q
q
1 0 0 0.456 452.69 502.23 cm
/Im3 Do
Q
q
1 0 0 0.456 453.65 502.23 cm
/Im3 Do
Q
q
1 0 0 0.456 454.61 502.23 cm
/Im3 Do
Q
q
1 0 0 0.456 455.57 502.23 cm
/Im3 Do
Q
q
1 0 0 0.456 456.53 502.23 cm
/Im3 Do
Q
q
1 0 0 0.456 457.49 502.23 cm
/Im3 Do
Q
q
1 0 0 0.456 458.45 502.23 cm
/Im5 Do
Q
q
1 0 0 0.456 458.93 502.23 cm
/Im3 Do
Q
q
1 0 0 0.456 459.89 502.23 cm
/Im3 Do
Q
q
1 0 0 0.456 460.85 502.23 cm
/Im3 Do
Q
q
1 0 0 0.456 461.81 502.23 cm
/Im3 Do
Q
q
1 0 0 0.456 462.77 502.23 cm
/Im3 Do
Q
q
1 0 0 0.456 463.73 502.23 cm
/Im3 Do
Q
q
1 0 0 0.456 464.69 502.23 cm
/Im3 Do
Q
q
1 0 0 0.456 465.65 502.23 cm
/Im3 Do
Q
q
1 0 0 0.456 466.61 502.23 cm
/Im3 Do
Q
q
1 0 0 0.456 467.57 502.23 cm
/Im3 Do
Q
q
1 0 0 0.456 468.53 502.23 cm
/Im3 Do
Q
q
1 0 0 0.456 469.49 502.23 cm
/Im3 Do
Q
q
1 0 0 0.456 470.45 502.23 cm
/Im3 Do
Q
q
1 0 0 0.456 471.41 502.23 cm
/Im3 Do
Q
q
1 0 0 0.456 472.37 502.23 cm
/Im3 Do
Q
q
1 0 0 0.456 473.33 502.23 cm
/Im3 Do
Q
q
1 0 0 0.456 474.29 502.23 cm
/Im3 Do
Q
q
1 0 0 0.456 475.25 502.23 cm
/Im3 Do
Q
q
1 0 0 0.456 476.21 502.23 cm
/Im3 Do
Q
q
1 0 0 0.456 477.17 502.23 cm
/Im3 Do
Q
q
1 0 0 0.456 478.13 502.23 cm
/Im3 Do
Q
q
1 0 0 0.456 479.09 502.23 cm
/Im3 Do
Q
q
1 0 0 0.456 480.05 502.23 cm
/Im3 Do
Q
q
1 0 0 0.456 481.01 502.23 cm
/Im3 Do
Q
q
1 0 0 0.456 481.97 502.23 cm
/Im3 Do
Q
q
1 0 0 0.456 482.93 502.23 cm
/Im3 Do
Q
q
1 0 0 0.456 483.89 502.23 cm
/Im3 Do
Q
q
1 0 0 0.456 484.85 502.23 cm
/Im3 Do
Q
q
1 0 0 0.456 485.81 502.23 cm
/Im3 Do
Q
q
1 0 0 0.456 486.77 502.23 cm
/Im3 Do
Q
q
1 0 0 0.456 487.73 502.23 cm
/Im3 Do
Q
q
1 0 0 0.456 488.69 502.23 cm
/Im3 Do
Q
q
1 0 0 0.456 489.65 502.23 cm
/Im3 Do
Q
q
1 0 0 0.456 490.61 502.23 cm
/Im3 Do
Q
q
1 0 0 0.456 491.57 502.23 cm
/Im3 Do
Q
q
1 0 0 0.456 492.53 502.23 cm
/Im3 Do
Q
q
1 0 0 0.456 493.49 502.23 cm
/Im3 Do
Q
q
1 0 0 0.456 494.45 502.23 cm
/Im3 Do
Q
q
1 0 0 0.456 495.41 502.23 cm
/Im3 Do
Q
q
1 0 0 0.456 496.37 502.23 cm
/Im3 Do
Q
q
1 0 0 0.456 497.33 502.23 cm
/Im3 Do
Q
q
1 0 0 0.456 498.29 502.23 cm
/Im3 Do
Q
q
1 0 0 0.456 499.25 502.23 cm
/Im3 Do
Q
q
1 0 0 0.456 500.21 502.23 cm
/Im3 Do
Q
q
1 0 0 0.456 501.17 502.23 cm
/Im4 Do
Q
q
1 0 0 0.456 501.65 502.23 cm
/Im3 Do
Q
q
1 0 0 0.456 502.61 502.23 cm
/Im3 Do
Q
q
1 0 0 0.456 503.57 502.23 cm
/Im3 Do
Q
q
1 0 0 0.456 504.53 502.23 cm
/Im3 Do
Q
q
1 0 0 0.456 505.49 502.23 cm
/Im3 Do
Q
q
1 0 0 0.456 506.45 502.23 cm
/Im3 Do
Q
q
1 0 0 0.456 507.41 502.23 cm
/Im3 Do
Q
q
1 0 0 0.456 508.3699 502.23 cm
/Im3 Do
Q
q
1 0 0 0.456 509.33 502.23 cm
/Im3 Do
Q
q
1 0 0 0.456 510.29 502.23 cm
/Im3 Do
Q
q
1 0 0 0.456 511.2499 502.23 cm
/Im3 Do
Q
q
1 0 0 0.456 512.21 502.23 cm
/Im3 Do
Q
q
1 0 0 0.456 513.1699 502.23 cm
/Im3 Do
Q
q
1 0 0 0.456 514.1299 502.23 cm
/Im3 Do
Q
q
1 0 0 0.456 515.09 502.23 cm
/Im3 Do
Q
q
1 0 0 0.456 516.0499 502.23 cm
/Im3 Do
Q
q
1 0 0 0.456 517.01 502.23 cm
/Im3 Do
Q
q
1 0 0 0.456 517.97 502.23 cm
/Im3 Do
Q
q
1 0 0 0.456 518.9299 502.23 cm
/Im3 Do
Q
q
1 0 0 0.456 519.89 502.23 cm
/Im3 Do
Q
q
1 0 0 0.456 520.85 502.23 cm
/Im3 Do
Q
q
1 0 0 0.456 521.8099 502.23 cm
/Im3 Do
Q
q
1 0 0 0.456 522.77 502.23 cm
/Im3 Do
Q
q
1 0 0 0.456 523.73 502.23 cm
/Im3 Do
Q
q
1 0 0 0.456 524.6899 502.23 cm
/Im3 Do
Q
q
1 0 0 0.456 525.65 502.23 cm
/Im3 Do
Q
q
1 0 0 0.456 526.61 502.23 cm
/Im3 Do
Q
q
1 0 0 0.456 527.57 502.23 cm
/Im3 Do
Q
q
1 0 0 0.456 528.53 502.23 cm
/Im3 Do
Q
q
1 0 0 0.456 529.4901 502.23 cm
/Im3 Do
Q
q
1 0 0 0.456 530.45 502.23 cm
/Im3 Do
Q
q
1 0 0 0.456 531.41 502.23 cm
/Im3 Do
Q
q
1 0 0 0.456 532.3699 502.23 cm
/Im3 Do
Q
q
1 0 0 0.456 533.33 502.23 cm
/Im3 Do
Q
q
1 0 0 0.456 534.29 502.23 cm
/Im3 Do
Q
q
1 0 0 0.456 535.2499 502.23 cm
/Im3 Do
Q
q
1 0 0 0.456 536.21 502.23 cm
/Im3 Do
Q
q
1 0 0 0.456 537.1699 502.23 cm
/Im3 Do
Q
q
1 0 0 0.456 538.1299 502.23 cm
/Im3 Do
Q
q
1 0 0 0.456 539.09 502.23 cm
/Im3 Do
Q
q
1 0 0 0.456 540.0499 502.23 cm
/Im3 Do
Q
q
1 0 0 0.456 541.01 502.23 cm
/Im3 Do
Q
q
1 0 0 0.456 541.97 502.23 cm
/Im3 Do
Q
q
1 0 0 0.456 542.93 502.23 cm
/Im3 Do
Q
q
1 0 0 0.456 543.89 502.23 cm
/Im3 Do
Q
q
1 0 0 0.456 544.85 502.23 cm
/Im3 Do
Q
q
1 0 0 0.456 545.8099 502.23 cm
/Im3 Do
Q
q
1 0 0 0.456 546.77 502.23 cm
/Im3 Do
Q
q
1 0 0 0.456 547.73 502.23 cm
/Im3 Do
Q
q
1 0 0 0.456 548.6899 502.23 cm
/Im3 Do
Q
q
1 0 0 0.456 549.65 502.23 cm

/Im3 Do
Q
q
0.24 0 0 0.456 550.61 502.23 cm
/Im7 Do
Q
BT
10.08 0 0 9.576 55.01 470.766 Tm
-0.0084 Tc
0.016 Tw
[(Car)-8.6(t)-16(onnage \()-8.6(C)-0.6(A)-8(R)-0.6(T)-16.3(\))-8.6( )-31309.5(oui)-24.4( )]TJ
ET
q
1.026 0 0 0.9747 0 0 cm
0 G
1 J 0 j 0.702 w 10 M []0 d
467.427 482.294 8.889 8.889 re
S
Q
BT
10.08 0 0 9.576 490.13 470.766 Tm
0 Tc
0 Tw
( )Tj
2.6429 0 TD
-0.0084 Tc
(non )Tj
ET
q
1.026 0 0 0.9747 0 0 cm
0 G
1 J 0 j 0.702 w 10 M []0 d
523.569 482.294 8.889 8.889 re
S
Q
Q
BT
10.08 0 0 9.576 547.73 470.766 Tm
( )Tj
ET
q
1 i 
-1.63 25.14 595 799.9 re
W n
-1.63 25.14 595 799.9 re
W n
32.37 798.59 531.5 -762.35 re
0 841 m
W* n
-9 851 613 -860 re
0 841 m
W n
0.03 841.02 595.02 -841.02 re
W n
q
1 0 0 0.456 51.41 483.306 cm
/Im3 Do
Q
q
1 0 0 0.456 52.37 483.306 cm
/Im3 Do
Q
q
1 0 0 0.456 53.33 483.306 cm
/Im3 Do
Q
q
1 0 0 0.456 54.29 483.306 cm
/Im3 Do
Q
q
1 0 0 0.456 55.25 483.306 cm
/Im3 Do
Q
q
1 0 0 0.456 56.21 483.306 cm
/Im3 Do
Q
q
1 0 0 0.456 57.17 483.306 cm
/Im3 Do
Q
q
1 0 0 0.456 58.13 483.306 cm
/Im3 Do
Q
q
1 0 0 0.456 59.09 483.306 cm
/Im3 Do
Q
q
1 0 0 0.456 60.05 483.306 cm
/Im3 Do
Q
q
1 0 0 0.456 61.01 483.306 cm
/Im3 Do
Q
q
1 0 0 0.456 61.97 483.306 cm
/Im3 Do
Q
q
1 0 0 0.456 62.93 483.306 cm
/Im3 Do
Q
q
1 0 0 0.456 63.89 483.306 cm
/Im3 Do
Q
q
1 0 0 0.456 64.85 483.306 cm
/Im3 Do
Q
q
1 0 0 0.456 65.81 483.306 cm
/Im3 Do
Q
q
1 0 0 0.456 66.77 483.306 cm
/Im3 Do
Q
q
1 0 0 0.456 67.73 483.306 cm
/Im3 Do
Q
q
1 0 0 0.456 68.69 483.306 cm
/Im3 Do
Q
q
1 0 0 0.456 69.65 483.306 cm
/Im3 Do
Q
q
1 0 0 0.456 70.61 483.306 cm
/Im3 Do
Q
q
1 0 0 0.456 71.57 483.306 cm
/Im3 Do
Q
q
1 0 0 0.456 72.53 483.306 cm
/Im3 Do
Q
q
1 0 0 0.456 73.49 483.306 cm
/Im3 Do
Q
q
1 0 0 0.456 74.45 483.306 cm
/Im3 Do
Q
q
1 0 0 0.456 75.41 483.306 cm
/Im3 Do
Q
q
1 0 0 0.456 76.37 483.306 cm
/Im3 Do
Q
q
1 0 0 0.456 77.33 483.306 cm
/Im3 Do
Q
q
1 0 0 0.456 78.29 483.306 cm
/Im3 Do
Q
q
1 0 0 0.456 79.25 483.306 cm
/Im3 Do
Q
q
1 0 0 0.456 80.21 483.306 cm
/Im3 Do
Q
q
1 0 0 0.456 81.17 483.306 cm
/Im3 Do
Q
q
1 0 0 0.456 82.13 483.306 cm
/Im3 Do
Q
q
1 0 0 0.456 83.09 483.306 cm
/Im3 Do
Q
q
1 0 0 0.456 84.05 483.306 cm
/Im3 Do
Q
q
1 0 0 0.456 85.01 483.306 cm
/Im3 Do
Q
q
1 0 0 0.456 85.97 483.306 cm
/Im3 Do
Q
q
1 0 0 0.456 86.93 483.306 cm
/Im3 Do
Q
q
1 0 0 0.456 87.89 483.306 cm
/Im3 Do
Q
q
1 0 0 0.456 88.85 483.306 cm
/Im3 Do
Q
q
1 0 0 0.456 89.81 483.306 cm
/Im3 Do
Q
q
1 0 0 0.456 90.77 483.306 cm
/Im3 Do
Q
q
1 0 0 0.456 91.73 483.306 cm
/Im3 Do
Q
q
1 0 0 0.456 92.69 483.306 cm
/Im3 Do
Q
q
1 0 0 0.456 93.65 483.306 cm
/Im3 Do
Q
q
1 0 0 0.456 94.61 483.306 cm
/Im3 Do
Q
q
1 0 0 0.456 95.57 483.306 cm
/Im3 Do
Q
q
1 0 0 0.456 96.53 483.306 cm
/Im3 Do
Q
q
1 0 0 0.456 97.49 483.306 cm
/Im3 Do
Q
q
1 0 0 0.456 98.45 483.306 cm
/Im3 Do
Q
q
1 0 0 0.456 99.41 483.306 cm
/Im3 Do
Q
q
1 0 0 0.456 100.37 483.306 cm
/Im3 Do
Q
q
1 0 0 0.456 101.33 483.306 cm
/Im3 Do
Q
q
1 0 0 0.456 102.29 483.306 cm
/Im3 Do
Q
q
1 0 0 0.456 103.25 483.306 cm
/Im3 Do
Q
q
1 0 0 0.456 104.21 483.306 cm
/Im3 Do
Q
q
1 0 0 0.456 105.17 483.306 cm
/Im3 Do
Q
q
1 0 0 0.456 106.13 483.306 cm
/Im3 Do
Q
q
1 0 0 0.456 107.09 483.306 cm
/Im3 Do
Q
q
1 0 0 0.456 108.05 483.306 cm
/Im3 Do
Q
q
1 0 0 0.456 109.01 483.306 cm
/Im3 Do
Q
q
1 0 0 0.456 109.97 483.306 cm
/Im3 Do
Q
q
1 0 0 0.456 110.93 483.306 cm
/Im3 Do
Q
q
1 0 0 0.456 111.89 483.306 cm
/Im3 Do
Q
q
1 0 0 0.456 112.85 483.306 cm
/Im3 Do
Q
q
1 0 0 0.456 113.81 483.306 cm
/Im3 Do
Q
q
1 0 0 0.456 114.77 483.306 cm
/Im3 Do
Q
q
1 0 0 0.456 115.73 483.306 cm
/Im3 Do
Q
q
1 0 0 0.456 116.69 483.306 cm
/Im3 Do
Q
q
1 0 0 0.456 117.65 483.306 cm
/Im3 Do
Q
q
1 0 0 0.456 118.61 483.306 cm
/Im3 Do
Q
q
1 0 0 0.456 119.57 483.306 cm
/Im3 Do
Q
q
1 0 0 0.456 120.53 483.306 cm
/Im3 Do
Q
q
1 0 0 0.456 121.49 483.306 cm
/Im3 Do
Q
q
1 0 0 0.456 122.45 483.306 cm
/Im3 Do
Q
q
1 0 0 0.456 123.41 483.306 cm
/Im3 Do
Q
q
1 0 0 0.456 124.37 483.306 cm
/Im3 Do
Q
q
1 0 0 0.456 125.33 483.306 cm
/Im3 Do
Q
q
1 0 0 0.456 126.29 483.306 cm
/Im3 Do
Q
q
1 0 0 0.456 127.25 483.306 cm
/Im3 Do
Q
q
1 0 0 0.456 128.21 483.306 cm
/Im3 Do
Q
q
1 0 0 0.456 129.17 483.306 cm
/Im3 Do
Q
q
1 0 0 0.456 130.13 483.306 cm
/Im3 Do
Q
q
1 0 0 0.456 131.09 483.306 cm
/Im3 Do
Q
q
1 0 0 0.456 132.05 483.306 cm
/Im3 Do
Q
q
1 0 0 0.456 133.01 483.306 cm
/Im3 Do
Q
q
1 0 0 0.456 133.97 483.306 cm
/Im3 Do
Q
q
1 0 0 0.456 134.93 483.306 cm
/Im3 Do
Q
q
1 0 0 0.456 135.89 483.306 cm
/Im3 Do
Q
q
1 0 0 0.456 136.85 483.306 cm
/Im3 Do
Q
q
1 0 0 0.456 137.81 483.306 cm
/Im3 Do
Q
q
1 0 0 0.456 138.77 483.306 cm
/Im3 Do
Q
q
1 0 0 0.456 139.73 483.306 cm
/Im3 Do
Q
q
1 0 0 0.456 140.69 483.306 cm
/Im3 Do
Q
q
1 0 0 0.456 141.65 483.306 cm
/Im3 Do
Q
q
1 0 0 0.456 142.61 483.306 cm
/Im3 Do
Q
q
1 0 0 0.456 143.57 483.306 cm
/Im3 Do
Q
q
1 0 0 0.456 144.53 483.306 cm
/Im3 Do
Q
q
1 0 0 0.456 145.49 483.306 cm
/Im3 Do
Q
q
1 0 0 0.456 146.45 483.306 cm
/Im3 Do
Q
q
1 0 0 0.456 147.41 483.306 cm
/Im3 Do
Q
q
1 0 0 0.456 148.37 483.306 cm
/Im3 Do
Q
q
1 0 0 0.456 149.33 483.306 cm
/Im3 Do
Q
q
1 0 0 0.456 150.29 483.306 cm
/Im3 Do
Q
q
1 0 0 0.456 151.25 483.306 cm
/Im3 Do
Q
q
1 0 0 0.456 152.21 483.306 cm
/Im3 Do
Q
q
1 0 0 0.456 153.17 483.306 cm
/Im3 Do
Q
q
1 0 0 0.456 154.13 483.306 cm
/Im3 Do
Q
q
1 0 0 0.456 155.09 483.306 cm
/Im3 Do
Q
q
1 0 0 0.456 156.05 483.306 cm
/Im3 Do
Q
q
1 0 0 0.456 157.01 483.306 cm
/Im3 Do
Q
q
1 0 0 0.456 157.97 483.306 cm
/Im3 Do
Q
q
1 0 0 0.456 158.93 483.306 cm
/Im3 Do
Q
q
1 0 0 0.456 159.89 483.306 cm
/Im3 Do
Q
q
1 0 0 0.456 160.85 483.306 cm
/Im3 Do
Q
q
1 0 0 0.456 161.81 483.306 cm
/Im3 Do
Q
q
1 0 0 0.456 162.77 483.306 cm
/Im3 Do
Q
q
1 0 0 0.456 163.73 483.306 cm
/Im3 Do
Q
q
1 0 0 0.456 164.69 483.306 cm
/Im3 Do
Q
q
1 0 0 0.456 165.65 483.306 cm
/Im3 Do
Q
q
1 0 0 0.456 166.61 483.306 cm
/Im3 Do
Q
q
1 0 0 0.456 167.57 483.306 cm
/Im3 Do
Q
q
1 0 0 0.456 168.53 483.306 cm
/Im3 Do
Q
q
1 0 0 0.456 169.49 483.306 cm
/Im3 Do
Q
q
1 0 0 0.456 170.45 483.306 cm
/Im3 Do
Q
q
1 0 0 0.456 171.41 483.306 cm
/Im3 Do
Q
q
1 0 0 0.456 172.37 483.306 cm
/Im3 Do
Q
q
1 0 0 0.456 173.33 483.306 cm
/Im3 Do
Q
q
1 0 0 0.456 174.29 483.306 cm
/Im3 Do
Q
q
1 0 0 0.456 175.25 483.306 cm
/Im3 Do
Q
q
1 0 0 0.456 176.21 483.306 cm
/Im3 Do
Q
q
1 0 0 0.456 177.17 483.306 cm
/Im3 Do
Q
q
1 0 0 0.456 178.13 483.306 cm
/Im3 Do
Q
q
1 0 0 0.456 179.09 483.306 cm
/Im3 Do
Q
q
1 0 0 0.456 180.05 483.306 cm
/Im3 Do
Q
q
1 0 0 0.456 181.01 483.306 cm
/Im3 Do
Q
q
1 0 0 0.456 181.97 483.306 cm
/Im3 Do
Q
q
1 0 0 0.456 182.93 483.306 cm
/Im3 Do
Q
q
1 0 0 0.456 183.89 483.306 cm
/Im3 Do
Q
q
1 0 0 0.456 184.85 483.306 cm
/Im3 Do
Q
q
1 0 0 0.456 185.81 483.306 cm
/Im3 Do
Q
q
1 0 0 0.456 186.77 483.306 cm
/Im3 Do
Q
q
1 0 0 0.456 187.73 483.306 cm
/Im3 Do
Q
q
1 0 0 0.456 188.69 483.306 cm
/Im3 Do
Q
q
1 0 0 0.456 189.65 483.306 cm
/Im3 Do
Q
q
1 0 0 0.456 190.61 483.306 cm
/Im3 Do
Q
q
1 0 0 0.456 191.57 483.306 cm
/Im3 Do
Q
q
1 0 0 0.456 192.53 483.306 cm
/Im3 Do
Q
q
1 0 0 0.456 193.49 483.306 cm
/Im3 Do
Q
q
1 0 0 0.456 194.45 483.306 cm
/Im3 Do
Q
q
1 0 0 0.456 195.41 483.306 cm
/Im3 Do
Q
q
1 0 0 0.456 196.37 483.306 cm
/Im3 Do
Q
q
1 0 0 0.456 197.33 483.306 cm
/Im3 Do
Q
q
1 0 0 0.456 198.29 483.306 cm
/Im3 Do
Q
q
1 0 0 0.456 199.25 483.306 cm
/Im3 Do
Q
q
1 0 0 0.456 200.21 483.306 cm
/Im3 Do
Q
q
1 0 0 0.456 201.17 483.306 cm
/Im3 Do
Q
q
1 0 0 0.456 202.13 483.306 cm
/Im3 Do
Q
q
1 0 0 0.456 203.09 483.306 cm
/Im3 Do
Q
q
1 0 0 0.456 204.05 483.306 cm
/Im3 Do
Q
q
1 0 0 0.456 205.01 483.306 cm
/Im3 Do
Q
q
1 0 0 0.456 205.97 483.306 cm
/Im3 Do
Q
q
1 0 0 0.456 206.93 483.306 cm
/Im3 Do
Q
q
1 0 0 0.456 207.89 483.306 cm
/Im3 Do
Q
q
1 0 0 0.456 208.85 483.306 cm
/Im3 Do
Q
q
1 0 0 0.456 209.81 483.306 cm
/Im3 Do
Q
q
1 0 0 0.456 210.77 483.306 cm
/Im3 Do
Q
q
1 0 0 0.456 211.73 483.306 cm
/Im3 Do
Q
q
1 0 0 0.456 212.69 483.306 cm
/Im3 Do
Q
q
1 0 0 0.456 213.65 483.306 cm
/Im3 Do
Q
q
1 0 0 0.456 214.61 483.306 cm
/Im3 Do
Q
q
1 0 0 0.456 215.57 483.306 cm
/Im3 Do
Q
q
1 0 0 0.456 216.53 483.306 cm
/Im3 Do
Q
q
1 0 0 0.456 217.49 483.306 cm
/Im3 Do
Q
q
1 0 0 0.456 218.45 483.306 cm
/Im3 Do
Q
q
1 0 0 0.456 219.41 483.306 cm
/Im3 Do
Q
q
1 0 0 0.456 220.37 483.306 cm
/Im3 Do
Q
q
1 0 0 0.456 221.33 483.306 cm
/Im3 Do
Q
q
1 0 0 0.456 222.29 483.306 cm
/Im3 Do
Q
q
1 0 0 0.456 223.25 483.306 cm
/Im3 Do
Q
q
1 0 0 0.456 224.21 483.306 cm
/Im3 Do
Q
q
1 0 0 0.456 225.17 483.306 cm
/Im3 Do
Q
q
1 0 0 0.456 226.13 483.306 cm
/Im3 Do
Q
q
1 0 0 0.456 227.09 483.306 cm
/Im3 Do
Q
q
1 0 0 0.456 228.05 483.306 cm
/Im3 Do
Q
q
1 0 0 0.456 229.01 483.306 cm
/Im3 Do
Q
q
1 0 0 0.456 229.97 483.306 cm
/Im3 Do
Q
q
1 0 0 0.456 230.93 483.306 cm
/Im3 Do
Q
q
1 0 0 0.456 231.89 483.306 cm
/Im3 Do
Q
q
1 0 0 0.456 232.85 483.306 cm
/Im3 Do
Q
q
1 0 0 0.456 233.81 483.306 cm
/Im3 Do
Q
q
1 0 0 0.456 234.77 483.306 cm
/Im3 Do
Q
q
1 0 0 0.456 235.73 483.306 cm
/Im3 Do
Q
q
1 0 0 0.456 236.69 483.306 cm
/Im3 Do
Q
q
1 0 0 0.456 237.65 483.306 cm
/Im3 Do
Q
q
1 0 0 0.456 238.61 483.306 cm
/Im3 Do
Q
q
1 0 0 0.456 239.57 483.306 cm
/Im3 Do
Q
q
1 0 0 0.456 240.53 483.306 cm
/Im3 Do
Q
q
1 0 0 0.456 241.49 483.306 cm
/Im3 Do
Q
q
1 0 0 0.456 242.45 483.306 cm
/Im3 Do
Q
q
1 0 0 0.456 243.41 483.306 cm
/Im3 Do
Q
q
1 0 0 0.456 244.37 483.306 cm
/Im3 Do
Q
q
1 0 0 0.456 245.33 483.306 cm
/Im3 Do
Q
q
1 0 0 0.456 246.29 483.306 cm
/Im3 Do
Q
q
1 0 0 0.456 247.25 483.306 cm
/Im3 Do
Q
q
1 0 0 0.456 248.21 483.306 cm
/Im3 Do
Q
q
1 0 0 0.456 249.17 483.306 cm
/Im3 Do
Q
q
1 0 0 0.456 250.13 483.306 cm
/Im3 Do
Q
q
1 0 0 0.456 251.09 483.306 cm
/Im3 Do
Q
q
1 0 0 0.456 252.05 483.306 cm
/Im3 Do
Q
q
1 0 0 0.456 253.01 483.306 cm
/Im3 Do
Q
q
1 0 0 0.456 253.97 483.306 cm
/Im3 Do
Q
q
1 0 0 0.456 254.93 483.306 cm
/Im3 Do
Q
q
1 0 0 0.456 255.89 483.306 cm
/Im3 Do
Q
q
1 0 0 0.456 256.85 483.306 cm
/Im3 Do
Q
q
1 0 0 0.456 257.81 483.306 cm
/Im3 Do
Q
q
1 0 0 0.456 258.77 483.306 cm
/Im3 Do
Q
q
1 0 0 0.456 259.73 483.306 cm
/Im3 Do
Q
q
1 0 0 0.456 260.69 483.306 cm
/Im3 Do
Q
q
1 0 0 0.456 261.65 483.306 cm
/Im3 Do
Q
q
1 0 0 0.456 262.61 483.306 cm
/Im3 Do
Q
q
1 0 0 0.456 263.57 483.306 cm
/Im3 Do
Q
q
1 0 0 0.456 264.53 483.306 cm
/Im3 Do
Q
q
1 0 0 0.456 265.49 483.306 cm
/Im3 Do
Q
q
1 0 0 0.456 266.45 483.306 cm
/Im3 Do
Q
q
1 0 0 0.456 267.41 483.306 cm
/Im3 Do
Q
q
1 0 0 0.456 268.37 483.306 cm
/Im3 Do
Q
q
1 0 0 0.456 269.33 483.306 cm
/Im3 Do
Q
q
1 0 0 0.456 270.29 483.306 cm
/Im3 Do
Q
q
1 0 0 0.456 271.25 483.306 cm
/Im3 Do
Q
q
1 0 0 0.456 272.21 483.306 cm
/Im3 Do
Q
q
1 0 0 0.456 273.17 483.306 cm
/Im3 Do
Q
q
1 0 0 0.456 274.13 483.306 cm
/Im3 Do
Q
q
1 0 0 0.456 275.09 483.306 cm
/Im3 Do
Q
q
1 0 0 0.456 276.05 483.306 cm
/Im3 Do
Q
q
1 0 0 0.456 277.01 483.306 cm
/Im3 Do
Q
q
1 0 0 0.456 277.97 483.306 cm
/Im3 Do
Q
q
1 0 0 0.456 278.93 483.306 cm
/Im3 Do
Q
q
1 0 0 0.456 279.89 483.306 cm
/Im3 Do
Q
q
1 0 0 0.456 280.85 483.306 cm
/Im3 Do
Q
q
1 0 0 0.456 281.81 483.306 cm
/Im3 Do
Q
q
1 0 0 0.456 282.77 483.306 cm
/Im3 Do
Q
q
1 0 0 0.456 283.73 483.306 cm
/Im3 Do
Q
q
1 0 0 0.456 284.69 483.306 cm
/Im3 Do
Q
q
1 0 0 0.456 285.65 483.306 cm
/Im3 Do
Q
q
1 0 0 0.456 286.61 483.306 cm
/Im3 Do
Q
q
1 0 0 0.456 287.57 483.306 cm
/Im3 Do
Q
q
1 0 0 0.456 288.53 483.306 cm
/Im3 Do
Q
q
1 0 0 0.456 289.49 483.306 cm
/Im3 Do
Q
q
1 0 0 0.456 290.45 483.306 cm
/Im3 Do
Q
q
1 0 0 0.456 291.41 483.306 cm
/Im3 Do
Q
q
1 0 0 0.456 292.37 483.306 cm
/Im3 Do
Q
q
1 0 0 0.456 293.33 483.306 cm
/Im3 Do
Q
q
1 0 0 0.456 294.29 483.306 cm
/Im3 Do
Q
q
1 0 0 0.456 295.25 483.306 cm
/Im3 Do
Q
q
1 0 0 0.456 296.21 483.306 cm
/Im3 Do
Q
q
1 0 0 0.456 297.17 483.306 cm
/Im3 Do
Q
q
1 0 0 0.456 298.13 483.306 cm
/Im3 Do
Q
q
1 0 0 0.456 299.09 483.306 cm
/Im3 Do
Q
q
1 0 0 0.456 300.05 483.306 cm
/Im3 Do
Q
q
1 0 0 0.456 301.01 483.306 cm
/Im3 Do
Q
q
1 0 0 0.456 301.97 483.306 cm
/Im3 Do
Q
q
1 0 0 0.456 302.93 483.306 cm
/Im3 Do
Q
q
1 0 0 0.456 303.89 483.306 cm
/Im3 Do
Q
q
1 0 0 0.456 304.85 483.306 cm
/Im3 Do
Q
q
1 0 0 0.456 305.81 483.306 cm
/Im3 Do
Q
q
1 0 0 0.456 306.77 483.306 cm
/Im3 Do
Q
q
1 0 0 0.456 307.73 483.306 cm
/Im3 Do
Q
q
1 0 0 0.456 308.69 483.306 cm
/Im3 Do
Q
q
1 0 0 0.456 309.65 483.306 cm
/Im3 Do
Q
q
1 0 0 0.456 310.61 483.306 cm
/Im3 Do
Q
q
1 0 0 0.456 311.57 483.306 cm
/Im3 Do
Q
q
1 0 0 0.456 312.53 483.306 cm
/Im3 Do
Q
q
1 0 0 0.456 313.49 483.306 cm
/Im3 Do
Q
q
1 0 0 0.456 314.45 483.306 cm
/Im3 Do
Q
q
1 0 0 0.456 315.41 483.306 cm
/Im3 Do
Q
q
1 0 0 0.456 316.37 483.306 cm
/Im3 Do
Q
q
1 0 0 0.456 317.33 483.306 cm
/Im3 Do
Q
q
1 0 0 0.456 318.29 483.306 cm
/Im3 Do
Q
q
1 0 0 0.456 319.25 483.306 cm
/Im3 Do
Q
q
1 0 0 0.456 320.21 483.306 cm
/Im3 Do
Q
q
1 0 0 0.456 321.17 483.306 cm
/Im3 Do
Q
q
1 0 0 0.456 322.13 483.306 cm
/Im3 Do
Q
q
1 0 0 0.456 323.09 483.306 cm
/Im3 Do
Q
q
1 0 0 0.456 324.05 483.306 cm
/Im3 Do
Q
q
1 0 0 0.456 325.01 483.306 cm
/Im3 Do
Q
q
1 0 0 0.456 325.97 483.306 cm
/Im3 Do
Q
q
1 0 0 0.456 326.93 483.306 cm
/Im3 Do
Q
q
1 0 0 0.456 327.89 483.306 cm
/Im3 Do
Q
q
1 0 0 0.456 328.85 483.306 cm
/Im3 Do
Q
q
1 0 0 0.456 329.81 483.306 cm
/Im3 Do
Q
q
1 0 0 0.456 330.77 483.306 cm
/Im3 Do
Q
q
1 0 0 0.456 331.73 483.306 cm
/Im3 Do
Q
q
1 0 0 0.456 332.69 483.306 cm
/Im3 Do
Q
q
1 0 0 0.456 333.65 483.306 cm
/Im3 Do
Q
q
1 0 0 0.456 334.61 483.306 cm
/Im3 Do
Q
q
1 0 0 0.456 335.57 483.306 cm
/Im3 Do
Q
q
1 0 0 0.456 336.53 483.306 cm
/Im3 Do
Q
q
1 0 0 0.456 337.49 483.306 cm
/Im3 Do
Q
q
1 0 0 0.456 338.45 483.306 cm
/Im3 Do
Q
q
1 0 0 0.456 339.41 483.306 cm
/Im3 Do
Q
q
1 0 0 0.456 340.37 483.306 cm
/Im3 Do
Q
q
1 0 0 0.456 341.33 483.306 cm
/Im3 Do
Q
q
1 0 0 0.456 342.29 483.306 cm
/Im3 Do
Q
q
1 0 0 0.456 343.25 483.306 cm
/Im3 Do
Q
q
1 0 0 0.456 344.21 483.306 cm
/Im3 Do
Q
q
1 0 0 0.456 345.17 483.306 cm
/Im3 Do
Q
q
1 0 0 0.456 346.13 483.306 cm
/Im3 Do
Q
q
1 0 0 0.456 347.09 483.306 cm
/Im3 Do
Q
q
1 0 0 0.456 348.05 483.306 cm
/Im3 Do
Q
q
1 0 0 0.456 349.01 483.306 cm
/Im3 Do
Q
q
1 0 0 0.456 349.97 483.306 cm
/Im3 Do
Q
q
1 0 0 0.456 350.93 483.306 cm
/Im3 Do
Q
q
1 0 0 0.456 351.89 483.306 cm
/Im3 Do
Q
q
1 0 0 0.456 352.85 483.306 cm
/Im3 Do
Q
q
1 0 0 0.456 353.81 483.306 cm
/Im3 Do
Q
q
1 0 0 0.456 354.77 483.306 cm
/Im3 Do
Q
q
1 0 0 0.456 355.73 483.306 cm
/Im3 Do
Q
q
1 0 0 0.456 356.69 483.306 cm
/Im3 Do
Q
q
1 0 0 0.456 357.65 483.306 cm
/Im3 Do
Q
q
1 0 0 0.456 358.61 483.306 cm
/Im3 Do
Q
q
1 0 0 0.456 359.57 483.306 cm
/Im3 Do
Q
q
1 0 0 0.456 360.53 483.306 cm
/Im3 Do
Q
q
1 0 0 0.456 361.49 483.306 cm
/Im3 Do
Q
q
1 0 0 0.456 362.45 483.306 cm
/Im3 Do
Q
q
1 0 0 0.456 363.41 483.306 cm
/Im3 Do
Q
q
1 0 0 0.456 364.37 483.306 cm
/Im3 Do
Q
q
1 0 0 0.456 365.33 483.306 cm
/Im3 Do
Q
q
1 0 0 0.456 366.29 483.306 cm
/Im3 Do
Q
q
1 0 0 0.456 367.25 483.306 cm
/Im3 Do
Q
q
1 0 0 0.456 368.21 483.306 cm
/Im3 Do
Q
q
1 0 0 0.456 369.17 483.306 cm
/Im3 Do
Q
q
1 0 0 0.456 370.13 483.306 cm
/Im3 Do
Q
q
1 0 0 0.456 371.09 483.306 cm
/Im3 Do
Q
q
1 0 0 0.456 372.05 483.306 cm
/Im3 Do
Q
q
1 0 0 0.456 373.01 483.306 cm
/Im3 Do
Q
q
1 0 0 0.456 373.97 483.306 cm
/Im3 Do
Q
q
1 0 0 0.456 374.93 483.306 cm
/Im3 Do
Q
q
1 0 0 0.456 375.89 483.306 cm
/Im3 Do
Q
q
1 0 0 0.456 376.85 483.306 cm
/Im3 Do
Q
q
1 0 0 0.456 377.81 483.306 cm
/Im3 Do
Q
q
1 0 0 0.456 378.77 483.306 cm
/Im3 Do
Q
q
1 0 0 0.456 379.73 483.306 cm
/Im3 Do
Q
q
1 0 0 0.456 380.69 483.306 cm
/Im3 Do
Q
q
1 0 0 0.456 381.65 483.306 cm
/Im3 Do
Q
q
1 0 0 0.456 382.61 483.306 cm
/Im3 Do
Q
q
1 0 0 0.456 383.57 483.306 cm
/Im3 Do
Q
q
1 0 0 0.456 384.53 483.306 cm
/Im3 Do
Q
q
1 0 0 0.456 385.49 483.306 cm
/Im3 Do
Q
q
1 0 0 0.456 386.45 483.306 cm
/Im3 Do
Q
q
1 0 0 0.456 387.41 483.306 cm
/Im3 Do
Q
q
1 0 0 0.456 388.37 483.306 cm
/Im3 Do
Q
q
1 0 0 0.456 389.33 483.306 cm
/Im3 Do
Q
q
1 0 0 0.456 390.29 483.306 cm
/Im3 Do
Q
q
1 0 0 0.456 391.25 483.306 cm
/Im3 Do
Q
q
1 0 0 0.456 392.21 483.306 cm
/Im3 Do
Q
q
1 0 0 0.456 393.17 483.306 cm
/Im3 Do
Q
q
1 0 0 0.456 394.13 483.306 cm
/Im3 Do
Q
q
1 0 0 0.456 395.09 483.306 cm
/Im3 Do
Q
q
1 0 0 0.456 396.05 483.306 cm
/Im3 Do
Q
q
1 0 0 0.456 397.01 483.306 cm
/Im3 Do
Q
q
1 0 0 0.456 397.97 483.306 cm
/Im3 Do
Q
q
1 0 0 0.456 398.93 483.306 cm
/Im3 Do
Q
q
1 0 0 0.456 399.89 483.306 cm
/Im3 Do
Q
q
1 0 0 0.456 400.85 483.306 cm
/Im3 Do
Q
q
1 0 0 0.456 401.81 483.306 cm
/Im3 Do
Q
q
1 0 0 0.456 402.77 483.306 cm
/Im3 Do
Q
q
1 0 0 0.456 403.73 483.306 cm
/Im3 Do
Q
q
1 0 0 0.456 404.69 483.306 cm
/Im3 Do
Q
q
1 0 0 0.456 405.65 483.306 cm
/Im3 Do
Q
q
1 0 0 0.456 406.61 483.306 cm
/Im3 Do
Q
q
1 0 0 0.456 407.57 483.306 cm
/Im3 Do
Q
q
1 0 0 0.456 408.53 483.306 cm
/Im3 Do
Q
q
1 0 0 0.456 409.49 483.306 cm
/Im3 Do
Q
q
1 0 0 0.456 410.45 483.306 cm
/Im3 Do
Q
q
1 0 0 0.456 411.41 483.306 cm
/Im3 Do
Q
q
1 0 0 0.456 412.37 483.306 cm
/Im3 Do
Q
q
1 0 0 0.456 413.33 483.306 cm
/Im3 Do
Q
q
1 0 0 0.456 414.29 483.306 cm
/Im3 Do
Q
q
1 0 0 0.456 415.25 483.306 cm
/Im3 Do
Q
q
1 0 0 0.456 416.21 483.306 cm
/Im3 Do
Q
q
1 0 0 0.456 417.17 483.306 cm
/Im3 Do
Q
q
1 0 0 0.456 418.13 483.306 cm
/Im3 Do
Q
q
1 0 0 0.456 419.09 483.306 cm
/Im3 Do
Q
q
1 0 0 0.456 420.05 483.306 cm
/Im3 Do
Q
q
1 0 0 0.456 421.01 483.306 cm
/Im3 Do
Q
q
1 0 0 0.456 421.97 483.306 cm
/Im3 Do
Q
q
1 0 0 0.456 422.93 483.306 cm
/Im3 Do
Q
q
1 0 0 0.456 423.89 483.306 cm
/Im3 Do
Q
q
1 0 0 0.456 424.85 483.306 cm
/Im3 Do
Q
q
1 0 0 0.456 425.81 483.306 cm
/Im3 Do
Q
q
1 0 0 0.456 426.77 483.306 cm
/Im3 Do
Q
q
1 0 0 0.456 427.73 483.306 cm
/Im3 Do
Q
q
1 0 0 0.456 428.69 483.306 cm
/Im3 Do
Q
q
1 0 0 0.456 429.65 483.306 cm
/Im3 Do
Q
q
1 0 0 0.456 430.61 483.306 cm
/Im3 Do
Q
q
1 0 0 0.456 431.57 483.306 cm
/Im3 Do
Q
q
1 0 0 0.456 432.53 483.306 cm
/Im3 Do
Q
q
1 0 0 0.456 433.49 483.306 cm
/Im3 Do
Q
q
1 0 0 0.456 434.45 483.306 cm
/Im3 Do
Q
q
1 0 0 0.456 435.41 483.306 cm
/Im3 Do
Q
q
1 0 0 0.456 436.37 483.306 cm
/Im3 Do
Q
q
1 0 0 0.456 437.33 483.306 cm
/Im3 Do
Q
q
1 0 0 0.456 438.29 483.306 cm
/Im3 Do
Q
q
1 0 0 0.456 439.25 483.306 cm
/Im3 Do
Q
q
1 0 0 0.456 440.21 483.306 cm
/Im3 Do
Q
q
1 0 0 0.456 441.17 483.306 cm
/Im3 Do
Q
q
1 0 0 0.456 442.13 483.306 cm
/Im3 Do
Q
q
1 0 0 0.456 443.09 483.306 cm
/Im3 Do
Q
q
1 0 0 0.456 444.05 483.306 cm
/Im3 Do
Q
q
1 0 0 0.456 445.01 483.306 cm
/Im3 Do
Q
q
1 0 0 0.456 445.97 483.306 cm
/Im3 Do
Q
q
1 0 0 0.456 446.93 483.306 cm
/Im3 Do
Q
q
1 0 0 0.456 447.89 483.306 cm
/Im3 Do
Q
q
1 0 0 0.456 448.85 483.306 cm
/Im3 Do
Q
q
1 0 0 0.456 449.81 483.306 cm
/Im3 Do
Q
q
1 0 0 0.456 450.77 483.306 cm
/Im3 Do
Q
q
1 0 0 0.456 451.73 483.306 cm
/Im3 Do
Q
q
1 0 0 0.456 452.69 483.306 cm
/Im3 Do
Q
q
1 0 0 0.456 453.65 483.306 cm
/Im3 Do
Q
q
1 0 0 0.456 454.61 483.306 cm
/Im3 Do
Q
q
1 0 0 0.456 455.57 483.306 cm
/Im3 Do
Q
q
1 0 0 0.456 456.53 483.306 cm
/Im3 Do
Q
q
1 0 0 0.456 457.49 483.306 cm
/Im3 Do
Q
q
1 0 0 0.456 458.45 483.306 cm
/Im5 Do
Q
q
1 0 0 0.456 458.93 483.306 cm
/Im3 Do
Q
q
1 0 0 0.456 459.89 483.306 cm
/Im3 Do
Q
q
1 0 0 0.456 460.85 483.306 cm
/Im3 Do
Q
q
1 0 0 0.456 461.81 483.306 cm
/Im3 Do
Q
q
1 0 0 0.456 462.77 483.306 cm
/Im3 Do
Q
q
1 0 0 0.456 463.73 483.306 cm
/Im3 Do
Q
q
1 0 0 0.456 464.69 483.306 cm
/Im3 Do
Q
q
1 0 0 0.456 465.65 483.306 cm
/Im3 Do
Q
q
1 0 0 0.456 466.61 483.306 cm
/Im3 Do
Q
q
1 0 0 0.456 467.57 483.306 cm
/Im3 Do
Q
q
1 0 0 0.456 468.53 483.306 cm
/Im3 Do
Q
q
1 0 0 0.456 469.49 483.306 cm
/Im3 Do
Q
q
1 0 0 0.456 470.45 483.306 cm
/Im3 Do
Q
q
1 0 0 0.456 471.41 483.306 cm
/Im3 Do
Q
q
1 0 0 0.456 472.37 483.306 cm
/Im3 Do
Q
q
1 0 0 0.456 473.33 483.306 cm
/Im3 Do
Q
q
1 0 0 0.456 474.29 483.306 cm
/Im3 Do
Q
q
1 0 0 0.456 475.25 483.306 cm
/Im3 Do
Q
q
1 0 0 0.456 476.21 483.306 cm
/Im3 Do
Q
q
1 0 0 0.456 477.17 483.306 cm
/Im3 Do
Q
q
1 0 0 0.456 478.13 483.306 cm
/Im3 Do
Q
q
1 0 0 0.456 479.09 483.306 cm
/Im3 Do
Q
q
1 0 0 0.456 480.05 483.306 cm
/Im3 Do
Q
q
1 0 0 0.456 481.01 483.306 cm
/Im3 Do
Q
q
1 0 0 0.456 481.97 483.306 cm
/Im3 Do
Q
q
1 0 0 0.456 482.93 483.306 cm
/Im3 Do
Q
q
1 0 0 0.456 483.89 483.306 cm
/Im3 Do
Q
q
1 0 0 0.456 484.85 483.306 cm
/Im3 Do
Q
q
1 0 0 0.456 485.81 483.306 cm
/Im3 Do
Q
q
1 0 0 0.456 486.77 483.306 cm
/Im3 Do
Q
q
1 0 0 0.456 487.73 483.306 cm
/Im3 Do
Q
q
1 0 0 0.456 488.69 483.306 cm
/Im3 Do
Q
q
1 0 0 0.456 489.65 483.306 cm
/Im3 Do
Q
q
1 0 0 0.456 490.61 483.306 cm
/Im3 Do
Q
q
1 0 0 0.456 491.57 483.306 cm
/Im3 Do
Q
q
1 0 0 0.456 492.53 483.306 cm
/Im3 Do
Q
q
1 0 0 0.456 493.49 483.306 cm
/Im3 Do
Q
q
1 0 0 0.456 494.45 483.306 cm
/Im3 Do
Q
q
1 0 0 0.456 495.41 483.306 cm
/Im3 Do
Q
q
1 0 0 0.456 496.37 483.306 cm
/Im3 Do
Q
q
1 0 0 0.456 497.33 483.306 cm
/Im3 Do
Q
q
1 0 0 0.456 498.29 483.306 cm
/Im3 Do
Q
q
1 0 0 0.456 499.25 483.306 cm
/Im3 Do
Q
q
1 0 0 0.456 500.21 483.306 cm
/Im3 Do
Q
q
1 0 0 0.456 501.17 483.306 cm
/Im4 Do
Q
q
1 0 0 0.456 501.65 483.306 cm
/Im3 Do
Q
q
1 0 0 0.456 502.61 483.306 cm
/Im3 Do
Q
q
1 0 0 0.456 503.57 483.306 cm
/Im3 Do
Q
q
1 0 0 0.456 504.53 483.306 cm
/Im3 Do
Q
q
1 0 0 0.456 505.49 483.306 cm
/Im3 Do
Q
q
1 0 0 0.456 506.45 483.306 cm
/Im3 Do
Q
q
1 0 0 0.456 507.41 483.306 cm
/Im3 Do
Q
q
1 0 0 0.456 508.3699 483.306 cm
/Im3 Do
Q
q
1 0 0 0.456 509.33 483.306 cm
/Im3 Do
Q
q
1 0 0 0.456 510.29 483.306 cm
/Im3 Do
Q
q
1 0 0 0.456 511.2499 483.306 cm
/Im3 Do
Q
q
1 0 0 0.456 512.21 483.306 cm
/Im3 Do
Q
q
1 0 0 0.456 513.1699 483.306 cm
/Im3 Do
Q
q
1 0 0 0.456 514.1299 483.306 cm
/Im3 Do
Q
q
1 0 0 0.456 515.09 483.306 cm
/Im3 Do
Q
q
1 0 0 0.456 516.0499 483.306 cm
/Im3 Do
Q
q
1 0 0 0.456 517.01 483.306 cm
/Im3 Do
Q
q
1 0 0 0.456 517.97 483.306 cm
/Im3 Do
Q
q
1 0 0 0.456 518.9299 483.306 cm
/Im3 Do
Q
q
1 0 0 0.456 519.89 483.306 cm
/Im3 Do
Q
q
1 0 0 0.456 520.85 483.306 cm
/Im3 Do
Q
q
1 0 0 0.456 521.8099 483.306 cm
/Im3 Do
Q
q
1 0 0 0.456 522.77 483.306 cm
/Im3 Do
Q
q
1 0 0 0.456 523.73 483.306 cm
/Im3 Do
Q
q
1 0 0 0.456 524.6899 483.306 cm
/Im3 Do
Q
q
1 0 0 0.456 525.65 483.306 cm
/Im3 Do
Q
q
1 0 0 0.456 526.61 483.306 cm
/Im3 Do
Q
q
1 0 0 0.456 527.57 483.306 cm
/Im3 Do
Q
q
1 0 0 0.456 528.53 483.306 cm
/Im3 Do
Q
q
1 0 0 0.456 529.4901 483.306 cm
/Im3 Do
Q
q
1 0 0 0.456 530.45 483.306 cm
/Im3 Do
Q
q
1 0 0 0.456 531.41 483.306 cm
/Im3 Do
Q
q
1 0 0 0.456 532.3699 483.306 cm
/Im3 Do
Q
q
1 0 0 0.456 533.33 483.306 cm
/Im3 Do
Q
q
1 0 0 0.456 534.29 483.306 cm
/Im3 Do
Q
q
1 0 0 0.456 535.2499 483.306 cm
/Im3 Do
Q
q
1 0 0 0.456 536.21 483.306 cm
/Im3 Do
Q
q
1 0 0 0.456 537.1699 483.306 cm
/Im3 Do
Q
q
1 0 0 0.456 538.1299 483.306 cm
/Im3 Do
Q
q
1 0 0 0.456 539.09 483.306 cm
/Im3 Do
Q
q
1 0 0 0.456 540.0499 483.306 cm
/Im3 Do
Q
q
1 0 0 0.456 541.01 483.306 cm
/Im3 Do
Q
q
1 0 0 0.456 541.97 483.306 cm
/Im3 Do
Q
q
1 0 0 0.456 542.93 483.306 cm
/Im3 Do
Q
q
1 0 0 0.456 543.89 483.306 cm
/Im3 Do
Q
q
1 0 0 0.456 544.85 483.306 cm
/Im3 Do
Q
q
1 0 0 0.456 545.8099 483.306 cm
/Im3 Do
Q
q
1 0 0 0.456 546.77 483.306 cm
/Im3 Do
Q
q
1 0 0 0.456 547.73 483.306 cm
/Im3 Do
Q
q
1 0 0 0.456 548.6899 483.306 cm
/Im3 Do
Q
q
1 0 0 0.456 549.65 483.306 cm
/Im3 Do
Q
q
0.24 0 0 0.456 550.61 483.306 cm
/Im7 Do
Q
BT
10.08 0 0 9.576 55.01 451.614 Tm
-0.0003 Tc
(Et)Tj
0.9524 0 TD
(i)Tj
0.2381 0 TD
-0.0084 Tc
0.0161 Tw
[(quet)7.7(t)-16.1(e)0(s)15.4(,)-16.1( bli)-24.5(s)15.4(t)-16.1(er)-8.7(s)15.4(,)-16.1( t)-16.1(ubes)15.4(,)-16.1( a)23.8(m)-32.5(poul)-24.5(es)15.4( )-24214.3(oui)-24.5( )]TJ
ET
q
1.026 0 0 0.9747 0 0 cm
0 G
1 J 0 j 0.702 w 10 M []0 d
467.427 462.644 8.889 8.889 re
S
Q
BT
10.08 0 0 9.576 490.13 451.614 Tm
0 Tc
0 Tw
( )Tj
2.6429 0 TD
-0.0084 Tc
(non )Tj
ET
q
1.026 0 0 0.9747 0 0 cm
0 G
1 J 0 j 0.702 w 10 M []0 d
523.569 462.644 8.889 8.889 re
S
Q
Q
BT
10.08 0 0 9.576 547.73 451.614 Tm
( )Tj
ET
q
1 i 
-1.63 25.14 595 799.9 re
W n
-1.63 25.14 595 799.9 re
W n
32.37 798.59 531.5 -762.35 re
0 841 m
W* n
-9 851 613 -860 re
0 841 m
W n
0.03 841.02 595.02 -841.02 re
W n
q
1 0 0 0.456 51.41 464.154 cm
/Im3 Do
Q
q
1 0 0 0.456 52.37 464.154 cm
/Im3 Do
Q
q
1 0 0 0.456 53.33 464.154 cm
/Im3 Do
Q
q
1 0 0 0.456 54.29 464.154 cm
/Im3 Do
Q
q
1 0 0 0.456 55.25 464.154 cm
/Im3 Do
Q
q
1 0 0 0.456 56.21 464.154 cm
/Im3 Do
Q
q
1 0 0 0.456 57.17 464.154 cm
/Im3 Do
Q
q
1 0 0 0.456 58.13 464.154 cm
/Im3 Do
Q
q
1 0 0 0.456 59.09 464.154 cm
/Im3 Do
Q
q
1 0 0 0.456 60.05 464.154 cm
/Im3 Do
Q
q
1 0 0 0.456 61.01 464.154 cm
/Im3 Do
Q
q
1 0 0 0.456 61.97 464.154 cm
/Im3 Do
Q
q
1 0 0 0.456 62.93 464.154 cm
/Im3 Do
Q
q
1 0 0 0.456 63.89 464.154 cm
/Im3 Do
Q
q
1 0 0 0.456 64.85 464.154 cm
/Im3 Do
Q
q
1 0 0 0.456 65.81 464.154 cm
/Im3 Do
Q
q
1 0 0 0.456 66.77 464.154 cm
/Im3 Do
Q
q
1 0 0 0.456 67.73 464.154 cm
/Im3 Do
Q
q
1 0 0 0.456 68.69 464.154 cm
/Im3 Do
Q
q
1 0 0 0.456 69.65 464.154 cm
/Im3 Do
Q
q
1 0 0 0.456 70.61 464.154 cm
/Im3 Do
Q
q
1 0 0 0.456 71.57 464.154 cm
/Im3 Do
Q
q
1 0 0 0.456 72.53 464.154 cm
/Im3 Do
Q
q
1 0 0 0.456 73.49 464.154 cm
/Im3 Do
Q
q
1 0 0 0.456 74.45 464.154 cm
/Im3 Do
Q
q
1 0 0 0.456 75.41 464.154 cm
/Im3 Do
Q
q
1 0 0 0.456 76.37 464.154 cm
/Im3 Do
Q
q
1 0 0 0.456 77.33 464.154 cm
/Im3 Do
Q
q
1 0 0 0.456 78.29 464.154 cm
/Im3 Do
Q
q
1 0 0 0.456 79.25 464.154 cm
/Im3 Do
Q
q
1 0 0 0.456 80.21 464.154 cm
/Im3 Do
Q
q
1 0 0 0.456 81.17 464.154 cm
/Im3 Do
Q
q
1 0 0 0.456 82.13 464.154 cm
/Im3 Do
Q
q
1 0 0 0.456 83.09 464.154 cm
/Im3 Do
Q
q
1 0 0 0.456 84.05 464.154 cm
/Im3 Do
Q
q
1 0 0 0.456 85.01 464.154 cm
/Im3 Do
Q
q
1 0 0 0.456 85.97 464.154 cm
/Im3 Do
Q
q
1 0 0 0.456 86.93 464.154 cm
/Im3 Do
Q
q
1 0 0 0.456 87.89 464.154 cm
/Im3 Do
Q
q
1 0 0 0.456 88.85 464.154 cm
/Im3 Do
Q
q
1 0 0 0.456 89.81 464.154 cm
/Im3 Do
Q
q
1 0 0 0.456 90.77 464.154 cm
/Im3 Do
Q
q
1 0 0 0.456 91.73 464.154 cm
/Im3 Do
Q
q
1 0 0 0.456 92.69 464.154 cm
/Im3 Do
Q
q
1 0 0 0.456 93.65 464.154 cm
/Im3 Do
Q
q
1 0 0 0.456 94.61 464.154 cm
/Im3 Do
Q
q
1 0 0 0.456 95.57 464.154 cm
/Im3 Do
Q
q
1 0 0 0.456 96.53 464.154 cm
/Im3 Do
Q
q
1 0 0 0.456 97.49 464.154 cm
/Im3 Do
Q
q
1 0 0 0.456 98.45 464.154 cm
/Im3 Do
Q
q
1 0 0 0.456 99.41 464.154 cm
/Im3 Do
Q
q
1 0 0 0.456 100.37 464.154 cm
/Im3 Do
Q
q
1 0 0 0.456 101.33 464.154 cm
/Im3 Do
Q
q
1 0 0 0.456 102.29 464.154 cm
/Im3 Do
Q
q
1 0 0 0.456 103.25 464.154 cm
/Im3 Do
Q
q
1 0 0 0.456 104.21 464.154 cm
/Im3 Do
Q
q
1 0 0 0.456 105.17 464.154 cm
/Im3 Do
Q
q
1 0 0 0.456 106.13 464.154 cm
/Im3 Do
Q
q
1 0 0 0.456 107.09 464.154 cm
/Im3 Do
Q
q
1 0 0 0.456 108.05 464.154 cm
/Im3 Do
Q
q
1 0 0 0.456 109.01 464.154 cm
/Im3 Do
Q
q
1 0 0 0.456 109.97 464.154 cm
/Im3 Do
Q
q
1 0 0 0.456 110.93 464.154 cm
/Im3 Do
Q
q
1 0 0 0.456 111.89 464.154 cm
/Im3 Do
Q
q
1 0 0 0.456 112.85 464.154 cm
/Im3 Do
Q
q
1 0 0 0.456 113.81 464.154 cm
/Im3 Do
Q
q
1 0 0 0.456 114.77 464.154 cm
/Im3 Do
Q
q
1 0 0 0.456 115.73 464.154 cm
/Im3 Do
Q
q
1 0 0 0.456 116.69 464.154 cm
/Im3 Do
Q
q
1 0 0 0.456 117.65 464.154 cm
/Im3 Do
Q
q
1 0 0 0.456 118.61 464.154 cm
/Im3 Do
Q
q
1 0 0 0.456 119.57 464.154 cm
/Im3 Do
Q
q
1 0 0 0.456 120.53 464.154 cm
/Im3 Do
Q
q
1 0 0 0.456 121.49 464.154 cm
/Im3 Do
Q
q
1 0 0 0.456 122.45 464.154 cm
/Im3 Do
Q
q
1 0 0 0.456 123.41 464.154 cm
/Im3 Do
Q
q
1 0 0 0.456 124.37 464.154 cm
/Im3 Do
Q
q
1 0 0 0.456 125.33 464.154 cm
/Im3 Do
Q
q
1 0 0 0.456 126.29 464.154 cm
/Im3 Do
Q
q
1 0 0 0.456 127.25 464.154 cm
/Im3 Do
Q
q
1 0 0 0.456 128.21 464.154 cm
/Im3 Do
Q
q
1 0 0 0.456 129.17 464.154 cm
/Im3 Do
Q
q
1 0 0 0.456 130.13 464.154 cm
/Im3 Do
Q
q
1 0 0 0.456 131.09 464.154 cm
/Im3 Do
Q
q
1 0 0 0.456 132.05 464.154 cm
/Im3 Do
Q
q
1 0 0 0.456 133.01 464.154 cm
/Im3 Do
Q
q
1 0 0 0.456 133.97 464.154 cm
/Im3 Do
Q
q
1 0 0 0.456 134.93 464.154 cm
/Im3 Do
Q
q
1 0 0 0.456 135.89 464.154 cm
/Im3 Do
Q
q
1 0 0 0.456 136.85 464.154 cm
/Im3 Do
Q
q
1 0 0 0.456 137.81 464.154 cm
/Im3 Do
Q
q
1 0 0 0.456 138.77 464.154 cm
/Im3 Do
Q
q
1 0 0 0.456 139.73 464.154 cm
/Im3 Do
Q
q
1 0 0 0.456 140.69 464.154 cm
/Im3 Do
Q
q
1 0 0 0.456 141.65 464.154 cm
/Im3 Do
Q
q
1 0 0 0.456 142.61 464.154 cm
/Im3 Do
Q
q
1 0 0 0.456 143.57 464.154 cm
/Im3 Do
Q
q
1 0 0 0.456 144.53 464.154 cm
/Im3 Do
Q
q
1 0 0 0.456 145.49 464.154 cm
/Im3 Do
Q
q
1 0 0 0.456 146.45 464.154 cm
/Im3 Do
Q
q
1 0 0 0.456 147.41 464.154 cm
/Im3 Do
Q
q
1 0 0 0.456 148.37 464.154 cm
/Im3 Do
Q
q
1 0 0 0.456 149.33 464.154 cm
/Im3 Do
Q
q
1 0 0 0.456 150.29 464.154 cm
/Im3 Do
Q
q
1 0 0 0.456 151.25 464.154 cm
/Im3 Do
Q
q
1 0 0 0.456 152.21 464.154 cm
/Im3 Do
Q
q
1 0 0 0.456 153.17 464.154 cm
/Im3 Do
Q
q
1 0 0 0.456 154.13 464.154 cm
/Im3 Do
Q
q
1 0 0 0.456 155.09 464.154 cm
/Im3 Do
Q
q
1 0 0 0.456 156.05 464.154 cm
/Im3 Do
Q
q
1 0 0 0.456 157.01 464.154 cm
/Im3 Do
Q
q
1 0 0 0.456 157.97 464.154 cm
/Im3 Do
Q
q
1 0 0 0.456 158.93 464.154 cm
/Im3 Do
Q
q
1 0 0 0.456 159.89 464.154 cm
/Im3 Do
Q
q
1 0 0 0.456 160.85 464.154 cm
/Im3 Do
Q
q
1 0 0 0.456 161.81 464.154 cm
/Im3 Do
Q
q
1 0 0 0.456 162.77 464.154 cm
/Im3 Do
Q
q
1 0 0 0.456 163.73 464.154 cm
/Im3 Do
Q
q
1 0 0 0.456 164.69 464.154 cm
/Im3 Do
Q
q
1 0 0 0.456 165.65 464.154 cm
/Im3 Do
Q
q
1 0 0 0.456 166.61 464.154 cm
/Im3 Do
Q
q
1 0 0 0.456 167.57 464.154 cm
/Im3 Do
Q
q
1 0 0 0.456 168.53 464.154 cm
/Im3 Do
Q
q
1 0 0 0.456 169.49 464.154 cm
/Im3 Do
Q
q
1 0 0 0.456 170.45 464.154 cm
/Im3 Do
Q
q
1 0 0 0.456 171.41 464.154 cm
/Im3 Do
Q
q
1 0 0 0.456 172.37 464.154 cm
/Im3 Do
Q
q
1 0 0 0.456 173.33 464.154 cm
/Im3 Do
Q
q
1 0 0 0.456 174.29 464.154 cm
/Im3 Do
Q
q
1 0 0 0.456 175.25 464.154 cm
/Im3 Do
Q
q
1 0 0 0.456 176.21 464.154 cm
/Im3 Do
Q
q
1 0 0 0.456 177.17 464.154 cm
/Im3 Do
Q
q
1 0 0 0.456 178.13 464.154 cm
/Im3 Do
Q
q
1 0 0 0.456 179.09 464.154 cm
/Im3 Do
Q
q
1 0 0 0.456 180.05 464.154 cm
/Im3 Do
Q
q
1 0 0 0.456 181.01 464.154 cm
/Im3 Do
Q
q
1 0 0 0.456 181.97 464.154 cm
/Im3 Do
Q
q
1 0 0 0.456 182.93 464.154 cm
/Im3 Do
Q
q
1 0 0 0.456 183.89 464.154 cm
/Im3 Do
Q
q
1 0 0 0.456 184.85 464.154 cm
/Im3 Do
Q
q
1 0 0 0.456 185.81 464.154 cm
/Im3 Do
Q
q
1 0 0 0.456 186.77 464.154 cm
/Im3 Do
Q
q
1 0 0 0.456 187.73 464.154 cm
/Im3 Do
Q
q
1 0 0 0.456 188.69 464.154 cm
/Im3 Do
Q
q
1 0 0 0.456 189.65 464.154 cm
/Im3 Do
Q
q
1 0 0 0.456 190.61 464.154 cm
/Im3 Do
Q
q
1 0 0 0.456 191.57 464.154 cm
/Im3 Do
Q
q
1 0 0 0.456 192.53 464.154 cm
/Im3 Do
Q
q
1 0 0 0.456 193.49 464.154 cm
/Im3 Do
Q
q
1 0 0 0.456 194.45 464.154 cm
/Im3 Do
Q
q
1 0 0 0.456 195.41 464.154 cm
/Im3 Do
Q
q
1 0 0 0.456 196.37 464.154 cm
/Im3 Do
Q
q
1 0 0 0.456 197.33 464.154 cm
/Im3 Do
Q
q
1 0 0 0.456 198.29 464.154 cm
/Im3 Do
Q
q
1 0 0 0.456 199.25 464.154 cm
/Im3 Do
Q
q
1 0 0 0.456 200.21 464.154 cm
/Im3 Do
Q
q
1 0 0 0.456 201.17 464.154 cm
/Im3 Do
Q
q
1 0 0 0.456 202.13 464.154 cm
/Im3 Do
Q
q
1 0 0 0.456 203.09 464.154 cm
/Im3 Do
Q
q
1 0 0 0.456 204.05 464.154 cm
/Im3 Do
Q
q
1 0 0 0.456 205.01 464.154 cm
/Im3 Do
Q
q
1 0 0 0.456 205.97 464.154 cm
/Im3 Do
Q
q
1 0 0 0.456 206.93 464.154 cm
/Im3 Do
Q
q
1 0 0 0.456 207.89 464.154 cm
/Im3 Do
Q
q
1 0 0 0.456 208.85 464.154 cm
/Im3 Do
Q
q
1 0 0 0.456 209.81 464.154 cm
/Im3 Do
Q
q
1 0 0 0.456 210.77 464.154 cm
/Im3 Do
Q
q
1 0 0 0.456 211.73 464.154 cm
/Im3 Do
Q
q
1 0 0 0.456 212.69 464.154 cm
/Im3 Do
Q
q
1 0 0 0.456 213.65 464.154 cm
/Im3 Do
Q
q
1 0 0 0.456 214.61 464.154 cm
/Im3 Do
Q
q
1 0 0 0.456 215.57 464.154 cm
/Im3 Do
Q
q
1 0 0 0.456 216.53 464.154 cm
/Im3 Do
Q
q
1 0 0 0.456 217.49 464.154 cm
/Im3 Do
Q
q
1 0 0 0.456 218.45 464.154 cm
/Im3 Do
Q
q
1 0 0 0.456 219.41 464.154 cm
/Im3 Do
Q
q
1 0 0 0.456 220.37 464.154 cm
/Im3 Do
Q
q
1 0 0 0.456 221.33 464.154 cm
/Im3 Do
Q
q
1 0 0 0.456 222.29 464.154 cm
/Im3 Do
Q
q
1 0 0 0.456 223.25 464.154 cm
/Im3 Do
Q
q
1 0 0 0.456 224.21 464.154 cm
/Im3 Do
Q
q
1 0 0 0.456 225.17 464.154 cm
/Im3 Do
Q
q
1 0 0 0.456 226.13 464.154 cm
/Im3 Do
Q
q
1 0 0 0.456 227.09 464.154 cm
/Im3 Do
Q
q
1 0 0 0.456 228.05 464.154 cm
/Im3 Do
Q
q
1 0 0 0.456 229.01 464.154 cm
/Im3 Do
Q
q
1 0 0 0.456 229.97 464.154 cm
/Im3 Do
Q
q
1 0 0 0.456 230.93 464.154 cm
/Im3 Do
Q
q
1 0 0 0.456 231.89 464.154 cm
/Im3 Do
Q
q
1 0 0 0.456 232.85 464.154 cm
/Im3 Do
Q
q
1 0 0 0.456 233.81 464.154 cm
/Im3 Do
Q
q
1 0 0 0.456 234.77 464.154 cm
/Im3 Do
Q
q
1 0 0 0.456 235.73 464.154 cm
/Im3 Do
Q
q
1 0 0 0.456 236.69 464.154 cm
/Im3 Do
Q
q
1 0 0 0.456 237.65 464.154 cm
/Im3 Do
Q
q
1 0 0 0.456 238.61 464.154 cm
/Im3 Do
Q
q
1 0 0 0.456 239.57 464.154 cm
/Im3 Do
Q
q
1 0 0 0.456 240.53 464.154 cm
/Im3 Do
Q
q
1 0 0 0.456 241.49 464.154 cm
/Im3 Do
Q
q
1 0 0 0.456 242.45 464.154 cm
/Im3 Do
Q
q
1 0 0 0.456 243.41 464.154 cm
/Im3 Do
Q
q
1 0 0 0.456 244.37 464.154 cm
/Im3 Do
Q
q
1 0 0 0.456 245.33 464.154 cm
/Im3 Do
Q
q
1 0 0 0.456 246.29 464.154 cm
/Im3 Do
Q
q
1 0 0 0.456 247.25 464.154 cm
/Im3 Do
Q
q
1 0 0 0.456 248.21 464.154 cm
/Im3 Do
Q
q
1 0 0 0.456 249.17 464.154 cm
/Im3 Do
Q
q
1 0 0 0.456 250.13 464.154 cm
/Im3 Do
Q
q
1 0 0 0.456 251.09 464.154 cm
/Im3 Do
Q
q
1 0 0 0.456 252.05 464.154 cm
/Im3 Do
Q
q
1 0 0 0.456 253.01 464.154 cm
/Im3 Do
Q
q
1 0 0 0.456 253.97 464.154 cm
/Im3 Do
Q
q
1 0 0 0.456 254.93 464.154 cm
/Im3 Do
Q
q
1 0 0 0.456 255.89 464.154 cm
/Im3 Do
Q
q
1 0 0 0.456 256.85 464.154 cm
/Im3 Do
Q
q
1 0 0 0.456 257.81 464.154 cm
/Im3 Do
Q
q
1 0 0 0.456 258.77 464.154 cm
/Im3 Do
Q
q
1 0 0 0.456 259.73 464.154 cm
/Im3 Do
Q
q
1 0 0 0.456 260.69 464.154 cm
/Im3 Do
Q
q
1 0 0 0.456 261.65 464.154 cm
/Im3 Do
Q
q
1 0 0 0.456 262.61 464.154 cm
/Im3 Do
Q
q
1 0 0 0.456 263.57 464.154 cm
/Im3 Do
Q
q
1 0 0 0.456 264.53 464.154 cm
/Im3 Do
Q
q
1 0 0 0.456 265.49 464.154 cm
/Im3 Do
Q
q
1 0 0 0.456 266.45 464.154 cm
/Im3 Do
Q
q
1 0 0 0.456 267.41 464.154 cm
/Im3 Do
Q
q
1 0 0 0.456 268.37 464.154 cm
/Im3 Do
Q
q
1 0 0 0.456 269.33 464.154 cm
/Im3 Do
Q
q
1 0 0 0.456 270.29 464.154 cm
/Im3 Do
Q
q
1 0 0 0.456 271.25 464.154 cm
/Im3 Do
Q
q
1 0 0 0.456 272.21 464.154 cm
/Im3 Do
Q
q
1 0 0 0.456 273.17 464.154 cm
/Im3 Do
Q
q
1 0 0 0.456 274.13 464.154 cm
/Im3 Do
Q
q
1 0 0 0.456 275.09 464.154 cm
/Im3 Do
Q
q
1 0 0 0.456 276.05 464.154 cm
/Im3 Do
Q
q
1 0 0 0.456 277.01 464.154 cm
/Im3 Do
Q
q
1 0 0 0.456 277.97 464.154 cm
/Im3 Do
Q
q
1 0 0 0.456 278.93 464.154 cm
/Im3 Do
Q
q
1 0 0 0.456 279.89 464.154 cm
/Im3 Do
Q
q
1 0 0 0.456 280.85 464.154 cm
/Im3 Do
Q
q
1 0 0 0.456 281.81 464.154 cm
/Im3 Do
Q
q
1 0 0 0.456 282.77 464.154 cm
/Im3 Do
Q
q
1 0 0 0.456 283.73 464.154 cm
/Im3 Do
Q
q
1 0 0 0.456 284.69 464.154 cm
/Im3 Do
Q
q
1 0 0 0.456 285.65 464.154 cm
/Im3 Do
Q
q
1 0 0 0.456 286.61 464.154 cm
/Im3 Do
Q
q
1 0 0 0.456 287.57 464.154 cm
/Im3 Do
Q
q
1 0 0 0.456 288.53 464.154 cm
/Im3 Do
Q
q
1 0 0 0.456 289.49 464.154 cm
/Im3 Do
Q
q
1 0 0 0.456 290.45 464.154 cm
/Im3 Do
Q
q
1 0 0 0.456 291.41 464.154 cm
/Im3 Do
Q
q
1 0 0 0.456 292.37 464.154 cm
/Im3 Do
Q
q
1 0 0 0.456 293.33 464.154 cm
/Im3 Do
Q
q
1 0 0 0.456 294.29 464.154 cm
/Im3 Do
Q
q
1 0 0 0.456 295.25 464.154 cm
/Im3 Do
Q
q
1 0 0 0.456 296.21 464.154 cm
/Im3 Do
Q
q
1 0 0 0.456 297.17 464.154 cm
/Im3 Do
Q
q
1 0 0 0.456 298.13 464.154 cm
/Im3 Do
Q
q
1 0 0 0.456 299.09 464.154 cm
/Im3 Do
Q
q
1 0 0 0.456 300.05 464.154 cm
/Im3 Do
Q
q
1 0 0 0.456 301.01 464.154 cm
/Im3 Do
Q
q
1 0 0 0.456 301.97 464.154 cm
/Im3 Do
Q
q
1 0 0 0.456 302.93 464.154 cm
/Im3 Do
Q
q
1 0 0 0.456 303.89 464.154 cm
/Im3 Do
Q
q
1 0 0 0.456 304.85 464.154 cm
/Im3 Do
Q
q
1 0 0 0.456 305.81 464.154 cm
/Im3 Do
Q
q
1 0 0 0.456 306.77 464.154 cm
/Im3 Do
Q
q
1 0 0 0.456 307.73 464.154 cm
/Im3 Do
Q
q
1 0 0 0.456 308.69 464.154 cm
/Im3 Do
Q
q
1 0 0 0.456 309.65 464.154 cm
/Im3 Do
Q
q
1 0 0 0.456 310.61 464.154 cm
/Im3 Do
Q
q
1 0 0 0.456 311.57 464.154 cm
/Im3 Do
Q
q
1 0 0 0.456 312.53 464.154 cm
/Im3 Do
Q
q
1 0 0 0.456 313.49 464.154 cm
/Im3 Do
Q
q
1 0 0 0.456 314.45 464.154 cm
/Im3 Do
Q
q
1 0 0 0.456 315.41 464.154 cm
/Im3 Do
Q
q
1 0 0 0.456 316.37 464.154 cm
/Im3 Do
Q
q
1 0 0 0.456 317.33 464.154 cm
/Im3 Do
Q
q
1 0 0 0.456 318.29 464.154 cm
/Im3 Do
Q
q
1 0 0 0.456 319.25 464.154 cm
/Im3 Do
Q
q
1 0 0 0.456 320.21 464.154 cm
/Im3 Do
Q
q
1 0 0 0.456 321.17 464.154 cm
/Im3 Do
Q
q
1 0 0 0.456 322.13 464.154 cm
/Im3 Do
Q
q
1 0 0 0.456 323.09 464.154 cm
/Im3 Do
Q
q
1 0 0 0.456 324.05 464.154 cm
/Im3 Do
Q
q
1 0 0 0.456 325.01 464.154 cm
/Im3 Do
Q
q
1 0 0 0.456 325.97 464.154 cm
/Im3 Do
Q
q
1 0 0 0.456 326.93 464.154 cm
/Im3 Do
Q
q
1 0 0 0.456 327.89 464.154 cm
/Im3 Do
Q
q
1 0 0 0.456 328.85 464.154 cm
/Im3 Do
Q
q
1 0 0 0.456 329.81 464.154 cm
/Im3 Do
Q
q
1 0 0 0.456 330.77 464.154 cm
/Im3 Do
Q
q
1 0 0 0.456 331.73 464.154 cm
/Im3 Do
Q
q
1 0 0 0.456 332.69 464.154 cm
/Im3 Do
Q
q
1 0 0 0.456 333.65 464.154 cm
/Im3 Do
Q
q
1 0 0 0.456 334.61 464.154 cm
/Im3 Do
Q
q
1 0 0 0.456 335.57 464.154 cm
/Im3 Do
Q
q
1 0 0 0.456 336.53 464.154 cm
/Im3 Do
Q
q
1 0 0 0.456 337.49 464.154 cm
/Im3 Do
Q
q
1 0 0 0.456 338.45 464.154 cm
/Im3 Do
Q
q
1 0 0 0.456 339.41 464.154 cm
/Im3 Do
Q
q
1 0 0 0.456 340.37 464.154 cm
/Im3 Do
Q
q
1 0 0 0.456 341.33 464.154 cm
/Im3 Do
Q
q
1 0 0 0.456 342.29 464.154 cm
/Im3 Do
Q
q
1 0 0 0.456 343.25 464.154 cm
/Im3 Do
Q
q
1 0 0 0.456 344.21 464.154 cm
/Im3 Do
Q
q
1 0 0 0.456 345.17 464.154 cm
/Im3 Do
Q
q
1 0 0 0.456 346.13 464.154 cm
/Im3 Do
Q
q
1 0 0 0.456 347.09 464.154 cm
/Im3 Do
Q
q
1 0 0 0.456 348.05 464.154 cm
/Im3 Do
Q
q
1 0 0 0.456 349.01 464.154 cm
/Im3 Do
Q
q
1 0 0 0.456 349.97 464.154 cm
/Im3 Do
Q
q
1 0 0 0.456 350.93 464.154 cm
/Im3 Do
Q
q
1 0 0 0.456 351.89 464.154 cm
/Im3 Do
Q
q
1 0 0 0.456 352.85 464.154 cm
/Im3 Do
Q
q
1 0 0 0.456 353.81 464.154 cm
/Im3 Do
Q
q
1 0 0 0.456 354.77 464.154 cm
/Im3 Do
Q
q
1 0 0 0.456 355.73 464.154 cm
/Im3 Do
Q
q
1 0 0 0.456 356.69 464.154 cm
/Im3 Do
Q
q
1 0 0 0.456 357.65 464.154 cm
/Im3 Do
Q
q
1 0 0 0.456 358.61 464.154 cm
/Im3 Do
Q
q
1 0 0 0.456 359.57 464.154 cm
/Im3 Do
Q
q
1 0 0 0.456 360.53 464.154 cm
/Im3 Do
Q
q
1 0 0 0.456 361.49 464.154 cm
/Im3 Do
Q
q
1 0 0 0.456 362.45 464.154 cm
/Im3 Do
Q
q
1 0 0 0.456 363.41 464.154 cm
/Im3 Do
Q
q
1 0 0 0.456 364.37 464.154 cm
/Im3 Do
Q
q
1 0 0 0.456 365.33 464.154 cm
/Im3 Do
Q
q
1 0 0 0.456 366.29 464.154 cm
/Im3 Do
Q
q
1 0 0 0.456 367.25 464.154 cm
/Im3 Do
Q
q
1 0 0 0.456 368.21 464.154 cm
/Im3 Do
Q
q
1 0 0 0.456 369.17 464.154 cm
/Im3 Do
Q
q
1 0 0 0.456 370.13 464.154 cm
/Im3 Do
Q
q
1 0 0 0.456 371.09 464.154 cm
/Im3 Do
Q
q
1 0 0 0.456 372.05 464.154 cm
/Im3 Do
Q
q
1 0 0 0.456 373.01 464.154 cm
/Im3 Do
Q
q
1 0 0 0.456 373.97 464.154 cm
/Im3 Do
Q
q
1 0 0 0.456 374.93 464.154 cm
/Im3 Do
Q
q
1 0 0 0.456 375.89 464.154 cm
/Im3 Do
Q
q
1 0 0 0.456 376.85 464.154 cm
/Im3 Do
Q
q
1 0 0 0.456 377.81 464.154 cm
/Im3 Do
Q
q
1 0 0 0.456 378.77 464.154 cm
/Im3 Do
Q
q
1 0 0 0.456 379.73 464.154 cm
/Im3 Do
Q
q
1 0 0 0.456 380.69 464.154 cm
/Im3 Do
Q
q
1 0 0 0.456 381.65 464.154 cm
/Im3 Do
Q
q
1 0 0 0.456 382.61 464.154 cm
/Im3 Do
Q
q
1 0 0 0.456 383.57 464.154 cm
/Im3 Do
Q
q
1 0 0 0.456 384.53 464.154 cm
/Im3 Do
Q
q
1 0 0 0.456 385.49 464.154 cm
/Im3 Do
Q
q
1 0 0 0.456 386.45 464.154 cm
/Im3 Do
Q
q
1 0 0 0.456 387.41 464.154 cm
/Im3 Do
Q
q
1 0 0 0.456 388.37 464.154 cm
/Im3 Do
Q
q
1 0 0 0.456 389.33 464.154 cm
/Im3 Do
Q
q
1 0 0 0.456 390.29 464.154 cm
/Im3 Do
Q
q
1 0 0 0.456 391.25 464.154 cm
/Im3 Do
Q
q
1 0 0 0.456 392.21 464.154 cm
/Im3 Do
Q
q
1 0 0 0.456 393.17 464.154 cm
/Im3 Do
Q
q
1 0 0 0.456 394.13 464.154 cm
/Im3 Do
Q
q
1 0 0 0.456 395.09 464.154 cm
/Im3 Do
Q
q
1 0 0 0.456 396.05 464.154 cm
/Im3 Do
Q
q
1 0 0 0.456 397.01 464.154 cm
/Im3 Do
Q
q
1 0 0 0.456 397.97 464.154 cm
/Im3 Do
Q
q
1 0 0 0.456 398.93 464.154 cm
/Im3 Do
Q
q
1 0 0 0.456 399.89 464.154 cm
/Im3 Do
Q
q
1 0 0 0.456 400.85 464.154 cm
/Im3 Do
Q
q
1 0 0 0.456 401.81 464.154 cm
/Im3 Do
Q
q
1 0 0 0.456 402.77 464.154 cm
/Im3 Do
Q
q
1 0 0 0.456 403.73 464.154 cm
/Im3 Do
Q
q
1 0 0 0.456 404.69 464.154 cm
/Im3 Do
Q
q
1 0 0 0.456 405.65 464.154 cm
/Im3 Do
Q
q
1 0 0 0.456 406.61 464.154 cm
/Im3 Do
Q
q
1 0 0 0.456 407.57 464.154 cm
/Im3 Do
Q
q
1 0 0 0.456 408.53 464.154 cm
/Im3 Do
Q
q
1 0 0 0.456 409.49 464.154 cm
/Im3 Do
Q
q
1 0 0 0.456 410.45 464.154 cm
/Im3 Do
Q
q
1 0 0 0.456 411.41 464.154 cm
/Im3 Do
Q
q
1 0 0 0.456 412.37 464.154 cm
/Im3 Do
Q
q
1 0 0 0.456 413.33 464.154 cm
/Im3 Do
Q
q
1 0 0 0.456 414.29 464.154 cm
/Im3 Do
Q
q
1 0 0 0.456 415.25 464.154 cm
/Im3 Do
Q
q
1 0 0 0.456 416.21 464.154 cm
/Im3 Do
Q
q
1 0 0 0.456 417.17 464.154 cm
/Im3 Do
Q
q
1 0 0 0.456 418.13 464.154 cm
/Im3 Do
Q
q
1 0 0 0.456 419.09 464.154 cm
/Im3 Do
Q
q
1 0 0 0.456 420.05 464.154 cm
/Im3 Do
Q
q
1 0 0 0.456 421.01 464.154 cm
/Im3 Do
Q
q
1 0 0 0.456 421.97 464.154 cm
/Im3 Do
Q
q
1 0 0 0.456 422.93 464.154 cm
/Im3 Do
Q
q
1 0 0 0.456 423.89 464.154 cm
/Im3 Do
Q
q
1 0 0 0.456 424.85 464.154 cm
/Im3 Do
Q
q
1 0 0 0.456 425.81 464.154 cm
/Im3 Do
Q
q
1 0 0 0.456 426.77 464.154 cm
/Im3 Do
Q
q
1 0 0 0.456 427.73 464.154 cm
/Im3 Do
Q
q
1 0 0 0.456 428.69 464.154 cm
/Im3 Do
Q
q
1 0 0 0.456 429.65 464.154 cm
/Im3 Do
Q
q
1 0 0 0.456 430.61 464.154 cm
/Im3 Do
Q
q
1 0 0 0.456 431.57 464.154 cm
/Im3 Do
Q
q
1 0 0 0.456 432.53 464.154 cm
/Im3 Do
Q
q
1 0 0 0.456 433.49 464.154 cm
/Im3 Do
Q
q
1 0 0 0.456 434.45 464.154 cm
/Im3 Do
Q
q
1 0 0 0.456 435.41 464.154 cm
/Im3 Do
Q
q
1 0 0 0.456 436.37 464.154 cm
/Im3 Do
Q
q
1 0 0 0.456 437.33 464.154 cm
/Im3 Do
Q
q
1 0 0 0.456 438.29 464.154 cm
/Im3 Do
Q
q
1 0 0 0.456 439.25 464.154 cm
/Im3 Do
Q
q
1 0 0 0.456 440.21 464.154 cm
/Im3 Do
Q
q
1 0 0 0.456 441.17 464.154 cm
/Im3 Do
Q
q
1 0 0 0.456 442.13 464.154 cm
/Im3 Do
Q
q
1 0 0 0.456 443.09 464.154 cm
/Im3 Do
Q
q
1 0 0 0.456 444.05 464.154 cm
/Im3 Do
Q
q
1 0 0 0.456 445.01 464.154 cm
/Im3 Do
Q
q
1 0 0 0.456 445.97 464.154 cm
/Im3 Do
Q
q
1 0 0 0.456 446.93 464.154 cm
/Im3 Do
Q
q
1 0 0 0.456 447.89 464.154 cm
/Im3 Do
Q
q
1 0 0 0.456 448.85 464.154 cm
/Im3 Do
Q
q
1 0 0 0.456 449.81 464.154 cm
/Im3 Do
Q
q
1 0 0 0.456 450.77 464.154 cm
/Im3 Do
Q
q
1 0 0 0.456 451.73 464.154 cm
/Im3 Do
Q
q
1 0 0 0.456 452.69 464.154 cm
/Im3 Do
Q
q
1 0 0 0.456 453.65 464.154 cm
/Im3 Do
Q
q
1 0 0 0.456 454.61 464.154 cm
/Im3 Do
Q
q
1 0 0 0.456 455.57 464.154 cm
/Im3 Do
Q
q
1 0 0 0.456 456.53 464.154 cm
/Im3 Do
Q
q
1 0 0 0.456 457.49 464.154 cm
/Im3 Do
Q
q
1 0 0 0.456 458.45 464.154 cm
/Im5 Do
Q
q
1 0 0 0.456 458.93 464.154 cm
/Im3 Do
Q
q
1 0 0 0.456 459.89 464.154 cm
/Im3 Do
Q
q
1 0 0 0.456 460.85 464.154 cm
/Im3 Do
Q
q
1 0 0 0.456 461.81 464.154 cm
/Im3 Do
Q
q
1 0 0 0.456 462.77 464.154 cm
/Im3 Do
Q
q
1 0 0 0.456 463.73 464.154 cm
/Im3 Do
Q
q
1 0 0 0.456 464.69 464.154 cm
/Im3 Do
Q
q
1 0 0 0.456 465.65 464.154 cm
/Im3 Do
Q
q
1 0 0 0.456 466.61 464.154 cm
/Im3 Do
Q
q
1 0 0 0.456 467.57 464.154 cm
/Im3 Do
Q
q
1 0 0 0.456 468.53 464.154 cm
/Im3 Do
Q
q
1 0 0 0.456 469.49 464.154 cm
/Im3 Do
Q
q
1 0 0 0.456 470.45 464.154 cm
/Im3 Do
Q
q
1 0 0 0.456 471.41 464.154 cm
/Im3 Do
Q
q
1 0 0 0.456 472.37 464.154 cm
/Im3 Do
Q
q
1 0 0 0.456 473.33 464.154 cm
/Im3 Do
Q
q
1 0 0 0.456 474.29 464.154 cm
/Im3 Do
Q
q
1 0 0 0.456 475.25 464.154 cm
/Im3 Do
Q
q
1 0 0 0.456 476.21 464.154 cm
/Im3 Do
Q
q
1 0 0 0.456 477.17 464.154 cm
/Im3 Do
Q
q
1 0 0 0.456 478.13 464.154 cm
/Im3 Do
Q
q
1 0 0 0.456 479.09 464.154 cm
/Im3 Do
Q
q
1 0 0 0.456 480.05 464.154 cm
/Im3 Do
Q
q
1 0 0 0.456 481.01 464.154 cm
/Im3 Do
Q
q
1 0 0 0.456 481.97 464.154 cm
/Im3 Do
Q
q
1 0 0 0.456 482.93 464.154 cm
/Im3 Do
Q
q
1 0 0 0.456 483.89 464.154 cm
/Im3 Do
Q
q
1 0 0 0.456 484.85 464.154 cm
/Im3 Do
Q
q
1 0 0 0.456 485.81 464.154 cm
/Im3 Do
Q
q
1 0 0 0.456 486.77 464.154 cm
/Im3 Do
Q
q
1 0 0 0.456 487.73 464.154 cm
/Im3 Do
Q
q
1 0 0 0.456 488.69 464.154 cm
/Im3 Do
Q
q
1 0 0 0.456 489.65 464.154 cm
/Im3 Do
Q
q
1 0 0 0.456 490.61 464.154 cm
/Im3 Do
Q
q
1 0 0 0.456 491.57 464.154 cm
/Im3 Do
Q
q
1 0 0 0.456 492.53 464.154 cm
/Im3 Do
Q
q
1 0 0 0.456 493.49 464.154 cm
/Im3 Do
Q
q
1 0 0 0.456 494.45 464.154 cm
/Im3 Do
Q
q
1 0 0 0.456 495.41 464.154 cm
/Im3 Do
Q
q
1 0 0 0.456 496.37 464.154 cm
/Im3 Do
Q
q
1 0 0 0.456 497.33 464.154 cm
/Im3 Do
Q
q
1 0 0 0.456 498.29 464.154 cm
/Im3 Do
Q
q
1 0 0 0.456 499.25 464.154 cm
/Im3 Do
Q
q
1 0 0 0.456 500.21 464.154 cm
/Im3 Do
Q
q
1 0 0 0.456 501.17 464.154 cm
/Im4 Do
Q
q
1 0 0 0.456 501.65 464.154 cm
/Im3 Do
Q
q
1 0 0 0.456 502.61 464.154 cm
/Im3 Do
Q
q
1 0 0 0.456 503.57 464.154 cm
/Im3 Do
Q
q
1 0 0 0.456 504.53 464.154 cm
/Im3 Do
Q
q
1 0 0 0.456 505.49 464.154 cm
/Im3 Do
Q
q
1 0 0 0.456 506.45 464.154 cm
/Im3 Do
Q
q
1 0 0 0.456 507.41 464.154 cm
/Im3 Do
Q
q
1 0 0 0.456 508.3699 464.154 cm
/Im3 Do
Q
q
1 0 0 0.456 509.33 464.154 cm
/Im3 Do
Q
q
1 0 0 0.456 510.29 464.154 cm
/Im3 Do
Q
q
1 0 0 0.456 511.2499 464.154 cm
/Im3 Do
Q
q
1 0 0 0.456 512.21 464.154 cm
/Im3 Do
Q
q
1 0 0 0.456 513.1699 464.154 cm
/Im3 Do
Q
q
1 0 0 0.456 514.1299 464.154 cm
/Im3 Do
Q
q
1 0 0 0.456 515.09 464.154 cm
/Im3 Do
Q
q
1 0 0 0.456 516.0499 464.154 cm
/Im3 Do
Q
q
1 0 0 0.456 517.01 464.154 cm
/Im3 Do
Q
q
1 0 0 0.456 517.97 464.154 cm
/Im3 Do
Q
q
1 0 0 0.456 518.9299 464.154 cm
/Im3 Do
Q
q
1 0 0 0.456 519.89 464.154 cm
/Im3 Do
Q
q
1 0 0 0.456 520.85 464.154 cm
/Im3 Do
Q
q
1 0 0 0.456 521.8099 464.154 cm
/Im3 Do
Q
q
1 0 0 0.456 522.77 464.154 cm
/Im3 Do
Q
q
1 0 0 0.456 523.73 464.154 cm
/Im3 Do
Q
q
1 0 0 0.456 524.6899 464.154 cm
/Im3 Do
Q
q
1 0 0 0.456 525.65 464.154 cm
/Im3 Do
Q
q
1 0 0 0.456 526.61 464.154 cm
/Im3 Do
Q
q
1 0 0 0.456 527.57 464.154 cm
/Im3 Do
Q
q
1 0 0 0.456 528.53 464.154 cm
/Im3 Do
Q
q
1 0 0 0.456 529.4901 464.154 cm
/Im3 Do
Q
q
1 0 0 0.456 530.45 464.154 cm
/Im3 Do
Q
q
1 0 0 0.456 531.41 464.154 cm
/Im3 Do
Q
q
1 0 0 0.456 532.3699 464.154 cm
/Im3 Do
Q
q
1 0 0 0.456 533.33 464.154 cm
/Im3 Do
Q
q
1 0 0 0.456 534.29 464.154 cm
/Im3 Do
Q
q
1 0 0 0.456 535.2499 464.154 cm
/Im3 Do
Q
q
1 0 0 0.456 536.21 464.154 cm
/Im3 Do
Q
q
1 0 0 0.456 537.1699 464.154 cm
/Im3 Do
Q
q
1 0 0 0.456 538.1299 464.154 cm
/Im3 Do
Q
q
1 0 0 0.456 539.09 464.154 cm
/Im3 Do
Q
q
1 0 0 0.456 540.0499 464.154 cm
/Im3 Do
Q
q
1 0 0 0.456 541.01 464.154 cm
/Im3 Do
Q
q
1 0 0 0.456 541.97 464.154 cm
/Im3 Do
Q
q
1 0 0 0.456 542.93 464.154 cm
/Im3 Do
Q
q
1 0 0 0.456 543.89 464.154 cm
/Im3 Do
Q
q
1 0 0 0.456 544.85 464.154 cm
/Im3 Do
Q
q
1 0 0 0.456 545.8099 464.154 cm
/Im3 Do
Q
q
1 0 0 0.456 546.77 464.154 cm
/Im3 Do
Q
q
1 0 0 0.456 547.73 464.154 cm
/Im3 Do
Q
q
1 0 0 0.456 548.6899 464.154 cm
/Im3 Do
Q
q
1 0 0 0.456 549.65 464.154 cm
/Im3 Do
Q
q
0.24 0 0 0.456 550.61 464.154 cm
/Im7 Do
Q
BT
10.08 0 0 9.576 55.01 434.514 Tm
(M)Tj
0.8333 0 TD
-0.0082 Tc
0.0159 Tw
[(odif)-15.9(i)-24.3(c)-8.2(at)7.9(i)-24.3(on s)15.6(oum)-8.5(i)-24.3(s)15.6(e dans)15.6( l)-24.3(íUE)-7.9( )]TJ
-0.8333 -1.5238 TD
0 Tc
0 Tw
(M)Tj
0.8334 0 TD
-0.0082 Tc
0.0159 Tw
[(odif)-16(i)-24.4(c)-8.3(at)7.8(i)-24.4(on appr)-8.6(ou)23.9(v)-55.9(È)0.1(e)23.9( dans)15.5( l)-24.4(íUE)-8( \()15.2(l)-24.4(e c)-8.3(a)0.1(s)15.5( Èc)-8.3(hÈant)-16(,)-16( )23.8(j)-24.4(o)0.1(i)-24.4(n)23.9(dr)-8.6(e l)-24.4(a)0.1( not)7.8(if)-16(i)-24.4(c)-8.3(a)23.9(t)-16(i)-24.4(on\))-8.6( )]TJ
39.5952 1.5238 TD
-0.0084 Tc
0 Tw
[(oui)-24.5( )]TJ
ET
q
1.026 0 0 0.9747 0 0 cm
0 G
1 J 0 j 0.702 w 10 M []0 d
467.427 445.1 8.889 8.889 re
S
Q
BT
10.08 0 0 9.576 490.13 434.514 Tm
0 Tc
( )Tj
-2.7381 -1.5238 TD
-0.0084 Tc
[(oui)-24.5( )]TJ
ET
q
1.026 0 0 0.9747 0 0 cm
0 G
1 J 0 j 0.702 w 10 M []0 d
467.427 430.129 8.889 8.889 re
S
Q
BT
10.08 0 0 9.576 490.13 419.922 Tm
0 Tc
( )Tj
2.6429 1.5238 TD
-0.0084 Tc
(non )Tj
ET
q
1.026 0 0 0.9747 0 0 cm
0 G
1 J 0 j 0.702 w 10 M []0 d
523.569 445.1 8.889 8.889 re
S
Q
Q
BT
10.08 0 0 9.576 547.73 434.514 Tm
( )Tj
ET
q
1 i 
-1.63 25.14 595 799.9 re
W n
-1.63 25.14 595 799.9 re
W n
32.37 798.59 531.5 -762.35 re
0 841 m
W* n
-9 851 613 -860 re
0 841 m
W n
0.03 841.02 595.02 -841.02 re
W n
BT
10.08 0 0 9.576 516.77 419.922 Tm
-0.0084 Tc
(non )Tj
ET
q
1.026 0 0 0.9747 0 0 cm
0 G
1 J 0 j 0.702 w 10 M []0 d
523.569 430.129 8.889 8.889 re
S
Q
Q
BT
10.08 0 0 9.576 547.73 419.922 Tm
( )Tj
ET
q
1 i 
-1.63 25.14 595 799.9 re
W n
-1.63 25.14 595 799.9 re
W n
32.37 798.59 531.5 -762.35 re
0 841 m
W* n
-9 851 613 -860 re
0 841 m
W n
0.03 841.02 595.02 -841.02 re
W n
q
1 0 0 0.456 51.41 445.23 cm
/Im3 Do
Q
q
1 0 0 0.456 52.37 445.23 cm
/Im3 Do
Q
q
1 0 0 0.456 53.33 445.23 cm
/Im3 Do
Q
q
1 0 0 0.456 54.29 445.23 cm
/Im3 Do
Q
q
1 0 0 0.456 55.25 445.23 cm
/Im3 Do
Q
q
1 0 0 0.456 56.21 445.23 cm
/Im3 Do
Q
q
1 0 0 0.456 57.17 445.23 cm
/Im3 Do
Q
q
1 0 0 0.456 58.13 445.23 cm
/Im3 Do
Q
q
1 0 0 0.456 59.09 445.23 cm
/Im3 Do
Q
q
1 0 0 0.456 60.05 445.23 cm
/Im3 Do
Q
q
1 0 0 0.456 61.01 445.23 cm
/Im3 Do
Q
q
1 0 0 0.456 61.97 445.23 cm
/Im3 Do
Q
q
1 0 0 0.456 62.93 445.23 cm
/Im3 Do
Q
q
1 0 0 0.456 63.89 445.23 cm
/Im3 Do
Q
q
1 0 0 0.456 64.85 445.23 cm
/Im3 Do
Q
q
1 0 0 0.456 65.81 445.23 cm
/Im3 Do
Q
q
1 0 0 0.456 66.77 445.23 cm
/Im3 Do
Q
q
1 0 0 0.456 67.73 445.23 cm
/Im3 Do
Q
q
1 0 0 0.456 68.69 445.23 cm
/Im3 Do
Q
q
1 0 0 0.456 69.65 445.23 cm
/Im3 Do
Q
q
1 0 0 0.456 70.61 445.23 cm
/Im3 Do
Q
q
1 0 0 0.456 71.57 445.23 cm
/Im3 Do
Q
q
1 0 0 0.456 72.53 445.23 cm
/Im3 Do
Q
q
1 0 0 0.456 73.49 445.23 cm
/Im3 Do
Q
q
1 0 0 0.456 74.45 445.23 cm
/Im3 Do
Q
q
1 0 0 0.456 75.41 445.23 cm
/Im3 Do
Q
q
1 0 0 0.456 76.37 445.23 cm
/Im3 Do
Q
q
1 0 0 0.456 77.33 445.23 cm
/Im3 Do
Q
q
1 0 0 0.456 78.29 445.23 cm
/Im3 Do
Q
q
1 0 0 0.456 79.25 445.23 cm
/Im3 Do
Q
q
1 0 0 0.456 80.21 445.23 cm
/Im3 Do
Q
q
1 0 0 0.456 81.17 445.23 cm
/Im3 Do
Q
q
1 0 0 0.456 82.13 445.23 cm
/Im3 Do
Q
q
1 0 0 0.456 83.09 445.23 cm
/Im3 Do
Q
q
1 0 0 0.456 84.05 445.23 cm
/Im3 Do
Q
q
1 0 0 0.456 85.01 445.23 cm
/Im3 Do
Q
q
1 0 0 0.456 85.97 445.23 cm
/Im3 Do
Q
q
1 0 0 0.456 86.93 445.23 cm
/Im3 Do
Q
q
1 0 0 0.456 87.89 445.23 cm
/Im3 Do
Q
q
1 0 0 0.456 88.85 445.23 cm
/Im3 Do
Q
q
1 0 0 0.456 89.81 445.23 cm
/Im3 Do
Q
q
1 0 0 0.456 90.77 445.23 cm
/Im3 Do
Q
q
1 0 0 0.456 91.73 445.23 cm
/Im3 Do
Q
q
1 0 0 0.456 92.69 445.23 cm
/Im3 Do
Q
q
1 0 0 0.456 93.65 445.23 cm
/Im3 Do
Q
q
1 0 0 0.456 94.61 445.23 cm
/Im3 Do
Q
q
1 0 0 0.456 95.57 445.23 cm
/Im3 Do
Q
q
1 0 0 0.456 96.53 445.23 cm
/Im3 Do
Q
q
1 0 0 0.456 97.49 445.23 cm
/Im3 Do
Q
q
1 0 0 0.456 98.45 445.23 cm
/Im3 Do
Q
q
1 0 0 0.456 99.41 445.23 cm
/Im3 Do
Q
q
1 0 0 0.456 100.37 445.23 cm
/Im3 Do
Q
q
1 0 0 0.456 101.33 445.23 cm
/Im3 Do
Q
q
1 0 0 0.456 102.29 445.23 cm
/Im3 Do
Q
q
1 0 0 0.456 103.25 445.23 cm
/Im3 Do
Q
q
1 0 0 0.456 104.21 445.23 cm
/Im3 Do
Q
q
1 0 0 0.456 105.17 445.23 cm
/Im3 Do
Q
q
1 0 0 0.456 106.13 445.23 cm
/Im3 Do
Q
q
1 0 0 0.456 107.09 445.23 cm
/Im3 Do
Q
q
1 0 0 0.456 108.05 445.23 cm
/Im3 Do
Q
q
1 0 0 0.456 109.01 445.23 cm
/Im3 Do
Q
q
1 0 0 0.456 109.97 445.23 cm
/Im3 Do
Q
q
1 0 0 0.456 110.93 445.23 cm
/Im3 Do
Q
q
1 0 0 0.456 111.89 445.23 cm
/Im3 Do
Q
q
1 0 0 0.456 112.85 445.23 cm
/Im3 Do
Q
q
1 0 0 0.456 113.81 445.23 cm
/Im3 Do
Q
q
1 0 0 0.456 114.77 445.23 cm
/Im3 Do
Q
q
1 0 0 0.456 115.73 445.23 cm
/Im3 Do
Q
q
1 0 0 0.456 116.69 445.23 cm
/Im3 Do
Q
q
1 0 0 0.456 117.65 445.23 cm
/Im3 Do
Q
q
1 0 0 0.456 118.61 445.23 cm
/Im3 Do
Q
q
1 0 0 0.456 119.57 445.23 cm
/Im3 Do
Q
q
1 0 0 0.456 120.53 445.23 cm
/Im3 Do
Q
q
1 0 0 0.456 121.49 445.23 cm
/Im3 Do
Q
q
1 0 0 0.456 122.45 445.23 cm
/Im3 Do
Q
q
1 0 0 0.456 123.41 445.23 cm
/Im3 Do
Q
q
1 0 0 0.456 124.37 445.23 cm
/Im3 Do
Q
q
1 0 0 0.456 125.33 445.23 cm
/Im3 Do
Q
q
1 0 0 0.456 126.29 445.23 cm
/Im3 Do
Q
q
1 0 0 0.456 127.25 445.23 cm
/Im3 Do
Q
q
1 0 0 0.456 128.21 445.23 cm
/Im3 Do
Q
q
1 0 0 0.456 129.17 445.23 cm
/Im3 Do
Q
q
1 0 0 0.456 130.13 445.23 cm
/Im3 Do
Q
q
1 0 0 0.456 131.09 445.23 cm
/Im3 Do
Q
q
1 0 0 0.456 132.05 445.23 cm
/Im3 Do
Q
q
1 0 0 0.456 133.01 445.23 cm
/Im3 Do
Q
q
1 0 0 0.456 133.97 445.23 cm
/Im3 Do
Q
q
1 0 0 0.456 134.93 445.23 cm
/Im3 Do
Q
q
1 0 0 0.456 135.89 445.23 cm
/Im3 Do
Q
q
1 0 0 0.456 136.85 445.23 cm
/Im3 Do
Q
q
1 0 0 0.456 137.81 445.23 cm
/Im3 Do
Q
q
1 0 0 0.456 138.77 445.23 cm
/Im3 Do
Q
q
1 0 0 0.456 139.73 445.23 cm
/Im3 Do
Q
q
1 0 0 0.456 140.69 445.23 cm
/Im3 Do
Q
q
1 0 0 0.456 141.65 445.23 cm
/Im3 Do
Q
q
1 0 0 0.456 142.61 445.23 cm
/Im3 Do
Q
q
1 0 0 0.456 143.57 445.23 cm

/Im3 Do
Q
q
1 0 0 0.456 144.53 445.23 cm
/Im3 Do
Q
q
1 0 0 0.456 145.49 445.23 cm
/Im3 Do
Q
q
1 0 0 0.456 146.45 445.23 cm
/Im3 Do
Q
q
1 0 0 0.456 147.41 445.23 cm
/Im3 Do
Q
q
1 0 0 0.456 148.37 445.23 cm
/Im3 Do
Q
q
1 0 0 0.456 149.33 445.23 cm
/Im3 Do
Q
q
1 0 0 0.456 150.29 445.23 cm
/Im3 Do
Q
q
1 0 0 0.456 151.25 445.23 cm
/Im3 Do
Q
q
1 0 0 0.456 152.21 445.23 cm
/Im3 Do
Q
q
1 0 0 0.456 153.17 445.23 cm
/Im3 Do
Q
q
1 0 0 0.456 154.13 445.23 cm
/Im3 Do
Q
q
1 0 0 0.456 155.09 445.23 cm
/Im3 Do
Q
q
1 0 0 0.456 156.05 445.23 cm
/Im3 Do
Q
q
1 0 0 0.456 157.01 445.23 cm
/Im3 Do
Q
q
1 0 0 0.456 157.97 445.23 cm
/Im3 Do
Q
q
1 0 0 0.456 158.93 445.23 cm
/Im3 Do
Q
q
1 0 0 0.456 159.89 445.23 cm
/Im3 Do
Q
q
1 0 0 0.456 160.85 445.23 cm
/Im3 Do
Q
q
1 0 0 0.456 161.81 445.23 cm
/Im3 Do
Q
q
1 0 0 0.456 162.77 445.23 cm
/Im3 Do
Q
q
1 0 0 0.456 163.73 445.23 cm
/Im3 Do
Q
q
1 0 0 0.456 164.69 445.23 cm
/Im3 Do
Q
q
1 0 0 0.456 165.65 445.23 cm
/Im3 Do
Q
q
1 0 0 0.456 166.61 445.23 cm
/Im3 Do
Q
q
1 0 0 0.456 167.57 445.23 cm
/Im3 Do
Q
q
1 0 0 0.456 168.53 445.23 cm
/Im3 Do
Q
q
1 0 0 0.456 169.49 445.23 cm
/Im3 Do
Q
q
1 0 0 0.456 170.45 445.23 cm
/Im3 Do
Q
q
1 0 0 0.456 171.41 445.23 cm
/Im3 Do
Q
q
1 0 0 0.456 172.37 445.23 cm
/Im3 Do
Q
q
1 0 0 0.456 173.33 445.23 cm
/Im3 Do
Q
q
1 0 0 0.456 174.29 445.23 cm
/Im3 Do
Q
q
1 0 0 0.456 175.25 445.23 cm
/Im3 Do
Q
q
1 0 0 0.456 176.21 445.23 cm
/Im3 Do
Q
q
1 0 0 0.456 177.17 445.23 cm
/Im3 Do
Q
q
1 0 0 0.456 178.13 445.23 cm
/Im3 Do
Q
q
1 0 0 0.456 179.09 445.23 cm
/Im3 Do
Q
q
1 0 0 0.456 180.05 445.23 cm
/Im3 Do
Q
q
1 0 0 0.456 181.01 445.23 cm
/Im3 Do
Q
q
1 0 0 0.456 181.97 445.23 cm
/Im3 Do
Q
q
1 0 0 0.456 182.93 445.23 cm
/Im3 Do
Q
q
1 0 0 0.456 183.89 445.23 cm
/Im3 Do
Q
q
1 0 0 0.456 184.85 445.23 cm
/Im3 Do
Q
q
1 0 0 0.456 185.81 445.23 cm
/Im3 Do
Q
q
1 0 0 0.456 186.77 445.23 cm
/Im3 Do
Q
q
1 0 0 0.456 187.73 445.23 cm
/Im3 Do
Q
q
1 0 0 0.456 188.69 445.23 cm
/Im3 Do
Q
q
1 0 0 0.456 189.65 445.23 cm
/Im3 Do
Q
q
1 0 0 0.456 190.61 445.23 cm
/Im3 Do
Q
q
1 0 0 0.456 191.57 445.23 cm
/Im3 Do
Q
q
1 0 0 0.456 192.53 445.23 cm
/Im3 Do
Q
q
1 0 0 0.456 193.49 445.23 cm
/Im3 Do
Q
q
1 0 0 0.456 194.45 445.23 cm
/Im3 Do
Q
q
1 0 0 0.456 195.41 445.23 cm
/Im3 Do
Q
q
1 0 0 0.456 196.37 445.23 cm
/Im3 Do
Q
q
1 0 0 0.456 197.33 445.23 cm
/Im3 Do
Q
q
1 0 0 0.456 198.29 445.23 cm
/Im3 Do
Q
q
1 0 0 0.456 199.25 445.23 cm
/Im3 Do
Q
q
1 0 0 0.456 200.21 445.23 cm
/Im3 Do
Q
q
1 0 0 0.456 201.17 445.23 cm
/Im3 Do
Q
q
1 0 0 0.456 202.13 445.23 cm
/Im3 Do
Q
q
1 0 0 0.456 203.09 445.23 cm
/Im3 Do
Q
q
1 0 0 0.456 204.05 445.23 cm
/Im3 Do
Q
q
1 0 0 0.456 205.01 445.23 cm
/Im3 Do
Q
q
1 0 0 0.456 205.97 445.23 cm
/Im3 Do
Q
q
1 0 0 0.456 206.93 445.23 cm
/Im3 Do
Q
q
1 0 0 0.456 207.89 445.23 cm
/Im3 Do
Q
q
1 0 0 0.456 208.85 445.23 cm
/Im3 Do
Q
q
1 0 0 0.456 209.81 445.23 cm
/Im3 Do
Q
q
1 0 0 0.456 210.77 445.23 cm
/Im3 Do
Q
q
1 0 0 0.456 211.73 445.23 cm
/Im3 Do
Q
q
1 0 0 0.456 212.69 445.23 cm
/Im3 Do
Q
q
1 0 0 0.456 213.65 445.23 cm
/Im3 Do
Q
q
1 0 0 0.456 214.61 445.23 cm
/Im3 Do
Q
q
1 0 0 0.456 215.57 445.23 cm
/Im3 Do
Q
q
1 0 0 0.456 216.53 445.23 cm
/Im3 Do
Q
q
1 0 0 0.456 217.49 445.23 cm
/Im3 Do
Q
q
1 0 0 0.456 218.45 445.23 cm
/Im3 Do
Q
q
1 0 0 0.456 219.41 445.23 cm
/Im3 Do
Q
q
1 0 0 0.456 220.37 445.23 cm
/Im3 Do
Q
q
1 0 0 0.456 221.33 445.23 cm
/Im3 Do
Q
q
1 0 0 0.456 222.29 445.23 cm
/Im3 Do
Q
q
1 0 0 0.456 223.25 445.23 cm
/Im3 Do
Q
q
1 0 0 0.456 224.21 445.23 cm
/Im3 Do
Q
q
1 0 0 0.456 225.17 445.23 cm
/Im3 Do
Q
q
1 0 0 0.456 226.13 445.23 cm
/Im3 Do
Q
q
1 0 0 0.456 227.09 445.23 cm
/Im3 Do
Q
q
1 0 0 0.456 228.05 445.23 cm
/Im3 Do
Q
q
1 0 0 0.456 229.01 445.23 cm
/Im3 Do
Q
q
1 0 0 0.456 229.97 445.23 cm
/Im3 Do
Q
q
1 0 0 0.456 230.93 445.23 cm
/Im3 Do
Q
q
1 0 0 0.456 231.89 445.23 cm
/Im3 Do
Q
q
1 0 0 0.456 232.85 445.23 cm
/Im3 Do
Q
q
1 0 0 0.456 233.81 445.23 cm
/Im3 Do
Q
q
1 0 0 0.456 234.77 445.23 cm
/Im3 Do
Q
q
1 0 0 0.456 235.73 445.23 cm
/Im3 Do
Q
q
1 0 0 0.456 236.69 445.23 cm
/Im3 Do
Q
q
1 0 0 0.456 237.65 445.23 cm
/Im3 Do
Q
q
1 0 0 0.456 238.61 445.23 cm
/Im3 Do
Q
q
1 0 0 0.456 239.57 445.23 cm
/Im3 Do
Q
q
1 0 0 0.456 240.53 445.23 cm
/Im3 Do
Q
q
1 0 0 0.456 241.49 445.23 cm
/Im3 Do
Q
q
1 0 0 0.456 242.45 445.23 cm
/Im3 Do
Q
q
1 0 0 0.456 243.41 445.23 cm
/Im3 Do
Q
q
1 0 0 0.456 244.37 445.23 cm
/Im3 Do
Q
q
1 0 0 0.456 245.33 445.23 cm
/Im3 Do
Q
q
1 0 0 0.456 246.29 445.23 cm
/Im3 Do
Q
q
1 0 0 0.456 247.25 445.23 cm
/Im3 Do
Q
q
1 0 0 0.456 248.21 445.23 cm
/Im3 Do
Q
q
1 0 0 0.456 249.17 445.23 cm
/Im3 Do
Q
q
1 0 0 0.456 250.13 445.23 cm
/Im3 Do
Q
q
1 0 0 0.456 251.09 445.23 cm
/Im3 Do
Q
q
1 0 0 0.456 252.05 445.23 cm
/Im3 Do
Q
q
1 0 0 0.456 253.01 445.23 cm
/Im3 Do
Q
q
1 0 0 0.456 253.97 445.23 cm
/Im3 Do
Q
q
1 0 0 0.456 254.93 445.23 cm
/Im3 Do
Q
q
1 0 0 0.456 255.89 445.23 cm
/Im3 Do
Q
q
1 0 0 0.456 256.85 445.23 cm
/Im3 Do
Q
q
1 0 0 0.456 257.81 445.23 cm
/Im3 Do
Q
q
1 0 0 0.456 258.77 445.23 cm
/Im3 Do
Q
q
1 0 0 0.456 259.73 445.23 cm
/Im3 Do
Q
q
1 0 0 0.456 260.69 445.23 cm
/Im3 Do
Q
q
1 0 0 0.456 261.65 445.23 cm
/Im3 Do
Q
q
1 0 0 0.456 262.61 445.23 cm
/Im3 Do
Q
q
1 0 0 0.456 263.57 445.23 cm
/Im3 Do
Q
q
1 0 0 0.456 264.53 445.23 cm
/Im3 Do
Q
q
1 0 0 0.456 265.49 445.23 cm
/Im3 Do
Q
q
1 0 0 0.456 266.45 445.23 cm
/Im3 Do
Q
q
1 0 0 0.456 267.41 445.23 cm
/Im3 Do
Q
q
1 0 0 0.456 268.37 445.23 cm
/Im3 Do
Q
q
1 0 0 0.456 269.33 445.23 cm
/Im3 Do
Q
q
1 0 0 0.456 270.29 445.23 cm
/Im3 Do
Q
q
1 0 0 0.456 271.25 445.23 cm
/Im3 Do
Q
q
1 0 0 0.456 272.21 445.23 cm
/Im3 Do
Q
q
1 0 0 0.456 273.17 445.23 cm
/Im3 Do
Q
q
1 0 0 0.456 274.13 445.23 cm
/Im3 Do
Q
q
1 0 0 0.456 275.09 445.23 cm
/Im3 Do
Q
q
1 0 0 0.456 276.05 445.23 cm
/Im3 Do
Q
q
1 0 0 0.456 277.01 445.23 cm
/Im3 Do
Q
q
1 0 0 0.456 277.97 445.23 cm
/Im3 Do
Q
q
1 0 0 0.456 278.93 445.23 cm
/Im3 Do
Q
q
1 0 0 0.456 279.89 445.23 cm
/Im3 Do
Q
q
1 0 0 0.456 280.85 445.23 cm
/Im3 Do
Q
q
1 0 0 0.456 281.81 445.23 cm
/Im3 Do
Q
q
1 0 0 0.456 282.77 445.23 cm
/Im3 Do
Q
q
1 0 0 0.456 283.73 445.23 cm
/Im3 Do
Q
q
1 0 0 0.456 284.69 445.23 cm
/Im3 Do
Q
q
1 0 0 0.456 285.65 445.23 cm
/Im3 Do
Q
q
1 0 0 0.456 286.61 445.23 cm
/Im3 Do
Q
q
1 0 0 0.456 287.57 445.23 cm
/Im3 Do
Q
q
1 0 0 0.456 288.53 445.23 cm
/Im3 Do
Q
q
1 0 0 0.456 289.49 445.23 cm
/Im3 Do
Q
q
1 0 0 0.456 290.45 445.23 cm
/Im3 Do
Q
q
1 0 0 0.456 291.41 445.23 cm
/Im3 Do
Q
q
1 0 0 0.456 292.37 445.23 cm
/Im3 Do
Q
q
1 0 0 0.456 293.33 445.23 cm
/Im3 Do
Q
q
1 0 0 0.456 294.29 445.23 cm
/Im3 Do
Q
q
1 0 0 0.456 295.25 445.23 cm
/Im3 Do
Q
q
1 0 0 0.456 296.21 445.23 cm
/Im3 Do
Q
q
1 0 0 0.456 297.17 445.23 cm
/Im3 Do
Q
q
1 0 0 0.456 298.13 445.23 cm
/Im3 Do
Q
q
1 0 0 0.456 299.09 445.23 cm
/Im3 Do
Q
q
1 0 0 0.456 300.05 445.23 cm
/Im3 Do
Q
q
1 0 0 0.456 301.01 445.23 cm
/Im3 Do
Q
q
1 0 0 0.456 301.97 445.23 cm
/Im3 Do
Q
q
1 0 0 0.456 302.93 445.23 cm
/Im3 Do
Q
q
1 0 0 0.456 303.89 445.23 cm
/Im3 Do
Q
q
1 0 0 0.456 304.85 445.23 cm
/Im3 Do
Q
q
1 0 0 0.456 305.81 445.23 cm
/Im3 Do
Q
q
1 0 0 0.456 306.77 445.23 cm
/Im3 Do
Q
q
1 0 0 0.456 307.73 445.23 cm
/Im3 Do
Q
q
1 0 0 0.456 308.69 445.23 cm
/Im3 Do
Q
q
1 0 0 0.456 309.65 445.23 cm
/Im3 Do
Q
q
1 0 0 0.456 310.61 445.23 cm
/Im3 Do
Q
q
1 0 0 0.456 311.57 445.23 cm
/Im3 Do
Q
q
1 0 0 0.456 312.53 445.23 cm
/Im3 Do
Q
q
1 0 0 0.456 313.49 445.23 cm
/Im3 Do
Q
q
1 0 0 0.456 314.45 445.23 cm
/Im3 Do
Q
q
1 0 0 0.456 315.41 445.23 cm
/Im3 Do
Q
q
1 0 0 0.456 316.37 445.23 cm
/Im3 Do
Q
q
1 0 0 0.456 317.33 445.23 cm
/Im3 Do
Q
q
1 0 0 0.456 318.29 445.23 cm
/Im3 Do
Q
q
1 0 0 0.456 319.25 445.23 cm
/Im3 Do
Q
q
1 0 0 0.456 320.21 445.23 cm
/Im3 Do
Q
q
1 0 0 0.456 321.17 445.23 cm
/Im3 Do
Q
q
1 0 0 0.456 322.13 445.23 cm
/Im3 Do
Q
q
1 0 0 0.456 323.09 445.23 cm
/Im3 Do
Q
q
1 0 0 0.456 324.05 445.23 cm
/Im3 Do
Q
q
1 0 0 0.456 325.01 445.23 cm
/Im3 Do
Q
q
1 0 0 0.456 325.97 445.23 cm
/Im3 Do
Q
q
1 0 0 0.456 326.93 445.23 cm
/Im3 Do
Q
q
1 0 0 0.456 327.89 445.23 cm
/Im3 Do
Q
q
1 0 0 0.456 328.85 445.23 cm
/Im3 Do
Q
q
1 0 0 0.456 329.81 445.23 cm
/Im3 Do
Q
q
1 0 0 0.456 330.77 445.23 cm
/Im3 Do
Q
q
1 0 0 0.456 331.73 445.23 cm
/Im3 Do
Q
q
1 0 0 0.456 332.69 445.23 cm
/Im3 Do
Q
q
1 0 0 0.456 333.65 445.23 cm
/Im3 Do
Q
q
1 0 0 0.456 334.61 445.23 cm
/Im3 Do
Q
q
1 0 0 0.456 335.57 445.23 cm
/Im3 Do
Q
q
1 0 0 0.456 336.53 445.23 cm
/Im3 Do
Q
q
1 0 0 0.456 337.49 445.23 cm
/Im3 Do
Q
q
1 0 0 0.456 338.45 445.23 cm
/Im3 Do
Q
q
1 0 0 0.456 339.41 445.23 cm
/Im3 Do
Q
q
1 0 0 0.456 340.37 445.23 cm
/Im3 Do
Q
q
1 0 0 0.456 341.33 445.23 cm
/Im3 Do
Q
q
1 0 0 0.456 342.29 445.23 cm
/Im3 Do
Q
q
1 0 0 0.456 343.25 445.23 cm
/Im3 Do
Q
q
1 0 0 0.456 344.21 445.23 cm
/Im3 Do
Q
q
1 0 0 0.456 345.17 445.23 cm
/Im3 Do
Q
q
1 0 0 0.456 346.13 445.23 cm
/Im3 Do
Q
q
1 0 0 0.456 347.09 445.23 cm
/Im3 Do
Q
q
1 0 0 0.456 348.05 445.23 cm
/Im3 Do
Q
q
1 0 0 0.456 349.01 445.23 cm
/Im3 Do
Q
q
1 0 0 0.456 349.97 445.23 cm
/Im3 Do
Q
q
1 0 0 0.456 350.93 445.23 cm
/Im3 Do
Q
q
1 0 0 0.456 351.89 445.23 cm
/Im3 Do
Q
q
1 0 0 0.456 352.85 445.23 cm
/Im3 Do
Q
q
1 0 0 0.456 353.81 445.23 cm
/Im3 Do
Q
q
1 0 0 0.456 354.77 445.23 cm
/Im3 Do
Q
q
1 0 0 0.456 355.73 445.23 cm
/Im3 Do
Q
q
1 0 0 0.456 356.69 445.23 cm
/Im3 Do
Q
q
1 0 0 0.456 357.65 445.23 cm
/Im3 Do
Q
q
1 0 0 0.456 358.61 445.23 cm
/Im3 Do
Q
q
1 0 0 0.456 359.57 445.23 cm
/Im3 Do
Q
q
1 0 0 0.456 360.53 445.23 cm
/Im3 Do
Q
q
1 0 0 0.456 361.49 445.23 cm
/Im3 Do
Q
q
1 0 0 0.456 362.45 445.23 cm
/Im3 Do
Q
q
1 0 0 0.456 363.41 445.23 cm
/Im3 Do
Q
q
1 0 0 0.456 364.37 445.23 cm
/Im3 Do
Q
q
1 0 0 0.456 365.33 445.23 cm
/Im3 Do
Q
q
1 0 0 0.456 366.29 445.23 cm
/Im3 Do
Q
q
1 0 0 0.456 367.25 445.23 cm
/Im3 Do
Q
q
1 0 0 0.456 368.21 445.23 cm
/Im3 Do
Q
q
1 0 0 0.456 369.17 445.23 cm
/Im3 Do
Q
q
1 0 0 0.456 370.13 445.23 cm
/Im3 Do
Q
q
1 0 0 0.456 371.09 445.23 cm
/Im3 Do
Q
q
1 0 0 0.456 372.05 445.23 cm
/Im3 Do
Q
q
1 0 0 0.456 373.01 445.23 cm
/Im3 Do
Q
q
1 0 0 0.456 373.97 445.23 cm
/Im3 Do
Q
q
1 0 0 0.456 374.93 445.23 cm
/Im3 Do
Q
q
1 0 0 0.456 375.89 445.23 cm
/Im3 Do
Q
q
1 0 0 0.456 376.85 445.23 cm
/Im3 Do
Q
q
1 0 0 0.456 377.81 445.23 cm
/Im3 Do
Q
q
1 0 0 0.456 378.77 445.23 cm
/Im3 Do
Q
q
1 0 0 0.456 379.73 445.23 cm
/Im3 Do
Q
q
1 0 0 0.456 380.69 445.23 cm
/Im3 Do
Q
q
1 0 0 0.456 381.65 445.23 cm
/Im3 Do
Q
q
1 0 0 0.456 382.61 445.23 cm
/Im3 Do
Q
q
1 0 0 0.456 383.57 445.23 cm
/Im3 Do
Q
q
1 0 0 0.456 384.53 445.23 cm
/Im3 Do
Q
q
1 0 0 0.456 385.49 445.23 cm
/Im3 Do
Q
q
1 0 0 0.456 386.45 445.23 cm
/Im3 Do
Q
q
1 0 0 0.456 387.41 445.23 cm
/Im3 Do
Q
q
1 0 0 0.456 388.37 445.23 cm
/Im3 Do
Q
q
1 0 0 0.456 389.33 445.23 cm
/Im3 Do
Q
q
1 0 0 0.456 390.29 445.23 cm
/Im3 Do
Q
q
1 0 0 0.456 391.25 445.23 cm
/Im3 Do
Q
q
1 0 0 0.456 392.21 445.23 cm
/Im3 Do
Q
q
1 0 0 0.456 393.17 445.23 cm
/Im3 Do
Q
q
1 0 0 0.456 394.13 445.23 cm
/Im3 Do
Q
q
1 0 0 0.456 395.09 445.23 cm
/Im3 Do
Q
q
1 0 0 0.456 396.05 445.23 cm
/Im3 Do
Q
q
1 0 0 0.456 397.01 445.23 cm
/Im3 Do
Q
q
1 0 0 0.456 397.97 445.23 cm
/Im3 Do
Q
q
1 0 0 0.456 398.93 445.23 cm
/Im3 Do
Q
q
1 0 0 0.456 399.89 445.23 cm
/Im3 Do
Q
q
1 0 0 0.456 400.85 445.23 cm
/Im3 Do
Q
q
1 0 0 0.456 401.81 445.23 cm
/Im3 Do
Q
q
1 0 0 0.456 402.77 445.23 cm
/Im3 Do
Q
q
1 0 0 0.456 403.73 445.23 cm
/Im3 Do
Q
q
1 0 0 0.456 404.69 445.23 cm
/Im3 Do
Q
q
1 0 0 0.456 405.65 445.23 cm
/Im3 Do
Q
q
1 0 0 0.456 406.61 445.23 cm
/Im3 Do
Q
q
1 0 0 0.456 407.57 445.23 cm
/Im3 Do
Q
q
1 0 0 0.456 408.53 445.23 cm
/Im3 Do
Q
q
1 0 0 0.456 409.49 445.23 cm
/Im3 Do
Q
q
1 0 0 0.456 410.45 445.23 cm
/Im3 Do
Q
q
1 0 0 0.456 411.41 445.23 cm
/Im3 Do
Q
q
1 0 0 0.456 412.37 445.23 cm
/Im3 Do
Q
q
1 0 0 0.456 413.33 445.23 cm
/Im3 Do
Q
q
1 0 0 0.456 414.29 445.23 cm
/Im3 Do
Q
q
1 0 0 0.456 415.25 445.23 cm
/Im3 Do
Q
q
1 0 0 0.456 416.21 445.23 cm
/Im3 Do
Q
q
1 0 0 0.456 417.17 445.23 cm
/Im3 Do
Q
q
1 0 0 0.456 418.13 445.23 cm
/Im3 Do
Q
q
1 0 0 0.456 419.09 445.23 cm
/Im3 Do
Q
q
1 0 0 0.456 420.05 445.23 cm
/Im3 Do
Q
q
1 0 0 0.456 421.01 445.23 cm
/Im3 Do
Q
q
1 0 0 0.456 421.97 445.23 cm
/Im3 Do
Q
q
1 0 0 0.456 422.93 445.23 cm
/Im3 Do
Q
q
1 0 0 0.456 423.89 445.23 cm
/Im3 Do
Q
q
1 0 0 0.456 424.85 445.23 cm
/Im3 Do
Q
q
1 0 0 0.456 425.81 445.23 cm
/Im3 Do
Q
q
1 0 0 0.456 426.77 445.23 cm
/Im3 Do
Q
q
1 0 0 0.456 427.73 445.23 cm
/Im3 Do
Q
q
1 0 0 0.456 428.69 445.23 cm
/Im3 Do
Q
q
1 0 0 0.456 429.65 445.23 cm
/Im3 Do
Q
q
1 0 0 0.456 430.61 445.23 cm
/Im3 Do
Q
q
1 0 0 0.456 431.57 445.23 cm
/Im3 Do
Q
q
1 0 0 0.456 432.53 445.23 cm
/Im3 Do
Q
q
1 0 0 0.456 433.49 445.23 cm
/Im3 Do
Q
q
1 0 0 0.456 434.45 445.23 cm
/Im3 Do
Q
q
1 0 0 0.456 435.41 445.23 cm
/Im3 Do
Q
q
1 0 0 0.456 436.37 445.23 cm
/Im3 Do
Q
q
1 0 0 0.456 437.33 445.23 cm
/Im3 Do
Q
q
1 0 0 0.456 438.29 445.23 cm
/Im3 Do
Q
q
1 0 0 0.456 439.25 445.23 cm
/Im3 Do
Q
q
1 0 0 0.456 440.21 445.23 cm
/Im3 Do
Q
q
1 0 0 0.456 441.17 445.23 cm
/Im3 Do
Q
q
1 0 0 0.456 442.13 445.23 cm
/Im3 Do
Q
q
1 0 0 0.456 443.09 445.23 cm
/Im3 Do
Q
q
1 0 0 0.456 444.05 445.23 cm
/Im3 Do
Q
q
1 0 0 0.456 445.01 445.23 cm
/Im3 Do
Q
q
1 0 0 0.456 445.97 445.23 cm
/Im3 Do
Q
q
1 0 0 0.456 446.93 445.23 cm
/Im3 Do
Q
q
1 0 0 0.456 447.89 445.23 cm
/Im3 Do
Q
q
1 0 0 0.456 448.85 445.23 cm
/Im3 Do
Q
q
1 0 0 0.456 449.81 445.23 cm
/Im3 Do
Q
q
1 0 0 0.456 450.77 445.23 cm
/Im3 Do
Q
q
1 0 0 0.456 451.73 445.23 cm
/Im3 Do
Q
q
1 0 0 0.456 452.69 445.23 cm
/Im3 Do
Q
q
1 0 0 0.456 453.65 445.23 cm
/Im3 Do
Q
q
1 0 0 0.456 454.61 445.23 cm
/Im3 Do
Q
q
1 0 0 0.456 455.57 445.23 cm
/Im3 Do
Q
q
1 0 0 0.456 456.53 445.23 cm
/Im3 Do
Q
q
1 0 0 0.456 457.49 445.23 cm
/Im3 Do
Q
q
1 0 0 0.456 458.45 445.23 cm
/Im5 Do
Q
q
1 0 0 0.456 458.93 445.23 cm
/Im3 Do
Q
q
1 0 0 0.456 459.89 445.23 cm
/Im3 Do
Q
q
1 0 0 0.456 460.85 445.23 cm
/Im3 Do
Q
q
1 0 0 0.456 461.81 445.23 cm
/Im3 Do
Q
q
1 0 0 0.456 462.77 445.23 cm
/Im3 Do
Q
q
1 0 0 0.456 463.73 445.23 cm
/Im3 Do
Q
q
1 0 0 0.456 464.69 445.23 cm
/Im3 Do
Q
q
1 0 0 0.456 465.65 445.23 cm
/Im3 Do
Q
q
1 0 0 0.456 466.61 445.23 cm
/Im3 Do
Q
q
1 0 0 0.456 467.57 445.23 cm
/Im3 Do
Q
q
1 0 0 0.456 468.53 445.23 cm
/Im3 Do
Q
q
1 0 0 0.456 469.49 445.23 cm
/Im3 Do
Q
q
1 0 0 0.456 470.45 445.23 cm
/Im3 Do
Q
q
1 0 0 0.456 471.41 445.23 cm
/Im3 Do
Q
q
1 0 0 0.456 472.37 445.23 cm
/Im3 Do
Q
q
1 0 0 0.456 473.33 445.23 cm
/Im3 Do
Q
q
1 0 0 0.456 474.29 445.23 cm
/Im3 Do
Q
q
1 0 0 0.456 475.25 445.23 cm
/Im3 Do
Q
q
1 0 0 0.456 476.21 445.23 cm
/Im3 Do
Q
q
1 0 0 0.456 477.17 445.23 cm
/Im3 Do
Q
q
1 0 0 0.456 478.13 445.23 cm
/Im3 Do
Q
q
1 0 0 0.456 479.09 445.23 cm
/Im3 Do
Q
q
1 0 0 0.456 480.05 445.23 cm
/Im3 Do
Q
q
1 0 0 0.456 481.01 445.23 cm
/Im3 Do
Q
q
1 0 0 0.456 481.97 445.23 cm
/Im3 Do
Q
q
1 0 0 0.456 482.93 445.23 cm
/Im3 Do
Q
q
1 0 0 0.456 483.89 445.23 cm
/Im3 Do
Q
q
1 0 0 0.456 484.85 445.23 cm
/Im3 Do
Q
q
1 0 0 0.456 485.81 445.23 cm
/Im3 Do
Q
q
1 0 0 0.456 486.77 445.23 cm
/Im3 Do
Q
q
1 0 0 0.456 487.73 445.23 cm
/Im3 Do
Q
q
1 0 0 0.456 488.69 445.23 cm
/Im3 Do
Q
q
1 0 0 0.456 489.65 445.23 cm
/Im3 Do
Q
q
1 0 0 0.456 490.61 445.23 cm
/Im3 Do
Q
q
1 0 0 0.456 491.57 445.23 cm
/Im3 Do
Q
q
1 0 0 0.456 492.53 445.23 cm
/Im3 Do
Q
q
1 0 0 0.456 493.49 445.23 cm
/Im3 Do
Q
q
1 0 0 0.456 494.45 445.23 cm
/Im3 Do
Q
q
1 0 0 0.456 495.41 445.23 cm
/Im3 Do
Q
q
1 0 0 0.456 496.37 445.23 cm
/Im3 Do
Q
q
1 0 0 0.456 497.33 445.23 cm
/Im3 Do
Q
q
1 0 0 0.456 498.29 445.23 cm
/Im3 Do
Q
q
1 0 0 0.456 499.25 445.23 cm
/Im3 Do
Q
q
1 0 0 0.456 500.21 445.23 cm
/Im3 Do
Q
q
1 0 0 0.456 501.17 445.23 cm
/Im4 Do
Q
q
1 0 0 0.456 501.65 445.23 cm
/Im3 Do
Q
q
1 0 0 0.456 502.61 445.23 cm
/Im3 Do
Q
q
1 0 0 0.456 503.57 445.23 cm
/Im3 Do
Q
q
1 0 0 0.456 504.53 445.23 cm
/Im3 Do
Q
q
1 0 0 0.456 505.49 445.23 cm
/Im3 Do
Q
q
1 0 0 0.456 506.45 445.23 cm
/Im3 Do
Q
q
1 0 0 0.456 507.41 445.23 cm
/Im3 Do
Q
q
1 0 0 0.456 508.3699 445.23 cm
/Im3 Do
Q
q
1 0 0 0.456 509.33 445.23 cm
/Im3 Do
Q
q
1 0 0 0.456 510.29 445.23 cm
/Im3 Do
Q
q
1 0 0 0.456 511.2499 445.23 cm
/Im3 Do
Q
q
1 0 0 0.456 512.21 445.23 cm
/Im3 Do
Q
q
1 0 0 0.456 513.1699 445.23 cm
/Im3 Do
Q
q
1 0 0 0.456 514.1299 445.23 cm
/Im3 Do
Q
q
1 0 0 0.456 515.09 445.23 cm
/Im3 Do
Q
q
1 0 0 0.456 516.0499 445.23 cm
/Im3 Do
Q
q
1 0 0 0.456 517.01 445.23 cm
/Im3 Do
Q
q
1 0 0 0.456 517.97 445.23 cm
/Im3 Do
Q
q
1 0 0 0.456 518.9299 445.23 cm
/Im3 Do
Q
q
1 0 0 0.456 519.89 445.23 cm
/Im3 Do
Q
q
1 0 0 0.456 520.85 445.23 cm
/Im3 Do
Q
q
1 0 0 0.456 521.8099 445.23 cm
/Im3 Do
Q
q
1 0 0 0.456 522.77 445.23 cm
/Im3 Do
Q
q
1 0 0 0.456 523.73 445.23 cm
/Im3 Do
Q
q
1 0 0 0.456 524.6899 445.23 cm
/Im3 Do
Q
q
1 0 0 0.456 525.65 445.23 cm
/Im3 Do
Q
q
1 0 0 0.456 526.61 445.23 cm
/Im3 Do
Q
q
1 0 0 0.456 527.57 445.23 cm
/Im3 Do
Q
q
1 0 0 0.456 528.53 445.23 cm
/Im3 Do
Q
q
1 0 0 0.456 529.4901 445.23 cm
/Im3 Do
Q
q
1 0 0 0.456 530.45 445.23 cm
/Im3 Do
Q
q
1 0 0 0.456 531.41 445.23 cm
/Im3 Do
Q
q
1 0 0 0.456 532.3699 445.23 cm
/Im3 Do
Q
q
1 0 0 0.456 533.33 445.23 cm
/Im3 Do
Q
q
1 0 0 0.456 534.29 445.23 cm
/Im3 Do
Q
q
1 0 0 0.456 535.2499 445.23 cm
/Im3 Do
Q
q
1 0 0 0.456 536.21 445.23 cm
/Im3 Do
Q
q
1 0 0 0.456 537.1699 445.23 cm
/Im3 Do
Q
q
1 0 0 0.456 538.1299 445.23 cm
/Im3 Do
Q
q
1 0 0 0.456 539.09 445.23 cm
/Im3 Do
Q
q
1 0 0 0.456 540.0499 445.23 cm
/Im3 Do
Q
q
1 0 0 0.456 541.01 445.23 cm
/Im3 Do
Q
q
1 0 0 0.456 541.97 445.23 cm
/Im3 Do
Q
q
1 0 0 0.456 542.93 445.23 cm
/Im3 Do
Q
q
1 0 0 0.456 543.89 445.23 cm
/Im3 Do
Q
q
1 0 0 0.456 544.85 445.23 cm
/Im3 Do
Q
q
1 0 0 0.456 545.8099 445.23 cm
/Im3 Do
Q
q
1 0 0 0.456 546.77 445.23 cm
/Im3 Do
Q
q
1 0 0 0.456 547.73 445.23 cm
/Im3 Do
Q
q
1 0 0 0.456 548.6899 445.23 cm
/Im3 Do
Q
q
1 0 0 0.456 549.65 445.23 cm
/Im3 Do
Q
q
0.24 0 0 0.456 550.61 445.23 cm
/Im7 Do
Q
BT
10.08 0 0 9.576 55.01 404.646 Tm
-0.0084 Tc
0.016 Tw
[(Div)-32.1(er)-8.6(s)15.5( \()-8.6(par)-8.6( e)23.9(x)-32.1(.)7.8( c)-8.3(opi)-24.4(e du gr)-8.6(aph)23.9(i)-24.4(s)15.5(m)-32.4(e)0.1( appr)-8.6(ou)23.9(v)-32.1(È)0.1(\))-8.6( )]TJ
0 -1.5476 TD
0.2696 Tc
0 Tw
(      )Tj
ET
q
1 0 0 0.456 51.41 415.362 cm
/Im3 Do
Q
q
1 0 0 0.456 52.37 415.362 cm
/Im3 Do
Q
q
1 0 0 0.456 53.33 415.362 cm
/Im3 Do
Q
q
1 0 0 0.456 54.29 415.362 cm
/Im3 Do
Q
q
1 0 0 0.456 55.25 415.362 cm
/Im3 Do
Q
q
1 0 0 0.456 56.21 415.362 cm
/Im3 Do
Q
q
1 0 0 0.456 57.17 415.362 cm
/Im3 Do
Q
q
1 0 0 0.456 58.13 415.362 cm
/Im3 Do
Q
q
1 0 0 0.456 59.09 415.362 cm
/Im3 Do
Q
q
1 0 0 0.456 60.05 415.362 cm
/Im3 Do
Q
q
1 0 0 0.456 61.01 415.362 cm
/Im3 Do
Q
q
1 0 0 0.456 61.97 415.362 cm
/Im3 Do
Q
q
1 0 0 0.456 62.93 415.362 cm
/Im3 Do
Q
q
1 0 0 0.456 63.89 415.362 cm
/Im3 Do
Q
q
1 0 0 0.456 64.85 415.362 cm
/Im3 Do
Q
q
1 0 0 0.456 65.81 415.362 cm
/Im3 Do
Q
q
1 0 0 0.456 66.77 415.362 cm
/Im3 Do
Q
q
1 0 0 0.456 67.73 415.362 cm
/Im3 Do
Q
q
1 0 0 0.456 68.69 415.362 cm
/Im3 Do
Q
q
1 0 0 0.456 69.65 415.362 cm
/Im3 Do
Q
q
1 0 0 0.456 70.61 415.362 cm
/Im3 Do
Q
q
1 0 0 0.456 71.57 415.362 cm
/Im3 Do
Q
q
1 0 0 0.456 72.53 415.362 cm
/Im3 Do
Q
q
1 0 0 0.456 73.49 415.362 cm
/Im3 Do
Q
q
1 0 0 0.456 74.45 415.362 cm
/Im3 Do
Q
q
1 0 0 0.456 75.41 415.362 cm
/Im3 Do
Q
q
1 0 0 0.456 76.37 415.362 cm
/Im3 Do
Q
q
1 0 0 0.456 77.33 415.362 cm
/Im3 Do
Q
q
1 0 0 0.456 78.29 415.362 cm
/Im3 Do
Q
q
1 0 0 0.456 79.25 415.362 cm
/Im3 Do
Q
q
1 0 0 0.456 80.21 415.362 cm
/Im3 Do
Q
q
1 0 0 0.456 81.17 415.362 cm
/Im3 Do
Q
q
1 0 0 0.456 82.13 415.362 cm
/Im3 Do
Q
q
1 0 0 0.456 83.09 415.362 cm
/Im3 Do
Q
q
1 0 0 0.456 84.05 415.362 cm
/Im3 Do
Q
q
1 0 0 0.456 85.01 415.362 cm
/Im3 Do
Q
q
1 0 0 0.456 85.97 415.362 cm
/Im3 Do
Q
q
1 0 0 0.456 86.93 415.362 cm
/Im3 Do
Q
q
1 0 0 0.456 87.89 415.362 cm
/Im3 Do
Q
q
1 0 0 0.456 88.85 415.362 cm
/Im3 Do
Q
q
1 0 0 0.456 89.81 415.362 cm
/Im3 Do
Q
q
1 0 0 0.456 90.77 415.362 cm
/Im3 Do
Q
q
1 0 0 0.456 91.73 415.362 cm
/Im3 Do
Q
q
1 0 0 0.456 92.69 415.362 cm
/Im3 Do
Q
q
1 0 0 0.456 93.65 415.362 cm
/Im3 Do
Q
q
1 0 0 0.456 94.61 415.362 cm
/Im3 Do
Q
q
1 0 0 0.456 95.57 415.362 cm
/Im3 Do
Q
q
1 0 0 0.456 96.53 415.362 cm
/Im3 Do
Q
q
1 0 0 0.456 97.49 415.362 cm
/Im3 Do
Q
q
1 0 0 0.456 98.45 415.362 cm
/Im3 Do
Q
q
1 0 0 0.456 99.41 415.362 cm
/Im3 Do
Q
q
1 0 0 0.456 100.37 415.362 cm
/Im3 Do
Q
q
1 0 0 0.456 101.33 415.362 cm
/Im3 Do
Q
q
1 0 0 0.456 102.29 415.362 cm
/Im3 Do
Q
q
1 0 0 0.456 103.25 415.362 cm
/Im3 Do
Q
q
1 0 0 0.456 104.21 415.362 cm
/Im3 Do
Q
q
1 0 0 0.456 105.17 415.362 cm
/Im3 Do
Q
q
1 0 0 0.456 106.13 415.362 cm
/Im3 Do
Q
q
1 0 0 0.456 107.09 415.362 cm
/Im3 Do
Q
q
1 0 0 0.456 108.05 415.362 cm
/Im3 Do
Q
q
1 0 0 0.456 109.01 415.362 cm
/Im3 Do
Q
q
1 0 0 0.456 109.97 415.362 cm
/Im3 Do
Q
q
1 0 0 0.456 110.93 415.362 cm
/Im3 Do
Q
q
1 0 0 0.456 111.89 415.362 cm
/Im3 Do
Q
q
1 0 0 0.456 112.85 415.362 cm
/Im3 Do
Q
q
1 0 0 0.456 113.81 415.362 cm
/Im3 Do
Q
q
1 0 0 0.456 114.77 415.362 cm
/Im3 Do
Q
q
1 0 0 0.456 115.73 415.362 cm
/Im3 Do
Q
q
1 0 0 0.456 116.69 415.362 cm
/Im3 Do
Q
q
1 0 0 0.456 117.65 415.362 cm
/Im3 Do
Q
q
1 0 0 0.456 118.61 415.362 cm
/Im3 Do
Q
q
1 0 0 0.456 119.57 415.362 cm
/Im3 Do
Q
q
1 0 0 0.456 120.53 415.362 cm
/Im3 Do
Q
q
1 0 0 0.456 121.49 415.362 cm
/Im3 Do
Q
q
1 0 0 0.456 122.45 415.362 cm
/Im3 Do
Q
q
1 0 0 0.456 123.41 415.362 cm
/Im3 Do
Q
q
1 0 0 0.456 124.37 415.362 cm
/Im3 Do
Q
q
1 0 0 0.456 125.33 415.362 cm
/Im3 Do
Q
q
1 0 0 0.456 126.29 415.362 cm
/Im3 Do
Q
q
1 0 0 0.456 127.25 415.362 cm
/Im3 Do
Q
q
1 0 0 0.456 128.21 415.362 cm
/Im3 Do
Q
q
1 0 0 0.456 129.17 415.362 cm
/Im3 Do
Q
q
1 0 0 0.456 130.13 415.362 cm
/Im3 Do
Q
q
1 0 0 0.456 131.09 415.362 cm
/Im3 Do
Q
q
1 0 0 0.456 132.05 415.362 cm
/Im3 Do
Q
q
1 0 0 0.456 133.01 415.362 cm
/Im3 Do
Q
q
1 0 0 0.456 133.97 415.362 cm
/Im3 Do
Q
q
1 0 0 0.456 134.93 415.362 cm
/Im3 Do
Q
q
1 0 0 0.456 135.89 415.362 cm
/Im3 Do
Q
q
1 0 0 0.456 136.85 415.362 cm
/Im3 Do
Q
q
1 0 0 0.456 137.81 415.362 cm
/Im3 Do
Q
q
1 0 0 0.456 138.77 415.362 cm
/Im3 Do
Q
q
1 0 0 0.456 139.73 415.362 cm
/Im3 Do
Q
q
1 0 0 0.456 140.69 415.362 cm
/Im3 Do
Q
q
1 0 0 0.456 141.65 415.362 cm
/Im3 Do
Q
q
1 0 0 0.456 142.61 415.362 cm
/Im3 Do
Q
q
1 0 0 0.456 143.57 415.362 cm
/Im3 Do
Q
q
1 0 0 0.456 144.53 415.362 cm
/Im3 Do
Q
q
1 0 0 0.456 145.49 415.362 cm
/Im3 Do
Q
q
1 0 0 0.456 146.45 415.362 cm
/Im3 Do
Q
q
1 0 0 0.456 147.41 415.362 cm
/Im3 Do
Q
q
1 0 0 0.456 148.37 415.362 cm
/Im3 Do
Q
q
1 0 0 0.456 149.33 415.362 cm
/Im3 Do
Q
q
1 0 0 0.456 150.29 415.362 cm
/Im3 Do
Q
q
1 0 0 0.456 151.25 415.362 cm
/Im3 Do
Q
q
1 0 0 0.456 152.21 415.362 cm
/Im3 Do
Q
q
1 0 0 0.456 153.17 415.362 cm
/Im3 Do
Q
q
1 0 0 0.456 154.13 415.362 cm
/Im3 Do
Q
q
1 0 0 0.456 155.09 415.362 cm
/Im3 Do
Q
q
1 0 0 0.456 156.05 415.362 cm
/Im3 Do
Q
q
1 0 0 0.456 157.01 415.362 cm
/Im3 Do
Q
q
1 0 0 0.456 157.97 415.362 cm
/Im3 Do
Q
q
1 0 0 0.456 158.93 415.362 cm
/Im3 Do
Q
q
1 0 0 0.456 159.89 415.362 cm
/Im3 Do
Q
q
1 0 0 0.456 160.85 415.362 cm
/Im3 Do
Q
q
1 0 0 0.456 161.81 415.362 cm
/Im3 Do
Q
q
1 0 0 0.456 162.77 415.362 cm
/Im3 Do
Q
q
1 0 0 0.456 163.73 415.362 cm
/Im3 Do
Q
q
1 0 0 0.456 164.69 415.362 cm
/Im3 Do
Q
q
1 0 0 0.456 165.65 415.362 cm
/Im3 Do
Q
q
1 0 0 0.456 166.61 415.362 cm
/Im3 Do
Q
q
1 0 0 0.456 167.57 415.362 cm
/Im3 Do
Q
q
1 0 0 0.456 168.53 415.362 cm
/Im3 Do
Q
q
1 0 0 0.456 169.49 415.362 cm
/Im3 Do
Q
q
1 0 0 0.456 170.45 415.362 cm
/Im3 Do
Q
q
1 0 0 0.456 171.41 415.362 cm
/Im3 Do
Q
q
1 0 0 0.456 172.37 415.362 cm
/Im3 Do
Q
q
1 0 0 0.456 173.33 415.362 cm
/Im3 Do
Q
q
1 0 0 0.456 174.29 415.362 cm
/Im3 Do
Q
q
1 0 0 0.456 175.25 415.362 cm
/Im3 Do
Q
q
1 0 0 0.456 176.21 415.362 cm
/Im3 Do
Q
q
1 0 0 0.456 177.17 415.362 cm
/Im3 Do
Q
q
1 0 0 0.456 178.13 415.362 cm
/Im3 Do
Q
q
1 0 0 0.456 179.09 415.362 cm
/Im3 Do
Q
q
1 0 0 0.456 180.05 415.362 cm
/Im3 Do
Q
q
1 0 0 0.456 181.01 415.362 cm
/Im3 Do
Q
q
1 0 0 0.456 181.97 415.362 cm
/Im3 Do
Q
q
1 0 0 0.456 182.93 415.362 cm
/Im3 Do
Q
q
1 0 0 0.456 183.89 415.362 cm
/Im3 Do
Q
q
1 0 0 0.456 184.85 415.362 cm
/Im3 Do
Q
q
1 0 0 0.456 185.81 415.362 cm
/Im3 Do
Q
q
1 0 0 0.456 186.77 415.362 cm
/Im3 Do
Q
q
1 0 0 0.456 187.73 415.362 cm
/Im3 Do
Q
q
1 0 0 0.456 188.69 415.362 cm
/Im3 Do
Q
q
1 0 0 0.456 189.65 415.362 cm
/Im3 Do
Q
q
1 0 0 0.456 190.61 415.362 cm
/Im3 Do
Q
q
1 0 0 0.456 191.57 415.362 cm
/Im3 Do
Q
q
1 0 0 0.456 192.53 415.362 cm
/Im3 Do
Q
q
1 0 0 0.456 193.49 415.362 cm
/Im3 Do
Q
q
1 0 0 0.456 194.45 415.362 cm
/Im3 Do
Q
q
1 0 0 0.456 195.41 415.362 cm
/Im3 Do
Q
q
1 0 0 0.456 196.37 415.362 cm
/Im3 Do
Q
q
1 0 0 0.456 197.33 415.362 cm
/Im3 Do
Q
q
1 0 0 0.456 198.29 415.362 cm
/Im3 Do
Q
q
1 0 0 0.456 199.25 415.362 cm
/Im3 Do
Q
q
1 0 0 0.456 200.21 415.362 cm
/Im3 Do
Q
q
1 0 0 0.456 201.17 415.362 cm
/Im3 Do
Q
q
1 0 0 0.456 202.13 415.362 cm
/Im3 Do
Q
q
1 0 0 0.456 203.09 415.362 cm
/Im3 Do
Q
q
1 0 0 0.456 204.05 415.362 cm
/Im3 Do
Q
q
1 0 0 0.456 205.01 415.362 cm
/Im3 Do
Q
q
1 0 0 0.456 205.97 415.362 cm
/Im3 Do
Q
q
1 0 0 0.456 206.93 415.362 cm
/Im3 Do
Q
q
1 0 0 0.456 207.89 415.362 cm
/Im3 Do
Q
q
1 0 0 0.456 208.85 415.362 cm
/Im3 Do
Q
q
1 0 0 0.456 209.81 415.362 cm
/Im3 Do
Q
q
1 0 0 0.456 210.77 415.362 cm
/Im3 Do
Q
q
1 0 0 0.456 211.73 415.362 cm
/Im3 Do
Q
q
1 0 0 0.456 212.69 415.362 cm
/Im3 Do
Q
q
1 0 0 0.456 213.65 415.362 cm
/Im3 Do
Q
q
1 0 0 0.456 214.61 415.362 cm
/Im3 Do
Q
q
1 0 0 0.456 215.57 415.362 cm
/Im3 Do
Q
q
1 0 0 0.456 216.53 415.362 cm
/Im3 Do
Q
q
1 0 0 0.456 217.49 415.362 cm
/Im3 Do
Q
q
1 0 0 0.456 218.45 415.362 cm
/Im3 Do
Q
q
1 0 0 0.456 219.41 415.362 cm
/Im3 Do
Q
q
1 0 0 0.456 220.37 415.362 cm
/Im3 Do
Q
q
1 0 0 0.456 221.33 415.362 cm
/Im3 Do
Q
q
1 0 0 0.456 222.29 415.362 cm
/Im3 Do
Q
q
1 0 0 0.456 223.25 415.362 cm
/Im3 Do
Q
q
1 0 0 0.456 224.21 415.362 cm
/Im3 Do
Q
q
1 0 0 0.456 225.17 415.362 cm
/Im3 Do
Q
q
1 0 0 0.456 226.13 415.362 cm
/Im3 Do
Q
q
1 0 0 0.456 227.09 415.362 cm
/Im3 Do
Q
q
1 0 0 0.456 228.05 415.362 cm
/Im3 Do
Q
q
1 0 0 0.456 229.01 415.362 cm
/Im3 Do
Q
q
1 0 0 0.456 229.97 415.362 cm
/Im3 Do
Q
q
1 0 0 0.456 230.93 415.362 cm
/Im3 Do
Q
q
1 0 0 0.456 231.89 415.362 cm
/Im3 Do
Q
q
1 0 0 0.456 232.85 415.362 cm
/Im3 Do
Q
q
1 0 0 0.456 233.81 415.362 cm
/Im3 Do
Q
q
1 0 0 0.456 234.77 415.362 cm
/Im3 Do
Q
q
1 0 0 0.456 235.73 415.362 cm
/Im3 Do
Q
q
1 0 0 0.456 236.69 415.362 cm
/Im3 Do
Q
q
1 0 0 0.456 237.65 415.362 cm
/Im3 Do
Q
q
1 0 0 0.456 238.61 415.362 cm
/Im3 Do
Q
q
1 0 0 0.456 239.57 415.362 cm
/Im3 Do
Q
q
1 0 0 0.456 240.53 415.362 cm
/Im3 Do
Q
q
1 0 0 0.456 241.49 415.362 cm
/Im3 Do
Q
q
1 0 0 0.456 242.45 415.362 cm
/Im3 Do
Q
q
1 0 0 0.456 243.41 415.362 cm
/Im3 Do
Q
q
1 0 0 0.456 244.37 415.362 cm
/Im3 Do
Q
q
1 0 0 0.456 245.33 415.362 cm
/Im3 Do
Q
q
1 0 0 0.456 246.29 415.362 cm
/Im3 Do
Q
q
1 0 0 0.456 247.25 415.362 cm
/Im3 Do
Q
q
1 0 0 0.456 248.21 415.362 cm
/Im3 Do
Q
q
1 0 0 0.456 249.17 415.362 cm
/Im3 Do
Q
q
1 0 0 0.456 250.13 415.362 cm
/Im3 Do
Q
q
1 0 0 0.456 251.09 415.362 cm
/Im3 Do
Q
q
1 0 0 0.456 252.05 415.362 cm
/Im3 Do
Q
q
1 0 0 0.456 253.01 415.362 cm
/Im3 Do
Q
q
1 0 0 0.456 253.97 415.362 cm
/Im3 Do
Q
q
1 0 0 0.456 254.93 415.362 cm
/Im3 Do
Q
q
1 0 0 0.456 255.89 415.362 cm
/Im3 Do
Q
q
1 0 0 0.456 256.85 415.362 cm
/Im3 Do
Q
q
1 0 0 0.456 257.81 415.362 cm
/Im3 Do
Q
q
1 0 0 0.456 258.77 415.362 cm
/Im3 Do
Q
q
1 0 0 0.456 259.73 415.362 cm
/Im3 Do
Q
q
1 0 0 0.456 260.69 415.362 cm
/Im3 Do
Q
q
1 0 0 0.456 261.65 415.362 cm
/Im3 Do
Q
q
1 0 0 0.456 262.61 415.362 cm
/Im3 Do
Q
q
1 0 0 0.456 263.57 415.362 cm
/Im3 Do
Q
q
1 0 0 0.456 264.53 415.362 cm
/Im3 Do
Q
q
1 0 0 0.456 265.49 415.362 cm
/Im3 Do
Q
q
1 0 0 0.456 266.45 415.362 cm
/Im3 Do
Q
q
1 0 0 0.456 267.41 415.362 cm
/Im3 Do
Q
q
1 0 0 0.456 268.37 415.362 cm
/Im3 Do
Q
q
1 0 0 0.456 269.33 415.362 cm
/Im3 Do
Q
q
1 0 0 0.456 270.29 415.362 cm
/Im3 Do
Q
q
1 0 0 0.456 271.25 415.362 cm
/Im3 Do
Q
q
1 0 0 0.456 272.21 415.362 cm
/Im3 Do
Q
q
1 0 0 0.456 273.17 415.362 cm
/Im3 Do
Q
q
1 0 0 0.456 274.13 415.362 cm
/Im3 Do
Q
q
1 0 0 0.456 275.09 415.362 cm
/Im3 Do
Q
q
1 0 0 0.456 276.05 415.362 cm
/Im3 Do
Q
q
1 0 0 0.456 277.01 415.362 cm
/Im3 Do
Q
q
1 0 0 0.456 277.97 415.362 cm
/Im3 Do
Q
q
1 0 0 0.456 278.93 415.362 cm
/Im3 Do
Q
q
1 0 0 0.456 279.89 415.362 cm
/Im3 Do
Q
q
1 0 0 0.456 280.85 415.362 cm
/Im3 Do
Q
q
1 0 0 0.456 281.81 415.362 cm
/Im3 Do
Q
q
1 0 0 0.456 282.77 415.362 cm
/Im3 Do
Q
q
1 0 0 0.456 283.73 415.362 cm
/Im3 Do
Q
q
1 0 0 0.456 284.69 415.362 cm
/Im3 Do
Q
q
1 0 0 0.456 285.65 415.362 cm
/Im3 Do
Q
q
1 0 0 0.456 286.61 415.362 cm
/Im3 Do
Q
q
1 0 0 0.456 287.57 415.362 cm
/Im3 Do
Q
q
1 0 0 0.456 288.53 415.362 cm
/Im3 Do
Q
q
1 0 0 0.456 289.49 415.362 cm
/Im3 Do
Q
q
1 0 0 0.456 290.45 415.362 cm
/Im3 Do
Q
q
1 0 0 0.456 291.41 415.362 cm
/Im3 Do
Q
q
1 0 0 0.456 292.37 415.362 cm
/Im3 Do
Q
q
1 0 0 0.456 293.33 415.362 cm
/Im3 Do
Q
q
1 0 0 0.456 294.29 415.362 cm
/Im3 Do
Q
q
1 0 0 0.456 295.25 415.362 cm
/Im3 Do
Q
q
1 0 0 0.456 296.21 415.362 cm
/Im3 Do
Q
q
1 0 0 0.456 297.17 415.362 cm
/Im3 Do
Q
q
1 0 0 0.456 298.13 415.362 cm
/Im3 Do
Q
q
1 0 0 0.456 299.09 415.362 cm
/Im3 Do
Q
q
1 0 0 0.456 300.05 415.362 cm
/Im3 Do
Q
q
1 0 0 0.456 301.01 415.362 cm
/Im3 Do
Q
q
1 0 0 0.456 301.97 415.362 cm
/Im3 Do
Q
q
1 0 0 0.456 302.93 415.362 cm
/Im3 Do
Q
q
1 0 0 0.456 303.89 415.362 cm
/Im3 Do
Q
q
1 0 0 0.456 304.85 415.362 cm
/Im3 Do
Q
q
1 0 0 0.456 305.81 415.362 cm
/Im3 Do
Q
q
1 0 0 0.456 306.77 415.362 cm
/Im3 Do
Q
q
1 0 0 0.456 307.73 415.362 cm
/Im3 Do
Q
q
1 0 0 0.456 308.69 415.362 cm
/Im3 Do
Q
q
1 0 0 0.456 309.65 415.362 cm
/Im3 Do
Q
q
1 0 0 0.456 310.61 415.362 cm
/Im3 Do
Q
q
1 0 0 0.456 311.57 415.362 cm
/Im3 Do
Q
q
1 0 0 0.456 312.53 415.362 cm
/Im3 Do
Q
q
1 0 0 0.456 313.49 415.362 cm
/Im3 Do
Q
q
1 0 0 0.456 314.45 415.362 cm
/Im3 Do
Q
q
1 0 0 0.456 315.41 415.362 cm
/Im3 Do
Q
q
1 0 0 0.456 316.37 415.362 cm
/Im3 Do
Q
q
1 0 0 0.456 317.33 415.362 cm
/Im3 Do
Q
q
1 0 0 0.456 318.29 415.362 cm
/Im3 Do
Q
q
1 0 0 0.456 319.25 415.362 cm
/Im3 Do
Q
q
1 0 0 0.456 320.21 415.362 cm
/Im3 Do
Q
q
1 0 0 0.456 321.17 415.362 cm
/Im3 Do
Q
q
1 0 0 0.456 322.13 415.362 cm
/Im3 Do
Q
q
1 0 0 0.456 323.09 415.362 cm
/Im3 Do
Q
q
1 0 0 0.456 324.05 415.362 cm
/Im3 Do
Q
q
1 0 0 0.456 325.01 415.362 cm
/Im3 Do
Q
q
1 0 0 0.456 325.97 415.362 cm
/Im3 Do
Q
q
1 0 0 0.456 326.93 415.362 cm
/Im3 Do
Q
q
1 0 0 0.456 327.89 415.362 cm
/Im3 Do
Q
q
1 0 0 0.456 328.85 415.362 cm
/Im3 Do
Q
q
1 0 0 0.456 329.81 415.362 cm
/Im3 Do
Q
q
1 0 0 0.456 330.77 415.362 cm
/Im3 Do
Q
q
1 0 0 0.456 331.73 415.362 cm
/Im3 Do
Q
q
1 0 0 0.456 332.69 415.362 cm
/Im3 Do
Q
q
1 0 0 0.456 333.65 415.362 cm
/Im3 Do
Q
q
1 0 0 0.456 334.61 415.362 cm
/Im3 Do
Q
q
1 0 0 0.456 335.57 415.362 cm
/Im3 Do
Q
q
1 0 0 0.456 336.53 415.362 cm
/Im3 Do
Q
q
1 0 0 0.456 337.49 415.362 cm
/Im3 Do
Q
q
1 0 0 0.456 338.45 415.362 cm
/Im3 Do
Q
q
1 0 0 0.456 339.41 415.362 cm
/Im3 Do
Q
q
1 0 0 0.456 340.37 415.362 cm
/Im3 Do
Q
q
1 0 0 0.456 341.33 415.362 cm
/Im3 Do
Q
q
1 0 0 0.456 342.29 415.362 cm
/Im3 Do
Q
q
1 0 0 0.456 343.25 415.362 cm
/Im3 Do
Q
q
1 0 0 0.456 344.21 415.362 cm
/Im3 Do
Q
q
1 0 0 0.456 345.17 415.362 cm
/Im3 Do
Q
q
1 0 0 0.456 346.13 415.362 cm
/Im3 Do
Q
q
1 0 0 0.456 347.09 415.362 cm
/Im3 Do
Q
q
1 0 0 0.456 348.05 415.362 cm
/Im3 Do
Q
q
1 0 0 0.456 349.01 415.362 cm
/Im3 Do
Q
q
1 0 0 0.456 349.97 415.362 cm
/Im3 Do
Q
q
1 0 0 0.456 350.93 415.362 cm
/Im3 Do
Q
q
1 0 0 0.456 351.89 415.362 cm
/Im3 Do
Q
q
1 0 0 0.456 352.85 415.362 cm
/Im3 Do
Q
q
1 0 0 0.456 353.81 415.362 cm
/Im3 Do
Q
q
1 0 0 0.456 354.77 415.362 cm
/Im3 Do
Q
q
1 0 0 0.456 355.73 415.362 cm
/Im3 Do
Q
q
1 0 0 0.456 356.69 415.362 cm
/Im3 Do
Q
q
1 0 0 0.456 357.65 415.362 cm
/Im3 Do
Q
q
1 0 0 0.456 358.61 415.362 cm
/Im3 Do
Q
q
1 0 0 0.456 359.57 415.362 cm
/Im3 Do
Q
q
1 0 0 0.456 360.53 415.362 cm
/Im3 Do
Q
q
1 0 0 0.456 361.49 415.362 cm
/Im3 Do
Q
q
1 0 0 0.456 362.45 415.362 cm
/Im3 Do
Q
q
1 0 0 0.456 363.41 415.362 cm
/Im3 Do
Q
q
1 0 0 0.456 364.37 415.362 cm
/Im3 Do
Q
q
1 0 0 0.456 365.33 415.362 cm
/Im3 Do
Q
q
1 0 0 0.456 366.29 415.362 cm
/Im3 Do
Q
q
1 0 0 0.456 367.25 415.362 cm
/Im3 Do
Q
q
1 0 0 0.456 368.21 415.362 cm
/Im3 Do
Q
q
1 0 0 0.456 369.17 415.362 cm
/Im3 Do
Q
q
1 0 0 0.456 370.13 415.362 cm
/Im3 Do
Q
q
1 0 0 0.456 371.09 415.362 cm
/Im3 Do
Q
q
1 0 0 0.456 372.05 415.362 cm
/Im3 Do
Q
q
1 0 0 0.456 373.01 415.362 cm
/Im3 Do
Q
q
1 0 0 0.456 373.97 415.362 cm
/Im3 Do
Q
q
1 0 0 0.456 374.93 415.362 cm
/Im3 Do
Q
q
1 0 0 0.456 375.89 415.362 cm
/Im3 Do
Q
q
1 0 0 0.456 376.85 415.362 cm
/Im3 Do
Q
q
1 0 0 0.456 377.81 415.362 cm
/Im3 Do
Q
q
1 0 0 0.456 378.77 415.362 cm
/Im3 Do
Q
q
1 0 0 0.456 379.73 415.362 cm
/Im3 Do
Q
q
1 0 0 0.456 380.69 415.362 cm
/Im3 Do
Q
q
1 0 0 0.456 381.65 415.362 cm
/Im3 Do
Q
q
1 0 0 0.456 382.61 415.362 cm
/Im3 Do
Q
q
1 0 0 0.456 383.57 415.362 cm
/Im3 Do
Q
q
1 0 0 0.456 384.53 415.362 cm
/Im3 Do
Q
q
1 0 0 0.456 385.49 415.362 cm
/Im3 Do
Q
q
1 0 0 0.456 386.45 415.362 cm
/Im3 Do
Q
q
1 0 0 0.456 387.41 415.362 cm
/Im3 Do
Q
q
1 0 0 0.456 388.37 415.362 cm
/Im3 Do
Q
q
1 0 0 0.456 389.33 415.362 cm
/Im3 Do
Q
q
1 0 0 0.456 390.29 415.362 cm
/Im3 Do
Q
q
1 0 0 0.456 391.25 415.362 cm
/Im3 Do
Q
q
1 0 0 0.456 392.21 415.362 cm
/Im3 Do
Q
q
1 0 0 0.456 393.17 415.362 cm
/Im3 Do
Q
q
1 0 0 0.456 394.13 415.362 cm
/Im3 Do
Q
q
1 0 0 0.456 395.09 415.362 cm
/Im3 Do
Q
q
1 0 0 0.456 396.05 415.362 cm
/Im3 Do
Q
q
1 0 0 0.456 397.01 415.362 cm
/Im3 Do
Q
q
1 0 0 0.456 397.97 415.362 cm
/Im3 Do
Q
q
1 0 0 0.456 398.93 415.362 cm
/Im3 Do
Q
q
1 0 0 0.456 399.89 415.362 cm
/Im3 Do
Q
q
1 0 0 0.456 400.85 415.362 cm
/Im3 Do
Q
q
1 0 0 0.456 401.81 415.362 cm
/Im3 Do
Q
q
1 0 0 0.456 402.77 415.362 cm
/Im3 Do
Q
q
1 0 0 0.456 403.73 415.362 cm
/Im3 Do
Q
q
1 0 0 0.456 404.69 415.362 cm
/Im3 Do
Q
q
1 0 0 0.456 405.65 415.362 cm
/Im3 Do
Q
q
1 0 0 0.456 406.61 415.362 cm
/Im3 Do
Q
q
1 0 0 0.456 407.57 415.362 cm
/Im3 Do
Q
q
1 0 0 0.456 408.53 415.362 cm
/Im3 Do
Q
q
1 0 0 0.456 409.49 415.362 cm
/Im3 Do
Q
q
1 0 0 0.456 410.45 415.362 cm
/Im3 Do
Q
q
1 0 0 0.456 411.41 415.362 cm
/Im3 Do
Q
q
1 0 0 0.456 412.37 415.362 cm
/Im3 Do
Q
q
1 0 0 0.456 413.33 415.362 cm
/Im3 Do
Q
q
1 0 0 0.456 414.29 415.362 cm
/Im3 Do
Q
q
1 0 0 0.456 415.25 415.362 cm
/Im3 Do
Q
q
1 0 0 0.456 416.21 415.362 cm
/Im3 Do
Q
q
1 0 0 0.456 417.17 415.362 cm
/Im3 Do
Q
q
1 0 0 0.456 418.13 415.362 cm
/Im3 Do
Q
q
1 0 0 0.456 419.09 415.362 cm
/Im3 Do
Q
q
1 0 0 0.456 420.05 415.362 cm
/Im3 Do
Q
q
1 0 0 0.456 421.01 415.362 cm
/Im3 Do
Q
q
1 0 0 0.456 421.97 415.362 cm
/Im3 Do
Q
q
1 0 0 0.456 422.93 415.362 cm
/Im3 Do
Q
q
1 0 0 0.456 423.89 415.362 cm
/Im3 Do
Q
q
1 0 0 0.456 424.85 415.362 cm
/Im3 Do
Q
q
1 0 0 0.456 425.81 415.362 cm
/Im3 Do
Q
q
1 0 0 0.456 426.77 415.362 cm
/Im3 Do
Q
q
1 0 0 0.456 427.73 415.362 cm
/Im3 Do
Q
q
1 0 0 0.456 428.69 415.362 cm
/Im3 Do
Q
q
1 0 0 0.456 429.65 415.362 cm
/Im3 Do
Q
q
1 0 0 0.456 430.61 415.362 cm
/Im3 Do
Q
q
1 0 0 0.456 431.57 415.362 cm
/Im3 Do
Q
q
1 0 0 0.456 432.53 415.362 cm
/Im3 Do
Q
q
1 0 0 0.456 433.49 415.362 cm
/Im3 Do
Q
q
1 0 0 0.456 434.45 415.362 cm
/Im3 Do
Q
q
1 0 0 0.456 435.41 415.362 cm
/Im3 Do
Q
q
1 0 0 0.456 436.37 415.362 cm
/Im3 Do
Q
q
1 0 0 0.456 437.33 415.362 cm
/Im3 Do
Q
q
1 0 0 0.456 438.29 415.362 cm
/Im3 Do
Q
q
1 0 0 0.456 439.25 415.362 cm
/Im3 Do
Q
q
1 0 0 0.456 440.21 415.362 cm
/Im3 Do
Q
q
1 0 0 0.456 441.17 415.362 cm
/Im3 Do
Q
q
1 0 0 0.456 442.13 415.362 cm
/Im3 Do
Q
q
1 0 0 0.456 443.09 415.362 cm
/Im3 Do
Q
q
1 0 0 0.456 444.05 415.362 cm
/Im3 Do
Q
q
1 0 0 0.456 445.01 415.362 cm
/Im3 Do
Q
q
1 0 0 0.456 445.97 415.362 cm
/Im3 Do
Q
q
1 0 0 0.456 446.93 415.362 cm
/Im3 Do
Q
q
1 0 0 0.456 447.89 415.362 cm
/Im3 Do
Q
q
1 0 0 0.456 448.85 415.362 cm
/Im3 Do
Q
q
1 0 0 0.456 449.81 415.362 cm
/Im3 Do
Q
q
1 0 0 0.456 450.77 415.362 cm
/Im3 Do
Q
q
1 0 0 0.456 451.73 415.362 cm
/Im3 Do
Q
q
1 0 0 0.456 452.69 415.362 cm
/Im3 Do
Q
q
1 0 0 0.456 453.65 415.362 cm
/Im3 Do
Q
q
1 0 0 0.456 454.61 415.362 cm
/Im3 Do
Q
q
1 0 0 0.456 455.57 415.362 cm
/Im3 Do
Q
q
1 0 0 0.456 456.53 415.362 cm
/Im3 Do
Q
q
1 0 0 0.456 457.49 415.362 cm
/Im3 Do
Q
q
1 0 0 0.456 458.45 415.362 cm
/Im5 Do
Q
q
1 0 0 0.456 458.93 415.362 cm
/Im3 Do
Q
q
1 0 0 0.456 459.89 415.362 cm
/Im3 Do
Q
q
1 0 0 0.456 460.85 415.362 cm
/Im3 Do
Q
q
1 0 0 0.456 461.81 415.362 cm
/Im3 Do
Q
q
1 0 0 0.456 462.77 415.362 cm
/Im3 Do
Q
q
1 0 0 0.456 463.73 415.362 cm
/Im3 Do
Q
q
1 0 0 0.456 464.69 415.362 cm
/Im3 Do
Q
q
1 0 0 0.456 465.65 415.362 cm
/Im3 Do
Q
q
1 0 0 0.456 466.61 415.362 cm
/Im3 Do
Q
q
1 0 0 0.456 467.57 415.362 cm
/Im3 Do
Q
q
1 0 0 0.456 468.53 415.362 cm
/Im3 Do
Q
q
1 0 0 0.456 469.49 415.362 cm
/Im3 Do
Q
q
1 0 0 0.456 470.45 415.362 cm
/Im3 Do
Q
q
1 0 0 0.456 471.41 415.362 cm
/Im3 Do
Q
q
1 0 0 0.456 472.37 415.362 cm
/Im3 Do
Q
q
1 0 0 0.456 473.33 415.362 cm
/Im3 Do
Q
q
1 0 0 0.456 474.29 415.362 cm
/Im3 Do
Q
q
1 0 0 0.456 475.25 415.362 cm
/Im3 Do
Q
q
1 0 0 0.456 476.21 415.362 cm
/Im3 Do
Q
q
1 0 0 0.456 477.17 415.362 cm
/Im3 Do
Q
q
1 0 0 0.456 478.13 415.362 cm
/Im3 Do
Q
q
1 0 0 0.456 479.09 415.362 cm
/Im3 Do
Q
q
1 0 0 0.456 480.05 415.362 cm
/Im3 Do
Q
q
1 0 0 0.456 481.01 415.362 cm
/Im3 Do
Q
q
1 0 0 0.456 481.97 415.362 cm
/Im3 Do
Q
q
1 0 0 0.456 482.93 415.362 cm
/Im3 Do
Q
q
1 0 0 0.456 483.89 415.362 cm
/Im3 Do
Q
q
1 0 0 0.456 484.85 415.362 cm
/Im3 Do
Q
q
1 0 0 0.456 485.81 415.362 cm
/Im3 Do
Q
q
1 0 0 0.456 486.77 415.362 cm
/Im3 Do
Q
q
1 0 0 0.456 487.73 415.362 cm
/Im3 Do
Q
q
1 0 0 0.456 488.69 415.362 cm
/Im3 Do
Q
q
1 0 0 0.456 489.65 415.362 cm
/Im3 Do
Q
q
1 0 0 0.456 490.61 415.362 cm
/Im3 Do
Q
q
1 0 0 0.456 491.57 415.362 cm
/Im3 Do
Q
q
1 0 0 0.456 492.53 415.362 cm
/Im3 Do
Q
q
1 0 0 0.456 493.49 415.362 cm
/Im3 Do
Q
q
1 0 0 0.456 494.45 415.362 cm
/Im3 Do
Q
q
1 0 0 0.456 495.41 415.362 cm
/Im3 Do
Q
q
1 0 0 0.456 496.37 415.362 cm
/Im3 Do
Q
q
1 0 0 0.456 497.33 415.362 cm
/Im3 Do
Q
q
1 0 0 0.456 498.29 415.362 cm
/Im3 Do
Q
q
1 0 0 0.456 499.25 415.362 cm
/Im3 Do
Q
q
1 0 0 0.456 500.21 415.362 cm
/Im3 Do
Q
q
1 0 0 0.456 501.17 415.362 cm
/Im4 Do
Q
q
1 0 0 0.456 501.65 415.362 cm
/Im3 Do
Q
q
1 0 0 0.456 502.61 415.362 cm
/Im3 Do
Q
q
1 0 0 0.456 503.57 415.362 cm
/Im3 Do
Q
q
1 0 0 0.456 504.53 415.362 cm
/Im3 Do
Q
q
1 0 0 0.456 505.49 415.362 cm
/Im3 Do
Q
q
1 0 0 0.456 506.45 415.362 cm
/Im3 Do
Q
q
1 0 0 0.456 507.41 415.362 cm
/Im3 Do
Q
q
1 0 0 0.456 508.3699 415.362 cm
/Im3 Do
Q
q
1 0 0 0.456 509.33 415.362 cm
/Im3 Do
Q
q
1 0 0 0.456 510.29 415.362 cm
/Im3 Do
Q
q
1 0 0 0.456 511.2499 415.362 cm
/Im3 Do
Q
q
1 0 0 0.456 512.21 415.362 cm
/Im3 Do
Q
q
1 0 0 0.456 513.1699 415.362 cm
/Im3 Do
Q
q
1 0 0 0.456 514.1299 415.362 cm
/Im3 Do
Q
q
1 0 0 0.456 515.09 415.362 cm
/Im3 Do
Q
q
1 0 0 0.456 516.0499 415.362 cm
/Im3 Do
Q
q
1 0 0 0.456 517.01 415.362 cm
/Im3 Do
Q
q
1 0 0 0.456 517.97 415.362 cm
/Im3 Do
Q
q
1 0 0 0.456 518.9299 415.362 cm
/Im3 Do
Q
q
1 0 0 0.456 519.89 415.362 cm
/Im3 Do
Q
q
1 0 0 0.456 520.85 415.362 cm
/Im3 Do
Q
q
1 0 0 0.456 521.8099 415.362 cm
/Im3 Do
Q
q
1 0 0 0.456 522.77 415.362 cm
/Im3 Do
Q
q
1 0 0 0.456 523.73 415.362 cm
/Im3 Do
Q
q
1 0 0 0.456 524.6899 415.362 cm
/Im3 Do
Q
q
1 0 0 0.456 525.65 415.362 cm
/Im3 Do
Q
q
1 0 0 0.456 526.61 415.362 cm
/Im3 Do
Q
q
1 0 0 0.456 527.57 415.362 cm
/Im3 Do
Q
q
1 0 0 0.456 528.53 415.362 cm
/Im3 Do
Q
q
1 0 0 0.456 529.4901 415.362 cm
/Im3 Do
Q
q
1 0 0 0.456 530.45 415.362 cm
/Im3 Do
Q
q
1 0 0 0.456 531.41 415.362 cm
/Im3 Do
Q
q
1 0 0 0.456 532.3699 415.362 cm
/Im3 Do
Q
q
1 0 0 0.456 533.33 415.362 cm
/Im3 Do
Q
q
1 0 0 0.456 534.29 415.362 cm
/Im3 Do
Q
q
1 0 0 0.456 535.2499 415.362 cm
/Im3 Do
Q
q
1 0 0 0.456 536.21 415.362 cm
/Im3 Do
Q
q
1 0 0 0.456 537.1699 415.362 cm
/Im3 Do
Q
q
1 0 0 0.456 538.1299 415.362 cm
/Im3 Do
Q
q
1 0 0 0.456 539.09 415.362 cm
/Im3 Do
Q
q
1 0 0 0.456 540.0499 415.362 cm
/Im3 Do
Q
q
1 0 0 0.456 541.01 415.362 cm
/Im3 Do
Q
q
1 0 0 0.456 541.97 415.362 cm
/Im3 Do
Q
q
1 0 0 0.456 542.93 415.362 cm
/Im3 Do
Q
q
1 0 0 0.456 543.89 415.362 cm
/Im3 Do
Q
q
1 0 0 0.456 544.85 415.362 cm
/Im3 Do
Q
q
1 0 0 0.456 545.8099 415.362 cm
/Im3 Do
Q
q
1 0 0 0.456 546.77 415.362 cm
/Im3 Do
Q
q
1 0 0 0.456 547.73 415.362 cm
/Im3 Do
Q
q
1 0 0 0.456 548.6899 415.362 cm
/Im3 Do
Q
q
1 0 0 0.456 549.65 415.362 cm
/Im3 Do
Q
q
0.24 0 0 0.456 550.61 415.362 cm
/Im7 Do
Q
BT
10.08 0 0 9.576 55.01 372.954 Tm
0.008 Tc
(Tr)Tj
0.9523 0 TD
-0.0084 Tc
0.0161 Tw
[(oi)-24.5(s)15.4( Èt)7.7(i)-24.5(quet)-16.1(t)-16.1(e)0(s)15.4( díadr)-8.7(es)-8.4(s)15.4(age en ann)-23.8(ex)-32.2(e )-22761.9(oui)-24.5( )]TJ
ET
q
1.026 0 0 0.9747 0 0 cm
0 G
1 J 0 j 0.702 w 10 M []0 d
467.427 381.941 8.889 8.889 re
S
Q
BT
10.08 0 0 9.576 490.13 372.954 Tm
0 Tc
0 Tw
( )Tj
2.6429 0 TD
-0.0084 Tc
(non )Tj
ET
q
1.026 0 0 0.9747 0 0 cm
0 G
1 J 0 j 0.702 w 10 M []0 d
523.569 381.941 8.889 8.889 re
S
Q
Q
BT
10.08 0 0 9.576 547.73 372.954 Tm
( )Tj
ET
q
1 i 
-1.63 25.14 595 799.9 re
W n
-1.63 25.14 595 799.9 re
W n
32.37 798.59 531.5 -762.35 re
0 841 m
W* n
-9 851 613 -860 re
0 841 m
W n
0.03 841.02 595.02 -841.02 re
W n
q
1 0 0 0.456 51.41 385.494 cm
/Im3 Do
Q
q
1 0 0 0.456 52.37 385.494 cm
/Im3 Do
Q
q
1 0 0 0.456 53.33 385.494 cm
/Im3 Do
Q
q
1 0 0 0.456 54.29 385.494 cm
/Im3 Do
Q
q
1 0 0 0.456 55.25 385.494 cm
/Im3 Do
Q
q
1 0 0 0.456 56.21 385.494 cm
/Im3 Do
Q
q
1 0 0 0.456 57.17 385.494 cm
/Im3 Do
Q
q
1 0 0 0.456 58.13 385.494 cm
/Im3 Do
Q
q
1 0 0 0.456 59.09 385.494 cm
/Im3 Do
Q
q
1 0 0 0.456 60.05 385.494 cm
/Im3 Do
Q
q
1 0 0 0.456 61.01 385.494 cm
/Im3 Do
Q
q
1 0 0 0.456 61.97 385.494 cm
/Im3 Do
Q
q
1 0 0 0.456 62.93 385.494 cm
/Im3 Do
Q
q
1 0 0 0.456 63.89 385.494 cm
/Im3 Do
Q
q
1 0 0 0.456 64.85 385.494 cm
/Im3 Do
Q
q
1 0 0 0.456 65.81 385.494 cm
/Im3 Do
Q
q
1 0 0 0.456 66.77 385.494 cm
/Im3 Do
Q
q
1 0 0 0.456 67.73 385.494 cm
/Im3 Do
Q
q
1 0 0 0.456 68.69 385.494 cm
/Im3 Do
Q
q
1 0 0 0.456 69.65 385.494 cm
/Im3 Do
Q
q
1 0 0 0.456 70.61 385.494 cm
/Im3 Do
Q
q
1 0 0 0.456 71.57 385.494 cm
/Im3 Do
Q
q
1 0 0 0.456 72.53 385.494 cm
/Im3 Do
Q
q
1 0 0 0.456 73.49 385.494 cm
/Im3 Do
Q
q
1 0 0 0.456 74.45 385.494 cm
/Im3 Do
Q
q
1 0 0 0.456 75.41 385.494 cm
/Im3 Do
Q
q
1 0 0 0.456 76.37 385.494 cm
/Im3 Do
Q
q
1 0 0 0.456 77.33 385.494 cm
/Im3 Do
Q
q
1 0 0 0.456 78.29 385.494 cm
/Im3 Do
Q
q
1 0 0 0.456 79.25 385.494 cm
/Im3 Do
Q
q
1 0 0 0.456 80.21 385.494 cm
/Im3 Do
Q
q
1 0 0 0.456 81.17 385.494 cm
/Im3 Do
Q
q
1 0 0 0.456 82.13 385.494 cm
/Im3 Do
Q
q
1 0 0 0.456 83.09 385.494 cm
/Im3 Do
Q
q
1 0 0 0.456 84.05 385.494 cm
/Im3 Do
Q
q
1 0 0 0.456 85.01 385.494 cm
/Im3 Do
Q
q
1 0 0 0.456 85.97 385.494 cm
/Im3 Do
Q
q
1 0 0 0.456 86.93 385.494 cm
/Im3 Do
Q
q
1 0 0 0.456 87.89 385.494 cm
/Im3 Do
Q
q
1 0 0 0.456 88.85 385.494 cm
/Im3 Do
Q
q
1 0 0 0.456 89.81 385.494 cm
/Im3 Do
Q
q
1 0 0 0.456 90.77 385.494 cm
/Im3 Do
Q
q
1 0 0 0.456 91.73 385.494 cm
/Im3 Do
Q
q
1 0 0 0.456 92.69 385.494 cm
/Im3 Do
Q
q
1 0 0 0.456 93.65 385.494 cm
/Im3 Do
Q
q
1 0 0 0.456 94.61 385.494 cm
/Im3 Do
Q
q
1 0 0 0.456 95.57 385.494 cm
/Im3 Do
Q
q
1 0 0 0.456 96.53 385.494 cm
/Im3 Do
Q
q
1 0 0 0.456 97.49 385.494 cm
/Im3 Do
Q
q
1 0 0 0.456 98.45 385.494 cm
/Im3 Do
Q
q
1 0 0 0.456 99.41 385.494 cm
/Im3 Do
Q
q
1 0 0 0.456 100.37 385.494 cm
/Im3 Do
Q
q
1 0 0 0.456 101.33 385.494 cm
/Im3 Do
Q
q
1 0 0 0.456 102.29 385.494 cm
/Im3 Do
Q
q
1 0 0 0.456 103.25 385.494 cm
/Im3 Do
Q
q
1 0 0 0.456 104.21 385.494 cm
/Im3 Do
Q
q
1 0 0 0.456 105.17 385.494 cm
/Im3 Do
Q
q
1 0 0 0.456 106.13 385.494 cm
/Im3 Do
Q
q
1 0 0 0.456 107.09 385.494 cm
/Im3 Do
Q
q
1 0 0 0.456 108.05 385.494 cm
/Im3 Do
Q
q
1 0 0 0.456 109.01 385.494 cm
/Im3 Do
Q
q
1 0 0 0.456 109.97 385.494 cm
/Im3 Do
Q
q
1 0 0 0.456 110.93 385.494 cm
/Im3 Do
Q
q
1 0 0 0.456 111.89 385.494 cm
/Im3 Do
Q
q
1 0 0 0.456 112.85 385.494 cm
/Im3 Do
Q
q
1 0 0 0.456 113.81 385.494 cm
/Im3 Do
Q
q
1 0 0 0.456 114.77 385.494 cm
/Im3 Do
Q
q
1 0 0 0.456 115.73 385.494 cm
/Im3 Do
Q
q
1 0 0 0.456 116.69 385.494 cm
/Im3 Do
Q
q
1 0 0 0.456 117.65 385.494 cm
/Im3 Do
Q
q
1 0 0 0.456 118.61 385.494 cm
/Im3 Do
Q
q
1 0 0 0.456 119.57 385.494 cm
/Im3 Do
Q
q
1 0 0 0.456 120.53 385.494 cm
/Im3 Do
Q
q
1 0 0 0.456 121.49 385.494 cm
/Im3 Do
Q
q
1 0 0 0.456 122.45 385.494 cm
/Im3 Do
Q
q
1 0 0 0.456 123.41 385.494 cm
/Im3 Do
Q
q
1 0 0 0.456 124.37 385.494 cm
/Im3 Do
Q
q
1 0 0 0.456 125.33 385.494 cm
/Im3 Do
Q
q
1 0 0 0.456 126.29 385.494 cm
/Im3 Do
Q
q
1 0 0 0.456 127.25 385.494 cm
/Im3 Do
Q
q
1 0 0 0.456 128.21 385.494 cm
/Im3 Do
Q
q
1 0 0 0.456 129.17 385.494 cm
/Im3 Do
Q
q
1 0 0 0.456 130.13 385.494 cm
/Im3 Do
Q
q
1 0 0 0.456 131.09 385.494 cm
/Im3 Do
Q
q
1 0 0 0.456 132.05 385.494 cm
/Im3 Do
Q
q
1 0 0 0.456 133.01 385.494 cm
/Im3 Do
Q
q
1 0 0 0.456 133.97 385.494 cm
/Im3 Do
Q
q
1 0 0 0.456 134.93 385.494 cm
/Im3 Do
Q
q
1 0 0 0.456 135.89 385.494 cm
/Im3 Do
Q
q
1 0 0 0.456 136.85 385.494 cm
/Im3 Do
Q
q
1 0 0 0.456 137.81 385.494 cm
/Im3 Do
Q
q
1 0 0 0.456 138.77 385.494 cm
/Im3 Do
Q
q
1 0 0 0.456 139.73 385.494 cm
/Im3 Do
Q
q
1 0 0 0.456 140.69 385.494 cm
/Im3 Do
Q
q
1 0 0 0.456 141.65 385.494 cm
/Im3 Do
Q
q
1 0 0 0.456 142.61 385.494 cm
/Im3 Do
Q
q
1 0 0 0.456 143.57 385.494 cm
/Im3 Do
Q
q
1 0 0 0.456 144.53 385.494 cm
/Im3 Do
Q
q
1 0 0 0.456 145.49 385.494 cm
/Im3 Do
Q
q
1 0 0 0.456 146.45 385.494 cm
/Im3 Do
Q
q
1 0 0 0.456 147.41 385.494 cm
/Im3 Do
Q
q
1 0 0 0.456 148.37 385.494 cm
/Im3 Do
Q
q
1 0 0 0.456 149.33 385.494 cm
/Im3 Do
Q
q
1 0 0 0.456 150.29 385.494 cm
/Im3 Do
Q
q
1 0 0 0.456 151.25 385.494 cm
/Im3 Do
Q
q
1 0 0 0.456 152.21 385.494 cm
/Im3 Do
Q
q
1 0 0 0.456 153.17 385.494 cm
/Im3 Do
Q
q
1 0 0 0.456 154.13 385.494 cm
/Im3 Do
Q
q
1 0 0 0.456 155.09 385.494 cm
/Im3 Do
Q
q
1 0 0 0.456 156.05 385.494 cm
/Im3 Do
Q
q
1 0 0 0.456 157.01 385.494 cm
/Im3 Do
Q
q
1 0 0 0.456 157.97 385.494 cm
/Im3 Do
Q
q
1 0 0 0.456 158.93 385.494 cm
/Im3 Do
Q
q
1 0 0 0.456 159.89 385.494 cm
/Im3 Do
Q
q
1 0 0 0.456 160.85 385.494 cm
/Im3 Do
Q
q
1 0 0 0.456 161.81 385.494 cm
/Im3 Do
Q
q
1 0 0 0.456 162.77 385.494 cm
/Im3 Do
Q
q
1 0 0 0.456 163.73 385.494 cm
/Im3 Do
Q
q
1 0 0 0.456 164.69 385.494 cm
/Im3 Do
Q
q
1 0 0 0.456 165.65 385.494 cm
/Im3 Do
Q
q
1 0 0 0.456 166.61 385.494 cm
/Im3 Do
Q
q
1 0 0 0.456 167.57 385.494 cm
/Im3 Do
Q
q
1 0 0 0.456 168.53 385.494 cm
/Im3 Do
Q
q
1 0 0 0.456 169.49 385.494 cm
/Im3 Do
Q
q
1 0 0 0.456 170.45 385.494 cm
/Im3 Do
Q
q
1 0 0 0.456 171.41 385.494 cm
/Im3 Do
Q
q
1 0 0 0.456 172.37 385.494 cm
/Im3 Do
Q
q
1 0 0 0.456 173.33 385.494 cm
/Im3 Do
Q
q
1 0 0 0.456 174.29 385.494 cm
/Im3 Do
Q
q
1 0 0 0.456 175.25 385.494 cm
/Im3 Do
Q
q
1 0 0 0.456 176.21 385.494 cm
/Im3 Do
Q
q
1 0 0 0.456 177.17 385.494 cm
/Im3 Do
Q
q
1 0 0 0.456 178.13 385.494 cm
/Im3 Do
Q
q
1 0 0 0.456 179.09 385.494 cm
/Im3 Do
Q
q
1 0 0 0.456 180.05 385.494 cm
/Im3 Do
Q
q
1 0 0 0.456 181.01 385.494 cm
/Im3 Do
Q
q
1 0 0 0.456 181.97 385.494 cm
/Im3 Do
Q
q
1 0 0 0.456 182.93 385.494 cm
/Im3 Do
Q
q
1 0 0 0.456 183.89 385.494 cm
/Im3 Do
Q
q
1 0 0 0.456 184.85 385.494 cm
/Im3 Do
Q
q
1 0 0 0.456 185.81 385.494 cm
/Im3 Do
Q
q
1 0 0 0.456 186.77 385.494 cm
/Im3 Do
Q
q
1 0 0 0.456 187.73 385.494 cm
/Im3 Do
Q
q
1 0 0 0.456 188.69 385.494 cm
/Im3 Do
Q
q
1 0 0 0.456 189.65 385.494 cm
/Im3 Do
Q
q
1 0 0 0.456 190.61 385.494 cm
/Im3 Do
Q
q
1 0 0 0.456 191.57 385.494 cm
/Im3 Do
Q
q
1 0 0 0.456 192.53 385.494 cm
/Im3 Do
Q
q
1 0 0 0.456 193.49 385.494 cm
/Im3 Do
Q
q
1 0 0 0.456 194.45 385.494 cm
/Im3 Do
Q
q
1 0 0 0.456 195.41 385.494 cm
/Im3 Do
Q
q
1 0 0 0.456 196.37 385.494 cm
/Im3 Do
Q
q
1 0 0 0.456 197.33 385.494 cm
/Im3 Do
Q
q
1 0 0 0.456 198.29 385.494 cm
/Im3 Do
Q
q
1 0 0 0.456 199.25 385.494 cm
/Im3 Do
Q
q
1 0 0 0.456 200.21 385.494 cm
/Im3 Do
Q
q
1 0 0 0.456 201.17 385.494 cm
/Im3 Do
Q
q
1 0 0 0.456 202.13 385.494 cm
/Im3 Do
Q
q
1 0 0 0.456 203.09 385.494 cm
/Im3 Do
Q
q
1 0 0 0.456 204.05 385.494 cm
/Im3 Do
Q
q
1 0 0 0.456 205.01 385.494 cm
/Im3 Do
Q
q
1 0 0 0.456 205.97 385.494 cm
/Im3 Do
Q
q
1 0 0 0.456 206.93 385.494 cm
/Im3 Do
Q
q
1 0 0 0.456 207.89 385.494 cm
/Im3 Do
Q
q
1 0 0 0.456 208.85 385.494 cm
/Im3 Do
Q
q
1 0 0 0.456 209.81 385.494 cm
/Im3 Do
Q
q
1 0 0 0.456 210.77 385.494 cm
/Im3 Do
Q
q
1 0 0 0.456 211.73 385.494 cm
/Im3 Do
Q
q
1 0 0 0.456 212.69 385.494 cm
/Im3 Do
Q
q
1 0 0 0.456 213.65 385.494 cm
/Im3 Do
Q
q
1 0 0 0.456 214.61 385.494 cm
/Im3 Do
Q
q
1 0 0 0.456 215.57 385.494 cm
/Im3 Do
Q
q
1 0 0 0.456 216.53 385.494 cm
/Im3 Do
Q
q
1 0 0 0.456 217.49 385.494 cm
/Im3 Do
Q
q
1 0 0 0.456 218.45 385.494 cm
/Im3 Do
Q
q
1 0 0 0.456 219.41 385.494 cm
/Im3 Do
Q
q
1 0 0 0.456 220.37 385.494 cm
/Im3 Do
Q
q
1 0 0 0.456 221.33 385.494 cm
/Im3 Do
Q
q
1 0 0 0.456 222.29 385.494 cm
/Im3 Do
Q
q
1 0 0 0.456 223.25 385.494 cm
/Im3 Do
Q
q
1 0 0 0.456 224.21 385.494 cm
/Im3 Do
Q
q
1 0 0 0.456 225.17 385.494 cm
/Im3 Do
Q
q
1 0 0 0.456 226.13 385.494 cm
/Im3 Do
Q
q
1 0 0 0.456 227.09 385.494 cm
/Im3 Do
Q
q
1 0 0 0.456 228.05 385.494 cm
/Im3 Do
Q
q
1 0 0 0.456 229.01 385.494 cm
/Im3 Do
Q
q
1 0 0 0.456 229.97 385.494 cm
/Im3 Do
Q
q
1 0 0 0.456 230.93 385.494 cm
/Im3 Do
Q
q
1 0 0 0.456 231.89 385.494 cm
/Im3 Do
Q
q
1 0 0 0.456 232.85 385.494 cm
/Im3 Do
Q
q
1 0 0 0.456 233.81 385.494 cm
/Im3 Do
Q
q
1 0 0 0.456 234.77 385.494 cm
/Im3 Do
Q
q
1 0 0 0.456 235.73 385.494 cm
/Im3 Do
Q
q
1 0 0 0.456 236.69 385.494 cm
/Im3 Do
Q
q
1 0 0 0.456 237.65 385.494 cm
/Im3 Do
Q
q
1 0 0 0.456 238.61 385.494 cm
/Im3 Do
Q
q
1 0 0 0.456 239.57 385.494 cm
/Im3 Do
Q
q
1 0 0 0.456 240.53 385.494 cm
/Im3 Do
Q
q
1 0 0 0.456 241.49 385.494 cm
/Im3 Do
Q
q
1 0 0 0.456 242.45 385.494 cm
/Im3 Do
Q
q
1 0 0 0.456 243.41 385.494 cm
/Im3 Do
Q
q
1 0 0 0.456 244.37 385.494 cm
/Im3 Do
Q
q
1 0 0 0.456 245.33 385.494 cm
/Im3 Do
Q
q
1 0 0 0.456 246.29 385.494 cm
/Im3 Do
Q
q
1 0 0 0.456 247.25 385.494 cm
/Im3 Do
Q
q
1 0 0 0.456 248.21 385.494 cm
/Im3 Do
Q
q
1 0 0 0.456 249.17 385.494 cm
/Im3 Do
Q
q
1 0 0 0.456 250.13 385.494 cm
/Im3 Do
Q
q
1 0 0 0.456 251.09 385.494 cm
/Im3 Do
Q
q
1 0 0 0.456 252.05 385.494 cm
/Im3 Do
Q
q
1 0 0 0.456 253.01 385.494 cm
/Im3 Do
Q
q
1 0 0 0.456 253.97 385.494 cm
/Im3 Do
Q
q
1 0 0 0.456 254.93 385.494 cm
/Im3 Do
Q
q
1 0 0 0.456 255.89 385.494 cm
/Im3 Do
Q
q
1 0 0 0.456 256.85 385.494 cm
/Im3 Do
Q
q
1 0 0 0.456 257.81 385.494 cm
/Im3 Do
Q
q
1 0 0 0.456 258.77 385.494 cm
/Im3 Do
Q
q
1 0 0 0.456 259.73 385.494 cm
/Im3 Do
Q
q
1 0 0 0.456 260.69 385.494 cm
/Im3 Do
Q
q
1 0 0 0.456 261.65 385.494 cm
/Im3 Do
Q
q
1 0 0 0.456 262.61 385.494 cm
/Im3 Do
Q
q
1 0 0 0.456 263.57 385.494 cm
/Im3 Do
Q
q
1 0 0 0.456 264.53 385.494 cm
/Im3 Do
Q
q
1 0 0 0.456 265.49 385.494 cm
/Im3 Do
Q
q
1 0 0 0.456 266.45 385.494 cm
/Im3 Do
Q
q
1 0 0 0.456 267.41 385.494 cm
/Im3 Do
Q
q
1 0 0 0.456 268.37 385.494 cm
/Im3 Do
Q
q
1 0 0 0.456 269.33 385.494 cm
/Im3 Do
Q
q
1 0 0 0.456 270.29 385.494 cm
/Im3 Do
Q
q
1 0 0 0.456 271.25 385.494 cm
/Im3 Do
Q
q
1 0 0 0.456 272.21 385.494 cm
/Im3 Do
Q
q
1 0 0 0.456 273.17 385.494 cm
/Im3 Do
Q
q
1 0 0 0.456 274.13 385.494 cm
/Im3 Do
Q
q
1 0 0 0.456 275.09 385.494 cm
/Im3 Do
Q
q
1 0 0 0.456 276.05 385.494 cm
/Im3 Do
Q
q
1 0 0 0.456 277.01 385.494 cm
/Im3 Do
Q
q
1 0 0 0.456 277.97 385.494 cm
/Im3 Do
Q
q
1 0 0 0.456 278.93 385.494 cm
/Im3 Do
Q
q
1 0 0 0.456 279.89 385.494 cm
/Im3 Do
Q
q
1 0 0 0.456 280.85 385.494 cm
/Im3 Do
Q
q
1 0 0 0.456 281.81 385.494 cm
/Im3 Do
Q
q
1 0 0 0.456 282.77 385.494 cm
/Im3 Do
Q
q
1 0 0 0.456 283.73 385.494 cm
/Im3 Do
Q
q
1 0 0 0.456 284.69 385.494 cm
/Im3 Do
Q
q
1 0 0 0.456 285.65 385.494 cm
/Im3 Do
Q
q
1 0 0 0.456 286.61 385.494 cm
/Im3 Do
Q
q
1 0 0 0.456 287.57 385.494 cm
/Im3 Do
Q
q
1 0 0 0.456 288.53 385.494 cm
/Im3 Do
Q
q
1 0 0 0.456 289.49 385.494 cm
/Im3 Do
Q
q
1 0 0 0.456 290.45 385.494 cm
/Im3 Do
Q
q
1 0 0 0.456 291.41 385.494 cm

/Im3 Do
Q
q
1 0 0 0.456 292.37 385.494 cm
/Im3 Do
Q
q
1 0 0 0.456 293.33 385.494 cm
/Im3 Do
Q
q
1 0 0 0.456 294.29 385.494 cm
/Im3 Do
Q
q
1 0 0 0.456 295.25 385.494 cm
/Im3 Do
Q
q
1 0 0 0.456 296.21 385.494 cm
/Im3 Do
Q
q
1 0 0 0.456 297.17 385.494 cm
/Im3 Do
Q
q
1 0 0 0.456 298.13 385.494 cm
/Im3 Do
Q
q
1 0 0 0.456 299.09 385.494 cm
/Im3 Do
Q
q
1 0 0 0.456 300.05 385.494 cm
/Im3 Do
Q
q
1 0 0 0.456 301.01 385.494 cm
/Im3 Do
Q
q
1 0 0 0.456 301.97 385.494 cm
/Im3 Do
Q
q
1 0 0 0.456 302.93 385.494 cm
/Im3 Do
Q
q
1 0 0 0.456 303.89 385.494 cm
/Im3 Do
Q
q
1 0 0 0.456 304.85 385.494 cm
/Im3 Do
Q
q
1 0 0 0.456 305.81 385.494 cm
/Im3 Do
Q
q
1 0 0 0.456 306.77 385.494 cm
/Im3 Do
Q
q
1 0 0 0.456 307.73 385.494 cm
/Im3 Do
Q
q
1 0 0 0.456 308.69 385.494 cm
/Im3 Do
Q
q
1 0 0 0.456 309.65 385.494 cm
/Im3 Do
Q
q
1 0 0 0.456 310.61 385.494 cm
/Im3 Do
Q
q
1 0 0 0.456 311.57 385.494 cm
/Im3 Do
Q
q
1 0 0 0.456 312.53 385.494 cm
/Im3 Do
Q
q
1 0 0 0.456 313.49 385.494 cm
/Im3 Do
Q
q
1 0 0 0.456 314.45 385.494 cm
/Im3 Do
Q
q
1 0 0 0.456 315.41 385.494 cm
/Im3 Do
Q
q
1 0 0 0.456 316.37 385.494 cm
/Im3 Do
Q
q
1 0 0 0.456 317.33 385.494 cm
/Im3 Do
Q
q
1 0 0 0.456 318.29 385.494 cm
/Im3 Do
Q
q
1 0 0 0.456 319.25 385.494 cm
/Im3 Do
Q
q
1 0 0 0.456 320.21 385.494 cm
/Im3 Do
Q
q
1 0 0 0.456 321.17 385.494 cm
/Im3 Do
Q
q
1 0 0 0.456 322.13 385.494 cm
/Im3 Do
Q
q
1 0 0 0.456 323.09 385.494 cm
/Im3 Do
Q
q
1 0 0 0.456 324.05 385.494 cm
/Im3 Do
Q
q
1 0 0 0.456 325.01 385.494 cm
/Im3 Do
Q
q
1 0 0 0.456 325.97 385.494 cm
/Im3 Do
Q
q
1 0 0 0.456 326.93 385.494 cm
/Im3 Do
Q
q
1 0 0 0.456 327.89 385.494 cm
/Im3 Do
Q
q
1 0 0 0.456 328.85 385.494 cm
/Im3 Do
Q
q
1 0 0 0.456 329.81 385.494 cm
/Im3 Do
Q
q
1 0 0 0.456 330.77 385.494 cm
/Im3 Do
Q
q
1 0 0 0.456 331.73 385.494 cm
/Im3 Do
Q
q
1 0 0 0.456 332.69 385.494 cm
/Im3 Do
Q
q
1 0 0 0.456 333.65 385.494 cm
/Im3 Do
Q
q
1 0 0 0.456 334.61 385.494 cm
/Im3 Do
Q
q
1 0 0 0.456 335.57 385.494 cm
/Im3 Do
Q
q
1 0 0 0.456 336.53 385.494 cm
/Im3 Do
Q
q
1 0 0 0.456 337.49 385.494 cm
/Im3 Do
Q
q
1 0 0 0.456 338.45 385.494 cm
/Im3 Do
Q
q
1 0 0 0.456 339.41 385.494 cm
/Im3 Do
Q
q
1 0 0 0.456 340.37 385.494 cm
/Im3 Do
Q
q
1 0 0 0.456 341.33 385.494 cm
/Im3 Do
Q
q
1 0 0 0.456 342.29 385.494 cm
/Im3 Do
Q
q
1 0 0 0.456 343.25 385.494 cm
/Im3 Do
Q
q
1 0 0 0.456 344.21 385.494 cm
/Im3 Do
Q
q
1 0 0 0.456 345.17 385.494 cm
/Im3 Do
Q
q
1 0 0 0.456 346.13 385.494 cm
/Im3 Do
Q
q
1 0 0 0.456 347.09 385.494 cm
/Im3 Do
Q
q
1 0 0 0.456 348.05 385.494 cm
/Im3 Do
Q
q
1 0 0 0.456 349.01 385.494 cm
/Im3 Do
Q
q
1 0 0 0.456 349.97 385.494 cm
/Im3 Do
Q
q
1 0 0 0.456 350.93 385.494 cm
/Im3 Do
Q
q
1 0 0 0.456 351.89 385.494 cm
/Im3 Do
Q
q
1 0 0 0.456 352.85 385.494 cm
/Im3 Do
Q
q
1 0 0 0.456 353.81 385.494 cm
/Im3 Do
Q
q
1 0 0 0.456 354.77 385.494 cm
/Im3 Do
Q
q
1 0 0 0.456 355.73 385.494 cm
/Im3 Do
Q
q
1 0 0 0.456 356.69 385.494 cm
/Im3 Do
Q
q
1 0 0 0.456 357.65 385.494 cm
/Im3 Do
Q
q
1 0 0 0.456 358.61 385.494 cm
/Im3 Do
Q
q
1 0 0 0.456 359.57 385.494 cm
/Im3 Do
Q
q
1 0 0 0.456 360.53 385.494 cm
/Im3 Do
Q
q
1 0 0 0.456 361.49 385.494 cm
/Im3 Do
Q
q
1 0 0 0.456 362.45 385.494 cm
/Im3 Do
Q
q
1 0 0 0.456 363.41 385.494 cm
/Im3 Do
Q
q
1 0 0 0.456 364.37 385.494 cm
/Im3 Do
Q
q
1 0 0 0.456 365.33 385.494 cm
/Im3 Do
Q
q
1 0 0 0.456 366.29 385.494 cm
/Im3 Do
Q
q
1 0 0 0.456 367.25 385.494 cm
/Im3 Do
Q
q
1 0 0 0.456 368.21 385.494 cm
/Im3 Do
Q
q
1 0 0 0.456 369.17 385.494 cm
/Im3 Do
Q
q
1 0 0 0.456 370.13 385.494 cm
/Im3 Do
Q
q
1 0 0 0.456 371.09 385.494 cm
/Im3 Do
Q
q
1 0 0 0.456 372.05 385.494 cm
/Im3 Do
Q
q
1 0 0 0.456 373.01 385.494 cm
/Im3 Do
Q
q
1 0 0 0.456 373.97 385.494 cm
/Im3 Do
Q
q
1 0 0 0.456 374.93 385.494 cm
/Im3 Do
Q
q
1 0 0 0.456 375.89 385.494 cm
/Im3 Do
Q
q
1 0 0 0.456 376.85 385.494 cm
/Im3 Do
Q
q
1 0 0 0.456 377.81 385.494 cm
/Im3 Do
Q
q
1 0 0 0.456 378.77 385.494 cm
/Im3 Do
Q
q
1 0 0 0.456 379.73 385.494 cm
/Im3 Do
Q
q
1 0 0 0.456 380.69 385.494 cm
/Im3 Do
Q
q
1 0 0 0.456 381.65 385.494 cm
/Im3 Do
Q
q
1 0 0 0.456 382.61 385.494 cm
/Im3 Do
Q
q
1 0 0 0.456 383.57 385.494 cm
/Im3 Do
Q
q
1 0 0 0.456 384.53 385.494 cm
/Im3 Do
Q
q
1 0 0 0.456 385.49 385.494 cm
/Im3 Do
Q
q
1 0 0 0.456 386.45 385.494 cm
/Im3 Do
Q
q
1 0 0 0.456 387.41 385.494 cm
/Im3 Do
Q
q
1 0 0 0.456 388.37 385.494 cm
/Im3 Do
Q
q
1 0 0 0.456 389.33 385.494 cm
/Im3 Do
Q
q
1 0 0 0.456 390.29 385.494 cm
/Im3 Do
Q
q
1 0 0 0.456 391.25 385.494 cm
/Im3 Do
Q
q
1 0 0 0.456 392.21 385.494 cm
/Im3 Do
Q
q
1 0 0 0.456 393.17 385.494 cm
/Im3 Do
Q
q
1 0 0 0.456 394.13 385.494 cm
/Im3 Do
Q
q
1 0 0 0.456 395.09 385.494 cm
/Im3 Do
Q
q
1 0 0 0.456 396.05 385.494 cm
/Im3 Do
Q
q
1 0 0 0.456 397.01 385.494 cm
/Im3 Do
Q
q
1 0 0 0.456 397.97 385.494 cm
/Im3 Do
Q
q
1 0 0 0.456 398.93 385.494 cm
/Im3 Do
Q
q
1 0 0 0.456 399.89 385.494 cm
/Im3 Do
Q
q
1 0 0 0.456 400.85 385.494 cm
/Im3 Do
Q
q
1 0 0 0.456 401.81 385.494 cm
/Im3 Do
Q
q
1 0 0 0.456 402.77 385.494 cm
/Im3 Do
Q
q
1 0 0 0.456 403.73 385.494 cm
/Im3 Do
Q
q
1 0 0 0.456 404.69 385.494 cm
/Im3 Do
Q
q
1 0 0 0.456 405.65 385.494 cm
/Im3 Do
Q
q
1 0 0 0.456 406.61 385.494 cm
/Im3 Do
Q
q
1 0 0 0.456 407.57 385.494 cm
/Im3 Do
Q
q
1 0 0 0.456 408.53 385.494 cm
/Im3 Do
Q
q
1 0 0 0.456 409.49 385.494 cm
/Im3 Do
Q
q
1 0 0 0.456 410.45 385.494 cm
/Im3 Do
Q
q
1 0 0 0.456 411.41 385.494 cm
/Im3 Do
Q
q
1 0 0 0.456 412.37 385.494 cm
/Im3 Do
Q
q
1 0 0 0.456 413.33 385.494 cm
/Im3 Do
Q
q
1 0 0 0.456 414.29 385.494 cm
/Im3 Do
Q
q
1 0 0 0.456 415.25 385.494 cm
/Im3 Do
Q
q
1 0 0 0.456 416.21 385.494 cm
/Im3 Do
Q
q
1 0 0 0.456 417.17 385.494 cm
/Im3 Do
Q
q
1 0 0 0.456 418.13 385.494 cm
/Im3 Do
Q
q
1 0 0 0.456 419.09 385.494 cm
/Im3 Do
Q
q
1 0 0 0.456 420.05 385.494 cm
/Im3 Do
Q
q
1 0 0 0.456 421.01 385.494 cm
/Im3 Do
Q
q
1 0 0 0.456 421.97 385.494 cm
/Im3 Do
Q
q
1 0 0 0.456 422.93 385.494 cm
/Im3 Do
Q
q
1 0 0 0.456 423.89 385.494 cm
/Im3 Do
Q
q
1 0 0 0.456 424.85 385.494 cm
/Im3 Do
Q
q
1 0 0 0.456 425.81 385.494 cm
/Im3 Do
Q
q
1 0 0 0.456 426.77 385.494 cm
/Im3 Do
Q
q
1 0 0 0.456 427.73 385.494 cm
/Im3 Do
Q
q
1 0 0 0.456 428.69 385.494 cm
/Im3 Do
Q
q
1 0 0 0.456 429.65 385.494 cm
/Im3 Do
Q
q
1 0 0 0.456 430.61 385.494 cm
/Im3 Do
Q
q
1 0 0 0.456 431.57 385.494 cm
/Im3 Do
Q
q
1 0 0 0.456 432.53 385.494 cm
/Im3 Do
Q
q
1 0 0 0.456 433.49 385.494 cm
/Im3 Do
Q
q
1 0 0 0.456 434.45 385.494 cm
/Im3 Do
Q
q
1 0 0 0.456 435.41 385.494 cm
/Im3 Do
Q
q
1 0 0 0.456 436.37 385.494 cm
/Im3 Do
Q
q
1 0 0 0.456 437.33 385.494 cm
/Im3 Do
Q
q
1 0 0 0.456 438.29 385.494 cm
/Im3 Do
Q
q
1 0 0 0.456 439.25 385.494 cm
/Im3 Do
Q
q
1 0 0 0.456 440.21 385.494 cm
/Im3 Do
Q
q
1 0 0 0.456 441.17 385.494 cm
/Im3 Do
Q
q
1 0 0 0.456 442.13 385.494 cm
/Im3 Do
Q
q
1 0 0 0.456 443.09 385.494 cm
/Im3 Do
Q
q
1 0 0 0.456 444.05 385.494 cm
/Im3 Do
Q
q
1 0 0 0.456 445.01 385.494 cm
/Im3 Do
Q
q
1 0 0 0.456 445.97 385.494 cm
/Im3 Do
Q
q
1 0 0 0.456 446.93 385.494 cm
/Im3 Do
Q
q
1 0 0 0.456 447.89 385.494 cm
/Im3 Do
Q
q
1 0 0 0.456 448.85 385.494 cm
/Im3 Do
Q
q
1 0 0 0.456 449.81 385.494 cm
/Im3 Do
Q
q
1 0 0 0.456 450.77 385.494 cm
/Im3 Do
Q
q
1 0 0 0.456 451.73 385.494 cm
/Im3 Do
Q
q
1 0 0 0.456 452.69 385.494 cm
/Im3 Do
Q
q
1 0 0 0.456 453.65 385.494 cm
/Im3 Do
Q
q
1 0 0 0.456 454.61 385.494 cm
/Im3 Do
Q
q
1 0 0 0.456 455.57 385.494 cm
/Im3 Do
Q
q
1 0 0 0.456 456.53 385.494 cm
/Im3 Do
Q
q
1 0 0 0.456 457.49 385.494 cm
/Im3 Do
Q
q
1 0 0 0.456 458.45 385.494 cm
/Im5 Do
Q
q
1 0 0 0.456 458.93 385.494 cm
/Im3 Do
Q
q
1 0 0 0.456 459.89 385.494 cm
/Im3 Do
Q
q
1 0 0 0.456 460.85 385.494 cm
/Im3 Do
Q
q
1 0 0 0.456 461.81 385.494 cm
/Im3 Do
Q
q
1 0 0 0.456 462.77 385.494 cm
/Im3 Do
Q
q
1 0 0 0.456 463.73 385.494 cm
/Im3 Do
Q
q
1 0 0 0.456 464.69 385.494 cm
/Im3 Do
Q
q
1 0 0 0.456 465.65 385.494 cm
/Im3 Do
Q
q
1 0 0 0.456 466.61 385.494 cm
/Im3 Do
Q
q
1 0 0 0.456 467.57 385.494 cm
/Im3 Do
Q
q
1 0 0 0.456 468.53 385.494 cm
/Im3 Do
Q
q
1 0 0 0.456 469.49 385.494 cm
/Im3 Do
Q
q
1 0 0 0.456 470.45 385.494 cm
/Im3 Do
Q
q
1 0 0 0.456 471.41 385.494 cm
/Im3 Do
Q
q
1 0 0 0.456 472.37 385.494 cm
/Im3 Do
Q
q
1 0 0 0.456 473.33 385.494 cm
/Im3 Do
Q
q
1 0 0 0.456 474.29 385.494 cm
/Im3 Do
Q
q
1 0 0 0.456 475.25 385.494 cm
/Im3 Do
Q
q
1 0 0 0.456 476.21 385.494 cm
/Im3 Do
Q
q
1 0 0 0.456 477.17 385.494 cm
/Im3 Do
Q
q
1 0 0 0.456 478.13 385.494 cm
/Im3 Do
Q
q
1 0 0 0.456 479.09 385.494 cm
/Im3 Do
Q
q
1 0 0 0.456 480.05 385.494 cm
/Im3 Do
Q
q
1 0 0 0.456 481.01 385.494 cm
/Im3 Do
Q
q
1 0 0 0.456 481.97 385.494 cm
/Im3 Do
Q
q
1 0 0 0.456 482.93 385.494 cm
/Im3 Do
Q
q
1 0 0 0.456 483.89 385.494 cm
/Im3 Do
Q
q
1 0 0 0.456 484.85 385.494 cm
/Im3 Do
Q
q
1 0 0 0.456 485.81 385.494 cm
/Im3 Do
Q
q
1 0 0 0.456 486.77 385.494 cm
/Im3 Do
Q
q
1 0 0 0.456 487.73 385.494 cm
/Im3 Do
Q
q
1 0 0 0.456 488.69 385.494 cm
/Im3 Do
Q
q
1 0 0 0.456 489.65 385.494 cm
/Im3 Do
Q
q
1 0 0 0.456 490.61 385.494 cm
/Im3 Do
Q
q
1 0 0 0.456 491.57 385.494 cm
/Im3 Do
Q
q
1 0 0 0.456 492.53 385.494 cm
/Im3 Do
Q
q
1 0 0 0.456 493.49 385.494 cm
/Im3 Do
Q
q
1 0 0 0.456 494.45 385.494 cm
/Im3 Do
Q
q
1 0 0 0.456 495.41 385.494 cm
/Im3 Do
Q
q
1 0 0 0.456 496.37 385.494 cm
/Im3 Do
Q
q
1 0 0 0.456 497.33 385.494 cm
/Im3 Do
Q
q
1 0 0 0.456 498.29 385.494 cm
/Im3 Do
Q
q
1 0 0 0.456 499.25 385.494 cm
/Im3 Do
Q
q
1 0 0 0.456 500.21 385.494 cm
/Im3 Do
Q
q
1 0 0 0.456 501.17 385.494 cm
/Im4 Do
Q
q
1 0 0 0.456 501.65 385.494 cm
/Im3 Do
Q
q
1 0 0 0.456 502.61 385.494 cm
/Im3 Do
Q
q
1 0 0 0.456 503.57 385.494 cm
/Im3 Do
Q
q
1 0 0 0.456 504.53 385.494 cm
/Im3 Do
Q
q
1 0 0 0.456 505.49 385.494 cm
/Im3 Do
Q
q
1 0 0 0.456 506.45 385.494 cm
/Im3 Do
Q
q
1 0 0 0.456 507.41 385.494 cm
/Im3 Do
Q
q
1 0 0 0.456 508.3699 385.494 cm
/Im3 Do
Q
q
1 0 0 0.456 509.33 385.494 cm
/Im3 Do
Q
q
1 0 0 0.456 510.29 385.494 cm
/Im3 Do
Q
q
1 0 0 0.456 511.2499 385.494 cm
/Im3 Do
Q
q
1 0 0 0.456 512.21 385.494 cm
/Im3 Do
Q
q
1 0 0 0.456 513.1699 385.494 cm
/Im3 Do
Q
q
1 0 0 0.456 514.1299 385.494 cm
/Im3 Do
Q
q
1 0 0 0.456 515.09 385.494 cm
/Im3 Do
Q
q
1 0 0 0.456 516.0499 385.494 cm
/Im3 Do
Q
q
1 0 0 0.456 517.01 385.494 cm
/Im3 Do
Q
q
1 0 0 0.456 517.97 385.494 cm
/Im3 Do
Q
q
1 0 0 0.456 518.9299 385.494 cm
/Im3 Do
Q
q
1 0 0 0.456 519.89 385.494 cm
/Im3 Do
Q
q
1 0 0 0.456 520.85 385.494 cm
/Im3 Do
Q
q
1 0 0 0.456 521.8099 385.494 cm
/Im3 Do
Q
q
1 0 0 0.456 522.77 385.494 cm
/Im3 Do
Q
q
1 0 0 0.456 523.73 385.494 cm
/Im3 Do
Q
q
1 0 0 0.456 524.6899 385.494 cm
/Im3 Do
Q
q
1 0 0 0.456 525.65 385.494 cm
/Im3 Do
Q
q
1 0 0 0.456 526.61 385.494 cm
/Im3 Do
Q
q
1 0 0 0.456 527.57 385.494 cm
/Im3 Do
Q
q
1 0 0 0.456 528.53 385.494 cm
/Im3 Do
Q
q
1 0 0 0.456 529.4901 385.494 cm
/Im3 Do
Q
q
1 0 0 0.456 530.45 385.494 cm
/Im3 Do
Q
q
1 0 0 0.456 531.41 385.494 cm
/Im3 Do
Q
q
1 0 0 0.456 532.3699 385.494 cm
/Im3 Do
Q
q
1 0 0 0.456 533.33 385.494 cm
/Im3 Do
Q
q
1 0 0 0.456 534.29 385.494 cm
/Im3 Do
Q
q
1 0 0 0.456 535.2499 385.494 cm
/Im3 Do
Q
q
1 0 0 0.456 536.21 385.494 cm
/Im3 Do
Q
q
1 0 0 0.456 537.1699 385.494 cm
/Im3 Do
Q
q
1 0 0 0.456 538.1299 385.494 cm
/Im3 Do
Q
q
1 0 0 0.456 539.09 385.494 cm
/Im3 Do
Q
q
1 0 0 0.456 540.0499 385.494 cm
/Im3 Do
Q
q
1 0 0 0.456 541.01 385.494 cm
/Im3 Do
Q
q
1 0 0 0.456 541.97 385.494 cm
/Im3 Do
Q
q
1 0 0 0.456 542.93 385.494 cm
/Im3 Do
Q
q
1 0 0 0.456 543.89 385.494 cm
/Im3 Do
Q
q
1 0 0 0.456 544.85 385.494 cm
/Im3 Do
Q
q
1 0 0 0.456 545.8099 385.494 cm
/Im3 Do
Q
q
1 0 0 0.456 546.77 385.494 cm
/Im3 Do
Q
q
1 0 0 0.456 547.73 385.494 cm
/Im3 Do
Q
q
1 0 0 0.456 548.6899 385.494 cm
/Im3 Do
Q
q
1 0 0 0.456 549.65 385.494 cm
/Im3 Do
Q
q
0.24 0 0 0.456 550.61 385.494 cm
/Im7 Do
Q
q
1 0 0 0.456 50.69 366.342 cm
/Im3 Do
Q
q
1 0 0 0.456 51.65 366.342 cm
/Im3 Do
Q
q
1 0 0 0.456 52.61 366.342 cm
/Im3 Do
Q
q
1 0 0 0.456 53.57 366.342 cm
/Im3 Do
Q
q
1 0 0 0.456 54.53 366.342 cm
/Im3 Do
Q
q
1 0 0 0.456 55.49 366.342 cm
/Im3 Do
Q
q
1 0 0 0.456 56.45 366.342 cm
/Im3 Do
Q
q
1 0 0 0.456 57.41 366.342 cm
/Im3 Do
Q
q
1 0 0 0.456 58.37 366.342 cm
/Im3 Do
Q
q
1 0 0 0.456 59.33 366.342 cm
/Im3 Do
Q
q
1 0 0 0.456 60.29 366.342 cm
/Im3 Do
Q
q
1 0 0 0.456 61.25 366.342 cm
/Im3 Do
Q
q
1 0 0 0.456 62.21 366.342 cm
/Im3 Do
Q
q
1 0 0 0.456 63.17 366.342 cm
/Im3 Do
Q
q
1 0 0 0.456 64.13 366.342 cm
/Im3 Do
Q
q
1 0 0 0.456 65.09 366.342 cm
/Im3 Do
Q
q
1 0 0 0.456 66.05 366.342 cm
/Im3 Do
Q
q
1 0 0 0.456 67.01 366.342 cm
/Im3 Do
Q
q
1 0 0 0.456 67.97 366.342 cm
/Im3 Do
Q
q
1 0 0 0.456 68.93 366.342 cm
/Im3 Do
Q
q
1 0 0 0.456 69.89 366.342 cm
/Im3 Do
Q
q
1 0 0 0.456 70.85 366.342 cm
/Im3 Do
Q
q
1 0 0 0.456 71.81 366.342 cm
/Im3 Do
Q
q
1 0 0 0.456 72.77 366.342 cm
/Im3 Do
Q
q
1 0 0 0.456 73.73 366.342 cm
/Im3 Do
Q
q
1 0 0 0.456 74.69 366.342 cm
/Im3 Do
Q
q
1 0 0 0.456 75.65 366.342 cm
/Im3 Do
Q
q
1 0 0 0.456 76.61 366.342 cm
/Im3 Do
Q
q
1 0 0 0.456 77.57 366.342 cm
/Im3 Do
Q
q
1 0 0 0.456 78.53 366.342 cm
/Im3 Do
Q
q
1 0 0 0.456 79.49 366.342 cm
/Im3 Do
Q
q
1 0 0 0.456 80.45 366.342 cm
/Im3 Do
Q
q
1 0 0 0.456 81.41 366.342 cm
/Im3 Do
Q
q
1 0 0 0.456 82.37 366.342 cm
/Im3 Do
Q
q
1 0 0 0.456 83.33 366.342 cm
/Im3 Do
Q
q
1 0 0 0.456 84.29 366.342 cm
/Im3 Do
Q
q
1 0 0 0.456 85.25 366.342 cm
/Im3 Do
Q
q
1 0 0 0.456 86.21 366.342 cm
/Im3 Do
Q
q
1 0 0 0.456 87.17 366.342 cm
/Im3 Do
Q
q
1 0 0 0.456 88.13 366.342 cm
/Im3 Do
Q
q
1 0 0 0.456 89.09 366.342 cm
/Im3 Do
Q
q
1 0 0 0.456 90.05 366.342 cm
/Im3 Do
Q
q
1 0 0 0.456 91.01 366.342 cm
/Im3 Do
Q
q
1 0 0 0.456 91.97 366.342 cm
/Im3 Do
Q
q
1 0 0 0.456 92.93 366.342 cm
/Im3 Do
Q
q
1 0 0 0.456 93.89 366.342 cm
/Im3 Do
Q
q
1 0 0 0.456 94.85 366.342 cm
/Im3 Do
Q
q
1 0 0 0.456 95.81 366.342 cm
/Im3 Do
Q
q
1 0 0 0.456 96.77 366.342 cm
/Im3 Do
Q
q
1 0 0 0.456 97.73 366.342 cm
/Im3 Do
Q
q
1 0 0 0.456 98.69 366.342 cm
/Im3 Do
Q
q
1 0 0 0.456 99.65 366.342 cm
/Im3 Do
Q
q
1 0 0 0.456 100.61 366.342 cm
/Im3 Do
Q
q
1 0 0 0.456 101.57 366.342 cm
/Im3 Do
Q
q
1 0 0 0.456 102.53 366.342 cm
/Im3 Do
Q
q
1 0 0 0.456 103.49 366.342 cm
/Im3 Do
Q
q
1 0 0 0.456 104.45 366.342 cm
/Im3 Do
Q
q
1 0 0 0.456 105.41 366.342 cm
/Im3 Do
Q
q
1 0 0 0.456 106.37 366.342 cm
/Im3 Do
Q
q
1 0 0 0.456 107.33 366.342 cm
/Im3 Do
Q
q
1 0 0 0.456 108.29 366.342 cm
/Im3 Do
Q
q
1 0 0 0.456 109.25 366.342 cm
/Im3 Do
Q
q
1 0 0 0.456 110.21 366.342 cm
/Im3 Do
Q
q
1 0 0 0.456 111.17 366.342 cm
/Im3 Do
Q
q
1 0 0 0.456 112.13 366.342 cm
/Im3 Do
Q
q
1 0 0 0.456 113.09 366.342 cm
/Im3 Do
Q
q
1 0 0 0.456 114.05 366.342 cm
/Im3 Do
Q
q
1 0 0 0.456 115.01 366.342 cm
/Im3 Do
Q
q
1 0 0 0.456 115.97 366.342 cm
/Im3 Do
Q
q
1 0 0 0.456 116.93 366.342 cm
/Im3 Do
Q
q
1 0 0 0.456 117.89 366.342 cm
/Im3 Do
Q
q
1 0 0 0.456 118.85 366.342 cm
/Im3 Do
Q
q
1 0 0 0.456 119.81 366.342 cm
/Im3 Do
Q
q
1 0 0 0.456 120.77 366.342 cm
/Im3 Do
Q
q
1 0 0 0.456 121.73 366.342 cm
/Im3 Do
Q
q
1 0 0 0.456 122.69 366.342 cm
/Im3 Do
Q
q
1 0 0 0.456 123.65 366.342 cm
/Im3 Do
Q
q
1 0 0 0.456 124.61 366.342 cm
/Im3 Do
Q
q
1 0 0 0.456 125.57 366.342 cm
/Im3 Do
Q
q
1 0 0 0.456 126.53 366.342 cm
/Im3 Do
Q
q
1 0 0 0.456 127.49 366.342 cm
/Im3 Do
Q
q
1 0 0 0.456 128.45 366.342 cm
/Im3 Do
Q
q
1 0 0 0.456 129.41 366.342 cm
/Im3 Do
Q
q
1 0 0 0.456 130.37 366.342 cm
/Im3 Do
Q
q
1 0 0 0.456 131.33 366.342 cm
/Im3 Do
Q
q
1 0 0 0.456 132.29 366.342 cm
/Im3 Do
Q
q
1 0 0 0.456 133.25 366.342 cm
/Im3 Do
Q
q
1 0 0 0.456 134.21 366.342 cm
/Im3 Do
Q
q
1 0 0 0.456 135.17 366.342 cm
/Im3 Do
Q
q
1 0 0 0.456 136.13 366.342 cm
/Im3 Do
Q
q
1 0 0 0.456 137.09 366.342 cm
/Im3 Do
Q
q
1 0 0 0.456 138.05 366.342 cm
/Im3 Do
Q
q
1 0 0 0.456 139.01 366.342 cm
/Im3 Do
Q
q
1 0 0 0.456 139.97 366.342 cm
/Im3 Do
Q
q
1 0 0 0.456 140.93 366.342 cm
/Im3 Do
Q
q
1 0 0 0.456 141.89 366.342 cm
/Im3 Do
Q
q
1 0 0 0.456 142.85 366.342 cm
/Im3 Do
Q
q
1 0 0 0.456 143.81 366.342 cm
/Im3 Do
Q
q
1 0 0 0.456 144.77 366.342 cm
/Im3 Do
Q
q
1 0 0 0.456 145.73 366.342 cm
/Im3 Do
Q
q
1 0 0 0.456 146.69 366.342 cm
/Im3 Do
Q
q
1 0 0 0.456 147.65 366.342 cm
/Im3 Do
Q
q
1 0 0 0.456 148.61 366.342 cm
/Im3 Do
Q
q
1 0 0 0.456 149.57 366.342 cm
/Im3 Do
Q
q
1 0 0 0.456 150.53 366.342 cm
/Im3 Do
Q
q
1 0 0 0.456 151.49 366.342 cm
/Im3 Do
Q
q
1 0 0 0.456 152.45 366.342 cm
/Im3 Do
Q
q
1 0 0 0.456 153.41 366.342 cm
/Im3 Do
Q
q
1 0 0 0.456 154.37 366.342 cm
/Im3 Do
Q
q
1 0 0 0.456 155.33 366.342 cm
/Im3 Do
Q
q
1 0 0 0.456 156.29 366.342 cm
/Im3 Do
Q
q
1 0 0 0.456 157.25 366.342 cm
/Im3 Do
Q
q
1 0 0 0.456 158.21 366.342 cm
/Im3 Do
Q
q
1 0 0 0.456 159.17 366.342 cm
/Im3 Do
Q
q
1 0 0 0.456 160.13 366.342 cm
/Im3 Do
Q
q
1 0 0 0.456 161.09 366.342 cm
/Im3 Do
Q
q
1 0 0 0.456 162.05 366.342 cm
/Im3 Do
Q
q
1 0 0 0.456 163.01 366.342 cm
/Im3 Do
Q
q
1 0 0 0.456 163.97 366.342 cm
/Im3 Do
Q
q
1 0 0 0.456 164.93 366.342 cm
/Im3 Do
Q
q
1 0 0 0.456 165.89 366.342 cm
/Im3 Do
Q
q
1 0 0 0.456 166.85 366.342 cm
/Im3 Do
Q
q
1 0 0 0.456 167.81 366.342 cm
/Im3 Do
Q
q
1 0 0 0.456 168.77 366.342 cm
/Im3 Do
Q
q
1 0 0 0.456 169.73 366.342 cm
/Im3 Do
Q
q
1 0 0 0.456 170.69 366.342 cm
/Im3 Do
Q
q
1 0 0 0.456 171.65 366.342 cm
/Im3 Do
Q
q
1 0 0 0.456 172.61 366.342 cm
/Im3 Do
Q
q
1 0 0 0.456 173.57 366.342 cm
/Im3 Do
Q
q
1 0 0 0.456 174.53 366.342 cm
/Im3 Do
Q
q
1 0 0 0.456 175.49 366.342 cm
/Im3 Do
Q
q
1 0 0 0.456 176.45 366.342 cm
/Im3 Do
Q
q
1 0 0 0.456 177.41 366.342 cm
/Im3 Do
Q
q
1 0 0 0.456 178.37 366.342 cm
/Im3 Do
Q
q
1 0 0 0.456 179.33 366.342 cm
/Im3 Do
Q
q
1 0 0 0.456 180.29 366.342 cm
/Im3 Do
Q
q
1 0 0 0.456 181.25 366.342 cm
/Im3 Do
Q
q
1 0 0 0.456 182.21 366.342 cm
/Im3 Do
Q
q
1 0 0 0.456 183.17 366.342 cm
/Im3 Do
Q
q
1 0 0 0.456 184.13 366.342 cm
/Im3 Do
Q
q
1 0 0 0.456 185.09 366.342 cm
/Im3 Do
Q
q
1 0 0 0.456 186.05 366.342 cm
/Im3 Do
Q
q
1 0 0 0.456 187.01 366.342 cm
/Im3 Do
Q
q
1 0 0 0.456 187.97 366.342 cm
/Im3 Do
Q
q
1 0 0 0.456 188.93 366.342 cm
/Im3 Do
Q
q
1 0 0 0.456 189.89 366.342 cm
/Im3 Do
Q
q
1 0 0 0.456 190.85 366.342 cm
/Im3 Do
Q
q
1 0 0 0.456 191.81 366.342 cm
/Im3 Do
Q
q
1 0 0 0.456 192.77 366.342 cm
/Im3 Do
Q
q
1 0 0 0.456 193.73 366.342 cm
/Im3 Do
Q
q
1 0 0 0.456 194.69 366.342 cm
/Im3 Do
Q
q
1 0 0 0.456 195.65 366.342 cm
/Im3 Do
Q
q
1 0 0 0.456 196.61 366.342 cm
/Im3 Do
Q
q
1 0 0 0.456 197.57 366.342 cm
/Im3 Do
Q
q
1 0 0 0.456 198.53 366.342 cm
/Im3 Do
Q
q
1 0 0 0.456 199.49 366.342 cm
/Im3 Do
Q
q
1 0 0 0.456 200.45 366.342 cm
/Im3 Do
Q
q
1 0 0 0.456 201.41 366.342 cm
/Im3 Do
Q
q
1 0 0 0.456 202.37 366.342 cm
/Im3 Do
Q
q
1 0 0 0.456 203.33 366.342 cm
/Im3 Do
Q
q
1 0 0 0.456 204.29 366.342 cm
/Im3 Do
Q
q
1 0 0 0.456 205.25 366.342 cm
/Im3 Do
Q
q
1 0 0 0.456 206.21 366.342 cm
/Im3 Do
Q
q
1 0 0 0.456 207.17 366.342 cm
/Im3 Do
Q
q
1 0 0 0.456 208.13 366.342 cm
/Im3 Do
Q
q
1 0 0 0.456 209.09 366.342 cm
/Im3 Do
Q
q
1 0 0 0.456 210.05 366.342 cm
/Im3 Do
Q
q
1 0 0 0.456 211.01 366.342 cm
/Im3 Do
Q
q
1 0 0 0.456 211.97 366.342 cm
/Im3 Do
Q
q
1 0 0 0.456 212.93 366.342 cm
/Im3 Do
Q
q
1 0 0 0.456 213.89 366.342 cm
/Im3 Do
Q
q
1 0 0 0.456 214.85 366.342 cm
/Im3 Do
Q
q
1 0 0 0.456 215.81 366.342 cm
/Im3 Do
Q
q
1 0 0 0.456 216.77 366.342 cm
/Im3 Do
Q
q
1 0 0 0.456 217.73 366.342 cm
/Im3 Do
Q
q
1 0 0 0.456 218.69 366.342 cm
/Im3 Do
Q
q
1 0 0 0.456 219.65 366.342 cm
/Im3 Do
Q
q
1 0 0 0.456 220.61 366.342 cm
/Im3 Do
Q
q
1 0 0 0.456 221.57 366.342 cm
/Im3 Do
Q
q
1 0 0 0.456 222.53 366.342 cm
/Im3 Do
Q
q
1 0 0 0.456 223.49 366.342 cm
/Im3 Do
Q
q
1 0 0 0.456 224.45 366.342 cm
/Im3 Do
Q
q
1 0 0 0.456 225.41 366.342 cm
/Im3 Do
Q
q
1 0 0 0.456 226.37 366.342 cm
/Im3 Do
Q
q
1 0 0 0.456 227.33 366.342 cm
/Im3 Do
Q
q
1 0 0 0.456 228.29 366.342 cm
/Im3 Do
Q
q
1 0 0 0.456 229.25 366.342 cm
/Im3 Do
Q
q
1 0 0 0.456 230.21 366.342 cm
/Im3 Do
Q
q
1 0 0 0.456 231.17 366.342 cm
/Im3 Do
Q
q
1 0 0 0.456 232.13 366.342 cm
/Im3 Do
Q
q
1 0 0 0.456 233.09 366.342 cm
/Im3 Do
Q
q
1 0 0 0.456 234.05 366.342 cm
/Im3 Do
Q
q
1 0 0 0.456 235.01 366.342 cm
/Im3 Do
Q
q
1 0 0 0.456 235.97 366.342 cm
/Im3 Do
Q
q
1 0 0 0.456 236.93 366.342 cm
/Im3 Do
Q
q
1 0 0 0.456 237.89 366.342 cm
/Im3 Do
Q
q
1 0 0 0.456 238.85 366.342 cm
/Im3 Do
Q
q
1 0 0 0.456 239.81 366.342 cm
/Im3 Do
Q
q
1 0 0 0.456 240.77 366.342 cm
/Im3 Do
Q
q
1 0 0 0.456 241.73 366.342 cm
/Im3 Do
Q
q
1 0 0 0.456 242.69 366.342 cm
/Im3 Do
Q
q
1 0 0 0.456 243.65 366.342 cm
/Im3 Do
Q
q
1 0 0 0.456 244.61 366.342 cm
/Im3 Do
Q
q
1 0 0 0.456 245.57 366.342 cm
/Im3 Do
Q
q
1 0 0 0.456 246.53 366.342 cm
/Im3 Do
Q
q
1 0 0 0.456 247.49 366.342 cm
/Im3 Do
Q
q
1 0 0 0.456 248.45 366.342 cm
/Im3 Do
Q
q
1 0 0 0.456 249.41 366.342 cm
/Im3 Do
Q
q
1 0 0 0.456 250.37 366.342 cm
/Im3 Do
Q
q
1 0 0 0.456 251.33 366.342 cm
/Im3 Do
Q
q
1 0 0 0.456 252.29 366.342 cm
/Im3 Do
Q
q
1 0 0 0.456 253.25 366.342 cm
/Im3 Do
Q
q
1 0 0 0.456 254.21 366.342 cm
/Im3 Do
Q
q
1 0 0 0.456 255.17 366.342 cm
/Im3 Do
Q
q
1 0 0 0.456 256.13 366.342 cm
/Im3 Do
Q
q
1 0 0 0.456 257.09 366.342 cm
/Im3 Do
Q
q
1 0 0 0.456 258.05 366.342 cm
/Im3 Do
Q
q
1 0 0 0.456 259.01 366.342 cm
/Im3 Do
Q
q
1 0 0 0.456 259.97 366.342 cm
/Im3 Do
Q
q
1 0 0 0.456 260.93 366.342 cm
/Im3 Do
Q
q
1 0 0 0.456 261.89 366.342 cm
/Im3 Do
Q
q
1 0 0 0.456 262.85 366.342 cm
/Im3 Do
Q
q
1 0 0 0.456 263.81 366.342 cm
/Im3 Do
Q
q
1 0 0 0.456 264.77 366.342 cm
/Im3 Do
Q
q
1 0 0 0.456 265.73 366.342 cm
/Im3 Do
Q
q
1 0 0 0.456 266.69 366.342 cm
/Im3 Do
Q
q
1 0 0 0.456 267.65 366.342 cm
/Im3 Do
Q
q
1 0 0 0.456 268.61 366.342 cm
/Im3 Do
Q
q
1 0 0 0.456 269.57 366.342 cm
/Im3 Do
Q
q
1 0 0 0.456 270.53 366.342 cm
/Im3 Do
Q
q
1 0 0 0.456 271.49 366.342 cm
/Im3 Do
Q
q
1 0 0 0.456 272.45 366.342 cm
/Im3 Do
Q
q
1 0 0 0.456 273.41 366.342 cm
/Im3 Do
Q
q
1 0 0 0.456 274.37 366.342 cm
/Im3 Do
Q
q
1 0 0 0.456 275.33 366.342 cm
/Im3 Do
Q
q
1 0 0 0.456 276.29 366.342 cm
/Im3 Do
Q
q
1 0 0 0.456 277.25 366.342 cm
/Im3 Do
Q
q
1 0 0 0.456 278.21 366.342 cm
/Im3 Do
Q
q
1 0 0 0.456 279.17 366.342 cm
/Im3 Do
Q
q
1 0 0 0.456 280.13 366.342 cm
/Im3 Do
Q
q
1 0 0 0.456 281.09 366.342 cm
/Im3 Do
Q
q
1 0 0 0.456 282.05 366.342 cm
/Im3 Do
Q
q
1 0 0 0.456 283.01 366.342 cm
/Im3 Do
Q
q
1 0 0 0.456 283.97 366.342 cm
/Im3 Do
Q
q
1 0 0 0.456 284.93 366.342 cm
/Im3 Do
Q
q
1 0 0 0.456 285.89 366.342 cm
/Im3 Do
Q
q
1 0 0 0.456 286.85 366.342 cm
/Im3 Do
Q
q
1 0 0 0.456 287.81 366.342 cm
/Im3 Do
Q
q
1 0 0 0.456 288.77 366.342 cm
/Im3 Do
Q
q
1 0 0 0.456 289.73 366.342 cm
/Im3 Do
Q
q
1 0 0 0.456 290.69 366.342 cm
/Im3 Do
Q
q
1 0 0 0.456 291.65 366.342 cm
/Im3 Do
Q
q
1 0 0 0.456 292.61 366.342 cm
/Im3 Do
Q
q
1 0 0 0.456 293.57 366.342 cm
/Im3 Do
Q
q
1 0 0 0.456 294.53 366.342 cm
/Im3 Do
Q
q
1 0 0 0.456 295.49 366.342 cm
/Im3 Do
Q
q
1 0 0 0.456 296.45 366.342 cm
/Im3 Do
Q
q
1 0 0 0.456 297.41 366.342 cm
/Im3 Do
Q
q
1 0 0 0.456 298.37 366.342 cm
/Im3 Do
Q
q
1 0 0 0.456 299.33 366.342 cm
/Im3 Do
Q
q
1 0 0 0.456 300.29 366.342 cm
/Im3 Do
Q
q
1 0 0 0.456 301.25 366.342 cm
/Im3 Do
Q
q
1 0 0 0.456 302.21 366.342 cm
/Im3 Do
Q
q
1 0 0 0.456 303.17 366.342 cm
/Im3 Do
Q
q
1 0 0 0.456 304.13 366.342 cm
/Im3 Do
Q
q
1 0 0 0.456 305.09 366.342 cm
/Im3 Do
Q
q
1 0 0 0.456 306.05 366.342 cm
/Im3 Do
Q
q
1 0 0 0.456 307.01 366.342 cm
/Im3 Do
Q
q
1 0 0 0.456 307.97 366.342 cm
/Im3 Do
Q
q
1 0 0 0.456 308.93 366.342 cm
/Im3 Do
Q
q
1 0 0 0.456 309.89 366.342 cm
/Im3 Do
Q
q
1 0 0 0.456 310.85 366.342 cm
/Im3 Do
Q
q
1 0 0 0.456 311.81 366.342 cm
/Im3 Do
Q
q
1 0 0 0.456 312.77 366.342 cm
/Im3 Do
Q
q
1 0 0 0.456 313.73 366.342 cm
/Im3 Do
Q
q
1 0 0 0.456 314.69 366.342 cm
/Im3 Do
Q
q
1 0 0 0.456 315.65 366.342 cm
/Im3 Do
Q
q
1 0 0 0.456 316.61 366.342 cm
/Im3 Do
Q
q
1 0 0 0.456 317.57 366.342 cm
/Im3 Do
Q
q
1 0 0 0.456 318.53 366.342 cm
/Im3 Do
Q
q
1 0 0 0.456 319.49 366.342 cm
/Im3 Do
Q
q
1 0 0 0.456 320.45 366.342 cm
/Im3 Do
Q
q
1 0 0 0.456 321.41 366.342 cm
/Im3 Do
Q
q
1 0 0 0.456 322.37 366.342 cm
/Im3 Do
Q
q
1 0 0 0.456 323.33 366.342 cm
/Im3 Do
Q
q
1 0 0 0.456 324.29 366.342 cm
/Im3 Do
Q
q
1 0 0 0.456 325.25 366.342 cm
/Im3 Do
Q
q
1 0 0 0.456 326.21 366.342 cm
/Im3 Do
Q
q
1 0 0 0.456 327.17 366.342 cm
/Im3 Do
Q
q
1 0 0 0.456 328.13 366.342 cm
/Im3 Do
Q
q
1 0 0 0.456 329.09 366.342 cm
/Im3 Do
Q
q
1 0 0 0.456 330.05 366.342 cm
/Im3 Do
Q
q
1 0 0 0.456 331.01 366.342 cm
/Im3 Do
Q
q
1 0 0 0.456 331.97 366.342 cm
/Im3 Do
Q
q
1 0 0 0.456 332.93 366.342 cm
/Im3 Do
Q
q
1 0 0 0.456 333.89 366.342 cm
/Im3 Do
Q
q
1 0 0 0.456 334.85 366.342 cm
/Im3 Do
Q
q
1 0 0 0.456 335.81 366.342 cm
/Im3 Do
Q
q
1 0 0 0.456 336.77 366.342 cm
/Im3 Do
Q
q
1 0 0 0.456 337.73 366.342 cm
/Im3 Do
Q
q
1 0 0 0.456 338.69 366.342 cm
/Im3 Do
Q
q
1 0 0 0.456 339.65 366.342 cm
/Im3 Do
Q
q
1 0 0 0.456 340.61 366.342 cm
/Im3 Do
Q
q
1 0 0 0.456 341.57 366.342 cm
/Im3 Do
Q
q
1 0 0 0.456 342.53 366.342 cm
/Im3 Do
Q
q
1 0 0 0.456 343.49 366.342 cm
/Im3 Do
Q
q
1 0 0 0.456 344.45 366.342 cm
/Im3 Do
Q
q
1 0 0 0.456 345.41 366.342 cm
/Im3 Do
Q
q
1 0 0 0.456 346.37 366.342 cm
/Im3 Do
Q
q
1 0 0 0.456 347.33 366.342 cm
/Im3 Do
Q
q
1 0 0 0.456 348.29 366.342 cm
/Im3 Do
Q
q
1 0 0 0.456 349.25 366.342 cm
/Im3 Do
Q
q
1 0 0 0.456 350.21 366.342 cm
/Im3 Do
Q
q
1 0 0 0.456 351.17 366.342 cm
/Im3 Do
Q
q
1 0 0 0.456 352.13 366.342 cm
/Im3 Do
Q
q
1 0 0 0.456 353.09 366.342 cm
/Im3 Do
Q
q
1 0 0 0.456 354.05 366.342 cm
/Im3 Do
Q
q
1 0 0 0.456 355.01 366.342 cm
/Im3 Do
Q
q
1 0 0 0.456 355.97 366.342 cm
/Im3 Do
Q
q
1 0 0 0.456 356.93 366.342 cm
/Im3 Do
Q
q
1 0 0 0.456 357.89 366.342 cm
/Im3 Do
Q
q
1 0 0 0.456 358.85 366.342 cm
/Im3 Do
Q
q
1 0 0 0.456 359.81 366.342 cm
/Im3 Do
Q
q
1 0 0 0.456 360.77 366.342 cm
/Im3 Do
Q
q
1 0 0 0.456 361.73 366.342 cm
/Im3 Do
Q
q
1 0 0 0.456 362.69 366.342 cm
/Im3 Do
Q
q
1 0 0 0.456 363.65 366.342 cm
/Im3 Do
Q
q
1 0 0 0.456 364.61 366.342 cm
/Im3 Do
Q
q
1 0 0 0.456 365.57 366.342 cm
/Im3 Do
Q
q
1 0 0 0.456 366.53 366.342 cm
/Im3 Do
Q
q
1 0 0 0.456 367.49 366.342 cm
/Im3 Do
Q
q
1 0 0 0.456 368.45 366.342 cm
/Im3 Do
Q
q
1 0 0 0.456 369.41 366.342 cm
/Im3 Do
Q
q
1 0 0 0.456 370.37 366.342 cm
/Im3 Do
Q
q
1 0 0 0.456 371.33 366.342 cm
/Im3 Do
Q
q
1 0 0 0.456 372.29 366.342 cm
/Im3 Do
Q
q
1 0 0 0.456 373.25 366.342 cm
/Im3 Do
Q
q
1 0 0 0.456 374.21 366.342 cm
/Im3 Do
Q
q
1 0 0 0.456 375.17 366.342 cm
/Im3 Do
Q
q
1 0 0 0.456 376.13 366.342 cm
/Im3 Do
Q
q
1 0 0 0.456 377.09 366.342 cm
/Im3 Do
Q
q
1 0 0 0.456 378.05 366.342 cm
/Im3 Do
Q
q
1 0 0 0.456 379.01 366.342 cm
/Im3 Do
Q
q
1 0 0 0.456 379.97 366.342 cm
/Im3 Do
Q
q
1 0 0 0.456 380.93 366.342 cm
/Im3 Do
Q
q
1 0 0 0.456 381.89 366.342 cm
/Im3 Do
Q
q
1 0 0 0.456 382.85 366.342 cm
/Im3 Do
Q
q
1 0 0 0.456 383.81 366.342 cm
/Im3 Do
Q
q
1 0 0 0.456 384.77 366.342 cm
/Im3 Do
Q
q
1 0 0 0.456 385.73 366.342 cm
/Im3 Do
Q
q
1 0 0 0.456 386.69 366.342 cm
/Im3 Do
Q
q
1 0 0 0.456 387.65 366.342 cm
/Im3 Do
Q
q
1 0 0 0.456 388.61 366.342 cm
/Im3 Do
Q
q
1 0 0 0.456 389.57 366.342 cm
/Im3 Do
Q
q
1 0 0 0.456 390.53 366.342 cm
/Im3 Do
Q
q
1 0 0 0.456 391.49 366.342 cm
/Im3 Do
Q
q
1 0 0 0.456 392.45 366.342 cm
/Im3 Do
Q
q
1 0 0 0.456 393.41 366.342 cm
/Im3 Do
Q
q
1 0 0 0.456 394.37 366.342 cm
/Im3 Do
Q
q
1 0 0 0.456 395.33 366.342 cm
/Im3 Do
Q
q
1 0 0 0.456 396.29 366.342 cm
/Im3 Do
Q
q
1 0 0 0.456 397.25 366.342 cm
/Im3 Do
Q
q
1 0 0 0.456 398.21 366.342 cm
/Im3 Do
Q
q
1 0 0 0.456 399.17 366.342 cm
/Im3 Do
Q
q
1 0 0 0.456 400.13 366.342 cm
/Im3 Do
Q
q
1 0 0 0.456 401.09 366.342 cm
/Im3 Do
Q
q
1 0 0 0.456 402.05 366.342 cm
/Im3 Do
Q
q
1 0 0 0.456 403.01 366.342 cm
/Im3 Do
Q
q
1 0 0 0.456 403.97 366.342 cm
/Im3 Do
Q
q
1 0 0 0.456 404.93 366.342 cm
/Im3 Do
Q
q
1 0 0 0.456 405.89 366.342 cm
/Im3 Do
Q
q
1 0 0 0.456 406.85 366.342 cm
/Im3 Do
Q
q
1 0 0 0.456 407.81 366.342 cm
/Im3 Do
Q
q
1 0 0 0.456 408.77 366.342 cm
/Im3 Do
Q
q
1 0 0 0.456 409.73 366.342 cm
/Im3 Do
Q
q
1 0 0 0.456 410.69 366.342 cm
/Im3 Do
Q
q
1 0 0 0.456 411.65 366.342 cm
/Im3 Do
Q
q
1 0 0 0.456 412.61 366.342 cm
/Im3 Do
Q
q
1 0 0 0.456 413.57 366.342 cm
/Im3 Do
Q
q
1 0 0 0.456 414.53 366.342 cm
/Im3 Do
Q
q
1 0 0 0.456 415.49 366.342 cm
/Im3 Do
Q
q
1 0 0 0.456 416.45 366.342 cm
/Im3 Do
Q
q
1 0 0 0.456 417.41 366.342 cm
/Im3 Do
Q
q
1 0 0 0.456 418.37 366.342 cm
/Im3 Do
Q
q
1 0 0 0.456 419.33 366.342 cm
/Im3 Do
Q
q
1 0 0 0.456 420.29 366.342 cm
/Im3 Do
Q
q
1 0 0 0.456 421.25 366.342 cm
/Im3 Do
Q
q
1 0 0 0.456 422.21 366.342 cm
/Im3 Do
Q
q
1 0 0 0.456 423.17 366.342 cm
/Im3 Do
Q
q
1 0 0 0.456 424.13 366.342 cm
/Im3 Do
Q
q
1 0 0 0.456 425.09 366.342 cm
/Im3 Do
Q
q
1 0 0 0.456 426.05 366.342 cm
/Im3 Do
Q
q
1 0 0 0.456 427.01 366.342 cm
/Im3 Do
Q
q
1 0 0 0.456 427.97 366.342 cm
/Im3 Do
Q
q
1 0 0 0.456 428.93 366.342 cm
/Im3 Do
Q
q
1 0 0 0.456 429.89 366.342 cm
/Im3 Do
Q
q
1 0 0 0.456 430.85 366.342 cm
/Im3 Do
Q
q
1 0 0 0.456 431.81 366.342 cm
/Im3 Do
Q
q
1 0 0 0.456 432.77 366.342 cm
/Im3 Do
Q
q
1 0 0 0.456 433.73 366.342 cm
/Im3 Do
Q
q
1 0 0 0.456 434.69 366.342 cm
/Im3 Do
Q
q
1 0 0 0.456 435.65 366.342 cm
/Im3 Do
Q
q
1 0 0 0.456 436.61 366.342 cm
/Im3 Do
Q
q
1 0 0 0.456 437.57 366.342 cm
/Im3 Do
Q
q
1 0 0 0.456 438.53 366.342 cm
/Im3 Do
Q
q
1 0 0 0.456 439.49 366.342 cm
/Im3 Do
Q
q
1 0 0 0.456 440.45 366.342 cm
/Im3 Do
Q
q
1 0 0 0.456 441.41 366.342 cm
/Im3 Do
Q
q
1 0 0 0.456 442.37 366.342 cm
/Im3 Do
Q
q
1 0 0 0.456 443.33 366.342 cm
/Im3 Do
Q
q
1 0 0 0.456 444.29 366.342 cm
/Im3 Do
Q
q
1 0 0 0.456 445.25 366.342 cm
/Im3 Do
Q
q
1 0 0 0.456 446.21 366.342 cm
/Im3 Do
Q
q
1 0 0 0.456 447.17 366.342 cm
/Im3 Do
Q
q
1 0 0 0.456 448.13 366.342 cm
/Im3 Do
Q
q
1 0 0 0.456 449.09 366.342 cm
/Im3 Do
Q
q
1 0 0 0.456 450.05 366.342 cm
/Im3 Do
Q
q
1 0 0 0.456 451.01 366.342 cm
/Im3 Do
Q
q
1 0 0 0.456 451.97 366.342 cm
/Im3 Do
Q
q
1 0 0 0.456 452.93 366.342 cm
/Im3 Do
Q
q
1 0 0 0.456 453.89 366.342 cm
/Im3 Do
Q
q
1 0 0 0.456 454.85 366.342 cm
/Im3 Do
Q
q
1 0 0 0.456 455.81 366.342 cm
/Im3 Do
Q
q
1 0 0 0.456 456.77 366.342 cm
/Im3 Do
Q
q
1 0 0 0.456 457.73 366.342 cm
/Im3 Do
Q
q
0.24 0 0 0.456 458.69 366.342 cm
/Im7 Do
Q
q
1 0 0 0.456 458.21 366.342 cm
/Im3 Do
Q
q
1 0 0 0.456 458.69 366.342 cm
/Im3 Do
Q
q
1 0 0 0.456 459.65 366.342 cm
/Im3 Do
Q
q
1 0 0 0.456 460.61 366.342 cm
/Im3 Do
Q
q
1 0 0 0.456 461.57 366.342 cm
/Im3 Do
Q
q
1 0 0 0.456 462.53 366.342 cm
/Im3 Do
Q
q
1 0 0 0.456 463.49 366.342 cm
/Im3 Do
Q
q
1 0 0 0.456 464.45 366.342 cm
/Im3 Do
Q
q
1 0 0 0.456 465.41 366.342 cm
/Im3 Do
Q
q
1 0 0 0.456 466.37 366.342 cm
/Im3 Do
Q
q
1 0 0 0.456 467.33 366.342 cm
/Im3 Do
Q
q
1 0 0 0.456 468.29 366.342 cm
/Im3 Do
Q
q
1 0 0 0.456 469.25 366.342 cm
/Im3 Do
Q
q
1 0 0 0.456 470.21 366.342 cm
/Im3 Do
Q
q
1 0 0 0.456 471.17 366.342 cm
/Im3 Do
Q
q
1 0 0 0.456 472.13 366.342 cm
/Im3 Do
Q
q
1 0 0 0.456 473.09 366.342 cm
/Im3 Do
Q
q
1 0 0 0.456 474.05 366.342 cm
/Im3 Do
Q
q
1 0 0 0.456 475.01 366.342 cm
/Im3 Do
Q
q
1 0 0 0.456 475.97 366.342 cm
/Im3 Do
Q
q
1 0 0 0.456 476.93 366.342 cm
/Im3 Do
Q
q
1 0 0 0.456 477.89 366.342 cm
/Im3 Do
Q
q
1 0 0 0.456 478.85 366.342 cm
/Im3 Do
Q
q
1 0 0 0.456 479.81 366.342 cm
/Im3 Do
Q
q
1 0 0 0.456 480.77 366.342 cm
/Im3 Do
Q
q
1 0 0 0.456 481.73 366.342 cm
/Im3 Do
Q
q
1 0 0 0.456 482.69 366.342 cm
/Im3 Do
Q
q
1 0 0 0.456 483.65 366.342 cm
/Im3 Do
Q
q
1 0 0 0.456 484.61 366.342 cm
/Im3 Do
Q
q
1 0 0 0.456 485.57 366.342 cm
/Im3 Do
Q
q
1 0 0 0.456 486.53 366.342 cm
/Im3 Do
Q
q
1 0 0 0.456 487.49 366.342 cm
/Im3 Do
Q
q
1 0 0 0.456 488.45 366.342 cm
/Im3 Do
Q
q
1 0 0 0.456 489.41 366.342 cm
/Im3 Do
Q
q
1 0 0 0.456 490.37 366.342 cm
/Im3 Do
Q
q
1 0 0 0.456 491.33 366.342 cm
/Im3 Do
Q
q
1 0 0 0.456 492.29 366.342 cm
/Im3 Do
Q
q
1 0 0 0.456 493.25 366.342 cm
/Im3 Do
Q
q
1 0 0 0.456 494.21 366.342 cm
/Im3 Do
Q
q
1 0 0 0.456 495.17 366.342 cm
/Im3 Do
Q
q
1 0 0 0.456 496.13 366.342 cm
/Im3 Do
Q
q
1 0 0 0.456 497.09 366.342 cm
/Im3 Do
Q
q
1 0 0 0.456 498.05 366.342 cm
/Im3 Do
Q
q
1 0 0 0.456 499.01 366.342 cm
/Im3 Do
Q
q
1 0 0 0.456 499.97 366.342 cm
/Im3 Do
Q
q
1 0 0 0.456 500.93 366.342 cm
/Im8 Do
Q
q
1 0 0 0.456 500.93 366.342 cm
/Im3 Do
Q
q
1 0 0 0.456 501.41 366.342 cm
/Im3 Do
Q
q
1 0 0 0.456 502.37 366.342 cm
/Im3 Do
Q
q
1 0 0 0.456 503.33 366.342 cm
/Im3 Do
Q
q
1 0 0 0.456 504.29 366.342 cm
/Im3 Do
Q
q
1 0 0 0.456 505.25 366.342 cm
/Im3 Do
Q
q
1 0 0 0.456 506.21 366.342 cm
/Im3 Do
Q
q
1 0 0 0.456 507.17 366.342 cm
/Im3 Do
Q
q
1 0 0 0.456 508.1299 366.342 cm
/Im3 Do
Q
q
1 0 0 0.456 509.09 366.342 cm
/Im3 Do
Q
q
1 0 0 0.456 510.05 366.342 cm
/Im3 Do
Q
q
1 0 0 0.456 511.01 366.342 cm
/Im3 Do
Q
q
1 0 0 0.456 511.97 366.342 cm
/Im3 Do
Q
q
1 0 0 0.456 512.9299 366.342 cm
/Im3 Do
Q
q
1 0 0 0.456 513.89 366.342 cm
/Im3 Do
Q
q
1 0 0 0.456 514.85 366.342 cm
/Im3 Do
Q
q
1 0 0 0.456 515.8099 366.342 cm
/Im3 Do
Q
q
1 0 0 0.456 516.77 366.342 cm
/Im3 Do
Q
q
1 0 0 0.456 517.73 366.342 cm
/Im3 Do
Q
q
1 0 0 0.456 518.6899 366.342 cm
/Im3 Do
Q
q
1 0 0 0.456 519.65 366.342 cm
/Im3 Do
Q
q
1 0 0 0.456 520.61 366.342 cm
/Im3 Do
Q
q
1 0 0 0.456 521.57 366.342 cm
/Im3 Do
Q
q
1 0 0 0.456 522.53 366.342 cm
/Im3 Do
Q
q
1 0 0 0.456 523.4901 366.342 cm
/Im3 Do
Q
q
1 0 0 0.456 524.45 366.342 cm
/Im3 Do
Q
q
1 0 0 0.456 525.41 366.342 cm
/Im3 Do
Q
q
1 0 0 0.456 526.3699 366.342 cm
/Im3 Do
Q
q
1 0 0 0.456 527.33 366.342 cm
/Im3 Do
Q
q
1 0 0 0.456 528.29 366.342 cm
/Im3 Do
Q
q
1 0 0 0.456 529.2499 366.342 cm
/Im3 Do
Q
q
1 0 0 0.456 530.21 366.342 cm
/Im3 Do
Q
q
1 0 0 0.456 531.1699 366.342 cm
/Im3 Do
Q
q
1 0 0 0.456 532.1299 366.342 cm
/Im3 Do
Q
q
1 0 0 0.456 533.09 366.342 cm
/Im3 Do
Q
q
1 0 0 0.456 534.0499 366.342 cm
/Im3 Do
Q
q
1 0 0 0.456 535.01 366.342 cm
/Im3 Do
Q
q
1 0 0 0.456 535.97 366.342 cm
/Im3 Do
Q
q
1 0 0 0.456 536.93 366.342 cm
/Im3 Do
Q
q
1 0 0 0.456 537.89 366.342 cm
/Im3 Do
Q
q
1 0 0 0.456 538.85 366.342 cm
/Im3 Do
Q
q
1 0 0 0.456 539.8099 366.342 cm
/Im3 Do
Q
q
1 0 0 0.456 540.77 366.342 cm
/Im3 Do
Q
q
1 0 0 0.456 541.73 366.342 cm
/Im3 Do
Q
q
1 0 0 0.456 542.6899 366.342 cm
/Im3 Do
Q
q
1 0 0 0.456 543.65 366.342 cm
/Im3 Do
Q
q
1 0 0 0.456 544.61 366.342 cm
/Im3 Do
Q
q
1 0 0 0.456 545.57 366.342 cm
/Im3 Do
Q
q
1 0 0 0.456 546.53 366.342 cm
/Im3 Do
Q
q
1 0 0 0.456 547.4901 366.342 cm
/Im3 Do
Q
q
1 0 0 0.456 548.45 366.342 cm
/Im3 Do
Q
q
1 0 0 0.456 549.41 366.342 cm
/Im3 Do
Q
q
1 0 0 0.456 550.3699 366.342 cm
/Im3 Do
Q
BT
7.92 0 0 7.524 55.01 359.274 Tm
( )Tj
11.04 0 0 10.488 55.01 348.102 Tm
( )Tj
ET
Q
q
1 i 
51.65 345.138 m
51.65 145.182 l
550.85 145.182 l
550.85 345.138 l
547.73 345.138 l
547.73 195.342 l
55.01 195.342 l
55.01 345.138 l
W* n
0.898 g
51.65 345.138 499.2 -199.956 re
f
Q
q
1 i 
-1.63 25.14 595 799.9 re
W n
-1.63 25.14 595 799.9 re
W n
32.37 798.59 531.5 -762.35 re
0 841 m
W* n
-9 851 613 -860 re
0 841 m
W n
0.03 841.02 595.02 -841.02 re
W n
0.898 g
55.01 345.138 492.72 -8.664 re
f
BT
/F6 1 Tf
7.92 0 0 7.524 55.01 338.07 Tm
0 g
-0.025 Tc
0.0197 Tw
[(A r)-60.2(e)-14.5(m)-45.1(p)]TJ
3.4547 0 TD
-0.0052 Tc
-0.0001 Tw
[(lir)-40.4( pa)5.3(r)-40.4( S)-35.2(w)15.2(i)-30.2(s)5.3(s)-25(m)5(e)-25(d)-0.3(i)-30.2(c)5.3( )]TJ
ET
0.898 g
55.01 336.474 492.72 -10.944 re
f
BT
/F5 1 Tf
10.08 0 0 9.576 55.01 327.81 Tm
0 g
0 Tc
0 Tw
( )Tj
ET
0.898 g
55.01 325.53 492.72 -13.68 re
f
BT
/F6 1 Tf
10.08 0 0 9.576 55.01 317.094 Tm
0 g
-0.0083 Tc
0.016 Tw
[(DÈci)-16(si)-16(o)-16.3(n)7.5( S)15.8(w)-16(i)-16(ssmed)-16.3(i)-16(c)0.1( )]TJ
ET
0.898 g
55.01 311.85 492.72 -10.944 re
f
BT
/F5 1 Tf
10.08 0 0 9.576 55.01 303.186 Tm
0 g
0 Tc
0 Tw
(M)Tj
0.8334 0 TD
-0.0083 Tc
0.016 Tw
[(odif)-16.1(i)-24.5(c)-8.4(at)7.7(i)-24.5(on s)15.4(oum)-8.7(i)-24.5(s)15.4(e ‡ l)-24.5(í)-0.7(ob)23.8(l)-24.5(i)-24.5(gat)7.7(i)-24.5(on díannonc)-8.4(er)-8.7( n∞)-13.2(:)7.7( )23.8( )-2333.3( )]TJ
ET
276.77 302.274 0.24 -0.684 re
f
278.45 302.274 1.44 -0.684 re
f
281.33 302.274 1.44 -0.684 re
f
284.21 302.274 1.44 -0.684 re
f
287.09 302.274 1.44 -0.684 re
f
289.97 302.274 1.44 -0.684 re
f
292.85 302.274 1.44 -0.684 re
f
295.73 302.274 1.44 -0.684 re
f
298.61 302.274 1.44 -0.684 re
f
301.49 302.274 1.44 -0.684 re
f
304.37 302.274 1.44 -0.684 re
f
307.25 302.274 1.44 -0.684 re
f
310.13 302.274 1.44 -0.684 re
f
313.01 302.274 1.44 -0.684 re
f
315.89 302.274 1.44 -0.684 re
f
318.77 302.274 1.44 -0.684 re
f
321.65 302.274 1.44 -0.684 re
f
324.53 302.274 1.44 -0.684 re
f
327.41 302.274 1.44 -0.684 re
f
330.29 302.274 1.44 -0.684 re
f
333.17 302.274 1.44 -0.684 re
f
336.05 302.274 1.44 -0.684 re
f
BT
10.08 0 2.1426 9.576 338.69 303.186 Tm
0 Tc
0 Tw
( )Tj
ET
0.898 g
55.01 300.906 492.72 -10.944 re
f
BT
10.08 0 0 9.576 55.01 292.242 Tm
0 g
(M)Tj
0.8333 0 TD
-0.0083 Tc
0.016 Tw
[(odif)-16(i)-24.4(c)-8.3(at)7.8(i)-24.4(on ac)-8.3(c)-8.3(ept)-16(Èe)23.9( )23.8( )-404.8( )]TJ
ET
q
1.026 0 0 0.9747 0 0 cm
0 G
1 J 0 j 0.702 w 10 M []0 d
192.801 299.132 8.889 8.889 re
S
Q
BT
10.08 0 0 9.576 208.37 292.242 Tm
0.0077 Tc
0 Tw
(   )Tj
ET
0.898 g
55.01 289.962 492.72 -10.944 re
f
BT
10.08 0 0 9.576 55.01 281.298 Tm
0 g
0 Tc
(M)Tj
0.8333 0 TD
-0.0083 Tc
0.016 Tw
[(odif)-16(i)-24.4(c)-8.3(at)7.8(i)-24.4(on r)-8.6(e)23.9(f)-39.8(u)0.1(s)15.5(Èe )-690.5( )-404.8( )]TJ
ET
q
1.026 0 0 0.9747 0 0 cm
0 G
1 J 0 j 0.702 w 10 M []0 d
192.801 287.904 8.889 8.889 re
S
Q
BT
10.08 0 0 9.576 208.37 281.298 Tm
0 Tc
0 Tw
( )Tj
0.2857 0 TD
( )Tj
0.2857 0 TD
0.0004 Tc
(\(c)Tj
0.8097 0 TD
0.0078 Tc
(f. )Tj
0.8335 0 TD
0.0004 Tc
(re)Tj
0.8573 0 TD
0.0242 Tc
(ma)Tj
1.4049 0 TD
(r)Tj
0.3334 0 TD
-0.0083 Tc
[(ques)15.4(\))-8.7( )]TJ
ET
0.898 g
55.01 279.018 492.72 -10.944 re
f
BT
10.08 0 0 9.576 55.01 270.354 Tm
0 g
0.016 Tw
[(Dos)-8.3(s)15.5(i)-24.4(er)-8.6( i)-24.4(n)0.1(c)-8.3(o)23.9(m)-32.4(p)23.9(l)-24.4(e)0.1(t)7.8( )-1690.5( )-404.8( )-3238.1(1Ër)-8.6(e È)23.9(v)-55.9(a)23.9(l)-24.4(uat)-16(i)-24.4(o)0.1(n)23.9(   )]TJ
ET
q
1.026 0 0 0.9747 0 0 cm
0 G
1 J 0 j 0.702 w 10 M []0 d
267.657 276.676 8.889 8.889 re
S
Q
BT
10.08 0 0 9.576 285.17 270.354 Tm
0 Tc
0 Tw
( )Tj
0.2857 0 TD
-0.016 Tc
(; )Tj
0.5477 0 TD
-0.0083 Tc
0.016 Tw
[(2e È)23.8(v)-32.2(al)-24.5(uat)7.7(i)-24.5(on )23.8(  )]TJ
ET
q
1.026 0 0 0.9747 0 0 cm
0 G
1 J 0 j 0.702 w 10 M []0 d
353.039 276.676 8.889 8.889 re
S
Q
BT
10.08 0 0 9.576 372.77 270.354 Tm
0 Tc
0 Tw
( )Tj
0.2857 0 TD
( )Tj
0.2857 0 TD
0.0004 Tc
(\(c)Tj
0.8097 0 TD
0.0078 Tc
(f.)Tj
0.5478 0 TD
( )Tj
0.2857 0 TD
0.0004 Tc
(re)Tj
0.8573 0 TD
0.0242 Tc
(ma)Tj
1.4049 0 TD
(r)Tj
0.3334 0 TD
-0.0083 Tc
[(ques)15.4(\))-8.7( )]TJ
ET
0.898 g
55.01 268.074 492.72 -10.944 re
f
BT
10.08 0 0 9.576 55.01 259.41 Tm
0 g
0 Tc
( )Tj
ET
0.898 g
55.01 257.13 492.72 -10.944 re
f
BT
10.08 0 0 9.576 55.01 248.466 Tm
0 g
-0.0083 Tc
0.2779 Tw
[(Dat)-16(e:)-16( )261.9(      )-3904.8( )-142.9( )-2976.2(S)-8(i)-24.4(gnat)-16(ur)-8.6(e:)-16( )]TJ
ET
0.898 g
55.01 246.186 492.72 -10.944 re
f
BT
10.08 0 0 9.576 55.01 237.522 Tm
0 g
0 Tc
0 Tw
( )Tj
ET
0.898 g
55.01 235.242 492.72 -10.944 re
f
BT
10.08 0 0 9.576 55.01 226.578 Tm
0 g
( )Tj
ET
0.898 g
55.01 224.298 492.72 -13.68 re
f
BT
/F6 1 Tf
10.08 0 0 9.576 55.01 215.862 Tm
0 g
-0.0082 Tc
[(Remarq)-16.2(u)-16.2(es )]TJ
ET
0.898 g
55.01 210.618 492.72 -10.944 re
f
BT
/F5 1 Tf
10.08 0 2.1426 9.576 55.01 202.182 Tm
0 g
0.2696 Tc
(      )Tj
ET
0.898 g
55.01 199.674 492.72 -4.332 re
f
BT
4.08 0 0 3.876 55.01 196.254 Tm
0 g
0 Tc
( )Tj
ET
51.17 345.594 500.16 -0.456 re
f
51.17 345.138 0.48 -199.956 re
f
550.85 345.138 0.48 -199.956 re
f
Q
q
1 i 
51.65 128.766 499.2 16.416 re
55.01 132.642 492.72 8.664 re
W* n
0.898 g
51.65 145.182 499.2 -16.416 re
f
Q
q
1 i 
-1.63 25.14 595 799.9 re
W n
-1.63 25.14 595 799.9 re
W n
32.37 798.59 531.5 -762.35 re
0 841 m
W* n
-9 851 613 -860 re
0 841 m
W n
0.03 841.02 595.02 -841.02 re
W n
0.898 g
55.01 141.306 492.72 -8.664 re
f
BT
7.92 0 1.6835 7.524 55.01 134.466 Tm
0 g
-0.0105 Tc
0.0052 Tw
[(Les)-25.7( )-30.3(Èm)-26(o)-30.3(l)-0.6(u)-30.3(m)4.3(e)-30.3(n)0(t)-5.2(s)-25.7( s)-25.7(o)-30.3(n f)-35.5(i)29.7(x)-56(È)0(s)-25.7( ‡ )-30.3(F)-5.6(r)-10.8(.)-5.2( )-30.3(50)-30.3(0.)-5.2(-)-41.1( et)-35.5( f)-5.2(a)0(c)-25.7(t)-35.5(ur)-41.1(Ès)-25.7( ‡ )-30.3(par)-41.1(t)-5.2(.)-5.2( U)-46.1(n)0(e)-30.3( d)-30.3(È)0(c)-56(i)29.7(s)-56(i)29.7(o)-30.3(n)-30.3( s)-25.7(u)0(s)-25.6(c)-25.7(ept)-35.5(ib)-30.3(le )-30.3(de)-30.3( r)-10.8(e)0(c)-25.7(o)-30.3(ur)-10.8(s)-25.6( s)-25.7(e)0(r)-41.1(a)0( )-30.3(Èt)-5.2(a)-30.3(b)-30.3(lie)-30.3( s)-25.7(u)0(r)-10.8( )-30.3(de)-30.3(ma)-30.3(n)-30.3(de.)-5.2( )]TJ
ET
51.17 145.182 0.48 -16.872 re
f
51.65 128.766 499.2 -0.456 re
f
550.85 145.182 0.48 -16.872 re
f
BT
7.92 0 0 7.524 55.01 121.242 Tm
0 Tc
0 Tw
( )Tj
0 -1.1515 TD
0.0254 Tc
[(Fo)66.3(r)-5.2(m)40.2(u)5.6(l)]TJ
3.1515 0 TD
-0.0104 Tc
0.0354 Tw
[(air)-41(e ‡)30.4( )30.3(r)-41(e)0.1(m)-25.9(e)0.1(t)-35.4(t)-5.1(r)-41(e)0.1( en d)-30.2(oub)-30.2(l)-30.8(e)30.4( e)-30.2(x)4.8(em)-25.9(p)-30.2(l)-30.8(air)-41(e)]TJ
11.04 0 0 10.488 210.29 112.578 Tm
0 Tc
0 Tw
( )Tj
ET
Q
q
1 i 
-9 851 613 -860 re
0 841 m
W n
0.03 841.02 595.02 -841.02 re
W n
/Cs5 cs 1 1 1 sc
51.33 700.51 310.09 -12.32 re
f
BT
/F4 1 Tf
12.5 0 0 12.5 34.4488 811.7822 Tm
0.161 0.145 0.149 sc
-0.0001 Tc
(Réglementation)Tj
ET
/Cs5 CS 0.161 0.145 0.149 SC
0 J 0 j 0.3 w 10 M []0 d
28.35 805.15 m
552.76 805.15 l
S
Q
q
1 i 
35.43 850.5 198.43 -24.09 re
124.041 811.782 m
W* n
-9 851 613 -860 re
0 841 m
W n
0.03 841.02 595.02 -841.02 re
W n
q
2.7718 0 0 -0.3608 0 0 cm
/Cs5 CS 0.502 0.51 0.518 SC
0 J 0 j 0.5 w 10 M []0 d
12.655 -2360.21 m
12.655 -2287.903 l
S
0.506 0.514 0.522 SC
13.121 -2360.21 m
13.121 -2287.903 l
S
0.51 0.514 0.525 SC
13.588 -2360.21 m
13.588 -2287.903 l
S
0.51 0.518 0.529 SC
14.054 -2360.21 m
14.054 -2287.903 l
S
0.514 0.522 0.529 SC
14.521 -2360.21 m
14.521 -2287.903 l
S
0.518 0.525 0.533 SC
14.987 -2360.21 m
14.987 -2287.903 l
S
0.518 0.525 0.537 SC
15.454 -2360.21 m
15.454 -2287.903 l
S
0.522 0.529 0.541 SC
15.92 -2360.21 m
15.92 -2287.903 l
S
0.525 0.533 0.541 SC
16.387 -2360.21 m
16.387 -2287.903 l
S
0.529 0.533 0.545 SC
16.853 -2360.21 m
16.853 -2287.903 l
S
0.529 0.537 0.549 SC
17.32 -2360.21 m
17.32 -2287.903 l
S
0.533 0.541 0.553 SC
17.786 -2360.21 m
17.786 -2287.903 l
S
0.537 0.545 0.553 SC
18.253 -2360.21 m
18.253 -2287.903 l
S
0.537 0.545 0.557 SC
18.719 -2360.21 m
18.719 -2287.903 l
S
0.541 0.549 0.561 SC
19.186 -2360.21 m
19.186 -2287.903 l
S
0.545 0.553 0.565 SC
19.652 -2360.21 m
19.652 -2287.903 l
S
0.549 0.557 0.565 SC
20.119 -2360.21 m
20.119 -2287.903 l
S
0.549 0.557 0.569 SC
20.585 -2360.21 m
20.585 -2287.903 l
S
0.553 0.561 0.573 SC
21.052 -2360.21 m
21.052 -2287.903 l
S
0.557 0.565 0.576 SC
21.518 -2360.21 m
21.518 -2287.903 l
S
0.561 0.569 0.576 SC
21.985 -2360.21 m
21.985 -2287.903 l
S
0.561 0.569 0.58 SC
22.451 -2360.21 m
22.451 -2287.903 l
S
0.565 0.573 0.584 SC
22.918 -2360.21 m
22.918 -2287.903 l
S
0.569 0.576 0.588 SC
23.384 -2360.21 m
23.384 -2287.903 l
S
0.573 0.58 0.588 SC
23.851 -2360.21 m
23.851 -2287.903 l
S
0.573 0.58 0.592 SC
24.317 -2360.21 m
24.317 -2287.903 l
S
0.576 0.584 0.596 SC
24.784 -2360.21 m
24.784 -2287.903 l
S
0.58 0.588 0.596 SC
25.25 -2360.21 m
25.25 -2287.903 l
S
0.584 0.592 0.6 SC
25.717 -2360.21 m
25.717 -2287.903 l
S
0.584 0.592 0.604 SC
26.183 -2360.21 m
26.183 -2287.903 l
S
0.588 0.596 0.608 SC
26.65 -2360.21 m
26.65 -2287.903 l
S
0.592 0.6 0.608 SC
27.116 -2360.21 m
27.116 -2287.903 l
S
0.596 0.604 0.612 SC
27.583 -2360.21 m
27.583 -2287.903 l
S
0.596 0.604 0.616 SC
28.049 -2360.21 m
28.049 -2287.903 l
S
0.6 0.608 0.62 SC
28.516 -2360.21 m
28.516 -2287.903 l
S
0.604 0.612 0.624 SC
28.982 -2360.21 m
28.982 -2287.903 l
S
0.608 0.616 0.624 SC
29.449 -2360.21 m
29.449 -2287.903 l
S
0.608 0.616 0.627 SC
29.915 -2360.21 m
29.915 -2287.903 l
S
0.612 0.62 0.631 SC
30.382 -2360.21 m
30.382 -2287.903 l
S
0.616 0.624 0.635 SC
30.848 -2360.21 m
30.848 -2287.903 l
S
0.62 0.627 0.635 SC
31.315 -2360.21 m
31.315 -2287.903 l
S
0.62 0.631 0.639 SC
31.781 -2360.21 m
31.781 -2287.903 l
S
0.624 0.631 0.643 SC
32.248 -2360.21 m
32.248 -2287.903 l
S
0.627 0.635 0.647 SC
32.714 -2360.21 m
32.714 -2287.903 l
S
0.631 0.639 0.647 SC
33.181 -2360.21 m
33.181 -2287.903 l
S
0.635 0.643 0.651 SC
33.647 -2360.21 m
33.647 -2287.903 l
S
0.635 0.643 0.655 SC
34.113 -2360.21 m
34.113 -2287.903 l
S
0.639 0.647 0.659 SC
34.58 -2360.21 m
34.58 -2287.903 l
S
0.643 0.651 0.663 SC
35.046 -2360.21 m
35.046 -2287.903 l
S
0.647 0.655 0.663 SC
35.513 -2360.21 m
35.513 -2287.903 l
S
0.651 0.659 0.667 SC
35.979 -2360.21 m
35.979 -2287.903 l
S
0.651 0.659 0.671 SC
36.446 -2360.21 m
36.446 -2287.903 l
S
0.655 0.663 0.675 SC
36.912 -2360.21 m
36.912 -2287.903 l
S
0.659 0.667 0.678 SC
37.379 -2360.21 m
37.379 -2287.903 l
S
0.663 0.671 0.678 SC
37.845 -2360.21 m
37.845 -2287.903 l
S
0.663 0.675 0.682 SC
38.312 -2360.21 m
38.312 -2287.903 l
S
0.667 0.675 0.686 SC
38.778 -2360.21 m
38.778 -2287.903 l
S
0.671 0.678 0.69 SC
39.245 -2360.21 m
39.245 -2287.903 l
S
0.675 0.682 0.69 SC
39.711 -2360.21 m
39.711 -2287.903 l
S
0.678 0.686 0.694 SC
40.178 -2360.21 m
40.178 -2287.903 l
S
0.682 0.69 0.698 SC
40.644 -2360.21 m
40.644 -2287.903 l
S
0.682 0.69 0.702 SC
41.111 -2360.21 m
41.111 -2287.903 l
S
0.686 0.694 0.706 SC
41.577 -2360.21 m
41.577 -2287.903 l
S
0.69 0.698 0.706 SC
42.044 -2360.21 m
42.044 -2287.903 l
S
0.694 0.702 0.71 SC
42.51 -2360.21 m
42.51 -2287.903 l
S
0.698 0.706 0.714 SC
42.977 -2360.21 m
42.977 -2287.903 l
S
0.698 0.706 0.718 SC
43.443 -2360.21 m
43.443 -2287.903 l
S
0.702 0.71 0.722 SC
43.91 -2360.21 m
43.91 -2287.903 l
S
0.706 0.714 0.722 SC
44.376 -2360.21 m
44.376 -2287.903 l
S
0.71 0.718 0.725 SC
44.843 -2360.21 m
44.843 -2287.903 l
S
0.714 0.722 0.729 SC
45.309 -2360.21 m
45.309 -2287.903 l
S
0.714 0.722 0.733 SC
45.776 -2360.21 m
45.776 -2287.903 l
S
0.718 0.725 0.737 SC
46.242 -2360.21 m
46.242 -2287.903 l
S
0.722 0.729 0.737 SC
46.709 -2360.21 m
46.709 -2287.903 l
S
0.725 0.733 0.741 SC
47.175 -2360.21 m
47.175 -2287.903 l
S
0.729 0.737 0.745 SC
47.642 -2360.21 m
47.642 -2287.903 l
S
0.733 0.741 0.749 SC
48.108 -2360.21 m
48.108 -2287.903 l
S
0.733 0.741 0.753 SC
48.575 -2360.21 m
48.575 -2287.903 l
49.041 -2360.21 m
49.041 -2287.903 l
S
0.737 0.745 0.753 SC
49.508 -2360.21 m
49.508 -2287.903 l
S
0.741 0.749 0.757 SC
49.974 -2360.21 m
49.974 -2287.903 l
S
0.745 0.753 0.761 SC
50.441 -2360.21 m
50.441 -2287.903 l
S
0.749 0.757 0.765 SC
50.907 -2360.21 m
50.907 -2287.903 l
S
0.753 0.761 0.769 SC
51.374 -2360.21 m
51.374 -2287.903 l
51.84 -2360.21 m
51.84 -2287.903 l
S
0.757 0.765 0.773 SC
52.307 -2360.21 m
52.307 -2287.903 l
S
0.761 0.769 0.776 SC
52.773 -2360.21 m
52.773 -2287.903 l
S
0.765 0.773 0.78 SC
53.24 -2360.21 m
53.24 -2287.903 l
S
0.769 0.776 0.784 SC
53.706 -2360.21 m
53.706 -2287.903 l
S
0.773 0.776 0.784 SC
54.173 -2360.21 m
54.173 -2287.903 l
S
0.776 0.78 0.788 SC
54.639 -2360.21 m
54.639 -2287.903 l
S
0.776 0.784 0.792 SC
55.106 -2360.21 m
55.106 -2287.903 l
S
0.78 0.788 0.796 SC
55.572 -2360.21 m
55.572 -2287.903 l
S
0.784 0.792 0.8 SC
56.039 -2360.21 m
56.039 -2287.903 l
S
0.788 0.796 0.8 SC
56.505 -2360.21 m
56.505 -2287.903 l
S
0.792 0.796 0.804 SC
56.972 -2360.21 m
56.972 -2287.903 l
S
0.796 0.8 0.808 SC
57.438 -2360.21 m
57.438 -2287.903 l
S
0.796 0.804 0.812 SC
57.905 -2360.21 m
57.905 -2287.903 l
S
0.8 0.808 0.816 SC
58.371 -2360.21 m
58.371 -2287.903 l
S
0.804 0.812 0.816 SC
58.838 -2360.21 m
58.838 -2287.903 l
S
0.808 0.812 0.82 SC
59.304 -2360.21 m
59.304 -2287.903 l
S
0.812 0.816 0.824 SC
59.771 -2360.21 m
59.771 -2287.903 l
S
0.816 0.82 0.827 SC
60.237 -2360.21 m
60.237 -2287.903 l
S
0.816 0.824 0.831 SC
60.704 -2360.21 m
60.704 -2287.903 l
S
0.82 0.827 0.831 SC
61.17 -2360.21 m
61.17 -2287.903 l
S
0.824 0.831 0.835 SC
61.637 -2360.21 m
61.637 -2287.903 l
S
0.827 0.831 0.839 SC
62.103 -2360.21 m
62.103 -2287.903 l
S
0.831 0.835 0.843 SC
62.57 -2360.21 m
62.57 -2287.903 l
S
0.835 0.839 0.843 SC
63.036 -2360.21 m
63.036 -2287.903 l
S
0.835 0.843 0.847 SC
63.503 -2360.21 m
63.503 -2287.903 l
S
0.839 0.847 0.851 SC
63.969 -2360.21 m
63.969 -2287.903 l
S
0.843 0.847 0.855 SC
64.436 -2360.21 m
64.436 -2287.903 l
S
0.847 0.851 0.859 SC
64.902 -2360.21 m
64.902 -2287.903 l
S
0.851 0.855 0.859 SC
65.369 -2360.21 m
65.369 -2287.903 l
S
0.855 0.859 0.863 SC
65.835 -2360.21 m
65.835 -2287.903 l
S
0.855 0.863 0.867 SC
66.302 -2360.21 m
66.302 -2287.903 l
S
0.859 0.863 0.871 SC
66.768 -2360.21 m
66.768 -2287.903 l
S
0.863 0.867 0.875 SC
67.235 -2360.21 m
67.235 -2287.903 l
S
0.867 0.871 0.875 SC
67.701 -2360.21 m
67.701 -2287.903 l
S
0.871 0.875 0.878 SC
68.168 -2360.21 m
68.168 -2287.903 l
S
0.875 0.878 0.882 SC
68.634 -2360.21 m
68.634 -2287.903 l
S
0.875 0.882 0.886 SC
69.101 -2360.21 m
69.101 -2287.903 l
S
0.878 0.882 0.89 SC
69.567 -2360.21 m
69.567 -2287.903 l
S
0.882 0.886 0.89 SC
70.034 -2360.21 m
70.034 -2287.903 l
S
0.886 0.89 0.894 SC
70.5 -2360.21 m
70.5 -2287.903 l
S
0.89 0.894 0.898 SC
70.967 -2360.21 m
70.967 -2287.903 l
S
0.894 0.898 0.902 SC
71.433 -2360.21 m
71.433 -2287.903 l
S
0.898 0.898 0.902 SC
71.9 -2360.21 m
71.9 -2287.903 l
S
0.898 0.902 0.906 SC
72.366 -2360.21 m
72.366 -2287.903 l
S
0.902 0.906 0.91 SC
72.833 -2360.21 m
72.833 -2287.903 l
S
0.906 0.91 0.914 SC
73.299 -2360.21 m
73.299 -2287.903 l
S
0.91 0.914 0.918 SC
73.766 -2360.21 m
73.766 -2287.903 l
S
0.914 0.918 0.922 SC
74.232 -2360.21 m
74.232 -2287.903 l
S
0.918 0.922 0.922 SC
74.699 -2360.21 m
74.699 -2287.903 l
S
0.922 0.922 0.925 SC
75.165 -2360.21 m
75.165 -2287.903 l
S
0.922 0.925 0.929 SC
75.632 -2360.21 m
75.632 -2287.903 l
S
0.925 0.929 0.933 SC
76.098 -2360.21 m
76.098 -2287.903 l
S
0.929 0.933 0.933 SC
76.565 -2360.21 m
76.565 -2287.903 l
S
0.933 0.937 0.937 SC
77.031 -2360.21 m
77.031 -2287.903 l
S
0.937 0.937 0.941 SC
77.498 -2360.21 m
77.498 -2287.903 l
S
0.941 0.941 0.945 SC
77.964 -2360.21 m
77.964 -2287.903 l
S
0.945 0.945 0.949 SC
78.431 -2360.21 m
78.431 -2287.903 l
S
0.945 0.949 0.949 SC
78.897 -2360.21 m
78.897 -2287.903 l
S
0.949 0.953 0.953 SC
79.364 -2360.21 m
79.364 -2287.903 l
S
0.953 0.957 0.957 SC
79.83 -2360.21 m
79.83 -2287.903 l
S
0.957 0.957 0.961 SC
80.297 -2360.21 m
80.297 -2287.903 l
S
0.961 0.961 0.965 SC
80.763 -2360.21 m
80.763 -2287.903 l
S
0.965 0.965 0.969 SC
81.23 -2360.21 m
81.23 -2287.903 l
S
0.969 0.969 0.969 SC
81.696 -2360.21 m
81.696 -2287.903 l
S
0.973 0.973 0.973 SC
82.163 -2360.21 m
82.163 -2287.903 l
S
0.976 0.976 0.976 SC
82.629 -2360.21 m
82.629 -2287.903 l
S
0.98 0.98 0.984 SC
83.096 -2360.21 m
83.096 -2287.903 l
S
0.988 0.988 0.988 SC
83.562 -2360.21 m
83.562 -2287.903 l
S
0.992 0.992 0.992 SC
84.029 -2360.21 m
84.029 -2287.903 l
S
1 1 1 SC
84.495 -2360.21 m
84.495 -2287.903 l
S
Q
Q
q
1 i 
-9 851 613 -860 re
0 841 m
W n
0.03 841.02 595.02 -841.02 re
W n
/Cs5 cs 0.161 0.145 0.149 sc
0.03 841.02 35.4 -6.11 re
f
/Cs5 CS 0.161 0.145 0.149 SC
0 J 0 j 0.3 w 10 M []0 d
28.347 841.076 m
28.347 805.006 l
S
286.3 22.8 22.68 -22.8 re
f
BT
/F3 1 Tf
10 0 0 10 289.2992 7.7671 Tm
1 1 1 sc
-0.0002 Tc
(630)Tj
/F2 1 Tf
7 0 0 7 35.4331 17.5374 Tm
0.161 0.145 0.149 sc
-0.0001 Tc
-0.0306 Tw
[(Swissmedic Jour)-17.9(nal)-1111.9(9/2002)]TJ
ET
Q
q
1 i 
31.65 86.61 524.41 -13.96 re
121.683 17.537 m
W* n
-9 851 613 -860 re
0 841 m
W n
0.03 841.02 595.02 -841.02 re
W n
q
526.0001 0 0 15.276 31.05 71.9299 cm
/Im6 Do
Q
Q
q
1 i 
-9 851 613 -860 re
0 841 m
W n
0.03 841.02 595.02 -841.02 re
W n
/Cs5 cs 1 1 1 sc
172.2 719.29 m
212.76 721.06 l
221.64 719.42 l
220.28 707.54 l
172.34 707.54 l
172.2 719.29 l
f*
BT
/F1 1 Tf
10 0 0 10 54.6571 690.3944 Tm
0.161 0.145 0.149 sc
-0.0167 Tc
-0.0305 Tw
[(B3.1.128)-1136.2(Formulaire ´Renseignements concernant les fabricantsª)]TJ
ET
1 1 1 sc
153.37 89.63 m
178.5 89.4 l
180.75 85.5 l
174.25 80 l
159.62 80 l
153.37 89.63 l
f*
Q
q
1 i 
0 752 595.28 -692.36 re
W* n
-9 851 613 -860 re
0 841 m
W n
0.03 841.02 595.02 -841.02 re
W n
q
595.0001 0 0 693.6 0 59.04 cm
/Im9 Do
Q
Q

"\340 l\222obligation d\222annoncer n\260:    \n"
"\340 Fr. 500.- et factur\351s \340 part. Une d\351cision susceptible de recours sera \351tablie sur demande. \n"
"\340 remettre en double exemplaire\n"
q
1 i 
-9 851 613 -860 re
0 841 m
W n
0.03 841.02 595.02 -841.02 re
W n
BT
/F4 1 Tf
12.5 0 0 12.5 285.8058 811.7825 Tm
0 0 0 1 k
/GS1 gs
-0.0001 Tc
-0.0286 Tw
[(Arzneimittel Statistik)-130(/)-129.9(M)0.1(édicaments miscellanées)]TJ
ET
0 0 0 1 K
0 J 0 j 0.3 w 10 M []0 d
42.8 805.15 m
567.2 805.15 l
S
Q
q
1 i 
361.69 850.5 198.43 -24.09 re
560.097 811.782 m
W* n
-9 851 613 -860 re
0 841 m
W n
0.03 841.02 595.02 -841.02 re
W n
q
2.7718 0 0 -0.3608 0 0 cm
0 0 0 0 K
0 J 0 j 0.5 w 10 M []0 d
/GS1 gs
130.36 -2360.21 m
130.36 -2287.903 l
S
0 0 0 0.004 K
130.827 -2360.21 m
130.827 -2287.903 l
S
0 0 0 0.008 K
131.293 -2360.21 m
131.293 -2287.903 l
S
0 0 0 0.012 K
131.76 -2360.21 m
131.76 -2287.903 l
S
0 0 0 0.016 K
132.226 -2360.21 m
132.226 -2287.903 l
S
0 0 0 0.02 K
132.693 -2360.21 m
132.693 -2287.903 l
S
0 0 0 0.023 K
133.159 -2360.21 m
133.159 -2287.903 l
S
0 0 0 0.027 K
133.626 -2360.21 m
133.626 -2287.903 l
S
0 0 0 0.031 K
134.092 -2360.21 m
134.092 -2287.903 l
S
0 0 0 0.035 K
134.559 -2360.21 m
134.559 -2287.903 l
S
0 0 0 0.039 K
135.025 -2360.21 m
135.025 -2287.903 l
S
0 0 0 0.043 K
135.492 -2360.21 m
135.492 -2287.903 l
S
0 0 0 0.047 K
135.958 -2360.21 m
135.958 -2287.903 l
S
0 0 0 0.051 K
136.425 -2360.21 m
136.425 -2287.903 l
S
0 0 0 0.055 K
136.891 -2360.21 m
136.891 -2287.903 l
S
0 0 0 0.058 K
137.358 -2360.21 m
137.358 -2287.903 l
S
0 0 0 0.062 K
137.824 -2360.21 m
137.824 -2287.903 l
S
0 0 0 0.066 K
138.291 -2360.21 m
138.291 -2287.903 l
S
0 0 0 0.07 K
138.757 -2360.21 m
138.757 -2287.903 l
S
0 0 0 0.074 K
139.224 -2360.21 m
139.224 -2287.903 l
S
0 0 0 0.078 K
139.69 -2360.21 m
139.69 -2287.903 l
S
0 0 0 0.082 K
140.157 -2360.21 m
140.157 -2287.903 l
S
0 0 0 0.086 K
140.623 -2360.21 m
140.623 -2287.903 l
S
0 0 0 0.09 K
141.09 -2360.21 m
141.09 -2287.903 l
S
0 0 0 0.094 K
141.556 -2360.21 m
141.556 -2287.903 l
S
0 0 0 0.097 K
142.023 -2360.21 m
142.023 -2287.903 l
S
0 0 0 0.101 K
142.489 -2360.21 m
142.489 -2287.903 l
S
0 0 0 0.105 K
142.956 -2360.21 m
142.956 -2287.903 l
S
0 0 0 0.109 K
143.422 -2360.21 m
143.422 -2287.903 l

S
0 0 0 0.113 K
143.889 -2360.21 m
143.889 -2287.903 l
S
0 0 0 0.117 K
144.355 -2360.21 m
144.355 -2287.903 l
S
0 0 0 0.121 K
144.822 -2360.21 m
144.822 -2287.903 l
S
0 0 0 0.125 K
145.288 -2360.21 m
145.288 -2287.903 l
S
0 0 0 0.129 K
145.755 -2360.21 m
145.755 -2287.903 l
S
0 0 0 0.132 K
146.221 -2360.21 m
146.221 -2287.903 l
S
0 0 0 0.136 K
146.688 -2360.21 m
146.688 -2287.903 l
S
0 0 0 0.14 K
147.154 -2360.21 m
147.154 -2287.903 l
S
0 0 0 0.144 K
147.621 -2360.21 m
147.621 -2287.903 l
S
0 0 0 0.148 K
148.087 -2360.21 m
148.087 -2287.903 l
S
0 0 0 0.152 K
148.554 -2360.21 m
148.554 -2287.903 l
S
0 0 0 0.156 K
149.02 -2360.21 m
149.02 -2287.903 l
S
0 0 0 0.16 K
149.487 -2360.21 m
149.487 -2287.903 l
S
0 0 0 0.164 K
149.953 -2360.21 m
149.953 -2287.903 l
S
0 0 0 0.168 K
150.42 -2360.21 m
150.42 -2287.903 l
S
0 0 0 0.171 K
150.886 -2360.21 m
150.886 -2287.903 l
S
0 0 0 0.175 K
151.353 -2360.21 m
151.353 -2287.903 l
S
0 0 0 0.179 K
151.819 -2360.21 m
151.819 -2287.903 l
S
0 0 0 0.183 K
152.286 -2360.21 m
152.286 -2287.903 l
S
0 0 0 0.187 K
152.752 -2360.21 m
152.752 -2287.903 l
S
0 0 0 0.191 K
153.219 -2360.21 m
153.219 -2287.903 l
S
0 0 0 0.195 K
153.685 -2360.21 m
153.685 -2287.903 l
S
0 0 0 0.199 K
154.152 -2360.21 m
154.152 -2287.903 l
S
0 0 0 0.203 K
154.618 -2360.21 m
154.618 -2287.903 l
S
0 0 0 0.206 K
155.085 -2360.21 m
155.085 -2287.903 l
S
0 0 0 0.21 K
155.551 -2360.21 m
155.551 -2287.903 l
S
0 0 0 0.214 K
156.018 -2360.21 m
156.018 -2287.903 l
S
0 0 0 0.218 K
156.484 -2360.21 m
156.484 -2287.903 l
S
0 0 0 0.222 K
156.951 -2360.21 m
156.951 -2287.903 l
S
0 0 0 0.226 K
157.417 -2360.21 m
157.417 -2287.903 l
S
0 0 0 0.23 K
157.884 -2360.21 m
157.884 -2287.903 l
S
0 0 0 0.234 K
158.35 -2360.21 m
158.35 -2287.903 l
S
0 0 0 0.238 K
158.817 -2360.21 m
158.817 -2287.903 l
S
0 0 0 0.242 K
159.283 -2360.21 m
159.283 -2287.903 l
S
0 0 0 0.245 K
159.75 -2360.21 m
159.75 -2287.903 l
S
0 0 0 0.249 K
160.216 -2360.21 m
160.216 -2287.903 l
S
0 0 0 0.253 K
160.683 -2360.21 m
160.683 -2287.903 l
S
0 0 0 0.257 K
161.149 -2360.21 m
161.149 -2287.903 l

S
0 0 0 0.261 K
161.616 -2360.21 m
161.616 -2287.903 l
S
0 0 0 0.265 K
162.082 -2360.21 m
162.082 -2287.903 l
S
0 0 0 0.269 K
162.549 -2360.21 m
162.549 -2287.903 l
S
0 0 0 0.273 K
163.015 -2360.21 m
163.015 -2287.903 l
S
0 0 0 0.277 K
163.482 -2360.21 m
163.482 -2287.903 l
S
0 0 0 0.281 K
163.948 -2360.21 m
163.948 -2287.903 l
S
0 0 0 0.284 K
164.415 -2360.21 m
164.415 -2287.903 l
S
0 0 0 0.288 K
164.881 -2360.21 m
164.881 -2287.903 l
S
0 0 0 0.292 K
165.348 -2360.21 m
165.348 -2287.903 l
S
0 0 0 0.296 K
165.814 -2360.21 m
165.814 -2287.903 l
S
0 0 0 0.3 K
166.281 -2360.21 m
166.281 -2287.903 l
S
0 0 0 0.304 K
166.747 -2360.21 m
166.747 -2287.903 l
S
0 0 0 0.308 K
167.214 -2360.21 m
167.214 -2287.903 l
S
0 0 0 0.312 K
167.68 -2360.21 m
167.68 -2287.903 l
S
0 0 0 0.316 K
168.147 -2360.21 m
168.147 -2287.903 l
S
0 0 0 0.319 K
168.613 -2360.21 m
168.613 -2287.903 l
S
0 0 0 0.323 K
169.08 -2360.21 m
169.08 -2287.903 l
S
0 0 0 0.327 K
169.546 -2360.21 m
169.546 -2287.903 l
S
0 0 0 0.331 K
170.013 -2360.21 m
170.013 -2287.903 l
S
0 0 0 0.335 K
170.479 -2360.21 m
170.479 -2287.903 l
S
0 0 0 0.339 K
170.946 -2360.21 m
170.946 -2287.903 l
S
0 0 0 0.343 K
171.412 -2360.21 m
171.412 -2287.903 l
S
0 0 0 0.347 K
171.879 -2360.21 m
171.879 -2287.903 l
S
0 0 0 0.351 K
172.345 -2360.21 m
172.345 -2287.903 l
S
0 0 0 0.355 K
172.812 -2360.21 m
172.812 -2287.903 l
S
0 0 0 0.358 K
173.278 -2360.21 m
173.278 -2287.903 l
S
0 0 0 0.362 K
173.745 -2360.21 m
173.745 -2287.903 l
S
0 0 0 0.366 K
174.211 -2360.21 m
174.211 -2287.903 l
S
0 0 0 0.37 K
174.678 -2360.21 m
174.678 -2287.903 l
S
0 0 0 0.374 K
175.144 -2360.21 m
175.144 -2287.903 l
S
0 0 0 0.378 K
175.611 -2360.21 m
175.611 -2287.903 l
S
0 0 0 0.382 K
176.077 -2360.21 m
176.077 -2287.903 l
S
0 0 0 0.386 K
176.544 -2360.21 m
176.544 -2287.903 l
S
0 0 0 0.39 K
177.01 -2360.21 m
177.01 -2287.903 l
S
0 0 0 0.394 K
177.477 -2360.21 m
177.477 -2287.903 l
S
0 0 0 0.397 K
177.943 -2360.21 m
177.943 -2287.903 l
S
0 0 0 0.401 K
178.41 -2360.21 m
178.41 -2287.903 l
S
0 0 0 0.405 K
178.876 -2360.21 m
178.876 -2287.903 l

S
0 0 0 0.409 K
179.343 -2360.21 m
179.343 -2287.903 l
S
0 0 0 0.413 K
179.809 -2360.21 m
179.809 -2287.903 l
S
0 0 0 0.417 K
180.276 -2360.21 m
180.276 -2287.903 l
S
0 0 0 0.421 K
180.742 -2360.21 m
180.742 -2287.903 l
S
0 0 0 0.425 K
181.209 -2360.21 m
181.209 -2287.903 l
S
0 0 0 0.429 K
181.675 -2360.21 m
181.675 -2287.903 l
S
0 0 0 0.432 K
182.142 -2360.21 m
182.142 -2287.903 l
S
0 0 0 0.436 K
182.608 -2360.21 m
182.608 -2287.903 l
S
0 0 0 0.44 K
183.075 -2360.21 m
183.075 -2287.903 l
S
0 0 0 0.444 K
183.541 -2360.21 m
183.541 -2287.903 l
S
0 0 0 0.448 K
184.008 -2360.21 m
184.008 -2287.903 l
S
0 0 0 0.452 K
184.474 -2360.21 m
184.474 -2287.903 l
S
0 0 0 0.456 K
184.941 -2360.21 m
184.941 -2287.903 l
S
0 0 0 0.46 K
185.407 -2360.21 m
185.407 -2287.903 l
S
0 0 0 0.464 K
185.874 -2360.21 m
185.874 -2287.903 l
S
0 0 0 0.468 K
186.34 -2360.21 m
186.34 -2287.903 l
S
0 0 0 0.471 K
186.806 -2360.21 m
186.806 -2287.903 l
S
0 0 0 0.475 K
187.273 -2360.21 m
187.273 -2287.903 l
S
0 0 0 0.479 K
187.739 -2360.21 m
187.739 -2287.903 l
S
0 0 0 0.483 K
188.206 -2360.21 m
188.206 -2287.903 l
S
0 0 0 0.487 K
188.672 -2360.21 m
188.672 -2287.903 l
S
0 0 0 0.491 K
189.139 -2360.21 m
189.139 -2287.903 l
S
0 0 0 0.495 K
189.605 -2360.21 m
189.605 -2287.903 l
S
0 0 0 0.499 K
190.072 -2360.21 m
190.072 -2287.903 l
S
0 0 0 0.503 K
190.538 -2360.21 m
190.538 -2287.903 l
S
0 0 0 0.506 K
191.005 -2360.21 m
191.005 -2287.903 l
S
0 0 0 0.51 K
191.471 -2360.21 m
191.471 -2287.903 l
S
0 0 0 0.514 K
191.938 -2360.21 m
191.938 -2287.903 l
S
0 0 0 0.518 K
192.404 -2360.21 m
192.404 -2287.903 l
S
0 0 0 0.522 K
192.871 -2360.21 m
192.871 -2287.903 l
S
0 0 0 0.526 K
193.337 -2360.21 m
193.337 -2287.903 l
S
0 0 0 0.53 K
193.804 -2360.21 m
193.804 -2287.903 l
S
0 0 0 0.534 K
194.27 -2360.21 m
194.27 -2287.903 l
S
0 0 0 0.538 K
194.737 -2360.21 m
194.737 -2287.903 l
S
0 0 0 0.542 K
195.203 -2360.21 m
195.203 -2287.903 l
S
0 0 0 0.545 K
195.67 -2360.21 m
195.67 -2287.903 l
S
0 0 0 0.549 K
196.136 -2360.21 m
196.136 -2287.903 l
S
0 0 0 0.553 K
196.603 -2360.21 m
196.603 -2287.903 l

S
0 0 0 0.557 K
197.069 -2360.21 m
197.069 -2287.903 l
S
0 0 0 0.561 K
197.536 -2360.21 m
197.536 -2287.903 l
S
0 0 0 0.565 K
198.002 -2360.21 m
198.002 -2287.903 l
S
0 0 0 0.569 K
198.469 -2360.21 m
198.469 -2287.903 l
S
0 0 0 0.573 K
198.935 -2360.21 m
198.935 -2287.903 l
S
0 0 0 0.577 K
199.402 -2360.21 m
199.402 -2287.903 l
S
0 0 0 0.581 K
199.868 -2360.21 m
199.868 -2287.903 l
S
0 0 0 0.584 K
200.335 -2360.21 m
200.335 -2287.903 l
S
0 0 0 0.588 K
200.801 -2360.21 m
200.801 -2287.903 l
S
0 0 0 0.592 K
201.268 -2360.21 m
201.268 -2287.903 l
S
0 0 0 0.596 K
201.734 -2360.21 m
201.734 -2287.903 l
S
0 0 0 0.6 K
202.201 -2360.21 m
202.201 -2287.903 l
S
Q
Q
q
1 i 
-9 851 613 -860 re
0 841 m
W n
0.03 841.02 595.02 -841.02 re
W n
0 0 0 1 k
/GS1 gs
560.12 850.5 43.94 -15.59 re
560.097 811.782 m
f*
0 0 0 1 K
0 J 0 j 0.3 w 10 M []0 d
567.202 840.678 m
567.202 804.948 l
S
286.57 22.8 22.68 -31.19 re
f*
BT
/F2 1 Tf
10 0 0 10 289.5747 7.7671 Tm
0 0 0 0 k
-0.0002 Tc
0 Tw
(631)Tj
/F3 1 Tf
7 0 0 7 473.8676 17.5374 Tm
0 0 0 1 k
-0.0001 Tc
-0.0306 Tw
[(Swissmedic Jour)-17.9(nal)-1111.9(9/2002)]TJ
ET
0.4 w 
42.8 742 m
510.51 742 l
S
BT
/F2 1 Tf
8 0 0 8 42.7953 733.2957 Tm
[(Zum V)54.8(e)0.1(rtrieb fr)17.7(eigegebene Chargen von immunbiologischen Erzeugnissen \()55.7(1.9.–30.9.2002\))]TJ
ET
42.8 721.26 m
510.51 721.26 l
S
BT
8 0 0 8 42.7953 724.2957 Tm
[(Lots de fabrication de pr)17.7(oduits immunobiologiques admis à l’écoulement \()55.7(1.9.–30.9.2002\))]TJ
/F3 1 Tf
0 -2.25 TD
0 Tw
[(Zulassungs-)-1078.6(Pr)17.7(odukt)-8731.9(V)55(e)0.1(rtr)17.7(eiber)-9317.7(Chargennummer)-1580.8(Prüfnummer)-1755.2(Datum)-4563.2(längster)]TJ
0 -1.125 TD
-0.0002 Tc
(nummer)Tj
47.4803 0 TD
-0.0001 Tc
-0.0306 Tw
[(der Fr)17.7(eigabe)-2946.1(V)55(e)0.1(rfall)]TJ
-47.4803 -1.125 TD
[(N°)-247.3(de)-3653.6(Pr)17.7(oduits)-8621.1(Distributeur)-8466.1(N°)-247.3(du lot)-5074.5(N)-0.1(°)-247.3(de contrôle)-970.3(Date)-5537.1(Date de )]TJ
T*
0 Tw
(l’autorisation)Tj
47.4803 0 TD
-0.0306 Tw
[(de libération)-611.6(pér)17.7(emption)]TJ
ET
42.8 672 m
510.51 672 l
42.8 660.26 m

510.51 660.26 l
S
BT
/F2 1 Tf
8 0 0 8 42.7953 663.2957 Tm
-0.0002 Tc
0 Tw
[(Impfstof)17.6(fe)-139.2(/)-139.1(V)54.7(accins)]TJ
/F3 1 Tf
0 -1.875 TD
-0.0001 Tc
-0.0306 Tw
[(00534)-3244.2(Engerix-B 20 )-6442(GlaxoSmithKline AG)-4830.9(ENG5349A6)-3522.9(7034)-4863.1(09.09.2002)-2223.6(05.2002)]TJ
0 -1.125 TD
9.0493 Tw
[(00583/02)-1854.5(Fluarix GlaxoSmithKline )9079.9(AG)-4830.9(18733C9)-4855.9(7049)-4863.1(11.09.2002)-2223.6(06.2003)]TJ
T*
[(00583/02)-1854.5(Fluarix GlaxoSmithKline )9079.9(AG)-4830.9(18734C9)-4855.9(7050)-4863.1(11.09.2002)-2223.6(06.2003)]TJ
T*
-0.0306 Tw
[(00528)-3244.2(Gen H-B-V)54.8(ax 10 )-5027.7(Pr)17.7(o V)54.8(accine AG)-6988.9(0117M/HR57610)-1465.5(7065)-4863.1(30.09.2002)-2223.6(01.2005)]TJ
T*
[(00610)-3244.2(Gen H-B-V)54.8(ax 5 )-5583.6(Pr)17.7(o V)54.8(accine AG)-6988.9(0129M/HR80830)-1465.5(7066)-4863.1(30.09.2002)-2223.6(11.2004)]TJ
T*
[(00545)-3244.2(Gen H-B-V)54.8(ax Dialyse )-3195.8(Pr)17.7(o V)54.8(accine AG)-6988.9(1443 L )-5696.3(7058)-4863.1(20.09.2002)-2223.6(06.2004)]TJ
T*
[(00614/02)-1854.5(Inflexal V )-7943.7(Ber)-17.9(na Biotech AG, former )]TJ
18.0709 -1.125 TD
[(Swiss Serum and V)54.8(accine Inst.)-866(2000034.01)-3577.4(7036)-4863.1(18.09.2002)-2223.6(06.2003)]TJ
-18.0709 -1.125 TD
[(00614/02)-1854.5(Inflexal V )-7943.7(Ber)-17.9(na Biotech AG, former)]TJ
18.0709 -1.125 TD
[(Swiss Serum and V)54.8(accine Inst.)-866(2000034.02)-3577.4(7037)-4863.1(18.09.2002)-2223.6(06.2003)]TJ
-18.0709 -1.125 TD
[(00614/02)-1854.5(Inflexal V )-7943.7(Ber)-17.9(na Biotech AG, former)]TJ
18.0709 -1.125 TD
[(Swiss Serum and V)54.8(accine Inst.)-866(2000034.03)-3577.4(7038)-4863.1(18.09.2002)-2223.6(06.2003)]TJ
-18.0709 -1.125 TD
[(00614/02)-1854.5(Inflexal V )-7943.7(Ber)-17.9(na Biotech AG, former)]TJ
18.0709 -1.125 TD
[(Swiss Serum and V)54.8(accine Inst.)-866(2000034.04)-3577.4(7039)-4863.1(18.09.2002)-2223.6(06.2003)]TJ
-18.0709 -1.125 TD
[(00614/02)-1854.5(Inflexal V )-7943.7(Ber)-17.9(na Biotech AG, former)]TJ
18.0709 -1.125 TD
[(Swiss Serum and V)54.8(accine Inst.)-866(3000047)-4967(7025)-4863.1(11.09.2002)-2223.6(07.2003)]
TJ
-18.0709 -1.125 TD
[(00614/02)-1854.5(Inflexal V )-7943.7(Ber)-17.9(na Biotech AG, former)]TJ
18.0709 -1.125 TD
[(Swiss Serum and V)54.8(accine Inst.)-866(3000048)-4967(7026)-4863.1(11.09.2002)-2223.6(08.2003)]TJ
-18.0709 -1.125 TD
[(00614/02)-1854.5(Inflexal V )-7943.7(Ber)-17.9(na Biotech AG, former)]TJ
18.0709 -1.125 TD
[(Swiss Serum and V)54.8(accine Inst.)-866(3000049)-4967(7045)-4863.1(20.09.2002)-2223.6(08.2003)]TJ
-18.0709 -1.125 TD
[(00614/02)-1854.5(Inflexal V )-7943.7(Ber)-17.9(na Biotech AG, former)]TJ
18.0709 -1.125 TD
[(Swiss Serum and V)54.8(accine Inst.)-866(V080236.2)-4078.3(7048)-4863.1(23.09.2002)-2223.6(06.2003)]TJ
-18.0709 -1.125 TD
7.8254 Tw
[(00373/02)-1854.5(Mutagrip Pr)17.7(o )7856.1(V)54.8(accine )7855.9(AG)-6988.9(W6182)-5690.9(7052)-4863.1(12.09.2002)-2223.6(06.2003)]TJ
T*
[(00373/02)-1854.5(Mutagrip Pr)17.7(o )7856.1(V)54.8(accine )7855.9(AG)-6988.9(W6187)-5690.9(7051)-4863.1(12.09.2002)-2223.6(06.2003)]TJ
T*
[(00373/02)-1854.5(Mutagrip Pr)17.7(o )7856.1(V)54.8(accine )7855.9(AG)-6988.9(W6189)-5690.9(7064)-4863.1(26.09.2002)-2223.6(06.2003)]TJ
T*
9.1604 Tw
[(00615)-3244.2(Priorix GlaxoSmithKline )9191(AG)-4830.9(MJR536A42B)-3078.3(7031)-4863.1(27.09.2002)-2223.6(11.2003)]TJ
T*
-0.0002 Tc
-0.0305 Tw
[(00417)-3244.3(T)110.6(ollwut Impfstof)17.6(f inaktiviert )]TJ
6.0236 -1.125 TD
-0.0001 Tc
[(– Mérieux )-7609.5(Pr)17.7(o V)54.8(accine AG)-6988.9(W0391)-5690.9(7067)-4863.1(26.09.2002)-2223.6(02.2005)]TJ
-6.0236 -1.125 TD
[(00641)-3244.2(T)91.7(uberkulin PPD R)-6(T)0( 23 SSI )-1340(Pr)17.7(o V)54.8(accine AG)-6988.9(14362)-6078.8(7032)-4863.1(03.09.2002)-2223.6(02.2005)]TJ
T*
[(00592)-3244.2(T)98.8(winrix 720/20 )-5540.1(GlaxoSmithKline AG)-4830.9(HAB253A6)-4077.8(7035)-4863.1(09.09.2002)-2223.6(03.2005)]TJ
ET
42.8 378 m
510.51 378 l
42.8 366.26 m
510.51 366.26 l
S
BT
/F2 1 Tf
8 0 0 8 42.7953 369.2957 Tm
-0.0002 Tc
[(Blutpr)17.6(odukte)-139.2(/)-139.1(P)0(r)17.6(oduits sanguins)]TJ
/F3 1 Tf
0 -1.875 TD
-0.0001 Tc
[(00506)-3244.2(Cytotect 20 ml)-5777.4(Biotest \(Schweiz\) AG)-4694(144052)-5522.9(7060)-4863.1(23.09.2002)-2223.6(03.2005)]
TJ
0 -1.125 TD
[(00464)-3244.2(Endobulin S/D 10000 mg)-1413.2(Baxter AG)-9163.2(2476402G)-4245.1(7057)-4863.1(16.09.2002)-2223.6(06.2004)]TJ
T*
[(00524)-3244.2(Globuman Ber)-17.9(na i.v)73.9(. 5 g)-1836.3(Ber)-17.9(na Biotech AG, former)]TJ
18.0709 -1.125 TD
[(Swiss Serum and V)54.8(accine Inst.)-866(016131.01)-4133.3(6944)-4863.1(13.09.2002)-2223.6(02.2007)]TJ
-18.0709 -1.125 TD
[(52716)-3244.2(Human Albumin 5% )]TJ
6.0236 -1.125 TD
[(Immuno 500 ml)-5275.2(Baxter AG)-9163.2(0110301K)-4356.2(7043)-4863.1(09.09.2002)-2223.6(09.2004)]TJ
-6.0236 -1.125 TD
[(52474)-3244.2(Immunine STIM Plus 1200 IE)-58(Baxter AG)-9163.2(05D1002F)-4412.1(7044)-4863.1(09.09.2002)-2223.6(05.2005)]TJ
T*
[(52474)-3244.2(Immunine STIM Plus 600 IU)-446.9(Baxter AG)-9163.2(05D1202G)-4134(7062)-4863.1(27.09.2002)-2223.6(06.2004)]TJ
T*
[(52474)-3244.2(Immunine STIM Plus 600 IU)-446.9(Baxter AG)-9163.2(05D1602G)-4134(7061)-4863.1(27.09.2002)-2223.6(06.2004)]TJ
T*
[(00602)-3244.2(Octaplas 200 ml)-5165.1(Octapharma AG)-6552.6(232197950)-3855.2(7030)-4863.1(26.09.2002)-2223.6(08.2004)]TJ
T*
[(00253)-3244.2(T)110.7(ollwut Serum 5 ml)-3918.1(Ber)-17.9(na Biotech AG, former)]TJ
18.0709 -1.125 TD
[(Swiss Serum and V)54.8(accine Inst.)-866(3000060)-4967(7040)-4863.1(26.09.2002)-2223.6(07.2004)]TJ
-18.0709 -1.125 TD
[(00253)-3244.2(T)110.7(ollwut Serum 5 ml)-3918.1(Ber)-17.9(na Biotech AG, former)]TJ
18.0709 -1.125 TD
[(Swiss Serum and V)54.8(accine Inst.)-866(3000061)-4967(7041)-4863.1(26.09.2002)-2223.6(06.2004)]TJ
-18.0709 -1.125 TD
[(00253)-3244.2(T)110.7(ollwut Serum 5.0 ml)-3084.3(Ber)-17.9(na Biotech AG, former )]TJ
ET
42.8 213.43 m
510.51 213.43 l
S
BT
8 0 0 8 187.3621 219.2957 Tm
[(Swiss Serum and V)54.8(accine Inst.)-866(3000071)-4967(7042)-4863.1(26.09.2002)-2223.6(06.2002)]TJ
/F1 1 Tf
10 0 0 10 42.7953 763.6339 Tm
-0.0336 Tw
[(Zum V)54.8(e)0.2(rtrieb fr)17.7(eigegebene Chargen)]TJ
0 -1.2 TD
[(Lots de fabrication admis à la commer)17.7(cialisation)]TJ
ET
Q

q
1 i 
-9 851 613 -860 re
0 841 m
W n
0.03 841.02 595.02 -841.02 re
W n
BT
/F4 1 Tf
12.5 0 0 12.5 34.4488 811.7822 Tm
/Cs5 cs 0.161 0.145 0.149 sc
/GS1 gs
-0.0001 Tc
-0.0286 Tw
[(Arzneimittel Statistik)-130(/)-129.9(M)0.1(édicaments miscellanées)]TJ
ET
/Cs5 CS 0.161 0.145 0.149 SC
0 J 0 j 0.3 w 10 M []0 d
28.35 805.15 m
552.76 805.15 l
S
Q
q
1 i 
35.43 850.5 198.43 -24.09 re
308.74 811.782 m
W* n
-9 851 613 -860 re
0 841 m
W n
0.03 841.02 595.02 -841.02 re
W n
q
2.7718 0 0 -0.3608 0 0 cm
/Cs5 CS 0.502 0.51 0.518 SC
0 J 0 j 0.5 w 10 M []0 d
/GS1 gs
12.655 -2360.21 m
12.655 -2287.903 l
S
0.506 0.514 0.522 SC
13.121 -2360.21 m
13.121 -2287.903 l
S
0.51 0.514 0.525 SC
13.588 -2360.21 m
13.588 -2287.903 l
S
0.51 0.518 0.529 SC
14.054 -2360.21 m
14.054 -2287.903 l
S
0.514 0.522 0.529 SC
14.521 -2360.21 m
14.521 -2287.903 l
S
0.518 0.525 0.533 SC
14.987 -2360.21 m
14.987 -2287.903 l
S
0.518 0.525 0.537 SC
15.454 -2360.21 m
15.454 -2287.903 l
S
0.522 0.529 0.541 SC
15.92 -2360.21 m
15.92 -2287.903 l
S
0.525 0.533 0.541 SC
16.387 -2360.21 m
16.387 -2287.903 l
S
0.529 0.533 0.545 SC
16.853 -2360.21 m
16.853 -2287.903 l
S
0.529 0.537 0.549 SC
17.32 -2360.21 m
17.32 -2287.903 l
S
0.533 0.541 0.553 SC
17.786 -2360.21 m
17.786 -2287.903 l
S
0.537 0.545 0.553 SC
18.253 -2360.21 m
18.253 -2287.903 l
S
0.537 0.545 0.557 SC
18.719 -2360.21 m
18.719 -2287.903 l
S
0.541 0.549 0.561 SC
19.186 -2360.21 m
19.186 -2287.903 l
S
0.545 0.553 0.565 SC
19.652 -2360.21 m
19.652 -2287.903 l
S
0.549 0.557 0.565 SC
20.119 -2360.21 m
20.119 -2287.903 l
S
0.549 0.557 0.569 SC
20.585 -2360.21 m
20.585 -2287.903 l
S
0.553 0.561 0.573 SC
21.052 -2360.21 m
21.052 -2287.903 l
S
0.557 0.565 0.576 SC
21.518 -2360.21 m
21.518 -2287.903 l
S
0.561 0.569 0.576 SC

21.985 -2360.21 m
21.985 -2287.903 l
S
0.561 0.569 0.58 SC
22.451 -2360.21 m
22.451 -2287.903 l
S
0.565 0.573 0.584 SC
22.918 -2360.21 m
22.918 -2287.903 l
S
0.569 0.576 0.588 SC
23.384 -2360.21 m
23.384 -2287.903 l
S
0.573 0.58 0.588 SC
23.851 -2360.21 m
23.851 -2287.903 l
S
0.573 0.58 0.592 SC
24.317 -2360.21 m
24.317 -2287.903 l
S
0.576 0.584 0.596 SC
24.784 -2360.21 m
24.784 -2287.903 l
S
0.58 0.588 0.596 SC
25.25 -2360.21 m
25.25 -2287.903 l
S
0.584 0.592 0.6 SC
25.717 -2360.21 m
25.717 -2287.903 l
S
0.584 0.592 0.604 SC
26.183 -2360.21 m
26.183 -2287.903 l
S
0.588 0.596 0.608 SC
26.65 -2360.21 m
26.65 -2287.903 l
S
0.592 0.6 0.608 SC
27.116 -2360.21 m
27.116 -2287.903 l
S
0.596 0.604 0.612 SC
27.583 -2360.21 m
27.583 -2287.903 l
S
0.596 0.604 0.616 SC
28.049 -2360.21 m
28.049 -2287.903 l
S
0.6 0.608 0.62 SC
28.516 -2360.21 m
28.516 -2287.903 l
S
0.604 0.612 0.624 SC
28.982 -2360.21 m
28.982 -2287.903 l
S
0.608 0.616 0.624 SC
29.449 -2360.21 m
29.449 -2287.903 l
S
0.608 0.616 0.627 SC
29.915 -2360.21 m
29.915 -2287.903 l
S
0.612 0.62 0.631 SC
30.382 -2360.21 m
30.382 -2287.903 l
S
0.616 0.624 0.635 SC
30.848 -2360.21 m
30.848 -2287.903 l
S
0.62 0.627 0.635 SC
31.315 -2360.21 m
31.315 -2287.903 l
S
0.62 0.631 0.639 SC
31.781 -2360.21 m
31.781 -2287.903 l
S
0.624 0.631 0.643 SC
32.248 -2360.21 m
32.248 -2287.903 l
S
0.627 0.635 0.647 SC
32.714 -2360.21 m
32.714 -2287.903 l
S
0.631 0.639 0.647 SC
33.181 -2360.21 m
33.181 -2287.903 l
S
0.635 0.643 0.651 SC
33.647 -2360.21 m
33.647 -2287.903 l
S
0.635 0.643 0.655 SC
34.113 -2360.21 m
34.113 -2287.903 l
S
0.639 0.647 0.659 SC
34.58 -2360.21 m
34.58 -2287.903 l
S
0.643 0.651 0.663 SC
35.046 -2360.21 m
35.046 -2287.903 l
S
0.647 0.655 0.663 SC
35.513 -2360.21 m
Hâ|‘Àq√0–
‘Éá ~Œ)¡m$˝_√@â[vÙkç‡#ääÁW%ªÍ„˘sºÔí–ŸgÌ3ÂÛı}¥'kÆÌ…òºt˛^…ÉÕ4lrÃi≥ñ†ï±1+j+∞3Akmª-√f°≥%`u#m∂∞Äù…{;öó0lq:[Ç6ﬂlRõ[É›ŒÏj€f¥∫ ï-Ajeo4ù	“¢];ÂnŸ;⁄Ø¨-Ï£(MÃ@gÚëf?ﬁ1ì£ΩÒJêZ◊nìZ…ÏL¿Z◊ãÁ°±%HYÀ∂IJÖ@ õæk]á¨≤B_KûÏ|≈±]Z‹¨%ª]U€Ai%êı·´Í%πùŸv+K⁄¥SQZ†Ø%Hmaü„+fq—o˜æí£⁄ï-Akmªˇçú⁄ôm˜æ∞´Ì›fËl	Z—∂mÚ¸¢rª≥Ì‡WÇ÷6v+jt∂Ï⁄ÿÁ|œ≈ëﬂ/ﬁí+Q≠@gK.Àµ›‘˛ÈYÇÏ'ŸÇ? íªP

49.508 -2360.21 m
49.508 -2287.903 l
S
0.741 0.749 0.757 SC
49.974 -2360.21 m
49.974 -2287.903 l
S
0.745 0.753 0.761 SC
50.441 -2360.21 m
50.441 -2287.903 l
S
0.749 0.757 0.765 SC
50.907 -2360.21 m
50.907 -2287.903 l
S
0.753 0.761 0.769 SC
51.374 -2360.21 m
51.374 -2287.903 l
51.84 -2360.21 m
51.84 -2287.903 l
S
0.757 0.765 0.773 SC
52.307 -2360.21 m
52.307 -2287.903 l
S
0.761 0.769 0.776 SC
52.773 -2360.21 m
52.773 -2287.903 l
S
0.765 0.773 0.78 SC
53.24 -2360.21 m
53.24 -2287.903 l
S
0.769 0.776 0.784 SC
53.706 -2360.21 m
53.706 -2287.903 l
S
0.773 0.776 0.784 SC
54.173 -2360.21 m
54.173 -2287.903 l
S
0.776 0.78 0.788 SC
54.639 -2360.21 m
54.639 -2287.903 l
S
0.776 0.784 0.792 SC
55.106 -2360.21 m
55.106 -2287.903 l
S
0.78 0.788 0.796 SC
55.572 -2360.21 m
55.572 -2287.903 l
S
0.784 0.792 0.8 SC
56.039 -2360.21 m
56.039 -2287.903 l
S
0.788 0.796 0.8 SC
56.505 -2360.21 m
56.505 -2287.903 l
S
0.792 0.796 0.804 SC
56.972 -2360.21 m
56.972 -2287.903 l
S
0.796 0.8 0.808 SC
57.438 -2360.21 m
57.438 -2287.903 l
S
0.796 0.804 0.812 SC
57.905 -2360.21 m
57.905 -2287.903 l
S
0.8 0.808 0.816 SC
58.371 -2360.21 m
58.371 -2287.903 l
S
0.804 0.812 0.816 SC
58.838 -2360.21 m
58.838 -2287.903 l
S
0.808 0.812 0.82 SC
59.304 -2360.21 m
59.304 -2287.903 l
S
0.812 0.816 0.824 SC
59.771 -2360.21 m
59.771 -2287.903 l
S
0.816 0.82 0.827 SC
60.237 -2360.21 m
60.237 -2287.903 l
S
0.816 0.824 0.831 SC
60.704 -2360.21 m
60.704 -2287.903 l
S
0.82 0.827 0.831 SC
61.17 -2360.21 m
61.17 -2287.903 l
S
0.824 0.831 0.835 SC
61.637 -2360.21 m
61.637 -2287.903 l
S
0.827 0.831 0.839 SC
62.103 -2360.21 m
62.103 -2287.903 l
S
0.831 0.835 0.843 SC
62.57 -2360.21 m
62.57 -2287.903 l
S
0.835 0.839 0.843 SC
63.036 -2360.21 m
63.036 -2287.903 l

S
0.835 0.843 0.847 SC
63.503 -2360.21 m
63.503 -2287.903 l
S
0.839 0.847 0.851 SC
63.969 -2360.21 m
63.969 -2287.903 l
S
0.843 0.847 0.855 SC
64.436 -2360.21 m
64.436 -2287.903 l
S
0.847 0.851 0.859 SC
64.902 -2360.21 m
64.902 -2287.903 l
S
0.851 0.855 0.859 SC
65.369 -2360.21 m
65.369 -2287.903 l
S
0.855 0.859 0.863 SC
65.835 -2360.21 m
65.835 -2287.903 l
S
0.855 0.863 0.867 SC
66.302 -2360.21 m
66.302 -2287.903 l
S
0.859 0.863 0.871 SC
66.768 -2360.21 m
66.768 -2287.903 l
S
0.863 0.867 0.875 SC
67.235 -2360.21 m
67.235 -2287.903 l
S
0.867 0.871 0.875 SC
67.701 -2360.21 m
67.701 -2287.903 l
S
0.871 0.875 0.878 SC
68.168 -2360.21 m
68.168 -2287.903 l
S
0.875 0.878 0.882 SC
68.634 -2360.21 m
68.634 -2287.903 l
S
0.875 0.882 0.886 SC
69.101 -2360.21 m
69.101 -2287.903 l
S
0.878 0.882 0.89 SC
69.567 -2360.21 m
69.567 -2287.903 l
S
0.882 0.886 0.89 SC
70.034 -2360.21 m
70.034 -2287.903 l
S
0.886 0.89 0.894 SC
70.5 -2360.21 m
70.5 -2287.903 l
S
0.89 0.894 0.898 SC
70.967 -2360.21 m
70.967 -2287.903 l
S
0.894 0.898 0.902 SC
71.433 -2360.21 m
71.433 -2287.903 l
S
0.898 0.898 0.902 SC
71.9 -2360.21 m
71.9 -2287.903 l
S
0.898 0.902 0.906 SC
72.366 -2360.21 m
72.366 -2287.903 l
S
0.902 0.906 0.91 SC
72.833 -2360.21 m
72.833 -2287.903 l
S
0.906 0.91 0.914 SC
73.299 -2360.21 m
73.299 -2287.903 l
S
0.91 0.914 0.918 SC
73.766 -2360.21 m
73.766 -2287.903 l
S
0.914 0.918 0.922 SC
74.232 -2360.21 m
74.232 -2287.903 l
S
0.918 0.922 0.922 SC
74.699 -2360.21 m
74.699 -2287.903 l
S
0.922 0.922 0.925 SC
75.165 -2360.21 m
75.165 -2287.903 l
S
0.922 0.925 0.929 SC
75.632 -2360.21 m
75.632 -2287.903 l
S
0.925 0.929 0.933 SC
76.098 -2360.21 m
76.098 -2287.903 l
S
0.929 0.933 0.933 SC
76.565 -2360.21 m
76.565 -2287.903 l
S
0.933 0.937 0.937 SC

77.031 -2360.21 m
77.031 -2287.903 l
S
0.937 0.937 0.941 SC
77.498 -2360.21 m
77.498 -2287.903 l
S
0.941 0.941 0.945 SC
77.964 -2360.21 m
77.964 -2287.903 l
S
0.945 0.945 0.949 SC
78.431 -2360.21 m
78.431 -2287.903 l
S
0.945 0.949 0.949 SC
78.897 -2360.21 m
78.897 -2287.903 l
S
0.949 0.953 0.953 SC
79.364 -2360.21 m
79.364 -2287.903 l
S
0.953 0.957 0.957 SC
79.83 -2360.21 m
79.83 -2287.903 l
S
0.957 0.957 0.961 SC
80.297 -2360.21 m
80.297 -2287.903 l
S
0.961 0.961 0.965 SC
80.763 -2360.21 m
80.763 -2287.903 l
S
0.965 0.965 0.969 SC
81.23 -2360.21 m
81.23 -2287.903 l
S
0.969 0.969 0.969 SC
81.696 -2360.21 m
81.696 -2287.903 l
S
0.973 0.973 0.973 SC
82.163 -2360.21 m
82.163 -2287.903 l
S
0.976 0.976 0.976 SC
82.629 -2360.21 m
82.629 -2287.903 l
S
0.98 0.98 0.984 SC
83.096 -2360.21 m
83.096 -2287.903 l
S
0.988 0.988 0.988 SC
83.562 -2360.21 m
83.562 -2287.903 l
S
0.992 0.992 0.992 SC
84.029 -2360.21 m
84.029 -2287.903 l
S
1 1 1 SC
84.495 -2360.21 m
84.495 -2287.903 l
S
Q
Q
q
1 i 
-9 851 613 -860 re
0 841 m
W n
0.03 841.02 595.02 -841.02 re
W n
/Cs5 cs 0.161 0.145 0.149 sc
/GS1 gs
0.03 841.02 35.4 -6.11 re
f
/Cs5 CS 0.161 0.145 0.149 SC
0 J 0 j 0.3 w 10 M []0 d
28.347 841.076 m
28.347 805.006 l
S
286.3 22.8 22.68 -22.8 re
f
BT
/F1 1 Tf
10 0 0 10 289.2992 7.7671 Tm
1 1 1 sc
-0.0002 Tc
0 Tw
(632)Tj
/F3 1 Tf
7 0 0 7 35.4331 17.5374 Tm
0.161 0.145 0.149 sc
-0.0001 Tc
-0.0306 Tw
[(Swissmedic Jour)-17.9(nal)-1111.9(9/2002)]TJ
/F2 1 Tf
10 0 0 10 85.0394 731.6591 Tm
-0.0336 Tw
[(Rapilysin, L)36.8(yophilisat)]TJ
0 -1.2 TD
[(Zulassungsnummer: 53)-153.1(822)]TJ
T*
(Zulassungsinhaberin: Roche Pharma \(Schweiz\) AG, Reinach \(BL\))Tj
T*
[(Charge: MH6407605 mit Fertigspritzen der Charge MH6420100)]TJ
/F3 1 Tf
0 -2.4 TD

0.016 Tw
[(In Finnland wur)17.7(de in einer Fertigspritze mit W)36.7(asser zur Zuber)17.7(eitung der Injektionslösung ein ca. 3 mm gr)17.7(osser)]TJ
0 -1.2 TD
-0.0386 Tw
[(Glassplitter entdeckt. Aus Sicherheitsgründen wur)17.7(de der Rückruf der in der Schweiz betr)17.7(of)17.7(fenen Charge veran-)]TJ
T*
-0.0306 Tw
[(lasst. Dieser erfolgte mittels Schr)17.7(eiben an die dir)17.7(ekt belieferten Kunden.)]TJ
/F2 1 Tf
0 -4.8 TD
-0.0337 Tw
[(Zomig 2,5 mg, 12 T)98.8(abletten)]TJ
0 -1.2 TD
-0.0336 Tw
[(Zulassungsnummer: 54)-153.1(335)]TJ
T*
(Zulassungsinhaberin: AstraZeneca AG, Zug \(ZG\))Tj
T*
-0.0337 Tw
(Charge: BB 513)Tj
/F3 1 Tf
0 -2.4 TD
0.0195 Tw
[(Swissmedic wur)17.7(de dur)17.7(ch die Firma AstraZeneca informiert, dass bei 7 Packungen der obengenannten Charge)]TJ
0 -1.2 TD
-0.0729 Tw
[(bei allen Blister)-17.9(n die T)110.7(ablettennäpfchen teilweise eingedrückt sind \(die Folie jedoch nicht beschädigt\) und zudem)]TJ
T*
-0.0551 Tc
0 Tw
(Ve)Tj
1.0556 0 TD
-0.0001 Tc
-0.0306 Tw
(rfalldatum und Chargenbezeichnung nicht in die Blister geprägt ist.)Tj
-1.0556 -1.2 TD
-0.0132 Tw
[(Die Firma AstraZeneca hat einen Rundbrief versandt, mit der Bitte die vom Qualitätsmangel betr)17.7(of)17.7(fene Charge)]TJ
T*
-0.0306 Tw
[(zu überprüfen und fehlerhafte Packungen zu r)17.7(etour)-17.9(nier)17.7(en.)]TJ
T*
[(Der Rückruf erfolgt mittels Rundschr)17.7(eiben an die dir)17.7(ekt belieferten Kunden \(Gr)17.7(ossisten, Spitäler)91.7(, Apotheken\).)]TJ
/F1 1 Tf
11.5 0 0 11.5 85.0394 762.5089 Tm
0 Tw
(Chargenrückrufe)Tj
/F2 1 Tf
10 0 0 10 85.0394 350.36 Tm
-0.0336 Tw
[(Rapilysin, L)36.8(yophilisat)]TJ
T*
-0.0337 Tw
[(No d’autorisation: 53)-153.1(822)]TJ
T*
-0.0336 Tw
[(Titulair)17.7(e de l’autorisation: Roche Pharma \(Schweiz\) AG, Reinach \(BL\))]
TJ
T*
-0.0337 Tw
[(Lot: MH6407605 avec seringues prér)17.7(emplies du lot MH6420100)]TJ
/F3 1 Tf
0 -2.4 TD
-0.0682 Tw
[(En Finlande, un débris de verr)18(e)0( d’env)73.9(. 3 mm a été découvert dans une seringue pré-r)17.7(emplie contenant l’eau pour)]TJ
0 -1.2 TD
-0.0186 Tw
[(la préparation de la solution injectable. Pour des raisons de sécurité, il a été décidé de r)17.7(etir)17.7(er le lot concer)-17.9(né du)]TJ
T*
-0.0306 Tw
[(mar)17.7(ché suisse. Les clients livrés dir)17.7(ectement ont été avisés par courrier)91.7(.)]TJ
/F2 1 Tf
0 -4.8 TD
-0.0336 Tw
(Zomig 2,5 mg, 12 comprimés)Tj
0 -1.2 TD
-0.0337 Tw
[(Numér)17.7(o d’autorisation: 54)-153.1(335)]TJ
T*
[(Titulair)17.7(e de l’autorisation: AstraZeneca AG, Zug \(ZG\))]TJ
T*
(Lot: BB 513)Tj
/F3 1 Tf
0 -2.4 TD
-0.0164 Tw
(Swissmedic a été informé par la société AstraZeneca que tous les blisters de 7 emballages du lot susmentionné)Tj
0 -1.2 TD
-0.0728 Tw
[(présentent un écrasement partiel des alvéoles \(sans perforation de l’oper)17.7(cule\). Par ailleurs, ces blisters ne portent)]TJ
T*
-0.0306 Tw
[(ni l’empr)17.7(einte de la date de pér)17.7(emption, ni celle du numér)17.7(o de lot.)]TJ
T*
-0.0462 Tw
[(La société AstraZeneca a envoyé une cir)17.7(culair)17.7(e demandant de vérifier les emballages appartenant audit lot et de)]TJ
T*
0 Tc
0 Tw
(r)Tj
0.3149 0 TD
-0.0001 Tc
-0.0306 Tw
(envoyer les éventuels emballages défectueux.)Tj
-0.3149 -1.2 TD
[(Le r)17.7(etrait est communiqué par cir)17.7(culair)17.7(e à tous les acheteurs dir)17.7(ects connus \(gr)17.7(ossistes, hôpitaux, pharmacies\).)]TJ
/F1 1 Tf
11.5 0 0 11.5 85.0394 381.2098 Tm
(Retrait de lots)Tj
ET
Q

q
1 i 
-9 851 613 -860 re
0 841 m
W n
0.03 841.02 595.02 -841.02 re
W n
BT
/F4 1 Tf
12.5 0 0 12.5 285.8058 811.7825 Tm
/Cs5 cs 0.161 0.145 0.149 sc
/GS1 gs
-0.0001 Tc
-0.0286 Tw
[(Arzneimittel Statistik)-130(/)-129.9(M)0.1(édicaments miscellanées)]TJ
ET
/Cs5 CS 0.161 0.145 0.149 SC
0 J 0 j 0.3 w 10 M []0 d
42.8 805.15 m
567.2 805.15 l
S
Q
q
1 i 
361.69 850.5 198.43 -24.09 re
560.097 811.782 m
W* n
-9 851 613 -860 re
0 841 m
W n
0.03 841.02 595.02 -841.02 re
W n
q
2.7718 0 0 -0.3608 0 0 cm
/Cs5 CS 1 1 1 SC
0 J 0 j 0.5 w 10 M []0 d
/GS1 gs
130.36 -2360.21 m
130.36 -2287.903 l
S
0.992 0.992 0.992 SC
130.827 -2360.21 m
130.827 -2287.903 l
S
0.988 0.988 0.988 SC
131.293 -2360.21 m
131.293 -2287.903 l
S
0.98 0.98 0.984 SC
131.76 -2360.21 m
131.76 -2287.903 l
S
0.976 0.976 0.976 SC
132.226 -2360.21 m
132.226 -2287.903 l
S
0.973 0.973 0.973 SC
132.693 -2360.21 m
132.693 -2287.903 l
S
0.969 0.969 0.969 SC
133.159 -2360.21 m
133.159 -2287.903 l
S
0.965 0.965 0.969 SC
133.626 -2360.21 m
133.626 -2287.903 l
S
0.961 0.961 0.965 SC
134.092 -2360.21 m
134.092 -2287.903 l
S
0.957 0.957 0.961 SC
134.559 -2360.21 m
134.559 -2287.903 l
S
0.953 0.957 0.957 SC
135.025 -2360.21 m
135.025 -2287.903 l
S
0.949 0.953 0.953 SC
135.492 -2360.21 m
135.492 -2287.903 l
S
0.945 0.949 0.949 SC
135.958 -2360.21 m
135.958 -2287.903 l
S
0.945 0.945 0.949 SC
136.425 -2360.21 m
136.425 -2287.903 l
S
0.941 0.941 0.945 SC
136.891 -2360.21 m
136.891 -2287.903 l
S
0.937 0.937 0.941 SC
137.358 -2360.21 m
137.358 -2287.903 l
S
0.933 0.937 0.937 SC
137.824 -2360.21 m
137.824 -2287.903 l
S
0.929 0.933 0.933 SC
138.291 -2360.21 m
138.291 -2287.903 l
S
0.925 0.929 0.933 SC
138.757 -2360.21 m
138.757 -2287.903 l
S
0.922 0.925 0.929 SC
139.224 -2360.21 m
139.224 -2287.903 l
S
0.922 0.922 0.925 SC
139.69 -2360.21 m
139.69 -2287.903 l
S
0.918 0.922 0.922 SC
140.157 -2360.21 m
140.157 -2287.903 l
S
0.914 0.918 0.922 SC
140.623 -2360.21 m
140.623 -2287.903 l
S
0.91 0.914 0.918 SC
141.09 -2360.21 m
141.09 -2287.903 l
S
0.906 0.91 0.914 SC
141.556 -2360.21 m
141.556 -2287.903 l
S
0.902 0.906 0.91 SC
142.023 -2360.21 m
142.023 -2287.903 l
S
0.898 0.902 0.906 SC
142.489 -2360.21 m
142.489 -2287.903 l
S
0.898 0.898 0.902 SC
142.956 -2360.21 m
142.956 -2287.903 l
S
0.894 0.898 0.902 SC
143.422 -2360.21 m
143.422 -2287.903 l
S
0.89 0.894 0.898 SC
143.889 -2360.21 m
143.889 -2287.903 l
S
0.886 0.89 0.894 SC
144.355 -2360.21 m
144.355 -2287.903 l
S
0.882 0.886 0.89 SC
144.822 -2360.21 m
144.822 -2287.903 l
S
0.878 0.882 0.89 SC
145.288 -2360.21 m
145.288 -2287.903 l
S
0.875 0.882 0.886 SC
145.755 -2360.21 m
145.755 -2287.903 l
S
0.875 0.878 0.882 SC
146.221 -2360.21 m
146.221 -2287.903 l
S
0.871 0.875 0.878 SC
146.688 -2360.21 m
146.688 -2287.903 l
S
0.867 0.871 0.875 SC
147.154 -2360.21 m
147.154 -2287.903 l
S
0.863 0.867 0.875 SC
147.621 -2360.21 m
147.621 -2287.903 l
S
0.859 0.863 0.871 SC
148.087 -2360.21 m
148.087 -2287.903 l
S
0.855 0.863 0.867 SC
148.554 -2360.21 m
148.554 -2287.903 l
S
0.855 0.859 0.863 SC
149.02 -2360.21 m
149.02 -2287.903 l
S
0.851 0.855 0.859 SC
149.487 -2360.21 m
149.487 -2287.903 l
S
0.847 0.851 0.859 SC
149.953 -2360.21 m
149.953 -2287.903 l
S
0.843 0.847 0.855 SC
150.42 -2360.21 m
150.42 -2287.903 l
S
0.839 0.847 0.851 SC
150.886 -2360.21 m
150.886 -2287.903 l
S
0.835 0.843 0.847 SC
151.353 -2360.21 m
151.353 -2287.903 l
S
0.835 0.839 0.843 SC
151.819 -2360.21 m
151.819 -2287.903 l
S
0.831 0.835 0.843 SC
152.286 -2360.21 m
152.286 -2287.903 l
S
0.827 0.831 0.839 SC
152.752 -2360.21 m
152.752 -2287.903 l
S
0.824 0.831 0.835 SC
153.219 -2360.21 m
153.219 -2287.903 l
S
0.82 0.827 0.831 SC
153.685 -2360.21 m
153.685 -2287.903 l
S
0.816 0.824 0.831 SC
154.152 -2360.21 m
154.152 -2287.903 l
S
0.816 0.82 0.827 SC
154.618 -2360.21 m
154.618 -2287.903 l
S
0.812 0.816 0.824 SC
155.085 -2360.21 m
155.085 -2287.903 l
S
0.808 0.812 0.82 SC
155.551 -2360.21 m
155.551 -2287.903 l
S
0.804 0.812 0.816 SC
156.018 -2360.21 m
156.018 -2287.903 l
S
0.8 0.808 0.816 SC
156.484 -2360.21 m
156.484 -2287.903 l
S
0.796 0.804 0.812 SC
156.951 -2360.21 m
156.951 -2287.903 l
S
0.796 0.8 0.808 SC
157.417 -2360.21 m
157.417 -2287.903 l
S
0.792 0.796 0.804 SC
157.884 -2360.21 m
157.884 -2287.903 l
S
0.788 0.796 0.8 SC
158.35 -2360.21 m
158.35 -2287.903 l
S
0.784 0.792 0.8 SC
158.817 -2360.21 m
158.817 -2287.903 l
S
0.78 0.788 0.796 SC
159.283 -2360.21 m
159.283 -2287.903 l
S
0.776 0.784 0.792 SC
159.75 -2360.21 m
159.75 -2287.903 l
S
0.776 0.78 0.788 SC
160.216 -2360.21 m
160.216 -2287.903 l
S
0.773 0.776 0.784 SC
160.683 -2360.21 m
160.683 -2287.903 l
S
0.769 0.776 0.784 SC
161.149 -2360.21 m
161.149 -2287.903 l
S
0.765 0.773 0.78 SC
161.616 -2360.21 m
161.616 -2287.903 l
S
0.761 0.769 0.776 SC
162.082 -2360.21 m
162.082 -2287.903 l
S
0.757 0.765 0.773 SC
162.549 -2360.21 m
162.549 -2287.903 l
S
0.753 0.761 0.769 SC
163.015 -2360.21 m
163.015 -2287.903 l
163.482 -2360.21 m
163.482 -2287.903 l
S
0.749 0.757 0.765 SC
163.948 -2360.21 m
163.948 -2287.903 l
S
0.745 0.753 0.761 SC
164.415 -2360.21 m
164.415 -2287.903 l
S
0.741 0.749 0.757 SC
164.881 -2360.21 m
164.881 -2287.903 l
S
0.737 0.745 0.753 SC
165.348 -2360.21 m
165.348 -2287.903 l
S
0.733 0.741 0.753 SC
165.814 -2360.21 m
165.814 -2287.903 l
S
0.733 0.741 0.749 SC
166.281 -2360.21 m
166.281 -2287.903 l
166.747 -2360.21 m
166.747 -2287.903 l
S
0.729 0.737 0.745 SC
167.214 -2360.21 m
167.214 -2287.903 l
S
0.725 0.733 0.741 SC
167.68 -2360.21 m
167.68 -2287.903 l
S
0.722 0.729 0.737 SC
168.147 -2360.21 m
168.147 -2287.903 l
S
0.718 0.725 0.737 SC
168.613 -2360.21 m
168.613 -2287.903 l
S
0.714 0.722 0.733 SC
169.08 -2360.21 m
169.08 -2287.903 l
S
0.714 0.722 0.729 SC
169.546 -2360.21 m
169.546 -2287.903 l
S
0.71 0.718 0.725 SC
170.013 -2360.21 m
170.013 -2287.903 l
S
0.706 0.714 0.722 SC
170.479 -2360.21 m
170.479 -2287.903 l
S
0.702 0.71 0.722 SC
170.946 -2360.21 m
170.946 -2287.903 l
S
0.698 0.706 0.718 SC
171.412 -2360.21 m
171.412 -2287.903 l
S
0.698 0.706 0.714 SC
171.879 -2360.21 m
171.879 -2287.903 l
S
0.694 0.702 0.71 SC
172.345 -2360.21 m
172.345 -2287.903 l
S
0.69 0.698 0.706 SC
172.812 -2360.21 m
172.812 -2287.903 l
S
0.686 0.694 0.706 SC
173.278 -2360.21 m
173.278 -2287.903 l
S
0.682 0.69 0.702 SC
173.745 -2360.21 m
173.745 -2287.903 l
S
0.682 0.69 0.698 SC
174.211 -2360.21 m
174.211 -2287.903 l
S
0.678 0.686 0.694 SC
174.678 -2360.21 m
174.678 -2287.903 l
S
0.675 0.682 0.69 SC
175.144 -2360.21 m
175.144 -2287.903 l
S
0.671 0.678 0.69 SC
175.611 -2360.21 m
175.611 -2287.903 l
S
0.667 0.675 0.686 SC
176.077 -2360.21 m
176.077 -2287.903 l
S
0.663 0.675 0.682 SC
176.544 -2360.21 m
176.544 -2287.903 l
S
0.663 0.671 0.678 SC
177.01 -2360.21 m
177.01 -2287.903 l
S
0.659 0.667 0.678 SC
177.477 -2360.21 m
177.477 -2287.903 l
S
0.655 0.663 0.675 SC
177.943 -2360.21 m
177.943 -2287.903 l
S
0.651 0.659 0.671 SC
178.41 -2360.21 m
178.41 -2287.903 l
S
0.651 0.659 0.667 SC
178.876 -2360.21 m
178.876 -2287.903 l
S
0.647 0.655 0.663 SC
179.343 -2360.21 m
179.343 -2287.903 l
S
0.643 0.651 0.663 SC
179.809 -2360.21 m
179.809 -2287.903 l
S
0.639 0.647 0.659 SC
180.276 -2360.21 m
180.276 -2287.903 l
S
0.635 0.643 0.655 SC
180.742 -2360.21 m
180.742 -2287.903 l
S
0.635 0.643 0.651 SC
181.209 -2360.21 m
181.209 -2287.903 l
S
0.631 0.639 0.647 SC
181.675 -2360.21 m
181.675 -2287.903 l
S
0.627 0.635 0.647 SC
182.142 -2360.21 m
182.142 -2287.903 l
S
0.624 0.631 0.643 SC
182.608 -2360.21 m
182.608 -2287.903 l
S
0.62 0.631 0.639 SC
183.075 -2360.21 m
183.075 -2287.903 l
S
0.62 0.627 0.635 SC
183.541 -2360.21 m
183.541 -2287.903 l
S
0.616 0.624 0.635 SC
184.008 -2360.21 m
184.008 -2287.903 l
S
0.612 0.62 0.631 SC
184.474 -2360.21 m
184.474 -2287.903 l
S
0.608 0.616 0.627 SC
184.941 -2360.21 m
184.941 -2287.903 l
S
0.608 0.616 0.624 SC
185.407 -2360.21 m
185.407 -2287.903 l
S
0.604 0.612 0.624 SC
185.874 -2360.21 m
185.874 -2287.903 l
S
0.6 0.608 0.62 SC
186.34 -2360.21 m
186.34 -2287.903 l
S
0.596 0.604 0.616 SC
186.806 -2360.21 m
186.806 -2287.903 l
S
0.596 0.604 0.612 SC
187.273 -2360.21 m
187.273 -2287.903 l
S
0.592 0.6 0.608 SC
187.739 -2360.21 m
187.739 -2287.903 l
S
0.588 0.596 0.608 SC
188.206 -2360.21 m
188.206 -2287.903 l
S
0.584 0.592 0.604 SC
188.672 -2360.21 m
188.672 -2287.903 l
S
0.584 0.592 0.6 SC
189.139 -2360.21 m
189.139 -2287.903 l
S
0.58 0.588 0.596 SC
189.605 -2360.21 m
189.605 -2287.903 l
S
0.576 0.584 0.596 SC
190.072 -2360.21 m
190.072 -2287.903 l
S
0.573 0.58 0.592 SC
190.538 -2360.21 m
190.538 -2287.903 l
S
0.573 0.58 0.588 SC
191.005 -2360.21 m
191.005 -2287.903 l
S
0.569 0.576 0.588 SC
191.471 -2360.21 m
191.471 -2287.903 l
S
0.565 0.573 0.584 SC
191.938 -2360.21 m
191.938 -2287.903 l
S
0.561 0.569 0.58 SC
192.404 -2360.21 m
192.404 -2287.903 l
S
0.561 0.569 0.576 SC
192.871 -2360.21 m
192.871 -2287.903 l
S
0.557 0.565 0.576 SC
193.337 -2360.21 m
193.337 -2287.903 l
S
0.553 0.561 0.573 SC
193.804 -2360.21 m
193.804 -2287.903 l
S
0.549 0.557 0.569 SC
194.27 -2360.21 m
194.27 -2287.903 l
S
0.549 0.557 0.565 SC
194.737 -2360.21 m
194.737 -2287.903 l
S
0.545 0.553 0.565 SC
195.203 -2360.21 m
195.203 -2287.903 l
S
0.541 0.549 0.561 SC
195.67 -2360.21 m
195.67 -2287.903 l
S
0.537 0.545 0.557 SC
196.136 -2360.21 m
196.136 -2287.903 l
S
0.537 0.545 0.553 SC
196.603 -2360.21 m
196.603 -2287.903 l
S
0.533 0.541 0.553 SC
197.069 -2360.21 m
197.069 -2287.903 l
S
0.529 0.537 0.549 SC
197.536 -2360.21 m
197.536 -2287.903 l
S
0.529 0.533 0.545 SC
198.002 -2360.21 m
198.002 -2287.903 l
S
0.525 0.533 0.541 SC
198.469 -2360.21 m
198.469 -2287.903 l
S
0.522 0.529 0.541 SC
198.935 -2360.21 m
198.935 -2287.903 l
S
0.518 0.525 0.537 SC
199.402 -2360.21 m
199.402 -2287.903 l
S
0.518 0.525 0.533 SC
199.868 -2360.21 m
199.868 -2287.903 l
S
0.514 0.522 0.529 SC
200.335 -2360.21 m
200.335 -2287.903 l
S
0.51 0.518 0.529 SC
200.801 -2360.21 m
200.801 -2287.903 l
S
0.51 0.514 0.525 SC
201.268 -2360.21 m
201.268 -2287.903 l
S
0.506 0.514 0.522 SC
201.734 -2360.21 m
201.734 -2287.903 l
S
0.502 0.51 0.518 SC
202.201 -2360.21 m
202.201 -2287.903 l
S
Q
Q
q
1 i 
-9 851 613 -860 re
0 841 m
W n
0.03 841.02 595.02 -841.02 re
W n
/Cs5 cs 0.161 0.145 0.149 sc
/GS1 gs
560.12 841.02 34.93 -6.11 re
f
/Cs5 CS 0.161 0.145 0.149 SC
0 J 0 j 0.3 w 10 M []0 d
567.202 840.678 m
567.202 804.948 l
S
286.57 22.8 22.68 -22.8 re
f
BT
/F1 1 Tf
10 0 0 10 289.5747 7.7671 Tm
1 1 1 sc
-0.0002 Tc
0 Tw
(633)Tj
/F3 1 Tf
7 0 0 7 473.8676 17.5374 Tm
0.161 0.145 0.149 sc
-0.0001 Tc
-0.0306 Tw
[(Swissmedic Jour)-17.9(nal)-1111.9(9/2002)]TJ
/F2 1 Tf
12 0 0 12 42.7953 762.1339 Tm
-0.0336 Tw
[(Neuzulassungen)-122.5(/)-122.3(Nouvelles autorisations)]TJ
/F1 1 Tf
10 0 0 10 42.7953 738.1339 Tm
-0.0306 Tw
[(Humanpräparate)-111.2(/)-111.2(P)0.1(r)17.7(oduits à usage humain)]TJ
/F2 1 Tf
0 -3.2969 TD
-0.0336 Tw
[(01)-1044.2(A. V)54.8(ogel T)98.8(annenspitzen-Sirup)]TJ
/F5 1 Tf
0 -1.4174 TD
-0.0306 Tw
[(Bioforce AG, , 9325 Roggwil)]TJ
ET
0.4 w 
42.8 683.04 m
510.51 683.04 l
42.8 665.35 m
510.51 665.35 l
S
BT
10 0 0 10 42.7953 670.6528 Tm
-0.0002 Tc
0 Tw
[(Zul.-Nr)91.6(.: )]TJ
/F2 1 Tf
3.8772 0 TD
(55877)Tj
/F5 1 Tf
8.8787 0 TD
0 Tc
(V)Tj
0.6301 0 TD
-0.0001 Tc
(erkaufsart: )Tj
/F2 1 Tf
5.3042 0 TD
0 Tc
(E)Tj
/F5 1 Tf
6.8216 0 TD
-0.0001 Tc
-0.0306 Tw
[(Index: 03.02.0.)-9563.5(04.09.2002)]TJ
-25.5118 -2.2428 TD
0 Tw
[(Zusammensetzung:)-921.1(01)]TJ
8.3 0 0 8.3 156.1811 648.2247 Tm
0.0405 Tw
[(PICEAE SUMMIT)54.7(A)73.8(TUM RECENTORUM EXTRACTUM AQUOSUM 0.3)-278.1(g, PYRI COMMUNIS SUC-)]TJ
0 -1.3661 TD
-0.0215 Tw
[(CUS CONCENTRA)73.7(TUS 3.9)-278.1(g, SACCHARUM 7.8)-278.1(g, MEL 4.9)-278.1(g, AROMA)73.7(TICA, EXCIPIENS ad SOLU-)]TJ
T*
-0.0306 Tw
[(TIONEM pro 15)-278.1(mL. )]TJ
10 0 0 10 42.7953 611.373 Tm
-0.0002 Tc
0 Tw
[(Anwendung:)-5285.3(Hustenlindernd)]TJ
0 -1.4174 TD
[(Packung:)-5699.5(01)-305.7(006)-6586(2)0(00)-567.2(mL)-17320(E)]TJ
T*
-0.0001 Tc
-0.0306 Tw
[(Gültig bis:)-6647.8(03. September 2007)]TJ
ET
42.8 574.61 m
510.51 574.61 l
S
BT
/F2 1 Tf
10 0 0 10 42.7953 538.6164 Tm
-0.0337 Tw
[(01)-1044.2(Acivir)91.7(, Crème)]TJ
/F5 1 Tf
T*
-0.0306 Tw
(Spirig Pharma AG, Froschacker 434, 4622 Egerkingen)Tj
ET
42.8 516.49 m
510.51 516.49 l
42.8 498.8 m
510.51 498.8 l
S
BT
10 0 0 10 42.7953 504.1037 Tm
-0.0002 Tc
0 Tw
[(Zul.-Nr)91.6(.: )]TJ
/F2 1 Tf
3.8772 0 TD
(56224)Tj
/F5 1 Tf
8.8787 0 TD
0 Tc
(V)Tj
0.6301 0 TD
-0.0001 Tc
(erkaufsart: )Tj
/F2 1 Tf
5.3042 0 TD
0 Tc
(C)Tj
/F5 1 Tf
6.8216 0 TD
-0.0001 Tc
-0.0306 Tw
[(Index: 08.03.0.)-9563.5(27.09.2002)]TJ
-25.5118 -2.2428 TD
0 Tw
[(Zusammensetzung:)-921.1(01)]TJ
8.3 0 0 8.3 156.1811 481.6756 Tm
-0.0306 Tw
[(ACICLOVIRUM 50)-278.1(mg, PROPYLENGL)91.5(YCOLUM, EXCIPIENS ad UNGUENTUM pro 1)-278.1(g)0.1(. )]TJ
10 0 0 10 42.7953 467.502 Tm
[(Anwendung:)-5285.2(Herpes labialis)]TJ
0 -1.4174 TD
-0.0002 Tc
0 Tw
[(Packung:)-5699.5(01)-305.7(001)-7697.8(2)-567(g)-18097.9(C)]TJ
T*
-0.0001 Tc
-0.0306 Tw
[(Gültig bis:)-6647.8(26. September 2007)]TJ
ET
42.8 430.74 m
510.51 430.74 l
S
Q

q
1 i 
-9 851 613 -860 re
0 841 m
W n
0.03 841.02 595.02 -841.02 re
W n
BT
/F4 1 Tf
12.5 0 0 12.5 34.4488 811.7822 Tm
/Cs5 cs 0.161 0.145 0.149 sc
/GS1 gs
-0.0001 Tc
-0.0286 Tw
[(Arzneimittel Statistik)-130(/)-129.9(M)0.1(édicaments miscellanées)]TJ
ET
/Cs5 CS 0.161 0.145 0.149 SC
0 J 0 j 0.3 w 10 M []0 d
28.35 805.15 m
552.76 805.15 l
S
Q
q
1 i 
35.43 850.5 198.43 -24.09 re
308.74 811.782 m
W* n
-9 851 613 -860 re
0 841 m
W n
0.03 841.02 595.02 -841.02 re
W n
q
2.7718 0 0 -0.3608 0 0 cm
/Cs5 CS 0.502 0.51 0.518 SC
0 J 0 j 0.5 w 10 M []0 d
/GS1 gs
12.655 -2360.21 m
12.655 -2287.903 l
S
0.506 0.514 0.522 SC
13.121 -2360.21 m
13.121 -2287.903 l
S
0.51 0.514 0.525 SC
13.588 -2360.21 m
13.588 -2287.903 l
S
0.51 0.518 0.529 SC
14.054 -2360.21 m
14.054 -2287.903 l
S
0.514 0.522 0.529 SC
14.521 -2360.21 m
14.521 -2287.903 l
S
0.518 0.525 0.533 SC
14.987 -2360.21 m
14.987 -2287.903 l
S
0.518 0.525 0.537 SC
15.454 -2360.21 m
15.454 -2287.903 l
S
0.522 0.529 0.541 SC
15.92 -2360.21 m
15.92 -2287.903 l
S
0.525 0.533 0.541 SC
16.387 -2360.21 m
16.387 -2287.903 l
S
0.529 0.533 0.545 SC
16.853 -2360.21 m
16.853 -2287.903 l
S
0.529 0.537 0.549 SC
17.32 -2360.21 m
17.32 -2287.903 l
S
0.533 0.541 0.553 SC
17.786 -2360.21 m
17.786 -2287.903 l
S
0.537 0.545 0.553 SC
18.253 -2360.21 m
18.253 -2287.903 l
S
0.537 0.545 0.557 SC
18.719 -2360.21 m
18.719 -2287.903 l
S
0.541 0.549 0.561 SC
19.186 -2360.21 m
19.186 -2287.903 l
S
0.545 0.553 0.565 SC
19.652 -2360.21 m
19.652 -2287.903 l
S
0.549 0.557 0.565 SC
20.119 -2360.21 m
20.119 -2287.903 l
S
0.549 0.557 0.569 SC
20.585 -2360.21 m
20.585 -2287.903 l
S
0.553 0.561 0.573 SC
21.052 -2360.21 m
21.052 -2287.903 l
S
0.557 0.565 0.576 SC
21.518 -2360.21 m
21.518 -2287.903 l
S
0.561 0.569 0.576 SC
21.985 -2360.21 m
21.985 -2287.903 l
S
0.561 0.569 0.58 SC
22.451 -2360.21 m
22.451 -2287.903 l
S
0.565 0.573 0.584 SC
22.918 -2360.21 m
22.918 -2287.903 l
S
0.569 0.576 0.588 SC
23.384 -2360.21 m
23.384 -2287.903 l
S
0.573 0.58 0.588 SC
23.851 -2360.21 m
23.851 -2287.903 l
S
0.573 0.58 0.592 SC
24.317 -2360.21 m
24.317 -2287.903 l
S
0.576 0.584 0.596 SC
24.784 -2360.21 m
24.784 -2287.903 l
S
0.58 0.588 0.596 SC
25.25 -2360.21 m
25.25 -2287.903 l
S
0.584 0.592 0.6 SC
25.717 -2360.21 m
25.717 -2287.903 l
S
0.584 0.592 0.604 SC
26.183 -2360.21 m
26.183 -2287.903 l
S
0.588 0.596 0.608 SC
26.65 -2360.21 m
26.65 -2287.903 l
S
0.592 0.6 0.608 SC
27.116 -2360.21 m
27.116 -2287.903 l
S
0.596 0.604 0.612 SC
27.583 -2360.21 m
27.583 -2287.903 l
S
0.596 0.604 0.616 SC
28.049 -2360.21 m
28.049 -2287.903 l
S
0.6 0.608 0.62 SC
28.516 -2360.21 m
28.516 -2287.903 l
S
0.604 0.612 0.624 SC
28.982 -2360.21 m
28.982 -2287.903 l
S
0.608 0.616 0.624 SC
29.449 -2360.21 m
29.449 -2287.903 l
S
0.608 0.616 0.627 SC
29.915 -2360.21 m
29.915 -2287.903 l
S
0.612 0.62 0.631 SC
30.382 -2360.21 m
30.382 -2287.903 l
S
0.616 0.624 0.635 SC
30.848 -2360.21 m
30.848 -2287.903 l
S
0.62 0.627 0.635 SC
31.315 -2360.21 m
31.315 -2287.903 l
S
0.62 0.631 0.639 SC
31.781 -2360.21 m
31.781 -2287.903 l
S
0.624 0.631 0.643 SC
32.248 -2360.21 m
32.248 -2287.903 l
S
0.627 0.635 0.647 SC
32.714 -2360.21 m
32.714 -2287.903 l
S
0.631 0.639 0.647 SC
33.181 -2360.21 m
33.181 -2287.903 l
S
0.635 0.643 0.651 SC
33.647 -2360.21 m
33.647 -2287.903 l
S
0.635 0.643 0.655 SC
34.113 -2360.21 m
34.113 -2287.903 l
S
0.639 0.647 0.659 SC
34.58 -2360.21 m
34.58 -2287.903 l
S
0.643 0.651 0.663 SC
35.046 -2360.21 m
35.046 -2287.903 l
S
0.647 0.655 0.663 SC
35.513 -2360.21 m
35.513 -2287.903 l
S
0.651 0.659 0.667 SC
35.979 -2360.21 m
35.979 -2287.903 l
S
0.651 0.659 0.671 SC
36.446 -2360.21 m
36.446 -2287.903 l
S
0.655 0.663 0.675 SC
36.912 -2360.21 m
36.912 -2287.903 l
S
0.659 0.667 0.678 SC
37.379 -2360.21 m
37.379 -2287.903 l
S
0.663 0.671 0.678 SC
37.845 -2360.21 m
37.845 -2287.903 l
S
0.663 0.675 0.682 SC
38.312 -2360.21 m
38.312 -2287.903 l
S
0.667 0.675 0.686 SC
38.778 -2360.21 m
38.778 -2287.903 l
S
0.671 0.678 0.69 SC
39.245 -2360.21 m
39.245 -2287.903 l
S
0.675 0.682 0.69 SC
39.711 -2360.21 m
39.711 -2287.903 l
S
0.678 0.686 0.694 SC
40.178 -2360.21 m
40.178 -2287.903 l
S
0.682 0.69 0.698 SC
40.644 -2360.21 m
40.644 -2287.903 l
S
0.682 0.69 0.702 SC
41.111 -2360.21 m
41.111 -2287.903 l
S
0.686 0.694 0.706 SC
41.577 -2360.21 m
41.577 -2287.903 l
S
0.69 0.698 0.706 SC
42.044 -2360.21 m
42.044 -2287.903 l
S
0.694 0.702 0.71 SC
42.51 -2360.21 m
42.51 -2287.903 l
S
0.698 0.706 0.714 SC
42.977 -2360.21 m
42.977 -2287.903 l
S
0.698 0.706 0.718 SC
43.443 -2360.21 m
43.443 -2287.903 l
S
0.702 0.71 0.722 SC
43.91 -2360.21 m
43.91 -2287.903 l
S
0.706 0.714 0.722 SC
44.376 -2360.21 m
44.376 -2287.903 l
S
0.71 0.718 0.725 SC
44.843 -2360.21 m
44.843 -2287.903 l
S
0.714 0.722 0.729 SC
45.309 -2360.21 m
45.309 -2287.903 l
S
0.714 0.722 0.733 SC
45.776 -2360.21 m
45.776 -2287.903 l
S
0.718 0.725 0.737 SC
46.242 -2360.21 m
46.242 -2287.903 l
S
0.722 0.729 0.737 SC
46.709 -2360.21 m
46.709 -2287.903 l
S
0.725 0.733 0.741 SC
47.175 -2360.21 m
47.175 -2287.903 l
S
0.729 0.737 0.745 SC
47.642 -2360.21 m
47.642 -2287.903 l
S
0.733 0.741 0.749 SC
48.108 -2360.21 m
48.108 -2287.903 l
S
0.733 0.741 0.753 SC
48.575 -2360.21 m
48.575 -2287.903 l
49.041 -2360.21 m
49.041 -2287.903 l
S
0.737 0.745 0.753 SC
49.508 -2360.21 m
49.508 -2287.903 l
S
0.741 0.749 0.757 SC
49.974 -2360.21 m
49.974 -2287.903 l
S
0.745 0.753 0.761 SC
50.441 -2360.21 m
50.441 -2287.903 l
S
0.749 0.757 0.765 SC
50.907 -2360.21 m
50.907 -2287.903 l
S
0.753 0.761 0.769 SC
51.374 -2360.21 m
51.374 -2287.903 l
51.84 -2360.21 m
51.84 -2287.903 l
S
0.757 0.765 0.773 SC
52.307 -2360.21 m
52.307 -2287.903 l
S
0.761 0.769 0.776 SC
52.773 -2360.21 m
52.773 -2287.903 l
S
0.765 0.773 0.78 SC
53.24 -2360.21 m
53.24 -2287.903 l
S
0.769 0.776 0.784 SC
53.706 -2360.21 m
53.706 -2287.903 l
S
0.773 0.776 0.784 SC
54.173 -2360.21 m
54.173 -2287.903 l
S
0.776 0.78 0.788 SC
54.639 -2360.21 m
54.639 -2287.903 l
S
0.776 0.784 0.792 SC
55.106 -2360.21 m
55.106 -2287.903 l
S
0.78 0.788 0.796 SC
55.572 -2360.21 m
55.572 -2287.903 l
S
0.784 0.792 0.8 SC
56.039 -2360.21 m
56.039 -2287.903 l
S
0.788 0.796 0.8 SC
56.505 -2360.21 m
56.505 -2287.903 l
S
0.792 0.796 0.804 SC
56.972 -2360.21 m
56.972 -2287.903 l
S
0.796 0.8 0.808 SC
57.438 -2360.21 m
57.438 -2287.903 l
S
0.796 0.804 0.812 SC
57.905 -2360.21 m
57.905 -2287.903 l
S
0.8 0.808 0.816 SC
58.371 -2360.21 m
58.371 -2287.903 l
S
0.804 0.812 0.816 SC
58.838 -2360.21 m
58.838 -2287.903 l
S
0.808 0.812 0.82 SC
59.304 -2360.21 m
59.304 -2287.903 l
S
0.812 0.816 0.824 SC
59.771 -2360.21 m
59.771 -2287.903 l
S
0.816 0.82 0.827 SC
60.237 -2360.21 m
60.237 -2287.903 l
S
0.816 0.824 0.831 SC
60.704 -2360.21 m
60.704 -2287.903 l
S
0.82 0.827 0.831 SC
61.17 -2360.21 m
61.17 -2287.903 l
S
0.824 0.831 0.835 SC
61.637 -2360.21 m
61.637 -2287.903 l
S
0.827 0.831 0.839 SC
62.103 -2360.21 m
62.103 -2287.903 l
S
0.831 0.835 0.843 SC
62.57 -2360.21 m
62.57 -2287.903 l
S
0.835 0.839 0.843 SC
63.036 -2360.21 m
63.036 -2287.903 l
S
0.835 0.843 0.847 SC
63.503 -2360.21 m
63.503 -2287.903 l
S
0.839 0.847 0.851 SC
63.969 -2360.21 m
63.969 -2287.903 l
S
0.843 0.847 0.855 SC
64.436 -2360.21 m
64.436 -2287.903 l
S
0.847 0.851 0.859 SC
64.902 -2360.21 m
64.902 -2287.903 l
S
0.851 0.855 0.859 SC
65.369 -2360.21 m
65.369 -2287.903 l
S
0.855 0.859 0.863 SC
65.835 -2360.21 m
65.835 -2287.903 l
S
0.855 0.863 0.867 SC
66.302 -2360.21 m
66.302 -2287.903 l
S
0.859 0.863 0.871 SC
66.768 -2360.21 m
66.768 -2287.903 l
S
0.863 0.867 0.875 SC
67.235 -2360.21 m
67.235 -2287.903 l
S
0.867 0.871 0.875 SC
67.701 -2360.21 m
67.701 -2287.903 l
S
0.871 0.875 0.878 SC
68.168 -2360.21 m
68.168 -2287.903 l
S
0.875 0.878 0.882 SC
68.634 -2360.21 m
68.634 -2287.903 l
S
0.875 0.882 0.886 SC
69.101 -2360.21 m
69.101 -2287.903 l
S
0.878 0.882 0.89 SC
69.567 -2360.21 m
69.567 -2287.903 l
S
0.882 0.886 0.89 SC
70.034 -2360.21 m
70.034 -2287.903 l
S
0.886 0.89 0.894 SC
70.5 -2360.21 m
70.5 -2287.903 l
S
0.89 0.894 0.898 SC
70.967 -2360.21 m
70.967 -2287.903 l
S
0.894 0.898 0.902 SC
71.433 -2360.21 m
71.433 -2287.903 l
S
0.898 0.898 0.902 SC
71.9 -2360.21 m
71.9 -2287.903 l
S
0.898 0.902 0.906 SC
72.366 -2360.21 m
72.366 -2287.903 l
S
0.902 0.906 0.91 SC
72.833 -2360.21 m
72.833 -2287.903 l
S
0.906 0.91 0.914 SC
73.299 -2360.21 m
73.299 -2287.903 l
S
0.91 0.914 0.918 SC
73.766 -2360.21 m
73.766 -2287.903 l
S
0.914 0.918 0.922 SC
74.232 -2360.21 m
74.232 -2287.903 l
S
0.918 0.922 0.922 SC
74.699 -2360.21 m
74.699 -2287.903 l
S
0.922 0.922 0.925 SC
75.165 -2360.21 m
75.165 -2287.903 l
S
0.922 0.925 0.929 SC
75.632 -2360.21 m
75.632 -2287.903 l
S
0.925 0.929 0.933 SC
76.098 -2360.21 m
76.098 -2287.903 l
S
0.929 0.933 0.933 SC
76.565 -2360.21 m
76.565 -2287.903 l
S
0.933 0.937 0.937 SC
77.031 -2360.21 m
77.031 -2287.903 l
S
0.937 0.937 0.941 SC
77.498 -2360.21 m
77.498 -2287.903 l
S
0.941 0.941 0.945 SC
77.964 -2360.21 m
77.964 -2287.903 l
S
0.945 0.945 0.949 SC
78.431 -2360.21 m
78.431 -2287.903 l
S
0.945 0.949 0.949 SC
78.897 -2360.21 m
78.897 -2287.903 l
S
0.949 0.953 0.953 SC
79.364 -2360.21 m
79.364 -2287.903 l
S
0.953 0.957 0.957 SC
79.83 -2360.21 m
79.83 -2287.903 l
S
0.957 0.957 0.961 SC
80.297 -2360.21 m
80.297 -2287.903 l
S
0.961 0.961 0.965 SC
80.763 -2360.21 m
80.763 -2287.903 l
S
0.965 0.965 0.969 SC
81.23 -2360.21 m
81.23 -2287.903 l
S
0.969 0.969 0.969 SC
81.696 -2360.21 m
81.696 -2287.903 l
S
0.973 0.973 0.973 SC
82.163 -2360.21 m
82.163 -2287.903 l
S
0.976 0.976 0.976 SC
82.629 -2360.21 m
82.629 -2287.903 l
S
0.98 0.98 0.984 SC
83.096 -2360.21 m
83.096 -2287.903 l
S
0.988 0.988 0.988 SC
83.562 -2360.21 m
83.562 -2287.903 l
S
0.992 0.992 0.992 SC
84.029 -2360.21 m
84.029 -2287.903 l
S
1 1 1 SC
84.495 -2360.21 m
84.495 -2287.903 l
S
Q
Q
q
1 i 
-9 851 613 -860 re
0 841 m
W n
0.03 841.02 595.02 -841.02 re
W n
/Cs5 cs 0.161 0.145 0.149 sc
/GS1 gs
0.03 841.02 35.4 -6.11 re
f
/Cs5 CS 0.161 0.145 0.149 SC
0 J 0 j 0.3 w 10 M []0 d
28.347 841.076 m
28.347 805.006 l
S
286.3 22.8 22.68 -22.8 re
f
BT
/F1 1 Tf
10 0 0 10 289.2992 7.7671 Tm
1 1 1 sc
-0.0002 Tc
0 Tw
(634)Tj
/F3 1 Tf
7 0 0 7 35.4331 17.5374 Tm
0.161 0.145 0.149 sc
-0.0001 Tc
-0.0306 Tw
[(Swissmedic Jour)-17.9(nal)-1111.9(9/2002)]TJ
/F2 1 Tf
10 0 0 10 85.0394 763.6339 Tm
-0.0336 Tw
[(01)-1044.2(Aranesp 10 Mikr)17.7(ogramm, Injektionslösung in Fertigspritze)]TJ
0 -1.2835 TD
[(02)-1044.2(Aranesp 15 Mikr)17.7(ogramm, Injektionslösung in Fertigspritze)]TJ
T*
[(03)-1044.2(Aranesp 20 Mikr)17.7(ogramm, Injektionslösung in Fertigspritze)]TJ
T*
[(04)-1044.2(Aranesp 30 Mikr)17.7(ogramm, Injektionslösung in Fertigspritze)]TJ
T*
[(05)-1044.2(Aranesp 40 Mikr)17.7(ogramm, Injektionslösung in Fertigspritze)]TJ
T*
[(06)-1044.2(Aranesp 50 Mikr)17.7(ogramm, Injektionslösung in Fertigspritze)]TJ
T*
[(07)-1044.2(Aranesp 60 Mikr)17.7(ogramm, Injektionslösung in Fertigspritze)]TJ
T*
[(08)-1044.2(Aranesp 80 Mikr)17.7(ogramm, Injektionslösung in Fertigspritze)]TJ
T*
[(09)-1044.2(Aranesp 100 Mikr)17.7(ogramm, Injektionslösung in Fertigspritze)]TJ
T*
[(10)-1044.2(Aranesp 150 Mikr)17.7(ogramm, Injektionslösung in Fertigspritze)]TJ
T*
[(11)-1044.2(Aranesp 300 Mikr)17.7(ogramm, Injektionslösung in Fertigspritze)]TJ
/F5 1 Tf
0 -1.4174 TD
-0.0306 Tw
(Amgen Switzerland AG, Alpenquai 30, 6005 Luzern)Tj
ET
0.4 w 
85.04 613.16 m
552.76 613.16 l
85.04 595.47 m
552.76 595.47 l
S
BT
10 0 0 10 85.0394 600.7748 Tm
-0.0002 Tc
0 Tw
[(Zul.-Nr)91.6(.: )]TJ
/F2 1 Tf
3.8771 0 TD
(55725)Tj
/F5 1 Tf
8.8788 0 TD
0 Tc
(V)Tj
0.6301 0 TD
-0.0001 Tc
(erkaufsart: )Tj
/F2 1 Tf
5.3041 0 TD
0 Tc
(A)Tj
/F5 1 Tf
6.8216 0 TD
-0.0001 Tc
-0.0306 Tw
[(Index: 06.07.3.)-9563.5(13.09.2002)]TJ
-25.5118 -2.2428 TD
0 Tw
[(Zusammensetzung:)-921.1(01)]TJ
8.3 0 0 8.3 198.4252 578.3467 Tm
0.0881 Tw
[(DARBEPOETINUM ALF)36.7(A 10)-278.1(ug, NA)73.7(TRII PHOSPHA)73.7(TES, NA)73.7(TRII CHLORIDUM, POL)91.5(YSORBA)73.7(TUM)]TJ
0 -1.3661 TD
-0.0306 Tw
[(80, AQUA q.s. ad SOLUTIONEM pro 0.4)-278.1(mL corresp. DARBEPOETINUM ALF)36.7(A 25)-278.1(ug pro 1)-278.1(mL. )]TJ
10 0 0 10 184.252 552.8341 Tm
-0.0002 Tc
0 Tw
(02)Tj
8.3 0 0 8.3 198.4252 552.8341 Tm
-0.0001 Tc
0.0881 Tw
[(DARBEPOETINUM ALF)36.7(A 15)-278.1(ug, NA)73.7(TRII PHOSPHA)73.7(TES, NA)73.7(TRII CHLORIDUM, POL)91.5(YSORBA)73.7(TUM)]TJ
T*
-0.0783 Tw
[(80, AQUA q.s. ad SOLUTIONEM pro 0.375)-278.1(mL corresp. DARBEPOETINUM ALF)36.7(A 40)-278.1(ug pro 1)-278.1(mL. )]TJ
10 0 0 10 184.252 527.3215 Tm
-0.0002 Tc
0 Tw
(03)Tj
8.3 0 0 8.3 198.4252 527.3215 Tm
-0.0001 Tc
0.0881 Tw
[(DARBEPOETINUM ALF)36.7(A 20)-278.1(ug, NA)73.7(TRII PHOSPHA)73.7(TES, NA)73.7(TRII CHLORIDUM, POL)91.5(YSORBA)73.7(TUM)]TJ
T*
-0.0306 Tw
[(80, AQUA q.s. ad SOLUTIONEM pro 0.5)-278.1(mL corresp. DARBEPOETINUM ALF)36.7(A 40)-278.1(ug pro 1)-278.1(mL. )]TJ
10 0 0 10 184.252 501.8089 Tm
-0.0002 Tc
0 Tw
(04)Tj
8.3 0 0 8.3 198.4252 501.8089 Tm
-0.0001 Tc
0.0881 Tw
[(DARBEPOETINUM ALF)36.7(A 30)-278.1(ug, NA)73.7(TRII PHOSPHA)73.7(TES, NA)73.7(TRII CHLORIDUM, POL)91.5(YSORBA)73.7(TUM)]TJ
T*
-0.032 Tw
[(80, AQUA q.s. ad SOLUTIONEM pro 0.3)-278.1(mL corresp. DARBEPOETINUM ALF)36.7(A 100)-278.1(ug pro 1)-278.1(mL. )]TJ
10 0 0 10 184.252 476.2963 Tm
-0.0002 Tc
0 Tw
(05)Tj
8.3 0 0 8.3 198.4252 476.2962 Tm
-0.0001 Tc
0.0881 Tw
[(DARBEPOETINUM ALF)36.7(A 40)-278.1(ug, NA)73.7(TRII PHOSPHA)73.7(TES, NA)73.7(TRII CHLORIDUM, POL)91.5(YSORBA)73.7(TUM)]TJ
T*
-0.032 Tw
[(80, AQUA q.s. ad SOLUTIONEM pro 0.4)-278.1(mL corresp. DARBEPOETINUM ALF)36.7(A 100)-278.1(ug pro 1)-278.1(mL. )]TJ
10 0 0 10 184.252 450.7836 Tm
-0.0002 Tc
0 Tw
(06)Tj
8.3 0 0 8.3 198.4252 450.7836 Tm
-0.0001 Tc
0.0881 Tw
[(DARBEPOETINUM ALF)36.7(A 50)-278.1(ug, NA)73.7(TRII PHOSPHA)73.7(TES, NA)73.7(TRII CHLORIDUM, POL)91.5(YSORBA)73.7(TUM)]TJ
T*
-0.032 Tw
[(80, AQUA q.s. ad SOLUTIONEM pro 0.5)-278.1(mL corresp. DARBEPOETINUM ALF)36.7(A 100)-278.1(ug pro 1)-278.1(mL. )]TJ
10 0 0 10 184.252 425.271 Tm
-0.0002 Tc
0 Tw
(07)Tj
8.3 0 0 8.3 198.4252 425.271 Tm
-0.0001 Tc
0.0881 Tw
[(DARBEPOETINUM ALF)36.7(A 60)-278.1(ug, NA)73.7(TRII PHOSPHA)73.7(TES, NA)73.7(TRII CHLORIDUM, POL)91.5(YSORBA)73.7(TUM)]TJ
T*
-0.032 Tw
[(80, AQUA q.s. ad SOLUTIONEM pro 0.3)-278.1(mL corresp. DARBEPOETINUM ALF)36.7(A 200)-278.1(ug pro 1)-278.1(mL. )]TJ
10 0 0 10 184.252 399.7584 Tm
-0.0002 Tc
0 Tw
(08)Tj
8.3 0 0 8.3 198.4252 399.7584 Tm
-0.0001 Tc
0.0881 Tw
[(DARBEPOETINUM ALF)36.7(A 80)-278.1(ug, NA)73.7(TRII PHOSPHA)73.7(TES, NA)73.7(TRII CHLORIDUM, POL)91.5(YSORBA)73.7(TUM)]TJ
T*
-0.032 Tw
[(80, AQUA q.s. ad SOLUTIONEM pro 0.4)-278.1(mL corresp. DARBEPOETINUM ALF)36.7(A 200)-278.1(ug pro 1)-278.1(mL. )]TJ
10 0 0 10 184.252 374.2458 Tm
-0.0002 Tc
0 Tw
(09)Tj
8.3 0 0 8.3 198.4252 374.2458 Tm
-0.0001 Tc
0.0087 Tw
[(DARBEPOETINUM ALF)36.7(A 100)-278.1(ug, NA)73.7(TRII PHOSPHA)73.7(TES, NA)73.7(TRII CHLORIDUM, POL)91.5(YSORBA)73.7(TUM)]TJ
T*
-0.032 Tw
[(80, AQUA q.s. ad SOLUTIONEM pro 0.5)-278.1(mL corresp. DARBEPOETINUM ALF)36.7(A 200)-278.1(ug pro 1)-278.1(mL. )]TJ
10 0 0 10 184.252 348.7332 Tm
-0.0002 Tc
0 Tw
(10)Tj
8.3 0 0 8.3 198.4252 348.7332 Tm
-0.0001 Tc
0.0087 Tw
[(DARBEPOETINUM ALF)36.7(A 150)-278.1(ug, NA)73.7(TRII PHOSPHA)73.7(TES, NA)73.7(TRII CHLORIDUM, POL)91.5(YSORBA)73.7(TUM)]TJ
T*
-0.032 Tw
[(80, AQUA q.s. ad SOLUTIONEM pro 0.3)-278.1(mL corresp. DARBEPOETINUM ALF)36.7(A 500)-278.1(ug pro 1)-278.1(mL. )]TJ
10 0 0 10 184.252 323.2205 Tm
-0.0002 Tc
0 Tw
(11)Tj
8.3 0 0 8.3 198.4252 323.2205 Tm
-0.0001 Tc
0.0087 Tw
[(DARBEPOETINUM ALF)36.7(A 300)-278.1(ug, NA)73.7(TRII PHOSPHA)73.7(TES, NA)73.7(TRII CHLORIDUM, POL)91.5(YSORBA)73.7(TUM)]TJ
T*
-0.032 Tw
[(80, AQUA q.s. ad SOLUTIONEM pro 0.6)-278.1(mL corresp. DARBEPOETINUM ALF)36.7(A 500)-278.1(ug pro 1)-278.1(mL. )]TJ
10 0 0 10 85.0394 297.7079 Tm
-0.0306 Tw
[(Anwendung:)-5285.2(Stimulierung der Erythropoese)]TJ
0 -1.4174 TD
0 Tw
[(Packungen:)-4532.7(01)-305.6(002)-7697.7(1)-566.9(Fertigspritze\(n\))-11598.7(A)]TJ
11.3386 -1.4174 TD
[(004)-7697.7(4)-566.9(Fertigspritze\(n\))-11598.7(A)]TJ
-1.4173 -1.4174 TD
[(02)-305.6(006)-7697.7(1)-566.9(Fertigspritze\(n\))-11598.7(A)]TJ
1.4173 -1.4174 TD
[(008)-7697.7(4)-566.9(Fertigspritze\(n\))-11598.7(A)]TJ
-1.4173 -1.4174 TD
[(03)-305.6(010)-7697.7(1)-566.9(Fertigspritze\(n\))-11598.7(A)]TJ
1.4173 -1.4174 TD
[(012)-7697.7(4)-566.9(Fertigspritze\(n\))-11598.7(A)]TJ
-1.4173 -1.4174 TD
[(04)-305.6(014)-7697.7(1)-566.9(Fertigspritze\(n\))-11598.7(A)]TJ
1.4173 -1.4174 TD
[(016)-7697.7(4)-566.9(Fertigspritze\(n\))-11598.7(A)]TJ
-1.4173 -1.4174 TD
[(05)-305.6(018)-7697.7(1)-566.9(Fertigspritze\(n\))-11598.7(A)]TJ
1.4173 -1.4174 TD
[(020)-7697.7(4)-566.9(Fertigspritze\(n\))-11598.7(A)]TJ
-1.4173 -1.4174 TD
[(06)-305.6(022)-7697.7(1)-566.9(Fertigspritze\(n\))-11598.7(A)]TJ
1.4173 -1.4174 TD
[(024)-7697.7(4)-566.9(Fertigspritze\(n\))-11598.7(A)]TJ
-1.4173 -1.4174 TD
[(07)-305.6(026)-7697.7(1)-566.9(Fertigspritze\(n\))-11598.7(A)]TJ
1.4173 -1.4174 TD
[(028)-7697.7(4)-566.9(Fertigspritze\(n\))-11598.7(A)]TJ
-1.4173 -1.4174 TD
[(08)-305.6(030)-7697.7(1)-566.9(Fertigspritze\(n\))-11598.7(A)]TJ
1.4173 -1.4174 TD
[(032)-7697.7(4)-566.9(Fertigspritze\(n\))-11598.7(A)]TJ
ET
Q

q
1 i 
-9 851 613 -860 re
0 841 m
W n
0.03 841.02 595.02 -841.02 re
W n
/Cs5 cs 0.161 0.145 0.149 sc
/GS1 gs
286.57 22.8 22.68 -22.8 re
f
BT
/F1 1 Tf
10 0 0 10 289.5747 7.7671 Tm
1 1 1 sc
-0.0002 Tc
0 Tw
(635)Tj
/F3 1 Tf
7 0 0 7 473.8676 17.5374 Tm
0.161 0.145 0.149 sc
-0.0001 Tc
-0.0306 Tw
[(Swissmedic Jour)-17.9(nal)-1111.9(9/2002)]TJ
/F4 1 Tf
12.5 0 0 12.5 285.8058 811.7825 Tm
-0.0286 Tw
[(Arzneimittel Statistik)-130(/)-129.9(M)0.1(édicaments miscellanées)]TJ
ET
/Cs5 CS 0.161 0.145 0.149 SC
0 J 0 j 0.3 w 10 M []0 d
42.8 805.15 m
567.2 805.15 l
S
Q
q
1 i 
361.69 850.5 198.43 -24.09 re
560.097 811.782 m
W* n
-9 851 613 -860 re
0 841 m
W n
0.03 841.02 595.02 -841.02 re
W n
q
2.7718 0 0 -0.3608 0 0 cm
/Cs5 CS 1 1 1 SC
0 J 0 j 0.5 w 10 M []0 d
/GS1 gs
130.36 -2360.21 m
130.36 -2287.903 l
S
0.992 0.992 0.992 SC
130.827 -2360.21 m
130.827 -2287.903 l
S
0.988 0.988 0.988 SC
131.293 -2360.21 m
131.293 -2287.903 l
S
0.98 0.98 0.984 SC
131.76 -2360.21 m
131.76 -2287.903 l
S
0.976 0.976 0.976 SC
132.226 -2360.21 m
132.226 -2287.903 l
S
0.973 0.973 0.973 SC
132.693 -2360.21 m
132.693 -2287.903 l
S
0.969 0.969 0.969 SC
133.159 -2360.21 m
133.159 -2287.903 l
S
0.965 0.965 0.969 SC
133.626 -2360.21 m
133.626 -2287.903 l
S
0.961 0.961 0.965 SC
134.092 -2360.21 m
134.092 -2287.903 l
S
0.957 0.957 0.961 SC
134.559 -2360.21 m
134.559 -2287.903 l
S
0.953 0.957 0.957 SC
135.025 -2360.21 m
135.025 -2287.903 l
S
0.949 0.953 0.953 SC
135.492 -2360.21 m
135.492 -2287.903 l
S
0.945 0.949 0.949 SC
135.958 -2360.21 m
135.958 -2287.903 l
S
0.945 0.945 0.949 SC
136.425 -2360.21 m
136.425 -2287.903 l
S
0.941 0.941 0.945 SC
136.891 -2360.21 m
136.891 -2287.903 l
S
0.937 0.937 0.941 SC
137.358 -2360.21 m
137.358 -2287.903 l
S
0.933 0.937 0.937 SC
137.824 -2360.21 m
137.824 -2287.903 l
S
0.929 0.933 0.933 SC
138.291 -2360.21 m
138.291 -2287.903 l
S
0.925 0.929 0.933 SC
138.757 -2360.21 m
138.757 -2287.903 l
S
0.922 0.925 0.929 SC
139.224 -2360.21 m
139.224 -2287.903 l
S
0.922 0.922 0.925 SC
139.69 -2360.21 m
139.69 -2287.903 l
S
0.918 0.922 0.922 SC
140.157 -2360.21 m
140.157 -2287.903 l
S
0.914 0.918 0.922 SC
140.623 -2360.21 m
140.623 -2287.903 l
S
0.91 0.914 0.918 SC
141.09 -2360.21 m
141.09 -2287.903 l
S
0.906 0.91 0.914 SC
141.556 -2360.21 m
141.556 -2287.903 l
S
0.902 0.906 0.91 SC
142.023 -2360.21 m
142.023 -2287.903 l
S
0.898 0.902 0.906 SC
142.489 -2360.21 m
142.489 -2287.903 l
S
0.898 0.898 0.902 SC
142.956 -2360.21 m
142.956 -2287.903 l
S
0.894 0.898 0.902 SC
143.422 -2360.21 m
143.422 -2287.903 l
S
0.89 0.894 0.898 SC
143.889 -2360.21 m
143.889 -2287.903 l
S
0.886 0.89 0.894 SC
144.355 -2360.21 m
144.355 -2287.903 l
S
0.882 0.886 0.89 SC
144.822 -2360.21 m
144.822 -2287.903 l
S
0.878 0.882 0.89 SC
145.288 -2360.21 m
145.288 -2287.903 l
S
0.875 0.882 0.886 SC
145.755 -2360.21 m
145.755 -2287.903 l
S
0.875 0.878 0.882 SC
146.221 -2360.21 m
146.221 -2287.903 l
S
0.871 0.875 0.878 SC
146.688 -2360.21 m
146.688 -2287.903 l
S
0.867 0.871 0.875 SC
147.154 -2360.21 m
147.154 -2287.903 l
S
0.863 0.867 0.875 SC
147.621 -2360.21 m
147.621 -2287.903 l
S
0.859 0.863 0.871 SC
148.087 -2360.21 m
148.087 -2287.903 l
S
0.855 0.863 0.867 SC
148.554 -2360.21 m
148.554 -2287.903 l
S
0.855 0.859 0.863 SC
149.02 -2360.21 m
149.02 -2287.903 l
S
0.851 0.855 0.859 SC
149.487 -2360.21 m
149.487 -2287.903 l
S
0.847 0.851 0.859 SC
149.953 -2360.21 m
149.953 -2287.903 l
S
0.843 0.847 0.855 SC
150.42 -2360.21 m
150.42 -2287.903 l
S
0.839 0.847 0.851 SC
150.886 -2360.21 m
150.886 -2287.903 l
S
0.835 0.843 0.847 SC
151.353 -2360.21 m
151.353 -2287.903 l
S
0.835 0.839 0.843 SC
151.819 -2360.21 m
151.819 -2287.903 l
S
0.831 0.835 0.843 SC
152.286 -2360.21 m
152.286 -2287.903 l
S
0.827 0.831 0.839 SC
152.752 -2360.21 m
152.752 -2287.903 l
S
0.824 0.831 0.835 SC
153.219 -2360.21 m
153.219 -2287.903 l
S
0.82 0.827 0.831 SC
153.685 -2360.21 m
153.685 -2287.903 l
S
0.816 0.824 0.831 SC
154.152 -2360.21 m
154.152 -2287.903 l
S
0.816 0.82 0.827 SC
154.618 -2360.21 m
154.618 -2287.903 l
S
0.812 0.816 0.824 SC
155.085 -2360.21 m
155.085 -2287.903 l
S
0.808 0.812 0.82 SC
155.551 -2360.21 m
155.551 -2287.903 l
S
0.804 0.812 0.816 SC
156.018 -2360.21 m
156.018 -2287.903 l
S
0.8 0.808 0.816 SC
156.484 -2360.21 m
156.484 -2287.903 l
S
0.796 0.804 0.812 SC
156.951 -2360.21 m
156.951 -2287.903 l
S
0.796 0.8 0.808 SC
157.417 -2360.21 m
157.417 -2287.903 l
S
0.792 0.796 0.804 SC
157.884 -2360.21 m
157.884 -2287.903 l
S
0.788 0.796 0.8 SC
158.35 -2360.21 m
158.35 -2287.903 l
S
0.784 0.792 0.8 SC
158.817 -2360.21 m
158.817 -2287.903 l
S
0.78 0.788 0.796 SC
159.283 -2360.21 m
159.283 -2287.903 l
S
0.776 0.784 0.792 SC
159.75 -2360.21 m
159.75 -2287.903 l
S
0.776 0.78 0.788 SC
160.216 -2360.21 m
160.216 -2287.903 l
S
0.773 0.776 0.784 SC
160.683 -2360.21 m
160.683 -2287.903 l
S
0.769 0.776 0.784 SC
161.149 -2360.21 m
161.149 -2287.903 l
S
0.765 0.773 0.78 SC
161.616 -2360.21 m
161.616 -2287.903 l
S
0.761 0.769 0.776 SC
162.082 -2360.21 m
162.082 -2287.903 l
S
0.757 0.765 0.773 SC
162.549 -2360.21 m
162.549 -2287.903 l
S
0.753 0.761 0.769 SC
163.015 -2360.21 m
163.015 -2287.903 l
163.482 -2360.21 m
163.482 -2287.903 l
S
0.749 0.757 0.765 SC
163.948 -2360.21 m
163.948 -2287.903 l
S
0.745 0.753 0.761 SC
164.415 -2360.21 m
164.415 -2287.903 l
S
0.741 0.749 0.757 SC
164.881 -2360.21 m
164.881 -2287.903 l
S
0.737 0.745 0.753 SC
165.348 -2360.21 m
165.348 -2287.903 l
S
0.733 0.741 0.753 SC
165.814 -2360.21 m
165.814 -2287.903 l
S
0.733 0.741 0.749 SC
166.281 -2360.21 m
166.281 -2287.903 l
166.747 -2360.21 m
166.747 -2287.903 l
S
0.729 0.737 0.745 SC
167.214 -2360.21 m
167.214 -2287.903 l
S
0.725 0.733 0.741 SC
167.68 -2360.21 m
167.68 -2287.903 l
S
0.722 0.729 0.737 SC
168.147 -2360.21 m
168.147 -2287.903 l
S
0.718 0.725 0.737 SC
168.613 -2360.21 m
168.613 -2287.903 l
S
0.714 0.722 0.733 SC
169.08 -2360.21 m
169.08 -2287.903 l
S
0.714 0.722 0.729 SC
169.546 -2360.21 m
169.546 -2287.903 l
S
0.71 0.718 0.725 SC
170.013 -2360.21 m
170.013 -2287.903 l
S
0.706 0.714 0.722 SC
170.479 -2360.21 m
170.479 -2287.903 l
S
0.702 0.71 0.722 SC
170.946 -2360.21 m
170.946 -2287.903 l
S
0.698 0.706 0.718 SC
171.412 -2360.21 m
171.412 -2287.903 l
S
0.698 0.706 0.714 SC
171.879 -2360.21 m
171.879 -2287.903 l
S
0.694 0.702 0.71 SC
172.345 -2360.21 m
172.345 -2287.903 l
S
0.69 0.698 0.706 SC
172.812 -2360.21 m
172.812 -2287.903 l
S
0.686 0.694 0.706 SC
173.278 -2360.21 m
173.278 -2287.903 l
S
0.682 0.69 0.702 SC
173.745 -2360.21 m
173.745 -2287.903 l
S
0.682 0.69 0.698 SC
174.211 -2360.21 m
174.211 -2287.903 l
S
0.678 0.686 0.694 SC
174.678 -2360.21 m
174.678 -2287.903 l
S
0.675 0.682 0.69 SC
175.144 -2360.21 m
175.144 -2287.903 l
S
0.671 0.678 0.69 SC
175.611 -2360.21 m
175.611 -2287.903 l
S
0.667 0.675 0.686 SC
176.077 -2360.21 m
176.077 -2287.903 l
S
0.663 0.675 0.682 SC
176.544 -2360.21 m
176.544 -2287.903 l
S
0.663 0.671 0.678 SC
177.01 -2360.21 m
177.01 -2287.903 l
S
0.659 0.667 0.678 SC
177.477 -2360.21 m
177.477 -2287.903 l
S
0.655 0.663 0.675 SC
177.943 -2360.21 m
177.943 -2287.903 l
S
0.651 0.659 0.671 SC
178.41 -2360.21 m
178.41 -2287.903 l
S
0.651 0.659 0.667 SC
178.876 -2360.21 m
178.876 -2287.903 l
S
0.647 0.655 0.663 SC
179.343 -2360.21 m
179.343 -2287.903 l
S
0.643 0.651 0.663 SC
179.809 -2360.21 m
179.809 -2287.903 l
S
0.639 0.647 0.659 SC
180.276 -2360.21 m
180.276 -2287.903 l
S
0.635 0.643 0.655 SC
180.742 -2360.21 m
180.742 -2287.903 l
S
0.635 0.643 0.651 SC
181.209 -2360.21 m
181.209 -2287.903 l
S
0.631 0.639 0.647 SC
181.675 -2360.21 m
181.675 -2287.903 l
S
0.627 0.635 0.647 SC
182.142 -2360.21 m
182.142 -2287.903 l
S
0.624 0.631 0.643 SC
182.608 -2360.21 m
182.608 -2287.903 l
S
0.62 0.631 0.639 SC
183.075 -2360.21 m
183.075 -2287.903 l
S
0.62 0.627 0.635 SC
183.541 -2360.21 m
183.541 -2287.903 l
S
0.616 0.624 0.635 SC
184.008 -2360.21 m
184.008 -2287.903 l
S
0.612 0.62 0.631 SC
184.474 -2360.21 m
184.474 -2287.903 l
S
0.608 0.616 0.627 SC
184.941 -2360.21 m
184.941 -2287.903 l
S
0.608 0.616 0.624 SC
185.407 -2360.21 m
185.407 -2287.903 l
S
0.604 0.612 0.624 SC
185.874 -2360.21 m
185.874 -2287.903 l
S
0.6 0.608 0.62 SC
186.34 -2360.21 m
186.34 -2287.903 l
S
0.596 0.604 0.616 SC
186.806 -2360.21 m
186.806 -2287.903 l
S
0.596 0.604 0.612 SC
187.273 -2360.21 m
187.273 -2287.903 l
S
0.592 0.6 0.608 SC
187.739 -2360.21 m
187.739 -2287.903 l
S
0.588 0.596 0.608 SC
188.206 -2360.21 m
188.206 -2287.903 l
S
0.584 0.592 0.604 SC
188.672 -2360.21 m
188.672 -2287.903 l
S
0.584 0.592 0.6 SC
189.139 -2360.21 m
189.139 -2287.903 l
S
0.58 0.588 0.596 SC
189.605 -2360.21 m
189.605 -2287.903 l
S
0.576 0.584 0.596 SC
190.072 -2360.21 m
190.072 -2287.903 l
S
0.573 0.58 0.592 SC
190.538 -2360.21 m
190.538 -2287.903 l
S
0.573 0.58 0.588 SC
191.005 -2360.21 m
191.005 -2287.903 l
S
0.569 0.576 0.588 SC
191.471 -2360.21 m
191.471 -2287.903 l
S
0.565 0.573 0.584 SC
191.938 -2360.21 m
191.938 -2287.903 l
S
0.561 0.569 0.58 SC
192.404 -2360.21 m
192.404 -2287.903 l
S
0.561 0.569 0.576 SC
192.871 -2360.21 m
192.871 -2287.903 l
S
0.557 0.565 0.576 SC
193.337 -2360.21 m
193.337 -2287.903 l
S
0.553 0.561 0.573 SC
193.804 -2360.21 m
193.804 -2287.903 l
S
0.549 0.557 0.569 SC
194.27 -2360.21 m
194.27 -2287.903 l
S
0.549 0.557 0.565 SC
194.737 -2360.21 m
194.737 -2287.903 l
S
0.545 0.553 0.565 SC
195.203 -2360.21 m
195.203 -2287.903 l
S
0.541 0.549 0.561 SC
195.67 -2360.21 m
195.67 -2287.903 l
S
0.537 0.545 0.557 SC
196.136 -2360.21 m
196.136 -2287.903 l
S
0.537 0.545 0.553 SC
196.603 -2360.21 m
196.603 -2287.903 l
S
0.533 0.541 0.553 SC
197.069 -2360.21 m
197.069 -2287.903 l
S
0.529 0.537 0.549 SC
197.536 -2360.21 m
197.536 -2287.903 l
S
0.529 0.533 0.545 SC
198.002 -2360.21 m
198.002 -2287.903 l
S
0.525 0.533 0.541 SC
198.469 -2360.21 m
198.469 -2287.903 l
S
0.522 0.529 0.541 SC
198.935 -2360.21 m
198.935 -2287.903 l
S
0.518 0.525 0.537 SC
199.402 -2360.21 m
199.402 -2287.903 l
S
0.518 0.525 0.533 SC
199.868 -2360.21 m
199.868 -2287.903 l
S
0.514 0.522 0.529 SC
200.335 -2360.21 m
200.335 -2287.903 l
S
0.51 0.518 0.529 SC
200.801 -2360.21 m
200.801 -2287.903 l
S
0.51 0.514 0.525 SC
201.268 -2360.21 m
201.268 -2287.903 l
S
0.506 0.514 0.522 SC
201.734 -2360.21 m
201.734 -2287.903 l
S
0.502 0.51 0.518 SC
202.201 -2360.21 m
202.201 -2287.903 l
S
Q
Q
q
1 i 
-9 851 613 -860 re
0 841 m
W n
0.03 841.02 595.02 -841.02 re
W n
/Cs5 cs 0.161 0.145 0.149 sc
/GS1 gs
560.12 841.02 34.93 -6.11 re
f
/Cs5 CS 0.161 0.145 0.149 SC
0 J 0 j 0.3 w 10 M []0 d
567.202 840.678 m
567.202 804.948 l
S
BT
/F5 1 Tf
10 0 0 10 142.0079 763.6339 Tm
-0.0001 Tc
0 Tw
[(09)-305.6(034)-7697.7(1)-566.9(Fertigspritze\(n\))-11598.7(A)]TJ
1.4173 -1.4174 TD
[(036)-7697.7(4)-566.9(Fertigspritze\(n\))-11598.7(A)]TJ
-1.4173 -1.4174 TD
[(10)-305.6(038)-7697.7(1)-566.9(Fertigspritze\(n\))-11598.7(A)]TJ
1.4173 -1.4174 TD
[(040)-7697.7(4)-566.9(Fertigspritze\(n\))-11598.7(A)]TJ
-1.4173 -1.4174 TD
[(11)-305.6(042)-7697.7(1)-566.9(Fertigspritze\(n\))-11598.7(A)]TJ
1.4173 -1.4174 TD
[(044)-7697.7(4)-566.9(Fertigspritze\(n\))-11598.7(A)]TJ
-11.3386 -1.4174 TD
-0.0306 Tw
[(Bemerkung:)-5671.9(55725 DARBEPOETINUM ALF)36.8(A = NCE \(neuer Wirkstof)17.7(f\))]TJ
T*
[(Gültig bis:)-6647.8(13. September 2007)]TJ
ET
0.4 w 
42.8 656 m
510.51 656 l
S
BT
/F2 1 Tf
10 0 0 10 42.7953 620.0089 Tm
-0.0336 Tw
[(01)-1044.2(Aranesp 15 Mikr)17.7(ogramm, Injektionslösung in Dur)17.7(chstechflasche)]TJ
0 -1.2835 TD
[(02)-1044.2(Aranesp 25 Mikr)17.7(ogramm, Injektionslösung in Dur)17.7(chstechflasche)]TJ
T*
[(03)-1044.2(Aranesp 40 Mikr)17.7(ogramm, Injektionslösung in Dur)17.7(chstechflasche)]TJ
T*
[(04)-1044.2(Aranesp 60 Mikr)17.7(ogramm, Injektionslösung in Dur)17.7(chstechflasche)]TJ
/F5 1 Tf
0 -1.4174 TD
-0.0306 Tw
(Amgen Switzerland AG, Alpenquai 30, 6005 Luzern)Tj
ET
42.8 559.38 m
510.51 559.38 l
42.8 541.69 m
510.51 541.69 l
S
BT
10 0 0 10 42.7953 546.9924 Tm
-0.0002 Tc
0 Tw
[(Zul.-Nr)91.6(.: )]TJ
/F2 1 Tf
3.8772 0 TD
(55726)Tj
/F5 1 Tf
8.8787 0 TD
0 Tc
(V)Tj
0.6301 0 TD
-0.0001 Tc
(erkaufsart: )Tj
/F2 1 Tf
5.3042 0 TD
0 Tc
(A)Tj
/F5 1 Tf
6.8216 0 TD
-0.0001 Tc
-0.0306 Tw
[(Index: 06.07.3.)-9563.5(13.09.2002)]TJ
-25.5118 -2.2428 TD
0 Tw
[(Zusammensetzung:)-921.1(01)]TJ
8.3 0 0 8.3 156.1811 524.5642 Tm
0.0881 Tw
[(DARBEPOETINUM ALF)36.7(A 15)-278.1(ug, NA)73.7(TRII PHOSPHA)73.7(TES, NA)73.7(TRII CHLORIDUM, POL)91.5(YSORBA)73.7(TUM)]TJ
0 -1.3661 TD
-0.0306 Tw
[(80, AQUA q.s. ad SOLUTIONEM pro 1)-278.1(mL. )]TJ
10 0 0 10 142.0079 499.0516 Tm
-0.0002 Tc
0 Tw
(02)Tj
8.3 0 0 8.3 156.1811 499.0516 Tm
-0.0001 Tc
0.0881 Tw
[(DARBEPOETINUM ALF)36.7(A 25)-278.1(ug, NA)73.7(TRII PHOSPHA)73.7(TES, NA)73.7(TRII CHLORIDUM, POL)91.5(YSORBA)73.7(TUM)]TJ
T*
-0.0306 Tw
[(80, AQUA q.s. ad SOLUTIONEM pro 1)-278.1(mL. )]TJ
10 0 0 10 142.0079 473.539 Tm
-0.0002 Tc
0 Tw
(03)Tj
8.3 0 0 8.3 156.1811 473.539 Tm
-0.0001 Tc
0.0881 Tw
[(DARBEPOETINUM ALF)36.7(A 40)-278.1(ug, NA)73.7(TRII PHOSPHA)73.7(TES, NA)73.7(TRII CHLORIDUM, POL)91.5(YSORBA)73.7(TUM)]TJ
T*
-0.0306 Tw
[(80, pro VITRO, AQUA q.s. ad SOLUTIONEM pro 1)-278.1(mL. )]TJ
10 0 0 10 142.0079 448.0264 Tm
-0.0002 Tc
0 Tw
(04)Tj
8.3 0 0 8.3 156.1811 448.0264 Tm
-0.0001 Tc
0.0881 Tw
[(DARBEPOETINUM ALF)36.7(A 60)-278.1(ug, NA)73.7(TRII PHOSPHA)73.7(TES, NA)73.7(TRII CHLORIDUM, POL)91.5(YSORBA)73.7(TUM)]TJ
T*
-0.0306 Tw
[(80, AQUA q.s. ad SOLUTIONEM pro 1)-278.1(mL. )]TJ
10 0 0 10 42.7953 422.5138 Tm
[(Anwendung:)-5285.2(Stimulierung der Erythropoese)]TJ
0 -1.4174 TD
-0.0002 Tc
0 Tw
[(Packungen:)-4532.8(01)-305.7(001)-7697.8(1)-567(Durchstichflasche\(n\))-9323.6(A)]TJ
11.3386 -1.4174 TD
[(003)-7697.8(4)-567(Durchstichflasche\(n\))-9323.6(A)]TJ
-1.4173 -1.4174 TD
[(02)-305.7(005)-7697.8(1)-567(Durchstichflasche\(n\))-9323.6(A)]TJ
1.4173 -1.4174 TD
[(007)-7697.8(4)-567(Durchstichflasche\(n\))-9323.6(A)]TJ
-1.4173 -1.4174 TD
[(03)-305.7(009)-7697.8(1)-567(Durchstichflasche\(n\))-9323.6(A)]TJ
1.4173 -1.4174 TD
[(011)-7697.8(4)-567(Durchstichflasche\(n\))-9323.6(A)]TJ
-1.4173 -1.4174 TD
[(04)-305.7(013)-7697.8(1)-567(Durchstichflasche\(n\))-9323.6(A)]TJ
1.4173 -1.4174 TD
[(015)-7697.8(4)-567(Durchstichflasche\(n\))-9323.6(A)]TJ
-11.3386 -1.4174 TD
-0.0001 Tc
-0.0306 Tw
[(Bemerkung:)-5671.9(DARBEPOETINUM ALF)36.7(A = NCE \(neuer Wirkstof)17.7(f\))]TJ
T*
[(Gültig bis:)-6647.8(13. September 2007)]TJ
ET
42.8 272.36 m
510.51 272.36 l
S
BT
/F2 1 Tf
10 0 0 10 42.7953 236.368 Tm
-0.0336 Tw
[(01)-1044.2(Bexin, Lutschtabletten)]TJ
/F5 1 Tf
T*
-0.0306 Tw
(Spirig Pharma AG, Froschacker 434, 4622 Egerkingen)Tj
ET
42.8 214.24 m
510.51 214.24 l
42.8 196.55 m
510.51 196.55 l
S
BT
10 0 0 10 42.7953 201.8554 Tm
-0.0002 Tc
0 Tw
[(Zul.-Nr)91.6(.: )]TJ
/F2 1 Tf
3.8772 0 TD
(55659)Tj
/F5 1 Tf
8.8787 0 TD
0 Tc
(V)Tj
0.6301 0 TD
-0.0001 Tc
(erkaufsart: )Tj
/F2 1 Tf
5.3042 0 TD
0 Tc
(C)Tj
/F5 1 Tf
6.8216 0 TD
-0.0001 Tc
-0.0306 Tw
[(Index: 03.01.1.)-9563.5(17.09.2002)]TJ
-25.5118 -2.2428 TD
0 Tw
[(Zusammensetzung:)-921.1(01)]TJ
8.3 0 0 8.3 156.1811 179.4273 Tm
0.2168 Tw
[(DEXTROMETHORPHANUM 25)-278.1(mg ut DEXTROMETHORPHANI HYDROBROMIDUM, CYCLA-)]TJ
0 -1.3661 TD
-0.0306 Tw
[(MAS, ASP)36.7(AR)17.7(T)54.8(AMUM, AROMA)73.7(TICA, EXCIPIENS pro COMPRESSO.)]TJ
10 0 0 10 42.7953 153.9146 Tm
-0.0002 Tc
0 Tw
[(Anwendung:)-5285.3(Husten)]TJ
0 -1.4174 TD
-0.0001 Tc
[(Packung:)-5699.4(01)-305.6(002)-7141.8(1)0.1(6)-567(Lutschtabletten)-11431.4(C)]TJ
T*
-0.0306 Tw
[(Gültig bis:)-6647.8(16. September 2007)]TJ
ET
42.8 117.15 m
510.51 117.15 l
S
Q

q
1 i 
-9 851 613 -860 re
0 841 m
W n
0.03 841.02 595.02 -841.02 re
W n
BT
/F4 1 Tf
12.5 0 0 12.5 34.4488 811.7822 Tm
/Cs5 cs 0.161 0.145 0.149 sc
/GS1 gs
-0.0001 Tc
-0.0286 Tw
[(Arzneimittel Statistik)-130(/)-129.9(M)0.1(édicaments miscellanées)]TJ
ET
/Cs5 CS 0.161 0.145 0.149 SC
0 J 0 j 0.3 w 10 M []0 d
28.35 805.15 m
552.76 805.15 l
S
Q
q
1 i 
35.43 850.5 198.43 -24.09 re
308.74 811.782 m
W* n
-9 851 613 -860 re
0 841 m
W n
0.03 841.02 595.02 -841.02 re
W n
q
2.7718 0 0 -0.3608 0 0 cm
/Cs5 CS 0.502 0.51 0.518 SC
0 J 0 j 0.5 w 10 M []0 d
/GS1 gs
12.655 -2360.21 m
12.655 -2287.903 l
S
0.506 0.514 0.522 SC
13.121 -2360.21 m
13.121 -2287.903 l
S
0.51 0.514 0.525 SC
13.588 -2360.21 m
13.588 -2287.903 l
S
0.51 0.518 0.529 SC
14.054 -2360.21 m
14.054 -2287.903 l
S
0.514 0.522 0.529 SC
14.521 -2360.21 m
14.521 -2287.903 l
S
0.518 0.525 0.533 SC
14.987 -2360.21 m
14.987 -2287.903 l
S
0.518 0.525 0.537 SC
15.454 -2360.21 m
15.454 -2287.903 l
S
0.522 0.529 0.541 SC
15.92 -2360.21 m
15.92 -2287.903 l
S
0.525 0.533 0.541 SC
16.387 -2360.21 m
16.387 -2287.903 l
S
0.529 0.533 0.545 SC
16.853 -2360.21 m
16.853 -2287.903 l
S
0.529 0.537 0.549 SC
17.32 -2360.21 m
17.32 -2287.903 l
S
0.533 0.541 0.553 SC
17.786 -2360.21 m
17.786 -2287.903 l
S
0.537 0.545 0.553 SC
18.253 -2360.21 m
18.253 -2287.903 l
S
0.537 0.545 0.557 SC
18.719 -2360.21 m
18.719 -2287.903 l
S
0.541 0.549 0.561 SC
19.186 -2360.21 m
19.186 -2287.903 l
S
0.545 0.553 0.565 SC
19.652 -2360.21 m
19.652 -2287.903 l
S
0.549 0.557 0.565 SC
20.119 -2360.21 m
20.119 -2287.903 l
S
0.549 0.557 0.569 SC
20.585 -2360.21 m
20.585 -2287.903 l
S
0.553 0.561 0.573 SC
21.052 -2360.21 m
21.052 -2287.903 l
S
0.557 0.565 0.576 SC
21.518 -2360.21 m
21.518 -2287.903 l
S
0.561 0.569 0.576 SC
21.985 -2360.21 m
21.985 -2287.903 l
S
0.561 0.569 0.58 SC
22.451 -2360.21 m
22.451 -2287.903 l
S
0.565 0.573 0.584 SC
22.918 -2360.21 m
22.918 -2287.903 l
S
0.569 0.576 0.588 SC
23.384 -2360.21 m
23.384 -2287.903 l
S
0.573 0.58 0.588 SC
23.851 -2360.21 m
23.851 -2287.903 l
S
0.573 0.58 0.592 SC
24.317 -2360.21 m
24.317 -2287.903 l
S
0.576 0.584 0.596 SC
24.784 -2360.21 m
24.784 -2287.903 l
S
0.58 0.588 0.596 SC
25.25 -2360.21 m
25.25 -2287.903 l
S
0.584 0.592 0.6 SC
25.717 -2360.21 m
25.717 -2287.903 l
S
0.584 0.592 0.604 SC
26.183 -2360.21 m
26.183 -2287.903 l
S
0.588 0.596 0.608 SC
26.65 -2360.21 m
26.65 -2287.903 l
S
0.592 0.6 0.608 SC
27.116 -2360.21 m
27.116 -2287.903 l
S
0.596 0.604 0.612 SC
27.583 -2360.21 m
27.583 -2287.903 l
S
0.596 0.604 0.616 SC
28.049 -2360.21 m
28.049 -2287.903 l
S
0.6 0.608 0.62 SC
28.516 -2360.21 m
28.516 -2287.903 l
S
0.604 0.612 0.624 SC
28.982 -2360.21 m
28.982 -2287.903 l
S
0.608 0.616 0.624 SC
29.449 -2360.21 m
29.449 -2287.903 l
S
0.608 0.616 0.627 SC
29.915 -2360.21 m
29.915 -2287.903 l
S
0.612 0.62 0.631 SC
30.382 -2360.21 m
30.382 -2287.903 l
S
0.616 0.624 0.635 SC
30.848 -2360.21 m
30.848 -2287.903 l
S
0.62 0.627 0.635 SC
31.315 -2360.21 m
31.315 -2287.903 l
S
0.62 0.631 0.639 SC
31.781 -2360.21 m
31.781 -2287.903 l
S
0.624 0.631 0.643 SC
32.248 -2360.21 m
32.248 -2287.903 l
S
0.627 0.635 0.647 SC
32.714 -2360.21 m
32.714 -2287.903 l
S
0.631 0.639 0.647 SC
33.181 -2360.21 m
33.181 -2287.903 l
S
0.635 0.643 0.651 SC
33.647 -2360.21 m
33.647 -2287.903 l
S
0.635 0.643 0.655 SC
34.113 -2360.21 m
34.113 -2287.903 l
S
0.639 0.647 0.659 SC
34.58 -2360.21 m
34.58 -2287.903 l
S
0.643 0.651 0.663 SC
35.046 -2360.21 m
35.046 -2287.903 l
S
0.647 0.655 0.663 SC
35.513 -2360.21 m
35.513 -2287.903 l
S
0.651 0.659 0.667 SC
35.979 -2360.21 m
35.979 -2287.903 l
S
0.651 0.659 0.671 SC
36.446 -2360.21 m
36.446 -2287.903 l
S
0.655 0.663 0.675 SC
36.912 -2360.21 m
36.912 -2287.903 l
S
0.659 0.667 0.678 SC
37.379 -2360.21 m
37.379 -2287.903 l
S
0.663 0.671 0.678 SC
37.845 -2360.21 m
37.845 -2287.903 l
S
0.663 0.675 0.682 SC
38.312 -2360.21 m
38.312 -2287.903 l
S
0.667 0.675 0.686 SC
38.778 -2360.21 m
38.778 -2287.903 l
S
0.671 0.678 0.69 SC
39.245 -2360.21 m
39.245 -2287.903 l
S
0.675 0.682 0.69 SC
39.711 -2360.21 m
39.711 -2287.903 l
S
0.678 0.686 0.694 SC
40.178 -2360.21 m
40.178 -2287.903 l
S
0.682 0.69 0.698 SC
40.644 -2360.21 m
40.644 -2287.903 l
S
0.682 0.69 0.702 SC
41.111 -2360.21 m
41.111 -2287.903 l
S
0.686 0.694 0.706 SC
41.577 -2360.21 m
41.577 -2287.903 l
S
0.69 0.698 0.706 SC
42.044 -2360.21 m
42.044 -2287.903 l
S
0.694 0.702 0.71 SC
42.51 -2360.21 m
42.51 -2287.903 l
S
0.698 0.706 0.714 SC
42.977 -2360.21 m
42.977 -2287.903 l
S
0.698 0.706 0.718 SC
43.443 -2360.21 m
43.443 -2287.903 l
S
0.702 0.71 0.722 SC
43.91 -2360.21 m
43.91 -2287.903 l
S
0.706 0.714 0.722 SC
44.376 -2360.21 m
44.376 -2287.903 l
S
0.71 0.718 0.725 SC
44.843 -2360.21 m
44.843 -2287.903 l
S
0.714 0.722 0.729 SC
45.309 -2360.21 m
45.309 -2287.903 l
S
0.714 0.722 0.733 SC
45.776 -2360.21 m
45.776 -2287.903 l
S
0.718 0.725 0.737 SC
46.242 -2360.21 m
46.242 -2287.903 l
S
0.722 0.729 0.737 SC
46.709 -2360.21 m
46.709 -2287.903 l
S
0.725 0.733 0.741 SC
47.175 -2360.21 m
47.175 -2287.903 l
S
0.729 0.737 0.745 SC
47.642 -2360.21 m
47.642 -2287.903 l
S
0.733 0.741 0.749 SC
48.108 -2360.21 m
48.108 -2287.903 l
S
0.733 0.741 0.753 SC
48.575 -2360.21 m
48.575 -2287.903 l
49.041 -2360.21 m
49.041 -2287.903 l
S
0.737 0.745 0.753 SC
49.508 -2360.21 m
49.508 -2287.903 l
S
0.741 0.749 0.757 SC
49.974 -2360.21 m
49.974 -2287.903 l
S
0.745 0.753 0.761 SC
50.441 -2360.21 m
50.441 -2287.903 l
S
0.749 0.757 0.765 SC
50.907 -2360.21 m
50.907 -2287.903 l
S
0.753 0.761 0.769 SC
51.374 -2360.21 m
51.374 -2287.903 l
51.84 -2360.21 m
51.84 -2287.903 l
S
0.757 0.765 0.773 SC
52.307 -2360.21 m
52.307 -2287.903 l
S
0.761 0.769 0.776 SC
52.773 -2360.21 m
52.773 -2287.903 l
S
0.765 0.773 0.78 SC
53.24 -2360.21 m
53.24 -2287.903 l
S
0.769 0.776 0.784 SC
53.706 -2360.21 m
53.706 -2287.903 l
S
0.773 0.776 0.784 SC
54.173 -2360.21 m
54.173 -2287.903 l
S
0.776 0.78 0.788 SC
54.639 -2360.21 m
54.639 -2287.903 l
S
0.776 0.784 0.792 SC
55.106 -2360.21 m
55.106 -2287.903 l
S
0.78 0.788 0.796 SC
55.572 -2360.21 m
55.572 -2287.903 l
S
0.784 0.792 0.8 SC
56.039 -2360.21 m
56.039 -2287.903 l
S
0.788 0.796 0.8 SC
56.505 -2360.21 m
56.505 -2287.903 l
S
0.792 0.796 0.804 SC
56.972 -2360.21 m
56.972 -2287.903 l
S
0.796 0.8 0.808 SC
57.438 -2360.21 m
57.438 -2287.903 l
S
0.796 0.804 0.812 SC
57.905 -2360.21 m
57.905 -2287.903 l
S
0.8 0.808 0.816 SC
58.371 -2360.21 m
58.371 -2287.903 l
S
0.804 0.812 0.816 SC
58.838 -2360.21 m
58.838 -2287.903 l
S
0.808 0.812 0.82 SC
59.304 -2360.21 m
59.304 -2287.903 l
S
0.812 0.816 0.824 SC
59.771 -2360.21 m
59.771 -2287.903 l
S
0.816 0.82 0.827 SC
60.237 -2360.21 m
60.237 -2287.903 l
S
0.816 0.824 0.831 SC
60.704 -2360.21 m
60.704 -2287.903 l
S
0.82 0.827 0.831 SC
61.17 -2360.21 m
61.17 -2287.903 l
S
0.824 0.831 0.835 SC
61.637 -2360.21 m
61.637 -2287.903 l
S
0.827 0.831 0.839 SC
62.103 -2360.21 m
62.103 -2287.903 l
S
0.831 0.835 0.843 SC
62.57 -2360.21 m
62.57 -2287.903 l
S
0.835 0.839 0.843 SC
63.036 -2360.21 m
63.036 -2287.903 l
S
0.835 0.843 0.847 SC
63.503 -2360.21 m
63.503 -2287.903 l
S
0.839 0.847 0.851 SC
63.969 -2360.21 m
63.969 -2287.903 l
S
0.843 0.847 0.855 SC
64.436 -2360.21 m
64.436 -2287.903 l
S
0.847 0.851 0.859 SC
64.902 -2360.21 m
64.902 -2287.903 l
S
0.851 0.855 0.859 SC
65.369 -2360.21 m
65.369 -2287.903 l
S
0.855 0.859 0.863 SC
65.835 -2360.21 m
65.835 -2287.903 l
S
0.855 0.863 0.867 SC
66.302 -2360.21 m
66.302 -2287.903 l
S
0.859 0.863 0.871 SC
66.768 -2360.21 m
66.768 -2287.903 l
S
0.863 0.867 0.875 SC
67.235 -2360.21 m
67.235 -2287.903 l
S
0.867 0.871 0.875 SC
67.701 -2360.21 m
67.701 -2287.903 l
S
0.871 0.875 0.878 SC
68.168 -2360.21 m
68.168 -2287.903 l
S
0.875 0.878 0.882 SC
68.634 -2360.21 m
68.634 -2287.903 l
S
0.875 0.882 0.886 SC
69.101 -2360.21 m
69.101 -2287.903 l
S
0.878 0.882 0.89 SC
69.567 -2360.21 m
69.567 -2287.903 l
S
0.882 0.886 0.89 SC
70.034 -2360.21 m
70.034 -2287.903 l
S
0.886 0.89 0.894 SC
70.5 -2360.21 m
70.5 -2287.903 l
S
0.89 0.894 0.898 SC
70.967 -2360.21 m
70.967 -2287.903 l
S
0.894 0.898 0.902 SC
71.433 -2360.21 m
71.433 -2287.903 l
S
0.898 0.898 0.902 SC
71.9 -2360.21 m
71.9 -2287.903 l
S
0.898 0.902 0.906 SC
72.366 -2360.21 m
72.366 -2287.903 l
S
0.902 0.906 0.91 SC
72.833 -2360.21 m
72.833 -2287.903 l
S
0.906 0.91 0.914 SC
73.299 -2360.21 m
73.299 -2287.903 l
S
0.91 0.914 0.918 SC
73.766 -2360.21 m
73.766 -2287.903 l
S
0.914 0.918 0.922 SC
74.232 -2360.21 m
74.232 -2287.903 l
S
0.918 0.922 0.922 SC
74.699 -2360.21 m
74.699 -2287.903 l
S
0.922 0.922 0.925 SC
75.165 -2360.21 m
75.165 -2287.903 l
S
0.922 0.925 0.929 SC
75.632 -2360.21 m
75.632 -2287.903 l
S
0.925 0.929 0.933 SC
76.098 -2360.21 m
76.098 -2287.903 l
S
0.929 0.933 0.933 SC
76.565 -2360.21 m
76.565 -2287.903 l
S
0.933 0.937 0.937 SC
77.031 -2360.21 m
77.031 -2287.903 l
S
0.937 0.937 0.941 SC
77.498 -2360.21 m
77.498 -2287.903 l
S
0.941 0.941 0.945 SC
77.964 -2360.21 m
77.964 -2287.903 l
S
0.945 0.945 0.949 SC
78.431 -2360.21 m
78.431 -2287.903 l
S
0.945 0.949 0.949 SC
78.897 -2360.21 m
78.897 -2287.903 l
S
0.949 0.953 0.953 SC
79.364 -2360.21 m
79.364 -2287.903 l
S
0.953 0.957 0.957 SC
79.83 -2360.21 m
79.83 -2287.903 l
S
0.957 0.957 0.961 SC
80.297 -2360.21 m
80.297 -2287.903 l
S
0.961 0.961 0.965 SC
80.763 -2360.21 m
80.763 -2287.903 l
S
0.965 0.965 0.969 SC
81.23 -2360.21 m
81.23 -2287.903 l
S
0.969 0.969 0.969 SC
81.696 -2360.21 m
81.696 -2287.903 l
S
0.973 0.973 0.973 SC
82.163 -2360.21 m
82.163 -2287.903 l
S
0.976 0.976 0.976 SC
82.629 -2360.21 m
82.629 -2287.903 l
S
0.98 0.98 0.984 SC
83.096 -2360.21 m
83.096 -2287.903 l
S
0.988 0.988 0.988 SC
83.562 -2360.21 m
83.562 -2287.903 l
S
0.992 0.992 0.992 SC
84.029 -2360.21 m
84.029 -2287.903 l
S
1 1 1 SC
84.495 -2360.21 m
84.495 -2287.903 l
S
Q
Q
q
1 i 
-9 851 613 -860 re
0 841 m
W n
0.03 841.02 595.02 -841.02 re
W n
/Cs5 cs 0.161 0.145 0.149 sc
/GS1 gs
0.03 841.02 35.4 -6.11 re
f
/Cs5 CS 0.161 0.145 0.149 SC
0 J 0 j 0.3 w 10 M []0 d
28.347 841.076 m
28.347 805.006 l
S
286.3 22.8 22.68 -22.8 re
f
BT
/F1 1 Tf
10 0 0 10 289.2992 7.7671 Tm
1 1 1 sc
-0.0002 Tc
0 Tw
(636)Tj
/F3 1 Tf
7 0 0 7 35.4331 17.5374 Tm
0.161 0.145 0.149 sc
-0.0001 Tc
-0.0306 Tw
[(Swissmedic Jour)-17.9(nal)-1111.9(9/2002)]TJ
/F2 1 Tf
10 0 0 10 85.0394 763.6339 Tm
-0.0336 Tw
[(01)-1044.2(Boldocynara, T)73.9(r)17.9(opfen)]TJ
/F5 1 Tf
0 -1.4174 TD
-0.0306 Tw
[(Bioforce AG, , 9325 Roggwil)]TJ
ET
0.4 w 
85.04 741.51 m
552.76 741.51 l
85.04 723.82 m
552.76 723.82 l
S
BT
10 0 0 10 85.0394 729.1213 Tm
-0.0002 Tc
0 Tw
[(Zul.-Nr)91.6(.: )]TJ
/F2 1 Tf
3.8771 0 TD
(55938)Tj
/F5 1 Tf
8.8788 0 TD
0 Tc
(V)Tj
0.6301 0 TD
-0.0001 Tc
(erkaufsart: )Tj
/F2 1 Tf
5.3041 0 TD
0 Tc
(D)Tj
/F5 1 Tf
6.8216 0 TD
-0.0001 Tc
-0.0306 Tw
[(Index: 04.11.2.)-9563.5(09.09.2002)]TJ
-25.5118 -2.2428 TD
0 Tw
[(Zusammensetzung:)-921.1(01)]TJ
8.3 0 0 8.3 198.4252 706.6931 Tm
-0.0158 Tw
[(CYNARAE TINCTURA 414)-278.1(mg, T)54.7(ARAXACI TINCTURA 414)-278.1(mg, BOLDO TINCTURA 64)-278.1(mg, MEN-)]TJ
0 -1.3661 TD
-0.0428 Tw
[(THAE PIPERIT)54.7(AE TINCTURA 28)-278.1(mg ad SOLUTIONEM pro 1)-278.1(mL corresp. ETHANOLUM 60)-139.1(% V/V)91.5(. )]TJ
10 0 0 10 85.0394 681.1805 Tm
-0.0002 Tc
-0.0305 Tw
[(Anwendung:)-5285.3(Bei V)36.6(e)0(rdauungsbeschwerden)]TJ
0 -1.4174 TD
-0.0001 Tc
0 Tw
[(Packungen:)-4532.7(01)-305.6(005)-7141.8(5)0.1(0)-567(m)0(L)-17319.9(D)]TJ
11.3386 -1.4174 TD
[(023)-6585.9(1)0.1(00)-567.1(mL)-17319.9(D)]TJ
-11.3386 -1.4174 TD
-0.0306 Tw
[(Gültig bis:)-6647.8(08. September 2007)]TJ
ET
85.04 630.25 m
552.76 630.25 l
S
BT
/F2 1 Tf
10 0 0 10 85.0394 594.2502 Tm
-0.0336 Tw
[(01)-1044.2(Citalopram ecosol 20)-306(mg, Filmtabletten)]TJ
0 -1.2835 TD
[(02)-1044.2(Citalopram ecosol 40)-306(mg, Filmtabletten)]TJ
/F5 1 Tf
0 -1.4174 TD
-0.0306 Tw
(Ecosol AG, Hohlstrasse 192, 8004 Zürich)Tj
ET
85.04 559.29 m
552.76 559.29 l
85.04 541.6 m
552.76 541.6 l
S
BT
10 0 0 10 85.0394 546.9029 Tm
-0.0002 Tc
0 Tw
[(Zul.-Nr)91.6(.: )]TJ
/F2 1 Tf
3.8771 0 TD
(55935)Tj
/F5 1 Tf
8.8788 0 TD
0 Tc
(V)Tj
0.6301 0 TD
-0.0001 Tc
(erkaufsart: )Tj
/F2 1 Tf
5.3041 0 TD
0 Tc
(B)Tj
/F5 1 Tf
6.8216 0 TD
-0.0001 Tc
-0.0306 Tw
[(Index: 01.06.0.)-9563.5(19.09.2002)]TJ
-25.5118 -2.2428 TD
0 Tw
[(Zusammensetzung:)-921.1(01)]TJ
8.3 0 0 8.3 198.4252 524.4748 Tm
0.1308 Tw
[(CIT)54.7(ALOPRAMUM 20)-278.1(mg ut CIT)54.7(ALOPRAMI HYDROBROMIDUM, EXCIPIENS pro COMPRESSO)]TJ
0 -1.3661 TD
-0.0002 Tc
0 Tw
(OBDUCTO.)Tj
10 0 0 10 184.252 498.9622 Tm
(02)Tj
8.3 0 0 8.3 198.4252 498.9622 Tm
-0.0001 Tc
0.1308 Tw
[(CIT)54.7(ALOPRAMUM 40)-278.1(mg ut CIT)54.7(ALOPRAMI HYDROBROMIDUM, EXCIPIENS pro COMPRESSO)]TJ
T*
-0.0002 Tc
0 Tw
(OBDUCTO.)Tj
10 0 0 10 85.0394 473.4496 Tm
-0.0001 Tc
[(Anwendung:)-5285.2(Antidepressivum)]TJ
0 -1.4174 TD
[(Packungen:)-4532.7(01)-305.6(002)-7141.8(2)0.1(0)-567(Filmtabletten)-12430.2(B)]TJ
11.3386 -1.4174 TD
[(004)-6585.9(1)0.1(00)-567.1(Filmtabletten)-12430.2(B)]TJ
-1.4173 -1.4174 TD
[(02)-305.6(006)-7141.8(2)0.1(0)-567(Filmtabletten)-12430.2(B)]TJ
1.4173 -1.4174 TD
[(008)-6585.9(1)0.1(00)-567.1(Filmtabletten)-12430.2(B)]TJ
-11.3386 -1.4174 TD
-0.0306 Tw
[(Gültig bis:)-6647.8(18. September 2007)]TJ
ET
85.04 394.17 m
552.76 394.17 l
S
BT
/F2 1 Tf
10 0 0 10 85.0394 358.172 Tm
0 Tw
[(01)-1044.2(Echinapur)54.8(-Sirup)]TJ
/F5 1 Tf
T*
-0.0306 Tw
(Alpinamed AG, Alte Landstrasse 11, 9306 Freidorf)Tj
ET
85.04 336.05 m
552.76 336.05 l
85.04 318.36 m
552.76 318.36 l
S
BT
10 0 0 10 85.0394 323.6593 Tm
-0.0002 Tc
0 Tw
[(Zul.-Nr)91.6(.: )]TJ
/F2 1 Tf
3.8771 0 TD
(56002)Tj
/F5 1 Tf
8.8788 0 TD
0 Tc
(V)Tj
0.6301 0 TD
-0.0001 Tc
(erkaufsart: )Tj
/F2 1 Tf
5.3041 0 TD
0 Tc
(D)Tj
/F5 1 Tf
6.8216 0 TD
-0.0001 Tc
-0.0306 Tw
[(Index: 03.99.0.)-9563.5(04.09.2002)]TJ
-25.5118 -2.2428 TD
0 Tw
[(Zusammensetzung:)-921.1(01)]TJ
8.3 0 0 8.3 198.4252 301.2312 Tm
0.0026 Tw
[(ECHINACEAE PURPUREAE HERBAE RECENTIS SUCCUS 2.5)-278.1(g, MAL)54.7(TITOLUM, CONSER)17.6(V)91.5(.: E)-278.1(202,)]TJ
0 -1.3661 TD
-0.0306 Tw
[(EXCIPIENS ad SOLUTIONEM pro 5)-278.1(mL. )]TJ
10 0 0 10 85.0394 275.7186 Tm
[(Anwendung:)-5285.2(Zur Unterstützung bei Erkältung und Erkältungskrankheiten)]TJ
0 -1.4174 TD
-0.0002 Tc
0 Tw
[(Packung:)-5699.5(01)-305.7(011)-6586(2)0(50)-567.2(mL)-17320(D)]TJ
T*
-0.0001 Tc
-0.0306 Tw
[(Gültig bis:)-6647.8(03. September 2007)]TJ
ET
85.04 238.96 m
552.76 238.96 l
S
BT
/F2 1 Tf
10 0 0 10 85.0394 202.9619 Tm
-0.0336 Tw
[(01)-1044.2(Emadine SE, Augentr)17.7(opfen, Einmaldosen)]TJ
/F5 1 Tf
T*
-0.0306 Tw
(Alcon Pharmaceuticals Ltd., Bösch 69, 6331 Hünenberg)Tj
ET
85.04 180.84 m
552.76 180.84 l
85.04 163.15 m
552.76 163.15 l
S
BT
10 0 0 10 85.0394 168.4492 Tm
-0.0002 Tc
0 Tw
[(Zul.-Nr)91.6(.: )]TJ
/F2 1 Tf
3.8771 0 TD
(56060)Tj
/F5 1 Tf
8.8788 0 TD
0 Tc
(V)Tj
0.6301 0 TD
-0.0001 Tc
(erkaufsart: )Tj
/F2 1 Tf
5.3041 0 TD
0 Tc
(B)Tj
/F5 1 Tf
6.8216 0 TD
-0.0001 Tc
-0.0306 Tw
[(Index: 11.06.2.)-9563.5(30.09.2002)]TJ
-25.5118 -2.2428 TD
0 Tw
[(Zusammensetzung:)-921.1(01)]TJ
8.3 0 0 8.3 198.4252 146.0212 Tm
-0.0306 Tw
[(EMEDASTINUM 0.5)-278.1(mg ut EMEDASTINI DIFUMARAS, EXCIPIENS ad SOLUTIONEM pro 1)-278.1(mL. )]TJ
10 0 0 10 85.0394 131.8475 Tm
[(Anwendung:)-5285.2(Allergische Konjunktivitis)]TJ
0 -1.4174 TD
[(Packungen:)-4532.7(01)-305.6(001)-4201.7(30 x 0.35)-567(mL)-17319.9(B)]TJ
11.3386 -1.4174 TD
[(003)-4201.7(60 x 0.35)-567(mL)-17319.9(B)]TJ
-11.3386 -1.4174 TD
[(Gültig bis:)-6647.8(29. September 2007)]TJ
ET
85.04 80.91 m
552.76 80.91 l
S
Q

Hâ§ó›nGÖü`ﬁ°.©E4öûÈﬂΩKÏƒX^$Å k¯B†e[^IéEˆ!ÚÃ[]›’3}ñ·Õö¿à<ÊWu∫f™ÿ˝u0tG√e¢Ëy≥–eÙ=›EkËa¯ùáiúñ¸qúfr…Â?óı#3„ß˝pıã%C˚ÉôGGø‰Õ›')3Ü8;⁄?W/ééGöF„MæZ'◊D«√pıÍ⁄–«„p…ißâC‰Ì=Ìøow?>˝ÁÒˆÓ·Ó˘˘ˆûÆüoûÔéœwˇæ∏4À¥ª‚?s”ÓÕ«€˝˘˛ÓpÛp˚¯|§áª„·ˆ˛˛ÊÒœ€„≈ª˝Î·Á}±Ò‚˙ÑçÎ\Ä◊ºÜœ,,ÙùÃDoËÌªâﬁvy5ìç„˙8∆Y?ﬁ◊√o√◊R‘≈õ—Á¬N\ì‚hπ∫≥ßî´Ê<Ø)-KÆÙﬂ∏êˇ˜ù¯:Ãc& ‡∫-~*ÔmΩF^›]øFΩ\Sé¿∂9Ã8gMôcª…kû∆îf⁄^9x˛fú¬E:F⁄^Ö6„úñûV	ij´làÜÆY€^Öù«yX%§⁄^+Ì—µJ@Û≥±Ω
ΩSîzZ%§≠◊F{tÆ“Ü÷´+t~2ÁûV	h®]ΩQ⁄°sïê^hCË¸$ªûV	h+ı™1•-:W	i©Wâaì“â«–E:Mª-ÌGãŒUBZ™]ØNÈò“Ezëzï´≠5„ÇŒUBz°måJ«Ÿ"]$†g©WçQkπ¡πJHKΩZåJê.“2QZ°∑#8WÈ4≠1*Ì¬˛ƒsj"m#d÷ÚØ¯n“ñ∂1*ÌÁÈ"!M€õ¸√—±Utía¶*ÍúG∂HÀj5Ñ¿3˜!òV©ác¡-D•mLHÈΩ∆®tB„*!mˇó^∏˚±–$§i¢¬ç´pÙ¥	!∞Â.ÏáBìŒ’j!*—∂J )Y	Qa7Œ±	MBÿ—6•˙VÈ$›Ìπ˚ë–$§
mcT⁄£sïÄˆÅ∂1Ñ‹Ö˝Hh“yåiåF{tÆ–NÓsâjáƒqä0TB⁄—÷A•:WÈ$›ùd∏Ö´Ç¨T´E®¨Eﬂ*m•Z5F£ÛÔ/–EBZ÷[cîäÛûÿˆæUvI¥Õ_Ÿ¸¿\$§eΩ-ø–Ü±˜›§ìtu∞(MB∫HHKµö°yâŒUzñ◊IÈ‡f§ãÑ¥•≠°f¿πJH”÷@Ö}t	`#£¨⁄r'ÇqïN”’@ÖΩâ	a·ö°yâ∆UzíYVbÃ
;g.¬ñ∂Ñˆ„Ñ∆Uö÷Ùçµ—"[§û
Iñ€ÚW:°oïN“5ø∞a¥¶
MB6ØvÕ_ÈàæUZŒzö_ÿ»]ÿ£UA“ífodDœ*!K€‘ÛŒ1¬<P	`9&ÆÈ+¬·ÑÈ ÷Ù¢MB8∞5}•=ÿn–r¬⁄å<≠{Z%§5Qaè∆UB8O†’Ä–ºyå˝0h–rD\
T⁄°qïêÀÕÅ–˜_ªö¥“Y≥hQ%H"'…’hMílD∫HHÀ“öQ°-7XT	iYZsPÈ
“EZŒÇ´°›∏†sïêœ≈¡JGcë.“⁄÷[√;EtÆ“ˆ÷x&~≠HêDúÎ2%I`,™Ñ¥¶≠¥è˚≈ë#„ö_ÿ»›æUZéåöø—ﬁ,H	iôN≈¡RoÔ¡wUŒ∞sR÷Yèpëê¶≠˘áâ{´∑›$ÄÂƒπ®¥
	È"!-ñM'›§ˆrfTe¬√◊Ä&ù£≠“ç´Ñ¥,XÌ<s√ı˝ﬂ$Ñiõø¬}´∞ú85•y;˙•IHœT
dÛË[•øÑ≥{Å-#}Û7	`˘	]›W⁄£oïêv¥1 ∞„.ÏGBìŒX5–`èæUXŒõöø÷õwÉ°ü	MBz°≠˚J;4Æ“iZÌ∏{∏*¿ iS›7÷¢oïê«Õ}•ì]ê.“‚∏8–ˆà‹Ü=\ï3¨ ∆‡.–rﬁ\›ù∏¡∑JHÀzãÉïéSB∫H@ÀySîÁ,2ŒõÑ¥xÆú“¡ŒHÈ]*Õ8ÉÛ&!-+n˛+ÌaÉ‹$†Â¿©*=s'Çsïê∂‘ÿEi?|MBö∂ˆÊ}!WÈ‹‹Wÿ¡c⁄$ÄÂ¥™Ó+m«	}´Ñt…]›Wÿãpë ñßJ'4Æ“9∫‚ËF;ıÉ°IHÀÇ´˝FGtÆ–‘ÚóY=7bOV•]*®≠÷+'èpëŒ—53oC?öÑ¥,∂ZØlX≤EVN¨öø“ëõ|´Ñ¥•ñ≤J˚0#]§3ta”h–∑J»“÷|Ö˝‰.¿rb’ÙÖNº}€MBz!5êfÖ›.“_√±î;Ó¿ﬁwì ñ≠ç∫o¥
È"!Ìh5`ïNh\%§Û´jÍô;∞oé&ùÅÉW:¢qïÄvÅV˚ï^∆eÈBìêñaQ:¢sïÄ∂‚π:(<ÒRWÂÎî
Ë[%§eΩ’}•∑a?öÑ¥¨∑8Fiˆ'2À…VÛóÒù<∑a?öté^îˆË[%§eΩ≈Ω“ºÙ˝Th–≥¨∑:HJ;tÆ“iz©˛Öé‹â0TB⁄—÷•-:W	È<´ÉïNãC∫H@(’AΩcâ[ú´té^îé>"]$§eå6ˇLœ”ƒ≠ÿ9_%§i5–‡ÿü VÈ$l´{ÅyŸ˚^%Ä'O[˜ï˝œ˝*!-ÎU˜œ‹â‡[•-¸øæÜÓh∏L9Ü7‹—OÙt;LmfßGN√9ô„^Õ˜Æ~‰oÊo\Ω8::ŸÖëg§Ì?˙«√pıÍ⁄–«„‡ÿo**πÆã”qÛöÂCâÒ‚˙D^’DØi¢œ,,ÙùÃDoËÌªâﬁsPﬁåL9j9æ=¨ î˜uQ÷:ÛÜá'»ÃÉ=_ m‡˜í¯ß˝pıã!C˚GŒ/˛3Ûè∂ºMÁ
K>õÌ˘—£¸‚]rErÔÌllˇ}ÿ˘%\Ï?sò•Ñ	%ê
<Œ=ˇVò‹Íº—„('kT"ö1ø]¯°‡∏ow◊ﬂÔé«á€˜wz˝Â€”≈%Jª«õ{~«ˇ¯}∫‚«ræx∑ÕÈg\Öù«êx~øö70l@,5¡d8“d˘ác˜è„óßév_óonˇ¯t√..ŸÀÓ·„t˝Â˛€·Êè£§öËíÁ»ù¥ô£ÃÁ¢ÃÂÍWK8krÅ^n∞+~˝tÛÙpC?æ˙Å^~yzº9|∫}:>?›è∑då˝Å¨·ı„ÌÒ)ﬂÜü˜\dÀœ…`ÛMsÃwúü#≠R?ﬂ◊ˇe1mˇ∑|ŒO
?'*i</‹{≠‰ˆ9xª˚◊∑˚ÒÚüOº{ÒªÒÔ‘ﬂ~Ô‰¶º ˇ2_vKç€`æÇﬁÉùñdlŸ≤fz`åŸxj‚lÿüÓâ‹$N∆?láKË%ÙdoµØ¸'$Å⁄ùYËìÙÈ”ÛæRÎsZUMù›Ø∫UTπî˝ÚÈÉ“Põ‹‘u¢àt”,JsÃS∆©ßa=]5Ëf{kò*ü5ènûó‹à?è±q‹’û⁄Ît˚%ƒ
™”Ô≠KÆKí¶…˚‘£µÍ)´Td—b!íL‰Er{åTÎi≤‚‰H7Y¶V˛’0`¶¥?ÃbÎ2]/'&cw‚
oxq^÷%Â¢…ör?#ŸnÛQ£®	{8ÒÇèõüu™˜£„ç<wíU∫$é=
/|ªW.©=l
ß≠™ºOLÎn˝}ß-´i›øëùq{RºΩ'˙{j[:}€õr6ÕÚ ©\ËÔäù|…MuZå‚qJï˙Ó´H…qÁ¢UåüYúÂ"…9[¶8_røLà=KDÜÊ&◊ï0äÆgà)D5òéôKÏË*lü¢ ü\É(XäﬁQeÅ`nì+kRtqπQs™∏‹É∑ÃÕy  UÔtMTà®UQ™0¯u(P@à∂c/\ÿæp*≈∫vw∏U8ÔæÕÛ¯ñ\≈jö«PóÑbïã≈ïHQKòW∆
K 1 ’[ ’ÌörOc0•Zπ(n¢99s~˚–ù÷Ù±ÑuÜÇÈ0Ï⁄¢—Öl9ﬂ∆ˇ‰ÁäS’µ≤kËı˘SàRÓQÉq∂©
ë.Y‡G“ X‰Û∑4^´Bï
‡_”6RQµk9ê¡Œ∂∑jî¶±ß⁄ø†‹–~êúºV
TΩS≈Z5†¸øTj@˚2åtM™äÇ(c
Ì|W&cœ#Œ88ﬁ˘ûcáDk	Z≤Ô4ΩMäúå∆¡»ı}Ë¥ItClwÑÅq~$ˇ€
[àÈ&l⁄:'¥Õ	´V!'∏ÏËx?*vXò*Úç@∞÷¿µÁºÙ∂(‘⁄√^e˘›" „Y±ÿÏ∆⁄÷òï√M<íÿ≤¿≠ƒ0d*¥£Æ≥ñ‹Es_&"¡u¶‹ƒÒ¢>‰D∏îá aÄ®˘$ÄΩt˝Î{U∑üê^>86ƒwT‹ã,‡åxÓÒí?ƒLn*[•≠¢4 wp≥	íÿHñ
HJΩã‡Ts#=E÷zMu5e|.n7ë¢s⁄Î∑{´ö5Pt∆™WX”YµEæ⁄Ø{«âbËÍˇ›_™ .Ïè"
dÛQﬁ$◊R≠⁄¢åmw$/3WÏqÉ/ ]*Õ˙ú∫°Á8MW•iˆ1Ò/& Ji‡¢˘4"Ëm T¿∆ç_ûS>Ö¡¯§]∫Ω#≤≈±— ªªÙë93ÙzëÉfÄ¢>m«ÿcIÆsw2Ç°\¢zX—;wË…F	)˘·à`Æ~	˚˝EI@oÿ›ºÔÌ	πNπMd‰ƒÛAÀñÆ˛Aƒ°ê`û∞ìgÀ˘<ûây*‚):»ïàâ?Ëí"π!g·†{¡(ŒwI˜åãút∏°§ÀÎÍ°∏ Ú(y ø{±*ÊsAqN¸ø3åŒ3Ø„∞Y€Æ≤ß"“cU˛Ô¥HØÔ≤∂b:è‰_î‰KÂßS]äAìÕ⁄ï÷Éıón¸giïµo¸Æ{ÃÌ°´¯\wÊ;îœ3nßìø%ù˝7§S”ﬁîŒC≈≤õœ± :%Êr¬«î8u<Ú+:.¡d¢Ä`~à”Yñ/ßn¶X¿zÂØP[çA]≠VtÍ∂ù˜?˝#¿ ˚¨U
q
1 i 
-9 851 613 -860 re
0 841 m
W n
0.03 841.02 595.02 -841.02 re
W n
BT
/F4 1 Tf
12.5 0 0 12.5 34.4488 811.7822 Tm
/Cs5 cs 0.161 0.145 0.149 sc
/GS1 gs
-0.0001 Tc
-0.0286 Tw
[(Arzneimittel Statistik)-130(/)-129.9(M)0.1(édicaments miscellanées)]TJ
ET
/Cs5 CS 0.161 0.145 0.149 SC
0 J 0 j 0.3 w 10 M []0 d
28.35 805.15 m
552.76 805.15 l
S
Q
q
1 i 
35.43 850.5 198.43 -24.09 re
308.74 811.782 m
W* n
-9 851 613 -860 re
0 841 m
W n
0.03 841.02 595.02 -841.02 re
W n
q
2.7718 0 0 -0.3608 0 0 cm
/Cs5 CS 0.502 0.51 0.518 SC
0 J 0 j 0.5 w 10 M []0 d
/GS1 gs
12.655 -2360.21 m
12.655 -2287.903 l
S
0.506 0.514 0.522 SC
13.121 -2360.21 m
13.121 -2287.903 l
S
0.51 0.514 0.525 SC
13.588 -2360.21 m
13.588 -2287.903 l
S
0.51 0.518 0.529 SC
14.054 -2360.21 m
14.054 -2287.903 l
S
0.514 0.522 0.529 SC
14.521 -2360.21 m
14.521 -2287.903 l
S
0.518 0.525 0.533 SC
14.987 -2360.21 m
14.987 -2287.903 l
S
0.518 0.525 0.537 SC
15.454 -2360.21 m
15.454 -2287.903 l
S
0.522 0.529 0.541 SC
15.92 -2360.21 m
15.92 -2287.903 l
S
0.525 0.533 0.541 SC
16.387 -2360.21 m
16.387 -2287.903 l
S
0.529 0.533 0.545 SC
16.853 -2360.21 m
16.853 -2287.903 l
S
0.529 0.537 0.549 SC
17.32 -2360.21 m
17.32 -2287.903 l
S
0.533 0.541 0.553 SC
17.786 -2360.21 m
17.786 -2287.903 l
S
0.537 0.545 0.553 SC
18.253 -2360.21 m
18.253 -2287.903 l
S
0.537 0.545 0.557 SC
18.719 -2360.21 m
18.719 -2287.903 l
S
0.541 0.549 0.561 SC
19.186 -2360.21 m
19.186 -2287.903 l
S
0.545 0.553 0.565 SC
19.652 -2360.21 m
19.652 -2287.903 l
S
0.549 0.557 0.565 SC
20.119 -2360.21 m
20.119 -2287.903 l
S
0.549 0.557 0.569 SC
20.585 -2360.21 m
20.585 -2287.903 l
S
0.553 0.561 0.573 SC
21.052 -2360.21 m
21.052 -2287.903 l
S
0.557 0.565 0.576 SC
21.518 -2360.21 m
21.518 -2287.903 l
S
0.561 0.569 0.576 SC
21.985 -2360.21 m
21.985 -2287.903 l
S
0.561 0.569 0.58 SC
22.451 -2360.21 m
22.451 -2287.903 l
S
0.565 0.573 0.584 SC
22.918 -2360.21 m
22.918 -2287.903 l
S
0.569 0.576 0.588 SC
23.384 -2360.21 m
23.384 -2287.903 l
S
0.573 0.58 0.588 SC
23.851 -2360.21 m
23.851 -2287.903 l
S
0.573 0.58 0.592 SC
24.317 -2360.21 m
24.317 -2287.903 l
S
0.576 0.584 0.596 SC
24.784 -2360.21 m
24.784 -2287.903 l
S
0.58 0.588 0.596 SC
25.25 -2360.21 m
25.25 -2287.903 l
S
0.584 0.592 0.6 SC
25.717 -2360.21 m
25.717 -2287.903 l
S
0.584 0.592 0.604 SC
26.183 -2360.21 m
26.183 -2287.903 l
S
0.588 0.596 0.608 SC
26.65 -2360.21 m
26.65 -2287.903 l
S
0.592 0.6 0.608 SC
27.116 -2360.21 m
27.116 -2287.903 l
S
0.596 0.604 0.612 SC
27.583 -2360.21 m
27.583 -2287.903 l
S
0.596 0.604 0.616 SC
28.049 -2360.21 m
28.049 -2287.903 l
S
0.6 0.608 0.62 SC
28.516 -2360.21 m
28.516 -2287.903 l
S
0.604 0.612 0.624 SC
28.982 -2360.21 m
28.982 -2287.903 l
S
0.608 0.616 0.624 SC
29.449 -2360.21 m
29.449 -2287.903 l
S
0.608 0.616 0.627 SC
29.915 -2360.21 m
29.915 -2287.903 l
S
0.612 0.62 0.631 SC
30.382 -2360.21 m
30.382 -2287.903 l
S
0.616 0.624 0.635 SC
30.848 -2360.21 m
30.848 -2287.903 l
S
0.62 0.627 0.635 SC
31.315 -2360.21 m
31.315 -2287.903 l
S
0.62 0.631 0.639 SC
31.781 -2360.21 m
31.781 -2287.903 l
S
0.624 0.631 0.643 SC
32.248 -2360.21 m
32.248 -2287.903 l
S
0.627 0.635 0.647 SC
32.714 -2360.21 m
32.714 -2287.903 l
S
0.631 0.639 0.647 SC
33.181 -2360.21 m
33.181 -2287.903 l
S
0.635 0.643 0.651 SC
33.647 -2360.21 m
33.647 -2287.903 l
S
0.635 0.643 0.655 SC
34.113 -2360.21 m
34.113 -2287.903 l
S
0.639 0.647 0.659 SC
34.58 -2360.21 m
34.58 -2287.903 l
S
0.643 0.651 0.663 SC
35.046 -2360.21 m
35.046 -2287.903 l
S
0.647 0.655 0.663 SC
35.513 -2360.21 m
35.513 -2287.903 l
S
0.651 0.659 0.667 SC
35.979 -2360.21 m
35.979 -2287.903 l
S
0.651 0.659 0.671 SC
36.446 -2360.21 m
36.446 -2287.903 l
S
0.655 0.663 0.675 SC
36.912 -2360.21 m
36.912 -2287.903 l
S
0.659 0.667 0.678 SC
37.379 -2360.21 m
37.379 -2287.903 l
S
0.663 0.671 0.678 SC
37.845 -2360.21 m
37.845 -2287.903 l
S
0.663 0.675 0.682 SC
38.312 -2360.21 m
38.312 -2287.903 l
S
0.667 0.675 0.686 SC
38.778 -2360.21 m
38.778 -2287.903 l
S
0.671 0.678 0.69 SC
39.245 -2360.21 m
39.245 -2287.903 l
S
0.675 0.682 0.69 SC
39.711 -2360.21 m
39.711 -2287.903 l
S
0.678 0.686 0.694 SC
40.178 -2360.21 m
40.178 -2287.903 l
S
0.682 0.69 0.698 SC
40.644 -2360.21 m
40.644 -2287.903 l
S
0.682 0.69 0.702 SC
41.111 -2360.21 m
41.111 -2287.903 l
S
0.686 0.694 0.706 SC
41.577 -2360.21 m
41.577 -2287.903 l
S
0.69 0.698 0.706 SC
42.044 -2360.21 m
42.044 -2287.903 l
S
0.694 0.702 0.71 SC
42.51 -2360.21 m
42.51 -2287.903 l
S
0.698 0.706 0.714 SC
42.977 -2360.21 m
42.977 -2287.903 l
S
0.698 0.706 0.718 SC
43.443 -2360.21 m
43.443 -2287.903 l
S
0.702 0.71 0.722 SC
43.91 -2360.21 m
43.91 -2287.903 l
S
0.706 0.714 0.722 SC
44.376 -2360.21 m
44.376 -2287.903 l
S
0.71 0.718 0.725 SC
44.843 -2360.21 m
44.843 -2287.903 l
S
0.714 0.722 0.729 SC
45.309 -2360.21 m
45.309 -2287.903 l
S
0.714 0.722 0.733 SC
45.776 -2360.21 m
45.776 -2287.903 l
S
0.718 0.725 0.737 SC
46.242 -2360.21 m
46.242 -2287.903 l
S
0.722 0.729 0.737 SC
46.709 -2360.21 m
46.709 -2287.903 l
S
0.725 0.733 0.741 SC
47.175 -2360.21 m
47.175 -2287.903 l
S
0.729 0.737 0.745 SC
47.642 -2360.21 m
47.642 -2287.903 l
S
0.733 0.741 0.749 SC
48.108 -2360.21 m
48.108 -2287.903 l
S
0.733 0.741 0.753 SC
48.575 -2360.21 m
48.575 -2287.903 l
49.041 -2360.21 m
49.041 -2287.903 l
S
0.737 0.745 0.753 SC
49.508 -2360.21 m
49.508 -2287.903 l
S
0.741 0.749 0.757 SC
49.974 -2360.21 m
49.974 -2287.903 l
S
0.745 0.753 0.761 SC
50.441 -2360.21 m
50.441 -2287.903 l
S
0.749 0.757 0.765 SC
50.907 -2360.21 m
50.907 -2287.903 l
S
0.753 0.761 0.769 SC
51.374 -2360.21 m
51.374 -2287.903 l
51.84 -2360.21 m
51.84 -2287.903 l
S
0.757 0.765 0.773 SC
52.307 -2360.21 m
52.307 -2287.903 l
S
0.761 0.769 0.776 SC
52.773 -2360.21 m
52.773 -2287.903 l
S
0.765 0.773 0.78 SC
53.24 -2360.21 m
53.24 -2287.903 l
S
0.769 0.776 0.784 SC
53.706 -2360.21 m
53.706 -2287.903 l
S
0.773 0.776 0.784 SC
54.173 -2360.21 m
54.173 -2287.903 l
S
0.776 0.78 0.788 SC
54.639 -2360.21 m
54.639 -2287.903 l
S
0.776 0.784 0.792 SC
55.106 -2360.21 m
55.106 -2287.903 l
S
0.78 0.788 0.796 SC
55.572 -2360.21 m
55.572 -2287.903 l
S
0.784 0.792 0.8 SC
56.039 -2360.21 m
56.039 -2287.903 l
S
0.788 0.796 0.8 SC
56.505 -2360.21 m
56.505 -2287.903 l
S
0.792 0.796 0.804 SC
56.972 -2360.21 m
56.972 -2287.903 l
S
0.796 0.8 0.808 SC
57.438 -2360.21 m
57.438 -2287.903 l
S
0.796 0.804 0.812 SC
57.905 -2360.21 m
57.905 -2287.903 l
S
0.8 0.808 0.816 SC
58.371 -2360.21 m
58.371 -2287.903 l
S
0.804 0.812 0.816 SC
58.838 -2360.21 m
58.838 -2287.903 l
S
0.808 0.812 0.82 SC
59.304 -2360.21 m
59.304 -2287.903 l
S
0.812 0.816 0.824 SC
59.771 -2360.21 m
59.771 -2287.903 l
S
0.816 0.82 0.827 SC
60.237 -2360.21 m
60.237 -2287.903 l
S
0.816 0.824 0.831 SC
60.704 -2360.21 m
60.704 -2287.903 l
S
0.82 0.827 0.831 SC
61.17 -2360.21 m
61.17 -2287.903 l
S
0.824 0.831 0.835 SC
61.637 -2360.21 m
61.637 -2287.903 l
S
0.827 0.831 0.839 SC
62.103 -2360.21 m
62.103 -2287.903 l
S
0.831 0.835 0.843 SC
62.57 -2360.21 m
62.57 -2287.903 l
S
0.835 0.839 0.843 SC
63.036 -2360.21 m
63.036 -2287.903 l
S
0.835 0.843 0.847 SC
63.503 -2360.21 m
63.503 -2287.903 l
S
0.839 0.847 0.851 SC
63.969 -2360.21 m
63.969 -2287.903 l
S
0.843 0.847 0.855 SC
64.436 -2360.21 m
64.436 -2287.903 l
S
0.847 0.851 0.859 SC
64.902 -2360.21 m
64.902 -2287.903 l
S
0.851 0.855 0.859 SC
65.369 -2360.21 m
65.369 -2287.903 l
S
0.855 0.859 0.863 SC
65.835 -2360.21 m
65.835 -2287.903 l
S
0.855 0.863 0.867 SC
66.302 -2360.21 m
66.302 -2287.903 l
S
0.859 0.863 0.871 SC
66.768 -2360.21 m
66.768 -2287.903 l
S
0.863 0.867 0.875 SC
67.235 -2360.21 m
67.235 -2287.903 l
S
0.867 0.871 0.875 SC
67.701 -2360.21 m
67.701 -2287.903 l
S
0.871 0.875 0.878 SC
68.168 -2360.21 m
68.168 -2287.903 l
S
0.875 0.878 0.882 SC
68.634 -2360.21 m
68.634 -2287.903 l
S
0.875 0.882 0.886 SC
69.101 -2360.21 m
69.101 -2287.903 l
S
0.878 0.882 0.89 SC
69.567 -2360.21 m
69.567 -2287.903 l
S
0.882 0.886 0.89 SC
70.034 -2360.21 m
70.034 -2287.903 l
S
0.886 0.89 0.894 SC
70.5 -2360.21 m
70.5 -2287.903 l
S
0.89 0.894 0.898 SC
70.967 -2360.21 m
70.967 -2287.903 l
S
0.894 0.898 0.902 SC
71.433 -2360.21 m
71.433 -2287.903 l
S
0.898 0.898 0.902 SC
71.9 -2360.21 m
71.9 -2287.903 l
S
0.898 0.902 0.906 SC
72.366 -2360.21 m
72.366 -2287.903 l
S
0.902 0.906 0.91 SC
72.833 -2360.21 m
72.833 -2287.903 l
S
0.906 0.91 0.914 SC
73.299 -2360.21 m
73.299 -2287.903 l
S
0.91 0.914 0.918 SC
73.766 -2360.21 m
73.766 -2287.903 l
S
0.914 0.918 0.922 SC
74.232 -2360.21 m
74.232 -2287.903 l
S
0.918 0.922 0.922 SC
74.699 -2360.21 m
74.699 -2287.903 l
S
0.922 0.922 0.925 SC
75.165 -2360.21 m
75.165 -2287.903 l
S
0.922 0.925 0.929 SC
75.632 -2360.21 m
75.632 -2287.903 l
S
0.925 0.929 0.933 SC
76.098 -2360.21 m
76.098 -2287.903 l
S
0.929 0.933 0.933 SC
76.565 -2360.21 m
76.565 -2287.903 l
S
0.933 0.937 0.937 SC
77.031 -2360.21 m
77.031 -2287.903 l
S
0.937 0.937 0.941 SC
77.498 -2360.21 m
77.498 -2287.903 l
S
0.941 0.941 0.945 SC
77.964 -2360.21 m
77.964 -2287.903 l
S
0.945 0.945 0.949 SC
78.431 -2360.21 m
78.431 -2287.903 l
S
0.945 0.949 0.949 SC
78.897 -2360.21 m
78.897 -2287.903 l
S
0.949 0.953 0.953 SC
79.364 -2360.21 m
79.364 -2287.903 l
S
0.953 0.957 0.957 SC
79.83 -2360.21 m
79.83 -2287.903 l
S
0.957 0.957 0.961 SC
80.297 -2360.21 m
80.297 -2287.903 l
S
0.961 0.961 0.965 SC
80.763 -2360.21 m
80.763 -2287.903 l
S
0.965 0.965 0.969 SC
81.23 -2360.21 m
81.23 -2287.903 l
S
0.969 0.969 0.969 SC
81.696 -2360.21 m
81.696 -2287.903 l
S
0.973 0.973 0.973 SC
82.163 -2360.21 m
82.163 -2287.903 l
S
0.976 0.976 0.976 SC
82.629 -2360.21 m
82.629 -2287.903 l
S
0.98 0.98 0.984 SC
83.096 -2360.21 m
83.096 -2287.903 l
S
0.988 0.988 0.988 SC
83.562 -2360.21 m
83.562 -2287.903 l
S
0.992 0.992 0.992 SC
84.029 -2360.21 m
84.029 -2287.903 l
S
1 1 1 SC
84.495 -2360.21 m
84.495 -2287.903 l
S
Q
Q
q
1 i 
-9 851 613 -860 re
0 841 m
W n
0.03 841.02 595.02 -841.02 re
W n
/Cs5 cs 0.161 0.145 0.149 sc
/GS1 gs
0.03 841.02 35.4 -6.11 re
f
/Cs5 CS 0.161 0.145 0.149 SC
0 J 0 j 0.3 w 10 M []0 d
28.347 841.076 m
28.347 805.006 l
S
286.3 22.8 22.68 -22.8 re
f
BT
/F1 1 Tf
10 0 0 10 289.2992 7.7671 Tm
1 1 1 sc
-0.0002 Tc
0 Tw
(638)Tj
/F3 1 Tf
7 0 0 7 35.4331 17.5374 Tm
0.161 0.145 0.149 sc
-0.0001 Tc
-0.0306 Tw
[(Swissmedic Jour)-17.9(nal)-1111.9(9/2002)]TJ
/F2 1 Tf
10 0 0 10 85.0394 763.6339 Tm
-0.0336 Tw
[(01)-1044.2(Morga Salicis-T)98.8(ee, geschnittene Kräuter)]TJ
/F5 1 Tf
0 -1.4174 TD
-0.0306 Tw
(Morga AG, , 9642 Ebnat-Kappel)Tj
ET
0.4 w 
85.04 741.51 m
552.76 741.51 l
85.04 723.82 m
552.76 723.82 l
S
BT
10 0 0 10 85.0394 729.1213 Tm
-0.0002 Tc
0 Tw
[(Zul.-Nr)91.6(.: )]TJ
/F2 1 Tf
3.8771 0 TD
(55765)Tj
/F5 1 Tf
8.8788 0 TD
0 Tc
(V)Tj
0.6301 0 TD
-0.0001 Tc
(erkaufsart: )Tj
/F2 1 Tf
5.3041 0 TD
0 Tc
(E)Tj
/F5 1 Tf
6.8216 0 TD
-0.0001 Tc
-0.0306 Tw
[(Index: 01.01.2.)-9563.5(30.09.2002)]TJ
-25.5118 -2.2428 TD
0 Tw
[(Zusammensetzung:)-921.1(01)]TJ
8.3 0 0 8.3 198.4252 706.6931 Tm
-0.0306 Tw
[(SALICIS COR)17.7(TEX 85)-139.1(%, MENTHAE PIPERIT)54.7(AE FOLIUM 15)-139.1(%, pro CHAR)17.7(T)54.8(A)0( 2.4)-278.1(g)0.1(. )]TJ
10 0 0 10 85.0394 692.5195 Tm
[(Anwendung:)-5285.2(Bei leichten Kopfschmerzen)]TJ
0 -1.4174 TD
-0.0002 Tc
[(Packung:)-5699.5(01)-305.7(010)-3869(16 x 2,0)-278.2(g)-567(Beutel)-15708.6(E)]TJ
T*
-0.0001 Tc
[(Gültig bis:)-6647.8(29. September 2007)]TJ
ET
85.04 655.76 m
552.76 655.76 l
S
BT
/F2 1 Tf
10 0 0 10 85.0394 619.7628 Tm
-0.0002 Tc
-0.0335 Tw
[(01)-1044.3(Neur)17.6(otop r)17.6(etar)17.6(d 300)-306.1(mg, T)98.7(abletten)]TJ
0 -1.2835 TD
[(02)-1044.3(Neur)17.6(otop r)17.6(etar)17.6(d 600)-306.1(mg, T)98.7(abletten)]TJ
/F5 1 Tf
0 -1.4174 TD
-0.0001 Tc
-0.0306 Tw
(Orion Pharma AG, Untermüli 11, 6300 Zug)Tj
ET
85.04 584.8 m
552.76 584.8 l
85.04 567.11 m
552.76 567.11 l
S
BT
10 0 0 10 85.0394 572.4155 Tm
-0.0002 Tc
0 Tw
[(Zul.-Nr)91.6(.: )]TJ
/F2 1 Tf
3.8771 0 TD
(55723)Tj
/F5 1 Tf
8.8788 0 TD
0 Tc
(V)Tj
0.6301 0 TD
-0.0001 Tc
(erkaufsart: )Tj
/F2 1 Tf
5.3041 0 TD
0 Tc
(B)Tj
/F5 1 Tf
6.8216 0 TD
-0.0001 Tc
-0.0306 Tw
[(Index: 01.07.1.)-9563.5(26.09.2002)]TJ
-25.5118 -2.2428 TD
0 Tw
[(Zusammensetzung:)-921.1(01)]TJ
8.3 0 0 8.3 198.4252 549.9874 Tm
-0.0306 Tw
[(CARBAMAZEPINUM 300)-278.1(mg, EXCIPIENS pro COMPRESSO.)]TJ
10 0 0 10 184.252 535.8138 Tm
-0.0002 Tc
0 Tw
(02)Tj
8.3 0 0 8.3 198.4252 535.8138 Tm
-0.0001 Tc
-0.0306 Tw
[(CARBAMAZEPINUM 600)-278.1(mg, EXCIPIENS pro COMPRESSO.)]TJ
10 0 0 10 85.0394 521.6402 Tm
0 Tw
[(Anwendung:)-5285.2(Antiepileptikum)]TJ
0 -1.4174 TD
[(Packungen:)-4532.7(01)-305.6(002)-7141.8(5)0.1(0)-567(T)74(abletten)-14281.8(B)]TJ
11.3386 -1.4174 TD
[(004)-6585.9(1)0.1(00)-567.1(T)74(abletten)-14281.8(B)]TJ
-1.4173 -1.4174 TD
[(02)-305.6(006)-7141.8(5)0.1(0)-567(T)74(abletten)-14281.8(B)]TJ
1.4173 -1.4174 TD
[(008)-6585.9(1)0.1(00)-567.1(T)74(abletten)-14281.8(B)]TJ
-11.3386 -1.4174 TD
-0.0306 Tw
[(Gültig bis:)-6647.8(25. September 2007)]TJ
ET
85.04 442.36 m
552.76 442.36 l
S
BT
/F2 1 Tf
10 0 0 10 85.0394 406.3626 Tm
-0.0337 Tw
[(01)-1044.2(Opran, Dragées)]TJ
/F5 1 Tf
T*
-0.0306 Tw
(Medichemie Bioline AG, Brühlstrasse 50, 4107 Ettingen)Tj
ET
85.04 384.24 m
552.76 384.24 l
85.04 366.55 m
552.76 366.55 l
S
BT
10 0 0 10 85.0394 371.8499 Tm
-0.0002 Tc
0 Tw
[(Zul.-Nr)91.6(.: )]TJ
/F2 1 Tf
3.8771 0 TD
(56250)Tj
/F5 1 Tf
8.8788 0 TD
0 Tc
(V)Tj
0.6301 0 TD
-0.0001 Tc
(erkaufsart: )Tj
/F2 1 Tf
5.3041 0 TD
0 Tc
(D)Tj
/F5 1 Tf
6.8216 0 TD
-0.0001 Tc
-0.0306 Tw
[(Index: 09.99.0.)-9563.5(30.09.2002)]TJ
-25.5118 -2.2428 TD
0 Tw
[(Zusammensetzung:)-921.1(01)]TJ
8.3 0 0 8.3 198.4252 349.4218 Tm
-0.0648 Tw
[(AGNI CASTI EXTRACTUM ETHANOLICUM SICCUM 40)-278.1(mg corresp. CASTICINUM 0.12)-278.1(mg, EXCI-)]TJ
0 -1.3661 TD
-0.0306 Tw
(PIENS pro COMPRESSO OBDUCTO.)Tj
10 0 0 10 85.0394 323.9092 Tm
[(Anwendung:)-5285.2(Beschwerden vor der Menstruation)]TJ
0 -1.4174 TD
[(Packungen:)-4532.7(01)-305.6(005)-5591.4(1)0( x 30)-567(Dragées)-14930.4(D)]TJ
11.3386 -1.4174 TD
[(019)-5591.4(3)0( x 30)-567(Dragées)-14930.4(D)]TJ
-11.3386 -1.4174 TD
[(Gültig bis:)-6647.8(29. September 2007)]TJ
ET
85.04 272.97 m
552.76 272.97 l
S
Q

q
1 i 
-9 851 613 -860 re
0 841 m
W n
0.03 841.02 595.02 -841.02 re
W n
BT
/F4 1 Tf
12.5 0 0 12.5 285.8058 811.7825 Tm
/Cs5 cs 0.161 0.145 0.149 sc
/GS1 gs
-0.0001 Tc
-0.0286 Tw
[(Arzneimittel Statistik)-130(/)-129.9(M)0.1(édicaments miscellanées)]TJ
ET
/Cs5 CS 0.161 0.145 0.149 SC
0 J 0 j 0.3 w 10 M []0 d
42.8 805.15 m
567.2 805.15 l
S
Q
q
1 i 
361.69 850.5 198.43 -24.09 re
560.097 811.782 m
W* n
-9 851 613 -860 re
0 841 m
W n
0.03 841.02 595.02 -841.02 re
W n
q
2.7718 0 0 -0.3608 0 0 cm
/Cs5 CS 1 1 1 SC
0 J 0 j 0.5 w 10 M []0 d
/GS1 gs
130.36 -2360.21 m
130.36 -2287.903 l
S
0.992 0.992 0.992 SC
130.827 -2360.21 m
130.827 -2287.903 l
S
0.988 0.988 0.988 SC
131.293 -2360.21 m
131.293 -2287.903 l
S
0.98 0.98 0.984 SC
131.76 -2360.21 m
131.76 -2287.903 l
S
0.976 0.976 0.976 SC
132.226 -2360.21 m
132.226 -2287.903 l
S
0.973 0.973 0.973 SC
132.693 -2360.21 m
132.693 -2287.903 l
S
0.969 0.969 0.969 SC
133.159 -2360.21 m
133.159 -2287.903 l
S
0.965 0.965 0.969 SC
133.626 -2360.21 m
133.626 -2287.903 l
S
0.961 0.961 0.965 SC
134.092 -2360.21 m
134.092 -2287.903 l
S
0.957 0.957 0.961 SC
134.559 -2360.21 m
134.559 -2287.903 l
S
0.953 0.957 0.957 SC
135.025 -2360.21 m
135.025 -2287.903 l
S
0.949 0.953 0.953 SC
135.492 -2360.21 m
135.492 -2287.903 l
S
0.945 0.949 0.949 SC
135.958 -2360.21 m
135.958 -2287.903 l
S
0.945 0.945 0.949 SC
136.425 -2360.21 m
136.425 -2287.903 l
S
0.941 0.941 0.945 SC
136.891 -2360.21 m
136.891 -2287.903 l
S
0.937 0.937 0.941 SC
137.358 -2360.21 m
137.358 -2287.903 l
S
0.933 0.937 0.937 SC
137.824 -2360.21 m
137.824 -2287.903 l
S
0.929 0.933 0.933 SC
138.291 -2360.21 m
138.291 -2287.903 l
S
0.925 0.929 0.933 SC
138.757 -2360.21 m
138.757 -2287.903 l
S
0.922 0.925 0.929 SC
139.224 -2360.21 m
139.224 -2287.903 l
S
0.922 0.922 0.925 SC
139.69 -2360.21 m
139.69 -2287.903 l
S
0.918 0.922 0.922 SC
140.157 -2360.21 m
140.157 -2287.903 l
S
0.914 0.918 0.922 SC
140.623 -2360.21 m
140.623 -2287.903 l
S
0.91 0.914 0.918 SC
141.09 -2360.21 m
141.09 -2287.903 l
S
0.906 0.91 0.914 SC
141.556 -2360.21 m
141.556 -2287.903 l
S
0.902 0.906 0.91 SC
142.023 -2360.21 m
142.023 -2287.903 l
S
0.898 0.902 0.906 SC
142.489 -2360.21 m
142.489 -2287.903 l
S
0.898 0.898 0.902 SC
142.956 -2360.21 m
142.956 -2287.903 l
S
0.894 0.898 0.902 SC
143.422 -2360.21 m
143.422 -2287.903 l
S
0.89 0.894 0.898 SC
143.889 -2360.21 m
143.889 -2287.903 l
S
0.886 0.89 0.894 SC
144.355 -2360.21 m
144.355 -2287.903 l
S
0.882 0.886 0.89 SC
144.822 -2360.21 m
144.822 -2287.903 l
S
0.878 0.882 0.89 SC
145.288 -2360.21 m
145.288 -2287.903 l
S
0.875 0.882 0.886 SC
145.755 -2360.21 m
145.755 -2287.903 l
S
0.875 0.878 0.882 SC
146.221 -2360.21 m
146.221 -2287.903 l
S
0.871 0.875 0.878 SC
146.688 -2360.21 m
146.688 -2287.903 l
S
0.867 0.871 0.875 SC
147.154 -2360.21 m
147.154 -2287.903 l
S
0.863 0.867 0.875 SC
147.621 -2360.21 m
147.621 -2287.903 l
S
0.859 0.863 0.871 SC
148.087 -2360.21 m
148.087 -2287.903 l
S
0.855 0.863 0.867 SC
148.554 -2360.21 m
148.554 -2287.903 l
S
0.855 0.859 0.863 SC
149.02 -2360.21 m
149.02 -2287.903 l
S
0.851 0.855 0.859 SC
149.487 -2360.21 m
149.487 -2287.903 l
S
0.847 0.851 0.859 SC
149.953 -2360.21 m
149.953 -2287.903 l
S
0.843 0.847 0.855 SC
150.42 -2360.21 m
150.42 -2287.903 l
S
0.839 0.847 0.851 SC
150.886 -2360.21 m
150.886 -2287.903 l
S
0.835 0.843 0.847 SC
151.353 -2360.21 m
151.353 -2287.903 l
S
0.835 0.839 0.843 SC
151.819 -2360.21 m
151.819 -2287.903 l
S
0.831 0.835 0.843 SC
152.286 -2360.21 m
152.286 -2287.903 l
S
0.827 0.831 0.839 SC
152.752 -2360.21 m
152.752 -2287.903 l
S
0.824 0.831 0.835 SC
153.219 -2360.21 m
153.219 -2287.903 l
S
0.82 0.827 0.831 SC
153.685 -2360.21 m
153.685 -2287.903 l
S
0.816 0.824 0.831 SC
154.152 -2360.21 m
154.152 -2287.903 l
S
0.816 0.82 0.827 SC
154.618 -2360.21 m
154.618 -2287.903 l
S
0.812 0.816 0.824 SC
155.085 -2360.21 m
155.085 -2287.903 l
S
0.808 0.812 0.82 SC
155.551 -2360.21 m
155.551 -2287.903 l
S
0.804 0.812 0.816 SC
156.018 -2360.21 m
156.018 -2287.903 l
S
0.8 0.808 0.816 SC
156.484 -2360.21 m
156.484 -2287.903 l
S
0.796 0.804 0.812 SC
156.951 -2360.21 m
156.951 -2287.903 l
S
0.796 0.8 0.808 SC
157.417 -2360.21 m
157.417 -2287.903 l
S
0.792 0.796 0.804 SC
157.884 -2360.21 m
157.884 -2287.903 l
S
0.788 0.796 0.8 SC
158.35 -2360.21 m
158.35 -2287.903 l
S
0.784 0.792 0.8 SC
158.817 -2360.21 m
158.817 -2287.903 l
S
0.78 0.788 0.796 SC
159.283 -2360.21 m
159.283 -2287.903 l
S
0.776 0.784 0.792 SC
159.75 -2360.21 m
159.75 -2287.903 l
S
0.776 0.78 0.788 SC
160.216 -2360.21 m
160.216 -2287.903 l
S
0.773 0.776 0.784 SC
160.683 -2360.21 m
160.683 -2287.903 l
S
0.769 0.776 0.784 SC
161.149 -2360.21 m
161.149 -2287.903 l
S
0.765 0.773 0.78 SC
161.616 -2360.21 m
161.616 -2287.903 l
S
0.761 0.769 0.776 SC
162.082 -2360.21 m
162.082 -2287.903 l
S
0.757 0.765 0.773 SC
162.549 -2360.21 m
162.549 -2287.903 l
S
0.753 0.761 0.769 SC
163.015 -2360.21 m
163.015 -2287.903 l
163.482 -2360.21 m
163.482 -2287.903 l
S
0.749 0.757 0.765 SC
163.948 -2360.21 m
163.948 -2287.903 l
S
0.745 0.753 0.761 SC
164.415 -2360.21 m
164.415 -2287.903 l
S
0.741 0.749 0.757 SC
164.881 -2360.21 m
164.881 -2287.903 l
S
0.737 0.745 0.753 SC
165.348 -2360.21 m
165.348 -2287.903 l
S
0.733 0.741 0.753 SC
165.814 -2360.21 m
165.814 -2287.903 l
S
0.733 0.741 0.749 SC
166.281 -2360.21 m
166.281 -2287.903 l
166.747 -2360.21 m
166.747 -2287.903 l
S
0.729 0.737 0.745 SC
167.214 -2360.21 m
167.214 -2287.903 l
S
0.725 0.733 0.741 SC
167.68 -2360.21 m
167.68 -2287.903 l
S
0.722 0.729 0.737 SC
168.147 -2360.21 m
168.147 -2287.903 l
S
0.718 0.725 0.737 SC
168.613 -2360.21 m
168.613 -2287.903 l
S
0.714 0.722 0.733 SC
169.08 -2360.21 m
169.08 -2287.903 l
S
0.714 0.722 0.729 SC
169.546 -2360.21 m
169.546 -2287.903 l
S
0.71 0.718 0.725 SC
170.013 -2360.21 m
170.013 -2287.903 l
S
0.706 0.714 0.722 SC
170.479 -2360.21 m
170.479 -2287.903 l
S
0.702 0.71 0.722 SC
170.946 -2360.21 m
170.946 -2287.903 l
S
0.698 0.706 0.718 SC
171.412 -2360.21 m
171.412 -2287.903 l
S
0.698 0.706 0.714 SC
171.879 -2360.21 m
171.879 -2287.903 l
S
0.694 0.702 0.71 SC
172.345 -2360.21 m
172.345 -2287.903 l
S
0.69 0.698 0.706 SC
172.812 -2360.21 m
172.812 -2287.903 l
S
0.686 0.694 0.706 SC
173.278 -2360.21 m
173.278 -2287.903 l
S
0.682 0.69 0.702 SC
173.745 -2360.21 m
173.745 -2287.903 l
S
0.682 0.69 0.698 SC
174.211 -2360.21 m
174.211 -2287.903 l
S
0.678 0.686 0.694 SC
174.678 -2360.21 m
174.678 -2287.903 l
S
0.675 0.682 0.69 SC
175.144 -2360.21 m
175.144 -2287.903 l
S
0.671 0.678 0.69 SC
175.611 -2360.21 m
175.611 -2287.903 l
S
0.667 0.675 0.686 SC
176.077 -2360.21 m
176.077 -2287.903 l
S
0.663 0.675 0.682 SC
176.544 -2360.21 m
176.544 -2287.903 l
S
0.663 0.671 0.678 SC
177.01 -2360.21 m
177.01 -2287.903 l
S
0.659 0.667 0.678 SC
177.477 -2360.21 m
177.477 -2287.903 l
S
0.655 0.663 0.675 SC
177.943 -2360.21 m
177.943 -2287.903 l
S
0.651 0.659 0.671 SC
178.41 -2360.21 m
178.41 -2287.903 l
S
0.651 0.659 0.667 SC
178.876 -2360.21 m
178.876 -2287.903 l
S
0.647 0.655 0.663 SC
179.343 -2360.21 m
179.343 -2287.903 l
S
0.643 0.651 0.663 SC
179.809 -2360.21 m
179.809 -2287.903 l
S
0.639 0.647 0.659 SC
180.276 -2360.21 m
180.276 -2287.903 l
S
0.635 0.643 0.655 SC
180.742 -2360.21 m
180.742 -2287.903 l
S
0.635 0.643 0.651 SC
181.209 -2360.21 m
181.209 -2287.903 l
S
0.631 0.639 0.647 SC
181.675 -2360.21 m
181.675 -2287.903 l
S
0.627 0.635 0.647 SC
182.142 -2360.21 m
182.142 -2287.903 l
S
0.624 0.631 0.643 SC
182.608 -2360.21 m
182.608 -2287.903 l
S
0.62 0.631 0.639 SC
183.075 -2360.21 m
183.075 -2287.903 l
S
0.62 0.627 0.635 SC
183.541 -2360.21 m
183.541 -2287.903 l
S
0.616 0.624 0.635 SC
184.008 -2360.21 m
184.008 -2287.903 l
S
0.612 0.62 0.631 SC
184.474 -2360.21 m
184.474 -2287.903 l
S
0.608 0.616 0.627 SC
184.941 -2360.21 m
184.941 -2287.903 l
S
0.608 0.616 0.624 SC
185.407 -2360.21 m
185.407 -2287.903 l
S
0.604 0.612 0.624 SC
185.874 -2360.21 m
185.874 -2287.903 l
S
0.6 0.608 0.62 SC
186.34 -2360.21 m
186.34 -2287.903 l
S
0.596 0.604 0.616 SC
186.806 -2360.21 m
186.806 -2287.903 l
S
0.596 0.604 0.612 SC
187.273 -2360.21 m
187.273 -2287.903 l
S
0.592 0.6 0.608 SC
187.739 -2360.21 m
187.739 -2287.903 l
S
0.588 0.596 0.608 SC
188.206 -2360.21 m
188.206 -2287.903 l
S
0.584 0.592 0.604 SC
188.672 -2360.21 m
188.672 -2287.903 l
S
0.584 0.592 0.6 SC
189.139 -2360.21 m
189.139 -2287.903 l
S
0.58 0.588 0.596 SC
189.605 -2360.21 m
189.605 -2287.903 l
S
0.576 0.584 0.596 SC
190.072 -2360.21 m
190.072 -2287.903 l
S
0.573 0.58 0.592 SC
190.538 -2360.21 m
190.538 -2287.903 l
S
0.573 0.58 0.588 SC
191.005 -2360.21 m
191.005 -2287.903 l
S
0.569 0.576 0.588 SC
191.471 -2360.21 m
191.471 -2287.903 l
S
0.565 0.573 0.584 SC
191.938 -2360.21 m
191.938 -2287.903 l
S
0.561 0.569 0.58 SC
192.404 -2360.21 m
192.404 -2287.903 l
S
0.561 0.569 0.576 SC
192.871 -2360.21 m
192.871 -2287.903 l
S
0.557 0.565 0.576 SC
193.337 -2360.21 m
193.337 -2287.903 l
S
0.553 0.561 0.573 SC
193.804 -2360.21 m
193.804 -2287.903 l
S
0.549 0.557 0.569 SC
194.27 -2360.21 m
194.27 -2287.903 l
S
0.549 0.557 0.565 SC
194.737 -2360.21 m
194.737 -2287.903 l
S
0.545 0.553 0.565 SC
195.203 -2360.21 m
195.203 -2287.903 l
S
0.541 0.549 0.561 SC
195.67 -2360.21 m
195.67 -2287.903 l
S
0.537 0.545 0.557 SC
196.136 -2360.21 m
196.136 -2287.903 l
S
0.537 0.545 0.553 SC
196.603 -2360.21 m
196.603 -2287.903 l
S
0.533 0.541 0.553 SC
197.069 -2360.21 m
197.069 -2287.903 l
S
0.529 0.537 0.549 SC
197.536 -2360.21 m
197.536 -2287.903 l
S
0.529 0.533 0.545 SC
198.002 -2360.21 m
198.002 -2287.903 l
S
0.525 0.533 0.541 SC
198.469 -2360.21 m
198.469 -2287.903 l
S
0.522 0.529 0.541 SC
198.935 -2360.21 m
198.935 -2287.903 l
S
0.518 0.525 0.537 SC
199.402 -2360.21 m
199.402 -2287.903 l
S
0.518 0.525 0.533 SC
199.868 -2360.21 m
199.868 -2287.903 l
S
0.514 0.522 0.529 SC
200.335 -2360.21 m
200.335 -2287.903 l
S
0.51 0.518 0.529 SC
200.801 -2360.21 m
200.801 -2287.903 l
S
0.51 0.514 0.525 SC
201.268 -2360.21 m
201.268 -2287.903 l
S
0.506 0.514 0.522 SC
201.734 -2360.21 m
201.734 -2287.903 l
S
0.502 0.51 0.518 SC
202.201 -2360.21 m
202.201 -2287.903 l
S
Q
Q
q
1 i 
-9 851 613 -860 re
0 841 m
W n
0.03 841.02 595.02 -841.02 re
W n
/Cs5 cs 0.161 0.145 0.149 sc
/GS1 gs
560.12 841.02 34.93 -6.11 re
f
/Cs5 CS 0.161 0.145 0.149 SC
0 J 0 j 0.3 w 10 M []0 d
567.202 840.678 m
567.202 804.948 l
S
286.57 22.8 22.68 -22.8 re
f
BT
/F1 1 Tf
10 0 0 10 289.5747 7.7671 Tm
1 1 1 sc
-0.0002 Tc
0 Tw
(639)Tj
/F3 1 Tf
7 0 0 7 473.8676 17.5374 Tm
0.161 0.145 0.149 sc
-0.0001 Tc
-0.0306 Tw
[(Swissmedic Jour)-17.9(nal)-1111.9(9/2002)]TJ
/F2 1 Tf
10 0 0 10 42.7953 763.6339 Tm
-0.0336 Tw
[(01)-1044.2(Remer)17.7(on 15)-306(mg, Schmelztabletten)]TJ
0 -1.2835 TD
[(02)-1044.2(Remer)17.7(on 30)-306(mg, Schmelztabletten)]TJ
/F5 1 Tf
0 -1.4174 TD
-0.0306 Tw
[(Organon AG, Churerstrasse 160 b, 8808 Pfäf)17.7(fikon)]TJ
ET
0.4 w 
42.8 728.68 m
510.51 728.68 l
42.8 710.98 m
510.51 710.98 l
S
BT
10 0 0 10 42.7953 716.2866 Tm
-0.0002 Tc
0 Tw
[(Zul.-Nr)91.6(.: )]TJ
/F2 1 Tf
3.8772 0 TD
(56075)Tj
/F5 1 Tf
8.8787 0 TD
0 Tc
(V)Tj
0.6301 0 TD
-0.0001 Tc
(erkaufsart: )Tj
/F2 1 Tf
5.3042 0 TD
0 Tc
(B)Tj
/F5 1 Tf
6.8216 0 TD
-0.0001 Tc
-0.0306 Tw
[(Index: 01.06.0.)-9563.5(18.09.2002)]TJ
-25.5118 -2.2428 TD
0 Tw
[(Zusammensetzung:)-921.1(01)]TJ
8.3 0 0 8.3 156.1811 693.8585 Tm
0.2047 Tw
[(MIR)17.7(T)54.8(AZAPINUM 15)-278.1(mg, ASP)36.7(AR)17.7(T)54.8(AMUM, V)36.7(ANILLINUM, AROMA)73.7(TICA, EXCIPIENS pro COM-)]TJ
0 -1.3661 TD
0 Tw
(PRESSO.)Tj
10 0 0 10 142.0079 668.3459 Tm
-0.0002 Tc
(02)Tj
8.3 0 0 8.3 156.1811 668.3459 Tm
-0.0001 Tc
0.2047 Tw
[(MIR)17.7(T)54.8(AZAPINUM 30)-278.1(mg, ASP)36.7(AR)17.7(T)54.8(AMUM, V)36.7(ANILLINUM, AROMA)73.7(TICA, EXCIPIENS pro COM-)]TJ
T*
0 Tw
(PRESSO.)Tj
10 0 0 10 42.7953 642.8333 Tm
[(Anwendung:)-5285.2(Antidepressivum)]TJ
0 -1.4174 TD
[(Packungen:)-4532.7(01)-305.6(002)-7697.7(6)-566.9(Schmelztabletten)-10597.4(B)]TJ
11.3386 -1.4174 TD
[(004)-7141.8(3)0.1(0)-567(Schmelztabletten)-10597.4(B)]TJ
T*
[(006)-7141.8(9)0.1(6)-567(Schmelztabletten)-10597.4(B)]TJ
T*
[(012)-7141.8(1)0.1(8)-567(Schmelztabletten)-10597.4(B)]TJ
T*
[(014)-7141.8(4)0.1(8)-567(Schmelztabletten)-10597.4(B)]TJ
-1.4173 -1.4174 TD
[(02)-305.6(008)-7141.8(3)0.1(0)-567(Schmelztabletten)-10597.4(B)]TJ
1.4173 -1.4174 TD
[(010)-7141.8(9)0.1(6)-567(Schmelztabletten)-10597.4(B)]TJ
T*
[(016)-7697.7(6)-566.9(Schmelztabletten)-10597.4(B)]TJ
-11.3386 -1.4174 TD
-0.0306 Tw
[(Bemerkung:)-5671.9(Erstregistrierung 18.09.2002)]TJ
T*
[(Gültig bis:)-6647.8(17. September 2007)]TJ
ET
42.8 492.68 m
510.51 492.68 l
S
BT
/F2 1 Tf
10 0 0 10 42.7953 456.6875 Tm
-0.0336 Tw
[(01)-1044.2(Similasan Herpasim, homöopathische Salbe)]TJ
/F5 1 Tf
T*
-0.0306 Tw
(Similasan AG, Chriesiweg, 8916 Jonen)Tj
ET
42.8 434.56 m
510.51 434.56 l
42.8 416.87 m
510.51 416.87 l
S
BT
10 0 0 10 42.7953 422.1749 Tm
-0.0002 Tc
0 Tw
[(Zul.-Nr)91.6(.: )]TJ
/F2 1 Tf
3.8772 0 TD
(54952)Tj
/F5 1 Tf
8.8787 0 TD
0 Tc
(V)Tj
0.6301 0 TD
-0.0001 Tc
(erkaufsart: )Tj
/F2 1 Tf
5.3042 0 TD
0 Tc
(D)Tj
/F5 1 Tf
6.8216 0 TD
-0.0001 Tc
-0.0306 Tw
[(Index: 20.01.0.)-9563.5(17.09.2002)]TJ
-25.5118 -2.2428 TD
0 Tw
[(Zusammensetzung:)-921.1(01)]TJ
8.3 0 0 8.3 156.1811 399.7468 Tm
0.0231 Tw
[(CALCII FLUORIDUM D12, CLEMA)73.7(TIS RECT)54.7(A D6, NA)73.7(TRII CHLORIDUM D12, RHUS TOXICODEN-)]TJ
0 -1.3661 TD
0.0604 Tw
[(DRON D8 ana P)36.7(A)0.2(R)17.7(TES 25)-278.1(mg, ARACHIDIS OLEUM HYDROGENA)73.7(TUM, ALCOHOL CETYLICUS,)]TJ
T*
0.1701 Tw
[(POL)91.5(YSORBA)73.7(TUM 60, PROPYLENGL)91.5(YCOLUM, CONSER)17.7(V)91.5(.: NA)73.7(TRII CHLOROARGENT)54.7(AS, AQUA)]TJ
T*
-0.0306 Tw
[(q.s. ad UNGUENTUM pro 1)-278.1(g)0.1(. )]TJ
10 0 0 10 42.7953 351.5562 Tm
[(Anwendung:)-5285.2(Bei Fieberbläschen)]TJ
0 -1.4174 TD
-0.0002 Tc
0 Tw
[(Packung:)-5699.5(01)-305.7(015)-7697.8(5)-567(g)-18097.9(D)]TJ
T*
-0.0001 Tc
-0.0306 Tw
[(Gültig bis:)-6647.8(16. September 2007)]TJ
ET
42.8 314.79 m
510.51 314.79 l
S
BT
/F2 1 Tf
10 0 0 10 42.7953 278.7995 Tm
-0.0337 Tw
[(01)-1044.2(T)74(ramacet, T)98.8(abletten)]TJ
/F5 1 Tf
T*
-0.0306 Tw
(Janssen-Cilag AG, Sihlbruggstrasse 111, 6340 Baar)Tj
ET
42.8 256.68 m
510.51 256.68 l
42.8 238.98 m
510.51 238.98 l
S
BT
10 0 0 10 42.7953 244.2868 Tm
-0.0002 Tc
0 Tw
[(Zul.-Nr)91.6(.: )]TJ
/F2 1 Tf
3.8772 0 TD
(55810)Tj
/F5 1 Tf
8.8787 0 TD
0 Tc
(V)Tj
0.6301 0 TD
-0.0001 Tc
(erkaufsart: )Tj
/F2 1 Tf
5.3042 0 TD
0 Tc
(A)Tj
/F5 1 Tf
6.8216 0 TD
-0.0001 Tc
-0.0306 Tw
[(Index: 01.01.4.)-9563.5(18.09.2002)]TJ
-25.5118 -2.2428 TD
0 Tw
[(Zusammensetzung:)-921.1(01)]TJ
8.3 0 0 8.3 156.1811 221.8586 Tm
-0.0068 Tw
[(TRAMADOLI HYDROCHLORIDUM 37.5)-278.1(mg, P)36.7(ARACET)54.7(AMOLUM 325)-278.1(mg, EXCIPIENS pro COM-)]TJ
0 -1.3661 TD
0 Tw
(PRESSO.)Tj
10 0 0 10 42.7953 196.3461 Tm
[(Anwendung:)-5285.2(Analgetikum)]TJ
0 -1.4174 TD
[(Packungen:)-4532.7(01)-305.6(001)-7141.8(1)0.1(0)-567(T)74(abletten)-14281.8(A)]TJ
11.3386 -1.4174 TD
[(003)-7141.8(2)0.1(0)-567(T)74(abletten)-14281.8(A)]TJ
T*
[(005)-7141.8(4)0.1(0)-567(T)74(abletten)-14281.8(A)]TJ
T*
[(007)-7141.8(6)0.1(0)-567(T)74(abletten)-14281.8(A)]TJ
-11.3386 -1.4174 TD
-0.0306 Tw
[(Gültig bis:)-6647.8(17. September 2007)]TJ
ET
42.8 117.06 m
510.51 117.06 l
S
Q

q
1 i 
-9 851 613 -860 re
0 841 m
W n
0.03 841.02 595.02 -841.02 re
W n
BT
/F4 1 Tf
12.5 0 0 12.5 34.4488 811.7822 Tm
/Cs5 cs 0.161 0.145 0.149 sc
/GS1 gs
-0.0001 Tc
-0.0286 Tw
[(Arzneimittel Statistik)-130(/)-129.9(M)0.1(édicaments miscellanées)]TJ
ET
/Cs5 CS 0.161 0.145 0.149 SC
0 J 0 j 0.3 w 10 M []0 d
28.35 805.15 m
552.76 805.15 l
S
Q
q
1 i 
35.43 850.5 198.43 -24.09 re
308.74 811.782 m
W* n
-9 851 613 -860 re
0 841 m
W n
0.03 841.02 595.02 -841.02 re
W n
q
2.7718 0 0 -0.3608 0 0 cm
/Cs5 CS 0.502 0.51 0.518 SC
0 J 0 j 0.5 w 10 M []0 d
/GS1 gs
12.655 -2360.21 m
12.655 -2287.903 l
S
0.506 0.514 0.522 SC
13.121 -2360.21 m
13.121 -2287.903 l
S
0.51 0.514 0.525 SC
13.588 -2360.21 m
13.588 -2287.903 l
S
0.51 0.518 0.529 SC
14.054 -2360.21 m
14.054 -2287.903 l
S
0.514 0.522 0.529 SC
14.521 -2360.21 m
14.521 -2287.903 l
S
0.518 0.525 0.533 SC
14.987 -2360.21 m
14.987 -2287.903 l
S
0.518 0.525 0.537 SC
15.454 -2360.21 m
15.454 -2287.903 l
S
0.522 0.529 0.541 SC
15.92 -2360.21 m
15.92 -2287.903 l
S
0.525 0.533 0.541 SC
16.387 -2360.21 m
16.387 -2287.903 l
S
0.529 0.533 0.545 SC
16.853 -2360.21 m
16.853 -2287.903 l
S
0.529 0.537 0.549 SC
17.32 -2360.21 m
17.32 -2287.903 l
S
0.533 0.541 0.553 SC
17.786 -2360.21 m
17.786 -2287.903 l
S
0.537 0.545 0.553 SC
18.253 -2360.21 m
18.253 -2287.903 l
S
0.537 0.545 0.557 SC
18.719 -2360.21 m
18.719 -2287.903 l
S
0.541 0.549 0.561 SC
19.186 -2360.21 m
19.186 -2287.903 l
S
0.545 0.553 0.565 SC
19.652 -2360.21 m
19.652 -2287.903 l
S
0.549 0.557 0.565 SC
20.119 -2360.21 m
20.119 -2287.903 l
S
0.549 0.557 0.569 SC
20.585 -2360.21 m
20.585 -2287.903 l
S
0.553 0.561 0.573 SC
21.052 -2360.21 m
21.052 -2287.903 l
S
0.557 0.565 0.576 SC
21.518 -2360.21 m
21.518 -2287.903 l
S
0.561 0.569 0.576 SC
21.985 -2360.21 m
21.985 -2287.903 l
S
0.561 0.569 0.58 SC
22.451 -2360.21 m
22.451 -2287.903 l
S
0.565 0.573 0.584 SC
22.918 -2360.21 m
22.918 -2287.903 l
S
0.569 0.576 0.588 SC
23.384 -2360.21 m
23.384 -2287.903 l
S
0.573 0.58 0.588 SC
23.851 -2360.21 m
23.851 -2287.903 l
S
0.573 0.58 0.592 SC
24.317 -2360.21 m
24.317 -2287.903 l
S
0.576 0.584 0.596 SC
24.784 -2360.21 m
24.784 -2287.903 l
S
0.58 0.588 0.596 SC
25.25 -2360.21 m
25.25 -2287.903 l
S
0.584 0.592 0.6 SC
25.717 -2360.21 m
25.717 -2287.903 l
S
0.584 0.592 0.604 SC
26.183 -2360.21 m
26.183 -2287.903 l
S
0.588 0.596 0.608 SC
26.65 -2360.21 m
26.65 -2287.903 l
S
0.592 0.6 0.608 SC
27.116 -2360.21 m
27.116 -2287.903 l
S
0.596 0.604 0.612 SC
27.583 -2360.21 m
27.583 -2287.903 l
S
0.596 0.604 0.616 SC
28.049 -2360.21 m
28.049 -2287.903 l
S
0.6 0.608 0.62 SC
28.516 -2360.21 m
28.516 -2287.903 l
S
0.604 0.612 0.624 SC
28.982 -2360.21 m
28.982 -2287.903 l
S
0.608 0.616 0.624 SC
29.449 -2360.21 m
29.449 -2287.903 l
S
0.608 0.616 0.627 SC
29.915 -2360.21 m
29.915 -2287.903 l
S
0.612 0.62 0.631 SC
30.382 -2360.21 m
30.382 -2287.903 l
S
0.616 0.624 0.635 SC
30.848 -2360.21 m
30.848 -2287.903 l
S
0.62 0.627 0.635 SC
31.315 -2360.21 m
31.315 -2287.903 l
S
0.62 0.631 0.639 SC
31.781 -2360.21 m
31.781 -2287.903 l
S
0.624 0.631 0.643 SC
32.248 -2360.21 m
32.248 -2287.903 l
S
0.627 0.635 0.647 SC
32.714 -2360.21 m
32.714 -2287.903 l
S
0.631 0.639 0.647 SC
33.181 -2360.21 m
33.181 -2287.903 l
S
0.635 0.643 0.651 SC
33.647 -2360.21 m
33.647 -2287.903 l
S
0.635 0.643 0.655 SC
34.113 -2360.21 m
34.113 -2287.903 l
S
0.639 0.647 0.659 SC
34.58 -2360.21 m
34.58 -2287.903 l
S
0.643 0.651 0.663 SC
35.046 -2360.21 m
35.046 -2287.903 l
S
0.647 0.655 0.663 SC
35.513 -2360.21 m
35.513 -2287.903 l
S
0.651 0.659 0.667 SC
35.979 -2360.21 m
35.979 -2287.903 l
S
0.651 0.659 0.671 SC
36.446 -2360.21 m
36.446 -2287.903 l
S
0.655 0.663 0.675 SC
36.912 -2360.21 m
36.912 -2287.903 l
S
0.659 0.667 0.678 SC
37.379 -2360.21 m
37.379 -2287.903 l
S
0.663 0.671 0.678 SC
37.845 -2360.21 m
37.845 -2287.903 l
S
0.663 0.675 0.682 SC
38.312 -2360.21 m
38.312 -2287.903 l
S
0.667 0.675 0.686 SC
38.778 -2360.21 m
38.778 -2287.903 l
S
0.671 0.678 0.69 SC
39.245 -2360.21 m
39.245 -2287.903 l
S
0.675 0.682 0.69 SC
39.711 -2360.21 m
39.711 -2287.903 l
S
0.678 0.686 0.694 SC
40.178 -2360.21 m
40.178 -2287.903 l
S
0.682 0.69 0.698 SC
40.644 -2360.21 m
40.644 -2287.903 l
S
0.682 0.69 0.702 SC
41.111 -2360.21 m
41.111 -2287.903 l
S
0.686 0.694 0.706 SC
41.577 -2360.21 m
41.577 -2287.903 l
S
0.69 0.698 0.706 SC
42.044 -2360.21 m
42.044 -2287.903 l
S
0.694 0.702 0.71 SC
42.51 -2360.21 m
42.51 -2287.903 l
S
0.698 0.706 0.714 SC
42.977 -2360.21 m
42.977 -2287.903 l
S
0.698 0.706 0.718 SC
43.443 -2360.21 m
43.443 -2287.903 l
S
0.702 0.71 0.722 SC
43.91 -2360.21 m
43.91 -2287.903 l
S
0.706 0.714 0.722 SC
44.376 -2360.21 m
44.376 -2287.903 l
S
0.71 0.718 0.725 SC
44.843 -2360.21 m
44.843 -2287.903 l
S
0.714 0.722 0.729 SC
45.309 -2360.21 m
45.309 -2287.903 l
S
0.714 0.722 0.733 SC
45.776 -2360.21 m
45.776 -2287.903 l
S
0.718 0.725 0.737 SC
46.242 -2360.21 m
46.242 -2287.903 l
S
0.722 0.729 0.737 SC
46.709 -2360.21 m
46.709 -2287.903 l
S
0.725 0.733 0.741 SC
47.175 -2360.21 m
47.175 -2287.903 l
S
0.729 0.737 0.745 SC
47.642 -2360.21 m
47.642 -2287.903 l
S
0.733 0.741 0.749 SC
48.108 -2360.21 m
48.108 -2287.903 l
S
0.733 0.741 0.753 SC
48.575 -2360.21 m
48.575 -2287.903 l
49.041 -2360.21 m
49.041 -2287.903 l
S
0.737 0.745 0.753 SC
49.508 -2360.21 m
49.508 -2287.903 l
S
0.741 0.749 0.757 SC
49.974 -2360.21 m
49.974 -2287.903 l
S
0.745 0.753 0.761 SC
50.441 -2360.21 m
50.441 -2287.903 l
S
0.749 0.757 0.765 SC
50.907 -2360.21 m
50.907 -2287.903 l
S
0.753 0.761 0.769 SC
51.374 -2360.21 m
51.374 -2287.903 l
51.84 -2360.21 m
51.84 -2287.903 l
S
0.757 0.765 0.773 SC
52.307 -2360.21 m
52.307 -2287.903 l
S
0.761 0.769 0.776 SC
52.773 -2360.21 m
52.773 -2287.903 l
S
0.765 0.773 0.78 SC
53.24 -2360.21 m
53.24 -2287.903 l
S
0.769 0.776 0.784 SC
53.706 -2360.21 m
53.706 -2287.903 l
S
0.773 0.776 0.784 SC
54.173 -2360.21 m
54.173 -2287.903 l
S
0.776 0.78 0.788 SC
54.639 -2360.21 m
54.639 -2287.903 l
S
0.776 0.784 0.792 SC
55.106 -2360.21 m
55.106 -2287.903 l
S
0.78 0.788 0.796 SC
55.572 -2360.21 m
55.572 -2287.903 l
S
0.784 0.792 0.8 SC
56.039 -2360.21 m
56.039 -2287.903 l
S
0.788 0.796 0.8 SC
56.505 -2360.21 m
56.505 -2287.903 l
S
0.792 0.796 0.804 SC
56.972 -2360.21 m
56.972 -2287.903 l
S
0.796 0.8 0.808 SC
57.438 -2360.21 m
57.438 -2287.903 l
S
0.796 0.804 0.812 SC
57.905 -2360.21 m
57.905 -2287.903 l
S
0.8 0.808 0.816 SC
58.371 -2360.21 m
58.371 -2287.903 l
S
0.804 0.812 0.816 SC
58.838 -2360.21 m
58.838 -2287.903 l
S
0.808 0.812 0.82 SC
59.304 -2360.21 m
59.304 -2287.903 l
S
0.812 0.816 0.824 SC
59.771 -2360.21 m
59.771 -2287.903 l
S
0.816 0.82 0.827 SC
60.237 -2360.21 m
60.237 -2287.903 l
S
0.816 0.824 0.831 SC
60.704 -2360.21 m
60.704 -2287.903 l
S
0.82 0.827 0.831 SC
61.17 -2360.21 m
61.17 -2287.903 l
S
0.824 0.831 0.835 SC
61.637 -2360.21 m
61.637 -2287.903 l
S
0.827 0.831 0.839 SC
62.103 -2360.21 m
62.103 -2287.903 l
S
0.831 0.835 0.843 SC
62.57 -2360.21 m
62.57 -2287.903 l
S
0.835 0.839 0.843 SC
63.036 -2360.21 m
63.036 -2287.903 l
S
0.835 0.843 0.847 SC
63.503 -2360.21 m
63.503 -2287.903 l
S
0.839 0.847 0.851 SC
63.969 -2360.21 m
63.969 -2287.903 l
S
0.843 0.847 0.855 SC
64.436 -2360.21 m
64.436 -2287.903 l
S
0.847 0.851 0.859 SC
64.902 -2360.21 m
64.902 -2287.903 l
S
0.851 0.855 0.859 SC
65.369 -2360.21 m
65.369 -2287.903 l
S
0.855 0.859 0.863 SC
65.835 -2360.21 m
65.835 -2287.903 l
S
0.855 0.863 0.867 SC
66.302 -2360.21 m
66.302 -2287.903 l
S
0.859 0.863 0.871 SC
66.768 -2360.21 m
66.768 -2287.903 l
S
0.863 0.867 0.875 SC
67.235 -2360.21 m
67.235 -2287.903 l
S
0.867 0.871 0.875 SC
67.701 -2360.21 m
67.701 -2287.903 l
S
0.871 0.875 0.878 SC
68.168 -2360.21 m
68.168 -2287.903 l
S
0.875 0.878 0.882 SC
68.634 -2360.21 m
68.634 -2287.903 l
S
0.875 0.882 0.886 SC
69.101 -2360.21 m
69.101 -2287.903 l
S
0.878 0.882 0.89 SC
69.567 -2360.21 m
69.567 -2287.903 l
S
0.882 0.886 0.89 SC
70.034 -2360.21 m
70.034 -2287.903 l
S
0.886 0.89 0.894 SC
70.5 -2360.21 m
70.5 -2287.903 l
S
0.89 0.894 0.898 SC
70.967 -2360.21 m
70.967 -2287.903 l
S
0.894 0.898 0.902 SC
71.433 -2360.21 m
71.433 -2287.903 l
S
0.898 0.898 0.902 SC
71.9 -2360.21 m
71.9 -2287.903 l
S
0.898 0.902 0.906 SC
72.366 -2360.21 m
72.366 -2287.903 l
S
0.902 0.906 0.91 SC
72.833 -2360.21 m
72.833 -2287.903 l
S
0.906 0.91 0.914 SC
73.299 -2360.21 m
73.299 -2287.903 l
S
0.91 0.914 0.918 SC
73.766 -2360.21 m
73.766 -2287.903 l
S
0.914 0.918 0.922 SC
74.232 -2360.21 m
74.232 -2287.903 l
S
0.918 0.922 0.922 SC
74.699 -2360.21 m
74.699 -2287.903 l
S
0.922 0.922 0.925 SC
75.165 -2360.21 m
75.165 -2287.903 l
S
0.922 0.925 0.929 SC
75.632 -2360.21 m
75.632 -2287.903 l
S
0.925 0.929 0.933 SC
76.098 -2360.21 m
76.098 -2287.903 l
S
0.929 0.933 0.933 SC
76.565 -2360.21 m
76.565 -2287.903 l
S
0.933 0.937 0.937 SC
77.031 -2360.21 m
77.031 -2287.903 l
S
0.937 0.937 0.941 SC
77.498 -2360.21 m
77.498 -2287.903 l
S
0.941 0.941 0.945 SC
77.964 -2360.21 m
77.964 -2287.903 l
S
0.945 0.945 0.949 SC
78.431 -2360.21 m
78.431 -2287.903 l
S
0.945 0.949 0.949 SC
78.897 -2360.21 m
78.897 -2287.903 l
S
0.949 0.953 0.953 SC
79.364 -2360.21 m
79.364 -2287.903 l
S
0.953 0.957 0.957 SC
79.83 -2360.21 m
79.83 -2287.903 l
S
0.957 0.957 0.961 SC
80.297 -2360.21 m
80.297 -2287.903 l
S
0.961 0.961 0.965 SC
80.763 -2360.21 m
80.763 -2287.903 l
S
0.965 0.965 0.969 SC
81.23 -2360.21 m
81.23 -2287.903 l
S
0.969 0.969 0.969 SC
81.696 -2360.21 m
81.696 -2287.903 l
S
0.973 0.973 0.973 SC
82.163 -2360.21 m
82.163 -2287.903 l
S
0.976 0.976 0.976 SC
82.629 -2360.21 m
82.629 -2287.903 l
S
0.98 0.98 0.984 SC
83.096 -2360.21 m
83.096 -2287.903 l
S
0.988 0.988 0.988 SC
83.562 -2360.21 m
83.562 -2287.903 l
S
0.992 0.992 0.992 SC
84.029 -2360.21 m
84.029 -2287.903 l
S
1 1 1 SC
84.495 -2360.21 m
84.495 -2287.903 l
S
Q
Q
q
1 i 
-9 851 613 -860 re
0 841 m
W n
0.03 841.02 595.02 -841.02 re
W n
/Cs5 cs 0.161 0.145 0.149 sc
/GS1 gs
0.03 841.02 35.4 -6.11 re
f
/Cs5 CS 0.161 0.145 0.149 SC
0 J 0 j 0.3 w 10 M []0 d
28.347 841.076 m
28.347 805.006 l
S
286.3 22.8 22.68 -22.8 re
f
BT
/F1 1 Tf
10 0 0 10 289.2992 7.7671 Tm
1 1 1 sc
-0.0002 Tc
0 Tw
(640)Tj
/F3 1 Tf
7 0 0 7 35.4331 17.5374 Tm
0.161 0.145 0.149 sc
-0.0001 Tc
-0.0306 Tw
[(Swissmedic Jour)-17.9(nal)-1111.9(9/2002)]TJ
/F2 1 Tf
10 0 0 10 85.0394 763.6339 Tm
-0.0336 Tw
[(01)-1044.2(T)74(raumeel, homöopathische Salbe)]TJ
/F5 1 Tf
0 -1.4174 TD
-0.0306 Tw
(Homöomed AG, Lettenstrasse 9, 6343 Rotkreuz)Tj
ET
0.4 w 
85.04 741.51 m
552.76 741.51 l
85.04 723.82 m
552.76 723.82 l
S
BT
10 0 0 10 85.0394 729.1213 Tm
-0.0002 Tc
0 Tw
[(Zul.-Nr)91.6(.: )]TJ
/F2 1 Tf
3.8771 0 TD
(55281)Tj
/F5 1 Tf
8.8788 0 TD
0 Tc
(V)Tj
0.6301 0 TD
-0.0001 Tc
(erkaufsart: )Tj
/F2 1 Tf
5.3041 0 TD
0 Tc
(D)Tj
/F5 1 Tf
6.8216 0 TD
-0.0001 Tc
-0.0306 Tw
[(Index: 20.01.0.)-9563.5(06.09.2002)]TJ
-25.5118 -2.2428 TD
0 Tw
[(Zusammensetzung:)-921.1(01)]TJ
8.3 0 0 8.3 198.4252 706.6931 Tm
-0.1028 Tw
[(ACHILLEA MILLEFOLIUM TM 0.9)-278.1(mg, ACONITUM NAPELLUS D1 0.5)-278.1(mg, ARNICA MONT)54.7(ANA D3)]TJ
0 -1.3661 TD
-0.042 Tw
[(15)-278.1(mg, A)73.7(TROP)36.7(A BELLADONNA D1 0.5)-278.1(mg, BELLIS PERENNIS TM 1)-278.1(mg, CALENDULA OFFICINA-)]TJ
T*
0.0025 Tw
[(LIS TM 4.5)-278.1(mg, CHAMOMILLA RECUTIT)54.7(A TM 1.5)-278.1(mg, ECHINACEA ANGUSTIFOLIA TM 1.5)-278.1(mg,)]TJ
T*
-0.088 Tw
[(ECHINACEA PURPUREA TM 1.5)-278.1(mg, HAMAMELIS VIRGINIANA TM 4.5)-278.1(mg, HEP)36.7(AR SULFURIS D6)]TJ
T*
0.0889 Tw
[(0.25)-278.1(mg, HYPERICUM PERFORA)73.7(TUM D6 0.9)-278.1(mg, MERCURIUS SOLUBILIS HAHNEMANNI D12)]TJ
T*
0.0195 Tw
[(0.4)-278.1(mg, SYMPHYTUM OFFICINALE D4 1)-278.1(mg, CETYLANUM, P)36.7(ARAFFINUM LIQUIDUM, V)36.7(ASELI-)]TJ
T*
-0.0306 Tw
[(NUM ALBUM, EXCIPIENS ad UNGUENTUM pro 1)-278.1(g)0.1(. )]TJ
10 0 0 10 85.0394 624.4856 Tm
-0.0002 Tc
[(Anwendung:)-5285.3(Bei V)36.6(erstauchungen, Prellungen)]TJ
0 -1.4174 TD
-0.0001 Tc
0 Tw
[(Packungen:)-4532.7(01)-305.6(002)-7141.8(5)0.1(0)-567(g)-18097.8(D)]TJ
11.3386 -1.4174 TD
[(004)-6585.9(1)0.1(00)-567.1(g)-18097.8(D)]TJ
-11.3386 -1.4174 TD
-0.0306 Tw
[(Gültig bis:)-6647.8(05. September 2007)]TJ
ET
85.04 573.55 m
552.76 573.55 l
S
BT
/F2 1 Tf
10 0 0 10 85.0394 537.5552 Tm
-0.0337 Tw
[(01)-1044.2(Zaldiar)91.7(, T)98.8(abletten)]TJ
/F5 1 Tf
T*
-0.0306 Tw
(Grünenthal Pharma AG, , 8756 Mitlödi)Tj
ET
85.04 515.43 m
552.76 515.43 l
85.04 497.74 m
552.76 497.74 l
S
BT
10 0 0 10 85.0394 503.0426 Tm
-0.0002 Tc
0 Tw
[(Zul.-Nr)91.6(.: )]TJ
/F2 1 Tf
3.8771 0 TD
(55811)Tj
/F5 1 Tf
8.8788 0 TD
0 Tc
(V)Tj
0.6301 0 TD
-0.0001 Tc
(erkaufsart: )Tj
/F2 1 Tf
5.3041 0 TD
0 Tc
(A)Tj
/F5 1 Tf
6.8216 0 TD
-0.0001 Tc
-0.0306 Tw
[(Index: 01.01.4.)-9563.5(18.09.2002)]TJ
-25.5118 -2.2428 TD
0 Tw
[(Zusammensetzung:)-921.1(01)]TJ
8.3 0 0 8.3 198.4252 480.6144 Tm
-0.0068 Tw
[(TRAMADOLI HYDROCHLORIDUM 37.5)-278.1(mg, P)36.7(ARACET)54.7(AMOLUM 325)-278.1(mg, EXCIPIENS pro COM-)]TJ
0 -1.3661 TD
0 Tw
(PRESSO.)Tj
10 0 0 10 85.0394 455.1019 Tm
[(Anwendung:)-5285.2(Analgetikum)]TJ
0 -1.4174 TD
[(Packungen:)-4532.7(01)-305.6(002)-7141.8(1)0.1(0)-567(T)74(abletten)-14281.8(A)]TJ
11.3386 -1.4174 TD
[(004)-7141.8(2)0.1(0)-567(T)74(abletten)-14281.8(A)]TJ
T*
[(010)-7141.8(6)0.1(0)-567(T)74(abletten)-14281.8(A)]TJ
-11.3386 -1.4174 TD
-0.0306 Tw
[(Gültig bis:)-6647.8(17. September 2007)]TJ
ET
85.04 389.99 m
552.76 389.99 l
S
Q

q
1 i 
-9 851 613 -860 re
0 841 m
W n
0.03 841.02 595.02 -841.02 re
W n
BT
/F4 1 Tf
12.5 0 0 12.5 285.8058 811.7825 Tm
/Cs5 cs 0.161 0.145 0.149 sc
/GS1 gs
-0.0001 Tc
-0.0286 Tw
[(Arzneimittel Statistik)-130(/)-129.9(M)0.1(édicaments miscellanées)]TJ
ET
/Cs5 CS 0.161 0.145 0.149 SC
0 J 0 j 0.3 w 10 M []0 d
42.8 805.15 m
567.2 805.15 l
S
Q
q
1 i 
361.69 850.5 198.43 -24.09 re
560.097 811.782 m
W* n
-9 851 613 -860 re
0 841 m
W n
0.03 841.02 595.02 -841.02 re
W n
q
2.7718 0 0 -0.3608 0 0 cm
/Cs5 CS 1 1 1 SC
0 J 0 j 0.5 w 10 M []0 d
/GS1 gs
130.36 -2360.21 m
130.36 -2287.903 l
S
0.992 0.992 0.992 SC
130.827 -2360.21 m
130.827 -2287.903 l
S
0.988 0.988 0.988 SC
131.293 -2360.21 m
131.293 -2287.903 l
S
0.98 0.98 0.984 SC
131.76 -2360.21 m
131.76 -2287.903 l
S
0.976 0.976 0.976 SC
132.226 -2360.21 m
132.226 -2287.903 l
S
0.973 0.973 0.973 SC
132.693 -2360.21 m
132.693 -2287.903 l
S
0.969 0.969 0.969 SC
133.159 -2360.21 m
133.159 -2287.903 l
S
0.965 0.965 0.969 SC
133.626 -2360.21 m
133.626 -2287.903 l
S
0.961 0.961 0.965 SC
134.092 -2360.21 m
134.092 -2287.903 l
S
0.957 0.957 0.961 SC
134.559 -2360.21 m
134.559 -2287.903 l
S
0.953 0.957 0.957 SC
135.025 -2360.21 m
135.025 -2287.903 l
S
0.949 0.953 0.953 SC
135.492 -2360.21 m
135.492 -2287.903 l
S
0.945 0.949 0.949 SC
135.958 -2360.21 m
135.958 -2287.903 l
S
0.945 0.945 0.949 SC
136.425 -2360.21 m
136.425 -2287.903 l
S
0.941 0.941 0.945 SC
136.891 -2360.21 m
136.891 -2287.903 l
S
0.937 0.937 0.941 SC
137.358 -2360.21 m
137.358 -2287.903 l
S
0.933 0.937 0.937 SC
137.824 -2360.21 m
137.824 -2287.903 l
S
0.929 0.933 0.933 SC
138.291 -2360.21 m
138.291 -2287.903 l
S
0.925 0.929 0.933 SC
138.757 -2360.21 m
138.757 -2287.903 l
S
0.922 0.925 0.929 SC
139.224 -2360.21 m
139.224 -2287.903 l
S
0.922 0.922 0.925 SC
139.69 -2360.21 m
139.69 -2287.903 l
S
0.918 0.922 0.922 SC
140.157 -2360.21 m
140.157 -2287.903 l
S
0.914 0.918 0.922 SC
140.623 -2360.21 m
140.623 -2287.903 l
S
0.91 0.914 0.918 SC
141.09 -2360.21 m
141.09 -2287.903 l
S
0.906 0.91 0.914 SC
141.556 -2360.21 m
141.556 -2287.903 l
S
0.902 0.906 0.91 SC
142.023 -2360.21 m
142.023 -2287.903 l
S
0.898 0.902 0.906 SC
142.489 -2360.21 m
142.489 -2287.903 l
S
0.898 0.898 0.902 SC
142.956 -2360.21 m
142.956 -2287.903 l
S
0.894 0.898 0.902 SC
143.422 -2360.21 m
143.422 -2287.903 l
S
0.89 0.894 0.898 SC
143.889 -2360.21 m
143.889 -2287.903 l
S
0.886 0.89 0.894 SC
144.355 -2360.21 m
144.355 -2287.903 l
S
0.882 0.886 0.89 SC
144.822 -2360.21 m
144.822 -2287.903 l
S
0.878 0.882 0.89 SC
145.288 -2360.21 m
145.288 -2287.903 l
S
0.875 0.882 0.886 SC
145.755 -2360.21 m
145.755 -2287.903 l
S
0.875 0.878 0.882 SC
146.221 -2360.21 m
146.221 -2287.903 l
S
0.871 0.875 0.878 SC
146.688 -2360.21 m
146.688 -2287.903 l
S
0.867 0.871 0.875 SC
147.154 -2360.21 m
147.154 -2287.903 l
S
0.863 0.867 0.875 SC
147.621 -2360.21 m
147.621 -2287.903 l
S
0.859 0.863 0.871 SC
148.087 -2360.21 m
148.087 -2287.903 l
S
0.855 0.863 0.867 SC
148.554 -2360.21 m
148.554 -2287.903 l
S
0.855 0.859 0.863 SC
149.02 -2360.21 m
149.02 -2287.903 l
S
0.851 0.855 0.859 SC
149.487 -2360.21 m
149.487 -2287.903 l
S
0.847 0.851 0.859 SC
149.953 -2360.21 m
149.953 -2287.903 l
S
0.843 0.847 0.855 SC
150.42 -2360.21 m
150.42 -2287.903 l
S
0.839 0.847 0.851 SC
150.886 -2360.21 m
150.886 -2287.903 l
S
0.835 0.843 0.847 SC
151.353 -2360.21 m
151.353 -2287.903 l
S
0.835 0.839 0.843 SC
151.819 -2360.21 m
151.819 -2287.903 l
S
0.831 0.835 0.843 SC
152.286 -2360.21 m
152.286 -2287.903 l
S
0.827 0.831 0.839 SC
152.752 -2360.21 m
152.752 -2287.903 l
S
0.824 0.831 0.835 SC
153.219 -2360.21 m
153.219 -2287.903 l
S
0.82 0.827 0.831 SC
153.685 -2360.21 m
153.685 -2287.903 l
S
0.816 0.824 0.831 SC
154.152 -2360.21 m
154.152 -2287.903 l
S
0.816 0.82 0.827 SC
154.618 -2360.21 m
154.618 -2287.903 l
S
0.812 0.816 0.824 SC
155.085 -2360.21 m
155.085 -2287.903 l
S
0.808 0.812 0.82 SC
155.551 -2360.21 m
155.551 -2287.903 l
S
0.804 0.812 0.816 SC
156.018 -2360.21 m
156.018 -2287.903 l
S
0.8 0.808 0.816 SC
156.484 -2360.21 m
156.484 -2287.903 l
S
0.796 0.804 0.812 SC
156.951 -2360.21 m
156.951 -2287.903 l
S
0.796 0.8 0.808 SC
157.417 -2360.21 m
157.417 -2287.903 l
S
0.792 0.796 0.804 SC
157.884 -2360.21 m
157.884 -2287.903 l
S
0.788 0.796 0.8 SC
158.35 -2360.21 m
158.35 -2287.903 l
S
0.784 0.792 0.8 SC
158.817 -2360.21 m
158.817 -2287.903 l
S
0.78 0.788 0.796 SC
159.283 -2360.21 m
159.283 -2287.903 l
S
0.776 0.784 0.792 SC
159.75 -2360.21 m
159.75 -2287.903 l
S
0.776 0.78 0.788 SC
160.216 -2360.21 m
160.216 -2287.903 l
S
0.773 0.776 0.784 SC
160.683 -2360.21 m
160.683 -2287.903 l
S
0.769 0.776 0.784 SC
161.149 -2360.21 m
161.149 -2287.903 l
S
0.765 0.773 0.78 SC
161.616 -2360.21 m
161.616 -2287.903 l
S
0.761 0.769 0.776 SC
162.082 -2360.21 m
162.082 -2287.903 l
S
0.757 0.765 0.773 SC
162.549 -2360.21 m
162.549 -2287.903 l
S
0.753 0.761 0.769 SC
163.015 -2360.21 m
163.015 -2287.903 l
163.482 -2360.21 m
163.482 -2287.903 l
S
0.749 0.757 0.765 SC
163.948 -2360.21 m
163.948 -2287.903 l
S
0.745 0.753 0.761 SC
164.415 -2360.21 m
164.415 -2287.903 l
S
0.741 0.749 0.757 SC
164.881 -2360.21 m
164.881 -2287.903 l
S
0.737 0.745 0.753 SC
165.348 -2360.21 m
165.348 -2287.903 l
S
0.733 0.741 0.753 SC
165.814 -2360.21 m
165.814 -2287.903 l
S
0.733 0.741 0.749 SC
166.281 -2360.21 m
166.281 -2287.903 l
166.747 -2360.21 m
166.747 -2287.903 l
S
0.729 0.737 0.745 SC
167.214 -2360.21 m
167.214 -2287.903 l
S
0.725 0.733 0.741 SC
167.68 -2360.21 m
167.68 -2287.903 l
S
0.722 0.729 0.737 SC
168.147 -2360.21 m
168.147 -2287.903 l
S
0.718 0.725 0.737 SC
168.613 -2360.21 m
168.613 -2287.903 l
S
0.714 0.722 0.733 SC
169.08 -2360.21 m
169.08 -2287.903 l
S
0.714 0.722 0.729 SC
169.546 -2360.21 m
169.546 -2287.903 l
S
0.71 0.718 0.725 SC
170.013 -2360.21 m
170.013 -2287.903 l
S
0.706 0.714 0.722 SC
170.479 -2360.21 m
170.479 -2287.903 l
S
0.702 0.71 0.722 SC
170.946 -2360.21 m
170.946 -2287.903 l
S
0.698 0.706 0.718 SC
171.412 -2360.21 m
171.412 -2287.903 l
S
0.698 0.706 0.714 SC
171.879 -2360.21 m
171.879 -2287.903 l
S
0.694 0.702 0.71 SC
172.345 -2360.21 m
172.345 -2287.903 l
S
0.69 0.698 0.706 SC
172.812 -2360.21 m
172.812 -2287.903 l
S
0.686 0.694 0.706 SC
173.278 -2360.21 m
173.278 -2287.903 l
S
0.682 0.69 0.702 SC
173.745 -2360.21 m
173.745 -2287.903 l
S
0.682 0.69 0.698 SC
174.211 -2360.21 m
174.211 -2287.903 l
S
0.678 0.686 0.694 SC
174.678 -2360.21 m
174.678 -2287.903 l
S
0.675 0.682 0.69 SC
175.144 -2360.21 m
175.144 -2287.903 l
S
0.671 0.678 0.69 SC
175.611 -2360.21 m
175.611 -2287.903 l
S
0.667 0.675 0.686 SC
176.077 -2360.21 m
176.077 -2287.903 l
S
0.663 0.675 0.682 SC
176.544 -2360.21 m
176.544 -2287.903 l
S
0.663 0.671 0.678 SC
177.01 -2360.21 m
177.01 -2287.903 l
S
0.659 0.667 0.678 SC
177.477 -2360.21 m
177.477 -2287.903 l
S
0.655 0.663 0.675 SC
177.943 -2360.21 m
177.943 -2287.903 l
S
0.651 0.659 0.671 SC
178.41 -2360.21 m
178.41 -2287.903 l
S
0.651 0.659 0.667 SC
178.876 -2360.21 m
178.876 -2287.903 l
S
0.647 0.655 0.663 SC
179.343 -2360.21 m
179.343 -2287.903 l
S
0.643 0.651 0.663 SC
179.809 -2360.21 m
179.809 -2287.903 l
S
0.639 0.647 0.659 SC
180.276 -2360.21 m
180.276 -2287.903 l
S
0.635 0.643 0.655 SC
180.742 -2360.21 m
180.742 -2287.903 l
S
0.635 0.643 0.651 SC
181.209 -2360.21 m
181.209 -2287.903 l
S
0.631 0.639 0.647 SC
181.675 -2360.21 m
181.675 -2287.903 l
S
0.627 0.635 0.647 SC
182.142 -2360.21 m
182.142 -2287.903 l
S
0.624 0.631 0.643 SC
182.608 -2360.21 m
182.608 -2287.903 l
S
0.62 0.631 0.639 SC
183.075 -2360.21 m
183.075 -2287.903 l
S
0.62 0.627 0.635 SC
183.541 -2360.21 m
183.541 -2287.903 l
S
0.616 0.624 0.635 SC
184.008 -2360.21 m
184.008 -2287.903 l
S
0.612 0.62 0.631 SC
184.474 -2360.21 m
184.474 -2287.903 l
S
0.608 0.616 0.627 SC
184.941 -2360.21 m
184.941 -2287.903 l
S
0.608 0.616 0.624 SC
185.407 -2360.21 m
185.407 -2287.903 l
S
0.604 0.612 0.624 SC
185.874 -2360.21 m
185.874 -2287.903 l
S
0.6 0.608 0.62 SC
186.34 -2360.21 m
186.34 -2287.903 l
S
0.596 0.604 0.616 SC
186.806 -2360.21 m
186.806 -2287.903 l
S
0.596 0.604 0.612 SC
187.273 -2360.21 m
187.273 -2287.903 l
S
0.592 0.6 0.608 SC
187.739 -2360.21 m
187.739 -2287.903 l
S
0.588 0.596 0.608 SC
188.206 -2360.21 m
188.206 -2287.903 l
S
0.584 0.592 0.604 SC
188.672 -2360.21 m
188.672 -2287.903 l
S
0.584 0.592 0.6 SC
189.139 -2360.21 m
189.139 -2287.903 l
S
0.58 0.588 0.596 SC
189.605 -2360.21 m
189.605 -2287.903 l
S
0.576 0.584 0.596 SC
190.072 -2360.21 m
190.072 -2287.903 l
S
0.573 0.58 0.592 SC
190.538 -2360.21 m
190.538 -2287.903 l
S
0.573 0.58 0.588 SC
191.005 -2360.21 m
191.005 -2287.903 l
S
0.569 0.576 0.588 SC
191.471 -2360.21 m
191.471 -2287.903 l
S
0.565 0.573 0.584 SC
191.938 -2360.21 m
191.938 -2287.903 l
S
0.561 0.569 0.58 SC
192.404 -2360.21 m
192.404 -2287.903 l
S
0.561 0.569 0.576 SC
192.871 -2360.21 m
192.871 -2287.903 l
S
0.557 0.565 0.576 SC
193.337 -2360.21 m
193.337 -2287.903 l
S
0.553 0.561 0.573 SC
193.804 -2360.21 m
193.804 -2287.903 l
S
0.549 0.557 0.569 SC
194.27 -2360.21 m
194.27 -2287.903 l
S
0.549 0.557 0.565 SC
194.737 -2360.21 m
194.737 -2287.903 l
S
0.545 0.553 0.565 SC
195.203 -2360.21 m
195.203 -2287.903 l
S
0.541 0.549 0.561 SC
195.67 -2360.21 m
195.67 -2287.903 l
S
0.537 0.545 0.557 SC
196.136 -2360.21 m
196.136 -2287.903 l
S
0.537 0.545 0.553 SC
196.603 -2360.21 m
196.603 -2287.903 l
S
0.533 0.541 0.553 SC
197.069 -2360.21 m
197.069 -2287.903 l
S
0.529 0.537 0.549 SC
197.536 -2360.21 m
197.536 -2287.903 l
S
0.529 0.533 0.545 SC
198.002 -2360.21 m
198.002 -2287.903 l
S
0.525 0.533 0.541 SC
198.469 -2360.21 m
198.469 -2287.903 l
S
0.522 0.529 0.541 SC
198.935 -2360.21 m
198.935 -2287.903 l
S
0.518 0.525 0.537 SC
199.402 -2360.21 m
199.402 -2287.903 l
S
0.518 0.525 0.533 SC
199.868 -2360.21 m
199.868 -2287.903 l
S
0.514 0.522 0.529 SC
200.335 -2360.21 m
200.335 -2287.903 l
S
0.51 0.518 0.529 SC
200.801 -2360.21 m
200.801 -2287.903 l
S
0.51 0.514 0.525 SC
201.268 -2360.21 m
201.268 -2287.903 l
S
0.506 0.514 0.522 SC
201.734 -2360.21 m
201.734 -2287.903 l
S
0.502 0.51 0.518 SC
202.201 -2360.21 m
202.201 -2287.903 l
S
Q
Q
q
1 i 
-9 851 613 -860 re
0 841 m
W n
0.03 841.02 595.02 -841.02 re
W n
/Cs5 cs 0.161 0.145 0.149 sc
/GS1 gs
560.12 841.02 34.93 -6.11 re
f
/Cs5 CS 0.161 0.145 0.149 SC
0 J 0 j 0.3 w 10 M []0 d
567.202 840.678 m
567.202 804.948 l
S
286.57 22.8 22.68 -22.8 re
f
BT
/F1 1 Tf
10 0 0 10 289.5747 7.7671 Tm
1 1 1 sc
-0.0002 Tc
0 Tw
(641)Tj
/F3 1 Tf
7 0 0 7 473.8676 17.5374 Tm
0.161 0.145 0.149 sc
-0.0001 Tc
-0.0306 Tw
[(Swissmedic Jour)-17.9(nal)-1111.9(9/2002)]TJ
/F2 1 Tf
10 0 0 10 42.7953 740.9567 Tm
-0.0336 Tw
[(01)-1044.2(Lidocain 2% Chassot ad us.vet., Injektionslösung)]TJ
/F5 1 Tf
0 -1.4174 TD
-0.0306 Tw
(Vétoquinol AG, Aemmenmattstrasse 2, 3123 Belp)Tj
ET
0.4 w 
42.8 718.83 m
510.51 718.83 l
42.8 701.14 m
510.51 701.14 l
S
BT
10 0 0 10 42.7953 706.4441 Tm
-0.0002 Tc
0 Tw
[(Zul.-Nr)91.6(.: )]TJ
/F2 1 Tf
3.8772 0 TD
(40153)Tj
/F5 1 Tf
8.8787 0 TD
0 Tc
(V)Tj
0.6301 0 TD
-0.0001 Tc
(erkaufsart: )Tj
/F2 1 Tf
5.3042 0 TD
0 Tc
(B)Tj
/F5 1 Tf
23.0785 0 TD
-0.0001 Tc
(18.09.2002)Tj
-41.7687 -2.2428 TD
[(Zusammensetzung:)-921.1(01)]TJ
8.3 0 0 8.3 156.1811 684.016 Tm
-0.0493 Tw
[(LIDOCAINI HYDROCHLORIDUM 20)-278.1(mg, CONSER)17.7(V)91.5(.: BENZETHONII CHLORIDUM 0.1)-278.1(mg, NA)73.7(TRII)]TJ
0 -1.3661 TD
-0.0306 Tw
[(CHLORIDUM, NA)73.7(TRII HYDROXIDUM, AQUA q.s. ad SOLUTIONEM pro 1)-278.1(mL. )]TJ
10 0 0 10 42.7953 658.5033 Tm
[(Anwendung:)-5285.2(Anästhetikum für Wiederkäuer)91.7(, Pferde, Schweine, Hunde und Katzen)]TJ
0 -1.4174 TD
-0.0002 Tc
0 Tw
[(Packung:)-5699.5(01)-305.7(020)-6586(1)0(00)-567.2(mL)-17320(B)]TJ
T*
-0.0001 Tc
-0.0306 Tw
[(Gültig bis:)-6647.8(18. September 2007)]TJ
ET
42.8 621.74 m
510.51 621.74 l
S
BT
/F2 1 Tf
10 0 0 10 42.7953 585.7466 Tm
-0.0336 Tw
[(01)-1044.2(T)110.8(olfedin 6)-306(mg ad us.vet., T)98.8(abletten)]TJ
0 -1.2835 TD
[(02)-1044.2(T)110.8(olfedin 20)-306(mg ad us.vet., T)98.8(abletten)]TJ
T*
[(03)-1044.2(T)110.8(olfedin 60)-306(mg ad us.vet., T)98.8(abletten)]TJ
/F5 1 Tf
0 -1.4174 TD
-0.0306 Tw
(Vétoquinol AG, Aemmenmattstrasse 2, 3123 Belp)Tj
ET
42.8 537.95 m
510.51 537.95 l
42.8 520.26 m
510.51 520.26 l
S
BT
10 0 0 10 42.7953 525.5647 Tm
-0.0002 Tc
0 Tw
[(Zul.-Nr)91.6(.: )]TJ
/F2 1 Tf
3.8772 0 TD
(55517)Tj
/F5 1 Tf
8.8787 0 TD
0 Tc
(V)Tj
0.6301 0 TD
-0.0001 Tc
(erkaufsart: )Tj
/F2 1 Tf
5.3042 0 TD
0 Tc
(B)Tj
/F5 1 Tf
23.0785 0 TD
-0.0001 Tc
(11.09.2002)Tj
-41.7687 -2.2428 TD
[(Zusammensetzung:)-921.1(01)]TJ
8.3 0 0 8.3 156.1811 503.1365 Tm
-0.0306 Tw
[(ACIDUM TOLFENAMICUM 6)-278.1(mg, EXCIPIENS pro COMPRESSO.)]TJ
10 0 0 10 142.0079 488.963 Tm
-0.0002 Tc
0 Tw
(02)Tj
8.3 0 0 8.3 156.1811 488.963 Tm
-0.0001 Tc
-0.0306 Tw
[(ACIDUM TOLFENAMICUM 20)-278.1(mg, EXCIPIENS pro COMPRESSO.)]TJ
10 0 0 10 142.0079 474.7894 Tm
-0.0002 Tc
0 Tw
(03)Tj
8.3 0 0 8.3 156.1811 474.7894 Tm
-0.0001 Tc
-0.0306 Tw
[(ACIDUM TOLFENAMICUM 60)-278.1(mg, EXCIPIENS pro COMPRESSO.)]TJ
10 0 0 10 42.7953 460.6157 Tm
[(Anwendung:)-5285.2(Nichtsteroidales Antiphlogistikum für Hunde)]TJ
0 -1.4174 TD
0 Tw
[(Packungen:)-4532.7(01)-305.6(002)-7141.8(2)0.1(0)-567(T)74(abletten)-14281.8(B)]TJ
9.9213 -1.4174 TD
[(02)-305.6(008)-7141.8(1)0.1(6)-567(T)74(abletten)-14281.8(B)]TJ
T*
[(03)-305.6(010)-7141.8(1)0.1(6)-567(T)74(abletten)-14281.8(B)]TJ
-9.9213 -1.4174 TD
-0.0306 Tw
[(Gültig bis:)-6647.8(11. September 2007)]TJ
ET
42.8 395.51 m
510.51 395.51 l
S
BT
/F1 1 Tf
10 0 0 10 42.7953 763.6339 Tm
[(Tierarzneimittel)-111.1(/)-111.2(Pr)17.7(oduits à usage vétérinair)17.7(e)]TJ
ET
Q

q
1 i 
-9 851 613 -860 re
0 841 m
W n
0.03 841.02 595.02 -841.02 re
W n
BT
/F4 1 Tf
12.5 0 0 12.5 34.4488 811.7822 Tm
/Cs5 cs 0.161 0.145 0.149 sc
/GS1 gs
-0.0001 Tc
-0.0286 Tw
[(Arzneimittel Statistik)-130(/)-129.9(M)0.1(édicaments miscellanées)]TJ
ET
/Cs5 CS 0.161 0.145 0.149 SC
0 J 0 j 0.3 w 10 M []0 d
28.35 805.15 m
552.76 805.15 l
S
Q
q
1 i 
35.43 850.5 198.43 -24.09 re
308.74 811.782 m
W* n
-9 851 613 -860 re
0 841 m
W n
0.03 841.02 595.02 -841.02 re
W n
q
2.7718 0 0 -0.3608 0 0 cm
/Cs5 CS 0.502 0.51 0.518 SC
0 J 0 j 0.5 w 10 M []0 d
/GS1 gs
12.655 -2360.21 m
12.655 -2287.903 l
S
0.506 0.514 0.522 SC
13.121 -2360.21 m
13.121 -2287.903 l
S
0.51 0.514 0.525 SC
13.588 -2360.21 m
13.588 -2287.903 l
S
0.51 0.518 0.529 SC
14.054 -2360.21 m
14.054 -2287.903 l
S
0.514 0.522 0.529 SC
14.521 -2360.21 m
14.521 -2287.903 l
S
0.518 0.525 0.533 SC
14.987 -2360.21 m
14.987 -2287.903 l
S
0.518 0.525 0.537 SC
15.454 -2360.21 m
15.454 -2287.903 l
S
0.522 0.529 0.541 SC
15.92 -2360.21 m
15.92 -2287.903 l
S
0.525 0.533 0.541 SC
16.387 -2360.21 m
16.387 -2287.903 l
S
0.529 0.533 0.545 SC
16.853 -2360.21 m
16.853 -2287.903 l
S
0.529 0.537 0.549 SC
17.32 -2360.21 m
17.32 -2287.903 l
S
0.533 0.541 0.553 SC
17.786 -2360.21 m
17.786 -2287.903 l
S
0.537 0.545 0.553 SC
18.253 -2360.21 m
18.253 -2287.903 l
S
0.537 0.545 0.557 SC
18.719 -2360.21 m
18.719 -2287.903 l
S
0.541 0.549 0.561 SC
19.186 -2360.21 m
19.186 -2287.903 l
S
0.545 0.553 0.565 SC
19.652 -2360.21 m
19.652 -2287.903 l
S
0.549 0.557 0.565 SC
20.119 -2360.21 m
20.119 -2287.903 l
S
0.549 0.557 0.569 SC
20.585 -2360.21 m
20.585 -2287.903 l
S
0.553 0.561 0.573 SC
21.052 -2360.21 m
21.052 -2287.903 l
S
0.557 0.565 0.576 SC
21.518 -2360.21 m
21.518 -2287.903 l
S
0.561 0.569 0.576 SC
21.985 -2360.21 m
21.985 -2287.903 l
S
0.561 0.569 0.58 SC
22.451 -2360.21 m
22.451 -2287.903 l
S
0.565 0.573 0.584 SC
22.918 -2360.21 m
22.918 -2287.903 l
S
0.569 0.576 0.588 SC
23.384 -2360.21 m
23.384 -2287.903 l
S
0.573 0.58 0.588 SC
23.851 -2360.21 m
23.851 -2287.903 l
S
0.573 0.58 0.592 SC
24.317 -2360.21 m
24.317 -2287.903 l
S
0.576 0.584 0.596 SC
24.784 -2360.21 m
24.784 -2287.903 l
S
0.58 0.588 0.596 SC
25.25 -2360.21 m
25.25 -2287.903 l
S
0.584 0.592 0.6 SC
25.717 -2360.21 m
25.717 -2287.903 l
S
0.584 0.592 0.604 SC
26.183 -2360.21 m
26.183 -2287.903 l
S
0.588 0.596 0.608 SC
26.65 -2360.21 m
26.65 -2287.903 l
S
0.592 0.6 0.608 SC
27.116 -2360.21 m
27.116 -2287.903 l
S
0.596 0.604 0.612 SC
27.583 -2360.21 m
27.583 -2287.903 l
S
0.596 0.604 0.616 SC
28.049 -2360.21 m
28.049 -2287.903 l
S
0.6 0.608 0.62 SC
28.516 -2360.21 m
28.516 -2287.903 l
S
0.604 0.612 0.624 SC
28.982 -2360.21 m
28.982 -2287.903 l
S
0.608 0.616 0.624 SC
29.449 -2360.21 m
29.449 -2287.903 l
S
0.608 0.616 0.627 SC
29.915 -2360.21 m
29.915 -2287.903 l
S
0.612 0.62 0.631 SC
30.382 -2360.21 m
30.382 -2287.903 l
S
0.616 0.624 0.635 SC
30.848 -2360.21 m
30.848 -2287.903 l
S
0.62 0.627 0.635 SC
31.315 -2360.21 m
31.315 -2287.903 l
S
0.62 0.631 0.639 SC
31.781 -2360.21 m
31.781 -2287.903 l
S
0.624 0.631 0.643 SC
32.248 -2360.21 m
32.248 -2287.903 l
S
0.627 0.635 0.647 SC
32.714 -2360.21 m
32.714 -2287.903 l
S
0.631 0.639 0.647 SC
33.181 -2360.21 m
33.181 -2287.903 l
S
0.635 0.643 0.651 SC
33.647 -2360.21 m
33.647 -2287.903 l
S
0.635 0.643 0.655 SC
34.113 -2360.21 m
34.113 -2287.903 l
S
0.639 0.647 0.659 SC
34.58 -2360.21 m
34.58 -2287.903 l
S
0.643 0.651 0.663 SC
35.046 -2360.21 m
35.046 -2287.903 l
S
0.647 0.655 0.663 SC
35.513 -2360.21 m
35.513 -2287.903 l
S
0.651 0.659 0.667 SC
35.979 -2360.21 m
35.979 -2287.903 l
S
0.651 0.659 0.671 SC
36.446 -2360.21 m
36.446 -2287.903 l
S
0.655 0.663 0.675 SC
36.912 -2360.21 m
36.912 -2287.903 l
S
0.659 0.667 0.678 SC
37.379 -2360.21 m
37.379 -2287.903 l
S
0.663 0.671 0.678 SC
37.845 -2360.21 m
37.845 -2287.903 l
S
0.663 0.675 0.682 SC
38.312 -2360.21 m
38.312 -2287.903 l
S
0.667 0.675 0.686 SC
38.778 -2360.21 m
38.778 -2287.903 l
S
0.671 0.678 0.69 SC
39.245 -2360.21 m
39.245 -2287.903 l
S
0.675 0.682 0.69 SC
39.711 -2360.21 m
39.711 -2287.903 l
S
0.678 0.686 0.694 SC
40.178 -2360.21 m
40.178 -2287.903 l
S
0.682 0.69 0.698 SC
40.644 -2360.21 m
40.644 -2287.903 l
S
0.682 0.69 0.702 SC
41.111 -2360.21 m
41.111 -2287.903 l
S
0.686 0.694 0.706 SC
41.577 -2360.21 m
41.577 -2287.903 l
S
0.69 0.698 0.706 SC
42.044 -2360.21 m
42.044 -2287.903 l
S
0.694 0.702 0.71 SC
42.51 -2360.21 m
42.51 -2287.903 l
S
0.698 0.706 0.714 SC
42.977 -2360.21 m
42.977 -2287.903 l
S
0.698 0.706 0.718 SC
43.443 -2360.21 m
43.443 -2287.903 l
S
0.702 0.71 0.722 SC
43.91 -2360.21 m
43.91 -2287.903 l
S
0.706 0.714 0.722 SC
44.376 -2360.21 m
44.376 -2287.903 l
S
0.71 0.718 0.725 SC
44.843 -2360.21 m
44.843 -2287.903 l
S
0.714 0.722 0.729 SC
45.309 -2360.21 m
45.309 -2287.903 l
S
0.714 0.722 0.733 SC
45.776 -2360.21 m
45.776 -2287.903 l
S
0.718 0.725 0.737 SC
46.242 -2360.21 m
46.242 -2287.903 l
S
0.722 0.729 0.737 SC
46.709 -2360.21 m
46.709 -2287.903 l
S
0.725 0.733 0.741 SC
47.175 -2360.21 m
47.175 -2287.903 l
S
0.729 0.737 0.745 SC
47.642 -2360.21 m
47.642 -2287.903 l
S
0.733 0.741 0.749 SC
48.108 -2360.21 m
48.108 -2287.903 l
S
0.733 0.741 0.753 SC
48.575 -2360.21 m
48.575 -2287.903 l
49.041 -2360.21 m
49.041 -2287.903 l
S
0.737 0.745 0.753 SC
49.508 -2360.21 m
49.508 -2287.903 l
S
0.741 0.749 0.757 SC
49.974 -2360.21 m
49.974 -2287.903 l
S
0.745 0.753 0.761 SC
50.441 -2360.21 m
50.441 -2287.903 l
S
0.749 0.757 0.765 SC
50.907 -2360.21 m
50.907 -2287.903 l
S
0.753 0.761 0.769 SC
51.374 -2360.21 m
51.374 -2287.903 l
51.84 -2360.21 m
51.84 -2287.903 l
S
0.757 0.765 0.773 SC
52.307 -2360.21 m
52.307 -2287.903 l
S
0.761 0.769 0.776 SC
52.773 -2360.21 m
52.773 -2287.903 l
S
0.765 0.773 0.78 SC
53.24 -2360.21 m
53.24 -2287.903 l
S
0.769 0.776 0.784 SC
53.706 -2360.21 m
53.706 -2287.903 l
S
0.773 0.776 0.784 SC
54.173 -2360.21 m
54.173 -2287.903 l
S
0.776 0.78 0.788 SC
54.639 -2360.21 m
54.639 -2287.903 l
S
0.776 0.784 0.792 SC
55.106 -2360.21 m
55.106 -2287.903 l
S
0.78 0.788 0.796 SC
55.572 -2360.21 m
55.572 -2287.903 l
S
0.784 0.792 0.8 SC
56.039 -2360.21 m
56.039 -2287.903 l
S
0.788 0.796 0.8 SC
56.505 -2360.21 m
56.505 -2287.903 l
S
0.792 0.796 0.804 SC
56.972 -2360.21 m
56.972 -2287.903 l
S
0.796 0.8 0.808 SC
57.438 -2360.21 m
57.438 -2287.903 l
S
0.796 0.804 0.812 SC
57.905 -2360.21 m
57.905 -2287.903 l
S
0.8 0.808 0.816 SC
58.371 -2360.21 m
58.371 -2287.903 l
S
0.804 0.812 0.816 SC
58.838 -2360.21 m
58.838 -2287.903 l
S
0.808 0.812 0.82 SC
59.304 -2360.21 m
59.304 -2287.903 l
S
0.812 0.816 0.824 SC
59.771 -2360.21 m
59.771 -2287.903 l
S
0.816 0.82 0.827 SC
60.237 -2360.21 m
60.237 -2287.903 l
S
0.816 0.824 0.831 SC
60.704 -2360.21 m
60.704 -2287.903 l
S
0.82 0.827 0.831 SC
61.17 -2360.21 m
61.17 -2287.903 l
S
0.824 0.831 0.835 SC
61.637 -2360.21 m
61.637 -2287.903 l
S
0.827 0.831 0.839 SC
62.103 -2360.21 m
62.103 -2287.903 l
S
0.831 0.835 0.843 SC
62.57 -2360.21 m
62.57 -2287.903 l
S
0.835 0.839 0.843 SC
63.036 -2360.21 m
63.036 -2287.903 l
S
0.835 0.843 0.847 SC
63.503 -2360.21 m
63.503 -2287.903 l
S
0.839 0.847 0.851 SC
63.969 -2360.21 m
63.969 -2287.903 l
S
0.843 0.847 0.855 SC
64.436 -2360.21 m
64.436 -2287.903 l
S
0.847 0.851 0.859 SC
64.902 -2360.21 m
64.902 -2287.903 l
S
0.851 0.855 0.859 SC
65.369 -2360.21 m
65.369 -2287.903 l
S
0.855 0.859 0.863 SC
65.835 -2360.21 m
65.835 -2287.903 l
S
0.855 0.863 0.867 SC
66.302 -2360.21 m
66.302 -2287.903 l
S
0.859 0.863 0.871 SC
66.768 -2360.21 m
66.768 -2287.903 l
S
0.863 0.867 0.875 SC
67.235 -2360.21 m
67.235 -2287.903 l
S
0.867 0.871 0.875 SC
67.701 -2360.21 m
67.701 -2287.903 l
S
0.871 0.875 0.878 SC
68.168 -2360.21 m
68.168 -2287.903 l
S
0.875 0.878 0.882 SC
68.634 -2360.21 m
68.634 -2287.903 l
S
0.875 0.882 0.886 SC
69.101 -2360.21 m
69.101 -2287.903 l
S
0.878 0.882 0.89 SC
69.567 -2360.21 m
69.567 -2287.903 l
S
0.882 0.886 0.89 SC
70.034 -2360.21 m
70.034 -2287.903 l
S
0.886 0.89 0.894 SC
70.5 -2360.21 m
70.5 -2287.903 l
S
0.89 0.894 0.898 SC
70.967 -2360.21 m
70.967 -2287.903 l
S
0.894 0.898 0.902 SC
71.433 -2360.21 m
71.433 -2287.903 l
S
0.898 0.898 0.902 SC
71.9 -2360.21 m
71.9 -2287.903 l
S
0.898 0.902 0.906 SC
72.366 -2360.21 m
72.366 -2287.903 l
S
0.902 0.906 0.91 SC
72.833 -2360.21 m
72.833 -2287.903 l
S
0.906 0.91 0.914 SC
73.299 -2360.21 m
73.299 -2287.903 l
S
0.91 0.914 0.918 SC
73.766 -2360.21 m
73.766 -2287.903 l
S
0.914 0.918 0.922 SC
74.232 -2360.21 m
74.232 -2287.903 l
S
0.918 0.922 0.922 SC
74.699 -2360.21 m
74.699 -2287.903 l
S
0.922 0.922 0.925 SC
75.165 -2360.21 m
75.165 -2287.903 l
S
0.922 0.925 0.929 SC
75.632 -2360.21 m
75.632 -2287.903 l
S
0.925 0.929 0.933 SC
76.098 -2360.21 m
76.098 -2287.903 l
S
0.929 0.933 0.933 SC
76.565 -2360.21 m
76.565 -2287.903 l
S
0.933 0.937 0.937 SC
77.031 -2360.21 m
77.031 -2287.903 l
S
0.937 0.937 0.941 SC
77.498 -2360.21 m
77.498 -2287.903 l
S
0.941 0.941 0.945 SC
77.964 -2360.21 m
77.964 -2287.903 l
S
0.945 0.945 0.949 SC
78.431 -2360.21 m
78.431 -2287.903 l
S
0.945 0.949 0.949 SC
78.897 -2360.21 m
78.897 -2287.903 l
S
0.949 0.953 0.953 SC
79.364 -2360.21 m
79.364 -2287.903 l
S
0.953 0.957 0.957 SC
79.83 -2360.21 m
79.83 -2287.903 l
S
0.957 0.957 0.961 SC
80.297 -2360.21 m
80.297 -2287.903 l
S
0.961 0.961 0.965 SC
80.763 -2360.21 m
80.763 -2287.903 l
S
0.965 0.965 0.969 SC
81.23 -2360.21 m
81.23 -2287.903 l
S
0.969 0.969 0.969 SC
81.696 -2360.21 m
81.696 -2287.903 l
S
0.973 0.973 0.973 SC
82.163 -2360.21 m
82.163 -2287.903 l
S
0.976 0.976 0.976 SC
82.629 -2360.21 m
82.629 -2287.903 l
S
0.98 0.98 0.984 SC
83.096 -2360.21 m
83.096 -2287.903 l
S
0.988 0.988 0.988 SC
83.562 -2360.21 m
83.562 -2287.903 l
S
0.992 0.992 0.992 SC
84.029 -2360.21 m
84.029 -2287.903 l
S
1 1 1 SC
84.495 -2360.21 m
84.495 -2287.903 l
S
Q
Q
q
1 i 
-9 851 613 -860 re
0 841 m
W n
0.03 841.02 595.02 -841.02 re
W n
/Cs5 cs 0.161 0.145 0.149 sc
/GS1 gs
0.03 841.02 35.4 -6.11 re
f
/Cs5 CS 0.161 0.145 0.149 SC
0 J 0 j 0.3 w 10 M []0 d
28.347 841.076 m
28.347 805.006 l
S
286.3 22.8 22.68 -22.8 re
f
BT
/F1 1 Tf
10 0 0 10 289.2992 7.7671 Tm
1 1 1 sc
-0.0002 Tc
0 Tw
(642)Tj
/F3 1 Tf
7 0 0 7 35.4331 17.5374 Tm
0.161 0.145 0.149 sc
-0.0001 Tc
-0.0306 Tw
[(Swissmedic Jour)-17.9(nal)-1111.9(9/2002)]TJ
/F2 1 Tf
10 0 0 10 85.0394 740.9567 Tm
-0.0336 Tw
[(01)-1044.2(Remer)17.7(on, T)73.9(rinklösung 15)-306(mg/ml)]TJ
/F5 1 Tf
0 -1.4174 TD
-0.0306 Tw
[(Organon AG, Churerstrasse 160 b, 8808 Pfäf)17.7(fikon)]TJ
ET
0.4 w 
85.04 718.83 m
552.76 718.83 l
85.04 701.14 m
552.76 701.14 l
S
BT
10 0 0 10 85.0394 706.4441 Tm
-0.0002 Tc
0 Tw
[(Zul.-Nr)91.6(.: )]TJ
/F2 1 Tf
3.8771 0 TD
(56076)Tj
/F5 1 Tf
8.8788 0 TD
0 Tc
(V)Tj
0.6301 0 TD
-0.0001 Tc
(erkaufsart: )Tj
/F2 1 Tf
5.3041 0 TD
0 Tc
(B)Tj
/F5 1 Tf
6.8216 0 TD
-0.0001 Tc
-0.0306 Tw
[(Index: 01.06.0.)-9563.5(25.09.2002)]TJ
-25.5118 -2.2428 TD
0 Tw
[(Zusammensetzung:)-921.1(01)]TJ
8.3 0 0 8.3 198.4252 684.016 Tm
-0.0302 Tw
[(MIR)17.7(T)54.8(AZAPINUM 15)-278.1(mg, SACCHARINUM, AROMA)73.7(TICA, CONSER)17.7(V)91.5(.: E)-278.1(211, AQUA q.s. ad SOLU-)]TJ
0 -1.3661 TD
-0.0306 Tw
[(TIONEM pro 1)-278.1(mL. )]TJ
10 0 0 10 85.0394 658.5033 Tm
0 Tw
[(Anwendung:)-5285.2(Antidepressivum)]TJ
0 -1.4174 TD
-0.0002 Tc
[(Packung:)-7116.9(––)]TJ
T*
-0.0001 Tc
[(Bemerkung:)-5671.9(Exportspezialität)]TJ
T*
-0.0306 Tw
[(Gültig bis:)-6647.8(24. September 2007)]TJ
ET
85.04 607.57 m
552.76 607.57 l
S
BT
/F1 1 Tf
10 0 0 10 85.0394 763.6339 Tm
-0.0002 Tc
0 Tw
[(Exporte)-111.3(/)-111.3(E)-0.1(x)-55.7(ports)]TJ
ET
Q

q
1 i 
-9 851 613 -860 re
0 841 m
W n
0.03 841.02 595.02 -841.02 re
W n
BT
/F4 1 Tf
12.5 0 0 12.5 285.8058 811.7825 Tm
/Cs5 cs 0.161 0.145 0.149 sc
/GS1 gs
-0.0001 Tc
-0.0286 Tw
[(Arzneimittel Statistik)-130(/)-129.9(M)0.1(édicaments miscellanées)]TJ
ET
/Cs5 CS 0.161 0.145 0.149 SC
0 J 0 j 0.3 w 10 M []0 d
42.8 805.15 m
567.2 805.15 l
S
Q
q
1 i 
361.69 850.5 198.43 -24.09 re
560.097 811.782 m
W* n
-9 851 613 -860 re
0 841 m
W n
0.03 841.02 595.02 -841.02 re
W n
q
2.7718 0 0 -0.3608 0 0 cm
/Cs5 CS 1 1 1 SC
0 J 0 j 0.5 w 10 M []0 d
/GS1 gs
130.36 -2360.21 m
130.36 -2287.903 l
S
0.992 0.992 0.992 SC
130.827 -2360.21 m
130.827 -2287.903 l
S
0.988 0.988 0.988 SC
131.293 -2360.21 m
131.293 -2287.903 l
S
0.98 0.98 0.984 SC
131.76 -2360.21 m
131.76 -2287.903 l
S
0.976 0.976 0.976 SC
132.226 -2360.21 m
132.226 -2287.903 l
S
0.973 0.973 0.973 SC
132.693 -2360.21 m
132.693 -2287.903 l
S
0.969 0.969 0.969 SC
133.159 -2360.21 m
133.159 -2287.903 l
S
0.965 0.965 0.969 SC
133.626 -2360.21 m
133.626 -2287.903 l
S
0.961 0.961 0.965 SC
134.092 -2360.21 m
134.092 -2287.903 l
S
0.957 0.957 0.961 SC
134.559 -2360.21 m
134.559 -2287.903 l
S
0.953 0.957 0.957 SC
135.025 -2360.21 m
135.025 -2287.903 l
S
0.949 0.953 0.953 SC
135.492 -2360.21 m
135.492 -2287.903 l
S
0.945 0.949 0.949 SC
135.958 -2360.21 m
135.958 -2287.903 l
S
0.945 0.945 0.949 SC
136.425 -2360.21 m
136.425 -2287.903 l
S
0.941 0.941 0.945 SC
136.891 -2360.21 m
136.891 -2287.903 l
S
0.937 0.937 0.941 SC
137.358 -2360.21 m
137.358 -2287.903 l
S
0.933 0.937 0.937 SC
137.824 -2360.21 m
137.824 -2287.903 l
S
0.929 0.933 0.933 SC
138.291 -2360.21 m
138.291 -2287.903 l
S
0.925 0.929 0.933 SC
138.757 -2360.21 m
138.757 -2287.903 l
S
0.922 0.925 0.929 SC
139.224 -2360.21 m
139.224 -2287.903 l
S
0.922 0.922 0.925 SC
139.69 -2360.21 m
139.69 -2287.903 l
S
0.918 0.922 0.922 SC
140.157 -2360.21 m
140.157 -2287.903 l
S
0.914 0.918 0.922 SC
140.623 -2360.21 m
140.623 -2287.903 l
S
0.91 0.914 0.918 SC
141.09 -2360.21 m
141.09 -2287.903 l
S
0.906 0.91 0.914 SC
141.556 -2360.21 m
141.556 -2287.903 l
S
0.902 0.906 0.91 SC
142.023 -2360.21 m
142.023 -2287.903 l
S
0.898 0.902 0.906 SC
142.489 -2360.21 m
142.489 -2287.903 l
S
0.898 0.898 0.902 SC
142.956 -2360.21 m
142.956 -2287.903 l
S
0.894 0.898 0.902 SC
143.422 -2360.21 m
143.422 -2287.903 l
S
0.89 0.894 0.898 SC
143.889 -2360.21 m
143.889 -2287.903 l
S
0.886 0.89 0.894 SC
144.355 -2360.21 m
144.355 -2287.903 l
S
0.882 0.886 0.89 SC
144.822 -2360.21 m
144.822 -2287.903 l
S
0.878 0.882 0.89 SC
145.288 -2360.21 m
145.288 -2287.903 l
S
0.875 0.882 0.886 SC
145.755 -2360.21 m
145.755 -2287.903 l
S
0.875 0.878 0.882 SC
146.221 -2360.21 m
146.221 -2287.903 l
S
0.871 0.875 0.878 SC
146.688 -2360.21 m
146.688 -2287.903 l
S
0.867 0.871 0.875 SC
147.154 -2360.21 m
147.154 -2287.903 l
S
0.863 0.867 0.875 SC
147.621 -2360.21 m
147.621 -2287.903 l
S
0.859 0.863 0.871 SC
148.087 -2360.21 m
148.087 -2287.903 l
S
0.855 0.863 0.867 SC
148.554 -2360.21 m
148.554 -2287.903 l
S
0.855 0.859 0.863 SC
149.02 -2360.21 m
149.02 -2287.903 l
S
0.851 0.855 0.859 SC
149.487 -2360.21 m
149.487 -2287.903 l
S
0.847 0.851 0.859 SC
149.953 -2360.21 m
149.953 -2287.903 l
S
0.843 0.847 0.855 SC
150.42 -2360.21 m
150.42 -2287.903 l
S
0.839 0.847 0.851 SC
150.886 -2360.21 m
150.886 -2287.903 l
S
0.835 0.843 0.847 SC
151.353 -2360.21 m
151.353 -2287.903 l
S
0.835 0.839 0.843 SC
151.819 -2360.21 m
151.819 -2287.903 l
S
0.831 0.835 0.843 SC
152.286 -2360.21 m
152.286 -2287.903 l
S
0.827 0.831 0.839 SC
152.752 -2360.21 m
152.752 -2287.903 l
S
0.824 0.831 0.835 SC
153.219 -2360.21 m
153.219 -2287.903 l
S
0.82 0.827 0.831 SC
153.685 -2360.21 m
153.685 -2287.903 l
S
0.816 0.824 0.831 SC
154.152 -2360.21 m
154.152 -2287.903 l
S
0.816 0.82 0.827 SC
154.618 -2360.21 m
154.618 -2287.903 l
S
0.812 0.816 0.824 SC
155.085 -2360.21 m
155.085 -2287.903 l
S
0.808 0.812 0.82 SC
155.551 -2360.21 m
155.551 -2287.903 l
S
0.804 0.812 0.816 SC
156.018 -2360.21 m
156.018 -2287.903 l
S
0.8 0.808 0.816 SC
156.484 -2360.21 m
156.484 -2287.903 l
S
0.796 0.804 0.812 SC
156.951 -2360.21 m
156.951 -2287.903 l
S
0.796 0.8 0.808 SC
157.417 -2360.21 m
157.417 -2287.903 l
S
0.792 0.796 0.804 SC
157.884 -2360.21 m
157.884 -2287.903 l
S
0.788 0.796 0.8 SC
158.35 -2360.21 m
158.35 -2287.903 l
S
0.784 0.792 0.8 SC
158.817 -2360.21 m
158.817 -2287.903 l
S
0.78 0.788 0.796 SC
159.283 -2360.21 m
159.283 -2287.903 l
S
0.776 0.784 0.792 SC
159.75 -2360.21 m
159.75 -2287.903 l
S
0.776 0.78 0.788 SC
160.216 -2360.21 m
160.216 -2287.903 l
S
0.773 0.776 0.784 SC
160.683 -2360.21 m
160.683 -2287.903 l
S
0.769 0.776 0.784 SC
161.149 -2360.21 m
161.149 -2287.903 l
S
0.765 0.773 0.78 SC
161.616 -2360.21 m
161.616 -2287.903 l
S
0.761 0.769 0.776 SC
162.082 -2360.21 m
162.082 -2287.903 l
S
0.757 0.765 0.773 SC
162.549 -2360.21 m
162.549 -2287.903 l
S
0.753 0.761 0.769 SC
163.015 -2360.21 m
163.015 -2287.903 l
163.482 -2360.21 m
163.482 -2287.903 l
S
0.749 0.757 0.765 SC
163.948 -2360.21 m
163.948 -2287.903 l
S
0.745 0.753 0.761 SC
164.415 -2360.21 m
164.415 -2287.903 l
S
0.741 0.749 0.757 SC
164.881 -2360.21 m
164.881 -2287.903 l
S
0.737 0.745 0.753 SC
165.348 -2360.21 m
165.348 -2287.903 l
S
0.733 0.741 0.753 SC
165.814 -2360.21 m
165.814 -2287.903 l
S
0.733 0.741 0.749 SC
166.281 -2360.21 m
166.281 -2287.903 l
166.747 -2360.21 m
166.747 -2287.903 l
S
0.729 0.737 0.745 SC
167.214 -2360.21 m
167.214 -2287.903 l
S
0.725 0.733 0.741 SC
167.68 -2360.21 m
167.68 -2287.903 l
S
0.722 0.729 0.737 SC
168.147 -2360.21 m
168.147 -2287.903 l
S
0.718 0.725 0.737 SC
168.613 -2360.21 m
168.613 -2287.903 l
S
0.714 0.722 0.733 SC
169.08 -2360.21 m
169.08 -2287.903 l
S
0.714 0.722 0.729 SC
169.546 -2360.21 m
169.546 -2287.903 l
S
0.71 0.718 0.725 SC
170.013 -2360.21 m
170.013 -2287.903 l
S
0.706 0.714 0.722 SC
170.479 -2360.21 m
170.479 -2287.903 l
S
0.702 0.71 0.722 SC
170.946 -2360.21 m
170.946 -2287.903 l
S
0.698 0.706 0.718 SC
171.412 -2360.21 m
171.412 -2287.903 l
S
0.698 0.706 0.714 SC
171.879 -2360.21 m
171.879 -2287.903 l
S
0.694 0.702 0.71 SC
172.345 -2360.21 m
172.345 -2287.903 l
S
0.69 0.698 0.706 SC
172.812 -2360.21 m
172.812 -2287.903 l
S
0.686 0.694 0.706 SC
173.278 -2360.21 m
173.278 -2287.903 l
S
0.682 0.69 0.702 SC
173.745 -2360.21 m
173.745 -2287.903 l
S
0.682 0.69 0.698 SC
174.211 -2360.21 m
174.211 -2287.903 l
S
0.678 0.686 0.694 SC
174.678 -2360.21 m
174.678 -2287.903 l
S
0.675 0.682 0.69 SC
175.144 -2360.21 m
175.144 -2287.903 l
S
0.671 0.678 0.69 SC
175.611 -2360.21 m
175.611 -2287.903 l
S
0.667 0.675 0.686 SC
176.077 -2360.21 m
176.077 -2287.903 l
S
0.663 0.675 0.682 SC
176.544 -2360.21 m
176.544 -2287.903 l
S
0.663 0.671 0.678 SC
177.01 -2360.21 m
177.01 -2287.903 l
S
0.659 0.667 0.678 SC
177.477 -2360.21 m
177.477 -2287.903 l
S
0.655 0.663 0.675 SC
177.943 -2360.21 m
177.943 -2287.903 l
S
0.651 0.659 0.671 SC
178.41 -2360.21 m
178.41 -2287.903 l
S
0.651 0.659 0.667 SC
178.876 -2360.21 m
178.876 -2287.903 l
S
0.647 0.655 0.663 SC
179.343 -2360.21 m
179.343 -2287.903 l
S
0.643 0.651 0.663 SC
179.809 -2360.21 m
179.809 -2287.903 l
S
0.639 0.647 0.659 SC
180.276 -2360.21 m
180.276 -2287.903 l
S
0.635 0.643 0.655 SC
180.742 -2360.21 m
180.742 -2287.903 l
S
0.635 0.643 0.651 SC
181.209 -2360.21 m
181.209 -2287.903 l
S
0.631 0.639 0.647 SC
181.675 -2360.21 m
181.675 -2287.903 l
S
0.627 0.635 0.647 SC
182.142 -2360.21 m
182.142 -2287.903 l
S
0.624 0.631 0.643 SC
182.608 -2360.21 m
182.608 -2287.903 l
S
0.62 0.631 0.639 SC
183.075 -2360.21 m
183.075 -2287.903 l
S
0.62 0.627 0.635 SC
183.541 -2360.21 m
183.541 -2287.903 l
S
0.616 0.624 0.635 SC
184.008 -2360.21 m
184.008 -2287.903 l
S
0.612 0.62 0.631 SC
184.474 -2360.21 m
184.474 -2287.903 l
S
0.608 0.616 0.627 SC
184.941 -2360.21 m
184.941 -2287.903 l
S
0.608 0.616 0.624 SC
185.407 -2360.21 m
185.407 -2287.903 l
S
0.604 0.612 0.624 SC
185.874 -2360.21 m
185.874 -2287.903 l
S
0.6 0.608 0.62 SC
186.34 -2360.21 m
186.34 -2287.903 l
S
0.596 0.604 0.616 SC
186.806 -2360.21 m
186.806 -2287.903 l
S
0.596 0.604 0.612 SC
187.273 -2360.21 m
187.273 -2287.903 l
S
0.592 0.6 0.608 SC
187.739 -2360.21 m
187.739 -2287.903 l
S
0.588 0.596 0.608 SC
188.206 -2360.21 m
188.206 -2287.903 l
S
0.584 0.592 0.604 SC
188.672 -2360.21 m
188.672 -2287.903 l
S
0.584 0.592 0.6 SC
189.139 -2360.21 m
189.139 -2287.903 l
S
0.58 0.588 0.596 SC
189.605 -2360.21 m
189.605 -2287.903 l
S
0.576 0.584 0.596 SC
190.072 -2360.21 m
190.072 -2287.903 l
S
0.573 0.58 0.592 SC
190.538 -2360.21 m
190.538 -2287.903 l
S
0.573 0.58 0.588 SC
191.005 -2360.21 m
191.005 -2287.903 l
S
0.569 0.576 0.588 SC
191.471 -2360.21 m
191.471 -2287.903 l
S
0.565 0.573 0.584 SC
191.938 -2360.21 m
191.938 -2287.903 l
S
0.561 0.569 0.58 SC
192.404 -2360.21 m
192.404 -2287.903 l
S
0.561 0.569 0.576 SC
192.871 -2360.21 m
192.871 -2287.903 l
S
0.557 0.565 0.576 SC
193.337 -2360.21 m
193.337 -2287.903 l
S
0.553 0.561 0.573 SC
193.804 -2360.21 m
193.804 -2287.903 l
S
0.549 0.557 0.569 SC
194.27 -2360.21 m
194.27 -2287.903 l
S
0.549 0.557 0.565 SC
194.737 -2360.21 m
194.737 -2287.903 l
S
0.545 0.553 0.565 SC
195.203 -2360.21 m
195.203 -2287.903 l
S
0.541 0.549 0.561 SC
195.67 -2360.21 m
195.67 -2287.903 l
S
0.537 0.545 0.557 SC
196.136 -2360.21 m
196.136 -2287.903 l
S
0.537 0.545 0.553 SC
196.603 -2360.21 m
196.603 -2287.903 l
S
0.533 0.541 0.553 SC
197.069 -2360.21 m
197.069 -2287.903 l
S
0.529 0.537 0.549 SC
197.536 -2360.21 m
197.536 -2287.903 l
S
0.529 0.533 0.545 SC
198.002 -2360.21 m
198.002 -2287.903 l
S
0.525 0.533 0.541 SC
198.469 -2360.21 m
198.469 -2287.903 l
S
0.522 0.529 0.541 SC
198.935 -2360.21 m
198.935 -2287.903 l
S
0.518 0.525 0.537 SC
199.402 -2360.21 m
199.402 -2287.903 l
S
0.518 0.525 0.533 SC
199.868 -2360.21 m
199.868 -2287.903 l
S
0.514 0.522 0.529 SC
200.335 -2360.21 m
200.335 -2287.903 l
S
0.51 0.518 0.529 SC
200.801 -2360.21 m
200.801 -2287.903 l
S
0.51 0.514 0.525 SC
201.268 -2360.21 m
201.268 -2287.903 l
S
0.506 0.514 0.522 SC
201.734 -2360.21 m
201.734 -2287.903 l
S
0.502 0.51 0.518 SC
202.201 -2360.21 m
202.201 -2287.903 l
S
Q
Q
q
1 i 
-9 851 613 -860 re
0 841 m
W n
0.03 841.02 595.02 -841.02 re
W n
/Cs5 cs 0.161 0.145 0.149 sc
/GS1 gs
560.12 841.02 34.93 -6.11 re
f
/Cs5 CS 0.161 0.145 0.149 SC
0 J 0 j 0.3 w 10 M []0 d
567.202 840.678 m
567.202 804.948 l
S
286.57 22.8 22.68 -22.8 re
f
BT
/F1 1 Tf
10 0 0 10 289.5747 7.7671 Tm
1 1 1 sc
-0.0002 Tc
0 Tw
(643)Tj
/F3 1 Tf
7 0 0 7 473.8676 17.5374 Tm
0.161 0.145 0.149 sc
-0.0001 Tc
-0.0306 Tw
[(Swissmedic Jour)-17.9(nal)-1111.9(9/2002)]TJ
/F2 1 Tf
10 0 0 10 42.7953 698.437 Tm
-0.0336 Tw
[(01)-1044.2(A. V)54.8(ogel Knoblauch-Kapseln)]TJ
/F5 1 Tf
0 -1.4174 TD
-0.0306 Tw
[(Bioforce AG, , 9325 Roggwil)]TJ
ET
0.4 w 
42.8 676.31 m
510.51 676.31 l
42.8 658.62 m
510.51 658.62 l
S
BT
10 0 0 10 42.7953 663.9244 Tm
-0.0002 Tc
0 Tw
[(Zul.-Nr)91.6(.: )]TJ
/F2 1 Tf
3.8772 0 TD
(40396)Tj
/F5 1 Tf
8.8787 0 TD
0 Tc
(V)Tj
0.6301 0 TD
-0.0001 Tc
(erkaufsart: )Tj
/F2 1 Tf
5.3042 0 TD
0 Tc
(D)Tj
/F5 1 Tf
6.8216 0 TD
-0.0001 Tc
-0.0306 Tw
[(Index: 02.97.0.)-9563.5(27.09.2002)]TJ
-25.5118 -2.2428 TD
0 Tw
[(Zusammensetzung:)-921.1(01)]TJ
8.3 0 0 8.3 156.1811 641.4963 Tm
-0.0306 Tw
[(ALLII SA)73.7(TIVI MACERA)73.7(TUM OLEOSUM 270)-278.1(mg, EXCIPIENS pro CAPSULA.)]TJ
10 0 0 10 42.7953 627.3227 Tm
[(Anwendung:)-5285.2(Bei Beschwerden infolge Arteriosklerose)]TJ
0 -1.4174 TD
0 Tw
[(Packungen:)-4532.7(01)-305.6(039)-6585.9(1)0.1(20)-567.1(Kapseln)-9939.2(D)]TJ
11.3386 -1.4174 TD
[(047)-6585.9(2)0.1(40)-567.1(Kapseln)-9939.2(D)]TJ
-11.3386 -1.4174 TD
-0.0306 Tw
[(* Gültig bis:)-5844.6(26. September 2007)]TJ
ET
42.8 578.66 m
510.51 578.66 l
S
BT
/F2 1 Tf
10 0 0 10 42.7953 545.2112 Tm
-0.0336 Tw
[(01)-1044.2(Accolate 20)-306(mg, T)98.8(abletten)]TJ
0 -1.2835 TD
[(02)-1044.2(Accolate 40)-306(mg, T)98.8(abletten)]TJ
T*
[(03)-1044.2(Accolate 10)-306(mg, Filmtabletten)]TJ
/F5 1 Tf
0 -1.4174 TD
-0.0306 Tw
(AstraZeneca AG, Grafenau 10, 6301 Zug)Tj
ET
42.8 497.42 m
510.51 497.42 l
42.8 479.73 m
510.51 479.73 l
S
BT
10 0 0 10 42.7953 485.0293 Tm
-0.0002 Tc
0 Tw
[(Zul.-Nr)91.6(.: )]TJ
/F2 1 Tf
3.8772 0 TD
(53750)Tj
/F5 1 Tf
8.8787 0 TD
0 Tc
(V)Tj
0.6301 0 TD
-0.0001 Tc
(erkaufsart: )Tj
/F2 1 Tf
5.3042 0 TD
0 Tc
(B)Tj
/F5 1 Tf
6.8216 0 TD
-0.0001 Tc
-0.0306 Tw
[(Index: 03.04.5.)-9563.5(02.09.2002)]TJ
-25.5118 -2.2089 TD
[(* Zusammensetzung:)-118(01)]TJ
8.3 0 0 8.3 156.1811 462.9402 Tm
[(ZAFIRLUKASTUM 20)-278.1(mg, EXCIPIENS pro COMPRESSO OBDUCTO.)]TJ
10 0 0 10 142.0079 449.1055 Tm
-0.0002 Tc
0 Tw
(02)Tj
8.3 0 0 8.3 156.1811 449.1055 Tm
-0.0001 Tc
-0.0306 Tw
[(ZAFIRLUKASTUM 40)-278.1(mg, EXCIPIENS pro COMPRESSO OBDUCTO.)]TJ
10 0 0 10 142.0079 435.2709 Tm
-0.0002 Tc
0 Tw
(03)Tj
8.3 0 0 8.3 156.1811 435.2709 Tm
-0.0001 Tc
-0.0306 Tw
[(ZAFIRLUKASTUM 10)-278.1(mg, EXCIPIENS pro COMPRESSO OBDUCTO.)]TJ
10 0 0 10 42.7953 421.4363 Tm
-0.0002 Tc
[(Anwendung:)-5285.3(Asthma bronchiale)]TJ
0 -1.3835 TD
-0.0001 Tc
0 Tw
[(Packungen:)-4532.7(01)-305.6(036)-7141.8(6)0.1(0)-567(T)74(abletten)-9179.4(B)]TJ
11.3386 -1.3835 TD
[(044)-6585.9(1)0.1(80)-567.1(T)74(abletten)-9179.4(B)]TJ
-1.4173 -1.3835 TD
[(02)-305.6(060)-7141.8(6)0.1(0)-567(T)74(abletten)-9179.4(B)]TJ
1.4173 -1.3835 TD
[(079)-6585.9(1)0.1(80)-567.1(T)74(abletten)-9179.4(B)]TJ
-11.3386 -1.3835 TD
-0.0306 Tw
[(Bemerkungen:)-4505.2(Ersetzt die Registrierungsurkunde vom 01.01.2001)]TJ
11.3386 -1.3835 TD
[(10)-278.1(mg = nur für den Export bestimmt)]TJ
-11.3386 -1.3835 TD
[(Gültig bis:)-6647.8(31. Dezember 2003)]TJ
ET
42.8 316.18 m
510.51 316.18 l
S
BT
/F2 1 Tf
10 0 0 10 42.7953 280.1843 Tm
-0.0337 Tw
[(02)-1044.2(Akkoplant N, 14-Kräuter)54.8(-Rheumatabletten)]TJ
/F5 1 Tf
0 -1.4174 TD
-0.0306 Tw
(* OTC Pharma AG Schweiz, Quartierstrasse 1, 8867 Niederurnen)Tj
ET
42.8 258.06 m
510.51 258.06 l
42.8 240.37 m
510.51 240.37 l
S
BT
10 0 0 10 42.7953 245.6717 Tm
-0.0002 Tc
0 Tw
[(Zul.-Nr)91.6(.: )]TJ
/F2 1 Tf
3.8772 0 TD
(47553)Tj
/F5 1 Tf
8.8787 0 TD
0 Tc
(V)Tj
0.6301 0 TD
-0.0001 Tc
(erkaufsart: )Tj
/F2 1 Tf
5.3042 0 TD
0 Tc
(D)Tj
/F5 1 Tf
6.8216 0 TD
-0.0001 Tc
-0.0306 Tw
[(Index: 07.10.2.)-9563.5(25.09.2002)]TJ
-25.5118 -2.2428 TD
0 Tw
[(Zusammensetzung:)-921.1(02)]TJ
8.3 0 0 8.3 156.1811 223.2436 Tm
0.4011 Tw
[(BETULAE FOLIUM 20.55)-278.1(mg, UR)17.7(TICAE FOLIUM 20.55)-278.1(mg, FOENICULI AMARI FRUCTUS)]TJ
0 -1.3661 TD
-0.0762 Tw
[(12.35)-278.1(mg, IUNIPERI FRUCTUS 16.5)-278.1(mg, T)54.7(ARAXACI RADIX 20.55)-278.1(mg, SALICIS COR)17.7(TEX 94.65)-278.1(mg,)]TJ
T*
0.0149 Tw
[(PRIMULAE RADIX 20.55)-278.1(mg, ONONIDIS RADIX 24.7)-278.1(mg, SPIRAEAE ULMARIAE FLOS 32.9)-278.1(mg,)]TJ
T*
0.1645 Tw
[(MELISSAE FOLIUM 12.35)-278.1(mg, SEMPER)17.7(VIVI TECTORI HERBA 12.35)-278.1(mg, VIOLAE TRICOLORIS)]TJ
T*
-0.0469 Tw
[(HERBA 16.5)-278.1(mg, EQUISETI HERBA 12.35)-278.1(mg, SOLIDAGINIS SEROTINAE HERBA 12.35)-278.1(mg, SALI-)]TJ
T*
-0.0306 Tw
[(CIS EXTRACTUM SICCUM 98)-278.1(mg corresp. SALICINUM 10)-278.1(mg, EXCIPIENS pro COMPRESSO.)]TJ
10 0 0 10 42.7953 152.375 Tm
[(Anwendung:)-5285.2(Bei rheumatischen Beschwerden)]TJ
0 -1.4174 TD
0 Tw
[(Packungen:)-4532.7(02)-305.6(032)-6585.9(2)0.1(00)-567.1(T)74(abletten)-9179.4(D)]TJ
11.3386 -1.4174 TD
[(040)-6585.9(5)0.1(00)-567.1(T)74(abletten)-9179.4(D)]TJ
T*
[(059)-6585.9(1)0.1(00)-567.1(T)74(abletten)-9179.4(D)]TJ
-11.3386 -1.4174 TD
0.1924 Tw
[(* )223(Bemerkungen:)-3702(Ersetzt die Registrierungsurkunde vom 25.08.1999 \(Änderung Zulassungs-)]TJ
11.3386 -1.1339 TD
-0.0002 Tc
0 Tw
(inhaberin\))Tj
-11.3386 -1.4174 TD
-0.0001 Tc
-0.0306 Tw
[(Gültig bis:)-6647.8(31. Dezember 2003)]TJ
ET
42.8 61.75 m
510.51 61.75 l
S
BT
/F2 1 Tf
12 0 0 12 42.7953 762.1339 Tm
-0.0336 Tw
(Revisionen und Änderungen der Zulassung)Tj
0 -1 TD
(Révisions et changements de l’autorisation)Tj
/F1 1 Tf
10 0 0 10 42.7953 726.1339 Tm
-0.0306 Tw
[(Humanpräparate)-111.2(/)-111.2(P)0.1(r)17.7(oduits à usage humain)]TJ
ET
Q

q
1 i 
-9 851 613 -860 re
0 841 m
W n
0.03 841.02 595.02 -841.02 re
W n
BT
/F4 1 Tf
12.5 0 0 12.5 34.4488 811.7822 Tm
/Cs5 cs 0.161 0.145 0.149 sc
/GS1 gs
-0.0001 Tc
-0.0286 Tw
[(Arzneimittel Statistik)-130(/)-129.9(M)0.1(édicaments miscellanées)]TJ
ET
/Cs5 CS 0.161 0.145 0.149 SC
0 J 0 j 0.3 w 10 M []0 d
28.35 805.15 m
552.76 805.15 l
S
Q
q
1 i 
35.43 850.5 198.43 -24.09 re
308.74 811.782 m
W* n
-9 851 613 -860 re
0 841 m
W n
0.03 841.02 595.02 -841.02 re
W n
q
2.7718 0 0 -0.3608 0 0 cm
/Cs5 CS 0.502 0.51 0.518 SC
0 J 0 j 0.5 w 10 M []0 d
/GS1 gs
12.655 -2360.21 m
12.655 -2287.903 l
S
0.506 0.514 0.522 SC
13.121 -2360.21 m
13.121 -2287.903 l
S
0.51 0.514 0.525 SC
13.588 -2360.21 m
13.588 -2287.903 l
S
0.51 0.518 0.529 SC
14.054 -2360.21 m
14.054 -2287.903 l
S
0.514 0.522 0.529 SC
14.521 -2360.21 m
14.521 -2287.903 l
S
0.518 0.525 0.533 SC
14.987 -2360.21 m
14.987 -2287.903 l
S
0.518 0.525 0.537 SC
15.454 -2360.21 m
15.454 -2287.903 l
S
0.522 0.529 0.541 SC
15.92 -2360.21 m
15.92 -2287.903 l
S
0.525 0.533 0.541 SC
16.387 -2360.21 m
16.387 -2287.903 l
S
0.529 0.533 0.545 SC
16.853 -2360.21 m
16.853 -2287.903 l
S
0.529 0.537 0.549 SC
17.32 -2360.21 m
17.32 -2287.903 l
S
0.533 0.541 0.553 SC
17.786 -2360.21 m
17.786 -2287.903 l
S
0.537 0.545 0.553 SC
18.253 -2360.21 m
18.253 -2287.903 l
S
0.537 0.545 0.557 SC
18.719 -2360.21 m
18.719 -2287.903 l
S
0.541 0.549 0.561 SC
19.186 -2360.21 m
19.186 -2287.903 l
S
0.545 0.553 0.565 SC
19.652 -2360.21 m
19.652 -2287.903 l
S
0.549 0.557 0.565 SC
20.119 -2360.21 m
20.119 -2287.903 l
S
0.549 0.557 0.569 SC
20.585 -2360.21 m
20.585 -2287.903 l
S
0.553 0.561 0.573 SC
21.052 -2360.21 m
21.052 -2287.903 l
S
0.557 0.565 0.576 SC
21.518 -2360.21 m
21.518 -2287.903 l
S
0.561 0.569 0.576 SC
21.985 -2360.21 m
21.985 -2287.903 l
S
0.561 0.569 0.58 SC
22.451 -2360.21 m
22.451 -2287.903 l
S
0.565 0.573 0.584 SC
22.918 -2360.21 m
22.918 -2287.903 l
S
0.569 0.576 0.588 SC
23.384 -2360.21 m
23.384 -2287.903 l
S
0.573 0.58 0.588 SC
23.851 -2360.21 m
23.851 -2287.903 l
S
0.573 0.58 0.592 SC
24.317 -2360.21 m
24.317 -2287.903 l
S
0.576 0.584 0.596 SC
24.784 -2360.21 m
24.784 -2287.903 l
S
0.58 0.588 0.596 SC
25.25 -2360.21 m
25.25 -2287.903 l
S
0.584 0.592 0.6 SC
25.717 -2360.21 m
25.717 -2287.903 l
S
0.584 0.592 0.604 SC
26.183 -2360.21 m
26.183 -2287.903 l
S
0.588 0.596 0.608 SC
26.65 -2360.21 m
26.65 -2287.903 l
S
0.592 0.6 0.608 SC
27.116 -2360.21 m
27.116 -2287.903 l
S
0.596 0.604 0.612 SC
27.583 -2360.21 m
27.583 -2287.903 l
S
0.596 0.604 0.616 SC
28.049 -2360.21 m
28.049 -2287.903 l
S
0.6 0.608 0.62 SC
28.516 -2360.21 m
28.516 -2287.903 l
S
0.604 0.612 0.624 SC
28.982 -2360.21 m
28.982 -2287.903 l
S
0.608 0.616 0.624 SC
29.449 -2360.21 m
29.449 -2287.903 l
S
0.608 0.616 0.627 SC
29.915 -2360.21 m
29.915 -2287.903 l
S
0.612 0.62 0.631 SC
30.382 -2360.21 m
30.382 -2287.903 l
S
0.616 0.624 0.635 SC
30.848 -2360.21 m
30.848 -2287.903 l
S
0.62 0.627 0.635 SC
31.315 -2360.21 m
31.315 -2287.903 l
S
0.62 0.631 0.639 SC
31.781 -2360.21 m
31.781 -2287.903 l
S
0.624 0.631 0.643 SC
32.248 -2360.21 m
32.248 -2287.903 l
S
0.627 0.635 0.647 SC
32.714 -2360.21 m
32.714 -2287.903 l
S
0.631 0.639 0.647 SC
33.181 -2360.21 m
33.181 -2287.903 l
S
0.635 0.643 0.651 SC
33.647 -2360.21 m
33.647 -2287.903 l
S
0.635 0.643 0.655 SC
34.113 -2360.21 m
34.113 -2287.903 l
S
0.639 0.647 0.659 SC
34.58 -2360.21 m
34.58 -2287.903 l
S
0.643 0.651 0.663 SC
35.046 -2360.21 m
35.046 -2287.903 l
S
0.647 0.655 0.663 SC
35.513 -2360.21 m
35.513 -2287.903 l
S
0.651 0.659 0.667 SC
35.979 -2360.21 m
35.979 -2287.903 l
S
0.651 0.659 0.671 SC
36.446 -2360.21 m
36.446 -2287.903 l
S
0.655 0.663 0.675 SC
36.912 -2360.21 m
36.912 -2287.903 l
S
0.659 0.667 0.678 SC
37.379 -2360.21 m
37.379 -2287.903 l
S
0.663 0.671 0.678 SC
37.845 -2360.21 m
37.845 -2287.903 l
S
0.663 0.675 0.682 SC
38.312 -2360.21 m
38.312 -2287.903 l
S
0.667 0.675 0.686 SC
38.778 -2360.21 m
38.778 -2287.903 l
S
0.671 0.678 0.69 SC
39.245 -2360.21 m
39.245 -2287.903 l
S
0.675 0.682 0.69 SC
39.711 -2360.21 m
39.711 -2287.903 l
S
0.678 0.686 0.694 SC
40.178 -2360.21 m
40.178 -2287.903 l
S
0.682 0.69 0.698 SC
40.644 -2360.21 m
40.644 -2287.903 l
S
0.682 0.69 0.702 SC
41.111 -2360.21 m
41.111 -2287.903 l
S
0.686 0.694 0.706 SC
41.577 -2360.21 m
41.577 -2287.903 l
S
0.69 0.698 0.706 SC
42.044 -2360.21 m
42.044 -2287.903 l
S
0.694 0.702 0.71 SC
42.51 -2360.21 m
42.51 -2287.903 l
S
0.698 0.706 0.714 SC
42.977 -2360.21 m
42.977 -2287.903 l
S
0.698 0.706 0.718 SC
43.443 -2360.21 m
43.443 -2287.903 l
S
0.702 0.71 0.722 SC
43.91 -2360.21 m
43.91 -2287.903 l
S
0.706 0.714 0.722 SC
44.376 -2360.21 m
44.376 -2287.903 l
S
0.71 0.718 0.725 SC
44.843 -2360.21 m
44.843 -2287.903 l
S
0.714 0.722 0.729 SC
45.309 -2360.21 m
45.309 -2287.903 l
S
0.714 0.722 0.733 SC
45.776 -2360.21 m
45.776 -2287.903 l
S
0.718 0.725 0.737 SC
46.242 -2360.21 m
46.242 -2287.903 l
S
0.722 0.729 0.737 SC
46.709 -2360.21 m
46.709 -2287.903 l
S
0.725 0.733 0.741 SC
47.175 -2360.21 m
47.175 -2287.903 l
S
0.729 0.737 0.745 SC
47.642 -2360.21 m
47.642 -2287.903 l
S
0.733 0.741 0.749 SC
48.108 -2360.21 m
48.108 -2287.903 l
S
0.733 0.741 0.753 SC
48.575 -2360.21 m
48.575 -2287.903 l
49.041 -2360.21 m
49.041 -2287.903 l
S
0.737 0.745 0.753 SC
49.508 -2360.21 m
49.508 -2287.903 l
S
0.741 0.749 0.757 SC
49.974 -2360.21 m
49.974 -2287.903 l
S
0.745 0.753 0.761 SC
50.441 -2360.21 m
50.441 -2287.903 l
S
0.749 0.757 0.765 SC
50.907 -2360.21 m
50.907 -2287.903 l
S
0.753 0.761 0.769 SC
51.374 -2360.21 m
51.374 -2287.903 l
51.84 -2360.21 m
51.84 -2287.903 l
S
0.757 0.765 0.773 SC
52.307 -2360.21 m
52.307 -2287.903 l
S
0.761 0.769 0.776 SC
52.773 -2360.21 m
52.773 -2287.903 l
S
0.765 0.773 0.78 SC
53.24 -2360.21 m
53.24 -2287.903 l
S
0.769 0.776 0.784 SC
53.706 -2360.21 m
53.706 -2287.903 l
S
0.773 0.776 0.784 SC
54.173 -2360.21 m
54.173 -2287.903 l
S
0.776 0.78 0.788 SC
54.639 -2360.21 m
54.639 -2287.903 l
S
0.776 0.784 0.792 SC
55.106 -2360.21 m
55.106 -2287.903 l
S
0.78 0.788 0.796 SC
55.572 -2360.21 m
55.572 -2287.903 l
S
0.784 0.792 0.8 SC
56.039 -2360.21 m
56.039 -2287.903 l
S
0.788 0.796 0.8 SC
56.505 -2360.21 m
56.505 -2287.903 l
S
0.792 0.796 0.804 SC
56.972 -2360.21 m
56.972 -2287.903 l
S
0.796 0.8 0.808 SC
57.438 -2360.21 m
57.438 -2287.903 l
S
0.796 0.804 0.812 SC
57.905 -2360.21 m
57.905 -2287.903 l
S
0.8 0.808 0.816 SC
58.371 -2360.21 m
58.371 -2287.903 l
S
0.804 0.812 0.816 SC
58.838 -2360.21 m
58.838 -2287.903 l
S
0.808 0.812 0.82 SC
59.304 -2360.21 m
59.304 -2287.903 l
S
0.812 0.816 0.824 SC
59.771 -2360.21 m
59.771 -2287.903 l
S
0.816 0.82 0.827 SC
60.237 -2360.21 m
60.237 -2287.903 l
S
0.816 0.824 0.831 SC
60.704 -2360.21 m
60.704 -2287.903 l
S
0.82 0.827 0.831 SC
61.17 -2360.21 m
61.17 -2287.903 l
S
0.824 0.831 0.835 SC
61.637 -2360.21 m
61.637 -2287.903 l
S
0.827 0.831 0.839 SC
62.103 -2360.21 m
62.103 -2287.903 l
S
0.831 0.835 0.843 SC
62.57 -2360.21 m
62.57 -2287.903 l
S
0.835 0.839 0.843 SC
63.036 -2360.21 m
63.036 -2287.903 l
S
0.835 0.843 0.847 SC
63.503 -2360.21 m
63.503 -2287.903 l
S
0.839 0.847 0.851 SC
63.969 -2360.21 m
63.969 -2287.903 l
S
0.843 0.847 0.855 SC
64.436 -2360.21 m
64.436 -2287.903 l
S
0.847 0.851 0.859 SC
64.902 -2360.21 m
64.902 -2287.903 l
S
0.851 0.855 0.859 SC
65.369 -2360.21 m
65.369 -2287.903 l
S
0.855 0.859 0.863 SC
65.835 -2360.21 m
65.835 -2287.903 l
S
0.855 0.863 0.867 SC
66.302 -2360.21 m
66.302 -2287.903 l
S
0.859 0.863 0.871 SC
66.768 -2360.21 m
66.768 -2287.903 l
S
0.863 0.867 0.875 SC
67.235 -2360.21 m
67.235 -2287.903 l
S
0.867 0.871 0.875 SC
67.701 -2360.21 m
67.701 -2287.903 l
S
0.871 0.875 0.878 SC
68.168 -2360.21 m
68.168 -2287.903 l
S
0.875 0.878 0.882 SC
68.634 -2360.21 m
68.634 -2287.903 l
S
0.875 0.882 0.886 SC
69.101 -2360.21 m
69.101 -2287.903 l
S
0.878 0.882 0.89 SC
69.567 -2360.21 m
69.567 -2287.903 l
S
0.882 0.886 0.89 SC
70.034 -2360.21 m
70.034 -2287.903 l
S
0.886 0.89 0.894 SC
70.5 -2360.21 m
70.5 -2287.903 l
S
0.89 0.894 0.898 SC
70.967 -2360.21 m
70.967 -2287.903 l
S
0.894 0.898 0.902 SC
71.433 -2360.21 m
71.433 -2287.903 l
S
0.898 0.898 0.902 SC
71.9 -2360.21 m
71.9 -2287.903 l
S
0.898 0.902 0.906 SC
72.366 -2360.21 m
72.366 -2287.903 l
S
0.902 0.906 0.91 SC
72.833 -2360.21 m
72.833 -2287.903 l
S
0.906 0.91 0.914 SC
73.299 -2360.21 m
73.299 -2287.903 l
S
0.91 0.914 0.918 SC
73.766 -2360.21 m
73.766 -2287.903 l
S
0.914 0.918 0.922 SC
74.232 -2360.21 m
74.232 -2287.903 l
S
0.918 0.922 0.922 SC
74.699 -2360.21 m
74.699 -2287.903 l
S
0.922 0.922 0.925 SC
75.165 -2360.21 m
75.165 -2287.903 l
S
0.922 0.925 0.929 SC
75.632 -2360.21 m
75.632 -2287.903 l
S
0.925 0.929 0.933 SC
76.098 -2360.21 m
76.098 -2287.903 l
S
0.929 0.933 0.933 SC
76.565 -2360.21 m
76.565 -2287.903 l
S
0.933 0.937 0.937 SC
77.031 -2360.21 m
77.031 -2287.903 l
S
0.937 0.937 0.941 SC
77.498 -2360.21 m
77.498 -2287.903 l
S
0.941 0.941 0.945 SC
77.964 -2360.21 m
77.964 -2287.903 l
S
0.945 0.945 0.949 SC
78.431 -2360.21 m
78.431 -2287.903 l
S
0.945 0.949 0.949 SC
78.897 -2360.21 m
78.897 -2287.903 l
S
0.949 0.953 0.953 SC
79.364 -2360.21 m
79.364 -2287.903 l
S
0.953 0.957 0.957 SC
79.83 -2360.21 m
79.83 -2287.903 l
S
0.957 0.957 0.961 SC
80.297 -2360.21 m
80.297 -2287.903 l
S
0.961 0.961 0.965 SC
80.763 -2360.21 m
80.763 -2287.903 l
S
0.965 0.965 0.969 SC
81.23 -2360.21 m
81.23 -2287.903 l
S
0.969 0.969 0.969 SC
81.696 -2360.21 m
81.696 -2287.903 l
S
0.973 0.973 0.973 SC
82.163 -2360.21 m
82.163 -2287.903 l
S
0.976 0.976 0.976 SC
82.629 -2360.21 m
82.629 -2287.903 l
S
0.98 0.98 0.984 SC
83.096 -2360.21 m
83.096 -2287.903 l
S
0.988 0.988 0.988 SC
83.562 -2360.21 m
83.562 -2287.903 l
S
0.992 0.992 0.992 SC
84.029 -2360.21 m
84.029 -2287.903 l
S
1 1 1 SC
84.495 -2360.21 m
84.495 -2287.903 l
S
Q
Q
q
1 i 
-9 851 613 -860 re
0 841 m
W n
0.03 841.02 595.02 -841.02 re
W n
/Cs5 cs 0.161 0.145 0.149 sc
/GS1 gs
0.03 841.02 35.4 -6.11 re
f
/Cs5 CS 0.161 0.145 0.149 SC
0 J 0 j 0.3 w 10 M []0 d
28.347 841.076 m
28.347 805.006 l
S
286.3 22.8 22.68 -22.8 re
f
BT
/F1 1 Tf
10 0 0 10 289.2992 7.7671 Tm
1 1 1 sc
-0.0002 Tc
0 Tw
(644)Tj
/F3 1 Tf
7 0 0 7 35.4331 17.5374 Tm
0.161 0.145 0.149 sc
-0.0001 Tc
-0.0306 Tw
[(Swissmedic Jour)-17.9(nal)-1111.9(9/2002)]TJ
/F2 1 Tf
10 0 0 10 85.0394 763.6339 Tm
-0.0336 Tw
[(02)-1044.2(Allergodil Nasenspray)54.8(, Lösung)]TJ
/F5 1 Tf
0 -1.4174 TD
0 Tc
0 Tw
(V)Tj
0.6492 0 TD
-0.0001 Tc
-0.0306 Tw
[(iatris GmbH, Hegnaustrasse 60, 8602 W)17.7(angen)]TJ
ET
0.4 w 
85.04 741.51 m
552.76 741.51 l
85.04 723.82 m
552.76 723.82 l
S
BT
10 0 0 10 85.0394 729.1213 Tm
-0.0002 Tc
0 Tw
[(Zul.-Nr)91.6(.: )]TJ
/F2 1 Tf
3.8771 0 TD
(51257)Tj
/F5 1 Tf
8.8788 0 TD
0 Tc
(V)Tj
0.6301 0 TD
-0.0001 Tc
(erkaufsart: )Tj
/F2 1 Tf
5.3041 0 TD
0 Tc
(B)Tj
/F5 1 Tf
6.8216 0 TD
-0.0001 Tc
-0.0306 Tw
[(Index: 12.02.7.)-9563.5(03.09.2002)]TJ
-25.5118 -2.2428 TD
[(* Zusammensetzung:)-117.9(02)]TJ
8.3 0 0 8.3 198.4252 706.6931 Tm
[(AZELASTINI HYDROCHLORIDUM 0.14)-278.1(mg pro DOSI, EXCIPIENS ad SOLUTIONEM.)]TJ
10 0 0 10 85.0394 692.5195 Tm
-0.0002 Tc
[(Anwendung:)-5285.3(Allergische Rhinitis)]TJ
0 -1.4174 TD
0 Tw
[(Packung:)-5699.5(02)-305.7(022)-7141.9(1)0(0)-567.1(m)-0.1(L)-12217.6(B)]TJ
T*
-0.0001 Tc
-0.0306 Tw
[(* Bemerkung:)-4868.8(Ersetzt die Registrierungsurkunde vom 20.08.2002)]TJ
T*
[(Gültig bis:)-6647.8(31. Dezember 2003)]TJ
ET
85.04 641.58 m
552.76 641.58 l
S
BT
/F2 1 Tf
10 0 0 10 85.0394 605.5892 Tm
-0.0336 Tw
[(01)-1044.2(Allopurinol Helvepharm 100)-306(mg, T)98.8(abletten)]TJ
0 -1.2835 TD
[(02)-1044.2(Allopurinol Helvepharm 300)-306(mg, T)98.8(abletten)]TJ
/F5 1 Tf
0 -1.4174 TD
-0.0306 Tw
[(Helvepharm AG, W)17.7(alzmühlestrasse 60, 8500 Frauenfeld)]TJ
ET
85.04 570.63 m
552.76 570.63 l
85.04 552.94 m
552.76 552.94 l
S
BT
10 0 0 10 85.0394 558.2419 Tm
-0.0002 Tc
0 Tw
[(Zul.-Nr)91.6(.: )]TJ
/F2 1 Tf
3.8771 0 TD
(56050)Tj
/F5 1 Tf
8.8788 0 TD
0 Tc
(V)Tj
0.6301 0 TD
-0.0001 Tc
(erkaufsart: )Tj
/F2 1 Tf
5.3041 0 TD
0 Tc
(B)Tj
/F5 1 Tf
6.8216 0 TD
-0.0001 Tc
-0.0306 Tw
[(Index: 07.11.3.)-9563.5(25.09.2002)]TJ
-25.5118 -2.2428 TD
0 Tw
[(Zusammensetzung:)-921.1(01)]TJ
8.3 0 0 8.3 198.4252 535.8138 Tm
-0.0306 Tw
[(ALLOPURINOLUM 100)-278.1(mg, EXCIPIENS pro COMPRESSO.)]TJ
10 0 0 10 184.252 521.6402 Tm
-0.0002 Tc
0 Tw
(02)Tj
8.3 0 0 8.3 198.4252 521.6402 Tm
-0.0001 Tc
-0.0306 Tw
[(ALLOPURINOLUM 300)-278.1(mg, EXCIPIENS pro COMPRESSO.)]TJ
10 0 0 10 85.0394 507.4665 Tm
0 Tw
[(Anwendung:)-5285.2(Urikostatikum)]TJ
0 -1.4174 TD
[(Packungen:)-4532.7(01)-305.6(001)-7141.8(5)0.1(0)-567(T)74(abletten)-9179.4(B)]TJ
9.9213 -1.4174 TD
[(02)-305.6(003)-7141.8(3)0.1(0)-567(T)74(abletten)-9179.4(B)]TJ
1.4173 -1.4174 TD
[(005)-6585.9(1)0.1(00)-567.1(T)74(abletten)-9179.4(B)]TJ
-11.3386 -1.4174 TD
-0.0306 Tw
[(* Gültig bis:)-5844.6(24. September 2007)]TJ
ET
85.04 442.36 m
552.76 442.36 l
S
BT
/F2 1 Tf
10 0 0 10 85.0394 406.3626 Tm
-0.0336 Tw
[(01)-1044.2(Antistin-Privin, Augentr)17.7(opfen)]TJ
/F5 1 Tf
T*
-0.0306 Tw
(Novartis Ophthalmics AG, Riethofstrasse 1, 8442 Hettlingen)Tj
ET
85.04 384.24 m
552.76 384.24 l
85.04 366.55 m
552.76 366.55 l
S
BT
10 0 0 10 85.0394 371.8499 Tm
-0.0002 Tc
0 Tw
[(Zul.-Nr)91.6(.: )]TJ
/F2 1 Tf
3.8771 0 TD
(33617)Tj
/F5 1 Tf
8.8788 0 TD
0 Tc
(V)Tj
0.6301 0 TD
-0.0001 Tc
(erkaufsart: )Tj
/F2 1 Tf
5.3041 0 TD
0 Tc
(C)Tj
/F5 1 Tf
6.8216 0 TD
-0.0001 Tc
-0.0306 Tw
[(Index: 11.06.2.)-9563.5(10.09.2002)]TJ
-25.5118 -2.2428 TD
0 Tw
[(Zusammensetzung:)-921.1(01)]TJ
8.3 0 0 8.3 198.4252 349.4218 Tm
-0.0481 Tw
[(ANT)54.7(AZOLINI SULF)36.7(AS 5)-278.1(mg, NAPHAZOLINI NITRAS 0.25)-278.1(mg, CONSER)17.7(V)91.5(.: BENZALKONII CHLORI-)]TJ
0 -1.3661 TD
-0.0306 Tw
[(DUM, EXCIPIENS ad SOLUTIONEM pro 1)-278.1(mL. )]TJ
10 0 0 10 85.0394 323.9092 Tm
[(Anwendung:)-5285.2(Allergische Konjunktivitis)]TJ
0 -1.4174 TD
-0.0002 Tc
0 Tw
[(Packung:)-5699.5(01)-305.7(011)-7141.9(1)0(0)-567.1(m)-0.1(L)-12217.6(C)]TJ
T*
-0.0001 Tc
-0.0306 Tw
[(* Gültig bis:)-5844.6(09. September 2007)]TJ
ET
85.04 287.15 m
552.76 287.15 l
S
BT
/F2 1 Tf
10 0 0 10 85.0394 251.1525 Tm
-0.0336 Tw
[(01)-1044.2(Asacol 400, comprimés pelliculés)]TJ
0 -1.2835 TD
[(02)-1044.2(Asacol 800, comprimés pelliculés)]TJ
/F5 1 Tf
0 -1.4174 TD
-0.0306 Tw
[(* Sanofi-Synthélabo \(Suisse\) SA, 11, rue de V)36.7(eyrot, 1217 Meyrin)]TJ
ET
85.04 216.19 m
552.76 216.19 l
85.04 198.5 m
552.76 198.5 l
S
BT
10 0 0 10 85.0394 203.8052 Tm
-0.0002 Tc
0 Tw
[(N°)-247.4(AMM: )]TJ
/F2 1 Tf
4.5038 0 TD
(46062)Tj
/F5 1 Tf
8.2521 0 TD
-0.0001 Tc
-0.0306 Tw
(Mode de vente: )Tj
/F2 1 Tf
7.5194 0 TD
0 Tc
0 Tw
(B)Tj
/F5 1 Tf
5.2365 0 TD
-0.0001 Tc
-0.0306 Tw
[(Index: 04.09.0.)-9563.5(01.09.2002)]TJ
-25.5118 -2.2428 TD
-0.0002 Tc
0 Tw
[(Composition:)-3756.2(01)]TJ
8.3 0 0 8.3 198.4252 181.3771 Tm
-0.0001 Tc
-0.0306 Tw
[(MESALAZINUM 400)-278.1(mg, EXCIPIENS pro COMPRESSO OBDUCTO.)]TJ
10 0 0 10 184.252 167.2035 Tm
-0.0002 Tc
0 Tw
(02)Tj
8.3 0 0 8.3 198.4252 167.2035 Tm
-0.0001 Tc
-0.0306 Tw
[(MESALAZINUM 800)-278.1(mg, EXCIPIENS pro COMPRESSO OBDUCTO.)]TJ
10 0 0 10 85.0394 153.0299 Tm
-0.0002 Tc
[(Indication:)-6395.4(Colite ulcéreuse)]TJ
0 -1.4174 TD
-0.0001 Tc
0 Tw
[(Conditionnements:)-1033.7(01)-305.6(019)-6585.9(1)0.1(00)-567.1(comprimés)-8551.5(B)]TJ
9.9213 -1.4174 TD
[(02)-305.6(027)-7141.8(4)0.1(8)-567(comprimés)-8551.5(B)]TJ
-9.9213 -1.4174 TD
-0.0102 Tw
[(* )20.4(Remarques:)-5090.7(Cette attestation d’enregistrement annule celle du 03.11.1999 \(Changement)]TJ
11.3386 -1.1339 TD
-0.0306 Tw
(de titulaire de l’AMM\))Tj
-11.3386 -1.4174 TD
-0.0488 Tc
0 Tw
(Va)Tj
1.174 0 TD
-0.0001 Tc
-0.0306 Tw
[(lable jusqu’au:)-3417.3(31 décembre 2004)]TJ
ET
85.04 76.58 m
552.76 76.58 l
S
Q

q
1 i 
-9 851 613 -860 re
0 841 m
W n
0.03 841.02 595.02 -841.02 re
W n
BT
/F4 1 Tf
12.5 0 0 12.5 285.8058 811.7825 Tm
/Cs5 cs 0.161 0.145 0.149 sc
/GS1 gs
-0.0001 Tc
-0.0286 Tw
[(Arzneimittel Statistik)-130(/)-129.9(M)0.1(édicaments miscellanées)]TJ
ET
/Cs5 CS 0.161 0.145 0.149 SC
0 J 0 j 0.3 w 10 M []0 d
42.8 805.15 m
567.2 805.15 l
S
Q
q
1 i 
361.69 850.5 198.43 -24.09 re
560.097 811.782 m
W* n
-9 851 613 -860 re
0 841 m
W n
0.03 841.02 595.02 -841.02 re
W n
q
2.7718 0 0 -0.3608 0 0 cm
/Cs5 CS 1 1 1 SC
0 J 0 j 0.5 w 10 M []0 d
/GS1 gs
130.36 -2360.21 m
130.36 -2287.903 l
S
0.992 0.992 0.992 SC
130.827 -2360.21 m
130.827 -2287.903 l
S
0.988 0.988 0.988 SC
131.293 -2360.21 m
131.293 -2287.903 l
S
0.98 0.98 0.984 SC
131.76 -2360.21 m
131.76 -2287.903 l
S
0.976 0.976 0.976 SC
132.226 -2360.21 m
132.226 -2287.903 l
S
0.973 0.973 0.973 SC
132.693 -2360.21 m
132.693 -2287.903 l
S
0.969 0.969 0.969 SC
133.159 -2360.21 m
133.159 -2287.903 l
S
0.965 0.965 0.969 SC
133.626 -2360.21 m
133.626 -2287.903 l
S
0.961 0.961 0.965 SC
134.092 -2360.21 m
134.092 -2287.903 l
S
0.957 0.957 0.961 SC
134.559 -2360.21 m
134.559 -2287.903 l
S
0.953 0.957 0.957 SC
135.025 -2360.21 m
135.025 -2287.903 l
S
0.949 0.953 0.953 SC
135.492 -2360.21 m
135.492 -2287.903 l
S
0.945 0.949 0.949 SC
135.958 -2360.21 m
135.958 -2287.903 l
S
0.945 0.945 0.949 SC
136.425 -2360.21 m
136.425 -2287.903 l
S
0.941 0.941 0.945 SC
136.891 -2360.21 m
136.891 -2287.903 l
S
0.937 0.937 0.941 SC
137.358 -2360.21 m
137.358 -2287.903 l
S
0.933 0.937 0.937 SC
137.824 -2360.21 m
137.824 -2287.903 l
S
0.929 0.933 0.933 SC
138.291 -2360.21 m
138.291 -2287.903 l
S
0.925 0.929 0.933 SC
138.757 -2360.21 m
138.757 -2287.903 l
S
0.922 0.925 0.929 SC
139.224 -2360.21 m
139.224 -2287.903 l
S
0.922 0.922 0.925 SC
139.69 -2360.21 m
139.69 -2287.903 l
S
0.918 0.922 0.922 SC
140.157 -2360.21 m
140.157 -2287.903 l
S
0.914 0.918 0.922 SC
140.623 -2360.21 m
140.623 -2287.903 l
S
0.91 0.914 0.918 SC
141.09 -2360.21 m
141.09 -2287.903 l
S
0.906 0.91 0.914 SC
141.556 -2360.21 m
141.556 -2287.903 l
S
0.902 0.906 0.91 SC
142.023 -2360.21 m
142.023 -2287.903 l
S
0.898 0.902 0.906 SC
142.489 -2360.21 m
142.489 -2287.903 l
S
0.898 0.898 0.902 SC
142.956 -2360.21 m
142.956 -2287.903 l
S
0.894 0.898 0.902 SC
143.422 -2360.21 m
143.422 -2287.903 l
S
0.89 0.894 0.898 SC
143.889 -2360.21 m
143.889 -2287.903 l
S
0.886 0.89 0.894 SC
144.355 -2360.21 m
144.355 -2287.903 l
S
0.882 0.886 0.89 SC
144.822 -2360.21 m
144.822 -2287.903 l
S
0.878 0.882 0.89 SC
145.288 -2360.21 m
145.288 -2287.903 l
S
0.875 0.882 0.886 SC
145.755 -2360.21 m
145.755 -2287.903 l
S
0.875 0.878 0.882 SC
146.221 -2360.21 m
146.221 -2287.903 l
S
0.871 0.875 0.878 SC
146.688 -2360.21 m
146.688 -2287.903 l
S
0.867 0.871 0.875 SC
147.154 -2360.21 m
147.154 -2287.903 l
S
0.863 0.867 0.875 SC
147.621 -2360.21 m
147.621 -2287.903 l
S
0.859 0.863 0.871 SC
148.087 -2360.21 m
148.087 -2287.903 l
S
0.855 0.863 0.867 SC
148.554 -2360.21 m
148.554 -2287.903 l
S
0.855 0.859 0.863 SC
149.02 -2360.21 m
149.02 -2287.903 l
S
0.851 0.855 0.859 SC
149.487 -2360.21 m
149.487 -2287.903 l
S
0.847 0.851 0.859 SC
149.953 -2360.21 m
149.953 -2287.903 l
S
0.843 0.847 0.855 SC
150.42 -2360.21 m
150.42 -2287.903 l
S
0.839 0.847 0.851 SC
150.886 -2360.21 m
150.886 -2287.903 l
S
0.835 0.843 0.847 SC
151.353 -2360.21 m
151.353 -2287.903 l
S
0.835 0.839 0.843 SC
151.819 -2360.21 m
151.819 -2287.903 l
S
0.831 0.835 0.843 SC
152.286 -2360.21 m
152.286 -2287.903 l
S
0.827 0.831 0.839 SC
152.752 -2360.21 m
152.752 -2287.903 l
S
0.824 0.831 0.835 SC
153.219 -2360.21 m
153.219 -2287.903 l
S
0.82 0.827 0.831 SC
153.685 -2360.21 m
153.685 -2287.903 l
S
0.816 0.824 0.831 SC
154.152 -2360.21 m
154.152 -2287.903 l
S
0.816 0.82 0.827 SC
154.618 -2360.21 m
154.618 -2287.903 l
S
0.812 0.816 0.824 SC
155.085 -2360.21 m
155.085 -2287.903 l
S
0.808 0.812 0.82 SC
155.551 -2360.21 m
155.551 -2287.903 l
S
0.804 0.812 0.816 SC
156.018 -2360.21 m
156.018 -2287.903 l
S
0.8 0.808 0.816 SC
156.484 -2360.21 m
156.484 -2287.903 l
S
0.796 0.804 0.812 SC
156.951 -2360.21 m
156.951 -2287.903 l
S
0.796 0.8 0.808 SC
157.417 -2360.21 m
157.417 -2287.903 l
S
0.792 0.796 0.804 SC
157.884 -2360.21 m
157.884 -2287.903 l
S
0.788 0.796 0.8 SC
158.35 -2360.21 m
158.35 -2287.903 l
S
0.784 0.792 0.8 SC
158.817 -2360.21 m
158.817 -2287.903 l
S
0.78 0.788 0.796 SC
159.283 -2360.21 m
159.283 -2287.903 l
S
0.776 0.784 0.792 SC
159.75 -2360.21 m
159.75 -2287.903 l
S
0.776 0.78 0.788 SC
160.216 -2360.21 m
160.216 -2287.903 l
S
0.773 0.776 0.784 SC
160.683 -2360.21 m
160.683 -2287.903 l
S
0.769 0.776 0.784 SC
161.149 -2360.21 m
161.149 -2287.903 l
S
0.765 0.773 0.78 SC
161.616 -2360.21 m
161.616 -2287.903 l
S
0.761 0.769 0.776 SC
162.082 -2360.21 m
162.082 -2287.903 l
S
0.757 0.765 0.773 SC
162.549 -2360.21 m
162.549 -2287.903 l
S
0.753 0.761 0.769 SC
163.015 -2360.21 m
163.015 -2287.903 l
163.482 -2360.21 m
163.482 -2287.903 l
S
0.749 0.757 0.765 SC
163.948 -2360.21 m
163.948 -2287.903 l
S
0.745 0.753 0.761 SC
164.415 -2360.21 m
164.415 -2287.903 l
S
0.741 0.749 0.757 SC
164.881 -2360.21 m
164.881 -2287.903 l
S
0.737 0.745 0.753 SC
165.348 -2360.21 m
165.348 -2287.903 l
S
0.733 0.741 0.753 SC
165.814 -2360.21 m
165.814 -2287.903 l
S
0.733 0.741 0.749 SC
166.281 -2360.21 m
166.281 -2287.903 l
166.747 -2360.21 m
166.747 -2287.903 l
S
0.729 0.737 0.745 SC
167.214 -2360.21 m
167.214 -2287.903 l
S
0.725 0.733 0.741 SC
167.68 -2360.21 m
167.68 -2287.903 l
S
0.722 0.729 0.737 SC
168.147 -2360.21 m
168.147 -2287.903 l
S
0.718 0.725 0.737 SC
168.613 -2360.21 m
168.613 -2287.903 l
S
0.714 0.722 0.733 SC
169.08 -2360.21 m
169.08 -2287.903 l
S
0.714 0.722 0.729 SC
169.546 -2360.21 m
169.546 -2287.903 l
S
0.71 0.718 0.725 SC
170.013 -2360.21 m
170.013 -2287.903 l
S
0.706 0.714 0.722 SC
170.479 -2360.21 m
170.479 -2287.903 l
S
0.702 0.71 0.722 SC
170.946 -2360.21 m
170.946 -2287.903 l
S
0.698 0.706 0.718 SC
171.412 -2360.21 m
171.412 -2287.903 l
S
0.698 0.706 0.714 SC
171.879 -2360.21 m
171.879 -2287.903 l
S
0.694 0.702 0.71 SC
172.345 -2360.21 m
172.345 -2287.903 l
S
0.69 0.698 0.706 SC
172.812 -2360.21 m
172.812 -2287.903 l
S
0.686 0.694 0.706 SC
173.278 -2360.21 m
173.278 -2287.903 l
S
0.682 0.69 0.702 SC
173.745 -2360.21 m
173.745 -2287.903 l
S
0.682 0.69 0.698 SC
174.211 -2360.21 m
174.211 -2287.903 l
S
0.678 0.686 0.694 SC
174.678 -2360.21 m
174.678 -2287.903 l
S
0.675 0.682 0.69 SC
175.144 -2360.21 m
175.144 -2287.903 l
S
0.671 0.678 0.69 SC
175.611 -2360.21 m
175.611 -2287.903 l
S
0.667 0.675 0.686 SC
176.077 -2360.21 m
176.077 -2287.903 l
S
0.663 0.675 0.682 SC
176.544 -2360.21 m
176.544 -2287.903 l
S
0.663 0.671 0.678 SC
177.01 -2360.21 m
177.01 -2287.903 l
S
0.659 0.667 0.678 SC
177.477 -2360.21 m
177.477 -2287.903 l
S
0.655 0.663 0.675 SC
177.943 -2360.21 m
177.943 -2287.903 l
S
0.651 0.659 0.671 SC
178.41 -2360.21 m
178.41 -2287.903 l
S
0.651 0.659 0.667 SC
178.876 -2360.21 m
178.876 -2287.903 l
S
0.647 0.655 0.663 SC
179.343 -2360.21 m
179.343 -2287.903 l
S
0.643 0.651 0.663 SC
179.809 -2360.21 m
179.809 -2287.903 l
S
0.639 0.647 0.659 SC
180.276 -2360.21 m
180.276 -2287.903 l
S
0.635 0.643 0.655 SC
180.742 -2360.21 m
180.742 -2287.903 l
S
0.635 0.643 0.651 SC
181.209 -2360.21 m
181.209 -2287.903 l
S
0.631 0.639 0.647 SC
181.675 -2360.21 m
181.675 -2287.903 l
S
0.627 0.635 0.647 SC
182.142 -2360.21 m
182.142 -2287.903 l
S
0.624 0.631 0.643 SC
182.608 -2360.21 m
182.608 -2287.903 l
S
0.62 0.631 0.639 SC
183.075 -2360.21 m
183.075 -2287.903 l
S
0.62 0.627 0.635 SC
183.541 -2360.21 m
183.541 -2287.903 l
S
0.616 0.624 0.635 SC
184.008 -2360.21 m
184.008 -2287.903 l
S
0.612 0.62 0.631 SC
184.474 -2360.21 m
184.474 -2287.903 l
S
0.608 0.616 0.627 SC
184.941 -2360.21 m
184.941 -2287.903 l
S
0.608 0.616 0.624 SC
185.407 -2360.21 m
185.407 -2287.903 l
S
0.604 0.612 0.624 SC
185.874 -2360.21 m
185.874 -2287.903 l
S
0.6 0.608 0.62 SC
186.34 -2360.21 m
186.34 -2287.903 l
S
0.596 0.604 0.616 SC
186.806 -2360.21 m
186.806 -2287.903 l
S
0.596 0.604 0.612 SC
187.273 -2360.21 m
187.273 -2287.903 l
S
0.592 0.6 0.608 SC
187.739 -2360.21 m
187.739 -2287.903 l
S
0.588 0.596 0.608 SC
188.206 -2360.21 m
188.206 -2287.903 l
S
0.584 0.592 0.604 SC
188.672 -2360.21 m
188.672 -2287.903 l
S
0.584 0.592 0.6 SC
189.139 -2360.21 m
189.139 -2287.903 l
S
0.58 0.588 0.596 SC
189.605 -2360.21 m
189.605 -2287.903 l
S
0.576 0.584 0.596 SC
190.072 -2360.21 m
190.072 -2287.903 l
S
0.573 0.58 0.592 SC
190.538 -2360.21 m
190.538 -2287.903 l
S
0.573 0.58 0.588 SC
191.005 -2360.21 m
191.005 -2287.903 l
S
0.569 0.576 0.588 SC
191.471 -2360.21 m
191.471 -2287.903 l
S
0.565 0.573 0.584 SC
191.938 -2360.21 m
191.938 -2287.903 l
S
0.561 0.569 0.58 SC
192.404 -2360.21 m
192.404 -2287.903 l
S
0.561 0.569 0.576 SC
192.871 -2360.21 m
192.871 -2287.903 l
S
0.557 0.565 0.576 SC
193.337 -2360.21 m
193.337 -2287.903 l
S
0.553 0.561 0.573 SC
193.804 -2360.21 m
193.804 -2287.903 l
S
0.549 0.557 0.569 SC
194.27 -2360.21 m
194.27 -2287.903 l
S
0.549 0.557 0.565 SC
194.737 -2360.21 m
194.737 -2287.903 l
S
0.545 0.553 0.565 SC
195.203 -2360.21 m
195.203 -2287.903 l
S
0.541 0.549 0.561 SC
195.67 -2360.21 m
195.67 -2287.903 l
S
0.537 0.545 0.557 SC
196.136 -2360.21 m
196.136 -2287.903 l
S
0.537 0.545 0.553 SC
196.603 -2360.21 m
196.603 -2287.903 l
S
0.533 0.541 0.553 SC
197.069 -2360.21 m
197.069 -2287.903 l
S
0.529 0.537 0.549 SC
197.536 -2360.21 m
197.536 -2287.903 l
S
0.529 0.533 0.545 SC
198.002 -2360.21 m
198.002 -2287.903 l
S
0.525 0.533 0.541 SC
198.469 -2360.21 m
198.469 -2287.903 l
S
0.522 0.529 0.541 SC
198.935 -2360.21 m
198.935 -2287.903 l
S
0.518 0.525 0.537 SC
199.402 -2360.21 m
199.402 -2287.903 l
S
0.518 0.525 0.533 SC
199.868 -2360.21 m
199.868 -2287.903 l
S
0.514 0.522 0.529 SC
200.335 -2360.21 m
200.335 -2287.903 l
S
0.51 0.518 0.529 SC
200.801 -2360.21 m
200.801 -2287.903 l
S
0.51 0.514 0.525 SC
201.268 -2360.21 m
201.268 -2287.903 l
S
0.506 0.514 0.522 SC
201.734 -2360.21 m
201.734 -2287.903 l
S
0.502 0.51 0.518 SC
202.201 -2360.21 m
202.201 -2287.903 l
S
Q
Q
q
1 i 
-9 851 613 -860 re
0 841 m
W n
0.03 841.02 595.02 -841.02 re
W n
/Cs5 cs 0.161 0.145 0.149 sc
/GS1 gs
560.12 841.02 34.93 -6.11 re
f
/Cs5 CS 0.161 0.145 0.149 SC
0 J 0 j 0.3 w 10 M []0 d
567.202 840.678 m
567.202 804.948 l
S
286.57 22.8 22.68 -22.8 re
f
BT
/F1 1 Tf
10 0 0 10 289.5747 7.7671 Tm
1 1 1 sc
-0.0002 Tc
0 Tw
(645)Tj
/F3 1 Tf
7 0 0 7 473.8676 17.5374 Tm
0.161 0.145 0.149 sc
-0.0001 Tc
-0.0306 Tw
[(Swissmedic Jour)-17.9(nal)-1111.9(9/2002)]TJ
/F2 1 Tf
10 0 0 10 42.7953 763.6339 Tm
-0.0336 Tw
[(01)-1044.2(Asacol 500)-306(mg, suppositoir)17.7(es)]TJ
/F5 1 Tf
0 -1.4174 TD
-0.0306 Tw
[(* Sanofi-Synthélabo \(Suisse\) SA, 11, rue de V)36.7(eyrot, 1217 Meyrin)]TJ
ET
0.4 w 
42.8 741.51 m
510.51 741.51 l
42.8 723.82 m
510.51 723.82 l
S
BT
10 0 0 10 42.7953 729.1213 Tm
-0.0002 Tc
0 Tw
[(N°)-247.4(AMM: )]TJ
/F2 1 Tf
4.5038 0 TD
(49461)Tj
/F5 1 Tf
8.2521 0 TD
-0.0001 Tc
-0.0306 Tw
(Mode de vente: )Tj
/F2 1 Tf
7.5194 0 TD
0 Tc
0 Tw
(B)Tj
/F5 1 Tf
5.2365 0 TD
-0.0001 Tc
-0.0306 Tw
[(Index: 04.09.0.)-9563.5(01.09.2002)]TJ
-25.5118 -2.2428 TD
-0.0002 Tc
0 Tw
[(Composition:)-3756.2(01)]TJ
8.3 0 0 8.3 156.1811 706.6931 Tm
-0.0001 Tc
-0.0306 Tw
[(MESALAZINUM 500)-278.1(mg, EXCIPIENS pro SUPPOSITORIO.)]TJ
10 0 0 10 42.7953 692.5195 Tm
-0.0002 Tc
[(Indication:)-6395.4(Colite ulcéreuse)]TJ
0 -1.4174 TD
-0.0001 Tc
0 Tw
[(Conditionnements:)-1033.7(01)-305.6(011)-7141.8(2)0.1(0)-567(s)0.1(uppositoires)-7496.1(B)]TJ
11.3386 -1.4174 TD
[(038)-7141.8(5)0.1(0)-567(s)0.1(uppositoires)-7496.1(B)]TJ
-11.3386 -1.4174 TD
-0.0101 Tw
[(* )20.5(Remarques:)-5090.7(Cette attestation d’enregistrement annule celle du 22.10.1999 \(Changement)]TJ
11.3386 -1.1339 TD
-0.0002 Tc
-0.0305 Tw
(de titulaire de l’AMM\))Tj
-11.3386 -1.4174 TD
-0.0488 Tc
0 Tw
(Va)Tj
1.174 0 TD
-0.0001 Tc
-0.0306 Tw
[(lable jusqu’au:)-3417.3(31 décembre 2002)]TJ
ET
42.8 616.07 m
510.51 616.07 l
S
BT
/F2 1 Tf
10 0 0 10 42.7953 580.0765 Tm
-0.0336 Tw
[(01)-1044.2(Asacol lavements 2)-306(g, mousse r)17.7(ectale)]TJ
0 -1.2835 TD
[(02)-1044.2(Asacol lavements 4)-306(g, mousse r)17.7(ectale)]TJ
/F5 1 Tf
0 -1.4174 TD
-0.0306 Tw
[(* Sanofi-Synthélabo \(Suisse\) SA, 11, rue de V)36.7(eyrot, 1217 Meyrin)]TJ
ET
42.8 545.12 m
510.51 545.12 l
42.8 527.43 m
510.51 527.43 l
S
BT
10 0 0 10 42.7953 532.7293 Tm
-0.0002 Tc
0 Tw
[(N°)-247.4(AMM: )]TJ
/F2 1 Tf
4.5038 0 TD
(51691)Tj
/F5 1 Tf
8.2521 0 TD
-0.0001 Tc
-0.0306 Tw
(Mode de vente: )Tj
/F2 1 Tf
7.5194 0 TD
0 Tc
0 Tw
(B)Tj
/F5 1 Tf
5.2365 0 TD
-0.0001 Tc
-0.0306 Tw
[(Index: 04.09.0.)-9563.5(01.09.2002)]TJ
-25.5118 -2.2428 TD
-0.0002 Tc
0 Tw
[(Composition:)-3756.2(01)]TJ
8.3 0 0 8.3 156.1811 510.3011 Tm
-0.0001 Tc
-0.1092 Tw
[(MESALAZINUM 2)-278.1(g)0.1( pro DOSI, ANTIOX.: E)-278.1(224, CONSER)17.7(V)91.5(.: E)-278.1(211, EXCIPIENS ad SUSPENSIONEM,)]TJ
0 -1.3661 TD
0 Tw
(PROPELLENTIA.)Tj
10 0 0 10 142.0079 484.7885 Tm
-0.0002 Tc
(02)Tj
8.3 0 0 8.3 156.1811 484.7885 Tm
-0.0001 Tc
-0.1092 Tw
[(MESALAZINUM 4)-278.1(g)0.1( pro DOSI, ANTIOX.: E)-278.1(224, CONSER)17.7(V)91.5(.: E)-278.1(211, EXCIPIENS ad SUSPENSIONEM,)]TJ
T*
0 Tw
(PROPELLENTIA.)Tj
10 0 0 10 42.7953 459.2759 Tm
-0.0002 Tc
-0.0305 Tw
[(Indication:)-6395.4(Colite ulcéreuse)]TJ
0 -1.4174 TD
-0.0001 Tc
[(Conditionnements:)-1033.7(01)-305.6(016)-5258.5(7)0( x 2)-278.1(g)-14173.2(B)]TJ
9.9213 -1.4174 TD
-0.0002 Tc
[(02)-305.7(024)-5258.6(7)-0.1( x 4)-278.2(g)-14173.3(B)]TJ
-9.9213 -1.4174 TD
-0.0001 Tc
-0.0101 Tw
[(* )20.5(Remarques:)-5090.7(Cette attestation d’enregistrement annule celle du 22.10.1999 \(Changement)]TJ
11.3386 -1.1339 TD
-0.0002 Tc
-0.0305 Tw
(de titulaire de l’AMM\))Tj
-11.3386 -1.4174 TD
-0.0488 Tc
0 Tw
(Va)Tj
1.174 0 TD
-0.0001 Tc
-0.0306 Tw
[(lable jusqu’au:)-3417.3(31 décembre 2003)]TJ
ET
42.8 382.83 m
510.51 382.83 l
S
BT
/F2 1 Tf
10 0 0 10 42.7953 346.833 Tm
-0.0336 Tw
[(01)-1044.2(Asacol lavements 2)-306(g)-0.1(, suspension r)17.7(ectale)]TJ
0 -1.2835 TD
[(02)-1044.2(Asacol lavements 4)-306(g)-0.1(, suspension r)17.7(ectale)]TJ
/F5 1 Tf
0 -1.4174 TD
-0.0306 Tw
[(* Sanofi-Synthélabo \(Suisse\) SA, 11, rue de V)36.7(eyrot, 1217 Meyrin)]TJ
ET
42.8 311.87 m
510.51 311.87 l
42.8 294.18 m
510.51 294.18 l
S
BT
10 0 0 10 42.7953 299.4857 Tm
-0.0002 Tc
0 Tw
[(N°)-247.4(AMM: )]TJ
/F2 1 Tf
4.5038 0 TD
(50732)Tj
/F5 1 Tf
8.2521 0 TD
-0.0001 Tc
-0.0306 Tw
(Mode de vente: )Tj
/F2 1 Tf
7.5194 0 TD
0 Tc
0 Tw
(B)Tj
/F5 1 Tf
5.2365 0 TD
-0.0001 Tc
-0.0306 Tw
[(Index: 04.09.0.)-9563.5(01.09.2002)]TJ
-25.5118 -2.2428 TD
-0.0002 Tc
0 Tw
[(Composition:)-3756.2(01)]TJ
8.3 0 0 8.3 156.1811 277.0576 Tm
-0.0001 Tc
-0.0593 Tw
[(MESALAZINUM 2)-278.1(g, ANTIOX.: E)-278.1(224, CONSER)17.7(V)91.5(.: E)-278.1(211, EXCIPIENS ad SOLUTIONEM pro 50)-278.1(mL. )]TJ
10 0 0 10 142.0079 262.884 Tm
-0.0002 Tc
0 Tw
(02)Tj
8.3 0 0 8.3 156.1811 262.884 Tm
-0.0001 Tc
0.3045 Tw
[(MESALAZINUM 4)-278.1(g, ANTIOX.: E)-278.1(224, CONSER)17.7(V)91.5(.: E)-278.1(211, EXCIPIENS ad SOLUTIONEM pro)]TJ
0 -1.3661 TD
0 Tw
[(100)-278.1(mL. )]TJ
10 0 0 10 42.7953 237.3712 Tm
-0.0002 Tc
-0.0305 Tw
[(Indication:)-6395.4(Colite ulcéreuse)]TJ
0 -1.4174 TD
-0.0001 Tc
[(Conditionnements:)-1033.7(01)-305.6(010)-5591.4(7)0( x 50)-567(mL)-12217.5(B)]TJ
9.9213 -1.4174 TD
[(02)-305.6(029)-5035.5(7)0( x 100)-567(mL)-12217.5(B)]TJ
-9.9213 -1.4174 TD
-0.0101 Tw
[(* )20.5(Remarques:)-5090.7(Cette attestation d’enregistrement annule celle du 03.11.1999 \(Changement)]TJ
11.3386 -1.1339 TD
-0.0002 Tc
-0.0305 Tw
(de titulaire de l’AMM\))Tj
-11.3386 -1.4174 TD
-0.0488 Tc
0 Tw
(Va)Tj
1.174 0 TD
-0.0001 Tc
-0.0306 Tw
[(lable jusqu’au:)-3417.3(31 décembre 2004)]TJ
ET
42.8 160.92 m
510.51 160.92 l
S
Q

q
1 i 
-9 851 613 -860 re
0 841 m
W n
0.03 841.02 595.02 -841.02 re
W n
BT
/F4 1 Tf
12.5 0 0 12.5 34.4488 811.7822 Tm
/Cs5 cs 0.161 0.145 0.149 sc
/GS1 gs
-0.0001 Tc
-0.0286 Tw
[(Arzneimittel Statistik)-130(/)-129.9(M)0.1(édicaments miscellanées)]TJ
ET
/Cs5 CS 0.161 0.145 0.149 SC
0 J 0 j 0.3 w 10 M []0 d
28.35 805.15 m
552.76 805.15 l
S
Q
q
1 i 
35.43 850.5 198.43 -24.09 re
308.74 811.782 m
W* n
-9 851 613 -860 re
0 841 m
W n
0.03 841.02 595.02 -841.02 re
W n
q
2.7718 0 0 -0.3608 0 0 cm
/Cs5 CS 0.502 0.51 0.518 SC
0 J 0 j 0.5 w 10 M []0 d
/GS1 gs
12.655 -2360.21 m
12.655 -2287.903 l
S
0.506 0.514 0.522 SC
13.121 -2360.21 m
13.121 -2287.903 l
S
0.51 0.514 0.525 SC
13.588 -2360.21 m
13.588 -2287.903 l
S
0.51 0.518 0.529 SC
14.054 -2360.21 m
14.054 -2287.903 l
S
0.514 0.522 0.529 SC
14.521 -2360.21 m
14.521 -2287.903 l
S
0.518 0.525 0.533 SC
14.987 -2360.21 m
14.987 -2287.903 l
S
0.518 0.525 0.537 SC
15.454 -2360.21 m
15.454 -2287.903 l
S
0.522 0.529 0.541 SC
15.92 -2360.21 m
15.92 -2287.903 l
S
0.525 0.533 0.541 SC
16.387 -2360.21 m
16.387 -2287.903 l
S
0.529 0.533 0.545 SC
16.853 -2360.21 m
16.853 -2287.903 l
S
0.529 0.537 0.549 SC
17.32 -2360.21 m
17.32 -2287.903 l
S
0.533 0.541 0.553 SC
17.786 -2360.21 m
17.786 -2287.903 l
S
0.537 0.545 0.553 SC
18.253 -2360.21 m
18.253 -2287.903 l
S
0.537 0.545 0.557 SC
18.719 -2360.21 m
18.719 -2287.903 l
S
0.541 0.549 0.561 SC
19.186 -2360.21 m
19.186 -2287.903 l
S
0.545 0.553 0.565 SC
19.652 -2360.21 m
19.652 -2287.903 l
S
0.549 0.557 0.565 SC
20.119 -2360.21 m
20.119 -2287.903 l
S
0.549 0.557 0.569 SC
20.585 -2360.21 m
20.585 -2287.903 l
S
0.553 0.561 0.573 SC
21.052 -2360.21 m
21.052 -2287.903 l
S
0.557 0.565 0.576 SC
21.518 -2360.21 m
21.518 -2287.903 l
S
0.561 0.569 0.576 SC
21.985 -2360.21 m
21.985 -2287.903 l
S
0.561 0.569 0.58 SC
22.451 -2360.21 m
22.451 -2287.903 l
S
0.565 0.573 0.584 SC
22.918 -2360.21 m
22.918 -2287.903 l
S
0.569 0.576 0.588 SC
23.384 -2360.21 m
23.384 -2287.903 l
S
0.573 0.58 0.588 SC
23.851 -2360.21 m
23.851 -2287.903 l
S
0.573 0.58 0.592 SC
24.317 -2360.21 m
24.317 -2287.903 l
S
0.576 0.584 0.596 SC
24.784 -2360.21 m
24.784 -2287.903 l
S
0.58 0.588 0.596 SC
25.25 -2360.21 m
25.25 -2287.903 l
S
0.584 0.592 0.6 SC
25.717 -2360.21 m
25.717 -2287.903 l
S
0.584 0.592 0.604 SC
26.183 -2360.21 m
26.183 -2287.903 l
S
0.588 0.596 0.608 SC
26.65 -2360.21 m
26.65 -2287.903 l
S
0.592 0.6 0.608 SC
27.116 -2360.21 m
27.116 -2287.903 l
S
0.596 0.604 0.612 SC
27.583 -2360.21 m
27.583 -2287.903 l
S
0.596 0.604 0.616 SC
28.049 -2360.21 m
28.049 -2287.903 l
S
0.6 0.608 0.62 SC
28.516 -2360.21 m
28.516 -2287.903 l
S
0.604 0.612 0.624 SC
28.982 -2360.21 m
28.982 -2287.903 l
S
0.608 0.616 0.624 SC
29.449 -2360.21 m
29.449 -2287.903 l
S
0.608 0.616 0.627 SC
29.915 -2360.21 m
29.915 -2287.903 l
S
0.612 0.62 0.631 SC
30.382 -2360.21 m
30.382 -2287.903 l
S
0.616 0.624 0.635 SC
30.848 -2360.21 m
30.848 -2287.903 l
S
0.62 0.627 0.635 SC
31.315 -2360.21 m
31.315 -2287.903 l
S
0.62 0.631 0.639 SC
31.781 -2360.21 m
31.781 -2287.903 l
S
0.624 0.631 0.643 SC
32.248 -2360.21 m
32.248 -2287.903 l
S
0.627 0.635 0.647 SC
32.714 -2360.21 m
32.714 -2287.903 l
S
0.631 0.639 0.647 SC
33.181 -2360.21 m
33.181 -2287.903 l
S
0.635 0.643 0.651 SC
33.647 -2360.21 m
33.647 -2287.903 l
S
0.635 0.643 0.655 SC
34.113 -2360.21 m
34.113 -2287.903 l
S
0.639 0.647 0.659 SC
34.58 -2360.21 m
34.58 -2287.903 l
S
0.643 0.651 0.663 SC
35.046 -2360.21 m
35.046 -2287.903 l
S
0.647 0.655 0.663 SC
35.513 -2360.21 m
35.513 -2287.903 l
S
0.651 0.659 0.667 SC
35.979 -2360.21 m
35.979 -2287.903 l
S
0.651 0.659 0.671 SC
36.446 -2360.21 m
36.446 -2287.903 l
S
0.655 0.663 0.675 SC
36.912 -2360.21 m
36.912 -2287.903 l
S
0.659 0.667 0.678 SC
37.379 -2360.21 m
37.379 -2287.903 l
S
0.663 0.671 0.678 SC
37.845 -2360.21 m
37.845 -2287.903 l
S
0.663 0.675 0.682 SC
38.312 -2360.21 m
38.312 -2287.903 l
S
0.667 0.675 0.686 SC
38.778 -2360.21 m
38.778 -2287.903 l
S
0.671 0.678 0.69 SC
39.245 -2360.21 m
39.245 -2287.903 l
S
0.675 0.682 0.69 SC
39.711 -2360.21 m
39.711 -2287.903 l
S
0.678 0.686 0.694 SC
40.178 -2360.21 m
40.178 -2287.903 l
S
0.682 0.69 0.698 SC
40.644 -2360.21 m
40.644 -2287.903 l
S
0.682 0.69 0.702 SC
41.111 -2360.21 m
41.111 -2287.903 l
S
0.686 0.694 0.706 SC
41.577 -2360.21 m
41.577 -2287.903 l
S
0.69 0.698 0.706 SC
42.044 -2360.21 m
42.044 -2287.903 l
S
0.694 0.702 0.71 SC
42.51 -2360.21 m
42.51 -2287.903 l
S
0.698 0.706 0.714 SC
42.977 -2360.21 m
42.977 -2287.903 l
S
0.698 0.706 0.718 SC
43.443 -2360.21 m
43.443 -2287.903 l
S
0.702 0.71 0.722 SC
43.91 -2360.21 m
43.91 -2287.903 l
S
0.706 0.714 0.722 SC
44.376 -2360.21 m
44.376 -2287.903 l
S
0.71 0.718 0.725 SC
44.843 -2360.21 m
44.843 -2287.903 l
S
0.714 0.722 0.729 SC
45.309 -2360.21 m
45.309 -2287.903 l
S
0.714 0.722 0.733 SC
45.776 -2360.21 m
45.776 -2287.903 l
S
0.718 0.725 0.737 SC
46.242 -2360.21 m
46.242 -2287.903 l
S
0.722 0.729 0.737 SC
46.709 -2360.21 m
46.709 -2287.903 l
S
0.725 0.733 0.741 SC
47.175 -2360.21 m
47.175 -2287.903 l
S
0.729 0.737 0.745 SC
47.642 -2360.21 m
47.642 -2287.903 l
S
0.733 0.741 0.749 SC
48.108 -2360.21 m
48.108 -2287.903 l
S
0.733 0.741 0.753 SC
48.575 -2360.21 m
48.575 -2287.903 l
49.041 -2360.21 m
49.041 -2287.903 l
S
0.737 0.745 0.753 SC
49.508 -2360.21 m
49.508 -2287.903 l
S
0.741 0.749 0.757 SC
49.974 -2360.21 m
49.974 -2287.903 l
S
0.745 0.753 0.761 SC
50.441 -2360.21 m
50.441 -2287.903 l
S
0.749 0.757 0.765 SC
50.907 -2360.21 m
50.907 -2287.903 l
S
0.753 0.761 0.769 SC
51.374 -2360.21 m
51.374 -2287.903 l
51.84 -2360.21 m
51.84 -2287.903 l
S
0.757 0.765 0.773 SC
52.307 -2360.21 m
52.307 -2287.903 l
S
0.761 0.769 0.776 SC
52.773 -2360.21 m
52.773 -2287.903 l
S
0.765 0.773 0.78 SC
53.24 -2360.21 m
53.24 -2287.903 l
S
0.769 0.776 0.784 SC
53.706 -2360.21 m
53.706 -2287.903 l
S
0.773 0.776 0.784 SC
54.173 -2360.21 m
54.173 -2287.903 l
S
0.776 0.78 0.788 SC
54.639 -2360.21 m
54.639 -2287.903 l
S
0.776 0.784 0.792 SC
55.106 -2360.21 m
55.106 -2287.903 l
S
0.78 0.788 0.796 SC
55.572 -2360.21 m
55.572 -2287.903 l
S
0.784 0.792 0.8 SC
56.039 -2360.21 m
56.039 -2287.903 l
S
0.788 0.796 0.8 SC
56.505 -2360.21 m
56.505 -2287.903 l
S
0.792 0.796 0.804 SC
56.972 -2360.21 m
56.972 -2287.903 l
S
0.796 0.8 0.808 SC
57.438 -2360.21 m
57.438 -2287.903 l
S
0.796 0.804 0.812 SC
57.905 -2360.21 m
57.905 -2287.903 l
S
0.8 0.808 0.816 SC
58.371 -2360.21 m
58.371 -2287.903 l
S
0.804 0.812 0.816 SC
58.838 -2360.21 m
58.838 -2287.903 l
S
0.808 0.812 0.82 SC
59.304 -2360.21 m
59.304 -2287.903 l
S
0.812 0.816 0.824 SC
59.771 -2360.21 m
59.771 -2287.903 l
S
0.816 0.82 0.827 SC
60.237 -2360.21 m
60.237 -2287.903 l
S
0.816 0.824 0.831 SC
60.704 -2360.21 m
60.704 -2287.903 l
S
0.82 0.827 0.831 SC
61.17 -2360.21 m
61.17 -2287.903 l
S
0.824 0.831 0.835 SC
61.637 -2360.21 m
61.637 -2287.903 l
S
0.827 0.831 0.839 SC
62.103 -2360.21 m
62.103 -2287.903 l
S
0.831 0.835 0.843 SC
62.57 -2360.21 m
62.57 -2287.903 l
S
0.835 0.839 0.843 SC
63.036 -2360.21 m
63.036 -2287.903 l
S
0.835 0.843 0.847 SC
63.503 -2360.21 m
63.503 -2287.903 l
S
0.839 0.847 0.851 SC
63.969 -2360.21 m
63.969 -2287.903 l
S
0.843 0.847 0.855 SC
64.436 -2360.21 m
64.436 -2287.903 l
S
0.847 0.851 0.859 SC
64.902 -2360.21 m
64.902 -2287.903 l
S
0.851 0.855 0.859 SC
65.369 -2360.21 m
65.369 -2287.903 l
S
0.855 0.859 0.863 SC
65.835 -2360.21 m
65.835 -2287.903 l
S
0.855 0.863 0.867 SC
66.302 -2360.21 m
66.302 -2287.903 l
S
0.859 0.863 0.871 SC
66.768 -2360.21 m
66.768 -2287.903 l
S
0.863 0.867 0.875 SC
67.235 -2360.21 m
67.235 -2287.903 l
S
0.867 0.871 0.875 SC
67.701 -2360.21 m
67.701 -2287.903 l
S
0.871 0.875 0.878 SC
68.168 -2360.21 m
68.168 -2287.903 l
S
0.875 0.878 0.882 SC
68.634 -2360.21 m
68.634 -2287.903 l
S
0.875 0.882 0.886 SC
69.101 -2360.21 m
69.101 -2287.903 l
S
0.878 0.882 0.89 SC
69.567 -2360.21 m
69.567 -2287.903 l
S
0.882 0.886 0.89 SC
70.034 -2360.21 m
70.034 -2287.903 l
S
0.886 0.89 0.894 SC
70.5 -2360.21 m
70.5 -2287.903 l
S
0.89 0.894 0.898 SC
70.967 -2360.21 m
70.967 -2287.903 l
S
0.894 0.898 0.902 SC
71.433 -2360.21 m
71.433 -2287.903 l
S
0.898 0.898 0.902 SC
71.9 -2360.21 m
71.9 -2287.903 l
S
0.898 0.902 0.906 SC
72.366 -2360.21 m
72.366 -2287.903 l
S
0.902 0.906 0.91 SC
72.833 -2360.21 m
72.833 -2287.903 l
S
0.906 0.91 0.914 SC
73.299 -2360.21 m
73.299 -2287.903 l
S
0.91 0.914 0.918 SC
73.766 -2360.21 m
73.766 -2287.903 l
S
0.914 0.918 0.922 SC
74.232 -2360.21 m
74.232 -2287.903 l
S
0.918 0.922 0.922 SC
74.699 -2360.21 m
74.699 -2287.903 l
S
0.922 0.922 0.925 SC
75.165 -2360.21 m
75.165 -2287.903 l
S
0.922 0.925 0.929 SC
75.632 -2360.21 m
75.632 -2287.903 l
S
0.925 0.929 0.933 SC
76.098 -2360.21 m
76.098 -2287.903 l
S
0.929 0.933 0.933 SC
76.565 -2360.21 m
76.565 -2287.903 l
S
0.933 0.937 0.937 SC
77.031 -2360.21 m
77.031 -2287.903 l
S
0.937 0.937 0.941 SC
77.498 -2360.21 m
77.498 -2287.903 l
S
0.941 0.941 0.945 SC
77.964 -2360.21 m
77.964 -2287.903 l
S
0.945 0.945 0.949 SC
78.431 -2360.21 m
78.431 -2287.903 l
S
0.945 0.949 0.949 SC
78.897 -2360.21 m
78.897 -2287.903 l
S
0.949 0.953 0.953 SC
79.364 -2360.21 m
79.364 -2287.903 l
S
0.953 0.957 0.957 SC
79.83 -2360.21 m
79.83 -2287.903 l
S
0.957 0.957 0.961 SC
80.297 -2360.21 m
80.297 -2287.903 l
S
0.961 0.961 0.965 SC
80.763 -2360.21 m
80.763 -2287.903 l
S
0.965 0.965 0.969 SC
81.23 -2360.21 m
81.23 -2287.903 l
S
0.969 0.969 0.969 SC
81.696 -2360.21 m
81.696 -2287.903 l
S
0.973 0.973 0.973 SC
82.163 -2360.21 m
82.163 -2287.903 l
S
0.976 0.976 0.976 SC
82.629 -2360.21 m
82.629 -2287.903 l
S
0.98 0.98 0.984 SC
83.096 -2360.21 m
83.096 -2287.903 l
S
0.988 0.988 0.988 SC
83.562 -2360.21 m
83.562 -2287.903 l
S
0.992 0.992 0.992 SC
84.029 -2360.21 m
84.029 -2287.903 l
S
1 1 1 SC
84.495 -2360.21 m
84.495 -2287.903 l
S
Q
Q
q
1 i 
-9 851 613 -860 re
0 841 m
W n
0.03 841.02 595.02 -841.02 re
W n
/Cs5 cs 0.161 0.145 0.149 sc
/GS1 gs
0.03 841.02 35.4 -6.11 re
f
/Cs5 CS 0.161 0.145 0.149 SC
0 J 0 j 0.3 w 10 M []0 d
28.347 841.076 m
28.347 805.006 l
S
286.3 22.8 22.68 -22.8 re
f
BT
/F1 1 Tf
10 0 0 10 289.2992 7.7671 Tm
1 1 1 sc
-0.0002 Tc
0 Tw
(646)Tj
/F3 1 Tf
7 0 0 7 35.4331 17.5374 Tm
0.161 0.145 0.149 sc
-0.0001 Tc
-0.0306 Tw
[(Swissmedic Jour)-17.9(nal)-1111.9(9/2002)]TJ
/F2 1 Tf
10 0 0 10 85.0394 763.6339 Tm
-0.0336 Tw
[(01)-1044.2(Asazine 400)-306(mg, Filmtabletten)]TJ
0 -1.2835 TD
[(02)-1044.2(Asazine 800)-306(mg, Filmtabletten)]TJ
/F5 1 Tf
0 -1.4174 TD
0 Tc
0 Tw
(T)Tj
0.519 0 TD
-0.0001 Tc
-0.0306 Tw
(illotts Pharma AG, Hauptstrasse 27, 4417 Ziefen)Tj
ET
0.4 w 
85.04 728.68 m
552.76 728.68 l
85.04 710.98 m
552.76 710.98 l
S
BT
10 0 0 10 85.0394 716.2866 Tm
-0.0002 Tc
0 Tw
[(Zul.-Nr)91.6(.: )]TJ
/F2 1 Tf
3.8771 0 TD
(53108)Tj
/F5 1 Tf
8.8788 0 TD
0 Tc
(V)Tj
0.6301 0 TD
-0.0001 Tc
(erkaufsart: )Tj
/F2 1 Tf
5.3041 0 TD
0 Tc
(B)Tj
/F5 1 Tf
6.8216 0 TD
-0.0001 Tc
-0.0306 Tw
[(Index: 04.09.0.)-9563.5(25.09.2002)]TJ
-25.5118 -2.2428 TD
0 Tw
[(Zusammensetzung:)-921.1(01)]TJ
8.3 0 0 8.3 198.4252 693.8585 Tm
-0.0306 Tw
[(MESALAZINUM 400)-278.1(mg, EXCIPIENS pro COMPRESSO OBDUCTO.)]TJ
10 0 0 10 184.252 679.6849 Tm
-0.0002 Tc
0 Tw
(02)Tj
8.3 0 0 8.3 198.4252 679.6849 Tm
-0.0001 Tc
-0.0306 Tw
[(MESALAZINUM 800)-278.1(mg, EXCIPIENS pro COMPRESSO OBDUCTO.)]TJ
10 0 0 10 85.0394 665.5112 Tm
-0.0002 Tc
[(Anwendung:)-5285.3(Colitis ulcerosa)]TJ
0 -1.4174 TD
-0.0001 Tc
[(* Packungen:)-3729.5(01)-305.6(016)-6585.9(1)0.1(00)-567.1(Filmtabletten)-7327.9(B)]TJ
9.9213 -1.4174 TD
0 Tw
[(02)-305.6(032)-7141.8(9)0.1(0)-567(Filmtabletten)-7327.9(B)]TJ
-9.9213 -1.4174 TD
-0.0306 Tw
[(Bemerkung:)-5671.9(Ersetzt die Registrierungsurkunde vom 02.07.1999)]TJ
T*
[(Gültig bis:)-6647.8(31. Dezember 2003)]TJ
ET
85.04 600.4 m
552.76 600.4 l
S
BT
/F2 1 Tf
10 0 0 10 85.0394 564.4073 Tm
-0.0336 Tw
[(01)-1044.2(Aspégic Baby)54.8(, poudr)17.7(e en sachets)]TJ
0 -1.2835 TD
[(02)-1044.2(Aspégic 250, poudr)17.7(e en sachets)]TJ
T*
[(03)-1044.2(Aspégic 500, poudr)17.7(e en sachets)]TJ
T*
[(04)-1044.2(Aspégic 1000, poudr)17.7(e en sachets)]TJ
/F5 1 Tf
0 -1.4174 TD
-0.0306 Tw
[(* Sanofi-Synthélabo \(Suisse\) SA, 11, rue de V)36.7(eyrot, 1217 Meyrin)]TJ
ET
85.04 503.78 m
552.76 503.78 l
85.04 486.09 m
552.76 486.09 l
S
BT
10 0 0 10 85.0394 491.3907 Tm
-0.0002 Tc
0 Tw
[(N°)-247.4(AMM: )]TJ
/F2 1 Tf
4.5038 0 TD
(38133)Tj
/F5 1 Tf
8.2521 0 TD
-0.0001 Tc
-0.0306 Tw
(Modes de vente: )Tj
/F2 1 Tf
7.9083 0 TD
-0.0337 Tw
(D, B)Tj
/F5 1 Tf
4.8476 0 TD
-0.0306 Tw
[(Index: 01.01.1.)-9563.5(01.09.2002)]TJ
-25.5118 -2.2428 TD
-0.0002 Tc
0 Tw
[(Composition:)-3756.2(01)]TJ
8.3 0 0 8.3 198.4252 468.9625 Tm
-0.0001 Tc
0.0723 Tw
[(DL-L)91.5(YSINI ACETYLSALICYLAS 180)-278.1(mg corresp. ACIDUM ACETYLSALICYLICUM 100)-278.1(mg, ARO-)]TJ
0 -1.3661 TD
-0.0306 Tw
[(MA)73.7(TICA, EXCIPIENS ad PUL)73.7(VEREM pro CHAR)17.7(T)54.8(A)0.1(.)]TJ
10 0 0 10 184.252 443.45 Tm
-0.0002 Tc
0 Tw
(02)Tj
8.3 0 0 8.3 198.4252 443.45 Tm
-0.0001 Tc
0.0723 Tw
[(DL-L)91.5(YSINI ACETYLSALICYLAS 450)-278.1(mg corresp. ACIDUM ACETYLSALICYLICUM 250)-278.1(mg, ARO-)]TJ
T*
-0.0306 Tw
[(MA)73.7(TICA, EXCIPIENS ad PUL)73.7(VEREM pro CHAR)17.7(T)54.8(A)0.1(.)]TJ
10 0 0 10 184.252 417.9374 Tm
-0.0002 Tc
0 Tw
(03)Tj
8.3 0 0 8.3 198.4252 417.9373 Tm
-0.0001 Tc
0.0723 Tw
[(DL-L)91.5(YSINI ACETYLSALICYLAS 900)-278.1(mg corresp. ACIDUM ACETYLSALICYLICUM 500)-278.1(mg, ARO-)]TJ
T*
-0.0306 Tw
[(MA)73.7(TICA, EXCIPIENS ad PUL)73.7(VEREM pro CHAR)17.7(T)54.8(A)0.1(.)]TJ
10 0 0 10 184.252 392.4247 Tm
-0.0002 Tc
0 Tw
(04)Tj
8.3 0 0 8.3 198.4252 392.4247 Tm
-0.0001 Tc
-0.0041 Tw
[(DL-L)91.5(YSINI ACETYLSALICYLAS 1.8)-278.1(g corresp. ACIDUM ACETYLSALICYLICUM 1)-278.1(g, AROMA)73.7(TICA,)]TJ
T*
-0.0306 Tw
[(EXCIPIENS ad PUL)73.7(VEREM pro CHAR)17.7(T)54.8(A)0.1(.)]TJ
10 0 0 10 85.0394 366.9121 Tm
[(Indication:)-6395.3(Analgésique, antipyrétique)]TJ
0 -1.4174 TD
0 Tw
[(Conditionnements:)-1033.7(01)-305.6(020)-7141.8(2)0.1(0)-567(sachets)-10273.2(D)]TJ
11.3386 -1.4174 TD
[(055)-6585.9(1)0.1(00)-567.1(sachets)-10273.2(B)]TJ
-1.4173 -1.4174 TD
[(02)-305.6(039)-7141.8(2)0.1(0)-567(sachets)-10273.2(D)]TJ
T*
[(03)-305.6(012)-7141.8(2)0.1(0)-567(sachets)-10273.2(D)]TJ
T*
[(04)-305.6(047)-7141.8(2)0.1(0)-567(sachets)-10273.2(B)]TJ
-9.9213 -1.4174 TD
-0.0102 Tw
[(* )20.4(Remarques:)-5090.7(Cette attestation d’enregistrement annule celle du 07.11.1997 \(Changement)]TJ
11.3386 -1.1339 TD
-0.0306 Tw
(de titulaire de l’AMM\))Tj
-11.3386 -1.4174 TD
-0.0488 Tc
0 Tw
(Va)Tj
1.174 0 TD
-0.0001 Tc
-0.0306 Tw
[(lable jusqu’au:)-3417.3(31 décembre 2002)]TJ
ET
85.04 247.94 m
552.76 247.94 l
S
Q

q
1 i 
-9 851 613 -860 re
0 841 m
W n
0.03 841.02 595.02 -841.02 re
W n
BT
/F4 1 Tf
12.5 0 0 12.5 285.8058 811.7825 Tm
/Cs5 cs 0.161 0.145 0.149 sc
/GS1 gs
-0.0001 Tc
-0.0286 Tw
[(Arzneimittel Statistik)-130(/)-129.9(M)0.1(édicaments miscellanées)]TJ
ET
/Cs5 CS 0.161 0.145 0.149 SC
0 J 0 j 0.3 w 10 M []0 d
42.8 805.15 m
567.2 805.15 l
S
Q
q
1 i 
361.69 850.5 198.43 -24.09 re
560.097 811.782 m
W* n
-9 851 613 -860 re
0 841 m
W n
0.03 841.02 595.02 -841.02 re
W n
q
2.7718 0 0 -0.3608 0 0 cm
/Cs5 CS 1 1 1 SC
0 J 0 j 0.5 w 10 M []0 d
/GS1 gs
130.36 -2360.21 m
130.36 -2287.903 l
S
0.992 0.992 0.992 SC
130.827 -2360.21 m
130.827 -2287.903 l
S
0.988 0.988 0.988 SC
131.293 -2360.21 m
131.293 -2287.903 l
S
0.98 0.98 0.984 SC
131.76 -2360.21 m
131.76 -2287.903 l
S
0.976 0.976 0.976 SC
132.226 -2360.21 m
132.226 -2287.903 l
S
0.973 0.973 0.973 SC
132.693 -2360.21 m
132.693 -2287.903 l
S
0.969 0.969 0.969 SC
133.159 -2360.21 m
133.159 -2287.903 l
S
0.965 0.965 0.969 SC
133.626 -2360.21 m
133.626 -2287.903 l
S
0.961 0.961 0.965 SC
134.092 -2360.21 m
134.092 -2287.903 l
S
0.957 0.957 0.961 SC
134.559 -2360.21 m
134.559 -2287.903 l
S
0.953 0.957 0.957 SC
135.025 -2360.21 m
135.025 -2287.903 l
S
0.949 0.953 0.953 SC
135.492 -2360.21 m
135.492 -2287.903 l
S
0.945 0.949 0.949 SC
135.958 -2360.21 m
135.958 -2287.903 l
S
0.945 0.945 0.949 SC
136.425 -2360.21 m
136.425 -2287.903 l
S
0.941 0.941 0.945 SC
136.891 -2360.21 m
136.891 -2287.903 l
S
0.937 0.937 0.941 SC
137.358 -2360.21 m
137.358 -2287.903 l
S
0.933 0.937 0.937 SC
137.824 -2360.21 m
137.824 -2287.903 l
S
0.929 0.933 0.933 SC
138.291 -2360.21 m
138.291 -2287.903 l
S
0.925 0.929 0.933 SC
138.757 -2360.21 m
138.757 -2287.903 l
S
0.922 0.925 0.929 SC
139.224 -2360.21 m
139.224 -2287.903 l
S
0.922 0.922 0.925 SC
139.69 -2360.21 m
139.69 -2287.903 l
S
0.918 0.922 0.922 SC
140.157 -2360.21 m
140.157 -2287.903 l
S
0.914 0.918 0.922 SC
140.623 -2360.21 m
140.623 -2287.903 l
S
0.91 0.914 0.918 SC
141.09 -2360.21 m
141.09 -2287.903 l
S
0.906 0.91 0.914 SC
141.556 -2360.21 m
141.556 -2287.903 l
S
0.902 0.906 0.91 SC
142.023 -2360.21 m
142.023 -2287.903 l
S
0.898 0.902 0.906 SC
142.489 -2360.21 m
142.489 -2287.903 l
S
0.898 0.898 0.902 SC
142.956 -2360.21 m
142.956 -2287.903 l
S
0.894 0.898 0.902 SC
143.422 -2360.21 m
143.422 -2287.903 l
S
0.89 0.894 0.898 SC
143.889 -2360.21 m
143.889 -2287.903 l
S
0.886 0.89 0.894 SC
144.355 -2360.21 m
144.355 -2287.903 l
S
0.882 0.886 0.89 SC
144.822 -2360.21 m
144.822 -2287.903 l
S
0.878 0.882 0.89 SC
145.288 -2360.21 m
145.288 -2287.903 l
S
0.875 0.882 0.886 SC
145.755 -2360.21 m
145.755 -2287.903 l
S
0.875 0.878 0.882 SC
146.221 -2360.21 m
146.221 -2287.903 l
S
0.871 0.875 0.878 SC
146.688 -2360.21 m
146.688 -2287.903 l
S
0.867 0.871 0.875 SC
147.154 -2360.21 m
147.154 -2287.903 l
S
0.863 0.867 0.875 SC
147.621 -2360.21 m
147.621 -2287.903 l
S
0.859 0.863 0.871 SC
148.087 -2360.21 m
148.087 -2287.903 l
S
0.855 0.863 0.867 SC
148.554 -2360.21 m
148.554 -2287.903 l
S
0.855 0.859 0.863 SC
149.02 -2360.21 m
149.02 -2287.903 l
S
0.851 0.855 0.859 SC
149.487 -2360.21 m
149.487 -2287.903 l
S
0.847 0.851 0.859 SC
149.953 -2360.21 m
149.953 -2287.903 l
S
0.843 0.847 0.855 SC
150.42 -2360.21 m
150.42 -2287.903 l
S
0.839 0.847 0.851 SC
150.886 -2360.21 m
150.886 -2287.903 l
S
0.835 0.843 0.847 SC
151.353 -2360.21 m
151.353 -2287.903 l
S
0.835 0.839 0.843 SC
151.819 -2360.21 m
151.819 -2287.903 l
S
0.831 0.835 0.843 SC
152.286 -2360.21 m
152.286 -2287.903 l
S
0.827 0.831 0.839 SC
152.752 -2360.21 m
152.752 -2287.903 l
S
0.824 0.831 0.835 SC
153.219 -2360.21 m
153.219 -2287.903 l
S
0.82 0.827 0.831 SC
153.685 -2360.21 m
153.685 -2287.903 l
S
0.816 0.824 0.831 SC
154.152 -2360.21 m
154.152 -2287.903 l
S
0.816 0.82 0.827 SC
154.618 -2360.21 m
154.618 -2287.903 l
S
0.812 0.816 0.824 SC
155.085 -2360.21 m
155.085 -2287.903 l
S
0.808 0.812 0.82 SC
155.551 -2360.21 m
155.551 -2287.903 l
S
0.804 0.812 0.816 SC
156.018 -2360.21 m
156.018 -2287.903 l
S
0.8 0.808 0.816 SC
156.484 -2360.21 m
156.484 -2287.903 l
S
0.796 0.804 0.812 SC
156.951 -2360.21 m
156.951 -2287.903 l
S
0.796 0.8 0.808 SC
157.417 -2360.21 m
157.417 -2287.903 l
S
0.792 0.796 0.804 SC
157.884 -2360.21 m
157.884 -2287.903 l
S
0.788 0.796 0.8 SC
158.35 -2360.21 m
158.35 -2287.903 l
S
0.784 0.792 0.8 SC
158.817 -2360.21 m
158.817 -2287.903 l
S
0.78 0.788 0.796 SC
159.283 -2360.21 m
159.283 -2287.903 l
S
0.776 0.784 0.792 SC
159.75 -2360.21 m
159.75 -2287.903 l
S
0.776 0.78 0.788 SC
160.216 -2360.21 m
160.216 -2287.903 l
S
0.773 0.776 0.784 SC
160.683 -2360.21 m
160.683 -2287.903 l
S
0.769 0.776 0.784 SC
161.149 -2360.21 m
161.149 -2287.903 l
S
0.765 0.773 0.78 SC
161.616 -2360.21 m
161.616 -2287.903 l
S
0.761 0.769 0.776 SC
162.082 -2360.21 m
162.082 -2287.903 l
S
0.757 0.765 0.773 SC
162.549 -2360.21 m
162.549 -2287.903 l
S
0.753 0.761 0.769 SC
163.015 -2360.21 m
163.015 -2287.903 l
163.482 -2360.21 m
163.482 -2287.903 l
S
0.749 0.757 0.765 SC
163.948 -2360.21 m
163.948 -2287.903 l
S
0.745 0.753 0.761 SC
164.415 -2360.21 m
164.415 -2287.903 l
S
0.741 0.749 0.757 SC
164.881 -2360.21 m
164.881 -2287.903 l
S
0.737 0.745 0.753 SC
165.348 -2360.21 m
165.348 -2287.903 l
S
0.733 0.741 0.753 SC
165.814 -2360.21 m
165.814 -2287.903 l
S
0.733 0.741 0.749 SC
166.281 -2360.21 m
166.281 -2287.903 l
166.747 -2360.21 m
166.747 -2287.903 l
S
0.729 0.737 0.745 SC
167.214 -2360.21 m
167.214 -2287.903 l
S
0.725 0.733 0.741 SC
167.68 -2360.21 m
167.68 -2287.903 l
S
0.722 0.729 0.737 SC
168.147 -2360.21 m
168.147 -2287.903 l
S
0.718 0.725 0.737 SC
168.613 -2360.21 m
168.613 -2287.903 l
S
0.714 0.722 0.733 SC
169.08 -2360.21 m
169.08 -2287.903 l
S
0.714 0.722 0.729 SC
169.546 -2360.21 m
169.546 -2287.903 l
S
0.71 0.718 0.725 SC
170.013 -2360.21 m
170.013 -2287.903 l
S
0.706 0.714 0.722 SC
170.479 -2360.21 m
170.479 -2287.903 l
S
0.702 0.71 0.722 SC
170.946 -2360.21 m
170.946 -2287.903 l
S
0.698 0.706 0.718 SC
171.412 -2360.21 m
171.412 -2287.903 l
S
0.698 0.706 0.714 SC
171.879 -2360.21 m
171.879 -2287.903 l
S
0.694 0.702 0.71 SC
172.345 -2360.21 m
172.345 -2287.903 l
S
0.69 0.698 0.706 SC
172.812 -2360.21 m
172.812 -2287.903 l
S
0.686 0.694 0.706 SC
173.278 -2360.21 m
173.278 -2287.903 l
S
0.682 0.69 0.702 SC
173.745 -2360.21 m
173.745 -2287.903 l
S
0.682 0.69 0.698 SC
174.211 -2360.21 m
174.211 -2287.903 l
S
0.678 0.686 0.694 SC
174.678 -2360.21 m
174.678 -2287.903 l
S
0.675 0.682 0.69 SC
175.144 -2360.21 m
175.144 -2287.903 l
S
0.671 0.678 0.69 SC
175.611 -2360.21 m
175.611 -2287.903 l
S
0.667 0.675 0.686 SC
176.077 -2360.21 m
176.077 -2287.903 l
S
0.663 0.675 0.682 SC
176.544 -2360.21 m
176.544 -2287.903 l
S
0.663 0.671 0.678 SC
177.01 -2360.21 m
177.01 -2287.903 l
S
0.659 0.667 0.678 SC
177.477 -2360.21 m
177.477 -2287.903 l
S
0.655 0.663 0.675 SC
177.943 -2360.21 m
177.943 -2287.903 l
S
0.651 0.659 0.671 SC
178.41 -2360.21 m
178.41 -2287.903 l
S
0.651 0.659 0.667 SC
178.876 -2360.21 m
178.876 -2287.903 l
S
0.647 0.655 0.663 SC
179.343 -2360.21 m
179.343 -2287.903 l
S
0.643 0.651 0.663 SC
179.809 -2360.21 m
179.809 -2287.903 l
S
0.639 0.647 0.659 SC
180.276 -2360.21 m
180.276 -2287.903 l
S
0.635 0.643 0.655 SC
180.742 -2360.21 m
180.742 -2287.903 l
S
0.635 0.643 0.651 SC
181.209 -2360.21 m
181.209 -2287.903 l
S
0.631 0.639 0.647 SC
181.675 -2360.21 m
181.675 -2287.903 l
S
0.627 0.635 0.647 SC
182.142 -2360.21 m
182.142 -2287.903 l
S
0.624 0.631 0.643 SC
182.608 -2360.21 m
182.608 -2287.903 l
S
0.62 0.631 0.639 SC
183.075 -2360.21 m
183.075 -2287.903 l
S
0.62 0.627 0.635 SC
183.541 -2360.21 m
183.541 -2287.903 l
S
0.616 0.624 0.635 SC
184.008 -2360.21 m
184.008 -2287.903 l
S
0.612 0.62 0.631 SC
184.474 -2360.21 m
184.474 -2287.903 l
S
0.608 0.616 0.627 SC
184.941 -2360.21 m
184.941 -2287.903 l
S
0.608 0.616 0.624 SC
185.407 -2360.21 m
185.407 -2287.903 l
S
0.604 0.612 0.624 SC
185.874 -2360.21 m
185.874 -2287.903 l
S
0.6 0.608 0.62 SC
186.34 -2360.21 m
186.34 -2287.903 l
S
0.596 0.604 0.616 SC
186.806 -2360.21 m
186.806 -2287.903 l
S
0.596 0.604 0.612 SC
187.273 -2360.21 m
187.273 -2287.903 l
S
0.592 0.6 0.608 SC
187.739 -2360.21 m
187.739 -2287.903 l
S
0.588 0.596 0.608 SC
188.206 -2360.21 m
188.206 -2287.903 l
S
0.584 0.592 0.604 SC
188.672 -2360.21 m
188.672 -2287.903 l
S
0.584 0.592 0.6 SC
189.139 -2360.21 m
189.139 -2287.903 l
S
0.58 0.588 0.596 SC
189.605 -2360.21 m
189.605 -2287.903 l
S
0.576 0.584 0.596 SC
190.072 -2360.21 m
190.072 -2287.903 l
S
0.573 0.58 0.592 SC
190.538 -2360.21 m
190.538 -2287.903 l
S
0.573 0.58 0.588 SC
191.005 -2360.21 m
191.005 -2287.903 l
S
0.569 0.576 0.588 SC
191.471 -2360.21 m
191.471 -2287.903 l
S
0.565 0.573 0.584 SC
191.938 -2360.21 m
191.938 -2287.903 l
S
0.561 0.569 0.58 SC
192.404 -2360.21 m
192.404 -2287.903 l
S
0.561 0.569 0.576 SC
192.871 -2360.21 m
192.871 -2287.903 l
S
0.557 0.565 0.576 SC
193.337 -2360.21 m
193.337 -2287.903 l
S
0.553 0.561 0.573 SC
193.804 -2360.21 m
193.804 -2287.903 l
S
0.549 0.557 0.569 SC
194.27 -2360.21 m
194.27 -2287.903 l
S
0.549 0.557 0.565 SC
194.737 -2360.21 m
194.737 -2287.903 l
S
0.545 0.553 0.565 SC
195.203 -2360.21 m
195.203 -2287.903 l
S
0.541 0.549 0.561 SC
195.67 -2360.21 m
195.67 -2287.903 l
S
0.537 0.545 0.557 SC
196.136 -2360.21 m
196.136 -2287.903 l
S
0.537 0.545 0.553 SC
196.603 -2360.21 m
196.603 -2287.903 l
S
0.533 0.541 0.553 SC
197.069 -2360.21 m
197.069 -2287.903 l
S
0.529 0.537 0.549 SC
197.536 -2360.21 m
197.536 -2287.903 l
S
0.529 0.533 0.545 SC
198.002 -2360.21 m
198.002 -2287.903 l
S
0.525 0.533 0.541 SC
198.469 -2360.21 m
198.469 -2287.903 l
S
0.522 0.529 0.541 SC
198.935 -2360.21 m
198.935 -2287.903 l
S
0.518 0.525 0.537 SC
199.402 -2360.21 m
199.402 -2287.903 l
S
0.518 0.525 0.533 SC
199.868 -2360.21 m
199.868 -2287.903 l
S
0.514 0.522 0.529 SC
200.335 -2360.21 m
200.335 -2287.903 l
S
0.51 0.518 0.529 SC
200.801 -2360.21 m
200.801 -2287.903 l
S
0.51 0.514 0.525 SC
201.268 -2360.21 m
201.268 -2287.903 l
S
0.506 0.514 0.522 SC
201.734 -2360.21 m
201.734 -2287.903 l
S
0.502 0.51 0.518 SC
202.201 -2360.21 m
202.201 -2287.903 l
S
Q
Q
q
1 i 
-9 851 613 -860 re
0 841 m
W n
0.03 841.02 595.02 -841.02 re
W n
/Cs5 cs 0.161 0.145 0.149 sc
/GS1 gs
560.12 841.02 34.93 -6.11 re
f
/Cs5 CS 0.161 0.145 0.149 SC
0 J 0 j 0.3 w 10 M []0 d
567.202 840.678 m
567.202 804.948 l
S
286.57 22.8 22.68 -22.8 re
f
BT
/F1 1 Tf
10 0 0 10 289.5747 7.7671 Tm
1 1 1 sc
-0.0002 Tc
0 Tw
(647)Tj
/F3 1 Tf
7 0 0 7 473.8676 17.5374 Tm
0.161 0.145 0.149 sc
-0.0001 Tc
-0.0306 Tw
[(Swissmedic Jour)-17.9(nal)-1111.9(9/2002)]TJ
/F2 1 Tf
10 0 0 10 42.7953 763.6339 Tm
-0.0336 Tw
[(01)-1044.2(Aspégic 1)-306(g, préparation injectable)]TJ
0 -1.2835 TD
[(02)-1044.2(Aspégic 0,5)-306(g, préparation injectable)]TJ
/F5 1 Tf
0 -1.4174 TD
-0.0306 Tw
[(* Sanofi-Synthélabo \(Suisse\) SA, 11, rue de V)36.7(eyrot, 1217 Meyrin)]TJ
ET
0.4 w 
42.8 728.68 m
510.51 728.68 l
42.8 710.98 m
510.51 710.98 l
S
BT
10 0 0 10 42.7953 716.2866 Tm
-0.0002 Tc
0 Tw
[(N°)-247.4(AMM: )]TJ
/F2 1 Tf
4.5038 0 TD
(47256)Tj
/F5 1 Tf
8.2521 0 TD
-0.0001 Tc
-0.0306 Tw
(Mode de vente: )Tj
/F2 1 Tf
7.5194 0 TD
0 Tc
0 Tw
(B)Tj
/F5 1 Tf
5.2365 0 TD
-0.0001 Tc
-0.0306 Tw
[(Index: 01.01.1.)-9563.5(01.09.2002)]TJ
-25.5118 -2.2089 TD
-0.0002 Tc
0 Tw
[(Composition:)-3756.2(01)]TJ
8.3 0 0 8.3 156.1811 694.1975 Tm
-0.0001 Tc
-0.0846 Tw
[(PRAEP)36.7(ARA)73.7(TIO SICCA: DL-L)91.5(YSINI ACETYLSALICYLAS 1.8)-278.1(g corresp. GL)91.5(YCINUM, pro VITRO,  SOL-)]TJ
0 -1.3253 TD
-0.0306 Tw
[(VENS: AQUA 5)-278.1(mL. )]TJ
10 0 0 10 142.0079 669.3628 Tm
-0.0002 Tc
0 Tw
(02)Tj
8.3 0 0 8.3 156.1811 669.3628 Tm
-0.0001 Tc
-0.1003 Tw
[(PRAEP)36.7(ARA)73.7(TIO SICCA: DL-L)91.5(YSINI ACETYLSALICYLAS 900)-278.1(mg corresp. GL)91.5(YCINUM 100)-278.1(mg pro VI-)]TJ
T*
-0.0306 Tw
[(TRO,  SOL)73.7(VENS: AQUA ad INIECT)54.7(ABILIA 5)-278.1(mL. )]TJ
10 0 0 10 42.7953 644.5282 Tm
-0.0002 Tc
0 Tw
[(Indication:)-6395.4(Analgésique)]TJ
0 -1.3835 TD
-0.0001 Tc
-0.0306 Tw
[(Conditionnements:)-1033.7(02)-305.6(flacons-ampoules et ampoules de solvant)]TJ
11.3386 -1.3835 TD
-0.0002 Tc
[(046)-6047.5(6)0( + 6)-567.1(ampoule\(s\))-8441(B)]TJ
-1.4173 -1.3835 TD
0 Tw
[(02)-305.7(054)-7141.9(2)0(0)-567.1(flacon\(s\)-ampoule\(s\))-4165.6(B)]TJ
-9.9213 -1.3835 TD
-0.0001 Tc
0.2986 Tw
[(* )329.2(Remarques:)-5090.7(Seq.01 Aspégic 1)-278.1(g, préparation injectable = autorisé uniquement pour)]TJ
11.3386 -1.1 TD
0 Tw
(l’exportation)Tj
0 -1.3835 TD
-0.0101 Tw
(Cette attestation d’enregistrement annule celle du 08.01.2001 \(Changement)Tj
0 -1.1 TD
-0.0002 Tc
-0.0305 Tw
(de titulaire de l’AMM\))Tj
-11.3386 -1.3835 TD
-0.0488 Tc
0 Tw
(Va)Tj
1.174 0 TD
-0.0001 Tc
-0.0306 Tw
[(lable jusqu’au:)-3417.3(31 décembre 2005)]TJ
ET
42.8 533.37 m
510.51 533.37 l
S
BT
/F2 1 Tf
10 0 0 10 42.7953 499.9298 Tm
-0.0336 Tw
[(02)-1044.2(B 12 compositum Helvepharm, Sirup)]TJ
/F5 1 Tf
0 -1.4174 TD
-0.0306 Tw
[(Helvepharm AG, W)17.7(alzmühlestrasse 60, 8500 Frauenfeld)]TJ
ET
42.8 477.81 m
510.51 477.81 l
42.8 460.11 m
510.51 460.11 l
S
BT
10 0 0 10 42.7953 465.4172 Tm
-0.0002 Tc
0 Tw
[(Zul.-Nr)91.6(.: )]TJ
/F2 1 Tf
3.8772 0 TD
(40674)Tj
/F5 1 Tf
8.8787 0 TD
0 Tc
(V)Tj
0.6301 0 TD
-0.0001 Tc
(erkaufsart: )Tj
/F2 1 Tf
5.3042 0 TD
0 Tc
(D)Tj
/F5 1 Tf
6.8216 0 TD
-0.0001 Tc
-0.0306 Tw
[(Index: 07.98.0.)-9563.5(12.09.2002)]TJ
-25.5118 -2.2428 TD
0 Tw
[(Zusammensetzung:)-921.1(02)]TJ
8.3 0 0 8.3 156.1811 442.9891 Tm
0.0568 Tw
[(CY)54.7(ANOCOBALAMINUM 10)-278.1(ug, CALCII GL)91.5(YCEROPHOSPHAS 50)-278.1(mg, FERRI OXIDUM SACCHA-)]TJ
0 -1.3661 TD
-0.0778 Tw
[(RA)73.7(TUM 21.75)-278.1(mg, AROMA)73.7(TICA, CONSER)17.7(V)91.5(.: E)-278.1(216, E)-278.1(218, EXCIPIENS ad SOLUTIONEM pro 5)-278.1(m)0(L)]TJ
T*
-0.0306 Tw
[(corresp. ETHANOLUM 1)-139.1(%)0( V/V)91.5(. )]TJ
10 0 0 10 42.7953 406.1375 Tm
-0.0002 Tc
0 Tw
[(Anwendung:)-5285.3(Roborans)]TJ
0 -1.4174 TD
[(Packung:)-5699.5(02)-305.7(020)-6586(2)0(00)-567.2(mL)-12217.6(D)]TJ
T*
-0.0001 Tc
-0.0306 Tw
[(* Gültig bis:)-5844.6(11. September 2007)]TJ
ET
42.8 369.38 m
510.51 369.38 l
S
BT
/F2 1 Tf
10 0 0 10 42.7953 333.3807 Tm
-0.0337 Tw
[(* 01)-161.1(Bonherba Kräutertee instant, Granulat)]TJ
/F5 1 Tf
T*
-0.1289 Tc
0 Tw
(F.)Tj
0.649 0 TD
( )Tj
0.2473 0 TD
-0.0001 Tc
-0.0306 Tw
(Hunziker & Co. AG, Heimstrasse 18, 8953 Dietikon)Tj
ET
42.8 311.26 m
510.51 311.26 l
42.8 293.57 m
510.51 293.57 l
S
BT
10 0 0 10 42.7953 298.8681 Tm
-0.0002 Tc
0 Tw
[(Zul.-Nr)91.6(.: )]TJ
/F2 1 Tf
3.8772 0 TD
(33691)Tj
/F5 1 Tf
8.8787 0 TD
0 Tc
(V)Tj
0.6301 0 TD
-0.0001 Tc
(erkaufsart: )Tj
/F2 1 Tf
5.3042 0 TD
0 Tc
(E)Tj
/F5 1 Tf
6.8216 0 TD
-0.0001 Tc
-0.0306 Tw
[(Index: 03.99.0.)-9563.5(13.09.2002)]TJ
-25.5118 -2.2428 TD
0 Tw
[(Zusammensetzung:)-921.1(01)]TJ
8.3 0 0 8.3 156.1811 276.44 Tm
0.0243 Tw
[(SPECIERUM PECTORALIUM EXTRACTUM 0.8)-278.1(mg, ACIDUM ASCORBICUM 4.3)-278.1(mg, CALCII SILI-)]TJ
0 -1.3661 TD
0.0202 Tw
[(CAS, AROMA)73.7(TICA, MAL)54.7(TI EXTRACTUM, SACCHARUM TOSTUM, SACCHARUM, MEL, GLUCO-)]TJ
T*
-0.0306 Tw
[(SUM q.s. ad GRANULA)73.7(TUM pro 1)-278.1(g)0.1(. )]TJ
10 0 0 10 42.7953 239.5884 Tm
[(Anwendung:)-5285.2(Bei Husten, Heiserkeit und Rachenkatarrh)]TJ
0 -1.4174 TD
-0.0002 Tc
0 Tw
[(Packung:)-5699.5(01)-305.7(025)-6586(3)0(00)-567.2(g)-12995.5(E)]TJ
T*
-0.0001 Tc
-0.0306 Tw
[(Bemerkungen:)-4505.2(V)36.8(erlängerung der Zulassungsbescheinigung)]TJ
11.3386 -1.4174 TD
-0.0087 Tw
(Ersetzt die IKS-Registrierungsurkunde vom 06.11.1997 Ä nderung des Präpa-)Tj
0 -1.1339 TD
-0.0306 Tw
(ratenamens \(früher: Kräutertee M instant, Granulat\))Tj
-11.3386 -1.4174 TD
[(* Gültig bis:)-5844.6(12. September 2007)]TJ
ET
42.8 163.14 m
510.51 163.14 l
S
Q

q
1 i 
-9 851 613 -860 re
0 841 m
W n
0.03 841.02 595.02 -841.02 re
W n
BT
/F4 1 Tf
12.5 0 0 12.5 34.4488 811.7822 Tm
/Cs5 cs 0.161 0.145 0.149 sc
/GS1 gs
-0.0001 Tc
-0.0286 Tw
[(Arzneimittel Statistik)-130(/)-129.9(M)0.1(édicaments miscellanées)]TJ
ET
/Cs5 CS 0.161 0.145 0.149 SC
0 J 0 j 0.3 w 10 M []0 d
28.35 805.15 m
552.76 805.15 l
S
Q
q
1 i 
35.43 850.5 198.43 -24.09 re
308.74 811.782 m
W* n
-9 851 613 -860 re
0 841 m
W n
0.03 841.02 595.02 -841.02 re
W n
q
2.7718 0 0 -0.3608 0 0 cm
/Cs5 CS 0.502 0.51 0.518 SC
0 J 0 j 0.5 w 10 M []0 d
/GS1 gs
12.655 -2360.21 m
12.655 -2287.903 l
S
0.506 0.514 0.522 SC
13.121 -2360.21 m
13.121 -2287.903 l
S
0.51 0.514 0.525 SC
13.588 -2360.21 m
13.588 -2287.903 l
S
0.51 0.518 0.529 SC
14.054 -2360.21 m
14.054 -2287.903 l
S
0.514 0.522 0.529 SC
14.521 -2360.21 m
14.521 -2287.903 l
S
0.518 0.525 0.533 SC
14.987 -2360.21 m
14.987 -2287.903 l
S
0.518 0.525 0.537 SC
15.454 -2360.21 m
15.454 -2287.903 l
S
0.522 0.529 0.541 SC
15.92 -2360.21 m
15.92 -2287.903 l
S
0.525 0.533 0.541 SC
16.387 -2360.21 m
16.387 -2287.903 l
S
0.529 0.533 0.545 SC
16.853 -2360.21 m
16.853 -2287.903 l
S
0.529 0.537 0.549 SC
17.32 -2360.21 m
17.32 -2287.903 l
S
0.533 0.541 0.553 SC
17.786 -2360.21 m
17.786 -2287.903 l
S
0.537 0.545 0.553 SC
18.253 -2360.21 m
18.253 -2287.903 l
S
0.537 0.545 0.557 SC
18.719 -2360.21 m
18.719 -2287.903 l
S
0.541 0.549 0.561 SC
19.186 -2360.21 m
19.186 -2287.903 l
S
0.545 0.553 0.565 SC
19.652 -2360.21 m
19.652 -2287.903 l
S
0.549 0.557 0.565 SC
20.119 -2360.21 m
20.119 -2287.903 l
S
0.549 0.557 0.569 SC
20.585 -2360.21 m
20.585 -2287.903 l
S
0.553 0.561 0.573 SC
21.052 -2360.21 m
21.052 -2287.903 l
S
0.557 0.565 0.576 SC
21.518 -2360.21 m
21.518 -2287.903 l
S
0.561 0.569 0.576 SC
21.985 -2360.21 m
21.985 -2287.903 l
S
0.561 0.569 0.58 SC
22.451 -2360.21 m
22.451 -2287.903 l
S
0.565 0.573 0.584 SC
22.918 -2360.21 m
22.918 -2287.903 l
S
0.569 0.576 0.588 SC
23.384 -2360.21 m
23.384 -2287.903 l
S
0.573 0.58 0.588 SC
23.851 -2360.21 m
23.851 -2287.903 l
S
0.573 0.58 0.592 SC
24.317 -2360.21 m
24.317 -2287.903 l
S
0.576 0.584 0.596 SC
24.784 -2360.21 m
24.784 -2287.903 l
S
0.58 0.588 0.596 SC
25.25 -2360.21 m
25.25 -2287.903 l
S
0.584 0.592 0.6 SC
25.717 -2360.21 m
25.717 -2287.903 l
S
0.584 0.592 0.604 SC
26.183 -2360.21 m
26.183 -2287.903 l
S
0.588 0.596 0.608 SC
26.65 -2360.21 m
26.65 -2287.903 l
S
0.592 0.6 0.608 SC
27.116 -2360.21 m
27.116 -2287.903 l
S
0.596 0.604 0.612 SC
27.583 -2360.21 m
27.583 -2287.903 l
S
0.596 0.604 0.616 SC
28.049 -2360.21 m
28.049 -2287.903 l
S
0.6 0.608 0.62 SC
28.516 -2360.21 m
28.516 -2287.903 l
S
0.604 0.612 0.624 SC
28.982 -2360.21 m
28.982 -2287.903 l
S
0.608 0.616 0.624 SC
29.449 -2360.21 m
29.449 -2287.903 l
S
0.608 0.616 0.627 SC
29.915 -2360.21 m
29.915 -2287.903 l
S
0.612 0.62 0.631 SC
30.382 -2360.21 m
30.382 -2287.903 l
S
0.616 0.624 0.635 SC
30.848 -2360.21 m
30.848 -2287.903 l
S
0.62 0.627 0.635 SC
31.315 -2360.21 m
31.315 -2287.903 l
S
0.62 0.631 0.639 SC
31.781 -2360.21 m
31.781 -2287.903 l
S
0.624 0.631 0.643 SC
32.248 -2360.21 m
32.248 -2287.903 l
S
0.627 0.635 0.647 SC
32.714 -2360.21 m
32.714 -2287.903 l
S
0.631 0.639 0.647 SC
33.181 -2360.21 m
33.181 -2287.903 l
S
0.635 0.643 0.651 SC
33.647 -2360.21 m
33.647 -2287.903 l
S
0.635 0.643 0.655 SC
34.113 -2360.21 m
34.113 -2287.903 l
S
0.639 0.647 0.659 SC
34.58 -2360.21 m
34.58 -2287.903 l
S
0.643 0.651 0.663 SC
35.046 -2360.21 m
35.046 -2287.903 l
S
0.647 0.655 0.663 SC
35.513 -2360.21 m
35.513 -2287.903 l
S
0.651 0.659 0.667 SC
35.979 -2360.21 m
35.979 -2287.903 l
S
0.651 0.659 0.671 SC
36.446 -2360.21 m
36.446 -2287.903 l
S
0.655 0.663 0.675 SC
36.912 -2360.21 m
36.912 -2287.903 l
S
0.659 0.667 0.678 SC
37.379 -2360.21 m
37.379 -2287.903 l
S
0.663 0.671 0.678 SC
37.845 -2360.21 m
37.845 -2287.903 l
S
0.663 0.675 0.682 SC
38.312 -2360.21 m
38.312 -2287.903 l
S
0.667 0.675 0.686 SC
38.778 -2360.21 m
38.778 -2287.903 l
S
0.671 0.678 0.69 SC
39.245 -2360.21 m
39.245 -2287.903 l
S
0.675 0.682 0.69 SC
39.711 -2360.21 m
39.711 -2287.903 l
S
0.678 0.686 0.694 SC
40.178 -2360.21 m
40.178 -2287.903 l
S
0.682 0.69 0.698 SC
40.644 -2360.21 m
40.644 -2287.903 l
S
0.682 0.69 0.702 SC
41.111 -2360.21 m
41.111 -2287.903 l
S
0.686 0.694 0.706 SC
41.577 -2360.21 m
41.577 -2287.903 l
S
0.69 0.698 0.706 SC
42.044 -2360.21 m
42.044 -2287.903 l
S
0.694 0.702 0.71 SC
42.51 -2360.21 m
42.51 -2287.903 l
S
0.698 0.706 0.714 SC
42.977 -2360.21 m
42.977 -2287.903 l
S
0.698 0.706 0.718 SC
43.443 -2360.21 m
43.443 -2287.903 l
S
0.702 0.71 0.722 SC
43.91 -2360.21 m
43.91 -2287.903 l
S
0.706 0.714 0.722 SC
44.376 -2360.21 m
44.376 -2287.903 l
S
0.71 0.718 0.725 SC
44.843 -2360.21 m
44.843 -2287.903 l
S
0.714 0.722 0.729 SC
45.309 -2360.21 m
45.309 -2287.903 l
S
0.714 0.722 0.733 SC
45.776 -2360.21 m
45.776 -2287.903 l
S
0.718 0.725 0.737 SC
46.242 -2360.21 m
46.242 -2287.903 l
S
0.722 0.729 0.737 SC
46.709 -2360.21 m
46.709 -2287.903 l
S
0.725 0.733 0.741 SC
47.175 -2360.21 m
47.175 -2287.903 l
S
0.729 0.737 0.745 SC
47.642 -2360.21 m
47.642 -2287.903 l
S
0.733 0.741 0.749 SC
48.108 -2360.21 m
48.108 -2287.903 l
S
0.733 0.741 0.753 SC
48.575 -2360.21 m
48.575 -2287.903 l
49.041 -2360.21 m
49.041 -2287.903 l
S
0.737 0.745 0.753 SC
49.508 -2360.21 m
49.508 -2287.903 l
S
0.741 0.749 0.757 SC
49.974 -2360.21 m
49.974 -2287.903 l
S
0.745 0.753 0.761 SC
50.441 -2360.21 m
50.441 -2287.903 l
S
0.749 0.757 0.765 SC
50.907 -2360.21 m
50.907 -2287.903 l
S
0.753 0.761 0.769 SC
51.374 -2360.21 m
51.374 -2287.903 l
51.84 -2360.21 m
51.84 -2287.903 l
S
0.757 0.765 0.773 SC
52.307 -2360.21 m
52.307 -2287.903 l
S
0.761 0.769 0.776 SC
52.773 -2360.21 m
52.773 -2287.903 l
S
0.765 0.773 0.78 SC
53.24 -2360.21 m
53.24 -2287.903 l
S
0.769 0.776 0.784 SC
53.706 -2360.21 m
53.706 -2287.903 l
S
0.773 0.776 0.784 SC
54.173 -2360.21 m
54.173 -2287.903 l
S
0.776 0.78 0.788 SC
54.639 -2360.21 m
54.639 -2287.903 l
S
0.776 0.784 0.792 SC
55.106 -2360.21 m
55.106 -2287.903 l
S
0.78 0.788 0.796 SC
55.572 -2360.21 m
55.572 -2287.903 l
S
0.784 0.792 0.8 SC
56.039 -2360.21 m
56.039 -2287.903 l
S
0.788 0.796 0.8 SC
56.505 -2360.21 m
56.505 -2287.903 l
S
0.792 0.796 0.804 SC
56.972 -2360.21 m
56.972 -2287.903 l
S
0.796 0.8 0.808 SC
57.438 -2360.21 m
57.438 -2287.903 l
S
0.796 0.804 0.812 SC
57.905 -2360.21 m
57.905 -2287.903 l
S
0.8 0.808 0.816 SC
58.371 -2360.21 m
58.371 -2287.903 l
S
0.804 0.812 0.816 SC
58.838 -2360.21 m
58.838 -2287.903 l
S
0.808 0.812 0.82 SC
59.304 -2360.21 m
59.304 -2287.903 l
S
0.812 0.816 0.824 SC
59.771 -2360.21 m
59.771 -2287.903 l
S
0.816 0.82 0.827 SC
60.237 -2360.21 m
60.237 -2287.903 l
S
0.816 0.824 0.831 SC
60.704 -2360.21 m
60.704 -2287.903 l
S
0.82 0.827 0.831 SC
61.17 -2360.21 m
61.17 -2287.903 l
S
0.824 0.831 0.835 SC
61.637 -2360.21 m
61.637 -2287.903 l
S
0.827 0.831 0.839 SC
62.103 -2360.21 m
62.103 -2287.903 l
S
0.831 0.835 0.843 SC
62.57 -2360.21 m
62.57 -2287.903 l
S
0.835 0.839 0.843 SC
63.036 -2360.21 m
63.036 -2287.903 l
S
0.835 0.843 0.847 SC
63.503 -2360.21 m
63.503 -2287.903 l
S
0.839 0.847 0.851 SC
63.969 -2360.21 m
63.969 -2287.903 l
S
0.843 0.847 0.855 SC
64.436 -2360.21 m
64.436 -2287.903 l
S
0.847 0.851 0.859 SC
64.902 -2360.21 m
64.902 -2287.903 l
S
0.851 0.855 0.859 SC
65.369 -2360.21 m
65.369 -2287.903 l
S
0.855 0.859 0.863 SC
65.835 -2360.21 m
65.835 -2287.903 l
S
0.855 0.863 0.867 SC
66.302 -2360.21 m
66.302 -2287.903 l
S
0.859 0.863 0.871 SC
66.768 -2360.21 m
66.768 -2287.903 l
S
0.863 0.867 0.875 SC
67.235 -2360.21 m
67.235 -2287.903 l
S
0.867 0.871 0.875 SC
67.701 -2360.21 m
67.701 -2287.903 l
S
0.871 0.875 0.878 SC
68.168 -2360.21 m
68.168 -2287.903 l
S
0.875 0.878 0.882 SC
68.634 -2360.21 m
68.634 -2287.903 l
S
0.875 0.882 0.886 SC
69.101 -2360.21 m
69.101 -2287.903 l
S
0.878 0.882 0.89 SC
69.567 -2360.21 m
69.567 -2287.903 l
S
0.882 0.886 0.89 SC
70.034 -2360.21 m
70.034 -2287.903 l
S
0.886 0.89 0.894 SC
70.5 -2360.21 m
70.5 -2287.903 l
S
0.89 0.894 0.898 SC
70.967 -2360.21 m
70.967 -2287.903 l
S
0.894 0.898 0.902 SC
71.433 -2360.21 m
71.433 -2287.903 l
S
0.898 0.898 0.902 SC
71.9 -2360.21 m
71.9 -2287.903 l
S
0.898 0.902 0.906 SC
72.366 -2360.21 m
72.366 -2287.903 l
S
0.902 0.906 0.91 SC
72.833 -2360.21 m
72.833 -2287.903 l
S
0.906 0.91 0.914 SC
73.299 -2360.21 m
73.299 -2287.903 l
S
0.91 0.914 0.918 SC
73.766 -2360.21 m
73.766 -2287.903 l
S
0.914 0.918 0.922 SC
74.232 -2360.21 m
74.232 -2287.903 l
S
0.918 0.922 0.922 SC
74.699 -2360.21 m
74.699 -2287.903 l
S
0.922 0.922 0.925 SC
75.165 -2360.21 m
75.165 -2287.903 l
S
0.922 0.925 0.929 SC
75.632 -2360.21 m
75.632 -2287.903 l
S
0.925 0.929 0.933 SC
76.098 -2360.21 m
76.098 -2287.903 l
S
0.929 0.933 0.933 SC
76.565 -2360.21 m
76.565 -2287.903 l
S
0.933 0.937 0.937 SC
77.031 -2360.21 m
77.031 -2287.903 l
S
0.937 0.937 0.941 SC
77.498 -2360.21 m
77.498 -2287.903 l
S
0.941 0.941 0.945 SC
77.964 -2360.21 m
77.964 -2287.903 l
S
0.945 0.945 0.949 SC
78.431 -2360.21 m
78.431 -2287.903 l
S
0.945 0.949 0.949 SC
78.897 -2360.21 m
78.897 -2287.903 l
S
0.949 0.953 0.953 SC
79.364 -2360.21 m
79.364 -2287.903 l
S
0.953 0.957 0.957 SC
79.83 -2360.21 m
79.83 -2287.903 l
S
0.957 0.957 0.961 SC
80.297 -2360.21 m
80.297 -2287.903 l
S
0.961 0.961 0.965 SC
80.763 -2360.21 m
80.763 -2287.903 l
S
0.965 0.965 0.969 SC
81.23 -2360.21 m
81.23 -2287.903 l
S
0.969 0.969 0.969 SC
81.696 -2360.21 m
81.696 -2287.903 l
S
0.973 0.973 0.973 SC
82.163 -2360.21 m
82.163 -2287.903 l
S
0.976 0.976 0.976 SC
82.629 -2360.21 m
82.629 -2287.903 l
S
0.98 0.98 0.984 SC
83.096 -2360.21 m
83.096 -2287.903 l
S
0.988 0.988 0.988 SC
83.562 -2360.21 m
83.562 -2287.903 l
S
0.992 0.992 0.992 SC
84.029 -2360.21 m
84.029 -2287.903 l
S
1 1 1 SC
84.495 -2360.21 m
84.495 -2287.903 l
S
Q
Q
q
1 i 
-9 851 613 -860 re
0 841 m
W n
0.03 841.02 595.02 -841.02 re
W n
/Cs5 cs 0.161 0.145 0.149 sc
/GS1 gs
0.03 841.02 35.4 -6.11 re
f
/Cs5 CS 0.161 0.145 0.149 SC
0 J 0 j 0.3 w 10 M []0 d
28.347 841.076 m
28.347 805.006 l
S
286.3 22.8 22.68 -22.8 re
f
BT
/F1 1 Tf
10 0 0 10 289.2992 7.7671 Tm
1 1 1 sc
-0.0002 Tc
0 Tw
(648)Tj
/F3 1 Tf
7 0 0 7 35.4331 17.5374 Tm
0.161 0.145 0.149 sc
-0.0001 Tc
-0.0306 Tw
[(Swissmedic Jour)-17.9(nal)-1111.9(9/2002)]TJ
/F2 1 Tf
10 0 0 10 85.0394 763.6339 Tm
-0.0336 Tw
[(01)-1044.2(Br)17.7(evibloc 2,5)-306(g, Infusionslösungskonzentrat)]TJ
0 -1.2835 TD
[(02)-1044.2(Br)17.7(evibloc 100)-306(mg, Infusionslösung)]TJ
T*
[(03)-1044.2(Br)17.7(evibloc 2,5)-306(g/250 ml, Infusionslösung)]TJ
/F5 1 Tf
0 -1.4174 TD
-0.0306 Tw
[(Baxter AG, Müllerenstrasse 3, 8604 V)48.7(olketswil)]TJ
ET
0.4 w 
85.04 715.84 m
552.76 715.84 l
85.04 698.15 m
552.76 698.15 l
S
BT
10 0 0 10 85.0394 703.452 Tm
-0.0002 Tc
0 Tw
[(Zul.-Nr)91.6(.: )]TJ
/F2 1 Tf
3.8771 0 TD
(49576)Tj
/F5 1 Tf
8.8788 0 TD
0 Tc
(V)Tj
0.6301 0 TD
-0.0001 Tc
(erkaufsart: )Tj
/F2 1 Tf
5.3041 0 TD
0 Tc
(B)Tj
/F5 1 Tf
6.8216 0 TD
-0.0001 Tc
-0.0306 Tw
[(Index: 02.03.0.)-9563.5(30.09.2002)]TJ
-25.5118 -2.2428 TD
0 Tw
[(Zusammensetzung:)-921.1(01)]TJ
8.3 0 0 8.3 198.4252 681.0239 Tm
0.0683 Tw
[(ESMOLOLI HYDROCHLORIDUM 2.5)-278.1(g, NA)73.7(TRII ACET)54.7(AS, ACIDUM ACETICUM GLACIALE, PRO-)]TJ
0 -1.3661 TD
-0.0306 Tw
[(PYLENGL)91.5(YCOLUM, ETHANOLUM 2.01)-278.1(g, AQUA q.s. ad SOLUTIONEM pro 10)-278.1(mL. )]TJ
10 0 0 10 184.252 655.5112 Tm
-0.0002 Tc
0 Tw
(02)Tj
8.3 0 0 8.3 198.4252 655.5112 Tm
-0.0001 Tc
0.2764 Tw
[(ESMOLOLI HYDROCHLORIDUM 100)-278.1(mg, NA)73.7(TRII ACET)54.7(AS, ACIDUM ACETICUM GLACIALE,)]TJ
T*
-0.0306 Tw
[(AQUA q.s. ad SOLUTIONEM pro 10)-278.1(mL. )]TJ
10 0 0 10 184.252 629.9986 Tm
-0.0002 Tc
0 Tw
(03)Tj
8.3 0 0 8.3 198.4252 629.9985 Tm
-0.0001 Tc
0.0498 Tw
[(ESMOLOLI HYDROCHLORIDUM 2.5)-278.1(g, NA)73.7(TRII CHLORIDUM, NA)73.7(TRII ACET)54.7(AS, ACIDUM ACETI-)]TJ
T*
-0.0306 Tw
[(CUM GLACIALE, AQUA q.s. ad SOLUTIONEM pro 250)-278.1(mL. )]TJ
10 0 0 10 85.0394 604.486 Tm
-0.0002 Tc
0 Tw
[(Anwendung:)-5285.3(Betarezeptoren-Blocker)]TJ
0 -1.4174 TD
-0.0305 Tw
[(* Packungen:)-3729.6(01)-305.7(013)-7697.8(1)-567(Ampulle\(n\))-8386.1(B)]TJ
9.9213 -1.4174 TD
0 Tw
[(02)-305.7(021)-7697.8(5)-567(Durchstichflasche\(n\))-4221.3(B)]TJ
T*
[(03)-305.7(Beutel)]TJ
1.4173 -1.4174 TD
-0.0001 Tc
[(048)-6585.9(2)0.1(50)-567.1(mL)-12217.5(B)]TJ
-11.3386 -1.4174 TD
-0.0306 Tw
[(Bemerkung:)-5671.9(Ersetzt die Registrierungsurkunde vom 01.07.2001)]TJ
T*
[(Gültig bis:)-6647.8(31. Dezember 2003)]TJ
ET
85.04 511.03 m
552.76 511.03 l
S
BT
/F2 1 Tf
10 0 0 10 85.0394 475.0348 Tm
-0.0336 Tw
[(01)-1044.2(Br)17.7(oncatar)91.7(, sir)17.7(op)]TJ
/F5 1 Tf
T*
-0.0306 Tw
[(* Sanofi SA/Sanofi AG, 11, rue de V)36.7(eyrot, 1217 Meyrin)]TJ
ET
85.04 452.91 m
552.76 452.91 l
85.04 435.22 m
552.76 435.22 l
S
BT
10 0 0 10 85.0394 440.5221 Tm
-0.0002 Tc
0 Tw
[(N°)-247.4(AMM: )]TJ
/F2 1 Tf
4.5038 0 TD
(48731)Tj
/F5 1 Tf
8.2521 0 TD
-0.0001 Tc
-0.0306 Tw
(Mode de vente: )Tj
/F2 1 Tf
7.5194 0 TD
0 Tc
0 Tw
(C)Tj
/F5 1 Tf
5.2365 0 TD
-0.0001 Tc
-0.0306 Tw
[(Index: 03.02.0.)-9563.5(01.09.2002)]TJ
-25.5118 -2.2428 TD
-0.0002 Tc
0 Tw
[(Composition:)-3756.2(01)]TJ
8.3 0 0 8.3 198.4252 418.094 Tm
-0.0001 Tc
0.1124 Tw
[(CARBOCISTEINUM 100)-278.1(mg, PROMETHAZINI HYDROCHLORIDUM 2.5)-278.1(mg, AMYLI HYDROL)91.5(Y-)]TJ
0 -1.3661 TD
-0.0413 Tw
[(SA)73.7(TI SIRUPUS HYDROGENA)73.7(TUS, V)36.7(ANILLINUM, AROMA)73.7(TICA, COLOR.: E)-278.1(150, CONSER)17.7(V)91.5(.: E)-278.1(218,)]TJ
T*
-0.0306 Tw
[(EXCIPIENS ad SOLUTIONEM pro 5)-278.1(mL. )]TJ
10 0 0 10 85.0394 381.2424 Tm
-0.0002 Tc
0 Tw
[(Indication:)-6395.4(Mucolytique)]TJ
0 -1.4174 TD
-0.0001 Tc
[(Conditionnement:)-1422.6(0)0.1(1)-305.6(0)0(15)-6585.9(125)-567.1(m)0(L)-12217.5(C)]TJ
T*
-0.0102 Tw
[(* )20.4(Remarques:)-5090.7(Cette attestation d’enregistrement annule celle du 15.10.2001 \(Changement)]TJ
11.3386 -1.1339 TD
-0.0306 Tw
(de titulaire de l’AMM\))Tj
-11.3386 -1.4174 TD
-0.0488 Tc
0 Tw
(Va)Tj
1.174 0 TD
-0.0001 Tc
-0.0306 Tw
[(lable jusqu’au:)-3417.3(31 décembre 2006)]TJ
ET
85.04 318.97 m
552.76 318.97 l
S
BT
/F2 1 Tf
10 0 0 10 85.0394 282.9731 Tm
-0.0337 Tw
[(01)-1044.2(Burgerstein V)17.7(itamin B6-T)98.8(abletten)]TJ
/F5 1 Tf
0 -1.4174 TD
-0.0306 Tw
(Antistress Aktiengesellschaft für Gesundheitsschutz, Fluhstrasse 30, 8640 Rapperswil)Tj
ET
85.04 260.85 m
552.76 260.85 l
85.04 243.16 m
552.76 243.16 l
S
BT
10 0 0 10 85.0394 248.4605 Tm
-0.0002 Tc
0 Tw
[(Zul.-Nr)91.6(.: )]TJ
/F2 1 Tf
3.8771 0 TD
(47054)Tj
/F5 1 Tf
8.8788 0 TD
0 Tc
(V)Tj
0.6301 0 TD
-0.0001 Tc
(erkaufsart: )Tj
/F2 1 Tf
5.3041 0 TD
0 Tc
(C)Tj
/F5 1 Tf
6.8216 0 TD
-0.0001 Tc
-0.0306 Tw
[(Index: 07.02.3.)-9563.5(23.09.2002)]TJ
-25.5118 -2.2428 TD
0 Tw
[(Zusammensetzung:)-921.1(01)]TJ
8.3 0 0 8.3 198.4252 226.0324 Tm
-0.0306 Tw
[(PYRIDOXINI HYDROCHLORIDUM 100)-278.1(mg, EXCIPIENS pro COMPRESSO.)]TJ
10 0 0 10 85.0394 211.8587 Tm
[(Anwendung:)-5285.2(V)17.7(itamin B6-Präparat)]TJ
0 -1.4174 TD
-0.0002 Tc
0 Tw
[(Packung:)-5699.5(01)-305.7(028)-6586(1)0(00)-567.2(T)73.9(abletten)-9179.5(C)]TJ
T*
-0.0001 Tc
-0.0306 Tw
[(* Gültig bis:)-5844.6(22. September 2007)]TJ
ET
85.04 175.1 m
552.76 175.1 l
S
Q

q
1 i 
-9 851 613 -860 re
0 841 m
W n
0.03 841.02 595.02 -841.02 re
W n
BT
/F4 1 Tf
12.5 0 0 12.5 285.8058 811.7825 Tm
/Cs5 cs 0.161 0.145 0.149 sc
/GS1 gs
-0.0001 Tc
-0.0286 Tw
[(Arzneimittel Statistik)-130(/)-129.9(M)0.1(édicaments miscellanées)]TJ
ET
/Cs5 CS 0.161 0.145 0.149 SC
0 J 0 j 0.3 w 10 M []0 d
42.8 805.15 m
567.2 805.15 l
S
Q
q
1 i 
361.69 850.5 198.43 -24.09 re
560.097 811.782 m
W* n
-9 851 613 -860 re
0 841 m
W n
0.03 841.02 595.02 -841.02 re
W n
q
2.7718 0 0 -0.3608 0 0 cm
/Cs5 CS 1 1 1 SC
0 J 0 j 0.5 w 10 M []0 d
/GS1 gs
130.36 -2360.21 m
130.36 -2287.903 l
S
0.992 0.992 0.992 SC
130.827 -2360.21 m
130.827 -2287.903 l
S
0.988 0.988 0.988 SC
131.293 -2360.21 m
131.293 -2287.903 l
S
0.98 0.98 0.984 SC
131.76 -2360.21 m
131.76 -2287.903 l
S
0.976 0.976 0.976 SC
132.226 -2360.21 m
132.226 -2287.903 l
S
0.973 0.973 0.973 SC
132.693 -2360.21 m
132.693 -2287.903 l
S
0.969 0.969 0.969 SC
133.159 -2360.21 m
133.159 -2287.903 l
S
0.965 0.965 0.969 SC
133.626 -2360.21 m
133.626 -2287.903 l
S
0.961 0.961 0.965 SC
134.092 -2360.21 m
134.092 -2287.903 l
S
0.957 0.957 0.961 SC
134.559 -2360.21 m
134.559 -2287.903 l
S
0.953 0.957 0.957 SC
135.025 -2360.21 m
135.025 -2287.903 l
S
0.949 0.953 0.953 SC
135.492 -2360.21 m
135.492 -2287.903 l
S
0.945 0.949 0.949 SC
135.958 -2360.21 m
135.958 -2287.903 l
S
0.945 0.945 0.949 SC
136.425 -2360.21 m
136.425 -2287.903 l
S
0.941 0.941 0.945 SC
136.891 -2360.21 m
136.891 -2287.903 l
S
0.937 0.937 0.941 SC
137.358 -2360.21 m
137.358 -2287.903 l
S
0.933 0.937 0.937 SC
137.824 -2360.21 m
137.824 -2287.903 l
S
0.929 0.933 0.933 SC
138.291 -2360.21 m
138.291 -2287.903 l
S
0.925 0.929 0.933 SC
138.757 -2360.21 m
138.757 -2287.903 l
S
0.922 0.925 0.929 SC
139.224 -2360.21 m
139.224 -2287.903 l
S
0.922 0.922 0.925 SC
139.69 -2360.21 m
139.69 -2287.903 l
S
0.918 0.922 0.922 SC
140.157 -2360.21 m
140.157 -2287.903 l
S
0.914 0.918 0.922 SC
140.623 -2360.21 m
140.623 -2287.903 l
S
0.91 0.914 0.918 SC
141.09 -2360.21 m
141.09 -2287.903 l
S
0.906 0.91 0.914 SC
141.556 -2360.21 m
141.556 -2287.903 l
S
0.902 0.906 0.91 SC
142.023 -2360.21 m
142.023 -2287.903 l
S
0.898 0.902 0.906 SC
142.489 -2360.21 m
142.489 -2287.903 l
S
0.898 0.898 0.902 SC
142.956 -2360.21 m
142.956 -2287.903 l
S
0.894 0.898 0.902 SC
143.422 -2360.21 m
143.422 -2287.903 l
S
0.89 0.894 0.898 SC
143.889 -2360.21 m
143.889 -2287.903 l
S
0.886 0.89 0.894 SC
144.355 -2360.21 m
144.355 -2287.903 l
S
0.882 0.886 0.89 SC
144.822 -2360.21 m
144.822 -2287.903 l
S
0.878 0.882 0.89 SC
145.288 -2360.21 m
145.288 -2287.903 l
S
0.875 0.882 0.886 SC
145.755 -2360.21 m
145.755 -2287.903 l
S
0.875 0.878 0.882 SC
146.221 -2360.21 m
146.221 -2287.903 l
S
0.871 0.875 0.878 SC
146.688 -2360.21 m
146.688 -2287.903 l
S
0.867 0.871 0.875 SC
147.154 -2360.21 m
147.154 -2287.903 l
S
0.863 0.867 0.875 SC
147.621 -2360.21 m
147.621 -2287.903 l
S
0.859 0.863 0.871 SC
148.087 -2360.21 m
148.087 -2287.903 l
S
0.855 0.863 0.867 SC
148.554 -2360.21 m
148.554 -2287.903 l
S
0.855 0.859 0.863 SC
149.02 -2360.21 m
149.02 -2287.903 l
S
0.851 0.855 0.859 SC
149.487 -2360.21 m
149.487 -2287.903 l
S
0.847 0.851 0.859 SC
149.953 -2360.21 m
149.953 -2287.903 l
S
0.843 0.847 0.855 SC
150.42 -2360.21 m
150.42 -2287.903 l
S
0.839 0.847 0.851 SC
150.886 -2360.21 m
150.886 -2287.903 l
S
0.835 0.843 0.847 SC
151.353 -2360.21 m
151.353 -2287.903 l
S
0.835 0.839 0.843 SC
151.819 -2360.21 m
151.819 -2287.903 l
S
0.831 0.835 0.843 SC
152.286 -2360.21 m
152.286 -2287.903 l
S
0.827 0.831 0.839 SC
152.752 -2360.21 m
152.752 -2287.903 l
S
0.824 0.831 0.835 SC
153.219 -2360.21 m
153.219 -2287.903 l
S
0.82 0.827 0.831 SC
153.685 -2360.21 m
153.685 -2287.903 l
S
0.816 0.824 0.831 SC
154.152 -2360.21 m
154.152 -2287.903 l
S
0.816 0.82 0.827 SC
154.618 -2360.21 m
154.618 -2287.903 l
S
0.812 0.816 0.824 SC
155.085 -2360.21 m
155.085 -2287.903 l
S
0.808 0.812 0.82 SC
155.551 -2360.21 m
155.551 -2287.903 l
S
0.804 0.812 0.816 SC
156.018 -2360.21 m
156.018 -2287.903 l
S
0.8 0.808 0.816 SC
156.484 -2360.21 m
156.484 -2287.903 l
S
0.796 0.804 0.812 SC
156.951 -2360.21 m
156.951 -2287.903 l
S
0.796 0.8 0.808 SC
157.417 -2360.21 m
157.417 -2287.903 l
S
0.792 0.796 0.804 SC
157.884 -2360.21 m
157.884 -2287.903 l
S
0.788 0.796 0.8 SC
158.35 -2360.21 m
158.35 -2287.903 l
S
0.784 0.792 0.8 SC
158.817 -2360.21 m
158.817 -2287.903 l
S
0.78 0.788 0.796 SC
159.283 -2360.21 m
159.283 -2287.903 l
S
0.776 0.784 0.792 SC
159.75 -2360.21 m
159.75 -2287.903 l
S
0.776 0.78 0.788 SC
160.216 -2360.21 m
160.216 -2287.903 l
S
0.773 0.776 0.784 SC
160.683 -2360.21 m
160.683 -2287.903 l
S
0.769 0.776 0.784 SC
161.149 -2360.21 m
161.149 -2287.903 l
S
0.765 0.773 0.78 SC
161.616 -2360.21 m
161.616 -2287.903 l
S
0.761 0.769 0.776 SC
162.082 -2360.21 m
162.082 -2287.903 l
S
0.757 0.765 0.773 SC
162.549 -2360.21 m
162.549 -2287.903 l
S
0.753 0.761 0.769 SC
163.015 -2360.21 m
163.015 -2287.903 l
163.482 -2360.21 m
163.482 -2287.903 l
S
0.749 0.757 0.765 SC
163.948 -2360.21 m
163.948 -2287.903 l
S
0.745 0.753 0.761 SC
164.415 -2360.21 m
164.415 -2287.903 l
S
0.741 0.749 0.757 SC
164.881 -2360.21 m
164.881 -2287.903 l
S
0.737 0.745 0.753 SC
165.348 -2360.21 m
165.348 -2287.903 l
S
0.733 0.741 0.753 SC
165.814 -2360.21 m
165.814 -2287.903 l
S
0.733 0.741 0.749 SC
166.281 -2360.21 m
166.281 -2287.903 l
166.747 -2360.21 m
166.747 -2287.903 l
S
0.729 0.737 0.745 SC
167.214 -2360.21 m
167.214 -2287.903 l
S
0.725 0.733 0.741 SC
167.68 -2360.21 m
167.68 -2287.903 l
S
0.722 0.729 0.737 SC
168.147 -2360.21 m
168.147 -2287.903 l
S
0.718 0.725 0.737 SC
168.613 -2360.21 m
168.613 -2287.903 l
S
0.714 0.722 0.733 SC
169.08 -2360.21 m
169.08 -2287.903 l
S
0.714 0.722 0.729 SC
169.546 -2360.21 m
169.546 -2287.903 l
S
0.71 0.718 0.725 SC
170.013 -2360.21 m
170.013 -2287.903 l
S
0.706 0.714 0.722 SC
170.479 -2360.21 m
170.479 -2287.903 l
S
0.702 0.71 0.722 SC
170.946 -2360.21 m
170.946 -2287.903 l
S
0.698 0.706 0.718 SC
171.412 -2360.21 m
171.412 -2287.903 l
S
0.698 0.706 0.714 SC
171.879 -2360.21 m
171.879 -2287.903 l
S
0.694 0.702 0.71 SC
172.345 -2360.21 m
172.345 -2287.903 l
S
0.69 0.698 0.706 SC
172.812 -2360.21 m
172.812 -2287.903 l
S
0.686 0.694 0.706 SC
173.278 -2360.21 m
173.278 -2287.903 l
S
0.682 0.69 0.702 SC
173.745 -2360.21 m
173.745 -2287.903 l
S
0.682 0.69 0.698 SC
174.211 -2360.21 m
174.211 -2287.903 l
S
0.678 0.686 0.694 SC
174.678 -2360.21 m
174.678 -2287.903 l
S
0.675 0.682 0.69 SC
175.144 -2360.21 m
175.144 -2287.903 l
S
0.671 0.678 0.69 SC
175.611 -2360.21 m
175.611 -2287.903 l
S
0.667 0.675 0.686 SC
176.077 -2360.21 m
176.077 -2287.903 l
S
0.663 0.675 0.682 SC
176.544 -2360.21 m
176.544 -2287.903 l
S
0.663 0.671 0.678 SC
177.01 -2360.21 m
177.01 -2287.903 l
S
0.659 0.667 0.678 SC
177.477 -2360.21 m
177.477 -2287.903 l
S
0.655 0.663 0.675 SC
177.943 -2360.21 m
177.943 -2287.903 l
S
0.651 0.659 0.671 SC
178.41 -2360.21 m
178.41 -2287.903 l
S
0.651 0.659 0.667 SC
178.876 -2360.21 m
178.876 -2287.903 l
S
0.647 0.655 0.663 SC
179.343 -2360.21 m
179.343 -2287.903 l
S
0.643 0.651 0.663 SC
179.809 -2360.21 m
179.809 -2287.903 l
S
0.639 0.647 0.659 SC
180.276 -2360.21 m
180.276 -2287.903 l
S
0.635 0.643 0.655 SC
180.742 -2360.21 m
180.742 -2287.903 l
S
0.635 0.643 0.651 SC
181.209 -2360.21 m
181.209 -2287.903 l
S
0.631 0.639 0.647 SC
181.675 -2360.21 m
181.675 -2287.903 l
S
0.627 0.635 0.647 SC
182.142 -2360.21 m
182.142 -2287.903 l
S
0.624 0.631 0.643 SC
182.608 -2360.21 m
182.608 -2287.903 l
S
0.62 0.631 0.639 SC
183.075 -2360.21 m
183.075 -2287.903 l
S
0.62 0.627 0.635 SC
183.541 -2360.21 m
183.541 -2287.903 l
S
0.616 0.624 0.635 SC
184.008 -2360.21 m
184.008 -2287.903 l
S
0.612 0.62 0.631 SC
184.474 -2360.21 m
184.474 -2287.903 l
S
0.608 0.616 0.627 SC
184.941 -2360.21 m
184.941 -2287.903 l
S
0.608 0.616 0.624 SC
185.407 -2360.21 m
185.407 -2287.903 l
S
0.604 0.612 0.624 SC
185.874 -2360.21 m
185.874 -2287.903 l
S
0.6 0.608 0.62 SC
186.34 -2360.21 m
186.34 -2287.903 l
S
0.596 0.604 0.616 SC
186.806 -2360.21 m
186.806 -2287.903 l
S
0.596 0.604 0.612 SC
187.273 -2360.21 m
187.273 -2287.903 l
S
0.592 0.6 0.608 SC
187.739 -2360.21 m
187.739 -2287.903 l
S
0.588 0.596 0.608 SC
188.206 -2360.21 m
188.206 -2287.903 l
S
0.584 0.592 0.604 SC
188.672 -2360.21 m
188.672 -2287.903 l
S
0.584 0.592 0.6 SC
189.139 -2360.21 m
189.139 -2287.903 l
S
0.58 0.588 0.596 SC
189.605 -2360.21 m
189.605 -2287.903 l
S
0.576 0.584 0.596 SC
190.072 -2360.21 m
190.072 -2287.903 l
S
0.573 0.58 0.592 SC
190.538 -2360.21 m
190.538 -2287.903 l
S
0.573 0.58 0.588 SC
191.005 -2360.21 m
191.005 -2287.903 l
S
0.569 0.576 0.588 SC
191.471 -2360.21 m
191.471 -2287.903 l
S
0.565 0.573 0.584 SC
191.938 -2360.21 m
191.938 -2287.903 l
S
0.561 0.569 0.58 SC
192.404 -2360.21 m
192.404 -2287.903 l
S
0.561 0.569 0.576 SC
192.871 -2360.21 m
192.871 -2287.903 l
S
0.557 0.565 0.576 SC
193.337 -2360.21 m
193.337 -2287.903 l
S
0.553 0.561 0.573 SC
193.804 -2360.21 m
193.804 -2287.903 l
S
0.549 0.557 0.569 SC
194.27 -2360.21 m
194.27 -2287.903 l
S
0.549 0.557 0.565 SC
194.737 -2360.21 m
194.737 -2287.903 l
S
0.545 0.553 0.565 SC
195.203 -2360.21 m
195.203 -2287.903 l
S
0.541 0.549 0.561 SC
195.67 -2360.21 m
195.67 -2287.903 l
S
0.537 0.545 0.557 SC
196.136 -2360.21 m
196.136 -2287.903 l
S
0.537 0.545 0.553 SC
196.603 -2360.21 m
196.603 -2287.903 l
S
0.533 0.541 0.553 SC
197.069 -2360.21 m
197.069 -2287.903 l
S
0.529 0.537 0.549 SC
197.536 -2360.21 m
197.536 -2287.903 l
S
0.529 0.533 0.545 SC
198.002 -2360.21 m
198.002 -2287.903 l
S
0.525 0.533 0.541 SC
198.469 -2360.21 m
198.469 -2287.903 l
S
0.522 0.529 0.541 SC
198.935 -2360.21 m
198.935 -2287.903 l
S
0.518 0.525 0.537 SC
199.402 -2360.21 m
199.402 -2287.903 l
S
0.518 0.525 0.533 SC
199.868 -2360.21 m
199.868 -2287.903 l
S
0.514 0.522 0.529 SC
200.335 -2360.21 m
200.335 -2287.903 l
S
0.51 0.518 0.529 SC
200.801 -2360.21 m
200.801 -2287.903 l
S
0.51 0.514 0.525 SC
201.268 -2360.21 m
201.268 -2287.903 l
S
0.506 0.514 0.522 SC
201.734 -2360.21 m
201.734 -2287.903 l
S
0.502 0.51 0.518 SC
202.201 -2360.21 m
202.201 -2287.903 l
S
Q
Q
q
1 i 
-9 851 613 -860 re
0 841 m
W n
0.03 841.02 595.02 -841.02 re
W n
/Cs5 cs 0.161 0.145 0.149 sc
/GS1 gs
560.12 841.02 34.93 -6.11 re
f
/Cs5 CS 0.161 0.145 0.149 SC
0 J 0 j 0.3 w 10 M []0 d
567.202 840.678 m
567.202 804.948 l
S
286.57 22.8 22.68 -22.8 re
f
BT
/F1 1 Tf
10 0 0 10 289.5747 7.7671 Tm
1 1 1 sc
-0.0002 Tc
0 Tw
(649)Tj
/F3 1 Tf
7 0 0 7 473.8676 17.5374 Tm
0.161 0.145 0.149 sc
-0.0001 Tc
-0.0306 Tw
[(Swissmedic Jour)-17.9(nal)-1111.9(9/2002)]TJ
/F2 1 Tf
10 0 0 10 42.7953 763.6339 Tm
-0.0336 Tw
[(02)-1044.2(Car)-17.9(nitene sigma-tau 1.0)-306(g/5.0)-306(mL, Injektionslösung)]TJ
/F5 1 Tf
0 -1.4174 TD
-0.0306 Tw
[(Sigma-T)73.9(au Pharma AG, Luzernerstrasse 2, 4800 Zofingen)]TJ
ET
0.4 w 
42.8 741.51 m
510.51 741.51 l
42.8 723.82 m
510.51 723.82 l
S
BT
10 0 0 10 42.7953 729.1213 Tm
-0.0002 Tc
0 Tw
[(Zul.-Nr)91.6(.: )]TJ
/F2 1 Tf
3.8772 0 TD
(43716)Tj
/F5 1 Tf
8.8787 0 TD
0 Tc
(V)Tj
0.6301 0 TD
-0.0001 Tc
(erkaufsart: )Tj
/F2 1 Tf
5.3042 0 TD
0 Tc
(B)Tj
/F5 1 Tf
6.8216 0 TD
-0.0001 Tc
-0.0306 Tw
[(Index: 07.99.0.)-9563.5(02.09.2002)]TJ
-25.5118 -2.2428 TD
0 Tw
[(Zusammensetzung:)-921.1(02)]TJ
8.3 0 0 8.3 156.1811 706.6931 Tm
-0.0306 Tw
[(L-CARNITINUM 1)-278.1(g, AQUA q.s. ad SOLUTIONEM pro 5)-278.1(mL. )]TJ
10 0 0 10 42.7953 692.5195 Tm
-0.0002 Tc
0 Tw
[(Anwendung:)-5285.3(L-Carnitin-Mangel)]TJ
0 -1.4174 TD
[(Packung:)-5699.5(02)-305.7(018)-7697.8(5)-567(Ampulle\(n\))-8386(B)]TJ
T*
-0.0001 Tc
-0.0306 Tw
[(* Gültig bis:)-5844.6(01. September 2007)]TJ
ET
42.8 655.76 m
510.51 655.76 l
S
BT
/F2 1 Tf
10 0 0 10 42.7953 619.7628 Tm
-0.0337 Tw
[(01)-1044.2(Car)-17.9(nitene sigma-tau, Kautabletten)]TJ
/F5 1 Tf
T*
-0.0306 Tw
[(Sigma-T)73.9(au Pharma AG, Luzernerstrasse 2, 4800 Zofingen)]TJ
ET
42.8 597.64 m
510.51 597.64 l
42.8 579.95 m
510.51 579.95 l
S
BT
10 0 0 10 42.7953 585.2502 Tm
-0.0002 Tc
0 Tw
[(Zul.-Nr)91.6(.: )]TJ
/F2 1 Tf
3.8772 0 TD
(48509)Tj
/F5 1 Tf
8.8787 0 TD
0 Tc
(V)Tj
0.6301 0 TD
-0.0001 Tc
(erkaufsart: )Tj
/F2 1 Tf
5.3042 0 TD
0 Tc
(B)Tj
/F5 1 Tf
6.8216 0 TD
-0.0001 Tc
-0.0306 Tw
[(Index: 07.99.0.)-9563.5(02.09.2002)]TJ
-25.5118 -2.2428 TD
0 Tw
[(Zusammensetzung:)-921.1(01)]TJ
8.3 0 0 8.3 156.1811 562.8221 Tm
-0.0306 Tw
[(L-CARNITINUM 1)-278.1(g, SACCHARUM, AROMA)73.7(TICA, EXCIPIENS pro COMPRESSO.)]TJ
10 0 0 10 42.7953 548.6484 Tm
-0.0002 Tc
0 Tw
[(Anwendung:)-5285.3(L-Carnitin-Mangel)]TJ
0 -1.4174 TD
-0.0001 Tc
[(Packung:)-5699.4(01)-305.6(010)-7141.8(1)0.1(0)-567(Kautabletten)-7438.7(B)]TJ
T*
-0.0306 Tw
[(* Gültig bis:)-5844.6(01. September 2007)]TJ
ET
42.8 511.89 m
510.51 511.89 l
S
BT
/F2 1 Tf
10 0 0 10 42.7953 475.8917 Tm
-0.0337 Tw
[(02)-1044.2(Car)-17.9(nitene sigma-tau, Sirup)]TJ
/F5 1 Tf
T*
-0.0306 Tw
[(Sigma-T)73.9(au Pharma AG, Luzernerstrasse 2, 4800 Zofingen)]TJ
ET
42.8 453.77 m
510.51 453.77 l
42.8 436.08 m
510.51 436.08 l
S
BT
10 0 0 10 42.7953 441.3791 Tm
-0.0002 Tc
0 Tw
[(Zul.-Nr)91.6(.: )]TJ
/F2 1 Tf
3.8772 0 TD
(47597)Tj
/F5 1 Tf
8.8787 0 TD
0 Tc
(V)Tj
0.6301 0 TD
-0.0001 Tc
(erkaufsart: )Tj
/F2 1 Tf
5.3042 0 TD
0 Tc
(B)Tj
/F5 1 Tf
6.8216 0 TD
-0.0001 Tc
-0.0306 Tw
[(Index: 07.99.0.)-9563.5(02.09.2002)]TJ
-25.5118 -2.2428 TD
0 Tw
[(Zusammensetzung:)-921.1(02)]TJ
8.3 0 0 8.3 156.1811 418.951 Tm
0.1992 Tw
[(L-CARNITINUM 1)-278.1(g, SORBITOLUM, AROMA)73.7(TICA, V)36.7(ANILLINUM, BERGAMOTT)54.7(AE AETHERO-)]TJ
0 -1.3661 TD
-0.0306 Tw
[(LEUM, CONSER)17.7(V)91.5(.: E)-278.1(217, E)-278.1(219, EXCIPIENS ad SOLUTIONEM pro 3.3)-278.1(mL. )]TJ
10 0 0 10 42.7953 393.4384 Tm
-0.0002 Tc
0 Tw
[(Anwendung:)-5285.3(L-Carnitin-Mangel)]TJ
0 -1.4174 TD
[(Packung:)-5699.5(02)-305.7(021)-7141.9(2)0(0)-567.1(m)-0.1(L)-12217.6(B)]TJ
T*
-0.0001 Tc
-0.0306 Tw
[(* Gültig bis:)-5844.6(01. September 2007)]TJ
ET
42.8 356.68 m
510.51 356.68 l
S
BT
/F2 1 Tf
10 0 0 10 42.7953 320.6815 Tm
-0.0336 Tw
[(02)-1044.2(Car)-17.9(nitene sigma-tau, T)73.9(rinklösung)]TJ
/F5 1 Tf
T*
-0.0306 Tw
[(Sigma-T)73.9(au Pharma AG, Luzernerstrasse 2, 4800 Zofingen)]TJ
ET
42.8 298.56 m
510.51 298.56 l
42.8 280.87 m
510.51 280.87 l
S
BT
10 0 0 10 42.7953 286.169 Tm
-0.0002 Tc
0 Tw
[(Zul.-Nr)91.6(.: )]TJ
/F2 1 Tf
3.8772 0 TD
(48508)Tj
/F5 1 Tf
8.8787 0 TD
0 Tc
(V)Tj
0.6301 0 TD
-0.0001 Tc
(erkaufsart: )Tj
/F2 1 Tf
5.3042 0 TD
0 Tc
(B)Tj
/F5 1 Tf
6.8216 0 TD
-0.0001 Tc
-0.0306 Tw
[(Index: 07.99.0.)-9563.5(02.09.2002)]TJ
-25.5118 -2.2428 TD
0 Tw
[(Zusammensetzung:)-921.1(02)]TJ
8.3 0 0 8.3 156.1811 263.7409 Tm
-0.0591 Tw
[(L-CARNITINUM 1)-278.1(g, SACCHARINUM, CONSER)17.7(V)91.5(.: E)-278.1(211, EXCIPIENS ad SOLUTIONEM pro 10)-278.1(mL. )]TJ
10 0 0 10 42.7953 249.5673 Tm
-0.0002 Tc
0 Tw
[(Anwendung:)-5285.3(L-Carnitin-Mangel)]TJ
0 -1.4174 TD
[(Packung:)-5699.5(02)-305.7(Flacons)]TJ
11.3386 -1.4174 TD
-0.0001 Tc
-0.0306 Tw
[(022)-5035.5(10 x 10)-567(mL)-12217.5(B)]TJ
-11.3386 -1.4174 TD
[(* Gültig bis:)-5844.6(01. September 2007)]TJ
ET
42.8 198.63 m
510.51 198.63 l
S
Q

q
1 i 
-9 851 613 -860 re
0 841 m
W n
0.03 841.02 595.02 -841.02 re
W n
BT
/F4 1 Tf
12.5 0 0 12.5 34.4488 811.7822 Tm
/Cs5 cs 0.161 0.145 0.149 sc
/GS1 gs
-0.0001 Tc
-0.0286 Tw
[(Arzneimittel Statistik)-130(/)-129.9(M)0.1(édicaments miscellanées)]TJ
ET
/Cs5 CS 0.161 0.145 0.149 SC
0 J 0 j 0.3 w 10 M []0 d
28.35 805.15 m
552.76 805.15 l
S
Q
q
1 i 
35.43 850.5 198.43 -24.09 re
308.74 811.782 m
W* n
-9 851 613 -860 re
0 841 m
W n
0.03 841.02 595.02 -841.02 re
W n
q
2.7718 0 0 -0.3608 0 0 cm
/Cs5 CS 0.502 0.51 0.518 SC
0 J 0 j 0.5 w 10 M []0 d
/GS1 gs
12.655 -2360.21 m
12.655 -2287.903 l
S
0.506 0.514 0.522 SC
13.121 -2360.21 m
13.121 -2287.903 l
S
0.51 0.514 0.525 SC
13.588 -2360.21 m
13.588 -2287.903 l
S
0.51 0.518 0.529 SC
14.054 -2360.21 m
14.054 -2287.903 l
S
0.514 0.522 0.529 SC
14.521 -2360.21 m
14.521 -2287.903 l
S
0.518 0.525 0.533 SC
14.987 -2360.21 m
14.987 -2287.903 l
S
0.518 0.525 0.537 SC
15.454 -2360.21 m
15.454 -2287.903 l
S
0.522 0.529 0.541 SC
15.92 -2360.21 m
15.92 -2287.903 l
S
0.525 0.533 0.541 SC
16.387 -2360.21 m
16.387 -2287.903 l
S
0.529 0.533 0.545 SC
16.853 -2360.21 m
16.853 -2287.903 l
S
0.529 0.537 0.549 SC
17.32 -2360.21 m
17.32 -2287.903 l
S
0.533 0.541 0.553 SC
17.786 -2360.21 m
17.786 -2287.903 l
S
0.537 0.545 0.553 SC
18.253 -2360.21 m
18.253 -2287.903 l
S
0.537 0.545 0.557 SC
18.719 -2360.21 m
18.719 -2287.903 l
S
0.541 0.549 0.561 SC
19.186 -2360.21 m
19.186 -2287.903 l
S
0.545 0.553 0.565 SC
19.652 -2360.21 m
19.652 -2287.903 l
S
0.549 0.557 0.565 SC
20.119 -2360.21 m
20.119 -2287.903 l
S
0.549 0.557 0.569 SC
20.585 -2360.21 m
20.585 -2287.903 l
S
0.553 0.561 0.573 SC
21.052 -2360.21 m
21.052 -2287.903 l
S
0.557 0.565 0.576 SC
21.518 -2360.21 m
21.518 -2287.903 l
S
0.561 0.569 0.576 SC
21.985 -2360.21 m
21.985 -2287.903 l
S
0.561 0.569 0.58 SC
22.451 -2360.21 m
22.451 -2287.903 l
S
0.565 0.573 0.584 SC
22.918 -2360.21 m
22.918 -2287.903 l
S
0.569 0.576 0.588 SC
23.384 -2360.21 m
23.384 -2287.903 l
S
0.573 0.58 0.588 SC
23.851 -2360.21 m
23.851 -2287.903 l
S
0.573 0.58 0.592 SC
24.317 -2360.21 m
24.317 -2287.903 l
S
0.576 0.584 0.596 SC
24.784 -2360.21 m
24.784 -2287.903 l
S
0.58 0.588 0.596 SC
25.25 -2360.21 m
25.25 -2287.903 l
S
0.584 0.592 0.6 SC
25.717 -2360.21 m
25.717 -2287.903 l
S
0.584 0.592 0.604 SC
26.183 -2360.21 m
26.183 -2287.903 l
S
0.588 0.596 0.608 SC
26.65 -2360.21 m
26.65 -2287.903 l
S
0.592 0.6 0.608 SC
27.116 -2360.21 m
27.116 -2287.903 l
S
0.596 0.604 0.612 SC
27.583 -2360.21 m
27.583 -2287.903 l
S
0.596 0.604 0.616 SC
28.049 -2360.21 m
28.049 -2287.903 l
S
0.6 0.608 0.62 SC
28.516 -2360.21 m
28.516 -2287.903 l
S
0.604 0.612 0.624 SC
28.982 -2360.21 m
28.982 -2287.903 l
S
0.608 0.616 0.624 SC
29.449 -2360.21 m
29.449 -2287.903 l
S
0.608 0.616 0.627 SC
29.915 -2360.21 m
29.915 -2287.903 l
S
0.612 0.62 0.631 SC
30.382 -2360.21 m
30.382 -2287.903 l
S
0.616 0.624 0.635 SC
30.848 -2360.21 m
30.848 -2287.903 l
S
0.62 0.627 0.635 SC
31.315 -2360.21 m
31.315 -2287.903 l
S
0.62 0.631 0.639 SC
31.781 -2360.21 m
31.781 -2287.903 l
S
0.624 0.631 0.643 SC
32.248 -2360.21 m
32.248 -2287.903 l
S
0.627 0.635 0.647 SC
32.714 -2360.21 m
32.714 -2287.903 l
S
0.631 0.639 0.647 SC
33.181 -2360.21 m
33.181 -2287.903 l
S
0.635 0.643 0.651 SC
33.647 -2360.21 m
33.647 -2287.903 l
S
0.635 0.643 0.655 SC
34.113 -2360.21 m
34.113 -2287.903 l
S
0.639 0.647 0.659 SC
34.58 -2360.21 m
34.58 -2287.903 l
S
0.643 0.651 0.663 SC
35.046 -2360.21 m
35.046 -2287.903 l
S
0.647 0.655 0.663 SC
35.513 -2360.21 m
35.513 -2287.903 l
S
0.651 0.659 0.667 SC
35.979 -2360.21 m
35.979 -2287.903 l
S
0.651 0.659 0.671 SC
36.446 -2360.21 m
36.446 -2287.903 l
S
0.655 0.663 0.675 SC
36.912 -2360.21 m
36.912 -2287.903 l
S
0.659 0.667 0.678 SC
37.379 -2360.21 m
37.379 -2287.903 l
S
0.663 0.671 0.678 SC
37.845 -2360.21 m
37.845 -2287.903 l
S
0.663 0.675 0.682 SC
38.312 -2360.21 m
38.312 -2287.903 l
S
0.667 0.675 0.686 SC
38.778 -2360.21 m
38.778 -2287.903 l
S
0.671 0.678 0.69 SC
39.245 -2360.21 m
39.245 -2287.903 l
S
0.675 0.682 0.69 SC
39.711 -2360.21 m
39.711 -2287.903 l
S
0.678 0.686 0.694 SC
40.178 -2360.21 m
40.178 -2287.903 l
S
0.682 0.69 0.698 SC
40.644 -2360.21 m
40.644 -2287.903 l
S
0.682 0.69 0.702 SC
41.111 -2360.21 m
41.111 -2287.903 l
S
0.686 0.694 0.706 SC
41.577 -2360.21 m
41.577 -2287.903 l
S
0.69 0.698 0.706 SC
42.044 -2360.21 m
42.044 -2287.903 l
S
0.694 0.702 0.71 SC
42.51 -2360.21 m
42.51 -2287.903 l
S
0.698 0.706 0.714 SC
42.977 -2360.21 m
42.977 -2287.903 l
S
0.698 0.706 0.718 SC
43.443 -2360.21 m
43.443 -2287.903 l
S
0.702 0.71 0.722 SC
43.91 -2360.21 m
43.91 -2287.903 l
S
0.706 0.714 0.722 SC
44.376 -2360.21 m
44.376 -2287.903 l
S
0.71 0.718 0.725 SC
44.843 -2360.21 m
44.843 -2287.903 l
S
0.714 0.722 0.729 SC
45.309 -2360.21 m
45.309 -2287.903 l
S
0.714 0.722 0.733 SC
45.776 -2360.21 m
45.776 -2287.903 l
S
0.718 0.725 0.737 SC
46.242 -2360.21 m
46.242 -2287.903 l
S
0.722 0.729 0.737 SC
46.709 -2360.21 m
46.709 -2287.903 l
S
0.725 0.733 0.741 SC
47.175 -2360.21 m
47.175 -2287.903 l
S
0.729 0.737 0.745 SC
47.642 -2360.21 m
47.642 -2287.903 l
S
0.733 0.741 0.749 SC
48.108 -2360.21 m
48.108 -2287.903 l
S
0.733 0.741 0.753 SC
48.575 -2360.21 m
48.575 -2287.903 l
49.041 -2360.21 m
49.041 -2287.903 l
S
0.737 0.745 0.753 SC
49.508 -2360.21 m
49.508 -2287.903 l
S
0.741 0.749 0.757 SC
49.974 -2360.21 m
49.974 -2287.903 l
S
0.745 0.753 0.761 SC
50.441 -2360.21 m
50.441 -2287.903 l
S
0.749 0.757 0.765 SC
50.907 -2360.21 m
50.907 -2287.903 l
S
0.753 0.761 0.769 SC
51.374 -2360.21 m
51.374 -2287.903 l
51.84 -2360.21 m
51.84 -2287.903 l
S
0.757 0.765 0.773 SC
52.307 -2360.21 m
52.307 -2287.903 l
S
0.761 0.769 0.776 SC
52.773 -2360.21 m
52.773 -2287.903 l
S
0.765 0.773 0.78 SC
53.24 -2360.21 m
53.24 -2287.903 l
S
0.769 0.776 0.784 SC
53.706 -2360.21 m
53.706 -2287.903 l
S
0.773 0.776 0.784 SC
54.173 -2360.21 m
54.173 -2287.903 l
S
0.776 0.78 0.788 SC
54.639 -2360.21 m
54.639 -2287.903 l
S
0.776 0.784 0.792 SC
55.106 -2360.21 m
55.106 -2287.903 l
S
0.78 0.788 0.796 SC
55.572 -2360.21 m
55.572 -2287.903 l
S
0.784 0.792 0.8 SC
56.039 -2360.21 m
56.039 -2287.903 l
S
0.788 0.796 0.8 SC
56.505 -2360.21 m
56.505 -2287.903 l
S
0.792 0.796 0.804 SC
56.972 -2360.21 m
56.972 -2287.903 l
S
0.796 0.8 0.808 SC
57.438 -2360.21 m
57.438 -2287.903 l
S
0.796 0.804 0.812 SC
57.905 -2360.21 m
57.905 -2287.903 l
S
0.8 0.808 0.816 SC
58.371 -2360.21 m
58.371 -2287.903 l
S
0.804 0.812 0.816 SC
58.838 -2360.21 m
58.838 -2287.903 l
S
0.808 0.812 0.82 SC
59.304 -2360.21 m
59.304 -2287.903 l
S
0.812 0.816 0.824 SC
59.771 -2360.21 m
59.771 -2287.903 l
S
0.816 0.82 0.827 SC
60.237 -2360.21 m
60.237 -2287.903 l
S
0.816 0.824 0.831 SC
60.704 -2360.21 m
60.704 -2287.903 l
S
0.82 0.827 0.831 SC
61.17 -2360.21 m
61.17 -2287.903 l
S
0.824 0.831 0.835 SC
61.637 -2360.21 m
61.637 -2287.903 l
S
0.827 0.831 0.839 SC
62.103 -2360.21 m
62.103 -2287.903 l
S
0.831 0.835 0.843 SC
62.57 -2360.21 m
62.57 -2287.903 l
S
0.835 0.839 0.843 SC
63.036 -2360.21 m
63.036 -2287.903 l
S
0.835 0.843 0.847 SC
63.503 -2360.21 m
63.503 -2287.903 l
S
0.839 0.847 0.851 SC
63.969 -2360.21 m
63.969 -2287.903 l
S
0.843 0.847 0.855 SC
64.436 -2360.21 m
64.436 -2287.903 l
S
0.847 0.851 0.859 SC
64.902 -2360.21 m
64.902 -2287.903 l
S
0.851 0.855 0.859 SC
65.369 -2360.21 m
65.369 -2287.903 l
S
0.855 0.859 0.863 SC
65.835 -2360.21 m
65.835 -2287.903 l
S
0.855 0.863 0.867 SC
66.302 -2360.21 m
66.302 -2287.903 l
S
0.859 0.863 0.871 SC
66.768 -2360.21 m
66.768 -2287.903 l
S
0.863 0.867 0.875 SC
67.235 -2360.21 m
67.235 -2287.903 l
S
0.867 0.871 0.875 SC
67.701 -2360.21 m
67.701 -2287.903 l
S
0.871 0.875 0.878 SC
68.168 -2360.21 m
68.168 -2287.903 l
S
0.875 0.878 0.882 SC
68.634 -2360.21 m
68.634 -2287.903 l
S
0.875 0.882 0.886 SC
69.101 -2360.21 m
69.101 -2287.903 l
S
0.878 0.882 0.89 SC
69.567 -2360.21 m
69.567 -2287.903 l
S
0.882 0.886 0.89 SC
70.034 -2360.21 m
70.034 -2287.903 l
S
0.886 0.89 0.894 SC
70.5 -2360.21 m
70.5 -2287.903 l
S
0.89 0.894 0.898 SC
70.967 -2360.21 m
70.967 -2287.903 l
S
0.894 0.898 0.902 SC
71.433 -2360.21 m
71.433 -2287.903 l
S
0.898 0.898 0.902 SC
71.9 -2360.21 m
71.9 -2287.903 l
S
0.898 0.902 0.906 SC
72.366 -2360.21 m
72.366 -2287.903 l
S
0.902 0.906 0.91 SC
72.833 -2360.21 m
72.833 -2287.903 l
S
0.906 0.91 0.914 SC
73.299 -2360.21 m
73.299 -2287.903 l
S
0.91 0.914 0.918 SC
73.766 -2360.21 m
73.766 -2287.903 l
S
0.914 0.918 0.922 SC
74.232 -2360.21 m
74.232 -2287.903 l
S
0.918 0.922 0.922 SC
74.699 -2360.21 m
74.699 -2287.903 l
S
0.922 0.922 0.925 SC
75.165 -2360.21 m
75.165 -2287.903 l
S
0.922 0.925 0.929 SC
75.632 -2360.21 m
75.632 -2287.903 l
S
0.925 0.929 0.933 SC
76.098 -2360.21 m
76.098 -2287.903 l
S
0.929 0.933 0.933 SC
76.565 -2360.21 m
76.565 -2287.903 l
S
0.933 0.937 0.937 SC
77.031 -2360.21 m
77.031 -2287.903 l
S
0.937 0.937 0.941 SC
77.498 -2360.21 m
77.498 -2287.903 l
S
0.941 0.941 0.945 SC
77.964 -2360.21 m
77.964 -2287.903 l
S
0.945 0.945 0.949 SC
78.431 -2360.21 m
78.431 -2287.903 l
S
0.945 0.949 0.949 SC
78.897 -2360.21 m
78.897 -2287.903 l
S
0.949 0.953 0.953 SC
79.364 -2360.21 m
79.364 -2287.903 l
S
0.953 0.957 0.957 SC
79.83 -2360.21 m
79.83 -2287.903 l
S
0.957 0.957 0.961 SC
80.297 -2360.21 m
80.297 -2287.903 l
S
0.961 0.961 0.965 SC
80.763 -2360.21 m
80.763 -2287.903 l
S
0.965 0.965 0.969 SC
81.23 -2360.21 m
81.23 -2287.903 l
S
0.969 0.969 0.969 SC
81.696 -2360.21 m
81.696 -2287.903 l
S
0.973 0.973 0.973 SC
82.163 -2360.21 m
82.163 -2287.903 l
S
0.976 0.976 0.976 SC
82.629 -2360.21 m
82.629 -2287.903 l
S
0.98 0.98 0.984 SC
83.096 -2360.21 m
83.096 -2287.903 l
S
0.988 0.988 0.988 SC
83.562 -2360.21 m
83.562 -2287.903 l
S
0.992 0.992 0.992 SC
84.029 -2360.21 m
84.029 -2287.903 l
S
1 1 1 SC
84.495 -2360.21 m
84.495 -2287.903 l
S
Q
Q
q
1 i 
-9 851 613 -860 re
0 841 m
W n
0.03 841.02 595.02 -841.02 re
W n
/Cs5 cs 0.161 0.145 0.149 sc
/GS1 gs
0.03 841.02 35.4 -6.11 re
f
/Cs5 CS 0.161 0.145 0.149 SC
0 J 0 j 0.3 w 10 M []0 d
28.347 841.076 m
28.347 805.006 l
S
286.3 22.8 22.68 -22.8 re
f
BT
/F1 1 Tf
10 0 0 10 289.2992 7.7671 Tm
1 1 1 sc
-0.0002 Tc
0 Tw
(650)Tj
/F3 1 Tf
7 0 0 7 35.4331 17.5374 Tm
0.161 0.145 0.149 sc
-0.0001 Tc
-0.0306 Tw
[(Swissmedic Jour)-17.9(nal)-1111.9(9/2002)]TJ
/F2 1 Tf
10 0 0 10 85.0394 763.6339 Tm
-0.0336 Tw
[(* 01)-161.1(Citanest 3)-153.1(%-Octapr)17.7(essin Dental, Injektionslösung)]TJ
/F5 1 Tf
0 -1.4174 TD
-0.0306 Tw
[(* Globopharm AG, Seestrasse 200, 8700 Küsnacht ZH)]TJ
ET
0.4 w 
85.04 741.51 m
552.76 741.51 l
85.04 723.82 m
552.76 723.82 l
S
BT
10 0 0 10 85.0394 729.1213 Tm
-0.0002 Tc
0 Tw
[(Zul.-Nr)91.6(.: )]TJ
/F2 1 Tf
3.8771 0 TD
(38485)Tj
/F5 1 Tf
8.8788 0 TD
0 Tc
(V)Tj
0.6301 0 TD
-0.0001 Tc
(erkaufsart: )Tj
/F2 1 Tf
5.3041 0 TD
0 Tc
(B)Tj
/F5 1 Tf
6.8216 0 TD
-0.0001 Tc
-0.0306 Tw
[(Index: 13.01.2.)-9563.5(25.09.2002)]TJ
-25.5118 -2.2428 TD
0 Tw
[(Zusammensetzung:)-921.1(01)]TJ
8.3 0 0 8.3 198.4252 706.6931 Tm
0.3838 Tw
[(PRILOCAINI HYDROCHLORIDUM 30)-278.1(mg, FEL)91.5(YPRESSINUM 0.03)-278.1(U.I., NA)73.7(TRII CHLORIDUM,)]TJ
0 -1.3661 TD
-0.0306 Tw
[(AQUA q.s. ad SOLUTIONEM pro 1)-278.1(mL. )]TJ
10 0 0 10 85.0394 681.1805 Tm
[(Anwendung:)-5285.2(Lokalanästheticum für die Zahnheilkunde)]TJ
0 -1.4174 TD
[(Packung:)-5699.4(01)-305.6(040)-2534.9(100 x 1.8)-278.1(mL)-567(Zylinderampulle\(n\))-4773.9(B)]TJ
T*
0.1924 Tw
[(* )223(Bemerkungen:)-3702(Ersetzt die Registrierungsurkunde vom 05.11.1998 \(Änderung Zulassungs-)]TJ
11.3386 -1.1339 TD
-0.0306 Tw
(inhaberin und Änderung Präparatenamen\))Tj
0 -1.4174 TD
[(Früher: Xylonest 3)-139.1(%-Octapressin, Injektionslösung)]TJ
-11.3386 -1.4174 TD
[(Gültig bis:)-6647.8(31. Dezember 2003)]TJ
ET
85.04 604.73 m
552.76 604.73 l
S
BT
/F2 1 Tf
10 0 0 10 85.0394 568.7375 Tm
-0.0336 Tw
[(01)-1044.2(Co-Diovan, Filmtabletten)]TJ
0 -1.2835 TD
-0.0337 Tw
[(02)-1044.2(Co-Diovan Forte 160/12,5, Filmtabletten)]TJ
T*
[(03)-1044.2(Co-Diovan Forte 160/25, Filmtabletten)]TJ
/F5 1 Tf
0 -1.4174 TD
-0.0306 Tw
(Novartis Pharma Schweiz AG, Südbahnhofstrasse 14d, 3001 Bern)Tj
ET
85.04 520.94 m
552.76 520.94 l
85.04 503.25 m
552.76 503.25 l
S
BT
10 0 0 10 85.0394 508.5557 Tm
-0.0002 Tc
0 Tw
[(Zul.-Nr)91.6(.: )]TJ
/F2 1 Tf
3.8771 0 TD
(54470)Tj
/F5 1 Tf
8.8788 0 TD
0 Tc
(V)Tj
0.6301 0 TD
-0.0001 Tc
(erkaufsart: )Tj
/F2 1 Tf
5.3041 0 TD
0 Tc
(B)Tj
/F5 1 Tf
6.8216 0 TD
-0.0001 Tc
-0.0306 Tw
[(Index: 02.07.2.)-9563.5(12.09.2002)]TJ
-25.5118 -2.2428 TD
0 Tw
[(Zusammensetzung:)-921.1(01)]TJ
8.3 0 0 8.3 198.4252 486.1274 Tm
0 Tc
(V)Tj
0.6302 0 TD
-0.0001 Tc
0.2354 Tw
[(ALSAR)17.7(T)54.8(ANUM 80)-278.1(mg, HYDROCHLOROTHIAZIDUM 12.5)-278.1(mg, EXCIPIENS pro COMPRESSO)]TJ
-0.6302 -1.3661 TD
-0.0002 Tc
0 Tw
(OBDUCTO.)Tj
10 0 0 10 184.252 460.6149 Tm
(02)Tj
8.3 0 0 8.3 198.4252 460.6149 Tm
0 Tc
(V)Tj
0.6302 0 TD
-0.0001 Tc
0.1428 Tw
[(ALSAR)17.7(T)54.8(ANUM 160)-278.1(mg, HYDROCHLOROTHIAZIDUM 12.5)-278.1(mg, EXCIPIENS pro COMPRESSO)]TJ
-0.6302 -1.3661 TD
-0.0002 Tc
0 Tw
(OBDUCTO.)Tj
10 0 0 10 184.252 435.1023 Tm
(03)Tj
8.3 0 0 8.3 198.4252 435.1023 Tm
0 Tc
(V)Tj
0.6302 0 TD
-0.0001 Tc
0.2817 Tw
[(ALSAR)17.7(T)54.8(ANUM 160)-278.1(mg, HYDROCHLOROTHIAZIDUM 25)-278.1(mg, EXCIPIENS pro COMPRESSO)]TJ
-0.6302 -1.3661 TD
-0.0002 Tc
0 Tw
(OBDUCTO.)Tj
10 0 0 10 85.0394 409.5897 Tm
[(Anwendung:)-5285.3(Hypertonie)]TJ
0 -1.4174 TD
-0.0001 Tc
-0.0306 Tw
[(* Packungen:)-3729.5(01)-305.6(010)-7141.8(2)0.1(8)-567(Filmtabletten)-7327.9(B)]TJ
11.3386 -1.4174 TD
0 Tw
[(029)-7141.8(9)0.1(8)-567(Filmtabletten)-7327.9(B)]TJ
-1.4173 -1.4174 TD
[(02)-305.6(037)-7141.8(2)0.1(8)-567(Filmtabletten)-7327.9(B)]TJ
1.4173 -1.4174 TD
[(045)-7141.8(9)0.1(8)-567(Filmtabletten)-7327.9(B)]TJ
-1.4173 -1.4174 TD
[(03)-305.6(053)-7141.8(2)0.1(8)-567(Filmtabletten)-7327.9(B)]TJ
1.4173 -1.4174 TD
[(061)-7141.8(9)0.1(8)-567(Filmtabletten)-7327.9(B)]TJ
-11.3386 -1.4174 TD
-0.0306 Tw
[(Bemerkung:)-5671.9(Ersetzt die Registrierungsurkunde vom 26.07.2001)]TJ
T*
[(Gültig bis:)-6647.8(31. Dezember 2003)]TJ
ET
85.04 287.79 m
552.76 287.79 l
S
BT
/F2 1 Tf
10 0 0 10 85.0394 251.7912 Tm
-0.0337 Tw
[(* 01)-161.1(Copegus, Filmtabletten)]TJ
/F5 1 Tf
T*
-0.0306 Tw
(Roche Pharma \(Schweiz\) AG, Schönmattstrasse 2, 4153 Reinach)Tj
ET
85.04 229.67 m
552.76 229.67 l
85.04 211.98 m
552.76 211.98 l
S
BT
10 0 0 10 85.0394 217.2786 Tm
-0.0002 Tc
0 Tw
[(Zul.-Nr)91.6(.: )]TJ
/F2 1 Tf
3.8771 0 TD
(56001)Tj
/F5 1 Tf
8.8788 0 TD
0 Tc
(V)Tj
0.6301 0 TD
-0.0001 Tc
(erkaufsart: )Tj
/F2 1 Tf
5.3041 0 TD
0 Tc
(A)Tj
/F5 1 Tf
6.8216 0 TD
-0.0001 Tc
-0.0306 Tw
[(Index: 08.03.0.)-9563.5(04.09.2002)]TJ
-25.5118 -2.2428 TD
0 Tw
[(Zusammensetzung:)-921.1(01)]TJ
8.3 0 0 8.3 198.4252 194.8505 Tm
-0.0306 Tw
[(RIBA)36.7(VIRINUM 200)-278.1(mg, EXCIPIENS pro COMPRESSO OBDUCTO.)]TJ
10 0 0 10 85.0394 180.6768 Tm
[(Anwendung:)-5285.2(Chronische Hepatitis C, Kombinationstherapie mit Interferon)]TJ
0 -1.4174 TD
0 Tw
[(Packung:)-5699.4(01)-305.6(006)-6585.9(1)0.1(68)-567.1(Filmtabletten)-7327.9(A)]TJ
T*
-0.0306 Tw
[(Bemerkung:)-5671.9(ersetzt die Zulassungsbescheinigung vom 26.06.2002)]TJ
T*
[(Gültig bis:)-6647.8(25. Juni 2007)]TJ
ET
85.04 129.74 m
552.76 129.74 l
S
Q

q
1 i 
-9 851 613 -860 re
0 841 m
W n
0.03 841.02 595.02 -841.02 re
W n
BT
/F4 1 Tf
12.5 0 0 12.5 285.8058 811.7825 Tm
/Cs5 cs 0.161 0.145 0.149 sc
/GS1 gs
-0.0001 Tc
-0.0286 Tw
[(Arzneimittel Statistik)-130(/)-129.9(M)0.1(édicaments miscellanées)]TJ
ET
/Cs5 CS 0.161 0.145 0.149 SC
0 J 0 j 0.3 w 10 M []0 d
42.8 805.15 m
567.2 805.15 l
S
Q
q
1 i 
361.69 850.5 198.43 -24.09 re
560.097 811.782 m
W* n
-9 851 613 -860 re
0 841 m
W n
0.03 841.02 595.02 -841.02 re
W n
q
2.7718 0 0 -0.3608 0 0 cm
/Cs5 CS 1 1 1 SC
0 J 0 j 0.5 w 10 M []0 d
/GS1 gs
130.36 -2360.21 m
130.36 -2287.903 l
S
0.992 0.992 0.992 SC
130.827 -2360.21 m
130.827 -2287.903 l
S
0.988 0.988 0.988 SC
131.293 -2360.21 m
131.293 -2287.903 l
S
0.98 0.98 0.984 SC
131.76 -2360.21 m
131.76 -2287.903 l
S
0.976 0.976 0.976 SC
132.226 -2360.21 m
132.226 -2287.903 l
S
0.973 0.973 0.973 SC
132.693 -2360.21 m
132.693 -2287.903 l
S
0.969 0.969 0.969 SC
133.159 -2360.21 m
133.159 -2287.903 l
S
0.965 0.965 0.969 SC
133.626 -2360.21 m
133.626 -2287.903 l
S
0.961 0.961 0.965 SC
134.092 -2360.21 m
134.092 -2287.903 l
S
0.957 0.957 0.961 SC
134.559 -2360.21 m
134.559 -2287.903 l
S
0.953 0.957 0.957 SC
135.025 -2360.21 m
135.025 -2287.903 l
S
0.949 0.953 0.953 SC
135.492 -2360.21 m
135.492 -2287.903 l
S
0.945 0.949 0.949 SC
135.958 -2360.21 m
135.958 -2287.903 l
S
0.945 0.945 0.949 SC
136.425 -2360.21 m
136.425 -2287.903 l
S
0.941 0.941 0.945 SC
136.891 -2360.21 m
136.891 -2287.903 l
S
0.937 0.937 0.941 SC
137.358 -2360.21 m
137.358 -2287.903 l
S
0.933 0.937 0.937 SC
137.824 -2360.21 m
137.824 -2287.903 l
S
0.929 0.933 0.933 SC
138.291 -2360.21 m
138.291 -2287.903 l
S
0.925 0.929 0.933 SC
138.757 -2360.21 m
138.757 -2287.903 l
S
0.922 0.925 0.929 SC
139.224 -2360.21 m
139.224 -2287.903 l
S
0.922 0.922 0.925 SC
139.69 -2360.21 m
139.69 -2287.903 l
S
0.918 0.922 0.922 SC
140.157 -2360.21 m
140.157 -2287.903 l
S
0.914 0.918 0.922 SC
140.623 -2360.21 m
140.623 -2287.903 l
S
0.91 0.914 0.918 SC
141.09 -2360.21 m
141.09 -2287.903 l
S
0.906 0.91 0.914 SC
141.556 -2360.21 m
141.556 -2287.903 l
S
0.902 0.906 0.91 SC
142.023 -2360.21 m
142.023 -2287.903 l
S
0.898 0.902 0.906 SC
142.489 -2360.21 m
142.489 -2287.903 l
S
0.898 0.898 0.902 SC
142.956 -2360.21 m
142.956 -2287.903 l
S
0.894 0.898 0.902 SC
143.422 -2360.21 m
143.422 -2287.903 l
S
0.89 0.894 0.898 SC
143.889 -2360.21 m
143.889 -2287.903 l
S
0.886 0.89 0.894 SC
144.355 -2360.21 m
144.355 -2287.903 l
S
0.882 0.886 0.89 SC
144.822 -2360.21 m
144.822 -2287.903 l
S
0.878 0.882 0.89 SC
145.288 -2360.21 m
145.288 -2287.903 l
S
0.875 0.882 0.886 SC
145.755 -2360.21 m
145.755 -2287.903 l
S
0.875 0.878 0.882 SC
146.221 -2360.21 m
146.221 -2287.903 l
S
0.871 0.875 0.878 SC
146.688 -2360.21 m
146.688 -2287.903 l
S
0.867 0.871 0.875 SC
147.154 -2360.21 m
147.154 -2287.903 l
S
0.863 0.867 0.875 SC
147.621 -2360.21 m
147.621 -2287.903 l
S
0.859 0.863 0.871 SC
148.087 -2360.21 m
148.087 -2287.903 l
S
0.855 0.863 0.867 SC
148.554 -2360.21 m
148.554 -2287.903 l
S
0.855 0.859 0.863 SC
149.02 -2360.21 m
149.02 -2287.903 l
S
0.851 0.855 0.859 SC
149.487 -2360.21 m
149.487 -2287.903 l
S
0.847 0.851 0.859 SC
149.953 -2360.21 m
149.953 -2287.903 l
S
0.843 0.847 0.855 SC
150.42 -2360.21 m
150.42 -2287.903 l
S
0.839 0.847 0.851 SC
150.886 -2360.21 m
150.886 -2287.903 l
S
0.835 0.843 0.847 SC
151.353 -2360.21 m
151.353 -2287.903 l
S
0.835 0.839 0.843 SC
151.819 -2360.21 m
151.819 -2287.903 l
S
0.831 0.835 0.843 SC
152.286 -2360.21 m
152.286 -2287.903 l
S
0.827 0.831 0.839 SC
152.752 -2360.21 m
152.752 -2287.903 l
S
0.824 0.831 0.835 SC
153.219 -2360.21 m
153.219 -2287.903 l
S
0.82 0.827 0.831 SC
153.685 -2360.21 m
153.685 -2287.903 l
S
0.816 0.824 0.831 SC
154.152 -2360.21 m
154.152 -2287.903 l
S
0.816 0.82 0.827 SC
154.618 -2360.21 m
154.618 -2287.903 l
S
0.812 0.816 0.824 SC
155.085 -2360.21 m
155.085 -2287.903 l
S
0.808 0.812 0.82 SC
155.551 -2360.21 m
155.551 -2287.903 l
S
0.804 0.812 0.816 SC
156.018 -2360.21 m
156.018 -2287.903 l
S
0.8 0.808 0.816 SC
156.484 -2360.21 m
156.484 -2287.903 l
S
0.796 0.804 0.812 SC
156.951 -2360.21 m
156.951 -2287.903 l
S
0.796 0.8 0.808 SC
157.417 -2360.21 m
157.417 -2287.903 l
S
0.792 0.796 0.804 SC
157.884 -2360.21 m
157.884 -2287.903 l
S
0.788 0.796 0.8 SC
158.35 -2360.21 m
158.35 -2287.903 l
S
0.784 0.792 0.8 SC
158.817 -2360.21 m
158.817 -2287.903 l
S
0.78 0.788 0.796 SC
159.283 -2360.21 m
159.283 -2287.903 l
S
0.776 0.784 0.792 SC
159.75 -2360.21 m
159.75 -2287.903 l
S
0.776 0.78 0.788 SC
160.216 -2360.21 m
160.216 -2287.903 l
S
0.773 0.776 0.784 SC
160.683 -2360.21 m
160.683 -2287.903 l
S
0.769 0.776 0.784 SC
161.149 -2360.21 m
161.149 -2287.903 l
S
0.765 0.773 0.78 SC
161.616 -2360.21 m
161.616 -2287.903 l
S
0.761 0.769 0.776 SC
162.082 -2360.21 m
162.082 -2287.903 l
S
0.757 0.765 0.773 SC
162.549 -2360.21 m
162.549 -2287.903 l
S
0.753 0.761 0.769 SC
163.015 -2360.21 m
163.015 -2287.903 l
163.482 -2360.21 m
163.482 -2287.903 l
S
0.749 0.757 0.765 SC
163.948 -2360.21 m
163.948 -2287.903 l
S
0.745 0.753 0.761 SC
164.415 -2360.21 m
164.415 -2287.903 l
S
0.741 0.749 0.757 SC
164.881 -2360.21 m
164.881 -2287.903 l
S
0.737 0.745 0.753 SC
165.348 -2360.21 m
165.348 -2287.903 l
S
0.733 0.741 0.753 SC
165.814 -2360.21 m
165.814 -2287.903 l
S
0.733 0.741 0.749 SC
166.281 -2360.21 m
166.281 -2287.903 l
166.747 -2360.21 m
166.747 -2287.903 l
S
0.729 0.737 0.745 SC
167.214 -2360.21 m
167.214 -2287.903 l
S
0.725 0.733 0.741 SC
167.68 -2360.21 m
167.68 -2287.903 l
S
0.722 0.729 0.737 SC
168.147 -2360.21 m
168.147 -2287.903 l
S
0.718 0.725 0.737 SC
168.613 -2360.21 m
168.613 -2287.903 l
S
0.714 0.722 0.733 SC
169.08 -2360.21 m
169.08 -2287.903 l
S
0.714 0.722 0.729 SC
169.546 -2360.21 m
169.546 -2287.903 l
S
0.71 0.718 0.725 SC
170.013 -2360.21 m
170.013 -2287.903 l
S
0.706 0.714 0.722 SC
170.479 -2360.21 m
170.479 -2287.903 l
S
0.702 0.71 0.722 SC
170.946 -2360.21 m
170.946 -2287.903 l
S
0.698 0.706 0.718 SC
171.412 -2360.21 m
171.412 -2287.903 l
S
0.698 0.706 0.714 SC
171.879 -2360.21 m
171.879 -2287.903 l
S
0.694 0.702 0.71 SC
172.345 -2360.21 m
172.345 -2287.903 l
S
0.69 0.698 0.706 SC
172.812 -2360.21 m
172.812 -2287.903 l
S
0.686 0.694 0.706 SC
173.278 -2360.21 m
173.278 -2287.903 l
S
0.682 0.69 0.702 SC
173.745 -2360.21 m
173.745 -2287.903 l
S
0.682 0.69 0.698 SC
174.211 -2360.21 m
174.211 -2287.903 l
S
0.678 0.686 0.694 SC
174.678 -2360.21 m
174.678 -2287.903 l
S
0.675 0.682 0.69 SC
175.144 -2360.21 m
175.144 -2287.903 l
S
0.671 0.678 0.69 SC
175.611 -2360.21 m
175.611 -2287.903 l
S
0.667 0.675 0.686 SC
176.077 -2360.21 m
176.077 -2287.903 l
S
0.663 0.675 0.682 SC
176.544 -2360.21 m
176.544 -2287.903 l
S
0.663 0.671 0.678 SC
177.01 -2360.21 m
177.01 -2287.903 l
S
0.659 0.667 0.678 SC
177.477 -2360.21 m
177.477 -2287.903 l
S
0.655 0.663 0.675 SC
177.943 -2360.21 m
177.943 -2287.903 l
S
0.651 0.659 0.671 SC
178.41 -2360.21 m
178.41 -2287.903 l
S
0.651 0.659 0.667 SC
178.876 -2360.21 m
178.876 -2287.903 l
S
0.647 0.655 0.663 SC
179.343 -2360.21 m
179.343 -2287.903 l
S
0.643 0.651 0.663 SC
179.809 -2360.21 m
179.809 -2287.903 l
S
0.639 0.647 0.659 SC
180.276 -2360.21 m
180.276 -2287.903 l
S
0.635 0.643 0.655 SC
180.742 -2360.21 m
180.742 -2287.903 l
S
0.635 0.643 0.651 SC
181.209 -2360.21 m
181.209 -2287.903 l
S
0.631 0.639 0.647 SC
181.675 -2360.21 m
181.675 -2287.903 l
S
0.627 0.635 0.647 SC
182.142 -2360.21 m
182.142 -2287.903 l
S
0.624 0.631 0.643 SC
182.608 -2360.21 m
182.608 -2287.903 l
S
0.62 0.631 0.639 SC
183.075 -2360.21 m
183.075 -2287.903 l
S
0.62 0.627 0.635 SC
183.541 -2360.21 m
183.541 -2287.903 l
S
0.616 0.624 0.635 SC
184.008 -2360.21 m
184.008 -2287.903 l
S
0.612 0.62 0.631 SC
184.474 -2360.21 m
184.474 -2287.903 l
S
0.608 0.616 0.627 SC
184.941 -2360.21 m
184.941 -2287.903 l
S
0.608 0.616 0.624 SC
185.407 -2360.21 m
185.407 -2287.903 l
S
0.604 0.612 0.624 SC
185.874 -2360.21 m
185.874 -2287.903 l
S
0.6 0.608 0.62 SC
186.34 -2360.21 m
186.34 -2287.903 l
S
0.596 0.604 0.616 SC
186.806 -2360.21 m
186.806 -2287.903 l
S
0.596 0.604 0.612 SC
187.273 -2360.21 m
187.273 -2287.903 l
S
0.592 0.6 0.608 SC
187.739 -2360.21 m
187.739 -2287.903 l
S
0.588 0.596 0.608 SC
188.206 -2360.21 m
188.206 -2287.903 l
S
0.584 0.592 0.604 SC
188.672 -2360.21 m
188.672 -2287.903 l
S
0.584 0.592 0.6 SC
189.139 -2360.21 m
189.139 -2287.903 l
S
0.58 0.588 0.596 SC
189.605 -2360.21 m
189.605 -2287.903 l
S
0.576 0.584 0.596 SC
190.072 -2360.21 m
190.072 -2287.903 l
S
0.573 0.58 0.592 SC
190.538 -2360.21 m
190.538 -2287.903 l
S
0.573 0.58 0.588 SC
191.005 -2360.21 m
191.005 -2287.903 l
S
0.569 0.576 0.588 SC
191.471 -2360.21 m
191.471 -2287.903 l
S
0.565 0.573 0.584 SC
191.938 -2360.21 m
191.938 -2287.903 l
S
0.561 0.569 0.58 SC
192.404 -2360.21 m
192.404 -2287.903 l
S
0.561 0.569 0.576 SC
192.871 -2360.21 m
192.871 -2287.903 l
S
0.557 0.565 0.576 SC
193.337 -2360.21 m
193.337 -2287.903 l
S
0.553 0.561 0.573 SC
193.804 -2360.21 m
193.804 -2287.903 l
S
0.549 0.557 0.569 SC
194.27 -2360.21 m
194.27 -2287.903 l
S
0.549 0.557 0.565 SC
194.737 -2360.21 m
194.737 -2287.903 l
S
0.545 0.553 0.565 SC
195.203 -2360.21 m
195.203 -2287.903 l
S
0.541 0.549 0.561 SC
195.67 -2360.21 m
195.67 -2287.903 l
S
0.537 0.545 0.557 SC
196.136 -2360.21 m
196.136 -2287.903 l
S
0.537 0.545 0.553 SC
196.603 -2360.21 m
196.603 -2287.903 l
S
0.533 0.541 0.553 SC
197.069 -2360.21 m
197.069 -2287.903 l
S
0.529 0.537 0.549 SC
197.536 -2360.21 m
197.536 -2287.903 l
S
0.529 0.533 0.545 SC
198.002 -2360.21 m
198.002 -2287.903 l
S
0.525 0.533 0.541 SC
198.469 -2360.21 m
198.469 -2287.903 l
S
0.522 0.529 0.541 SC
198.935 -2360.21 m
198.935 -2287.903 l
S
0.518 0.525 0.537 SC
199.402 -2360.21 m
199.402 -2287.903 l
S
0.518 0.525 0.533 SC
199.868 -2360.21 m
199.868 -2287.903 l
S
0.514 0.522 0.529 SC
200.335 -2360.21 m
200.335 -2287.903 l
S
0.51 0.518 0.529 SC
200.801 -2360.21 m
200.801 -2287.903 l
S
0.51 0.514 0.525 SC
201.268 -2360.21 m
201.268 -2287.903 l
S
0.506 0.514 0.522 SC
201.734 -2360.21 m
201.734 -2287.903 l
S
0.502 0.51 0.518 SC
202.201 -2360.21 m
202.201 -2287.903 l
S
Q
Q
q
1 i 
-9 851 613 -860 re
0 841 m
W n
0.03 841.02 595.02 -841.02 re
W n
/Cs5 cs 0.161 0.145 0.149 sc
/GS1 gs
560.12 841.02 34.93 -6.11 re
f
/Cs5 CS 0.161 0.145 0.149 SC
0 J 0 j 0.3 w 10 M []0 d
567.202 840.678 m
567.202 804.948 l
S
286.57 22.8 22.68 -22.8 re
f
BT
/F1 1 Tf
10 0 0 10 289.5747 7.7671 Tm
1 1 1 sc
-0.0002 Tc
0 Tw
(651)Tj
/F3 1 Tf
7 0 0 7 473.8676 17.5374 Tm
0.161 0.145 0.149 sc
-0.0001 Tc
-0.0306 Tw
[(Swissmedic Jour)-17.9(nal)-1111.9(9/2002)]TJ
/F2 1 Tf
10 0 0 10 42.7953 763.6339 Tm
-0.0337 Tw
[(02)-1044.2(Crataegisan, T)73.9(r)17.9(opfen)]TJ
/F5 1 Tf
0 -1.4174 TD
-0.0306 Tw
[(Bioforce AG, , 9325 Roggwil)]TJ
ET
0.4 w 
42.8 741.51 m
510.51 741.51 l
42.8 723.82 m
510.51 723.82 l
S
BT
10 0 0 10 42.7953 729.1213 Tm
-0.0002 Tc
0 Tw
[(Zul.-Nr)91.6(.: )]TJ
/F2 1 Tf
3.8772 0 TD
(24069)Tj
/F5 1 Tf
8.8787 0 TD
0 Tc
(V)Tj
0.6301 0 TD
-0.0001 Tc
(erkaufsart: )Tj
/F2 1 Tf
5.3042 0 TD
0 Tc
(D)Tj
/F5 1 Tf
6.8216 0 TD
-0.0001 Tc
-0.0306 Tw
[(Index: 02.98.0.)-9563.5(19.09.2002)]TJ
-25.5118 -2.2428 TD
0 Tw
[(Zusammensetzung:)-921.1(02)]TJ
8.3 0 0 8.3 156.1811 706.6931 Tm
-0.0306 Tw
[(CRA)73.7(T)54.8(AEGI FRUCTUS RECENTIS TINCTURA corresp. ETHANOLUM 49)-139.1(% V/V)91.5(. )]TJ
10 0 0 10 42.7953 692.5195 Tm
[(Anwendung:)-5285.2(Bei nervösen Herzbeschwerden)]TJ
0 -1.4174 TD
0 Tw
[(Packungen:)-4532.7(02)-305.6(028)-7141.8(5)0.1(0)-567(m)0(L)-12217.5(D)]TJ
11.3386 -1.4174 TD
[(036)-6585.9(1)0.1(00)-567.1(mL)-12217.5(D)]TJ
-11.3386 -1.4174 TD
-0.0306 Tw
[(* Gültig bis:)-5844.6(18. September 2007)]TJ
ET
42.8 641.58 m
510.51 641.58 l
S
BT
/F2 1 Tf
10 0 0 10 42.7953 605.5892 Tm
-0.0336 Tw
[(03)-1044.2(De-ursil 150, capsules)]TJ
0 -1.2835 TD
[(04)-1044.2(De-ursil 300, capsules)]TJ
/F5 1 Tf
0 -1.4174 TD
-0.0306 Tw
[(* Sanofi-Synthélabo \(Suisse\) SA, 11, rue de V)36.7(eyrot, 1217 Meyrin)]TJ
ET
42.8 570.63 m
510.51 570.63 l
42.8 552.94 m
510.51 552.94 l
S
BT
10 0 0 10 42.7953 558.2419 Tm
-0.0002 Tc
0 Tw
[(N°)-247.4(AMM: )]TJ
/F2 1 Tf
4.5038 0 TD
(41655)Tj
/F5 1 Tf
8.2521 0 TD
-0.0001 Tc
-0.0306 Tw
(Mode de vente: )Tj
/F2 1 Tf
7.5194 0 TD
0 Tc
0 Tw
(B)Tj
/F5 1 Tf
5.2365 0 TD
-0.0001 Tc
-0.0306 Tw
[(Index: 04.99.0.)-9563.5(01.09.2002)]TJ
-25.5118 -2.2428 TD
-0.0002 Tc
0 Tw
[(Composition:)-3756.2(03)]TJ
8.3 0 0 8.3 156.1811 535.8138 Tm
-0.0001 Tc
-0.0306 Tw
[(ACIDUM URSODEOXYCHOLICUM 150)-278.1(mg, EXCIPIENS pro CAPSULA.)]TJ
10 0 0 10 142.0079 521.6402 Tm
-0.0002 Tc
0 Tw
(04)Tj
8.3 0 0 8.3 156.1811 521.6402 Tm
-0.0001 Tc
-0.0306 Tw
[(ACIDUM URSODEOXYCHOLICUM 300)-278.1(mg, EXCIPIENS pro CAPSULA.)]TJ
10 0 0 10 42.7953 507.4665 Tm
[(Indication:)-6395.3(T)74(raitement des calculs biliaires)]TJ
0 -1.4174 TD
0 Tw
[(Conditionnements:)-1033.7(03)-305.6(062)-7141.8(3)0.1(0)-567(capsules)-9773.4(B)]TJ
11.3386 -1.4174 TD
[(070)-6585.9(1)0.1(00)-567.1(capsules)-9773.4(B)]TJ
-1.4173 -1.4174 TD
[(04)-305.6(089)-7141.8(3)0.1(0)-567(capsules)-9773.4(B)]TJ
1.4173 -1.4174 TD
[(097)-6585.9(1)0.1(00)-567.1(capsules)-9773.4(B)]TJ
T*
[(119)-7141.8(1)0.1(0)-567(capsules)-9773.4(B)]TJ
-11.3386 -1.4174 TD
-0.0101 Tw
[(* )20.5(Remarques:)-5090.7(Cette attestation d’enregistrement annule celle du 05.11.1999 \(Changement)]TJ
11.3386 -1.1339 TD
-0.0002 Tc
-0.0305 Tw
(de titulaire de l’AMM\))Tj
-11.3386 -1.4174 TD
-0.0488 Tc
0 Tw
(Va)Tj
1.174 0 TD
-0.0001 Tc
-0.0306 Tw
[(lable jusqu’au:)-3417.3(31 décembre 2002)]TJ
ET
42.8 388.5 m
510.51 388.5 l
S
BT
/F2 1 Tf
10 0 0 10 42.7953 352.5027 Tm
-0.0336 Tw
[(01)-1044.2(De-ursil RR, capsules)]TJ
0 -1.2835 TD
[(02)-1044.2(De-ursil RR Mite, capsules)]TJ
/F5 1 Tf
0 -1.4174 TD
-0.0306 Tw
[(* Sanofi-Synthélabo \(Suisse\) SA, 11, rue de V)36.7(eyrot, 1217 Meyrin)]TJ
ET
42.8 317.54 m
510.51 317.54 l
42.8 299.85 m
510.51 299.85 l
S
BT
10 0 0 10 42.7953 305.1554 Tm
-0.0002 Tc
0 Tw
[(N°)-247.4(AMM: )]TJ
/F2 1 Tf
4.5038 0 TD
(44619)Tj
/F5 1 Tf
8.2521 0 TD
-0.0001 Tc
-0.0306 Tw
(Mode de vente: )Tj
/F2 1 Tf
7.5194 0 TD
0 Tc
0 Tw
(B)Tj
/F5 1 Tf
5.2365 0 TD
-0.0001 Tc
-0.0306 Tw
[(Index: 04.99.0.)-9563.5(01.09.2002)]TJ
-25.5118 -2.2428 TD
-0.0002 Tc
0 Tw
[(Composition:)-3756.2(01)]TJ
8.3 0 0 8.3 156.1811 282.7273 Tm
-0.0001 Tc
-0.0306 Tw
[(ACIDUM URSODEOXYCHOLICUM 450)-278.1(mg, CONSER)17.7(V)91.5(.: E)-278.1(218, EXCIPIENS pro CAPSULA.)]TJ
10 0 0 10 142.0079 268.5537 Tm
-0.0002 Tc
0 Tw
(02)Tj
8.3 0 0 8.3 156.1811 268.5537 Tm
-0.0001 Tc
-0.0306 Tw
[(ACIDUM URSODEOXYCHOLICUM 225)-278.1(mg, CONSER)17.7(V)91.5(.: E)-278.1(218, EXCIPIENS pro CAPSULA.)]TJ
10 0 0 10 42.7953 254.38 Tm
[(Indication:)-6395.3(T)74(raitement des calculs biliaires)]TJ
0 -1.4174 TD
0 Tw
[(Conditionnements:)-1033.7(01)-305.6(024)-7141.8(6)0.1(0)-567(capsules)-9773.4(B)]TJ
11.3386 -1.4174 TD
[(059)-7141.8(1)0.1(0)-567(capsules)-9773.4(B)]TJ
T*
[(067)-7141.8(2)0.1(0)-567(capsules)-9773.4(B)]TJ
-1.4173 -1.4174 TD
[(02)-305.6(040)-7141.8(2)0.1(0)-567(capsules)-9773.4(B)]TJ
-9.9213 -1.4174 TD
-0.0101 Tw
[(* )20.5(Remarques:)-5090.7(Cette attestation d’enregistrement annule celle du 05.11.1999 \(Changement)]TJ
11.3386 -1.1339 TD
-0.0002 Tc
-0.0305 Tw
(de titulaire de l’AMM\))Tj
-11.3386 -1.4174 TD
-0.0488 Tc
0 Tw
(Va)Tj
1.174 0 TD
-0.0001 Tc
-0.0306 Tw
[(lable jusqu’au:)-3417.3(31 décembre 2002)]TJ
ET
42.8 149.59 m
510.51 149.59 l
S
Q

q
1 i 
-9 851 613 -860 re
0 841 m
W n
0.03 841.02 595.02 -841.02 re
W n
BT
/F4 1 Tf
12.5 0 0 12.5 34.4488 811.7822 Tm
/Cs5 cs 0.161 0.145 0.149 sc
/GS1 gs
-0.0001 Tc
-0.0286 Tw
[(Arzneimittel Statistik)-130(/)-129.9(M)0.1(édicaments miscellanées)]TJ
ET
/Cs5 CS 0.161 0.145 0.149 SC
0 J 0 j 0.3 w 10 M []0 d
28.35 805.15 m
552.76 805.15 l
S
Q
q
1 i 
35.43 850.5 198.43 -24.09 re
308.74 811.782 m
W* n
-9 851 613 -860 re
0 841 m
W n
0.03 841.02 595.02 -841.02 re
W n
q
2.7718 0 0 -0.3608 0 0 cm
/Cs5 CS 0.502 0.51 0.518 SC
0 J 0 j 0.5 w 10 M []0 d
/GS1 gs
12.655 -2360.21 m
12.655 -2287.903 l
S
0.506 0.514 0.522 SC
13.121 -2360.21 m
13.121 -2287.903 l
S
0.51 0.514 0.525 SC
13.588 -2360.21 m
13.588 -2287.903 l
S
0.51 0.518 0.529 SC
14.054 -2360.21 m
14.054 -2287.903 l
S
0.514 0.522 0.529 SC
14.521 -2360.21 m
14.521 -2287.903 l
S
0.518 0.525 0.533 SC
14.987 -2360.21 m
14.987 -2287.903 l
S
0.518 0.525 0.537 SC
15.454 -2360.21 m
15.454 -2287.903 l
S
0.522 0.529 0.541 SC
15.92 -2360.21 m
15.92 -2287.903 l
S
0.525 0.533 0.541 SC
16.387 -2360.21 m
16.387 -2287.903 l
S
0.529 0.533 0.545 SC
16.853 -2360.21 m
16.853 -2287.903 l
S
0.529 0.537 0.549 SC
17.32 -2360.21 m
17.32 -2287.903 l
S
0.533 0.541 0.553 SC
17.786 -2360.21 m
17.786 -2287.903 l
S
0.537 0.545 0.553 SC
18.253 -2360.21 m
18.253 -2287.903 l
S
0.537 0.545 0.557 SC
18.719 -2360.21 m
18.719 -2287.903 l
S
0.541 0.549 0.561 SC
19.186 -2360.21 m
19.186 -2287.903 l
S
0.545 0.553 0.565 SC
19.652 -2360.21 m
19.652 -2287.903 l
S
0.549 0.557 0.565 SC
20.119 -2360.21 m
20.119 -2287.903 l
S
0.549 0.557 0.569 SC
20.585 -2360.21 m
20.585 -2287.903 l
S
0.553 0.561 0.573 SC
21.052 -2360.21 m
21.052 -2287.903 l
S
0.557 0.565 0.576 SC
21.518 -2360.21 m
21.518 -2287.903 l
S
0.561 0.569 0.576 SC
21.985 -2360.21 m
21.985 -2287.903 l
S
0.561 0.569 0.58 SC
22.451 -2360.21 m
22.451 -2287.903 l
S
0.565 0.573 0.584 SC
22.918 -2360.21 m
22.918 -2287.903 l
S
0.569 0.576 0.588 SC
23.384 -2360.21 m
23.384 -2287.903 l
S
0.573 0.58 0.588 SC
23.851 -2360.21 m
23.851 -2287.903 l
S
0.573 0.58 0.592 SC
24.317 -2360.21 m
24.317 -2287.903 l
S
0.576 0.584 0.596 SC
24.784 -2360.21 m
24.784 -2287.903 l
S
0.58 0.588 0.596 SC
25.25 -2360.21 m
25.25 -2287.903 l
S
0.584 0.592 0.6 SC
25.717 -2360.21 m
25.717 -2287.903 l
S
0.584 0.592 0.604 SC
26.183 -2360.21 m
26.183 -2287.903 l
S
0.588 0.596 0.608 SC
26.65 -2360.21 m
26.65 -2287.903 l
S
0.592 0.6 0.608 SC
27.116 -2360.21 m
27.116 -2287.903 l
S
0.596 0.604 0.612 SC
27.583 -2360.21 m
27.583 -2287.903 l
S
0.596 0.604 0.616 SC
28.049 -2360.21 m
28.049 -2287.903 l
S
0.6 0.608 0.62 SC
28.516 -2360.21 m
28.516 -2287.903 l
S
0.604 0.612 0.624 SC
28.982 -2360.21 m
28.982 -2287.903 l
S
0.608 0.616 0.624 SC
29.449 -2360.21 m
29.449 -2287.903 l
S
0.608 0.616 0.627 SC
29.915 -2360.21 m
29.915 -2287.903 l
S
0.612 0.62 0.631 SC
30.382 -2360.21 m
30.382 -2287.903 l
S
0.616 0.624 0.635 SC
30.848 -2360.21 m
30.848 -2287.903 l
S
0.62 0.627 0.635 SC
31.315 -2360.21 m
31.315 -2287.903 l
S
0.62 0.631 0.639 SC
31.781 -2360.21 m
31.781 -2287.903 l
S
0.624 0.631 0.643 SC
32.248 -2360.21 m
32.248 -2287.903 l
S
0.627 0.635 0.647 SC
32.714 -2360.21 m
32.714 -2287.903 l
S
0.631 0.639 0.647 SC
33.181 -2360.21 m
33.181 -2287.903 l
S
0.635 0.643 0.651 SC
33.647 -2360.21 m
33.647 -2287.903 l
S
0.635 0.643 0.655 SC
34.113 -2360.21 m
34.113 -2287.903 l
S
0.639 0.647 0.659 SC
34.58 -2360.21 m
34.58 -2287.903 l
S
0.643 0.651 0.663 SC
35.046 -2360.21 m
35.046 -2287.903 l
S
0.647 0.655 0.663 SC
35.513 -2360.21 m
35.513 -2287.903 l
S
0.651 0.659 0.667 SC
35.979 -2360.21 m
35.979 -2287.903 l
S
0.651 0.659 0.671 SC
36.446 -2360.21 m
36.446 -2287.903 l
S
0.655 0.663 0.675 SC
36.912 -2360.21 m
36.912 -2287.903 l
S
0.659 0.667 0.678 SC
37.379 -2360.21 m
37.379 -2287.903 l
S
0.663 0.671 0.678 SC
37.845 -2360.21 m
37.845 -2287.903 l
S
0.663 0.675 0.682 SC
38.312 -2360.21 m
38.312 -2287.903 l
S
0.667 0.675 0.686 SC
38.778 -2360.21 m
38.778 -2287.903 l
S
0.671 0.678 0.69 SC
39.245 -2360.21 m
39.245 -2287.903 l
S
0.675 0.682 0.69 SC
39.711 -2360.21 m
39.711 -2287.903 l
S
0.678 0.686 0.694 SC
40.178 -2360.21 m
40.178 -2287.903 l
S
0.682 0.69 0.698 SC
40.644 -2360.21 m
40.644 -2287.903 l
S
0.682 0.69 0.702 SC
41.111 -2360.21 m
41.111 -2287.903 l
S
0.686 0.694 0.706 SC
41.577 -2360.21 m
41.577 -2287.903 l
S
0.69 0.698 0.706 SC
42.044 -2360.21 m
42.044 -2287.903 l
S
0.694 0.702 0.71 SC
42.51 -2360.21 m
42.51 -2287.903 l
S
0.698 0.706 0.714 SC
42.977 -2360.21 m
42.977 -2287.903 l
S
0.698 0.706 0.718 SC
43.443 -2360.21 m
43.443 -2287.903 l
S
0.702 0.71 0.722 SC
43.91 -2360.21 m
43.91 -2287.903 l
S
0.706 0.714 0.722 SC
44.376 -2360.21 m
44.376 -2287.903 l
S
0.71 0.718 0.725 SC
44.843 -2360.21 m
44.843 -2287.903 l
S
0.714 0.722 0.729 SC
45.309 -2360.21 m
45.309 -2287.903 l
S
0.714 0.722 0.733 SC
45.776 -2360.21 m
45.776 -2287.903 l
S
0.718 0.725 0.737 SC
46.242 -2360.21 m
46.242 -2287.903 l
S
0.722 0.729 0.737 SC
46.709 -2360.21 m
46.709 -2287.903 l
S
0.725 0.733 0.741 SC
47.175 -2360.21 m
47.175 -2287.903 l
S
0.729 0.737 0.745 SC
47.642 -2360.21 m
47.642 -2287.903 l
S
0.733 0.741 0.749 SC
48.108 -2360.21 m
48.108 -2287.903 l
S
0.733 0.741 0.753 SC
48.575 -2360.21 m
48.575 -2287.903 l
49.041 -2360.21 m
49.041 -2287.903 l
S
0.737 0.745 0.753 SC
49.508 -2360.21 m
49.508 -2287.903 l
S
0.741 0.749 0.757 SC
49.974 -2360.21 m
49.974 -2287.903 l
S
0.745 0.753 0.761 SC
50.441 -2360.21 m
50.441 -2287.903 l
S
0.749 0.757 0.765 SC
50.907 -2360.21 m
50.907 -2287.903 l
S
0.753 0.761 0.769 SC
51.374 -2360.21 m
51.374 -2287.903 l
51.84 -2360.21 m
51.84 -2287.903 l
S
0.757 0.765 0.773 SC
52.307 -2360.21 m
52.307 -2287.903 l
S
0.761 0.769 0.776 SC
52.773 -2360.21 m
52.773 -2287.903 l
S
0.765 0.773 0.78 SC
53.24 -2360.21 m
53.24 -2287.903 l
S
0.769 0.776 0.784 SC
53.706 -2360.21 m
53.706 -2287.903 l
S
0.773 0.776 0.784 SC
54.173 -2360.21 m
54.173 -2287.903 l
S
0.776 0.78 0.788 SC
54.639 -2360.21 m
54.639 -2287.903 l
S
0.776 0.784 0.792 SC
55.106 -2360.21 m
55.106 -2287.903 l
S
0.78 0.788 0.796 SC
55.572 -2360.21 m
55.572 -2287.903 l
S
0.784 0.792 0.8 SC
56.039 -2360.21 m
56.039 -2287.903 l
S
0.788 0.796 0.8 SC
56.505 -2360.21 m
56.505 -2287.903 l
S
0.792 0.796 0.804 SC
56.972 -2360.21 m
56.972 -2287.903 l
S
0.796 0.8 0.808 SC
57.438 -2360.21 m
57.438 -2287.903 l
S
0.796 0.804 0.812 SC
57.905 -2360.21 m
57.905 -2287.903 l
S
0.8 0.808 0.816 SC
58.371 -2360.21 m
58.371 -2287.903 l
S
0.804 0.812 0.816 SC
58.838 -2360.21 m
58.838 -2287.903 l
S
0.808 0.812 0.82 SC
59.304 -2360.21 m
59.304 -2287.903 l
S
0.812 0.816 0.824 SC
59.771 -2360.21 m
59.771 -2287.903 l
S
0.816 0.82 0.827 SC
60.237 -2360.21 m
60.237 -2287.903 l
S
0.816 0.824 0.831 SC
60.704 -2360.21 m
60.704 -2287.903 l
S
0.82 0.827 0.831 SC
61.17 -2360.21 m
61.17 -2287.903 l
S
0.824 0.831 0.835 SC
61.637 -2360.21 m
61.637 -2287.903 l
S
0.827 0.831 0.839 SC
62.103 -2360.21 m
62.103 -2287.903 l
S
0.831 0.835 0.843 SC
62.57 -2360.21 m
62.57 -2287.903 l
S
0.835 0.839 0.843 SC
63.036 -2360.21 m
63.036 -2287.903 l
S
0.835 0.843 0.847 SC
63.503 -2360.21 m
63.503 -2287.903 l
S
0.839 0.847 0.851 SC
63.969 -2360.21 m
63.969 -2287.903 l
S
0.843 0.847 0.855 SC
64.436 -2360.21 m
64.436 -2287.903 l
S
0.847 0.851 0.859 SC
64.902 -2360.21 m
64.902 -2287.903 l
S
0.851 0.855 0.859 SC
65.369 -2360.21 m
65.369 -2287.903 l
S
0.855 0.859 0.863 SC
65.835 -2360.21 m
65.835 -2287.903 l
S
0.855 0.863 0.867 SC
66.302 -2360.21 m
66.302 -2287.903 l
S
0.859 0.863 0.871 SC
66.768 -2360.21 m
66.768 -2287.903 l
S
0.863 0.867 0.875 SC
67.235 -2360.21 m
67.235 -2287.903 l
S
0.867 0.871 0.875 SC
67.701 -2360.21 m
67.701 -2287.903 l
S
0.871 0.875 0.878 SC
68.168 -2360.21 m
68.168 -2287.903 l
S
0.875 0.878 0.882 SC
68.634 -2360.21 m
68.634 -2287.903 l
S
0.875 0.882 0.886 SC
69.101 -2360.21 m
69.101 -2287.903 l
S
0.878 0.882 0.89 SC
69.567 -2360.21 m
69.567 -2287.903 l
S
0.882 0.886 0.89 SC
70.034 -2360.21 m
70.034 -2287.903 l
S
0.886 0.89 0.894 SC
70.5 -2360.21 m
70.5 -2287.903 l
S
0.89 0.894 0.898 SC
70.967 -2360.21 m
70.967 -2287.903 l
S
0.894 0.898 0.902 SC
71.433 -2360.21 m
71.433 -2287.903 l
S
0.898 0.898 0.902 SC
71.9 -2360.21 m
71.9 -2287.903 l
S
0.898 0.902 0.906 SC
72.366 -2360.21 m
72.366 -2287.903 l
S
0.902 0.906 0.91 SC
72.833 -2360.21 m
72.833 -2287.903 l
S
0.906 0.91 0.914 SC
73.299 -2360.21 m
73.299 -2287.903 l
S
0.91 0.914 0.918 SC
73.766 -2360.21 m
73.766 -2287.903 l
S
0.914 0.918 0.922 SC
74.232 -2360.21 m
74.232 -2287.903 l
S
0.918 0.922 0.922 SC
74.699 -2360.21 m
74.699 -2287.903 l
S
0.922 0.922 0.925 SC
75.165 -2360.21 m
75.165 -2287.903 l
S
0.922 0.925 0.929 SC
75.632 -2360.21 m
75.632 -2287.903 l
S
0.925 0.929 0.933 SC
76.098 -2360.21 m
76.098 -2287.903 l
S
0.929 0.933 0.933 SC
76.565 -2360.21 m
76.565 -2287.903 l
S
0.933 0.937 0.937 SC
77.031 -2360.21 m
77.031 -2287.903 l
S
0.937 0.937 0.941 SC
77.498 -2360.21 m
77.498 -2287.903 l
S
0.941 0.941 0.945 SC
77.964 -2360.21 m
77.964 -2287.903 l
S
0.945 0.945 0.949 SC
78.431 -2360.21 m
78.431 -2287.903 l
S
0.945 0.949 0.949 SC
78.897 -2360.21 m
78.897 -2287.903 l
S
0.949 0.953 0.953 SC
79.364 -2360.21 m
79.364 -2287.903 l
S
0.953 0.957 0.957 SC
79.83 -2360.21 m
79.83 -2287.903 l
S
0.957 0.957 0.961 SC
80.297 -2360.21 m
80.297 -2287.903 l
S
0.961 0.961 0.965 SC
80.763 -2360.21 m
80.763 -2287.903 l
S
0.965 0.965 0.969 SC
81.23 -2360.21 m
81.23 -2287.903 l
S
0.969 0.969 0.969 SC
81.696 -2360.21 m
81.696 -2287.903 l
S
0.973 0.973 0.973 SC
82.163 -2360.21 m
82.163 -2287.903 l
S
0.976 0.976 0.976 SC
82.629 -2360.21 m
82.629 -2287.903 l
S
0.98 0.98 0.984 SC
83.096 -2360.21 m
83.096 -2287.903 l
S
0.988 0.988 0.988 SC
83.562 -2360.21 m
83.562 -2287.903 l
S
0.992 0.992 0.992 SC
84.029 -2360.21 m
84.029 -2287.903 l
S
1 1 1 SC
84.495 -2360.21 m
84.495 -2287.903 l
S
Q
Q
q
1 i 
-9 851 613 -860 re
0 841 m
W n
0.03 841.02 595.02 -841.02 re
W n
/Cs5 cs 0.161 0.145 0.149 sc
/GS1 gs
0.03 841.02 35.4 -6.11 re
f
/Cs5 CS 0.161 0.145 0.149 SC
0 J 0 j 0.3 w 10 M []0 d
28.347 841.076 m
28.347 805.006 l
S
286.3 22.8 22.68 -22.8 re
f
BT
/F1 1 Tf
10 0 0 10 289.2992 7.7671 Tm
1 1 1 sc
-0.0002 Tc
0 Tw
(652)Tj
/F3 1 Tf
7 0 0 7 35.4331 17.5374 Tm
0.161 0.145 0.149 sc
-0.0001 Tc
-0.0306 Tw
[(Swissmedic Jour)-17.9(nal)-1111.9(9/2002)]TJ
/F2 1 Tf
10 0 0 10 85.0394 763.6339 Tm
-0.0336 Tw
[(01)-1044.2(Demonatur Dragées pour les r)17.7(eins et la vessie)]TJ
/F5 1 Tf
0 -1.4174 TD
-0.0306 Tw
[(Democal SA, 10, Route de Moncor)91.7(, 1752 V)17.7(i)0.1(lars-sur)17.7(-Glâne)]TJ
ET
0.4 w 
85.04 741.51 m
552.76 741.51 l
85.04 723.82 m
552.76 723.82 l
S
BT
10 0 0 10 85.0394 729.1213 Tm
-0.0002 Tc
0 Tw
[(N°)-247.4(AMM: )]TJ
/F2 1 Tf
4.5038 0 TD
(37936)Tj
/F5 1 Tf
8.2521 0 TD
-0.0001 Tc
-0.0306 Tw
(Mode de vente: )Tj
/F2 1 Tf
7.5194 0 TD
0 Tc
0 Tw
(D)Tj
/F5 1 Tf
5.2365 0 TD
-0.0001 Tc
-0.0306 Tw
[(Index: 05.02.0.)-9563.5(27.09.2002)]TJ
-25.5118 -2.2428 TD
-0.0002 Tc
0 Tw
[(Composition:)-3756.2(01)]TJ
8.3 0 0 8.3 198.4252 706.6931 Tm
-0.0001 Tc
-0.0246 Tw
[(OR)17.7(THOSIPHONIS FOLII EXTRACTUM ETHANOLICUM SICCUM 50)-278(mg, UV)36.7(AE URSI EXTRACTUM)]TJ
0 -1.3661 TD
-0.0588 Tw
[(AQUOSUM SICCUM 45)-278.1(mg corresp. ARBUTINUM 4.5)-278.1(mg, SOLIDAGINIS VIRGAUREAE EXTRAC-)]TJ
T*
-0.045 Tw
[(TUM ETHANOLICUM SICCUM 50)-278.1(mg, ONONIDIS EXTRACTUM ETHANOLICUM SICCUM 40)-278.1(mg,)]TJ
T*
0.2341 Tw
[(ECHINACEAE PURPUREAE RADICIS EXTRACTUM ETHANOLICUM SICCUM 50)-278.1(mg, COLOR.:)]TJ
T*
0 Tc
0 Tw
(E)Tj
0.8339 0 TD
-0.0001 Tc
-0.0306 Tw
(104, EXCIPIENS pro COMPRESSO OBDUCTO.)Tj
10 0 0 10 85.0394 647.1635 Tm
[(Indication:)-6395.3(En cas de douleurs dans la zone de la vessie et des voies urinaires)]TJ
0 -1.4174 TD
0 Tw
[(Conditionnement:)-1422.6(0)0.1(1)-305.6(0)0(30)-7141.8(50)-567(Dragées)-9828.1(D)]TJ
T*
-0.0306 Tw
[(* V)48.7(a)0(lable jusqu’au:)-2614.2(26 septembre 2007)]TJ
ET
85.04 610.4 m
552.76 610.4 l
S
BT
/F2 1 Tf
10 0 0 10 85.0394 574.4068 Tm
-0.0336 Tw
[(01)-1044.2(Ditr)17.7(opan, comprimés)]TJ
/F5 1 Tf
T*
-0.0306 Tw
[(* Sanofi-Synthélabo \(Suisse\) SA, 11, rue de V)36.7(eyrot, 1217 Meyrin)]TJ
ET
85.04 552.28 m
552.76 552.28 l
85.04 534.59 m
552.76 534.59 l
S
BT
10 0 0 10 85.0394 539.8942 Tm
-0.0002 Tc
0 Tw
[(N°)-247.4(AMM: )]TJ
/F2 1 Tf
4.5038 0 TD
(46680)Tj
/F5 1 Tf
8.2521 0 TD
-0.0001 Tc
-0.0306 Tw
(Mode de vente: )Tj
/F2 1 Tf
7.5194 0 TD
0 Tc
0 Tw
(B)Tj
/F5 1 Tf
5.2365 0 TD
-0.0001 Tc
-0.0306 Tw
[(Index: 05.02.0.)-9563.5(01.09.2002)]TJ
-25.5118 -2.2428 TD
-0.0002 Tc
0 Tw
[(Composition:)-3756.2(01)]TJ
8.3 0 0 8.3 198.4252 517.4661 Tm
-0.0001 Tc
-0.0306 Tw
[(OXYBUTYNINI HYDROCHLORIDUM 5)-278.1(m)0(g, COLOR.: E)-278.1(132, EXCIPIENS pro COMPRESSO.)]TJ
10 0 0 10 85.0394 503.2925 Tm
[(Indication:)-6395.3(Spasmolytique des voies urinaires)]TJ
0 -1.4174 TD
0 Tw
[(Conditionnement:)-1422.6(0)0.1(1)-305.6(0)0(14)-7141.8(60)-567(T)74(abletten)-9179.4(B)]TJ
T*
-0.0102 Tw
[(* )20.4(Remarques:)-5090.7(Cette attestation d’enregistrement annule celle du 10.10.1997 \(Changement)]TJ
11.3386 -1.1339 TD
-0.0306 Tw
(de titulaire de l’AMM\))Tj
-11.3386 -1.4174 TD
-0.0488 Tc
0 Tw
(Va)Tj
1.174 0 TD
-0.0001 Tc
-0.0306 Tw
[(lable jusqu’au:)-3417.3(31 décembre 2002)]TJ
ET
85.04 441.02 m
552.76 441.02 l
S
BT
/F2 1 Tf
10 0 0 10 85.0394 405.0231 Tm
-0.0336 Tw
[(01)-1044.2(Dogmatil 200)-306(mg, comprimés)]TJ
/F5 1 Tf
0 -1.4174 TD
-0.0306 Tw
[(* Sanofi-Synthélabo \(Suisse\) SA, 11, rue de V)36.7(eyrot, 1217 Meyrin)]TJ
ET
85.04 382.9 m
552.76 382.9 l
85.04 365.21 m
552.76 365.21 l
S
BT
10 0 0 10 85.0394 370.5105 Tm
-0.0002 Tc
0 Tw
[(N°)-247.4(AMM: )]TJ
/F2 1 Tf
4.5038 0 TD
(40706)Tj
/F5 1 Tf
8.2521 0 TD
-0.0001 Tc
-0.0306 Tw
(Mode de vente: )Tj
/F2 1 Tf
7.5194 0 TD
0 Tc
0 Tw
(B)Tj
/F5 1 Tf
5.2365 0 TD
-0.0001 Tc
-0.0306 Tw
[(Index: 01.05.0.)-9563.5(01.09.2002)]TJ
-25.5118 -2.2428 TD
-0.0002 Tc
0 Tw
[(Composition:)-3756.2(01)]TJ
8.3 0 0 8.3 198.4252 348.0824 Tm
-0.0001 Tc
-0.0306 Tw
[(SULPIRIDUM 200)-278.1(mg, EXCIPIENS pro COMPRESSO.)]TJ
10 0 0 10 85.0394 333.9088 Tm
0 Tw
[(Indication:)-6395.3(Antipsychotique)]TJ
0 -1.4174 TD
[(Conditionnements:)-1033.7(01)-305.6(011)-7141.8(1)0.1(2)-567(comprimés)-8551.5(B)]TJ
11.3386 -1.4174 TD
[(046)-7141.8(6)0.1(0)-567(comprimés)-8551.5(B)]TJ
-11.3386 -1.4174 TD
-0.0102 Tw
[(* )20.4(Remarques:)-5090.7(Cette attestation d’enregistrement annule celle du 20.11.2000 \(Changement)]TJ
11.3386 -1.1339 TD
-0.0306 Tw
(de titulaire de l’AMM\))Tj
-11.3386 -1.4174 TD
-0.0488 Tc
0 Tw
(Va)Tj
1.174 0 TD
-0.0001 Tc
-0.0306 Tw
[(lable jusqu’au:)-3417.3(31 décembre 2005)]TJ
ET
85.04 257.46 m
552.76 257.46 l
S
BT
/F2 1 Tf
10 0 0 10 85.0394 221.4658 Tm
-0.0336 Tw
[(01)-1044.2(Dogmatil, gélules)]TJ
/F5 1 Tf
0 -1.4174 TD
-0.0306 Tw
[(* Sanofi-Synthélabo \(Suisse\) SA, 11, rue de V)36.7(eyrot, 1217 Meyrin)]TJ
ET
85.04 199.34 m
552.76 199.34 l
85.04 181.65 m
552.76 181.65 l
S
BT
10 0 0 10 85.0394 186.9531 Tm
-0.0002 Tc
0 Tw
[(N°)-247.4(AMM: )]TJ
/F2 1 Tf
4.5038 0 TD
(34316)Tj
/F5 1 Tf
8.2521 0 TD
-0.0001 Tc
-0.0306 Tw
(Mode de vente: )Tj
/F2 1 Tf
7.5194 0 TD
0 Tc
0 Tw
(B)Tj
/F5 1 Tf
5.2365 0 TD
-0.0001 Tc
-0.0306 Tw
[(Index: 01.05.0.)-9563.5(01.09.2002)]TJ
-25.5118 -2.2428 TD
-0.0002 Tc
0 Tw
[(Composition:)-3756.2(01)]TJ
8.3 0 0 8.3 198.4252 164.5251 Tm
-0.0001 Tc
-0.0306 Tw
[(SULPIRIDUM 50)-278.1(mg, CONSER)17.7(V)91.5(.: E)-278.1(220, EXCIPIENS pro CAPSULA.)]TJ
10 0 0 10 85.0394 150.3514 Tm
0 Tw
[(Indication:)-6395.3(Antipsychotique)]TJ
0 -1.4174 TD
-0.0002 Tc
[(Conditionnement:)-1422.7(0)0(1)-305.7(0)-0.1(15)-7141.9(30)-567.1(gélules)-10328.4(B)]TJ
T*
-0.0001 Tc
0.0374 Tw
[(* )68(Remarques:)-5090.7(Cette attestation d’enregistrement annule celle du 14.11.2000 Changement)]TJ
11.3386 -1.1339 TD
-0.0306 Tw
(de titulaire de l’AMM)Tj
-11.3386 -1.4174 TD
-0.0488 Tc
0 Tw
(Va)Tj
1.174 0 TD
-0.0001 Tc
-0.0306 Tw
[(lable jusqu’au:)-3417.3(31 décembre 2005)]TJ
ET
85.04 88.08 m
552.76 88.08 l
S
Q

q
1 i 
-9 851 613 -860 re
0 841 m
W n
0.03 841.02 595.02 -841.02 re
W n
BT
/F4 1 Tf
12.5 0 0 12.5 285.8058 811.7825 Tm
/Cs5 cs 0.161 0.145 0.149 sc
/GS1 gs
-0.0001 Tc
-0.0286 Tw
[(Arzneimittel Statistik)-130(/)-129.9(M)0.1(édicaments miscellanées)]TJ
ET
/Cs5 CS 0.161 0.145 0.149 SC
0 J 0 j 0.3 w 10 M []0 d
42.8 805.15 m
567.2 805.15 l
S
Q
q
1 i 
361.69 850.5 198.43 -24.09 re
560.097 811.782 m
W* n
-9 851 613 -860 re
0 841 m
W n
0.03 841.02 595.02 -841.02 re
W n
q
2.7718 0 0 -0.3608 0 0 cm
/Cs5 CS 1 1 1 SC
0 J 0 j 0.5 w 10 M []0 d
/GS1 gs
130.36 -2360.21 m
130.36 -2287.903 l
S
0.992 0.992 0.992 SC
130.827 -2360.21 m
130.827 -2287.903 l
S
0.988 0.988 0.988 SC
131.293 -2360.21 m
131.293 -2287.903 l
S
0.98 0.98 0.984 SC
131.76 -2360.21 m
131.76 -2287.903 l
S
0.976 0.976 0.976 SC
132.226 -2360.21 m
132.226 -2287.903 l
S
0.973 0.973 0.973 SC
132.693 -2360.21 m
132.693 -2287.903 l
S
0.969 0.969 0.969 SC
133.159 -2360.21 m
133.159 -2287.903 l
S
0.965 0.965 0.969 SC
133.626 -2360.21 m
133.626 -2287.903 l
S
0.961 0.961 0.965 SC
134.092 -2360.21 m
134.092 -2287.903 l
S
0.957 0.957 0.961 SC
134.559 -2360.21 m
134.559 -2287.903 l
S
0.953 0.957 0.957 SC
135.025 -2360.21 m
135.025 -2287.903 l
S
0.949 0.953 0.953 SC
135.492 -2360.21 m
135.492 -2287.903 l
S
0.945 0.949 0.949 SC
135.958 -2360.21 m
135.958 -2287.903 l
S
0.945 0.945 0.949 SC
136.425 -2360.21 m
136.425 -2287.903 l
S
0.941 0.941 0.945 SC
136.891 -2360.21 m
136.891 -2287.903 l
S
0.937 0.937 0.941 SC
137.358 -2360.21 m
137.358 -2287.903 l
S
0.933 0.937 0.937 SC
137.824 -2360.21 m
137.824 -2287.903 l
S
0.929 0.933 0.933 SC
138.291 -2360.21 m
138.291 -2287.903 l
S
0.925 0.929 0.933 SC
138.757 -2360.21 m
138.757 -2287.903 l
S
0.922 0.925 0.929 SC
139.224 -2360.21 m
139.224 -2287.903 l
S
0.922 0.922 0.925 SC
139.69 -2360.21 m
139.69 -2287.903 l
S
0.918 0.922 0.922 SC
140.157 -2360.21 m
140.157 -2287.903 l
S
0.914 0.918 0.922 SC
140.623 -2360.21 m
140.623 -2287.903 l
S
0.91 0.914 0.918 SC
141.09 -2360.21 m
141.09 -2287.903 l
S
0.906 0.91 0.914 SC
141.556 -2360.21 m
141.556 -2287.903 l
S
0.902 0.906 0.91 SC
142.023 -2360.21 m
142.023 -2287.903 l
S
0.898 0.902 0.906 SC
142.489 -2360.21 m
142.489 -2287.903 l
S
0.898 0.898 0.902 SC
142.956 -2360.21 m
142.956 -2287.903 l
S
0.894 0.898 0.902 SC
143.422 -2360.21 m
143.422 -2287.903 l
S
0.89 0.894 0.898 SC
143.889 -2360.21 m
143.889 -2287.903 l
S
0.886 0.89 0.894 SC
144.355 -2360.21 m
144.355 -2287.903 l
S
0.882 0.886 0.89 SC
144.822 -2360.21 m
144.822 -2287.903 l
S
0.878 0.882 0.89 SC
145.288 -2360.21 m
145.288 -2287.903 l
S
0.875 0.882 0.886 SC
145.755 -2360.21 m
145.755 -2287.903 l
S
0.875 0.878 0.882 SC
146.221 -2360.21 m
146.221 -2287.903 l
S
0.871 0.875 0.878 SC
146.688 -2360.21 m
146.688 -2287.903 l
S
0.867 0.871 0.875 SC
147.154 -2360.21 m
147.154 -2287.903 l
S
0.863 0.867 0.875 SC
147.621 -2360.21 m
147.621 -2287.903 l
S
0.859 0.863 0.871 SC
148.087 -2360.21 m
148.087 -2287.903 l
S
0.855 0.863 0.867 SC
148.554 -2360.21 m
148.554 -2287.903 l
S
0.855 0.859 0.863 SC
149.02 -2360.21 m
149.02 -2287.903 l
S
0.851 0.855 0.859 SC
149.487 -2360.21 m
149.487 -2287.903 l
S
0.847 0.851 0.859 SC
149.953 -2360.21 m
149.953 -2287.903 l
S
0.843 0.847 0.855 SC
150.42 -2360.21 m
150.42 -2287.903 l
S
0.839 0.847 0.851 SC
150.886 -2360.21 m
150.886 -2287.903 l
S
0.835 0.843 0.847 SC
151.353 -2360.21 m
151.353 -2287.903 l
S
0.835 0.839 0.843 SC
151.819 -2360.21 m
151.819 -2287.903 l
S
0.831 0.835 0.843 SC
152.286 -2360.21 m
152.286 -2287.903 l
S
0.827 0.831 0.839 SC
152.752 -2360.21 m
152.752 -2287.903 l
S
0.824 0.831 0.835 SC
153.219 -2360.21 m
153.219 -2287.903 l
S
0.82 0.827 0.831 SC
153.685 -2360.21 m
153.685 -2287.903 l
S
0.816 0.824 0.831 SC
154.152 -2360.21 m
154.152 -2287.903 l
S
0.816 0.82 0.827 SC
154.618 -2360.21 m
154.618 -2287.903 l
S
0.812 0.816 0.824 SC
155.085 -2360.21 m
155.085 -2287.903 l
S
0.808 0.812 0.82 SC
155.551 -2360.21 m
155.551 -2287.903 l
S
0.804 0.812 0.816 SC
156.018 -2360.21 m
156.018 -2287.903 l
S
0.8 0.808 0.816 SC
156.484 -2360.21 m
156.484 -2287.903 l
S
0.796 0.804 0.812 SC
156.951 -2360.21 m
156.951 -2287.903 l
S
0.796 0.8 0.808 SC
157.417 -2360.21 m
157.417 -2287.903 l
S
0.792 0.796 0.804 SC
157.884 -2360.21 m
157.884 -2287.903 l
S
0.788 0.796 0.8 SC
158.35 -2360.21 m
158.35 -2287.903 l
S
0.784 0.792 0.8 SC
158.817 -2360.21 m
158.817 -2287.903 l
S
0.78 0.788 0.796 SC
159.283 -2360.21 m
159.283 -2287.903 l
S
0.776 0.784 0.792 SC
159.75 -2360.21 m
159.75 -2287.903 l
S
0.776 0.78 0.788 SC
160.216 -2360.21 m
160.216 -2287.903 l
S
0.773 0.776 0.784 SC
160.683 -2360.21 m
160.683 -2287.903 l
S
0.769 0.776 0.784 SC
161.149 -2360.21 m
161.149 -2287.903 l
S
0.765 0.773 0.78 SC
161.616 -2360.21 m
161.616 -2287.903 l
S
0.761 0.769 0.776 SC
162.082 -2360.21 m
162.082 -2287.903 l
S
0.757 0.765 0.773 SC
162.549 -2360.21 m
162.549 -2287.903 l
S
0.753 0.761 0.769 SC
163.015 -2360.21 m
163.015 -2287.903 l
163.482 -2360.21 m
163.482 -2287.903 l
S
0.749 0.757 0.765 SC
163.948 -2360.21 m
163.948 -2287.903 l
S
0.745 0.753 0.761 SC
164.415 -2360.21 m
164.415 -2287.903 l
S
0.741 0.749 0.757 SC
164.881 -2360.21 m
164.881 -2287.903 l
S
0.737 0.745 0.753 SC
165.348 -2360.21 m
165.348 -2287.903 l
S
0.733 0.741 0.753 SC
165.814 -2360.21 m
165.814 -2287.903 l
S
0.733 0.741 0.749 SC
166.281 -2360.21 m
166.281 -2287.903 l
166.747 -2360.21 m
166.747 -2287.903 l
S
0.729 0.737 0.745 SC
167.214 -2360.21 m
167.214 -2287.903 l
S
0.725 0.733 0.741 SC
167.68 -2360.21 m
167.68 -2287.903 l
S
0.722 0.729 0.737 SC
168.147 -2360.21 m
168.147 -2287.903 l
S
0.718 0.725 0.737 SC
168.613 -2360.21 m
168.613 -2287.903 l
S
0.714 0.722 0.733 SC
169.08 -2360.21 m
169.08 -2287.903 l
S
0.714 0.722 0.729 SC
169.546 -2360.21 m
169.546 -2287.903 l
S
0.71 0.718 0.725 SC
170.013 -2360.21 m
170.013 -2287.903 l
S
0.706 0.714 0.722 SC
170.479 -2360.21 m
170.479 -2287.903 l
S
0.702 0.71 0.722 SC
170.946 -2360.21 m
170.946 -2287.903 l
S
0.698 0.706 0.718 SC
171.412 -2360.21 m
171.412 -2287.903 l
S
0.698 0.706 0.714 SC
171.879 -2360.21 m
171.879 -2287.903 l
S
0.694 0.702 0.71 SC
172.345 -2360.21 m
172.345 -2287.903 l
S
0.69 0.698 0.706 SC
172.812 -2360.21 m
172.812 -2287.903 l
S
0.686 0.694 0.706 SC
173.278 -2360.21 m
173.278 -2287.903 l
S
0.682 0.69 0.702 SC
173.745 -2360.21 m
173.745 -2287.903 l
S
0.682 0.69 0.698 SC
174.211 -2360.21 m
174.211 -2287.903 l
S
0.678 0.686 0.694 SC
174.678 -2360.21 m
174.678 -2287.903 l
S
0.675 0.682 0.69 SC
175.144 -2360.21 m
175.144 -2287.903 l
S
0.671 0.678 0.69 SC
175.611 -2360.21 m
175.611 -2287.903 l
S
0.667 0.675 0.686 SC
176.077 -2360.21 m
176.077 -2287.903 l
S
0.663 0.675 0.682 SC
176.544 -2360.21 m
176.544 -2287.903 l
S
0.663 0.671 0.678 SC
177.01 -2360.21 m
177.01 -2287.903 l
S
0.659 0.667 0.678 SC
177.477 -2360.21 m
177.477 -2287.903 l
S
0.655 0.663 0.675 SC
177.943 -2360.21 m
177.943 -2287.903 l
S
0.651 0.659 0.671 SC
178.41 -2360.21 m
178.41 -2287.903 l
S
0.651 0.659 0.667 SC
178.876 -2360.21 m
178.876 -2287.903 l
S
0.647 0.655 0.663 SC
179.343 -2360.21 m
179.343 -2287.903 l
S
0.643 0.651 0.663 SC
179.809 -2360.21 m
179.809 -2287.903 l
S
0.639 0.647 0.659 SC
180.276 -2360.21 m
180.276 -2287.903 l
S
0.635 0.643 0.655 SC
180.742 -2360.21 m
180.742 -2287.903 l
S
0.635 0.643 0.651 SC
181.209 -2360.21 m
181.209 -2287.903 l
S
0.631 0.639 0.647 SC
181.675 -2360.21 m
181.675 -2287.903 l
S
0.627 0.635 0.647 SC
182.142 -2360.21 m
182.142 -2287.903 l
S
0.624 0.631 0.643 SC
182.608 -2360.21 m
182.608 -2287.903 l
S
0.62 0.631 0.639 SC
183.075 -2360.21 m
183.075 -2287.903 l
S
0.62 0.627 0.635 SC
183.541 -2360.21 m
183.541 -2287.903 l
S
0.616 0.624 0.635 SC
184.008 -2360.21 m
184.008 -2287.903 l
S
0.612 0.62 0.631 SC
184.474 -2360.21 m
184.474 -2287.903 l
S
0.608 0.616 0.627 SC
184.941 -2360.21 m
184.941 -2287.903 l
S
0.608 0.616 0.624 SC
185.407 -2360.21 m
185.407 -2287.903 l
S
0.604 0.612 0.624 SC
185.874 -2360.21 m
185.874 -2287.903 l
S
0.6 0.608 0.62 SC
186.34 -2360.21 m
186.34 -2287.903 l
S
0.596 0.604 0.616 SC
186.806 -2360.21 m
186.806 -2287.903 l
S
0.596 0.604 0.612 SC
187.273 -2360.21 m
187.273 -2287.903 l
S
0.592 0.6 0.608 SC
187.739 -2360.21 m
187.739 -2287.903 l
S
0.588 0.596 0.608 SC
188.206 -2360.21 m
188.206 -2287.903 l
S
0.584 0.592 0.604 SC
188.672 -2360.21 m
188.672 -2287.903 l
S
0.584 0.592 0.6 SC
189.139 -2360.21 m
189.139 -2287.903 l
S
0.58 0.588 0.596 SC
189.605 -2360.21 m
189.605 -2287.903 l
S
0.576 0.584 0.596 SC
190.072 -2360.21 m
190.072 -2287.903 l
S
0.573 0.58 0.592 SC
190.538 -2360.21 m
190.538 -2287.903 l
S
0.573 0.58 0.588 SC
191.005 -2360.21 m
191.005 -2287.903 l
S
0.569 0.576 0.588 SC
191.471 -2360.21 m
191.471 -2287.903 l
S
0.565 0.573 0.584 SC
191.938 -2360.21 m
191.938 -2287.903 l
S
0.561 0.569 0.58 SC
192.404 -2360.21 m
192.404 -2287.903 l
S
0.561 0.569 0.576 SC
192.871 -2360.21 m
192.871 -2287.903 l
S
0.557 0.565 0.576 SC
193.337 -2360.21 m
193.337 -2287.903 l
S
0.553 0.561 0.573 SC
193.804 -2360.21 m
193.804 -2287.903 l
S
0.549 0.557 0.569 SC
194.27 -2360.21 m
194.27 -2287.903 l
S
0.549 0.557 0.565 SC
194.737 -2360.21 m
194.737 -2287.903 l
S
0.545 0.553 0.565 SC
195.203 -2360.21 m
195.203 -2287.903 l
S
0.541 0.549 0.561 SC
195.67 -2360.21 m
195.67 -2287.903 l
S
0.537 0.545 0.557 SC
196.136 -2360.21 m
196.136 -2287.903 l
S
0.537 0.545 0.553 SC
196.603 -2360.21 m
196.603 -2287.903 l
S
0.533 0.541 0.553 SC
197.069 -2360.21 m
197.069 -2287.903 l
S
0.529 0.537 0.549 SC
197.536 -2360.21 m
197.536 -2287.903 l
S
0.529 0.533 0.545 SC
198.002 -2360.21 m
198.002 -2287.903 l
S
0.525 0.533 0.541 SC
198.469 -2360.21 m
198.469 -2287.903 l
S
0.522 0.529 0.541 SC
198.935 -2360.21 m
198.935 -2287.903 l
S
0.518 0.525 0.537 SC
199.402 -2360.21 m
199.402 -2287.903 l
S
0.518 0.525 0.533 SC
199.868 -2360.21 m
199.868 -2287.903 l
S
0.514 0.522 0.529 SC
200.335 -2360.21 m
200.335 -2287.903 l
S
0.51 0.518 0.529 SC
200.801 -2360.21 m
200.801 -2287.903 l
S
0.51 0.514 0.525 SC
201.268 -2360.21 m
201.268 -2287.903 l
S
0.506 0.514 0.522 SC
201.734 -2360.21 m
201.734 -2287.903 l
S
0.502 0.51 0.518 SC
202.201 -2360.21 m
202.201 -2287.903 l
S
Q
Q
q
1 i 
-9 851 613 -860 re
0 841 m
W n
0.03 841.02 595.02 -841.02 re
W n
/Cs5 cs 0.161 0.145 0.149 sc
/GS1 gs
560.12 841.02 34.93 -6.11 re
f
/Cs5 CS 0.161 0.145 0.149 SC
0 J 0 j 0.3 w 10 M []0 d
567.202 840.678 m
567.202 804.948 l
S
286.57 22.8 22.68 -22.8 re
f
BT
/F1 1 Tf
10 0 0 10 289.5747 7.7671 Tm
1 1 1 sc
-0.0002 Tc
0 Tw
(653)Tj
/F3 1 Tf
7 0 0 7 473.8676 17.5374 Tm
0.161 0.145 0.149 sc
-0.0001 Tc
-0.0306 Tw
[(Swissmedic Jour)-17.9(nal)-1111.9(9/2002)]TJ
/F2 1 Tf
10 0 0 10 42.7953 763.6339 Tm
-0.0336 Tw
[(02)-1044.2(Dogmatil, soluté buvable)]TJ
/F5 1 Tf
0 -1.4174 TD
-0.0306 Tw
[(* Sanofi-Synthélabo \(Suisse\) SA, 11, rue de V)36.7(eyrot, 1217 Meyrin)]TJ
ET
0.4 w 
42.8 741.51 m
510.51 741.51 l
42.8 723.82 m
510.51 723.82 l
S
BT
10 0 0 10 42.7953 729.1213 Tm
-0.0002 Tc
0 Tw
[(N°)-247.4(AMM: )]TJ
/F2 1 Tf
4.5038 0 TD
(34317)Tj
/F5 1 Tf
8.2521 0 TD
-0.0001 Tc
-0.0306 Tw
(Mode de vente: )Tj
/F2 1 Tf
7.5194 0 TD
0 Tc
0 Tw
(B)Tj
/F5 1 Tf
5.2365 0 TD
-0.0001 Tc
-0.0306 Tw
[(Index: 01.05.0.)-9563.5(01.09.2002)]TJ
-25.5118 -2.2428 TD
-0.0002 Tc
0 Tw
[(Composition:)-3756.2(02)]TJ
8.3 0 0 8.3 156.1811 706.6931 Tm
-0.0001 Tc
-0.1068 Tw
[(SULPIRIDUM 5)-278.1(mg, SACCHARINUM, AROMA)73.7(TICA, CONSER)17.7(V)91.5(.: E)-278.1(200, E)-278.1(216, E)-278.1(218, EXCIPIENS ad)]TJ
0 -1.3661 TD
-0.0306 Tw
[(SOLUTIONEM pro 1)-278.1(mL. )]TJ
10 0 0 10 42.7953 681.1805 Tm
0 Tw
[(Indication:)-6395.3(Antipsychotique)]TJ
0 -1.4174 TD
[(Conditionnement:)-1422.6(0)0.1(2)-305.6(0)0.1(11)-6585.9(200)-567.1(m)0(L)-12217.5(B)]TJ
T*
0.0374 Tw
[(* )68(Remarques:)-5090.7(Cette attestation d’enregistrement annule celle du 14.11.2000 Changement)]TJ
11.3386 -1.1339 TD
-0.0306 Tw
(de titulaire de l’AMM)Tj
-11.3386 -1.4174 TD
-0.0488 Tc
0 Tw
(Va)Tj
1.174 0 TD
-0.0001 Tc
-0.0306 Tw
[(lable jusqu’au:)-3417.3(31 décembre 2005)]TJ
ET
42.8 618.91 m
510.51 618.91 l
S
BT
/F2 1 Tf
10 0 0 10 42.7953 582.9112 Tm
-0.0337 Tw
[(01)-1044.2(Elotrans, Pulver)]TJ
/F5 1 Tf
0 -1.4174 TD
-0.0306 Tw
[(Helvepharm AG, W)17.7(alzmühlestrasse 60, 8500 Frauenfeld)]TJ
ET
42.8 560.79 m
510.51 560.79 l
42.8 543.1 m
510.51 543.1 l
S
BT
10 0 0 10 42.7953 548.3986 Tm
-0.0002 Tc
0 Tw
[(Zul.-Nr)91.6(.: )]TJ
/F2 1 Tf
3.8772 0 TD
(44644)Tj
/F5 1 Tf
8.8787 0 TD
0 Tc
(V)Tj
0.6301 0 TD
-0.0001 Tc
(erkaufsart: )Tj
/F2 1 Tf
5.3042 0 TD
0 Tc
(D)Tj
/F5 1 Tf
6.8216 0 TD
-0.0001 Tc
-0.0306 Tw
[(Index: 07.02.7.)-9563.5(17.09.2002)]TJ
-25.5118 -2.2428 TD
0 Tw
[(Zusammensetzung:)-921.1(01)]TJ
8.3 0 0 8.3 156.1811 525.9704 Tm
-0.0317 Tw
[(GLUCOSUM ANHYDRICUM 4)-278.1(g, NA)73.7(TRII CHLORIDUM 700)-278.1(mg, KALII CHLORIDUM 300)-278.1(mg, NA-)]TJ
0 -1.3661 TD
0.0376 Tw
[(TRII CITRAS 590)-278.1(mg, SACCHARINUM, AROMA)73.7(TICA, COLOR.: E)-278.1(150, EXCIPIENS ad PUL)73.7(VEREM)]TJ
T*
-0.0002 Tc
-0.0305 Tw
[(pro CHAR)17.6(T)54.7(A)0(.)]TJ
10 0 0 10 42.7953 489.1188 Tm
-0.0001 Tc
[(Anwendung:)-5285.2(Elektrolyte zur oralen Rehydratation)]TJ
0 -1.4174 TD
-0.0002 Tc
[(Packung:)-5699.5(01)-305.7(045)-5591.5(1)-0.1( x 20)-567.1(Beutel)-10606.3(D)]TJ
T*
-0.0001 Tc
[(* Gültig bis:)-5844.6(16. September 2007)]TJ
ET
42.8 452.36 m
510.51 452.36 l
S
BT
/F2 1 Tf
10 0 0 10 42.7953 416.3621 Tm
-0.0337 Tw
[(01)-1044.2(Entocort Enema, Klistier)]TJ
/F5 1 Tf
T*
-0.0306 Tw
(AstraZeneca AG, Grafenau 10, 6301 Zug)Tj
ET
42.8 394.24 m
510.51 394.24 l
42.8 376.55 m
510.51 376.55 l
S
BT
10 0 0 10 42.7953 381.8495 Tm
-0.0002 Tc
0 Tw
[(Zul.-Nr)91.6(.: )]TJ
/F2 1 Tf
3.8772 0 TD
(52042)Tj
/F5 1 Tf
8.8787 0 TD
0 Tc
(V)Tj
0.6301 0 TD
-0.0001 Tc
(erkaufsart: )Tj
/F2 1 Tf
5.3042 0 TD
0 Tc
(B)Tj
/F5 1 Tf
6.8216 0 TD
-0.0001 Tc
-0.0306 Tw
[(Index: 04.99.0.)-9563.5(26.09.2002)]TJ
-25.5118 -2.2428 TD
0 Tw
[(Zusammensetzung:)-921.1(01)]TJ
8.3 0 0 8.3 156.1811 359.4213 Tm
0.1216 Tw
[(BUDESONIDUM 2.3)-278.1(mg, COLOR.: E)-278.1(106, EXCIPIENS pro COMPRESSO,  SOL)73.7(VENS: CONSER)17.7(V)91.5(.)0.2(:)]TJ
0 -1.3661 TD
0 Tc
0 Tw
(E)Tj
0.8339 0 TD
-0.0001 Tc
0.2298 Tw
[(216, E)-278.1(218, EXCIPIENS ad SOLUTIONEM pro 115)-278.1(mL corresp. BUDESONIDUM 2)-278.1(mg pro)]TJ
-0.8339 -1.3661 TD
-0.0306 Tw
[(100)-278.1(mL in SUSPENSIONE recenter RECONSTITUT)54.7(A.)]TJ
10 0 0 10 42.7953 322.5698 Tm
-0.0002 Tc
[(Anwendung:)-5285.3(Colitis ulcerosa)]TJ
0 -1.4174 TD
-0.0001 Tc
[(Packung:)-5699.4(01)-305.6(7 x 115 ml Lösungsmittel und 7 T)73.9(abletten)]TJ
11.3386 -1.4174 TD
-0.0002 Tc
0 Tw
[(011)-7697.8(1)-567(Kombipackung\(en\))-4719.8(B)]TJ
-11.3386 -1.4174 TD
-0.0001 Tc
-0.0306 Tw
[(* Gültig bis:)-5844.6(25. September 2007)]TJ
ET
42.8 271.63 m
510.51 271.63 l
S
BT
/F2 1 Tf
10 0 0 10 42.7953 235.6394 Tm
-0.0337 Tw
[(01)-1044.2(Famvir)91.7(, Crème)]TJ
/F5 1 Tf
T*
-0.0306 Tw
(Novartis Pharma Schweiz AG, Südbahnhofstrasse 14d, 3001 Bern)Tj
ET
42.8 213.52 m
510.51 213.52 l
42.8 195.82 m
510.51 195.82 l
S
BT
10 0 0 10 42.7953 201.1267 Tm
-0.0002 Tc
0 Tw
[(Zul.-Nr)91.6(.: )]TJ
/F2 1 Tf
3.8772 0 TD
(53680)Tj
/F5 1 Tf
8.8787 0 TD
0 Tc
(V)Tj
0.6301 0 TD
-0.0001 Tc
(erkaufsart: )Tj
/F2 1 Tf
5.3042 0 TD
0 Tc
(B)Tj
/F5 1 Tf
6.8216 0 TD
-0.0001 Tc
-0.0306 Tw
[(Index: 08.03.0.)-9563.5(26.09.2002)]TJ
-25.5118 -2.2428 TD
0 Tw
[(Zusammensetzung:)-921.1(01)]TJ
8.3 0 0 8.3 156.1811 178.6986 Tm
-0.0306 Tw
[(PENCICLOVIRUM 10)-278.1(mg, PROPYLENGL)91.5(YCOLUM, EXCIPIENS ad UNGUENTUM pro 1)-278.1(g. )]TJ
10 0 0 10 42.7953 164.5251 Tm
[(Anwendung:)-5285.2(Herpes labialis)]TJ
0 -1.4174 TD
[(* Packungen:)-3729.5(01)-305.6(T)74(ube)]TJ
11.3386 -1.4174 TD
-0.0002 Tc
0 Tw
[(011)-7697.8(2)-567(g)-12995.5(B)]TJ
T*
[(046)-7697.8(5)-567(g)-12995.5(B)]TJ
-11.3386 -1.4174 TD
-0.0001 Tc
-0.0306 Tw
[(Bemerkung:)-5671.9(Ersetzt die Registrierungsurkunde vom 29.11.2001)]TJ
T*
[(Gültig bis:)-6647.8(31. Dezember 2006)]TJ
ET
42.8 85.24 m
510.51 85.24 l
S
Q

q
1 i 
-9 851 613 -860 re
0 841 m
W n
0.03 841.02 595.02 -841.02 re
W n
BT
/F4 1 Tf
12.5 0 0 12.5 34.4488 811.7822 Tm
/Cs5 cs 0.161 0.145 0.149 sc
/GS1 gs
-0.0001 Tc
-0.0286 Tw
[(Arzneimittel Statistik)-130(/)-129.9(M)0.1(édicaments miscellanées)]TJ
ET
/Cs5 CS 0.161 0.145 0.149 SC
0 J 0 j 0.3 w 10 M []0 d
28.35 805.15 m
552.76 805.15 l
S
Q
q
1 i 
35.43 850.5 198.43 -24.09 re
308.74 811.782 m
W* n
-9 851 613 -860 re
0 841 m
W n
0.03 841.02 595.02 -841.02 re
W n
q
2.7718 0 0 -0.3608 0 0 cm
/Cs5 CS 0.502 0.51 0.518 SC
0 J 0 j 0.5 w 10 M []0 d
/GS1 gs
12.655 -2360.21 m
12.655 -2287.903 l
S
0.506 0.514 0.522 SC
13.121 -2360.21 m
13.121 -2287.903 l
S
0.51 0.514 0.525 SC
13.588 -2360.21 m
13.588 -2287.903 l
S
0.51 0.518 0.529 SC
14.054 -2360.21 m
14.054 -2287.903 l
S
0.514 0.522 0.529 SC
14.521 -2360.21 m
14.521 -2287.903 l
S
0.518 0.525 0.533 SC
14.987 -2360.21 m
14.987 -2287.903 l
S
0.518 0.525 0.537 SC
15.454 -2360.21 m
15.454 -2287.903 l
S
0.522 0.529 0.541 SC
15.92 -2360.21 m
15.92 -2287.903 l
S
0.525 0.533 0.541 SC
16.387 -2360.21 m
16.387 -2287.903 l
S
0.529 0.533 0.545 SC
16.853 -2360.21 m
16.853 -2287.903 l
S
0.529 0.537 0.549 SC
17.32 -2360.21 m
17.32 -2287.903 l
S
0.533 0.541 0.553 SC
17.786 -2360.21 m
17.786 -2287.903 l
S
0.537 0.545 0.553 SC
18.253 -2360.21 m
18.253 -2287.903 l
S
0.537 0.545 0.557 SC
18.719 -2360.21 m
18.719 -2287.903 l
S
0.541 0.549 0.561 SC
19.186 -2360.21 m
19.186 -2287.903 l
S
0.545 0.553 0.565 SC
19.652 -2360.21 m
19.652 -2287.903 l
S
0.549 0.557 0.565 SC
20.119 -2360.21 m
20.119 -2287.903 l
S
0.549 0.557 0.569 SC
20.585 -2360.21 m
20.585 -2287.903 l
S
0.553 0.561 0.573 SC
21.052 -2360.21 m
21.052 -2287.903 l
S
0.557 0.565 0.576 SC
21.518 -2360.21 m
21.518 -2287.903 l
S
0.561 0.569 0.576 SC
21.985 -2360.21 m
21.985 -2287.903 l
S
0.561 0.569 0.58 SC
22.451 -2360.21 m
22.451 -2287.903 l
S
0.565 0.573 0.584 SC
22.918 -2360.21 m
22.918 -2287.903 l
S
0.569 0.576 0.588 SC
23.384 -2360.21 m
23.384 -2287.903 l
S
0.573 0.58 0.588 SC
23.851 -2360.21 m
23.851 -2287.903 l
S
0.573 0.58 0.592 SC
24.317 -2360.21 m
24.317 -2287.903 l
S
0.576 0.584 0.596 SC
24.784 -2360.21 m
24.784 -2287.903 l
S
0.58 0.588 0.596 SC
25.25 -2360.21 m
25.25 -2287.903 l
S
0.584 0.592 0.6 SC
25.717 -2360.21 m
25.717 -2287.903 l
S
0.584 0.592 0.604 SC
26.183 -2360.21 m
26.183 -2287.903 l
S
0.588 0.596 0.608 SC
26.65 -2360.21 m
26.65 -2287.903 l
S
0.592 0.6 0.608 SC
27.116 -2360.21 m
27.116 -2287.903 l
S
0.596 0.604 0.612 SC
27.583 -2360.21 m
27.583 -2287.903 l
S
0.596 0.604 0.616 SC
28.049 -2360.21 m
28.049 -2287.903 l
S
0.6 0.608 0.62 SC
28.516 -2360.21 m
28.516 -2287.903 l
S
0.604 0.612 0.624 SC
28.982 -2360.21 m
28.982 -2287.903 l
S
0.608 0.616 0.624 SC
29.449 -2360.21 m
29.449 -2287.903 l
S
0.608 0.616 0.627 SC
29.915 -2360.21 m
29.915 -2287.903 l
S
0.612 0.62 0.631 SC
30.382 -2360.21 m
30.382 -2287.903 l
S
0.616 0.624 0.635 SC
30.848 -2360.21 m
30.848 -2287.903 l
S
0.62 0.627 0.635 SC
31.315 -2360.21 m
31.315 -2287.903 l
S
0.62 0.631 0.639 SC
31.781 -2360.21 m
31.781 -2287.903 l
S
0.624 0.631 0.643 SC
32.248 -2360.21 m
32.248 -2287.903 l
S
0.627 0.635 0.647 SC
32.714 -2360.21 m
32.714 -2287.903 l
S
0.631 0.639 0.647 SC
33.181 -2360.21 m
33.181 -2287.903 l
S
0.635 0.643 0.651 SC
33.647 -2360.21 m
33.647 -2287.903 l
S
0.635 0.643 0.655 SC
34.113 -2360.21 m
34.113 -2287.903 l
S
0.639 0.647 0.659 SC
34.58 -2360.21 m
34.58 -2287.903 l
S
0.643 0.651 0.663 SC
35.046 -2360.21 m
35.046 -2287.903 l
S
0.647 0.655 0.663 SC
35.513 -2360.21 m
35.513 -2287.903 l
S
0.651 0.659 0.667 SC
35.979 -2360.21 m
35.979 -2287.903 l
S
0.651 0.659 0.671 SC
36.446 -2360.21 m
36.446 -2287.903 l
S
0.655 0.663 0.675 SC
36.912 -2360.21 m
36.912 -2287.903 l
S
0.659 0.667 0.678 SC
37.379 -2360.21 m
37.379 -2287.903 l
S
0.663 0.671 0.678 SC
37.845 -2360.21 m
37.845 -2287.903 l
S
0.663 0.675 0.682 SC
38.312 -2360.21 m
38.312 -2287.903 l
S
0.667 0.675 0.686 SC
38.778 -2360.21 m
38.778 -2287.903 l
S
0.671 0.678 0.69 SC
39.245 -2360.21 m
39.245 -2287.903 l
S
0.675 0.682 0.69 SC
39.711 -2360.21 m
39.711 -2287.903 l
S
0.678 0.686 0.694 SC
40.178 -2360.21 m
40.178 -2287.903 l
S
0.682 0.69 0.698 SC
40.644 -2360.21 m
40.644 -2287.903 l
S
0.682 0.69 0.702 SC
41.111 -2360.21 m
41.111 -2287.903 l
S
0.686 0.694 0.706 SC
41.577 -2360.21 m
41.577 -2287.903 l
S
0.69 0.698 0.706 SC
42.044 -2360.21 m
42.044 -2287.903 l
S
0.694 0.702 0.71 SC
42.51 -2360.21 m
42.51 -2287.903 l
S
0.698 0.706 0.714 SC
42.977 -2360.21 m
42.977 -2287.903 l
S
0.698 0.706 0.718 SC
43.443 -2360.21 m
43.443 -2287.903 l
S
0.702 0.71 0.722 SC
43.91 -2360.21 m
43.91 -2287.903 l
S
0.706 0.714 0.722 SC
44.376 -2360.21 m
44.376 -2287.903 l
S
0.71 0.718 0.725 SC
44.843 -2360.21 m
44.843 -2287.903 l
S
0.714 0.722 0.729 SC
45.309 -2360.21 m
45.309 -2287.903 l
S
0.714 0.722 0.733 SC
45.776 -2360.21 m
45.776 -2287.903 l
S
0.718 0.725 0.737 SC
46.242 -2360.21 m
46.242 -2287.903 l
S
0.722 0.729 0.737 SC
46.709 -2360.21 m
46.709 -2287.903 l
S
0.725 0.733 0.741 SC
47.175 -2360.21 m
47.175 -2287.903 l
S
0.729 0.737 0.745 SC
47.642 -2360.21 m
47.642 -2287.903 l
S
0.733 0.741 0.749 SC
48.108 -2360.21 m
48.108 -2287.903 l
S
0.733 0.741 0.753 SC
48.575 -2360.21 m
48.575 -2287.903 l
49.041 -2360.21 m
49.041 -2287.903 l
S
0.737 0.745 0.753 SC
49.508 -2360.21 m
49.508 -2287.903 l
S
0.741 0.749 0.757 SC
49.974 -2360.21 m
49.974 -2287.903 l
S
0.745 0.753 0.761 SC
50.441 -2360.21 m
50.441 -2287.903 l
S
0.749 0.757 0.765 SC
50.907 -2360.21 m
50.907 -2287.903 l
S
0.753 0.761 0.769 SC
51.374 -2360.21 m
51.374 -2287.903 l
51.84 -2360.21 m
51.84 -2287.903 l
S
0.757 0.765 0.773 SC
52.307 -2360.21 m
52.307 -2287.903 l
S
0.761 0.769 0.776 SC
52.773 -2360.21 m
52.773 -2287.903 l
S
0.765 0.773 0.78 SC
53.24 -2360.21 m
53.24 -2287.903 l
S
0.769 0.776 0.784 SC
53.706 -2360.21 m
53.706 -2287.903 l
S
0.773 0.776 0.784 SC
54.173 -2360.21 m
54.173 -2287.903 l
S
0.776 0.78 0.788 SC
54.639 -2360.21 m
54.639 -2287.903 l
S
0.776 0.784 0.792 SC
55.106 -2360.21 m
55.106 -2287.903 l
S
0.78 0.788 0.796 SC
55.572 -2360.21 m
55.572 -2287.903 l
S
0.784 0.792 0.8 SC
56.039 -2360.21 m
56.039 -2287.903 l
S
0.788 0.796 0.8 SC
56.505 -2360.21 m
56.505 -2287.903 l
S
0.792 0.796 0.804 SC
56.972 -2360.21 m
56.972 -2287.903 l
S
0.796 0.8 0.808 SC
57.438 -2360.21 m
57.438 -2287.903 l
S
0.796 0.804 0.812 SC
57.905 -2360.21 m
57.905 -2287.903 l
S
0.8 0.808 0.816 SC
58.371 -2360.21 m
58.371 -2287.903 l
S
0.804 0.812 0.816 SC
58.838 -2360.21 m
58.838 -2287.903 l
S
0.808 0.812 0.82 SC
59.304 -2360.21 m
59.304 -2287.903 l
S
0.812 0.816 0.824 SC
59.771 -2360.21 m
59.771 -2287.903 l
S
0.816 0.82 0.827 SC
60.237 -2360.21 m
60.237 -2287.903 l
S
0.816 0.824 0.831 SC
60.704 -2360.21 m
60.704 -2287.903 l
S
0.82 0.827 0.831 SC
61.17 -2360.21 m
61.17 -2287.903 l
S
0.824 0.831 0.835 SC
61.637 -2360.21 m
61.637 -2287.903 l
S
0.827 0.831 0.839 SC
62.103 -2360.21 m
62.103 -2287.903 l
S
0.831 0.835 0.843 SC
62.57 -2360.21 m
62.57 -2287.903 l
S
0.835 0.839 0.843 SC
63.036 -2360.21 m
63.036 -2287.903 l
S
0.835 0.843 0.847 SC
63.503 -2360.21 m
63.503 -2287.903 l
S
0.839 0.847 0.851 SC
63.969 -2360.21 m
63.969 -2287.903 l
S
0.843 0.847 0.855 SC
64.436 -2360.21 m
64.436 -2287.903 l
S
0.847 0.851 0.859 SC
64.902 -2360.21 m
64.902 -2287.903 l
S
0.851 0.855 0.859 SC
65.369 -2360.21 m
65.369 -2287.903 l
S
0.855 0.859 0.863 SC
65.835 -2360.21 m
65.835 -2287.903 l
S
0.855 0.863 0.867 SC
66.302 -2360.21 m
66.302 -2287.903 l
S
0.859 0.863 0.871 SC
66.768 -2360.21 m
66.768 -2287.903 l
S
0.863 0.867 0.875 SC
67.235 -2360.21 m
67.235 -2287.903 l
S
0.867 0.871 0.875 SC
67.701 -2360.21 m
67.701 -2287.903 l
S
0.871 0.875 0.878 SC
68.168 -2360.21 m
68.168 -2287.903 l
S
0.875 0.878 0.882 SC
68.634 -2360.21 m
68.634 -2287.903 l
S
0.875 0.882 0.886 SC
69.101 -2360.21 m
69.101 -2287.903 l
S
0.878 0.882 0.89 SC
69.567 -2360.21 m
69.567 -2287.903 l
S
0.882 0.886 0.89 SC
70.034 -2360.21 m
70.034 -2287.903 l
S
0.886 0.89 0.894 SC
70.5 -2360.21 m
70.5 -2287.903 l
S
0.89 0.894 0.898 SC
70.967 -2360.21 m
70.967 -2287.903 l
S
0.894 0.898 0.902 SC
71.433 -2360.21 m
71.433 -2287.903 l
S
0.898 0.898 0.902 SC
71.9 -2360.21 m
71.9 -2287.903 l
S
0.898 0.902 0.906 SC
72.366 -2360.21 m
72.366 -2287.903 l
S
0.902 0.906 0.91 SC
72.833 -2360.21 m
72.833 -2287.903 l
S
0.906 0.91 0.914 SC
73.299 -2360.21 m
73.299 -2287.903 l
S
0.91 0.914 0.918 SC
73.766 -2360.21 m
73.766 -2287.903 l
S
0.914 0.918 0.922 SC
74.232 -2360.21 m
74.232 -2287.903 l
S
0.918 0.922 0.922 SC
74.699 -2360.21 m
74.699 -2287.903 l
S
0.922 0.922 0.925 SC
75.165 -2360.21 m
75.165 -2287.903 l
S
0.922 0.925 0.929 SC
75.632 -2360.21 m
75.632 -2287.903 l
S
0.925 0.929 0.933 SC
76.098 -2360.21 m
76.098 -2287.903 l
S
0.929 0.933 0.933 SC
76.565 -2360.21 m
76.565 -2287.903 l
S
0.933 0.937 0.937 SC
77.031 -2360.21 m
77.031 -2287.903 l
S
0.937 0.937 0.941 SC
77.498 -2360.21 m
77.498 -2287.903 l
S
0.941 0.941 0.945 SC
77.964 -2360.21 m
77.964 -2287.903 l
S
0.945 0.945 0.949 SC
78.431 -2360.21 m
78.431 -2287.903 l
S
0.945 0.949 0.949 SC
78.897 -2360.21 m
78.897 -2287.903 l
S
0.949 0.953 0.953 SC
79.364 -2360.21 m
79.364 -2287.903 l
S
0.953 0.957 0.957 SC
79.83 -2360.21 m
79.83 -2287.903 l
S
0.957 0.957 0.961 SC
80.297 -2360.21 m
80.297 -2287.903 l
S
0.961 0.961 0.965 SC
80.763 -2360.21 m
80.763 -2287.903 l
S
0.965 0.965 0.969 SC
81.23 -2360.21 m
81.23 -2287.903 l
S
0.969 0.969 0.969 SC
81.696 -2360.21 m
81.696 -2287.903 l
S
0.973 0.973 0.973 SC
82.163 -2360.21 m
82.163 -2287.903 l
S
0.976 0.976 0.976 SC
82.629 -2360.21 m
82.629 -2287.903 l
S
0.98 0.98 0.984 SC
83.096 -2360.21 m
83.096 -2287.903 l
S
0.988 0.988 0.988 SC
83.562 -2360.21 m
83.562 -2287.903 l
S
0.992 0.992 0.992 SC
84.029 -2360.21 m
84.029 -2287.903 l
S
1 1 1 SC
84.495 -2360.21 m
84.495 -2287.903 l
S
Q
Q
q
1 i 
-9 851 613 -860 re
0 841 m
W n
0.03 841.02 595.02 -841.02 re
W n
/Cs5 cs 0.161 0.145 0.149 sc
/GS1 gs
0.03 841.02 35.4 -6.11 re
f
/Cs5 CS 0.161 0.145 0.149 SC
0 J 0 j 0.3 w 10 M []0 d
28.347 841.076 m
28.347 805.006 l
S
286.3 22.8 22.68 -22.8 re
f
BT
/F1 1 Tf
10 0 0 10 289.2992 7.7671 Tm
1 1 1 sc
-0.0002 Tc
0 Tw
(654)Tj
/F3 1 Tf
7 0 0 7 35.4331 17.5374 Tm
0.161 0.145 0.149 sc
-0.0001 Tc
-0.0306 Tw
[(Swissmedic Jour)-17.9(nal)-1111.9(9/2002)]TJ
/F2 1 Tf
10 0 0 10 85.0394 763.6339 Tm
-0.0336 Tw
[(* 01)-161.1(Fluocaril bi-fluoré 150 menthe, pâte dentifrice)]TJ
/F5 1 Tf
0 -1.4174 TD
-0.0306 Tw
[(* Sanofi-Synthélabo \(Suisse\) SA, 11, rue de V)36.7(eyrot, 1217 Meyrin)]TJ
ET
0.4 w 
85.04 741.51 m
552.76 741.51 l
85.04 723.82 m
552.76 723.82 l
S
BT
10 0 0 10 85.0394 729.1213 Tm
-0.0002 Tc
0 Tw
[(N°)-247.4(AMM: )]TJ
/F2 1 Tf
4.5038 0 TD
(32778)Tj
/F5 1 Tf
8.2521 0 TD
-0.0001 Tc
-0.0306 Tw
(Mode de vente: )Tj
/F2 1 Tf
7.5194 0 TD
0 Tc
0 Tw
(D)Tj
/F5 1 Tf
5.2365 0 TD
-0.0001 Tc
-0.0306 Tw
[(Index: 13.05.1.)-9563.5(01.09.2002)]TJ
-25.5118 -2.2428 TD
-0.0002 Tc
0 Tw
[(Composition:)-3756.2(01)]TJ
8.3 0 0 8.3 198.4252 706.6931 Tm
-0.0001 Tc
-0.0045 Tw
[(NA)73.7(TRII MONOFLUOROPHOSPHAS 10.23)-278.1(mg, NA)73.7(TRII FLUORIDUM 0.335)-278.1(mg, NA)73.7(TRII BENZOAS)]TJ
0 -1.3661 TD
0.0291 Tw
[(40)-278.1(mg, EUGENOLUM 0.25)-278.1(mg, LAURILSULF)36.7(AS, XYLITOLUM, SACCHARINUM, LEVOMENTHO-)]TJ
T*
-0.0306 Tw
[(LUM, AROMA)73.7(TICA, CONSER)17.7(V)91.5(.: PHENOLUM, E)-278.1(218, EXCIPIENS ad P)36.7(AST)54.7(AM pro 1)-278.1(g)0.1(. )]TJ
10 0 0 10 85.0394 669.8415 Tm
[(Indication:)-6395.3(Prophylaxie de la carie)]TJ
0 -1.4174 TD
0 Tw
[(Conditionnement:)-1422.6(0)0.1(1)-305.6(0)0(38)-7141.8(75)-567(mL)-12217.5(D)]TJ
T*
-0.0102 Tw
[(* )20.4(Remarques:)-5090.7(Cette attestation d’enregistrement annule celle du 26.09.2001 \(Changement)]TJ
11.3386 -1.1339 TD
-0.0306 Tw
(de titulaire de l’AMM\) auparavant: Fluocaril avec menthe, pâte dentifrice)Tj
-11.3386 -1.4174 TD
-0.0488 Tc
0 Tw
(Va)Tj
1.174 0 TD
-0.0001 Tc
-0.0306 Tw
[(lable jusqu’au:)-3417.3(31 décembre 2006)]TJ
ET
85.04 607.57 m
552.76 607.57 l
S
BT
/F2 1 Tf
10 0 0 10 85.0394 571.5722 Tm
-0.0336 Tw
[(* 01)-161.1(Fluocaril bi-fluoré 150 sans menthe, pâte dentifrice)]TJ
/F5 1 Tf
0 -1.4174 TD
-0.0306 Tw
[(* Sanofi-Synthélabo \(Suisse\) SA, 11, rue de V)36.7(eyrot, 1217 Meyrin)]TJ
ET
85.04 549.45 m
552.76 549.45 l
85.04 531.76 m
552.76 531.76 l
S
BT
10 0 0 10 85.0394 537.0596 Tm
-0.0002 Tc
0 Tw
[(N°)-247.4(AMM: )]TJ
/F2 1 Tf
4.5038 0 TD
(48880)Tj
/F5 1 Tf
8.2521 0 TD
-0.0001 Tc
-0.0306 Tw
(Mode de vente: )Tj
/F2 1 Tf
7.5194 0 TD
0 Tc
0 Tw
(D)Tj
/F5 1 Tf
5.2365 0 TD
-0.0001 Tc
-0.0306 Tw
[(Index: 13.05.1.)-9563.5(01.09.2002)]TJ
-25.5118 -2.2428 TD
-0.0002 Tc
0 Tw
[(Composition:)-3756.2(01)]TJ
8.3 0 0 8.3 198.4252 514.6315 Tm
-0.0001 Tc
-0.0045 Tw
[(NA)73.7(TRII MONOFLUOROPHOSPHAS 10.23)-278.1(mg, NA)73.7(TRII FLUORIDUM 0.335)-278.1(mg, NA)73.7(TRII BENZOAS)]TJ
0 -1.3661 TD
-0.0275 Tw
[(40)-278.1(mg, EUGENOLUM 1)-278.1(mg, LAURILSULF)36.7(AS, XYLITOLUM, SACCHARINUM, AROMA)73.7(TICA, CON-)]TJ
T*
-0.0306 Tw
[(SER)17.7(V)91.5(.: PHENOLUM, E)-278.1(218, EXCIPIENS ad P)36.7(AST)54.7(AM pro 1)-278.1(g)0.1(. )]TJ
10 0 0 10 85.0394 477.7799 Tm
[(Indication:)-6395.3(Prophylaxie de la carie)]TJ
0 -1.4174 TD
0 Tw
[(Conditionnement:)-1422.6(0)0.1(1)-305.6(0)0(10)-7141.8(75)-567(mL)-12217.5(D)]TJ
T*
-0.0102 Tw
[(* )20.4(Remarques:)-5090.7(Cette attestation d’enregistrement annule celle du 14.09.2001 \(Changement)]TJ
11.3386 -1.1339 TD
-0.0306 Tw
(de titulaire de l’AMM\) auparavant: Fluocaril sans menthe, pâte dentifrice)Tj
-11.3386 -1.4174 TD
-0.0488 Tc
0 Tw
(Va)Tj
1.174 0 TD
-0.0001 Tc
-0.0306 Tw
[(lable jusqu’au:)-3417.3(31 décembre 2006)]TJ
ET
85.04 415.51 m
552.76 415.51 l
S
BT
/F2 1 Tf
10 0 0 10 85.0394 379.5105 Tm
-0.0336 Tw
[(* 01)-161.1(Fluocaril bi-fluoré 250 menthe, pâte dentifrice)]TJ
0 -1.2835 TD
[(02)-1044.2(Fluocaril bi-fluoré 250 anis, pâte dentifrice)]TJ
/F5 1 Tf
0 -1.4174 TD
-0.0306 Tw
[(* Sanofi-Synthélabo \(Suisse\) SA, 11, rue de V)36.7(eyrot, 1217 Meyrin)]TJ
ET
85.04 344.55 m
552.76 344.55 l
85.04 326.86 m
552.76 326.86 l
S
BT
10 0 0 10 85.0394 332.1633 Tm
-0.0002 Tc
0 Tw
[(N°)-247.4(AMM: )]TJ
/F2 1 Tf
4.5038 0 TD
(49107)Tj
/F5 1 Tf
8.2521 0 TD
-0.0001 Tc
-0.0306 Tw
(Mode de vente: )Tj
/F2 1 Tf
7.5194 0 TD
0 Tc
0 Tw
(D)Tj
/F5 1 Tf
5.2365 0 TD
-0.0001 Tc
-0.0306 Tw
[(Index: 13.05.1.)-9563.5(01.09.2002)]TJ
-25.5118 -2.2428 TD
-0.0002 Tc
0 Tw
[(Composition:)-3756.2(01)]TJ
8.3 0 0 8.3 198.4252 309.7351 Tm
-0.0001 Tc
0.2337 Tw
[(NA)73.7(TRII MONOFLUOROPHOSPHAS 7.6)-278.1(mg, NA)73.7(TRII FLUORIDUM 3.31)-278.1(mg, NA)73.7(TRII BENZOAS)]TJ
0 -1.3661 TD
0.3562 Tw
[(40)-278.1(mg, EUGENOLUM 0.25)-278.1(mg, LAURILSULF)36.7(AS, SACCHARINUM, AROMA)73.7(TICA, CONSER)17.7(V)91.5(.)0.2(:)]TJ
T*
0 Tc
0 Tw
(E)Tj
0.8339 0 TD
-0.0001 Tc
-0.0306 Tw
[(218, PHENOLUM, EXCIPIENS ad P)36.6(AST)54.7(AM pro 1)-278.1(g)0.1(. )]TJ
10 0 0 10 184.252 272.8835 Tm
-0.0002 Tc
0 Tw
(02)Tj
8.3 0 0 8.3 198.4252 272.8834 Tm
-0.0001 Tc
0.1543 Tw
[(NA)73.7(TRII MONOFLUOROPHOSPHAS 7.6)-278.1(mg, NA)73.7(TRII FLUORIDUM 3.315)-278.1(mg, NA)73.7(TRII BENZOAS)]TJ
0 -1.3661 TD
0.3562 Tw
[(40)-278.1(mg, EUGENOLUM 0.25)-278.1(mg, LAURILSULF)36.7(AS, SACCHARINUM, AROMA)73.7(TICA, CONSER)17.7(V)91.5(.)0.2(:)]TJ
T*
0 Tc
0 Tw
(E)Tj
0.8339 0 TD
-0.0001 Tc
-0.0306 Tw
[(218, PHENOLUM, EXCIPIENS ad P)36.6(AST)54.7(AM pro 1)-278.1(g)0.1(. )]TJ
10 0 0 10 85.0394 236.0319 Tm
[(Indication:)-6395.3(Prophylaxie de la carie)]TJ
0 -1.4174 TD
0 Tw
[(Conditionnements:)-1033.7(01)-305.6(013)-7141.8(7)0.1(5)-567(m)0(L)-12217.5(D)]TJ
9.9213 -1.4174 TD
-0.0002 Tc
[(02)-305.7(021)-7141.9(7)0(5)-567.1(m)-0.1(L)-12217.6(D)]TJ
-9.9213 -1.4174 TD
-0.0001 Tc
-0.0102 Tw
[(* )20.4(Remarques:)-5090.7(Cette attestation d’enregistrement annule celle du 28.10.1997 \(Changement)]TJ
11.3386 -1.1339 TD
-0.063 Tw
[(de titulaire de l’AMM\) auparavant: Fluocaril bi-fluoré 250)-278.1(mg, pâte dentifrice)]TJ
T*
-0.0306 Tw
[(Fluocaril bi-fluoré 250)-278.1(mg anis, pâte dentifrice)]TJ
-11.3386 -1.4174 TD
-0.0488 Tc
0 Tw
(Va)Tj
1.174 0 TD
-0.0001 Tc
-0.0306 Tw
[(lable jusqu’au:)-3417.3(31 décembre 2002)]TJ
ET
85.04 148.25 m
552.76 148.25 l
S
Q

q
1 i 
-9 851 613 -860 re
0 841 m
W n
0.03 841.02 595.02 -841.02 re
W n
BT
/F4 1 Tf
12.5 0 0 12.5 285.8058 811.7825 Tm
/Cs5 cs 0.161 0.145 0.149 sc
/GS1 gs
-0.0001 Tc
-0.0286 Tw
[(Arzneimittel Statistik)-130(/)-129.9(M)0.1(édicaments miscellanées)]TJ
ET
/Cs5 CS 0.161 0.145 0.149 SC
0 J 0 j 0.3 w 10 M []0 d
42.8 805.15 m
567.2 805.15 l
S
Q
q
1 i 
361.69 850.5 198.43 -24.09 re
560.097 811.782 m
W* n
-9 851 613 -860 re
0 841 m
W n
0.03 841.02 595.02 -841.02 re
W n
q
2.7718 0 0 -0.3608 0 0 cm
/Cs5 CS 1 1 1 SC
0 J 0 j 0.5 w 10 M []0 d
/GS1 gs
130.36 -2360.21 m
130.36 -2287.903 l
S
0.992 0.992 0.992 SC
130.827 -2360.21 m
130.827 -2287.903 l
S
0.988 0.988 0.988 SC
131.293 -2360.21 m
131.293 -2287.903 l
S
0.98 0.98 0.984 SC
131.76 -2360.21 m
131.76 -2287.903 l
S
0.976 0.976 0.976 SC
132.226 -2360.21 m
132.226 -2287.903 l
S
0.973 0.973 0.973 SC
132.693 -2360.21 m
132.693 -2287.903 l
S
0.969 0.969 0.969 SC
133.159 -2360.21 m
133.159 -2287.903 l
S
0.965 0.965 0.969 SC
133.626 -2360.21 m
133.626 -2287.903 l
S
0.961 0.961 0.965 SC
134.092 -2360.21 m
134.092 -2287.903 l
S
0.957 0.957 0.961 SC
134.559 -2360.21 m
134.559 -2287.903 l
S
0.953 0.957 0.957 SC
135.025 -2360.21 m
135.025 -2287.903 l
S
0.949 0.953 0.953 SC
135.492 -2360.21 m
135.492 -2287.903 l
S
0.945 0.949 0.949 SC
135.958 -2360.21 m
135.958 -2287.903 l
S
0.945 0.945 0.949 SC
136.425 -2360.21 m
136.425 -2287.903 l
S
0.941 0.941 0.945 SC
136.891 -2360.21 m
136.891 -2287.903 l
S
0.937 0.937 0.941 SC
137.358 -2360.21 m
137.358 -2287.903 l
S
0.933 0.937 0.937 SC
137.824 -2360.21 m
137.824 -2287.903 l
S
0.929 0.933 0.933 SC
138.291 -2360.21 m
138.291 -2287.903 l
S
0.925 0.929 0.933 SC
138.757 -2360.21 m
138.757 -2287.903 l
S
0.922 0.925 0.929 SC
139.224 -2360.21 m
139.224 -2287.903 l
S
0.922 0.922 0.925 SC
139.69 -2360.21 m
139.69 -2287.903 l
S
0.918 0.922 0.922 SC
140.157 -2360.21 m
140.157 -2287.903 l
S
0.914 0.918 0.922 SC
140.623 -2360.21 m
140.623 -2287.903 l
S
0.91 0.914 0.918 SC
141.09 -2360.21 m
141.09 -2287.903 l
S
0.906 0.91 0.914 SC
141.556 -2360.21 m
141.556 -2287.903 l
S
0.902 0.906 0.91 SC
142.023 -2360.21 m
142.023 -2287.903 l
S
0.898 0.902 0.906 SC
142.489 -2360.21 m
142.489 -2287.903 l
S
0.898 0.898 0.902 SC
142.956 -2360.21 m
142.956 -2287.903 l
S
0.894 0.898 0.902 SC
143.422 -2360.21 m
143.422 -2287.903 l
S
0.89 0.894 0.898 SC
143.889 -2360.21 m
143.889 -2287.903 l
S
0.886 0.89 0.894 SC
144.355 -2360.21 m
144.355 -2287.903 l
S
0.882 0.886 0.89 SC
144.822 -2360.21 m
144.822 -2287.903 l
S
0.878 0.882 0.89 SC
145.288 -2360.21 m
145.288 -2287.903 l
S
0.875 0.882 0.886 SC
145.755 -2360.21 m
145.755 -2287.903 l
S
0.875 0.878 0.882 SC
146.221 -2360.21 m
146.221 -2287.903 l
S
0.871 0.875 0.878 SC
146.688 -2360.21 m
146.688 -2287.903 l
S
0.867 0.871 0.875 SC
147.154 -2360.21 m
147.154 -2287.903 l
S
0.863 0.867 0.875 SC
147.621 -2360.21 m
147.621 -2287.903 l
S
0.859 0.863 0.871 SC
148.087 -2360.21 m
148.087 -2287.903 l
S
0.855 0.863 0.867 SC
148.554 -2360.21 m
148.554 -2287.903 l
S
0.855 0.859 0.863 SC
149.02 -2360.21 m
149.02 -2287.903 l
S
0.851 0.855 0.859 SC
149.487 -2360.21 m
149.487 -2287.903 l
S
0.847 0.851 0.859 SC
149.953 -2360.21 m
149.953 -2287.903 l
S
0.843 0.847 0.855 SC
150.42 -2360.21 m
150.42 -2287.903 l
S
0.839 0.847 0.851 SC
150.886 -2360.21 m
150.886 -2287.903 l
S
0.835 0.843 0.847 SC
151.353 -2360.21 m
151.353 -2287.903 l
S
0.835 0.839 0.843 SC
151.819 -2360.21 m
151.819 -2287.903 l
S
0.831 0.835 0.843 SC
152.286 -2360.21 m
152.286 -2287.903 l
S
0.827 0.831 0.839 SC
152.752 -2360.21 m
152.752 -2287.903 l
S
0.824 0.831 0.835 SC
153.219 -2360.21 m
153.219 -2287.903 l
S
0.82 0.827 0.831 SC
153.685 -2360.21 m
153.685 -2287.903 l
S
0.816 0.824 0.831 SC
154.152 -2360.21 m
154.152 -2287.903 l
S
0.816 0.82 0.827 SC
154.618 -2360.21 m
154.618 -2287.903 l
S
0.812 0.816 0.824 SC
155.085 -2360.21 m
155.085 -2287.903 l
S
0.808 0.812 0.82 SC
155.551 -2360.21 m
155.551 -2287.903 l
S
0.804 0.812 0.816 SC
156.018 -2360.21 m
156.018 -2287.903 l
S
0.8 0.808 0.816 SC
156.484 -2360.21 m
156.484 -2287.903 l
S
0.796 0.804 0.812 SC
156.951 -2360.21 m
156.951 -2287.903 l
S
0.796 0.8 0.808 SC
157.417 -2360.21 m
157.417 -2287.903 l
S
0.792 0.796 0.804 SC
157.884 -2360.21 m
157.884 -2287.903 l
S
0.788 0.796 0.8 SC
158.35 -2360.21 m
158.35 -2287.903 l
S
0.784 0.792 0.8 SC
158.817 -2360.21 m
158.817 -2287.903 l
S
0.78 0.788 0.796 SC
159.283 -2360.21 m
159.283 -2287.903 l
S
0.776 0.784 0.792 SC
159.75 -2360.21 m
159.75 -2287.903 l
S
0.776 0.78 0.788 SC
160.216 -2360.21 m
160.216 -2287.903 l
S
0.773 0.776 0.784 SC
160.683 -2360.21 m
160.683 -2287.903 l
S
0.769 0.776 0.784 SC
161.149 -2360.21 m
161.149 -2287.903 l
S
0.765 0.773 0.78 SC
161.616 -2360.21 m
161.616 -2287.903 l
S
0.761 0.769 0.776 SC
162.082 -2360.21 m
162.082 -2287.903 l
S
0.757 0.765 0.773 SC
162.549 -2360.21 m
162.549 -2287.903 l
S
0.753 0.761 0.769 SC
163.015 -2360.21 m
163.015 -2287.903 l
163.482 -2360.21 m
163.482 -2287.903 l
S
0.749 0.757 0.765 SC
163.948 -2360.21 m
163.948 -2287.903 l
S
0.745 0.753 0.761 SC
164.415 -2360.21 m
164.415 -2287.903 l
S
0.741 0.749 0.757 SC
164.881 -2360.21 m
164.881 -2287.903 l
S
0.737 0.745 0.753 SC
165.348 -2360.21 m
165.348 -2287.903 l
S
0.733 0.741 0.753 SC
165.814 -2360.21 m
165.814 -2287.903 l
S
0.733 0.741 0.749 SC
166.281 -2360.21 m
166.281 -2287.903 l
166.747 -2360.21 m
166.747 -2287.903 l
S
0.729 0.737 0.745 SC
167.214 -2360.21 m
167.214 -2287.903 l
S
0.725 0.733 0.741 SC
167.68 -2360.21 m
167.68 -2287.903 l
S
0.722 0.729 0.737 SC
168.147 -2360.21 m
168.147 -2287.903 l
S
0.718 0.725 0.737 SC
168.613 -2360.21 m
168.613 -2287.903 l
S
0.714 0.722 0.733 SC
169.08 -2360.21 m
169.08 -2287.903 l
S
0.714 0.722 0.729 SC
169.546 -2360.21 m
169.546 -2287.903 l
S
0.71 0.718 0.725 SC
170.013 -2360.21 m
170.013 -2287.903 l
S
0.706 0.714 0.722 SC
170.479 -2360.21 m
170.479 -2287.903 l
S
0.702 0.71 0.722 SC
170.946 -2360.21 m
170.946 -2287.903 l
S
0.698 0.706 0.718 SC
171.412 -2360.21 m
171.412 -2287.903 l
S
0.698 0.706 0.714 SC
171.879 -2360.21 m
171.879 -2287.903 l
S
0.694 0.702 0.71 SC
172.345 -2360.21 m
172.345 -2287.903 l
S
0.69 0.698 0.706 SC
172.812 -2360.21 m
172.812 -2287.903 l
S
0.686 0.694 0.706 SC
173.278 -2360.21 m
173.278 -2287.903 l
S
0.682 0.69 0.702 SC
173.745 -2360.21 m
173.745 -2287.903 l
S
0.682 0.69 0.698 SC
174.211 -2360.21 m
174.211 -2287.903 l
S
0.678 0.686 0.694 SC
174.678 -2360.21 m
174.678 -2287.903 l
S
0.675 0.682 0.69 SC
175.144 -2360.21 m
175.144 -2287.903 l
S
0.671 0.678 0.69 SC
175.611 -2360.21 m
175.611 -2287.903 l
S
0.667 0.675 0.686 SC
176.077 -2360.21 m
176.077 -2287.903 l
S
0.663 0.675 0.682 SC
176.544 -2360.21 m
176.544 -2287.903 l
S
0.663 0.671 0.678 SC
177.01 -2360.21 m
177.01 -2287.903 l
S
0.659 0.667 0.678 SC
177.477 -2360.21 m
177.477 -2287.903 l
S
0.655 0.663 0.675 SC
177.943 -2360.21 m
177.943 -2287.903 l
S
0.651 0.659 0.671 SC
178.41 -2360.21 m
178.41 -2287.903 l
S
0.651 0.659 0.667 SC
178.876 -2360.21 m
178.876 -2287.903 l
S
0.647 0.655 0.663 SC
179.343 -2360.21 m
179.343 -2287.903 l
S
0.643 0.651 0.663 SC
179.809 -2360.21 m
179.809 -2287.903 l
S
0.639 0.647 0.659 SC
180.276 -2360.21 m
180.276 -2287.903 l
S
0.635 0.643 0.655 SC
180.742 -2360.21 m
180.742 -2287.903 l
S
0.635 0.643 0.651 SC
181.209 -2360.21 m
181.209 -2287.903 l
S
0.631 0.639 0.647 SC
181.675 -2360.21 m
181.675 -2287.903 l
S
0.627 0.635 0.647 SC
182.142 -2360.21 m
182.142 -2287.903 l
S
0.624 0.631 0.643 SC
182.608 -2360.21 m
182.608 -2287.903 l
S
0.62 0.631 0.639 SC
183.075 -2360.21 m
183.075 -2287.903 l
S
0.62 0.627 0.635 SC
183.541 -2360.21 m
183.541 -2287.903 l
S
0.616 0.624 0.635 SC
184.008 -2360.21 m
184.008 -2287.903 l
S
0.612 0.62 0.631 SC
184.474 -2360.21 m
184.474 -2287.903 l
S
0.608 0.616 0.627 SC
184.941 -2360.21 m
184.941 -2287.903 l
S
0.608 0.616 0.624 SC
185.407 -2360.21 m
185.407 -2287.903 l
S
0.604 0.612 0.624 SC
185.874 -2360.21 m
185.874 -2287.903 l
S
0.6 0.608 0.62 SC
186.34 -2360.21 m
186.34 -2287.903 l
S
0.596 0.604 0.616 SC
186.806 -2360.21 m
186.806 -2287.903 l
S
0.596 0.604 0.612 SC
187.273 -2360.21 m
187.273 -2287.903 l
S
0.592 0.6 0.608 SC
187.739 -2360.21 m
187.739 -2287.903 l
S
0.588 0.596 0.608 SC
188.206 -2360.21 m
188.206 -2287.903 l
S
0.584 0.592 0.604 SC
188.672 -2360.21 m
188.672 -2287.903 l
S
0.584 0.592 0.6 SC
189.139 -2360.21 m
189.139 -2287.903 l
S
0.58 0.588 0.596 SC
189.605 -2360.21 m
189.605 -2287.903 l
S
0.576 0.584 0.596 SC
190.072 -2360.21 m
190.072 -2287.903 l
S
0.573 0.58 0.592 SC
190.538 -2360.21 m
190.538 -2287.903 l
S
0.573 0.58 0.588 SC
191.005 -2360.21 m
191.005 -2287.903 l
S
0.569 0.576 0.588 SC
191.471 -2360.21 m
191.471 -2287.903 l
S
0.565 0.573 0.584 SC
191.938 -2360.21 m
191.938 -2287.903 l
S
0.561 0.569 0.58 SC
192.404 -2360.21 m
192.404 -2287.903 l
S
0.561 0.569 0.576 SC
192.871 -2360.21 m
192.871 -2287.903 l
S
0.557 0.565 0.576 SC
193.337 -2360.21 m
193.337 -2287.903 l
S
0.553 0.561 0.573 SC
193.804 -2360.21 m
193.804 -2287.903 l
S
0.549 0.557 0.569 SC
194.27 -2360.21 m
194.27 -2287.903 l
S
0.549 0.557 0.565 SC
194.737 -2360.21 m
194.737 -2287.903 l
S
0.545 0.553 0.565 SC
195.203 -2360.21 m
195.203 -2287.903 l
S
0.541 0.549 0.561 SC
195.67 -2360.21 m
195.67 -2287.903 l
S
0.537 0.545 0.557 SC
196.136 -2360.21 m
196.136 -2287.903 l
S
0.537 0.545 0.553 SC
196.603 -2360.21 m
196.603 -2287.903 l
S
0.533 0.541 0.553 SC
197.069 -2360.21 m
197.069 -2287.903 l
S
0.529 0.537 0.549 SC
197.536 -2360.21 m
197.536 -2287.903 l
S
0.529 0.533 0.545 SC
198.002 -2360.21 m
198.002 -2287.903 l
S
0.525 0.533 0.541 SC
198.469 -2360.21 m
198.469 -2287.903 l
S
0.522 0.529 0.541 SC
198.935 -2360.21 m
198.935 -2287.903 l
S
0.518 0.525 0.537 SC
199.402 -2360.21 m
199.402 -2287.903 l
S
0.518 0.525 0.533 SC
199.868 -2360.21 m
199.868 -2287.903 l
S
0.514 0.522 0.529 SC
200.335 -2360.21 m
200.335 -2287.903 l
S
0.51 0.518 0.529 SC
200.801 -2360.21 m
200.801 -2287.903 l
S
0.51 0.514 0.525 SC
201.268 -2360.21 m
201.268 -2287.903 l
S
0.506 0.514 0.522 SC
201.734 -2360.21 m
201.734 -2287.903 l
S
0.502 0.51 0.518 SC
202.201 -2360.21 m
202.201 -2287.903 l
S
Q
Q
q
1 i 
-9 851 613 -860 re
0 841 m
W n
0.03 841.02 595.02 -841.02 re
W n
/Cs5 cs 0.161 0.145 0.149 sc
/GS1 gs
560.12 841.02 34.93 -6.11 re
f
/Cs5 CS 0.161 0.145 0.149 SC
0 J 0 j 0.3 w 10 M []0 d
567.202 840.678 m
567.202 804.948 l
S
286.57 22.8 22.68 -22.8 re
f
BT
/F1 1 Tf
10 0 0 10 289.5747 7.7671 Tm
1 1 1 sc
-0.0002 Tc
0 Tw
(655)Tj
/F3 1 Tf
7 0 0 7 473.8676 17.5374 Tm
0.161 0.145 0.149 sc
-0.0001 Tc
-0.0306 Tw
[(Swissmedic Jour)-17.9(nal)-1111.9(9/2002)]TJ
/F2 1 Tf
10 0 0 10 42.7953 763.6339 Tm
-0.0336 Tw
[(01)-1044.2(Fluocaril gouttes buvables, solution)]TJ
/F5 1 Tf
0 -1.4174 TD
-0.0306 Tw
[(* Sanofi-Synthélabo \(Suisse\) SA, 11, rue de V)36.7(eyrot, 1217 Meyrin)]TJ
ET
0.4 w 
42.8 741.51 m
510.51 741.51 l
42.8 723.82 m
510.51 723.82 l
S
BT
10 0 0 10 42.7953 729.1213 Tm
-0.0002 Tc
0 Tw
[(N°)-247.4(AMM: )]TJ
/F2 1 Tf
4.5038 0 TD
(54585)Tj
/F5 1 Tf
8.2521 0 TD
-0.0001 Tc
-0.0306 Tw
(Mode de vente: )Tj
/F2 1 Tf
7.5194 0 TD
0 Tc
0 Tw
(C)Tj
/F5 1 Tf
5.2365 0 TD
-0.0001 Tc
-0.0306 Tw
[(Index: 13.05.1.)-9563.5(01.09.2002)]TJ
-25.5118 -2.2428 TD
-0.0002 Tc
0 Tw
[(Composition:)-3756.2(01)]TJ
8.3 0 0 8.3 156.1811 706.6931 Tm
-0.0001 Tc
0.0723 Tw
[(FLUORIDUM 1.14)-278.1(mg ut NA)73.7(TRII FLUORIDUM, CONSER)17.7(V)91.5(.: E)-278.1(210, EXCIPIENS ad SOLUTIONEM)]TJ
0 -1.3661 TD
-0.0307 Tw
[(pro 1)-278.1(mL. )]TJ
10 0 0 10 42.7953 681.1805 Tm
[(Indication:)-6395.3(Prophylaxie de la carie dentaire)]TJ
0 -1.4174 TD
0 Tw
[(Conditionnement:)-1422.6(0)0.1(1)-305.6(0)0.1(12)-7141.8(20)-567(mL)-12217.5(C)]TJ
T*
-0.0101 Tw
[(* )20.5(Remarques:)-5090.7(Cette attestation d’enregistrement annule celle du 26.11.1999 \(Changement)]TJ
11.3386 -1.1339 TD
-0.0002 Tc
-0.0305 Tw
(de titulaire de l’AMM\))Tj
-11.3386 -1.4174 TD
-0.0488 Tc
0 Tw
(Va)Tj
1.174 0 TD
-0.0001 Tc
-0.0306 Tw
[(lable jusqu’au:)-3417.3(31 décembre 2004)]TJ
ET
42.8 618.91 m
510.51 618.91 l
S
BT
/F2 1 Tf
10 0 0 10 42.7953 582.9112 Tm
-0.0336 Tw
[(01)-1044.2(Fluor)17.7(esceine 10)-153.1(% Faur)17.7(e, Injektionslösung)]TJ
/F5 1 Tf
0 -1.4174 TD
-0.0306 Tw
(Novartis Ophthalmics AG, Riethofstrasse 1, 8442 Hettlingen)Tj
ET
42.8 560.79 m
510.51 560.79 l
42.8 543.1 m
510.51 543.1 l
S
BT
10 0 0 10 42.7953 548.3986 Tm
-0.0002 Tc
0 Tw
[(Zul.-Nr)91.6(.: )]TJ
/F2 1 Tf
3.8772 0 TD
(54604)Tj
/F5 1 Tf
8.8787 0 TD
0 Tc
(V)Tj
0.6301 0 TD
-0.0001 Tc
(erkaufsart: )Tj
/F2 1 Tf
5.3042 0 TD
0 Tc
(B)Tj
/F5 1 Tf
6.8216 0 TD
-0.0001 Tc
-0.0306 Tw
[(Index: 11.99.0.)-9563.5(06.09.2002)]TJ
-25.5118 -2.2428 TD
0 Tw
[(Zusammensetzung:)-921.1(01)]TJ
8.3 0 0 8.3 156.1811 525.9704 Tm
0.1245 Tw
[(FLUORESCEINUM NA)73.7(TRICUM 500)-278.1(mg, NA)73.7(TRII CARBONAS, AQUA q.s. ad SOLUTIONEM pro)]TJ
0 -1.3661 TD
0 Tc
0 Tw
(5)Tj
0.8339 0 TD
-0.0001 Tc
-0.0306 Tw
[(mL corresp. FLUORESCEINUM NA)73.7(TRICUM 100)-278.1(mg/mL. )]TJ
10 0 0 10 42.7953 500.4578 Tm
-0.0002 Tc
0 Tw
[(Anwendung:)-5285.3(Augendiagnostik)]TJ
0 -1.4174 TD
-0.0305 Tw
[(* Packung:)-4896.4(01)-305.7(033)-3924.6(10 x 5)-278.2(m)-0.1(L)-567.1(Ampulle\(n\))-8386(B)]TJ
T*
-0.0001 Tc
[(Bemerkung:)-5671.9(Ersetzt die Registrierungsurkunde vom 20.07.2001)]TJ
T*
[(Gültig bis:)-6647.8(31. Dezember 2004)]TJ
ET
42.8 449.52 m
510.51 449.52 l
S
BT
/F2 1 Tf
10 0 0 10 42.7953 413.5275 Tm
-0.0337 Tw
[(01)-1044.2(Galamila, Salbe)]TJ
/F5 1 Tf
T*
-0.0306 Tw
(* Semomed AG, Spalenring 150, 4055 Basel)Tj
ET
42.8 391.4 m
510.51 391.4 l
42.8 373.71 m
510.51 373.71 l
S
BT
10 0 0 10 42.7953 379.0149 Tm
-0.0002 Tc
0 Tw
[(Zul.-Nr)91.6(.: )]TJ
/F2 1 Tf
3.8772 0 TD
(20033)Tj
/F5 1 Tf
8.8787 0 TD
0 Tc
(V)Tj
0.6301 0 TD
-0.0001 Tc
(erkaufsart: )Tj
/F2 1 Tf
5.3042 0 TD
0 Tc
(D)Tj
/F5 1 Tf
6.8216 0 TD
-0.0001 Tc
-0.0306 Tw
[(Index: 10.06.0.)-9563.5(01.09.2002)]TJ
-25.5118 -2.2428 TD
0 Tw
[(Zusammensetzung:)-921.1(01)]TJ
8.3 0 0 8.3 156.1811 356.5867 Tm
0.2609 Tw
[(DEXP)36.7(ANTHENOLUM 50)-278.1(mg, CHLORHEXIDINI DIHYDROCHLORIDUM 2.5)-278.1(mg, AROMA)73.7(TICA,)]TJ
0 -1.3661 TD
-0.0306 Tw
[(EXCIPIENS ad UNGUENTUM pro 1)-278.1(g)0.1(. )]TJ
10 0 0 10 42.7953 331.0741 Tm
[(Anwendung:)-5285.2(W)11.9(undsalbe, Mastitisprophylaxe)]TJ
0 -1.4174 TD
-0.0002 Tc
0 Tw
[(Packung:)-5699.5(01)-305.7(045)-7141.9(4)0(0)-567.1(g)-12995.5(D)]TJ
T*
-0.0001 Tc
0.1924 Tw
[(* )223(Bemerkungen:)-3702(Ersetzt die Registrierungsurkunde vom 21.07.1998 \(Änderung Zulassungs-)]TJ
11.3386 -1.1339 TD
-0.0002 Tc
0 Tw
(inhaberin\))Tj
-11.3386 -1.4174 TD
-0.0001 Tc
-0.0306 Tw
[(Gültig bis:)-6647.8(31. Dezember 2003)]TJ
ET
42.8 268.8 m
510.51 268.8 l
S
BT
/F2 1 Tf
10 0 0 10 42.7953 232.8048 Tm
-0.0337 Tw
[(01)-1044.2(Galamila, Spray)]TJ
/F5 1 Tf
T*
-0.0306 Tw
(* Semomed AG, Spalenring 150, 4055 Basel)Tj
ET
42.8 210.68 m
510.51 210.68 l
42.8 192.99 m
510.51 192.99 l
S
BT
10 0 0 10 42.7953 198.2921 Tm
-0.0002 Tc
0 Tw
[(Zul.-Nr)91.6(.: )]TJ
/F2 1 Tf
3.8772 0 TD
(37439)Tj
/F5 1 Tf
8.8787 0 TD
0 Tc
(V)Tj
0.6301 0 TD
-0.0001 Tc
(erkaufsart: )Tj
/F2 1 Tf
5.3042 0 TD
0 Tc
(D)Tj
/F5 1 Tf
6.8216 0 TD
-0.0001 Tc
-0.0306 Tw
[(Index: 10.06.0.)-9563.5(01.09.2002)]TJ
-25.5118 -2.2428 TD
0 Tw
[(Zusammensetzung:)-921.1(01)]TJ
8.3 0 0 8.3 156.1811 175.864 Tm
-0.0231 Tw
[(DEXP)36.7(ANTHENOLUM 73.3)-278.1(mg, CHLORHEXIDINI DIGLUCONAS 3.6)-278.1(mg, EXCIPIENS ad SOLUTIO-)]TJ
0 -1.3661 TD
-0.0002 Tc
-0.0305 Tw
[(NEM pro 1)-278.2(g)0(. )]TJ
10 0 0 10 42.7953 150.3514 Tm
-0.0001 Tc
0 Tw
[(Anwendung:)-5285.2(Mastitisprophylaxe)]TJ
0 -1.4174 TD
-0.0002 Tc
[(Packung:)-5699.5(01)-305.7(037)-7141.9(6)0(0)-567.1(m)-0.1(L)-12217.6(D)]TJ
T*
-0.0001 Tc
0.1924 Tw
[(* )223(Bemerkungen:)-3702(Ersetzt die Registrierungsurkunde vom 21.07.1998 \(Änderung Zulassungs-)]TJ
11.3386 -1.1339 TD
-0.0002 Tc
0 Tw
(inhaberin\))Tj
-11.3386 -1.4174 TD
-0.0001 Tc
-0.0306 Tw
[(Gültig bis:)-6647.8(31. Dezember 2003)]TJ
ET
42.8 88.08 m
510.51 88.08 l
S
Q

q
1 i 
-9 851 613 -860 re
0 841 m
W n
0.03 841.02 595.02 -841.02 re
W n
BT
/F4 1 Tf
12.5 0 0 12.5 34.4488 811.7822 Tm
/Cs5 cs 0.161 0.145 0.149 sc
/GS1 gs
-0.0001 Tc
-0.0286 Tw
[(Arzneimittel Statistik)-130(/)-129.9(M)0.1(édicaments miscellanées)]TJ
ET
/Cs5 CS 0.161 0.145 0.149 SC
0 J 0 j 0.3 w 10 M []0 d
28.35 805.15 m
552.76 805.15 l
S
Q
q
1 i 
35.43 850.5 198.43 -24.09 re
308.74 811.782 m
W* n
-9 851 613 -860 re
0 841 m
W n
0.03 841.02 595.02 -841.02 re
W n
q
2.7718 0 0 -0.3608 0 0 cm
/Cs5 CS 0.502 0.51 0.518 SC
0 J 0 j 0.5 w 10 M []0 d
/GS1 gs
12.655 -2360.21 m
12.655 -2287.903 l
S
0.506 0.514 0.522 SC
13.121 -2360.21 m
13.121 -2287.903 l
S
0.51 0.514 0.525 SC
13.588 -2360.21 m
13.588 -2287.903 l
S
0.51 0.518 0.529 SC
14.054 -2360.21 m
14.054 -2287.903 l
S
0.514 0.522 0.529 SC
14.521 -2360.21 m
14.521 -2287.903 l
S
0.518 0.525 0.533 SC
14.987 -2360.21 m
14.987 -2287.903 l
S
0.518 0.525 0.537 SC
15.454 -2360.21 m
15.454 -2287.903 l
S
0.522 0.529 0.541 SC
15.92 -2360.21 m
15.92 -2287.903 l
S
0.525 0.533 0.541 SC
16.387 -2360.21 m
16.387 -2287.903 l
S
0.529 0.533 0.545 SC
16.853 -2360.21 m
16.853 -2287.903 l
S
0.529 0.537 0.549 SC
17.32 -2360.21 m
17.32 -2287.903 l
S
0.533 0.541 0.553 SC
17.786 -2360.21 m
17.786 -2287.903 l
S
0.537 0.545 0.553 SC
18.253 -2360.21 m
18.253 -2287.903 l
S
0.537 0.545 0.557 SC
18.719 -2360.21 m
18.719 -2287.903 l
S
0.541 0.549 0.561 SC
19.186 -2360.21 m
19.186 -2287.903 l
S
0.545 0.553 0.565 SC
19.652 -2360.21 m
19.652 -2287.903 l
S
0.549 0.557 0.565 SC
20.119 -2360.21 m
20.119 -2287.903 l
S
0.549 0.557 0.569 SC
20.585 -2360.21 m
20.585 -2287.903 l
S
0.553 0.561 0.573 SC
21.052 -2360.21 m
21.052 -2287.903 l
S
0.557 0.565 0.576 SC
21.518 -2360.21 m
21.518 -2287.903 l
S
0.561 0.569 0.576 SC
21.985 -2360.21 m
21.985 -2287.903 l
S
0.561 0.569 0.58 SC
22.451 -2360.21 m
22.451 -2287.903 l
S
0.565 0.573 0.584 SC
22.918 -2360.21 m
22.918 -2287.903 l
S
0.569 0.576 0.588 SC
23.384 -2360.21 m
23.384 -2287.903 l
S
0.573 0.58 0.588 SC
23.851 -2360.21 m
23.851 -2287.903 l
S
0.573 0.58 0.592 SC
24.317 -2360.21 m
24.317 -2287.903 l
S
0.576 0.584 0.596 SC
24.784 -2360.21 m
24.784 -2287.903 l
S
0.58 0.588 0.596 SC
25.25 -2360.21 m
25.25 -2287.903 l
S
0.584 0.592 0.6 SC
25.717 -2360.21 m
25.717 -2287.903 l
S
0.584 0.592 0.604 SC
26.183 -2360.21 m
26.183 -2287.903 l
S
0.588 0.596 0.608 SC
26.65 -2360.21 m
26.65 -2287.903 l
S
0.592 0.6 0.608 SC
27.116 -2360.21 m
27.116 -2287.903 l
S
0.596 0.604 0.612 SC
27.583 -2360.21 m
27.583 -2287.903 l
S
0.596 0.604 0.616 SC
28.049 -2360.21 m
28.049 -2287.903 l
S
0.6 0.608 0.62 SC
28.516 -2360.21 m
28.516 -2287.903 l
S
0.604 0.612 0.624 SC
28.982 -2360.21 m
28.982 -2287.903 l
S
0.608 0.616 0.624 SC
29.449 -2360.21 m
29.449 -2287.903 l
S
0.608 0.616 0.627 SC
29.915 -2360.21 m
29.915 -2287.903 l
S
0.612 0.62 0.631 SC
30.382 -2360.21 m
30.382 -2287.903 l
S
0.616 0.624 0.635 SC
30.848 -2360.21 m
30.848 -2287.903 l
S
0.62 0.627 0.635 SC
31.315 -2360.21 m
31.315 -2287.903 l
S
0.62 0.631 0.639 SC
31.781 -2360.21 m
31.781 -2287.903 l
S
0.624 0.631 0.643 SC
32.248 -2360.21 m
32.248 -2287.903 l
S
0.627 0.635 0.647 SC
32.714 -2360.21 m
32.714 -2287.903 l
S
0.631 0.639 0.647 SC
33.181 -2360.21 m
33.181 -2287.903 l
S
0.635 0.643 0.651 SC
33.647 -2360.21 m
33.647 -2287.903 l
S
0.635 0.643 0.655 SC
34.113 -2360.21 m
34.113 -2287.903 l
S
0.639 0.647 0.659 SC
34.58 -2360.21 m
34.58 -2287.903 l
S
0.643 0.651 0.663 SC
35.046 -2360.21 m
35.046 -2287.903 l
S
0.647 0.655 0.663 SC
35.513 -2360.21 m
35.513 -2287.903 l
S
0.651 0.659 0.667 SC
35.979 -2360.21 m
35.979 -2287.903 l
S
0.651 0.659 0.671 SC
36.446 -2360.21 m
36.446 -2287.903 l
S
0.655 0.663 0.675 SC
36.912 -2360.21 m
36.912 -2287.903 l
S
0.659 0.667 0.678 SC
37.379 -2360.21 m
37.379 -2287.903 l
S
0.663 0.671 0.678 SC
37.845 -2360.21 m
37.845 -2287.903 l
S
0.663 0.675 0.682 SC
38.312 -2360.21 m
38.312 -2287.903 l
S
0.667 0.675 0.686 SC
38.778 -2360.21 m
38.778 -2287.903 l
S
0.671 0.678 0.69 SC
39.245 -2360.21 m
39.245 -2287.903 l
S
0.675 0.682 0.69 SC
39.711 -2360.21 m
39.711 -2287.903 l
S
0.678 0.686 0.694 SC
40.178 -2360.21 m
40.178 -2287.903 l
S
0.682 0.69 0.698 SC
40.644 -2360.21 m
40.644 -2287.903 l
S
0.682 0.69 0.702 SC
41.111 -2360.21 m
41.111 -2287.903 l
S
0.686 0.694 0.706 SC
41.577 -2360.21 m
41.577 -2287.903 l
S
0.69 0.698 0.706 SC
42.044 -2360.21 m
42.044 -2287.903 l
S
0.694 0.702 0.71 SC
42.51 -2360.21 m
42.51 -2287.903 l
S
0.698 0.706 0.714 SC
42.977 -2360.21 m
42.977 -2287.903 l
S
0.698 0.706 0.718 SC
43.443 -2360.21 m
43.443 -2287.903 l
S
0.702 0.71 0.722 SC
43.91 -2360.21 m
43.91 -2287.903 l
S
0.706 0.714 0.722 SC
44.376 -2360.21 m
44.376 -2287.903 l
S
0.71 0.718 0.725 SC
44.843 -2360.21 m
44.843 -2287.903 l
S
0.714 0.722 0.729 SC
45.309 -2360.21 m
45.309 -2287.903 l
S
0.714 0.722 0.733 SC
45.776 -2360.21 m
45.776 -2287.903 l
S
0.718 0.725 0.737 SC
46.242 -2360.21 m
46.242 -2287.903 l
S
0.722 0.729 0.737 SC
46.709 -2360.21 m
46.709 -2287.903 l
S
0.725 0.733 0.741 SC
47.175 -2360.21 m
47.175 -2287.903 l
S
0.729 0.737 0.745 SC
47.642 -2360.21 m
47.642 -2287.903 l
S
0.733 0.741 0.749 SC
48.108 -2360.21 m
48.108 -2287.903 l
S
0.733 0.741 0.753 SC
48.575 -2360.21 m
48.575 -2287.903 l
49.041 -2360.21 m
49.041 -2287.903 l
S
0.737 0.745 0.753 SC
49.508 -2360.21 m
49.508 -2287.903 l
S
0.741 0.749 0.757 SC
49.974 -2360.21 m
49.974 -2287.903 l
S
0.745 0.753 0.761 SC
50.441 -2360.21 m
50.441 -2287.903 l
S
0.749 0.757 0.765 SC
50.907 -2360.21 m
50.907 -2287.903 l
S
0.753 0.761 0.769 SC
51.374 -2360.21 m
51.374 -2287.903 l
51.84 -2360.21 m
51.84 -2287.903 l
S
0.757 0.765 0.773 SC
52.307 -2360.21 m
52.307 -2287.903 l
S
0.761 0.769 0.776 SC
52.773 -2360.21 m
52.773 -2287.903 l
S
0.765 0.773 0.78 SC
53.24 -2360.21 m
53.24 -2287.903 l
S
0.769 0.776 0.784 SC
53.706 -2360.21 m
53.706 -2287.903 l
S
0.773 0.776 0.784 SC
54.173 -2360.21 m
54.173 -2287.903 l
S
0.776 0.78 0.788 SC
54.639 -2360.21 m
54.639 -2287.903 l
S
0.776 0.784 0.792 SC
55.106 -2360.21 m
55.106 -2287.903 l
S
0.78 0.788 0.796 SC
55.572 -2360.21 m
55.572 -2287.903 l
S
0.784 0.792 0.8 SC
56.039 -2360.21 m
56.039 -2287.903 l
S
0.788 0.796 0.8 SC
56.505 -2360.21 m
56.505 -2287.903 l
S
0.792 0.796 0.804 SC
56.972 -2360.21 m
56.972 -2287.903 l
S
0.796 0.8 0.808 SC
57.438 -2360.21 m
57.438 -2287.903 l
S
0.796 0.804 0.812 SC
57.905 -2360.21 m
57.905 -2287.903 l
S
0.8 0.808 0.816 SC
58.371 -2360.21 m
58.371 -2287.903 l
S
0.804 0.812 0.816 SC
58.838 -2360.21 m
58.838 -2287.903 l
S
0.808 0.812 0.82 SC
59.304 -2360.21 m
59.304 -2287.903 l
S
0.812 0.816 0.824 SC
59.771 -2360.21 m
59.771 -2287.903 l
S
0.816 0.82 0.827 SC
60.237 -2360.21 m
60.237 -2287.903 l
S
0.816 0.824 0.831 SC
60.704 -2360.21 m
60.704 -2287.903 l
S
0.82 0.827 0.831 SC
61.17 -2360.21 m
61.17 -2287.903 l
S
0.824 0.831 0.835 SC
61.637 -2360.21 m
61.637 -2287.903 l
S
0.827 0.831 0.839 SC
62.103 -2360.21 m
62.103 -2287.903 l
S
0.831 0.835 0.843 SC
62.57 -2360.21 m
62.57 -2287.903 l
S
0.835 0.839 0.843 SC
63.036 -2360.21 m
63.036 -2287.903 l
S
0.835 0.843 0.847 SC
63.503 -2360.21 m
63.503 -2287.903 l
S
0.839 0.847 0.851 SC
63.969 -2360.21 m
63.969 -2287.903 l
S
0.843 0.847 0.855 SC
64.436 -2360.21 m
64.436 -2287.903 l
S
0.847 0.851 0.859 SC
64.902 -2360.21 m
64.902 -2287.903 l
S
0.851 0.855 0.859 SC
65.369 -2360.21 m
65.369 -2287.903 l
S
0.855 0.859 0.863 SC
65.835 -2360.21 m
65.835 -2287.903 l
S
0.855 0.863 0.867 SC
66.302 -2360.21 m
66.302 -2287.903 l
S
0.859 0.863 0.871 SC
66.768 -2360.21 m
66.768 -2287.903 l
S
0.863 0.867 0.875 SC
67.235 -2360.21 m
67.235 -2287.903 l
S
0.867 0.871 0.875 SC
67.701 -2360.21 m
67.701 -2287.903 l
S
0.871 0.875 0.878 SC
68.168 -2360.21 m
68.168 -2287.903 l
S
0.875 0.878 0.882 SC
68.634 -2360.21 m
68.634 -2287.903 l
S
0.875 0.882 0.886 SC
69.101 -2360.21 m
69.101 -2287.903 l
S
0.878 0.882 0.89 SC
69.567 -2360.21 m
69.567 -2287.903 l
S
0.882 0.886 0.89 SC
70.034 -2360.21 m
70.034 -2287.903 l
S
0.886 0.89 0.894 SC
70.5 -2360.21 m
70.5 -2287.903 l
S
0.89 0.894 0.898 SC
70.967 -2360.21 m
70.967 -2287.903 l
S
0.894 0.898 0.902 SC
71.433 -2360.21 m
71.433 -2287.903 l
S
0.898 0.898 0.902 SC
71.9 -2360.21 m
71.9 -2287.903 l
S
0.898 0.902 0.906 SC
72.366 -2360.21 m
72.366 -2287.903 l
S
0.902 0.906 0.91 SC
72.833 -2360.21 m
72.833 -2287.903 l
S
0.906 0.91 0.914 SC
73.299 -2360.21 m
73.299 -2287.903 l
S
0.91 0.914 0.918 SC
73.766 -2360.21 m
73.766 -2287.903 l
S
0.914 0.918 0.922 SC
74.232 -2360.21 m
74.232 -2287.903 l
S
0.918 0.922 0.922 SC
74.699 -2360.21 m
74.699 -2287.903 l
S
0.922 0.922 0.925 SC
75.165 -2360.21 m
75.165 -2287.903 l
S
0.922 0.925 0.929 SC
75.632 -2360.21 m
75.632 -2287.903 l
S
0.925 0.929 0.933 SC
76.098 -2360.21 m
76.098 -2287.903 l
S
0.929 0.933 0.933 SC
76.565 -2360.21 m
76.565 -2287.903 l
S
0.933 0.937 0.937 SC
77.031 -2360.21 m
77.031 -2287.903 l
S
0.937 0.937 0.941 SC
77.498 -2360.21 m
77.498 -2287.903 l
S
0.941 0.941 0.945 SC
77.964 -2360.21 m
77.964 -2287.903 l
S
0.945 0.945 0.949 SC
78.431 -2360.21 m
78.431 -2287.903 l
S
0.945 0.949 0.949 SC
78.897 -2360.21 m
78.897 -2287.903 l
S
0.949 0.953 0.953 SC
79.364 -2360.21 m
79.364 -2287.903 l
S
0.953 0.957 0.957 SC
79.83 -2360.21 m
79.83 -2287.903 l
S
0.957 0.957 0.961 SC
80.297 -2360.21 m
80.297 -2287.903 l
S
0.961 0.961 0.965 SC
80.763 -2360.21 m
80.763 -2287.903 l
S
0.965 0.965 0.969 SC
81.23 -2360.21 m
81.23 -2287.903 l
S
0.969 0.969 0.969 SC
81.696 -2360.21 m
81.696 -2287.903 l
S
0.973 0.973 0.973 SC
82.163 -2360.21 m
82.163 -2287.903 l
S
0.976 0.976 0.976 SC
82.629 -2360.21 m
82.629 -2287.903 l
S
0.98 0.98 0.984 SC
83.096 -2360.21 m
83.096 -2287.903 l
S
0.988 0.988 0.988 SC
83.562 -2360.21 m
83.562 -2287.903 l
S
0.992 0.992 0.992 SC
84.029 -2360.21 m
84.029 -2287.903 l
S
1 1 1 SC
84.495 -2360.21 m
84.495 -2287.903 l
S
Q
Q
q
1 i 
-9 851 613 -860 re
0 841 m
W n
0.03 841.02 595.02 -841.02 re
W n
/Cs5 cs 0.161 0.145 0.149 sc
/GS1 gs
0.03 841.02 35.4 -6.11 re
f
/Cs5 CS 0.161 0.145 0.149 SC
0 J 0 j 0.3 w 10 M []0 d
28.347 841.076 m
28.347 805.006 l
S
286.3 22.8 22.68 -22.8 re
f
BT
/F1 1 Tf
10 0 0 10 289.2992 7.7671 Tm
1 1 1 sc
-0.0002 Tc
0 Tw
(656)Tj
/F3 1 Tf
7 0 0 7 35.4331 17.5374 Tm
0.161 0.145 0.149 sc
-0.0001 Tc
-0.0306 Tw
[(Swissmedic Jour)-17.9(nal)-1111.9(9/2002)]TJ
/F2 1 Tf
10 0 0 10 85.0394 763.6339 Tm
-0.0336 Tw
[(01)-1044.2(Gingosol Econatura, Filmtabletten)]TJ
/F5 1 Tf
0 -1.4174 TD
-0.0306 Tw
(Ecosol AG, Hohlstrasse 192, 8004 Zürich)Tj
ET
0.4 w 
85.04 741.51 m
552.76 741.51 l
85.04 723.82 m
552.76 723.82 l
S
BT
10 0 0 10 85.0394 729.1213 Tm
-0.0002 Tc
0 Tw
[(Zul.-Nr)91.6(.: )]TJ
/F2 1 Tf
3.8771 0 TD
(51294)Tj
/F5 1 Tf
8.8788 0 TD
0 Tc
(V)Tj
0.6301 0 TD
-0.0001 Tc
(erkaufsart: )Tj
/F2 1 Tf
5.3041 0 TD
0 Tc
(D)Tj
/F5 1 Tf
6.8216 0 TD
-0.0001 Tc
-0.0306 Tw
[(Index: 02.97.0.)-9563.5(20.09.2002)]TJ
-25.5118 -2.2428 TD
0 Tw
[(Zusammensetzung:)-921.1(01)]TJ
8.3 0 0 8.3 198.4252 706.6931 Tm
0.1352 Tw
[(GINKGO BILOBAE EXTRACTUM ACETONICUM SICCUM 40)-278(mg, EXCIPIENS pro COMPRESSO)]TJ
0 -1.3661 TD
-0.0002 Tc
0 Tw
(OBDUCTO.)Tj
10 0 0 10 85.0394 681.1805 Tm
-0.0001 Tc
-0.0306 Tw
[(Anwendung:)-5285.2(Bei Beschwerden infolge Arteriosklerose)]TJ
0 -1.4174 TD
0 Tw
[(Packungen:)-4532.7(01)-305.6(068)-7141.8(3)0.1(0)-567(Filmtabletten)-7327.9(D)]TJ
11.3386 -1.4174 TD
[(076)-6585.9(1)0.1(00)-567.1(Filmtabletten)-7327.9(D)]TJ
-11.3386 -1.4174 TD
-0.0306 Tw
[(* Gültig bis:)-5844.6(19. September 2007)]TJ
ET
85.04 630.25 m
552.76 630.25 l
S
BT
/F2 1 Tf
10 0 0 10 85.0394 594.2502 Tm
-0.0336 Tw
[(01)-1044.2(Gingosol Econatura, T)73.9(r)17.9(opfen)]TJ
/F5 1 Tf
T*
-0.0306 Tw
(Ecosol AG, Hohlstrasse 192, 8004 Zürich)Tj
ET
85.04 572.13 m
552.76 572.13 l
85.04 554.44 m
552.76 554.44 l
S
BT
10 0 0 10 85.0394 559.7375 Tm
-0.0002 Tc
0 Tw
[(Zul.-Nr)91.6(.: )]TJ
/F2 1 Tf
3.8771 0 TD
(51295)Tj
/F5 1 Tf
8.8788 0 TD
0 Tc
(V)Tj
0.6301 0 TD
-0.0001 Tc
(erkaufsart: )Tj
/F2 1 Tf
5.3041 0 TD
0 Tc
(D)Tj
/F5 1 Tf
6.8216 0 TD
-0.0001 Tc
-0.0306 Tw
[(Index: 02.97.0.)-9563.5(20.09.2002)]TJ
-25.5118 -2.2428 TD
0 Tw
[(Zusammensetzung:)-921.1(01)]TJ
8.3 0 0 8.3 198.4252 537.3093 Tm
-0.0104 Tw
[(GINKGO BILOBAE EXTRACTUM ACETONICUM SICCUM 40)-278.1(mg, SACCHARINUM, EXCIPIENS ad)]TJ
0 -1.3661 TD
-0.0306 Tw
[(SOLUTIONEM pro 1)-278.1(mL. )]TJ
10 0 0 10 85.0394 511.7968 Tm
[(Anwendung:)-5285.2(Bei Beschwerden infolge Arteriosklerose)]TJ
0 -1.4174 TD
0 Tw
[(Packungen:)-4532.7(01)-305.6(064)-7141.8(3)0.1(0)-567(m)0(L)-12217.5(D)]TJ
11.3386 -1.4174 TD
[(072)-6585.9(1)0.1(00)-567.1(mL)-12217.5(D)]TJ
-11.3386 -1.4174 TD
-0.0306 Tw
[(* Gültig bis:)-5844.6(19. September 2007)]TJ
ET
85.04 460.86 m
552.76 460.86 l
S
BT
/F2 1 Tf
10 0 0 10 85.0394 424.8665 Tm
-0.0337 Tw
[(02)-1044.2(Glucobay 100, T)98.8(abletten)]TJ
0 -1.2835 TD
[(03)-1044.2(Glucobay 50, T)98.8(abletten)]TJ
/F5 1 Tf
0 -1.4174 TD
-0.0306 Tw
(Bayer \(Schweiz\) AG, Grubenstrasse 6, 8045 Zürich)Tj
ET
85.04 389.91 m
552.76 389.91 l
85.04 372.22 m
552.76 372.22 l
S
BT
10 0 0 10 85.0394 377.5192 Tm
-0.0002 Tc
0 Tw
[(Zul.-Nr)91.6(.: )]TJ
/F2 1 Tf
3.8771 0 TD
(44873)Tj
/F5 1 Tf
8.8788 0 TD
0 Tc
(V)Tj
0.6301 0 TD
-0.0001 Tc
(erkaufsart: )Tj
/F2 1 Tf
5.3041 0 TD
0 Tc
(B)Tj
/F5 1 Tf
6.8216 0 TD
-0.0001 Tc
-0.0306 Tw
[(Index: 07.06.2.)-9563.5(24.09.2002)]TJ
-25.5118 -2.2428 TD
0 Tw
[(Zusammensetzung:)-921.1(02)]TJ
8.3 0 0 8.3 198.4252 355.0911 Tm
-0.0306 Tw
[(ACARBOSUM 100)-278.1(mg, EXCIPIENS pro COMPRESSO.)]TJ
10 0 0 10 184.252 340.9175 Tm
-0.0002 Tc
0 Tw
(03)Tj
8.3 0 0 8.3 198.4252 340.9175 Tm
-0.0001 Tc
-0.0306 Tw
[(ACARBOSUM 50)-278.1(mg, EXCIPIENS pro COMPRESSO.)]TJ
10 0 0 10 85.0394 326.7438 Tm
[(Anwendung:)-5285.2(Orales Antidiabetikum)]TJ
0 -1.4174 TD
0 Tw
[(Packungen:)-4532.7(02)-305.6(044)-7141.8(3)0.1(0)-567(T)74(abletten)-9179.4(B)]TJ
11.3386 -1.4174 TD
[(060)-7141.8(9)0.1(0)-567(T)74(abletten)-9179.4(B)]TJ
-1.4173 -1.4174 TD
[(03)-305.6(079)-7141.8(3)0.1(0)-567(T)74(abletten)-9179.4(B)]TJ
1.4173 -1.4174 TD
[(087)-7141.8(9)0.1(0)-567(T)74(abletten)-9179.4(B)]TJ
-11.3386 -1.4174 TD
-0.0306 Tw
[(Bemerkung:)-5671.9(Ersetzt die Registrierungsurkunde vom 11.12.1997)]TJ
T*
[(* Gültig bis:)-5844.6(24. September 2007)]TJ
ET
85.04 233.29 m
552.76 233.29 l
S
BT
/F2 1 Tf
10 0 0 10 85.0394 197.2926 Tm
-0.0336 Tw
[(01)-1044.2(Hemerven, capsules)]TJ
/F5 1 Tf
T*
-0.0306 Tw
(Interdelta SA, Route André-Piller 21, 1762 Givisiez)Tj
ET
85.04 175.17 m
552.76 175.17 l
85.04 157.48 m
552.76 157.48 l
S
BT
10 0 0 10 85.0394 162.78 Tm
-0.0002 Tc
0 Tw
[(N°)-247.4(AMM: )]TJ
/F2 1 Tf
4.5038 0 TD
(45370)Tj
/F5 1 Tf
8.2521 0 TD
-0.0001 Tc
-0.0306 Tw
(Mode de vente: )Tj
/F2 1 Tf
7.5194 0 TD
0 Tc
0 Tw
(D)Tj
/F5 1 Tf
5.2365 0 TD
-0.0001 Tc
-0.0306 Tw
[(Index: 02.08.1.)-9563.5(20.09.2002)]TJ
-25.5118 -2.2428 TD
-0.0002 Tc
0 Tw
[(Composition:)-3756.2(01)]TJ
8.3 0 0 8.3 198.4252 140.3519 Tm
-0.0001 Tc
-0.0306 Tw
[(DIOSMINUM 300)-278.1(mg, EXCIPIENS pro CAPSULA.)]TJ
10 0 0 10 85.0394 126.1782 Tm
-0.0002 Tc
0 Tw
[(Indication:)-6395.4(Phlébotonique)]TJ
0 -1.4174 TD
-0.0001 Tc
[(Conditionnements:)-1033.7(01)-305.6(011)-7141.8(3)0.1(0)-567(capsules)-9773.4(D)]TJ
11.3386 -1.4174 TD
[(038)-7141.8(6)0.1(0)-567(capsules)-9773.4(D)]TJ
-11.3386 -1.4174 TD
-0.0306 Tw
[(* V)48.7(a)0(lable jusqu’au:)-2614.2(19 septembre 2007)]TJ
ET
85.04 75.24 m
552.76 75.24 l
S
Q

q
1 i 
-9 851 613 -860 re
0 841 m
W n
0.03 841.02 595.02 -841.02 re
W n
BT
/F4 1 Tf
12.5 0 0 12.5 285.8058 811.7825 Tm
/Cs5 cs 0.161 0.145 0.149 sc
/GS1 gs
-0.0001 Tc
-0.0286 Tw
[(Arzneimittel Statistik)-130(/)-129.9(M)0.1(édicaments miscellanées)]TJ
ET
/Cs5 CS 0.161 0.145 0.149 SC
0 J 0 j 0.3 w 10 M []0 d
42.8 805.15 m
567.2 805.15 l
S
Q
q
1 i 
361.69 850.5 198.43 -24.09 re
560.097 811.782 m
W* n
-9 851 613 -860 re
0 841 m
W n
0.03 841.02 595.02 -841.02 re
W n
q
2.7718 0 0 -0.3608 0 0 cm
/Cs5 CS 1 1 1 SC
0 J 0 j 0.5 w 10 M []0 d
/GS1 gs
130.36 -2360.21 m
130.36 -2287.903 l
S
0.992 0.992 0.992 SC
130.827 -2360.21 m
130.827 -2287.903 l
S
0.988 0.988 0.988 SC
131.293 -2360.21 m
131.293 -2287.903 l
S
0.98 0.98 0.984 SC
131.76 -2360.21 m
131.76 -2287.903 l
S
0.976 0.976 0.976 SC
132.226 -2360.21 m
132.226 -2287.903 l
S
0.973 0.973 0.973 SC
132.693 -2360.21 m
132.693 -2287.903 l
S
0.969 0.969 0.969 SC
133.159 -2360.21 m
133.159 -2287.903 l
S
0.965 0.965 0.969 SC
133.626 -2360.21 m
133.626 -2287.903 l
S
0.961 0.961 0.965 SC
134.092 -2360.21 m
134.092 -2287.903 l
S
0.957 0.957 0.961 SC
134.559 -2360.21 m
134.559 -2287.903 l
S
0.953 0.957 0.957 SC
135.025 -2360.21 m
135.025 -2287.903 l
S
0.949 0.953 0.953 SC
135.492 -2360.21 m
135.492 -2287.903 l
S
0.945 0.949 0.949 SC
135.958 -2360.21 m
135.958 -2287.903 l
S
0.945 0.945 0.949 SC
136.425 -2360.21 m
136.425 -2287.903 l
S
0.941 0.941 0.945 SC
136.891 -2360.21 m
136.891 -2287.903 l
S
0.937 0.937 0.941 SC
137.358 -2360.21 m
137.358 -2287.903 l
S
0.933 0.937 0.937 SC
137.824 -2360.21 m
137.824 -2287.903 l
S
0.929 0.933 0.933 SC
138.291 -2360.21 m
138.291 -2287.903 l
S
0.925 0.929 0.933 SC
138.757 -2360.21 m
138.757 -2287.903 l
S
0.922 0.925 0.929 SC
139.224 -2360.21 m
139.224 -2287.903 l
S
0.922 0.922 0.925 SC
139.69 -2360.21 m
139.69 -2287.903 l
S
0.918 0.922 0.922 SC
140.157 -2360.21 m
140.157 -2287.903 l
S
0.914 0.918 0.922 SC
140.623 -2360.21 m
140.623 -2287.903 l
S
0.91 0.914 0.918 SC
141.09 -2360.21 m
141.09 -2287.903 l
S
0.906 0.91 0.914 SC
141.556 -2360.21 m
141.556 -2287.903 l
S
0.902 0.906 0.91 SC
142.023 -2360.21 m
142.023 -2287.903 l
S
0.898 0.902 0.906 SC
142.489 -2360.21 m
142.489 -2287.903 l
S
0.898 0.898 0.902 SC
142.956 -2360.21 m
142.956 -2287.903 l
S
0.894 0.898 0.902 SC
143.422 -2360.21 m
143.422 -2287.903 l
S
0.89 0.894 0.898 SC
143.889 -2360.21 m
143.889 -2287.903 l
S
0.886 0.89 0.894 SC
144.355 -2360.21 m
144.355 -2287.903 l
S
0.882 0.886 0.89 SC
144.822 -2360.21 m
144.822 -2287.903 l
S
0.878 0.882 0.89 SC
145.288 -2360.21 m
145.288 -2287.903 l
S
0.875 0.882 0.886 SC
145.755 -2360.21 m
145.755 -2287.903 l
S
0.875 0.878 0.882 SC
146.221 -2360.21 m
146.221 -2287.903 l
S
0.871 0.875 0.878 SC
146.688 -2360.21 m
146.688 -2287.903 l
S
0.867 0.871 0.875 SC
147.154 -2360.21 m
147.154 -2287.903 l
S
0.863 0.867 0.875 SC
147.621 -2360.21 m
147.621 -2287.903 l
S
0.859 0.863 0.871 SC
148.087 -2360.21 m
148.087 -2287.903 l
S
0.855 0.863 0.867 SC
148.554 -2360.21 m
148.554 -2287.903 l
S
0.855 0.859 0.863 SC
149.02 -2360.21 m
149.02 -2287.903 l
S
0.851 0.855 0.859 SC
149.487 -2360.21 m
149.487 -2287.903 l
S
0.847 0.851 0.859 SC
149.953 -2360.21 m
149.953 -2287.903 l
S
0.843 0.847 0.855 SC
150.42 -2360.21 m
150.42 -2287.903 l
S
0.839 0.847 0.851 SC
150.886 -2360.21 m
150.886 -2287.903 l
S
0.835 0.843 0.847 SC
151.353 -2360.21 m
151.353 -2287.903 l
S
0.835 0.839 0.843 SC
151.819 -2360.21 m
151.819 -2287.903 l
S
0.831 0.835 0.843 SC
152.286 -2360.21 m
152.286 -2287.903 l
S
0.827 0.831 0.839 SC
152.752 -2360.21 m
152.752 -2287.903 l
S
0.824 0.831 0.835 SC
153.219 -2360.21 m
153.219 -2287.903 l
S
0.82 0.827 0.831 SC
153.685 -2360.21 m
153.685 -2287.903 l
S
0.816 0.824 0.831 SC
154.152 -2360.21 m
154.152 -2287.903 l
S
0.816 0.82 0.827 SC
154.618 -2360.21 m
154.618 -2287.903 l
S
0.812 0.816 0.824 SC
155.085 -2360.21 m
155.085 -2287.903 l
S
0.808 0.812 0.82 SC
155.551 -2360.21 m
155.551 -2287.903 l
S
0.804 0.812 0.816 SC
156.018 -2360.21 m
156.018 -2287.903 l
S
0.8 0.808 0.816 SC
156.484 -2360.21 m
156.484 -2287.903 l
S
0.796 0.804 0.812 SC
156.951 -2360.21 m
156.951 -2287.903 l
S
0.796 0.8 0.808 SC
157.417 -2360.21 m
157.417 -2287.903 l
S
0.792 0.796 0.804 SC
157.884 -2360.21 m
157.884 -2287.903 l
S
0.788 0.796 0.8 SC
158.35 -2360.21 m
158.35 -2287.903 l
S
0.784 0.792 0.8 SC
158.817 -2360.21 m
158.817 -2287.903 l
S
0.78 0.788 0.796 SC
159.283 -2360.21 m
159.283 -2287.903 l
S
0.776 0.784 0.792 SC
159.75 -2360.21 m
159.75 -2287.903 l
S
0.776 0.78 0.788 SC
160.216 -2360.21 m
160.216 -2287.903 l
S
0.773 0.776 0.784 SC
160.683 -2360.21 m
160.683 -2287.903 l
S
0.769 0.776 0.784 SC
161.149 -2360.21 m
161.149 -2287.903 l
S
0.765 0.773 0.78 SC
161.616 -2360.21 m
161.616 -2287.903 l
S
0.761 0.769 0.776 SC
162.082 -2360.21 m
162.082 -2287.903 l
S
0.757 0.765 0.773 SC
162.549 -2360.21 m
162.549 -2287.903 l
S
0.753 0.761 0.769 SC
163.015 -2360.21 m
163.015 -2287.903 l
163.482 -2360.21 m
163.482 -2287.903 l
S
0.749 0.757 0.765 SC
163.948 -2360.21 m
163.948 -2287.903 l
S
0.745 0.753 0.761 SC
164.415 -2360.21 m
164.415 -2287.903 l
S
0.741 0.749 0.757 SC
164.881 -2360.21 m
164.881 -2287.903 l
S
0.737 0.745 0.753 SC
165.348 -2360.21 m
165.348 -2287.903 l
S
0.733 0.741 0.753 SC
165.814 -2360.21 m
165.814 -2287.903 l
S
0.733 0.741 0.749 SC
166.281 -2360.21 m
166.281 -2287.903 l
166.747 -2360.21 m
166.747 -2287.903 l
S
0.729 0.737 0.745 SC
167.214 -2360.21 m
167.214 -2287.903 l
S
0.725 0.733 0.741 SC
167.68 -2360.21 m
167.68 -2287.903 l
S
0.722 0.729 0.737 SC
168.147 -2360.21 m
168.147 -2287.903 l
S
0.718 0.725 0.737 SC
168.613 -2360.21 m
168.613 -2287.903 l
S
0.714 0.722 0.733 SC
169.08 -2360.21 m
169.08 -2287.903 l
S
0.714 0.722 0.729 SC
169.546 -2360.21 m
169.546 -2287.903 l
S
0.71 0.718 0.725 SC
170.013 -2360.21 m
170.013 -2287.903 l
S
0.706 0.714 0.722 SC
170.479 -2360.21 m
170.479 -2287.903 l
S
0.702 0.71 0.722 SC
170.946 -2360.21 m
170.946 -2287.903 l
S
0.698 0.706 0.718 SC
171.412 -2360.21 m
171.412 -2287.903 l
S
0.698 0.706 0.714 SC
171.879 -2360.21 m
171.879 -2287.903 l
S
0.694 0.702 0.71 SC
172.345 -2360.21 m
172.345 -2287.903 l
S
0.69 0.698 0.706 SC
172.812 -2360.21 m
172.812 -2287.903 l
S
0.686 0.694 0.706 SC
173.278 -2360.21 m
173.278 -2287.903 l
S
0.682 0.69 0.702 SC
173.745 -2360.21 m
173.745 -2287.903 l
S
0.682 0.69 0.698 SC
174.211 -2360.21 m
174.211 -2287.903 l
S
0.678 0.686 0.694 SC
174.678 -2360.21 m
174.678 -2287.903 l
S
0.675 0.682 0.69 SC
175.144 -2360.21 m
175.144 -2287.903 l
S
0.671 0.678 0.69 SC
175.611 -2360.21 m
175.611 -2287.903 l
S
0.667 0.675 0.686 SC
176.077 -2360.21 m
176.077 -2287.903 l
S
0.663 0.675 0.682 SC
176.544 -2360.21 m
176.544 -2287.903 l
S
0.663 0.671 0.678 SC
177.01 -2360.21 m
177.01 -2287.903 l
S
0.659 0.667 0.678 SC
177.477 -2360.21 m
177.477 -2287.903 l
S
0.655 0.663 0.675 SC
177.943 -2360.21 m
177.943 -2287.903 l
S
0.651 0.659 0.671 SC
178.41 -2360.21 m
178.41 -2287.903 l
S
0.651 0.659 0.667 SC
178.876 -2360.21 m
178.876 -2287.903 l
S
0.647 0.655 0.663 SC
179.343 -2360.21 m
179.343 -2287.903 l
S
0.643 0.651 0.663 SC
179.809 -2360.21 m
179.809 -2287.903 l
S
0.639 0.647 0.659 SC
180.276 -2360.21 m
180.276 -2287.903 l
S
0.635 0.643 0.655 SC
180.742 -2360.21 m
180.742 -2287.903 l
S
0.635 0.643 0.651 SC
181.209 -2360.21 m
181.209 -2287.903 l
S
0.631 0.639 0.647 SC
181.675 -2360.21 m
181.675 -2287.903 l
S
0.627 0.635 0.647 SC
182.142 -2360.21 m
182.142 -2287.903 l
S
0.624 0.631 0.643 SC
182.608 -2360.21 m
182.608 -2287.903 l
S
0.62 0.631 0.639 SC
183.075 -2360.21 m
183.075 -2287.903 l
S
0.62 0.627 0.635 SC
183.541 -2360.21 m
183.541 -2287.903 l
S
0.616 0.624 0.635 SC
184.008 -2360.21 m
184.008 -2287.903 l
S
0.612 0.62 0.631 SC
184.474 -2360.21 m
184.474 -2287.903 l
S
0.608 0.616 0.627 SC
184.941 -2360.21 m
184.941 -2287.903 l
S
0.608 0.616 0.624 SC
185.407 -2360.21 m
185.407 -2287.903 l
S
0.604 0.612 0.624 SC
185.874 -2360.21 m
185.874 -2287.903 l
S
0.6 0.608 0.62 SC
186.34 -2360.21 m
186.34 -2287.903 l
S
0.596 0.604 0.616 SC
186.806 -2360.21 m
186.806 -2287.903 l
S
0.596 0.604 0.612 SC
187.273 -2360.21 m
187.273 -2287.903 l
S
0.592 0.6 0.608 SC
187.739 -2360.21 m
187.739 -2287.903 l
S
0.588 0.596 0.608 SC
188.206 -2360.21 m
188.206 -2287.903 l
S
0.584 0.592 0.604 SC
188.672 -2360.21 m
188.672 -2287.903 l
S
0.584 0.592 0.6 SC
189.139 -2360.21 m
189.139 -2287.903 l
S
0.58 0.588 0.596 SC
189.605 -2360.21 m
189.605 -2287.903 l
S
0.576 0.584 0.596 SC
190.072 -2360.21 m
190.072 -2287.903 l
S
0.573 0.58 0.592 SC
190.538 -2360.21 m
190.538 -2287.903 l
S
0.573 0.58 0.588 SC
191.005 -2360.21 m
191.005 -2287.903 l
S
0.569 0.576 0.588 SC
191.471 -2360.21 m
191.471 -2287.903 l
S
0.565 0.573 0.584 SC
191.938 -2360.21 m
191.938 -2287.903 l
S
0.561 0.569 0.58 SC
192.404 -2360.21 m
192.404 -2287.903 l
S
0.561 0.569 0.576 SC
192.871 -2360.21 m
192.871 -2287.903 l
S
0.557 0.565 0.576 SC
193.337 -2360.21 m
193.337 -2287.903 l
S
0.553 0.561 0.573 SC
193.804 -2360.21 m
193.804 -2287.903 l
S
0.549 0.557 0.569 SC
194.27 -2360.21 m
194.27 -2287.903 l
S
0.549 0.557 0.565 SC
194.737 -2360.21 m
194.737 -2287.903 l
S
0.545 0.553 0.565 SC
195.203 -2360.21 m
195.203 -2287.903 l
S
0.541 0.549 0.561 SC
195.67 -2360.21 m
195.67 -2287.903 l
S
0.537 0.545 0.557 SC
196.136 -2360.21 m
196.136 -2287.903 l
S
0.537 0.545 0.553 SC
196.603 -2360.21 m
196.603 -2287.903 l
S
0.533 0.541 0.553 SC
197.069 -2360.21 m
197.069 -2287.903 l
S
0.529 0.537 0.549 SC
197.536 -2360.21 m
197.536 -2287.903 l
S
0.529 0.533 0.545 SC
198.002 -2360.21 m
198.002 -2287.903 l
S
0.525 0.533 0.541 SC
198.469 -2360.21 m
198.469 -2287.903 l
S
0.522 0.529 0.541 SC
198.935 -2360.21 m
198.935 -2287.903 l
S
0.518 0.525 0.537 SC
199.402 -2360.21 m
199.402 -2287.903 l
S
0.518 0.525 0.533 SC
199.868 -2360.21 m
199.868 -2287.903 l
S
0.514 0.522 0.529 SC
200.335 -2360.21 m
200.335 -2287.903 l
S
0.51 0.518 0.529 SC
200.801 -2360.21 m
200.801 -2287.903 l
S
0.51 0.514 0.525 SC
201.268 -2360.21 m
201.268 -2287.903 l
S
0.506 0.514 0.522 SC
201.734 -2360.21 m
201.734 -2287.903 l
S
0.502 0.51 0.518 SC
202.201 -2360.21 m
202.201 -2287.903 l
S
Q
Q
q
1 i 
-9 851 613 -860 re
0 841 m
W n
0.03 841.02 595.02 -841.02 re
W n
/Cs5 cs 0.161 0.145 0.149 sc
/GS1 gs
560.12 841.02 34.93 -6.11 re
f
/Cs5 CS 0.161 0.145 0.149 SC
0 J 0 j 0.3 w 10 M []0 d
567.202 840.678 m
567.202 804.948 l
S
286.57 22.8 22.68 -22.8 re
f
BT
/F1 1 Tf
10 0 0 10 289.5747 7.7671 Tm
1 1 1 sc
-0.0002 Tc
0 Tw
(657)Tj
/F3 1 Tf
7 0 0 7 473.8676 17.5374 Tm
0.161 0.145 0.149 sc
-0.0001 Tc
-0.0306 Tw
[(Swissmedic Jour)-17.9(nal)-1111.9(9/2002)]TJ
/F2 1 Tf
10 0 0 10 42.7953 763.6339 Tm
-0.0337 Tw
[(01)-1044.2(Hemerven, crème)]TJ
/F5 1 Tf
0 -1.4174 TD
-0.0306 Tw
(Interdelta SA, Route André-Piller 21, 1762 Givisiez)Tj
ET
0.4 w 
42.8 741.51 m
510.51 741.51 l
42.8 723.82 m
510.51 723.82 l
S
BT
10 0 0 10 42.7953 729.1213 Tm
-0.0002 Tc
0 Tw
[(N°)-247.4(AMM: )]TJ
/F2 1 Tf
4.5038 0 TD
(45369)Tj
/F5 1 Tf
8.2521 0 TD
-0.0001 Tc
-0.0306 Tw
(Mode de vente: )Tj
/F2 1 Tf
7.5194 0 TD
0 Tc
0 Tw
(D)Tj
/F5 1 Tf
5.2365 0 TD
-0.0001 Tc
-0.0306 Tw
[(Index: 02.08.2.)-9563.5(16.09.2002)]TJ
-25.5118 -2.2428 TD
-0.0002 Tc
0 Tw
[(Composition:)-3756.2(01)]TJ
8.3 0 0 8.3 156.1811 706.6931 Tm
-0.0001 Tc
0.2326 Tw
[(DIOSMINUM 40)-278.1(mg, ADEPS LANAE, AROMA)73.7(TICA, CONSER)17.7(V)91.5(.: E)-278.1(216, E)-278.1(218, EXCIPIENS ad)]TJ
0 -1.3661 TD
-0.0306 Tw
[(UNGUENTUM pro 1)-278.1(g)0.1(. )]TJ
10 0 0 10 42.7953 681.1805 Tm
[(Indication:)-6395.3(Symptômes accompagnant les troubles veineux fonctionnels)]TJ
0 -1.4174 TD
0 Tw
[(Conditionnements:)-1033.7(01)-305.6(056)-7141.8(4)0.1(0)-567(g)-12995.4(D)]TJ
11.3386 -1.4174 TD
[(064)-6585.9(1)0.1(00)-567.1(g)-12995.4(D)]TJ
-11.3386 -1.4174 TD
-0.0306 Tw
[(* V)48.7(a)0(lable jusqu’au:)-2614.2(15 septembre 2007)]TJ
ET
42.8 630.25 m
510.51 630.25 l
S
BT
/F2 1 Tf
10 0 0 10 42.7953 594.2502 Tm
-0.0337 Tw
[(01)-1044.2(Hyperval, Dragées)]TJ
0 -1.2835 TD
[(02)-1044.2(Hyperval 500, Dragées)]TJ
/F5 1 Tf
0 -1.4174 TD
-0.0306 Tw
(Novartis Consumer Health Schweiz AG, Monbijoustrasse 118, 3007 Bern)Tj
ET
42.8 559.29 m
510.51 559.29 l
42.8 541.6 m
510.51 541.6 l
S
BT
10 0 0 10 42.7953 546.9029 Tm
-0.0002 Tc
0 Tw
[(Zul.-Nr)91.6(.: )]TJ
/F2 1 Tf
3.8772 0 TD
(52942)Tj
/F5 1 Tf
8.8787 0 TD
0 Tc
(V)Tj
0.6301 0 TD
-0.0001 Tc
(erkaufsart: )Tj
/F2 1 Tf
5.3042 0 TD
0 Tc
(C)Tj
/F5 1 Tf
6.8216 0 TD
-0.0001 Tc
-0.0306 Tw
[(Index: 01.04.1.)-9563.5(20.09.2002)]TJ
-25.5118 -2.2428 TD
0 Tw
[(Zusammensetzung:)-921.1(01)]TJ
8.3 0 0 8.3 156.1811 524.4748 Tm
0.3133 Tw
[(HYPERICI HERBAE EXTRACTUM ETHANOLICUM SICCUM 250)-278.1(mg corresp. HYPERICINUM)]TJ
0 -1.3661 TD
-0.0306 Tw
[(0.38–0.62)-278.1(mg, EXCIPIENS pro COMPRESSO OBDUCTO.)]TJ
10 0 0 10 142.0079 498.9622 Tm
-0.0002 Tc
0 Tw
(02)Tj
8.3 0 0 8.3 156.1811 498.9622 Tm
-0.0001 Tc
0.3133 Tw
[(HYPERICI HERBAE EXTRACTUM ETHANOLICUM SICCUM 500)-278.1(mg corresp. HYPERICINUM)]TJ
T*
-0.0306 Tw
[(0.75–1.25)-278.1(mg, EXCIPIENS pro COMPRESSO OBDUCTO.)]TJ
10 0 0 10 42.7953 473.4496 Tm
[(Anwendung:)-5285.2(Bei gedrückter Stimmung)]TJ
0 -1.4174 TD
[(* Packungen:)-3729.5(01)-305.6(047)-7141.8(3)0.1(0)-567(Dragées)-9828.1(C)]TJ
11.3386 -1.4174 TD
0 Tw
[(055)-7141.8(6)0.1(0)-567(Dragées)-9828.1(C)]TJ
T*
[(063)-6585.9(1)0.1(20)-567.1(Dragées)-9828.1(C)]TJ
-1.4173 -1.4174 TD
[(02)-305.6(071)-7141.8(3)0.1(0)-567(Dragées)-9828.1(C)]TJ
1.4173 -1.4174 TD
[(098)-7141.8(6)0.1(0)-567(Dragées)-9828.1(C)]TJ
-11.3386 -1.4174 TD
0.0616 Tw
[(Bemerkungen:)-4505.2(Ersetzt die Zlassungsbescheinigung vom 15.03.2002 \(Zulassung einer neuen)]TJ
11.3386 -1.1339 TD
0 Tw
(Dosierung\))Tj
-11.3386 -1.4174 TD
-0.0306 Tw
[(Gültig bis:)-6647.8(31. Dezember 2003)]TJ
ET
42.8 354.48 m
510.51 354.48 l
S
Q

q
1 i 
-9 851 613 -860 re
0 841 m
W n
0.03 841.02 595.02 -841.02 re
W n
BT
/F4 1 Tf
12.5 0 0 12.5 34.4488 811.7822 Tm
/Cs5 cs 0.161 0.145 0.149 sc
/GS1 gs
-0.0001 Tc
-0.0286 Tw
[(Arzneimittel Statistik)-130(/)-129.9(M)0.1(édicaments miscellanées)]TJ
ET
/Cs5 CS 0.161 0.145 0.149 SC
0 J 0 j 0.3 w 10 M []0 d
28.35 805.15 m
552.76 805.15 l
S
Q
q
1 i 
35.43 850.5 198.43 -24.09 re
308.74 811.782 m
W* n
-9 851 613 -860 re
0 841 m
W n
0.03 841.02 595.02 -841.02 re
W n
q
2.7718 0 0 -0.3608 0 0 cm
/Cs5 CS 0.502 0.51 0.518 SC
0 J 0 j 0.5 w 10 M []0 d
/GS1 gs
12.655 -2360.21 m
12.655 -2287.903 l
S
0.506 0.514 0.522 SC
13.121 -2360.21 m
13.121 -2287.903 l
S
0.51 0.514 0.525 SC
13.588 -2360.21 m
13.588 -2287.903 l
S
0.51 0.518 0.529 SC
14.054 -2360.21 m
14.054 -2287.903 l
S
0.514 0.522 0.529 SC
14.521 -2360.21 m
14.521 -2287.903 l
S
0.518 0.525 0.533 SC
14.987 -2360.21 m
14.987 -2287.903 l
S
0.518 0.525 0.537 SC
15.454 -2360.21 m
15.454 -2287.903 l
S
0.522 0.529 0.541 SC
15.92 -2360.21 m
15.92 -2287.903 l
S
0.525 0.533 0.541 SC
16.387 -2360.21 m
16.387 -2287.903 l
S
0.529 0.533 0.545 SC
16.853 -2360.21 m
16.853 -2287.903 l
S
0.529 0.537 0.549 SC
17.32 -2360.21 m
17.32 -2287.903 l
S
0.533 0.541 0.553 SC
17.786 -2360.21 m
17.786 -2287.903 l
S
0.537 0.545 0.553 SC
18.253 -2360.21 m
18.253 -2287.903 l
S
0.537 0.545 0.557 SC
18.719 -2360.21 m
18.719 -2287.903 l
S
0.541 0.549 0.561 SC
19.186 -2360.21 m
19.186 -2287.903 l
S
0.545 0.553 0.565 SC
19.652 -2360.21 m
19.652 -2287.903 l
S
0.549 0.557 0.565 SC
20.119 -2360.21 m
20.119 -2287.903 l
S
0.549 0.557 0.569 SC
20.585 -2360.21 m
20.585 -2287.903 l
S
0.553 0.561 0.573 SC
21.052 -2360.21 m
21.052 -2287.903 l
S
0.557 0.565 0.576 SC
21.518 -2360.21 m
21.518 -2287.903 l
S
0.561 0.569 0.576 SC
21.985 -2360.21 m
21.985 -2287.903 l
S
0.561 0.569 0.58 SC
22.451 -2360.21 m
22.451 -2287.903 l
S
0.565 0.573 0.584 SC
22.918 -2360.21 m
22.918 -2287.903 l
S
0.569 0.576 0.588 SC
23.384 -2360.21 m
23.384 -2287.903 l
S
0.573 0.58 0.588 SC
23.851 -2360.21 m
23.851 -2287.903 l
S
0.573 0.58 0.592 SC
24.317 -2360.21 m
24.317 -2287.903 l
S
0.576 0.584 0.596 SC
24.784 -2360.21 m
24.784 -2287.903 l
S
0.58 0.588 0.596 SC
25.25 -2360.21 m
25.25 -2287.903 l
S
0.584 0.592 0.6 SC
25.717 -2360.21 m
25.717 -2287.903 l
S
0.584 0.592 0.604 SC
26.183 -2360.21 m
26.183 -2287.903 l
S
0.588 0.596 0.608 SC
26.65 -2360.21 m
26.65 -2287.903 l
S
0.592 0.6 0.608 SC
27.116 -2360.21 m
27.116 -2287.903 l
S
0.596 0.604 0.612 SC
27.583 -2360.21 m
27.583 -2287.903 l
S
0.596 0.604 0.616 SC
28.049 -2360.21 m
28.049 -2287.903 l
S
0.6 0.608 0.62 SC
28.516 -2360.21 m
28.516 -2287.903 l
S
0.604 0.612 0.624 SC
28.982 -2360.21 m
28.982 -2287.903 l
S
0.608 0.616 0.624 SC
29.449 -2360.21 m
29.449 -2287.903 l
S
0.608 0.616 0.627 SC
29.915 -2360.21 m
29.915 -2287.903 l
S
0.612 0.62 0.631 SC
30.382 -2360.21 m
30.382 -2287.903 l
S
0.616 0.624 0.635 SC
30.848 -2360.21 m
30.848 -2287.903 l
S
0.62 0.627 0.635 SC
31.315 -2360.21 m
31.315 -2287.903 l
S
0.62 0.631 0.639 SC
31.781 -2360.21 m
31.781 -2287.903 l
S
0.624 0.631 0.643 SC
32.248 -2360.21 m
32.248 -2287.903 l
S
0.627 0.635 0.647 SC
32.714 -2360.21 m
32.714 -2287.903 l
S
0.631 0.639 0.647 SC
33.181 -2360.21 m
33.181 -2287.903 l
S
0.635 0.643 0.651 SC
33.647 -2360.21 m
33.647 -2287.903 l
S
0.635 0.643 0.655 SC
34.113 -2360.21 m
34.113 -2287.903 l
S
0.639 0.647 0.659 SC
34.58 -2360.21 m
34.58 -2287.903 l
S
0.643 0.651 0.663 SC
35.046 -2360.21 m
35.046 -2287.903 l
S
0.647 0.655 0.663 SC
35.513 -2360.21 m
35.513 -2287.903 l
S
0.651 0.659 0.667 SC
35.979 -2360.21 m
35.979 -2287.903 l
S
0.651 0.659 0.671 SC
36.446 -2360.21 m
36.446 -2287.903 l
S
0.655 0.663 0.675 SC
36.912 -2360.21 m
36.912 -2287.903 l
S
0.659 0.667 0.678 SC
37.379 -2360.21 m
37.379 -2287.903 l
S
0.663 0.671 0.678 SC
37.845 -2360.21 m
37.845 -2287.903 l
S
0.663 0.675 0.682 SC
38.312 -2360.21 m
38.312 -2287.903 l
S
0.667 0.675 0.686 SC
38.778 -2360.21 m
38.778 -2287.903 l
S
0.671 0.678 0.69 SC
39.245 -2360.21 m
39.245 -2287.903 l
S
0.675 0.682 0.69 SC
39.711 -2360.21 m
39.711 -2287.903 l
S
0.678 0.686 0.694 SC
40.178 -2360.21 m
40.178 -2287.903 l
S
0.682 0.69 0.698 SC
40.644 -2360.21 m
40.644 -2287.903 l
S
0.682 0.69 0.702 SC
41.111 -2360.21 m
41.111 -2287.903 l
S
0.686 0.694 0.706 SC
41.577 -2360.21 m
41.577 -2287.903 l
S
0.69 0.698 0.706 SC
42.044 -2360.21 m
42.044 -2287.903 l
S
0.694 0.702 0.71 SC
42.51 -2360.21 m
42.51 -2287.903 l
S
0.698 0.706 0.714 SC
42.977 -2360.21 m
42.977 -2287.903 l
S
0.698 0.706 0.718 SC
43.443 -2360.21 m
43.443 -2287.903 l
S
0.702 0.71 0.722 SC
43.91 -2360.21 m
43.91 -2287.903 l
S
0.706 0.714 0.722 SC
44.376 -2360.21 m
44.376 -2287.903 l
S
0.71 0.718 0.725 SC
44.843 -2360.21 m
44.843 -2287.903 l
S
0.714 0.722 0.729 SC
45.309 -2360.21 m
45.309 -2287.903 l
S
0.714 0.722 0.733 SC
45.776 -2360.21 m
45.776 -2287.903 l
S
0.718 0.725 0.737 SC
46.242 -2360.21 m
46.242 -2287.903 l
S
0.722 0.729 0.737 SC
46.709 -2360.21 m
46.709 -2287.903 l
S
0.725 0.733 0.741 SC
47.175 -2360.21 m
47.175 -2287.903 l
S
0.729 0.737 0.745 SC
47.642 -2360.21 m
47.642 -2287.903 l
S
0.733 0.741 0.749 SC
48.108 -2360.21 m
48.108 -2287.903 l
S
0.733 0.741 0.753 SC
48.575 -2360.21 m
48.575 -2287.903 l
49.041 -2360.21 m
49.041 -2287.903 l
S
0.737 0.745 0.753 SC
49.508 -2360.21 m
49.508 -2287.903 l
S
0.741 0.749 0.757 SC
49.974 -2360.21 m
49.974 -2287.903 l
S
0.745 0.753 0.761 SC
50.441 -2360.21 m
50.441 -2287.903 l
S
0.749 0.757 0.765 SC
50.907 -2360.21 m
50.907 -2287.903 l
S
0.753 0.761 0.769 SC
51.374 -2360.21 m
51.374 -2287.903 l
51.84 -2360.21 m
51.84 -2287.903 l
S
0.757 0.765 0.773 SC
52.307 -2360.21 m
52.307 -2287.903 l
S
0.761 0.769 0.776 SC
52.773 -2360.21 m
52.773 -2287.903 l
S
0.765 0.773 0.78 SC
53.24 -2360.21 m
53.24 -2287.903 l
S
0.769 0.776 0.784 SC
53.706 -2360.21 m
53.706 -2287.903 l
S
0.773 0.776 0.784 SC
54.173 -2360.21 m
54.173 -2287.903 l
S
0.776 0.78 0.788 SC
54.639 -2360.21 m
54.639 -2287.903 l
S
0.776 0.784 0.792 SC
55.106 -2360.21 m
55.106 -2287.903 l
S
0.78 0.788 0.796 SC
55.572 -2360.21 m
55.572 -2287.903 l
S
0.784 0.792 0.8 SC
56.039 -2360.21 m
56.039 -2287.903 l
S
0.788 0.796 0.8 SC
56.505 -2360.21 m
56.505 -2287.903 l
S
0.792 0.796 0.804 SC
56.972 -2360.21 m
56.972 -2287.903 l
S
0.796 0.8 0.808 SC
57.438 -2360.21 m
57.438 -2287.903 l
S
0.796 0.804 0.812 SC
57.905 -2360.21 m
57.905 -2287.903 l
S
0.8 0.808 0.816 SC
58.371 -2360.21 m
58.371 -2287.903 l
S
0.804 0.812 0.816 SC
58.838 -2360.21 m
58.838 -2287.903 l
S
0.808 0.812 0.82 SC
59.304 -2360.21 m
59.304 -2287.903 l
S
0.812 0.816 0.824 SC
59.771 -2360.21 m
59.771 -2287.903 l
S
0.816 0.82 0.827 SC
60.237 -2360.21 m
60.237 -2287.903 l
S
0.816 0.824 0.831 SC
60.704 -2360.21 m
60.704 -2287.903 l
S
0.82 0.827 0.831 SC
61.17 -2360.21 m
61.17 -2287.903 l
S
0.824 0.831 0.835 SC
61.637 -2360.21 m
61.637 -2287.903 l
S
0.827 0.831 0.839 SC
62.103 -2360.21 m
62.103 -2287.903 l
S
0.831 0.835 0.843 SC
62.57 -2360.21 m
62.57 -2287.903 l
S
0.835 0.839 0.843 SC
63.036 -2360.21 m
63.036 -2287.903 l
S
0.835 0.843 0.847 SC
63.503 -2360.21 m
63.503 -2287.903 l
S
0.839 0.847 0.851 SC
63.969 -2360.21 m
63.969 -2287.903 l
S
0.843 0.847 0.855 SC
64.436 -2360.21 m
64.436 -2287.903 l
S
0.847 0.851 0.859 SC
64.902 -2360.21 m
64.902 -2287.903 l
S
0.851 0.855 0.859 SC
65.369 -2360.21 m
65.369 -2287.903 l
S
0.855 0.859 0.863 SC
65.835 -2360.21 m
65.835 -2287.903 l
S
0.855 0.863 0.867 SC
66.302 -2360.21 m
66.302 -2287.903 l
S
0.859 0.863 0.871 SC
66.768 -2360.21 m
66.768 -2287.903 l
S
0.863 0.867 0.875 SC
67.235 -2360.21 m
67.235 -2287.903 l
S
0.867 0.871 0.875 SC
67.701 -2360.21 m
67.701 -2287.903 l
S
0.871 0.875 0.878 SC
68.168 -2360.21 m
68.168 -2287.903 l
S
0.875 0.878 0.882 SC
68.634 -2360.21 m
68.634 -2287.903 l
S
0.875 0.882 0.886 SC
69.101 -2360.21 m
69.101 -2287.903 l
S
0.878 0.882 0.89 SC
69.567 -2360.21 m
69.567 -2287.903 l
S
0.882 0.886 0.89 SC
70.034 -2360.21 m
70.034 -2287.903 l
S
0.886 0.89 0.894 SC
70.5 -2360.21 m
70.5 -2287.903 l
S
0.89 0.894 0.898 SC
70.967 -2360.21 m
70.967 -2287.903 l
S
0.894 0.898 0.902 SC
71.433 -2360.21 m
71.433 -2287.903 l
S
0.898 0.898 0.902 SC
71.9 -2360.21 m
71.9 -2287.903 l
S
0.898 0.902 0.906 SC
72.366 -2360.21 m
72.366 -2287.903 l
S
0.902 0.906 0.91 SC
72.833 -2360.21 m
72.833 -2287.903 l
S
0.906 0.91 0.914 SC
73.299 -2360.21 m
73.299 -2287.903 l
S
0.91 0.914 0.918 SC
73.766 -2360.21 m
73.766 -2287.903 l
S
0.914 0.918 0.922 SC
74.232 -2360.21 m
74.232 -2287.903 l
S
0.918 0.922 0.922 SC
74.699 -2360.21 m
74.699 -2287.903 l
S
0.922 0.922 0.925 SC
75.165 -2360.21 m
75.165 -2287.903 l
S
0.922 0.925 0.929 SC
75.632 -2360.21 m
75.632 -2287.903 l
S
0.925 0.929 0.933 SC
76.098 -2360.21 m
76.098 -2287.903 l
S
0.929 0.933 0.933 SC
76.565 -2360.21 m
76.565 -2287.903 l
S
0.933 0.937 0.937 SC
77.031 -2360.21 m
77.031 -2287.903 l
S
0.937 0.937 0.941 SC
77.498 -2360.21 m
77.498 -2287.903 l
S
0.941 0.941 0.945 SC
77.964 -2360.21 m
77.964 -2287.903 l
S
0.945 0.945 0.949 SC
78.431 -2360.21 m
78.431 -2287.903 l
S
0.945 0.949 0.949 SC
78.897 -2360.21 m
78.897 -2287.903 l
S
0.949 0.953 0.953 SC
79.364 -2360.21 m
79.364 -2287.903 l
S
0.953 0.957 0.957 SC
79.83 -2360.21 m
79.83 -2287.903 l
S
0.957 0.957 0.961 SC
80.297 -2360.21 m
80.297 -2287.903 l
S
0.961 0.961 0.965 SC
80.763 -2360.21 m
80.763 -2287.903 l
S
0.965 0.965 0.969 SC
81.23 -2360.21 m
81.23 -2287.903 l
S
0.969 0.969 0.969 SC
81.696 -2360.21 m
81.696 -2287.903 l
S
0.973 0.973 0.973 SC
82.163 -2360.21 m
82.163 -2287.903 l
S
0.976 0.976 0.976 SC
82.629 -2360.21 m
82.629 -2287.903 l
S
0.98 0.98 0.984 SC
83.096 -2360.21 m
83.096 -2287.903 l
S
0.988 0.988 0.988 SC
83.562 -2360.21 m
83.562 -2287.903 l
S
0.992 0.992 0.992 SC
84.029 -2360.21 m
84.029 -2287.903 l
S
1 1 1 SC
84.495 -2360.21 m
84.495 -2287.903 l
S
Q
Q
q
1 i 
-9 851 613 -860 re
0 841 m
W n
0.03 841.02 595.02 -841.02 re
W n
/Cs5 cs 0.161 0.145 0.149 sc
/GS1 gs
0.03 841.02 35.4 -6.11 re
f
/Cs5 CS 0.161 0.145 0.149 SC
0 J 0 j 0.3 w 10 M []0 d
28.347 841.076 m
28.347 805.006 l
S
286.3 22.8 22.68 -22.8 re
f
BT
/F1 1 Tf
10 0 0 10 289.2992 7.7671 Tm
1 1 1 sc
-0.0002 Tc
0 Tw
(658)Tj
/F3 1 Tf
7 0 0 7 35.4331 17.5374 Tm
0.161 0.145 0.149 sc
-0.0001 Tc
-0.0306 Tw
[(Swissmedic Jour)-17.9(nal)-1111.9(9/2002)]TJ
/F2 1 Tf
10 0 0 10 85.0394 763.6339 Tm
-0.0336 Tw
[(01)-1044.2(Intralipid 10)-153.1(%, Infusionsemulsion)]TJ
0 -1.2835 TD
[(02)-1044.2(Intralipid 20)-153.1(%, Infusionsemulsion)]TJ
T*
[(03)-1044.2(Intralipid 30)-153.1(%, Infusionsemulsion)]TJ
/F5 1 Tf
0 -1.4174 TD
-0.0306 Tw
(Fresenius Kabi \(Schweiz\) AG, Spichermatt 30, 6370 Stans)Tj
ET
0.4 w 
85.04 715.84 m
552.76 715.84 l
85.04 698.15 m
552.76 698.15 l
S
BT
10 0 0 10 85.0394 703.452 Tm
-0.0002 Tc
0 Tw
[(Zul.-Nr)91.6(.: )]TJ
/F2 1 Tf
3.8771 0 TD
(29413)Tj
/F5 1 Tf
8.8788 0 TD
0 Tc
(V)Tj
0.6301 0 TD
-0.0001 Tc
(erkaufsart: )Tj
/F2 1 Tf
5.3041 0 TD
0 Tc
(B)Tj
/F5 1 Tf
6.8216 0 TD
-0.0001 Tc
-0.0306 Tw
[(Index: 07.01.2.)-9563.5(23.09.2002)]TJ
-25.5118 -2.2428 TD
0 Tw
[(Zusammensetzung:)-921.1(01)]TJ
8.3 0 0 8.3 198.4252 681.0239 Tm
-0.0076 Tw
[(SOJAE OLEUM PURIFICA)73.7(TUM 100)-278.1(g, GL)91.5(YCEROLUM 22)-278.1(g, LECITHINUM PURIFICA)73.7(TUM e VITEL-)]TJ
0 -1.3661 TD
-0.0306 Tw
[(LO OVI 12)-278.1(g, AQUA q.s. ad EMULSIONEM pro 1000)-278.1(mL corresp. 4’600)-278.1(kJ. )]TJ
10 0 0 10 184.252 655.5112 Tm
-0.0002 Tc
0 Tw
(02)Tj
8.3 0 0 8.3 198.4252 655.5112 Tm
-0.0001 Tc
-0.0076 Tw
[(SOJAE OLEUM PURIFICA)73.7(TUM 200)-278.1(g, GL)91.5(YCEROLUM 22)-278.1(g, LECITHINUM PURIFICA)73.7(TUM e VITEL-)]TJ
T*
-0.0306 Tw
[(LO OVI 12)-278.1(g, AQUA q.s. ad EMULSIONEM pro 1000)-278.1(mL corresp. 8’400)-278.1(kJ. )]TJ
10 0 0 10 184.252 629.9986 Tm
-0.0002 Tc
0 Tw
(03)Tj
8.3 0 0 8.3 198.4252 629.9985 Tm
-0.0001 Tc
0.2831 Tw
[(SOJAE OLEUM PURIFICA)73.7(TUM 300)-278.1(g, GL)91.5(YCEROLUM 16.7)-278.1(g, LECITHINUM PURIFICA)73.7(TUM e)]TJ
T*
-0.0306 Tw
[(VITELLO OVI 12)-278.1(g, AQUA q.s. ad EMULSIONEM pro 1000)-278.1(mL corresp. 12’600)-278.1(kJ. )]TJ
10 0 0 10 85.0394 604.486 Tm
[(Anwendung:)-5285.2(Parenterale Ernährung)]TJ
0 -1.4174 TD
[(* Packungen:)-3729.5(01)-305.6(Glasflaschen)]TJ
11.3386 -1.4174 TD
[(061)-4479.6(12 x 100)-567(mL)-12217.5(B)]TJ
T*
[(088)-4479.6(12 x 500)-567(mL)-12217.5(B)]TJ
-1.4173 -1.4174 TD
0 Tw
[(01)-305.6(Infusionsbeutel)]TJ
1.4173 -1.4174 TD
-0.0306 Tw
[(223)-4479.6(10 x 500)-567(mL)-12217.5(B)]TJ
-1.4173 -1.4174 TD
[(01)-305.6(282)-4479.6(10 x 100)-567(mL)-12217.5(B)]TJ
T*
0 Tw
[(02)-305.6(Glasflaschen)]TJ
1.4173 -1.4174 TD
-0.0306 Tw
[(096)-4479.6(12 x 100)-567(mL)-12217.5(B)]TJ
T*
[(118)-4479.6(12 x 250)-567(mL)-12217.5(B)]TJ
T*
[(126)-4479.6(12 x 500)-567(mL)-12217.5(B)]TJ
-1.4173 -1.4174 TD
0 Tw
[(02)-305.6(Infusionsbeutel)]TJ
1.4173 -1.4174 TD
-0.0306 Tw
[(258)-4479.6(10 x 500)-567(mL)-12217.5(B)]TJ
-1.4173 -1.4174 TD
[(02)-305.6(290)-4479.6(10 x 100)-567(mL)-12217.5(B)]TJ
1.4173 -1.4174 TD
[(304)-4479.6(10 x 250)-567(mL)-12217.5(B)]TJ
-1.4173 -1.4174 TD
0 Tw
[(03)-305.6(Glasflaschen)]TJ
1.4173 -1.4174 TD
-0.0306 Tw
[(142)-4479.6(12 x 250)-567(mL)-12217.5(B)]TJ
T*
[(169)-4479.6(12 x 333)-567(mL)-12217.5(B)]TJ
T*
[(185)-4479.6(12 x 500)-567(mL)-12217.5(B)]TJ
T*
[(193)-4479.6(6)0( x 1000)-567(mL)-12217.5(B)]TJ
-1.4173 -1.4174 TD
0 Tw
[(03)-305.6(Infusionsbeutel)]TJ
1.4173 -1.4174 TD
-0.0306 Tw
[(274)-4479.6(10 x 333)-567(mL)-12217.5(B)]TJ
-11.3386 -1.4174 TD
[(* Bemerkung:)-4868.8(Ersetzt die Registrierungsurkunde vom 09.08.1999)]TJ
T*
[(Gültig bis:)-6647.8(31. Dezember 2002)]TJ
ET
85.04 270.08 m
552.76 270.08 l
S
BT
/F2 1 Tf
10 0 0 10 85.0394 234.0831 Tm
-0.0336 Tw
[(01)-1044.2(Irgamid, Augensalbe)]TJ
/F5 1 Tf
T*
-0.0306 Tw
(Novartis Ophthalmics AG, Riethofstrasse 1, 8442 Hettlingen)Tj
ET
85.04 211.96 m
552.76 211.96 l
85.04 194.27 m
552.76 194.27 l
S
BT
10 0 0 10 85.0394 199.5704 Tm
-0.0002 Tc
0 Tw
[(Zul.-Nr)91.6(.: )]TJ
/F2 1 Tf
3.8771 0 TD
(13131)Tj
/F5 1 Tf
8.8788 0 TD
0 Tc
(V)Tj
0.6301 0 TD
-0.0001 Tc
(erkaufsart: )Tj
/F2 1 Tf
5.3041 0 TD
0 Tc
(C)Tj
/F5 1 Tf
6.8216 0 TD
-0.0001 Tc
-0.0306 Tw
[(Index: 11.07.1.)-9563.5(11.09.2002)]TJ
-25.5118 -2.2428 TD
0 Tw
[(Zusammensetzung:)-921.1(01)]TJ
8.3 0 0 8.3 198.4252 177.1423 Tm
0.0935 Tw
[(SULF)36.7(ADICRAMIDUM 150)-278.1(mg, ADEPS LANAE, CONSER)17.7(V)91.5(.: 2-PHENYLETHANOLUM, EXCIPIENS)]TJ
0 -1.3661 TD
-0.0306 Tw
[(ad UNGUENTUM pro 1)-278.1(g)0.1(. )]TJ
10 0 0 10 85.0394 151.6297 Tm
[(Anwendung:)-5285.2(Bakterielle Augeninfektionen)]TJ
0 -1.4174 TD
-0.0002 Tc
0 Tw
[(Packung:)-5699.5(01)-305.7(015)-7697.8(5)-567(g)-12995.5(C)]TJ
T*
-0.0001 Tc
-0.0306 Tw
[(* Gültig bis:)-5844.6(10. September 2007)]TJ
ET
85.04 114.87 m
552.76 114.87 l
S
Q

q
1 i 
-9 851 613 -860 re
0 841 m
W n
0.03 841.02 595.02 -841.02 re
W n
BT
/F4 1 Tf
12.5 0 0 12.5 285.8058 811.7825 Tm
/Cs5 cs 0.161 0.145 0.149 sc
/GS1 gs
-0.0001 Tc
-0.0286 Tw
[(Arzneimittel Statistik)-130(/)-129.9(M)0.1(édicaments miscellanées)]TJ
ET
/Cs5 CS 0.161 0.145 0.149 SC
0 J 0 j 0.3 w 10 M []0 d
42.8 805.15 m
567.2 805.15 l
S
Q
q
1 i 
361.69 850.5 198.43 -24.09 re
560.097 811.782 m
W* n
-9 851 613 -860 re
0 841 m
W n
0.03 841.02 595.02 -841.02 re
W n
q
2.7718 0 0 -0.3608 0 0 cm
/Cs5 CS 1 1 1 SC
0 J 0 j 0.5 w 10 M []0 d
/GS1 gs
130.36 -2360.21 m
130.36 -2287.903 l
S
0.992 0.992 0.992 SC
130.827 -2360.21 m
130.827 -2287.903 l
S
0.988 0.988 0.988 SC
131.293 -2360.21 m
131.293 -2287.903 l
S
0.98 0.98 0.984 SC
131.76 -2360.21 m
131.76 -2287.903 l
S
0.976 0.976 0.976 SC
132.226 -2360.21 m
132.226 -2287.903 l
S
0.973 0.973 0.973 SC
132.693 -2360.21 m
132.693 -2287.903 l
S
0.969 0.969 0.969 SC
133.159 -2360.21 m
133.159 -2287.903 l
S
0.965 0.965 0.969 SC
133.626 -2360.21 m
133.626 -2287.903 l
S
0.961 0.961 0.965 SC
134.092 -2360.21 m
134.092 -2287.903 l
S
0.957 0.957 0.961 SC
134.559 -2360.21 m
134.559 -2287.903 l
S
0.953 0.957 0.957 SC
135.025 -2360.21 m
135.025 -2287.903 l
S
0.949 0.953 0.953 SC
135.492 -2360.21 m
135.492 -2287.903 l
S
0.945 0.949 0.949 SC
135.958 -2360.21 m
135.958 -2287.903 l
S
0.945 0.945 0.949 SC
136.425 -2360.21 m
136.425 -2287.903 l
S
0.941 0.941 0.945 SC
136.891 -2360.21 m
136.891 -2287.903 l
S
0.937 0.937 0.941 SC
137.358 -2360.21 m
137.358 -2287.903 l
S
0.933 0.937 0.937 SC
137.824 -2360.21 m
137.824 -2287.903 l
S
0.929 0.933 0.933 SC
138.291 -2360.21 m
138.291 -2287.903 l
S
0.925 0.929 0.933 SC
138.757 -2360.21 m
138.757 -2287.903 l
S
0.922 0.925 0.929 SC
139.224 -2360.21 m
139.224 -2287.903 l
S
0.922 0.922 0.925 SC
139.69 -2360.21 m
139.69 -2287.903 l
S
0.918 0.922 0.922 SC
140.157 -2360.21 m
140.157 -2287.903 l
S
0.914 0.918 0.922 SC
140.623 -2360.21 m
140.623 -2287.903 l
S
0.91 0.914 0.918 SC
141.09 -2360.21 m
141.09 -2287.903 l
S
0.906 0.91 0.914 SC
141.556 -2360.21 m
141.556 -2287.903 l
S
0.902 0.906 0.91 SC
142.023 -2360.21 m
142.023 -2287.903 l
S
0.898 0.902 0.906 SC
142.489 -2360.21 m
142.489 -2287.903 l
S
0.898 0.898 0.902 SC
142.956 -2360.21 m
142.956 -2287.903 l
S
0.894 0.898 0.902 SC
143.422 -2360.21 m
143.422 -2287.903 l
S
0.89 0.894 0.898 SC
143.889 -2360.21 m
143.889 -2287.903 l
S
0.886 0.89 0.894 SC
144.355 -2360.21 m
144.355 -2287.903 l
S
0.882 0.886 0.89 SC
144.822 -2360.21 m
144.822 -2287.903 l
S
0.878 0.882 0.89 SC
145.288 -2360.21 m
145.288 -2287.903 l
S
0.875 0.882 0.886 SC
145.755 -2360.21 m
145.755 -2287.903 l
S
0.875 0.878 0.882 SC
146.221 -2360.21 m
146.221 -2287.903 l
S
0.871 0.875 0.878 SC
146.688 -2360.21 m
146.688 -2287.903 l
S
0.867 0.871 0.875 SC
147.154 -2360.21 m
147.154 -2287.903 l
S
0.863 0.867 0.875 SC
147.621 -2360.21 m
147.621 -2287.903 l
S
0.859 0.863 0.871 SC
148.087 -2360.21 m
148.087 -2287.903 l
S
0.855 0.863 0.867 SC
148.554 -2360.21 m
148.554 -2287.903 l
S
0.855 0.859 0.863 SC
149.02 -2360.21 m
149.02 -2287.903 l
S
0.851 0.855 0.859 SC
149.487 -2360.21 m
149.487 -2287.903 l
S
0.847 0.851 0.859 SC
149.953 -2360.21 m
149.953 -2287.903 l
S
0.843 0.847 0.855 SC
150.42 -2360.21 m
150.42 -2287.903 l
S
0.839 0.847 0.851 SC
150.886 -2360.21 m
150.886 -2287.903 l
S
0.835 0.843 0.847 SC
151.353 -2360.21 m
151.353 -2287.903 l
S
0.835 0.839 0.843 SC
151.819 -2360.21 m
151.819 -2287.903 l
S
0.831 0.835 0.843 SC
152.286 -2360.21 m
152.286 -2287.903 l
S
0.827 0.831 0.839 SC
152.752 -2360.21 m
152.752 -2287.903 l
S
0.824 0.831 0.835 SC
153.219 -2360.21 m
153.219 -2287.903 l
S
0.82 0.827 0.831 SC
153.685 -2360.21 m
153.685 -2287.903 l
S
0.816 0.824 0.831 SC
154.152 -2360.21 m
154.152 -2287.903 l
S
0.816 0.82 0.827 SC
154.618 -2360.21 m
154.618 -2287.903 l
S
0.812 0.816 0.824 SC
155.085 -2360.21 m
155.085 -2287.903 l
S
0.808 0.812 0.82 SC
155.551 -2360.21 m
155.551 -2287.903 l
S
0.804 0.812 0.816 SC
156.018 -2360.21 m
156.018 -2287.903 l
S
0.8 0.808 0.816 SC
156.484 -2360.21 m
156.484 -2287.903 l
S
0.796 0.804 0.812 SC
156.951 -2360.21 m
156.951 -2287.903 l
S
0.796 0.8 0.808 SC
157.417 -2360.21 m
157.417 -2287.903 l
S
0.792 0.796 0.804 SC
157.884 -2360.21 m
157.884 -2287.903 l
S
0.788 0.796 0.8 SC
158.35 -2360.21 m
158.35 -2287.903 l
S
0.784 0.792 0.8 SC
158.817 -2360.21 m
158.817 -2287.903 l
S
0.78 0.788 0.796 SC
159.283 -2360.21 m
159.283 -2287.903 l
S
0.776 0.784 0.792 SC
159.75 -2360.21 m
159.75 -2287.903 l
S
0.776 0.78 0.788 SC
160.216 -2360.21 m
160.216 -2287.903 l
S
0.773 0.776 0.784 SC
160.683 -2360.21 m
160.683 -2287.903 l
S
0.769 0.776 0.784 SC
161.149 -2360.21 m
161.149 -2287.903 l
S
0.765 0.773 0.78 SC
161.616 -2360.21 m
161.616 -2287.903 l
S
0.761 0.769 0.776 SC
162.082 -2360.21 m
162.082 -2287.903 l
S
0.757 0.765 0.773 SC
162.549 -2360.21 m
162.549 -2287.903 l
S
0.753 0.761 0.769 SC
163.015 -2360.21 m
163.015 -2287.903 l
163.482 -2360.21 m
163.482 -2287.903 l
S
0.749 0.757 0.765 SC
163.948 -2360.21 m
163.948 -2287.903 l
S
0.745 0.753 0.761 SC
164.415 -2360.21 m
164.415 -2287.903 l
S
0.741 0.749 0.757 SC
164.881 -2360.21 m
164.881 -2287.903 l
S
0.737 0.745 0.753 SC
165.348 -2360.21 m
165.348 -2287.903 l
S
0.733 0.741 0.753 SC
165.814 -2360.21 m
165.814 -2287.903 l
S
0.733 0.741 0.749 SC
166.281 -2360.21 m
166.281 -2287.903 l
166.747 -2360.21 m
166.747 -2287.903 l
S
0.729 0.737 0.745 SC
167.214 -2360.21 m
167.214 -2287.903 l
S
0.725 0.733 0.741 SC
167.68 -2360.21 m
167.68 -2287.903 l
S
0.722 0.729 0.737 SC
168.147 -2360.21 m
168.147 -2287.903 l
S
0.718 0.725 0.737 SC
168.613 -2360.21 m
168.613 -2287.903 l
S
0.714 0.722 0.733 SC
169.08 -2360.21 m
169.08 -2287.903 l
S
0.714 0.722 0.729 SC
169.546 -2360.21 m
169.546 -2287.903 l
S
0.71 0.718 0.725 SC
170.013 -2360.21 m
170.013 -2287.903 l
S
0.706 0.714 0.722 SC
170.479 -2360.21 m
170.479 -2287.903 l
S
0.702 0.71 0.722 SC
170.946 -2360.21 m
170.946 -2287.903 l
S
0.698 0.706 0.718 SC
171.412 -2360.21 m
171.412 -2287.903 l
S
0.698 0.706 0.714 SC
171.879 -2360.21 m
171.879 -2287.903 l
S
0.694 0.702 0.71 SC
172.345 -2360.21 m
172.345 -2287.903 l
S
0.69 0.698 0.706 SC
172.812 -2360.21 m
172.812 -2287.903 l
S
0.686 0.694 0.706 SC
173.278 -2360.21 m
173.278 -2287.903 l
S
0.682 0.69 0.702 SC
173.745 -2360.21 m
173.745 -2287.903 l
S
0.682 0.69 0.698 SC
174.211 -2360.21 m
174.211 -2287.903 l
S
0.678 0.686 0.694 SC
174.678 -2360.21 m
174.678 -2287.903 l
S
0.675 0.682 0.69 SC
175.144 -2360.21 m
175.144 -2287.903 l
S
0.671 0.678 0.69 SC
175.611 -2360.21 m
175.611 -2287.903 l
S
0.667 0.675 0.686 SC
176.077 -2360.21 m
176.077 -2287.903 l
S
0.663 0.675 0.682 SC
176.544 -2360.21 m
176.544 -2287.903 l
S
0.663 0.671 0.678 SC
177.01 -2360.21 m
177.01 -2287.903 l
S
0.659 0.667 0.678 SC
177.477 -2360.21 m
177.477 -2287.903 l
S
0.655 0.663 0.675 SC
177.943 -2360.21 m
177.943 -2287.903 l
S
0.651 0.659 0.671 SC
178.41 -2360.21 m
178.41 -2287.903 l
S
0.651 0.659 0.667 SC
178.876 -2360.21 m
178.876 -2287.903 l
S
0.647 0.655 0.663 SC
179.343 -2360.21 m
179.343 -2287.903 l
S
0.643 0.651 0.663 SC
179.809 -2360.21 m
179.809 -2287.903 l
S
0.639 0.647 0.659 SC
180.276 -2360.21 m
180.276 -2287.903 l
S
0.635 0.643 0.655 SC
180.742 -2360.21 m
180.742 -2287.903 l
S
0.635 0.643 0.651 SC
181.209 -2360.21 m
181.209 -2287.903 l
S
0.631 0.639 0.647 SC
181.675 -2360.21 m
181.675 -2287.903 l
S
0.627 0.635 0.647 SC
182.142 -2360.21 m
182.142 -2287.903 l
S
0.624 0.631 0.643 SC
182.608 -2360.21 m
182.608 -2287.903 l
S
0.62 0.631 0.639 SC
183.075 -2360.21 m
183.075 -2287.903 l
S
0.62 0.627 0.635 SC
183.541 -2360.21 m
183.541 -2287.903 l
S
0.616 0.624 0.635 SC
184.008 -2360.21 m
184.008 -2287.903 l
S
0.612 0.62 0.631 SC
184.474 -2360.21 m
184.474 -2287.903 l
S
0.608 0.616 0.627 SC
184.941 -2360.21 m
184.941 -2287.903 l
S
0.608 0.616 0.624 SC
185.407 -2360.21 m
185.407 -2287.903 l
S
0.604 0.612 0.624 SC
185.874 -2360.21 m
185.874 -2287.903 l
S
0.6 0.608 0.62 SC
186.34 -2360.21 m
186.34 -2287.903 l
S
0.596 0.604 0.616 SC
186.806 -2360.21 m
186.806 -2287.903 l
S
0.596 0.604 0.612 SC
187.273 -2360.21 m
187.273 -2287.903 l
S
0.592 0.6 0.608 SC
187.739 -2360.21 m
187.739 -2287.903 l
S
0.588 0.596 0.608 SC
188.206 -2360.21 m
188.206 -2287.903 l
S
0.584 0.592 0.604 SC
188.672 -2360.21 m
188.672 -2287.903 l
S
0.584 0.592 0.6 SC
189.139 -2360.21 m
189.139 -2287.903 l
S
0.58 0.588 0.596 SC
189.605 -2360.21 m
189.605 -2287.903 l
S
0.576 0.584 0.596 SC
190.072 -2360.21 m
190.072 -2287.903 l
S
0.573 0.58 0.592 SC
190.538 -2360.21 m
190.538 -2287.903 l
S
0.573 0.58 0.588 SC
191.005 -2360.21 m
191.005 -2287.903 l
S
0.569 0.576 0.588 SC
191.471 -2360.21 m
191.471 -2287.903 l
S
0.565 0.573 0.584 SC
191.938 -2360.21 m
191.938 -2287.903 l
S
0.561 0.569 0.58 SC
192.404 -2360.21 m
192.404 -2287.903 l
S
0.561 0.569 0.576 SC
192.871 -2360.21 m
192.871 -2287.903 l
S
0.557 0.565 0.576 SC
193.337 -2360.21 m
193.337 -2287.903 l
S
0.553 0.561 0.573 SC
193.804 -2360.21 m
193.804 -2287.903 l
S
0.549 0.557 0.569 SC
194.27 -2360.21 m
194.27 -2287.903 l
S
0.549 0.557 0.565 SC
194.737 -2360.21 m
194.737 -2287.903 l
S
0.545 0.553 0.565 SC
195.203 -2360.21 m
195.203 -2287.903 l
S
0.541 0.549 0.561 SC
195.67 -2360.21 m
195.67 -2287.903 l
S
0.537 0.545 0.557 SC
196.136 -2360.21 m
196.136 -2287.903 l
S
0.537 0.545 0.553 SC
196.603 -2360.21 m
196.603 -2287.903 l
S
0.533 0.541 0.553 SC
197.069 -2360.21 m
197.069 -2287.903 l
S
0.529 0.537 0.549 SC
197.536 -2360.21 m
197.536 -2287.903 l
S
0.529 0.533 0.545 SC
198.002 -2360.21 m
198.002 -2287.903 l
S
0.525 0.533 0.541 SC
198.469 -2360.21 m
198.469 -2287.903 l
S
0.522 0.529 0.541 SC
198.935 -2360.21 m
198.935 -2287.903 l
S
0.518 0.525 0.537 SC
199.402 -2360.21 m
199.402 -2287.903 l
S
0.518 0.525 0.533 SC
199.868 -2360.21 m
199.868 -2287.903 l
S
0.514 0.522 0.529 SC
200.335 -2360.21 m
200.335 -2287.903 l
S
0.51 0.518 0.529 SC
200.801 -2360.21 m
200.801 -2287.903 l
S
0.51 0.514 0.525 SC
201.268 -2360.21 m
201.268 -2287.903 l
S
0.506 0.514 0.522 SC
201.734 -2360.21 m
201.734 -2287.903 l
S
0.502 0.51 0.518 SC
202.201 -2360.21 m
202.201 -2287.903 l
S
Q
Q
q
1 i 
-9 851 613 -860 re
0 841 m
W n
0.03 841.02 595.02 -841.02 re
W n
/Cs5 cs 0.161 0.145 0.149 sc
/GS1 gs
560.12 841.02 34.93 -6.11 re
f
/Cs5 CS 0.161 0.145 0.149 SC
0 J 0 j 0.3 w 10 M []0 d
567.202 840.678 m
567.202 804.948 l
S
286.57 22.8 22.68 -22.8 re
f
BT
/F1 1 Tf
10 0 0 10 289.5747 7.7671 Tm
1 1 1 sc
-0.0002 Tc
0 Tw
(659)Tj
/F3 1 Tf
7 0 0 7 473.8676 17.5374 Tm
0.161 0.145 0.149 sc
-0.0001 Tc
-0.0306 Tw
[(Swissmedic Jour)-17.9(nal)-1111.9(9/2002)]TJ
/F2 1 Tf
10 0 0 10 42.7953 763.6339 Tm
-0.0336 Tw
[(01)-1044.2(Isocolan Giuliani, granulé)]TJ
/F5 1 Tf
0 -1.4174 TD
-0.0306 Tw
[(* Sanofi-Synthélabo \(Suisse\) SA, 11, rue de V)36.7(eyrot, 1217 Meyrin)]TJ
ET
0.4 w 
42.8 741.51 m
510.51 741.51 l
42.8 723.82 m
510.51 723.82 l
S
BT
10 0 0 10 42.7953 729.1213 Tm
-0.0002 Tc
0 Tw
[(N°)-247.4(AMM: )]TJ
/F2 1 Tf
4.5038 0 TD
(51163)Tj
/F5 1 Tf
8.2521 0 TD
-0.0001 Tc
-0.0306 Tw
(Mode de vente: )Tj
/F2 1 Tf
7.5194 0 TD
0 Tc
0 Tw
(B)Tj
/F5 1 Tf
5.2365 0 TD
-0.0001 Tc
-0.0306 Tw
[(Index: 04.08.11)-9285.4(01.09.2002)]TJ
-25.5118 -2.2428 TD
-0.0002 Tc
0 Tw
[(Composition:)-3756.2(01)]TJ
8.3 0 0 8.3 156.1811 706.6931 Tm
-0.0001 Tc
-0.0707 Tw
[(MACROGOLUM 4000 29.5)-278.1(g, NA)73.7(TRII SULF)36.7(AS ANHYDRICUS 2.8)-278.1(g, NA)73.7(TRII HYDROGENOCARBO-)]TJ
0 -1.3661 TD
-0.001 Tw
[(NAS 843)-278.1(mg, NA)73.7(TRII CHLORIDUM 733)-278.1(mg, KALII CHLORIDUM 371)-278.1(mg, CYCLAMAS, SACCHA-)]TJ
T*
-0.0306 Tw
[(RINUM, AROMA)73.7(TICA, EXCIPIENS ad GRANULA)73.7(TUM pro CHAR)17.7(T)54.8(A)0.1(.)]TJ
10 0 0 10 42.7953 669.8415 Tm
[(Indication:)-6395.3(Solution d’electrolytes et de polyéthylèneglycol pour le lavage du colon)]TJ
0 -1.4174 TD
0 Tw
[(Conditionnements:)-1033.7(01)-305.6(028)-7697.7(2)-566.9(sachets)-10273.2(B)]TJ
11.3386 -1.4174 TD
[(036)-7697.7(6)-566.9(sachets)-10273.2(B)]TJ
T*
[(044)-6585.9(1)0.1(20)-567.1(sachets)-10273.2(B)]TJ
-11.3386 -1.4174 TD
-0.0101 Tw
[(* )20.5(Remarques:)-5090.7(Cette attestation d’enregistrement annule celle du 30.03.1999 \(Changement)]TJ
11.3386 -1.1339 TD
-0.0002 Tc
-0.0305 Tw
(de titulaire de l’AMM\))Tj
-11.3386 -1.4174 TD
-0.0488 Tc
0 Tw
(Va)Tj
1.174 0 TD
-0.0001 Tc
-0.0306 Tw
[(lable jusqu’au:)-3417.3(31 décembre 2002)]TJ
ET
42.8 579.22 m
510.51 579.22 l
S
BT
/F2 1 Tf
10 0 0 10 42.7953 543.2249 Tm
-0.0337 Tw
[(01)-1044.2(Kamillex, Salbe)]TJ
/F5 1 Tf
0 -1.4174 TD
-0.0306 Tw
(G. Streuli & Co. AG, Bahnhofstrasse 7, 8730 Uznach)Tj
ET
42.8 521.1 m
510.51 521.1 l
42.8 503.41 m
510.51 503.41 l
S
BT
10 0 0 10 42.7953 508.7123 Tm
-0.0002 Tc
0 Tw
[(Zul.-Nr)91.6(.: )]TJ
/F2 1 Tf
3.8772 0 TD
(48854)Tj
/F5 1 Tf
8.8787 0 TD
0 Tc
(V)Tj
0.6301 0 TD
-0.0001 Tc
(erkaufsart: )Tj
/F2 1 Tf
5.3042 0 TD
0 Tc
(D)Tj
/F5 1 Tf
6.8216 0 TD
-0.0001 Tc
-0.0306 Tw
[(Index: 10.08.0.)-9563.5(30.09.2002)]TJ
-25.5118 -2.2428 TD
0 Tw
[(Zusammensetzung:)-921.1(01)]TJ
8.3 0 0 8.3 156.1811 486.2842 Tm
0.0939 Tw
[(MA)73.7(TRICARIAE EXTRACTUM LIQUIDUM 30)-278.1(mg, GUAIAZULENUM 25)-278.1(ug, ALCOHOLES ADIPIS)]TJ
0 -1.3661 TD
-0.0306 Tw
[(LANAE, EXCIPIENS ad UNGUENTUM pro 1)-278.1(g)0.1(. )]TJ
10 0 0 10 42.7953 460.7716 Tm
[(Anwendung:)-5285.2(Bei kleineren Hautaf)17.7(fektionen)]TJ
0 -1.4174 TD
0 Tw
[(Packungen:)-4532.7(01)-305.6(028)-7141.8(3)0.1(0)-567(g)-12995.4(D)]TJ
11.3386 -1.4174 TD
-0.0002 Tc
[(036)-7141.9(5)0(0)-567.1(g)-12995.5(D)]TJ
-11.3386 -1.4174 TD
-0.0001 Tc
-0.0306 Tw
[(* Gültig bis:)-5844.6(29. September 2007)]TJ
ET
42.8 409.84 m
510.51 409.84 l
S
BT
/F2 1 Tf
10 0 0 10 42.7953 373.8412 Tm
-0.0336 Tw
[(01)-1044.2(Kamillin Medipharm, Konzentrat)]TJ
/F5 1 Tf
T*
-0.0306 Tw
(Iromedica AG, Haggenstrasse 45, 9014 St. Gallen)Tj
ET
42.8 351.72 m
510.51 351.72 l
42.8 334.03 m
510.51 334.03 l
S
BT
10 0 0 10 42.7953 339.3286 Tm
-0.0002 Tc
0 Tw
[(Zul.-Nr)91.6(.: )]TJ
/F2 1 Tf
3.8772 0 TD
(33752)Tj
/F5 1 Tf
8.8787 0 TD
0 Tc
(V)Tj
0.6301 0 TD
-0.0001 Tc
(erkaufsart: )Tj
/F2 1 Tf
5.3042 0 TD
0 Tc
(D)Tj
/F5 1 Tf
6.8216 0 TD
-0.0001 Tc
-0.0306 Tw
[(Index: 10.08.0.)-9563.5(09.09.2002)]TJ
-25.5118 -2.2428 TD
0 Tw
[(Zusammensetzung:)-921.1(01)]TJ
8.3 0 0 8.3 156.1811 316.9005 Tm
0.2426 Tw
[(MA)73.7(TRICARIAE EXTRACTUM ETHANOLICUM LIQUIDUM corresp. MA)73.7(TRICARIAE AETHERO-)]TJ
0 -1.3661 TD
-0.1085 Tw
[(LEUM 1.7)-278.1(mg corresp. LEVOMENOLUM O.5)-278.1(mg et ETHER EN-IN-DICYCLICUS 0.2)-278.1(mg, EXCIPIENS)]TJ
T*
-0.0306 Tw
[(ad SOLUTIONEM pro 1)-278.1(mL corresp. 30 GUTT)54.7(AE corresp. ETHANOLUM 48)-139.1(% V/V)91.5(. )]TJ
10 0 0 10 42.7953 280.0489 Tm
[(Anwendung:)-5285.2(Bei kleineren Hautaf)17.7(fektionen)]TJ
0 -1.4174 TD
0 Tw
[(Packungen:)-4532.7(01)-305.6(083)-6585.9(1)0.1(00)-567.1(mL)-12217.5(D)]TJ
11.3386 -1.4174 TD
[(105)-7697.7(5)-566.9(Liter)-11494.8(D)]TJ
T*
[(121)-6585.9(5)0.1(00)-567.1(mL)-12217.5(D)]TJ
-11.3386 -1.4174 TD
-0.0306 Tw
[(Bemerkungen:)-4505.2(V)36.8(erlängerung der Zulassungsbescheinigung)]TJ
11.3386 -1.4174 TD
(Ersetzt die Registrierungsurkunde vom 22.10.2001)Tj
-11.3386 -1.4174 TD
[(* Gültig bis:)-5844.6(08. September 2007)]TJ
ET
42.8 186.59 m
510.51 186.59 l
S
Q

q
1 i 
-9 851 613 -860 re
0 841 m
W n
0.03 841.02 595.02 -841.02 re
W n
BT
/F4 1 Tf
12.5 0 0 12.5 34.4488 811.7822 Tm
/Cs5 cs 0.161 0.145 0.149 sc
/GS1 gs
-0.0001 Tc
-0.0286 Tw
[(Arzneimittel Statistik)-130(/)-129.9(M)0.1(édicaments miscellanées)]TJ
ET
/Cs5 CS 0.161 0.145 0.149 SC
0 J 0 j 0.3 w 10 M []0 d
28.35 805.15 m
552.76 805.15 l
S
Q
q
1 i 
35.43 850.5 198.43 -24.09 re
308.74 811.782 m
W* n
-9 851 613 -860 re
0 841 m
W n
0.03 841.02 595.02 -841.02 re
W n
q
2.7718 0 0 -0.3608 0 0 cm
/Cs5 CS 0.502 0.51 0.518 SC
0 J 0 j 0.5 w 10 M []0 d
/GS1 gs
12.655 -2360.21 m
12.655 -2287.903 l
S
0.506 0.514 0.522 SC
13.121 -2360.21 m
13.121 -2287.903 l
S
0.51 0.514 0.525 SC
13.588 -2360.21 m
13.588 -2287.903 l
S
0.51 0.518 0.529 SC
14.054 -2360.21 m
14.054 -2287.903 l
S
0.514 0.522 0.529 SC
14.521 -2360.21 m
14.521 -2287.903 l
S
0.518 0.525 0.533 SC
14.987 -2360.21 m
14.987 -2287.903 l
S
0.518 0.525 0.537 SC
15.454 -2360.21 m
15.454 -2287.903 l
S
0.522 0.529 0.541 SC
15.92 -2360.21 m
15.92 -2287.903 l
S
0.525 0.533 0.541 SC
16.387 -2360.21 m
16.387 -2287.903 l
S
0.529 0.533 0.545 SC
16.853 -2360.21 m
16.853 -2287.903 l
S
0.529 0.537 0.549 SC
17.32 -2360.21 m
17.32 -2287.903 l
S
0.533 0.541 0.553 SC
17.786 -2360.21 m
17.786 -2287.903 l
S
0.537 0.545 0.553 SC
18.253 -2360.21 m
18.253 -2287.903 l
S
0.537 0.545 0.557 SC
18.719 -2360.21 m
18.719 -2287.903 l
S
0.541 0.549 0.561 SC
19.186 -2360.21 m
19.186 -2287.903 l
S
0.545 0.553 0.565 SC
19.652 -2360.21 m
19.652 -2287.903 l
S
0.549 0.557 0.565 SC
20.119 -2360.21 m
20.119 -2287.903 l
S
0.549 0.557 0.569 SC
20.585 -2360.21 m
20.585 -2287.903 l
S
0.553 0.561 0.573 SC
21.052 -2360.21 m
21.052 -2287.903 l
S
0.557 0.565 0.576 SC
21.518 -2360.21 m
21.518 -2287.903 l
S
0.561 0.569 0.576 SC
21.985 -2360.21 m
21.985 -2287.903 l
S
0.561 0.569 0.58 SC
22.451 -2360.21 m
22.451 -2287.903 l
S
0.565 0.573 0.584 SC
22.918 -2360.21 m
22.918 -2287.903 l
S
0.569 0.576 0.588 SC
23.384 -2360.21 m
23.384 -2287.903 l
S
0.573 0.58 0.588 SC
23.851 -2360.21 m
23.851 -2287.903 l
S
0.573 0.58 0.592 SC
24.317 -2360.21 m
24.317 -2287.903 l
S
0.576 0.584 0.596 SC
24.784 -2360.21 m
24.784 -2287.903 l
S
0.58 0.588 0.596 SC
25.25 -2360.21 m
25.25 -2287.903 l
S
0.584 0.592 0.6 SC
25.717 -2360.21 m
25.717 -2287.903 l
S
0.584 0.592 0.604 SC
26.183 -2360.21 m
26.183 -2287.903 l
S
0.588 0.596 0.608 SC
26.65 -2360.21 m
26.65 -2287.903 l
S
0.592 0.6 0.608 SC
27.116 -2360.21 m
27.116 -2287.903 l
S
0.596 0.604 0.612 SC
27.583 -2360.21 m
27.583 -2287.903 l
S
0.596 0.604 0.616 SC
28.049 -2360.21 m
28.049 -2287.903 l
S
0.6 0.608 0.62 SC
28.516 -2360.21 m
28.516 -2287.903 l
S
0.604 0.612 0.624 SC
28.982 -2360.21 m
28.982 -2287.903 l
S
0.608 0.616 0.624 SC
29.449 -2360.21 m
29.449 -2287.903 l
S
0.608 0.616 0.627 SC
29.915 -2360.21 m
29.915 -2287.903 l
S
0.612 0.62 0.631 SC
30.382 -2360.21 m
30.382 -2287.903 l
S
0.616 0.624 0.635 SC
30.848 -2360.21 m
30.848 -2287.903 l
S
0.62 0.627 0.635 SC
31.315 -2360.21 m
31.315 -2287.903 l
S
0.62 0.631 0.639 SC
31.781 -2360.21 m
31.781 -2287.903 l
S
0.624 0.631 0.643 SC
32.248 -2360.21 m
32.248 -2287.903 l
S
0.627 0.635 0.647 SC
32.714 -2360.21 m
32.714 -2287.903 l
S
0.631 0.639 0.647 SC
33.181 -2360.21 m
33.181 -2287.903 l
S
0.635 0.643 0.651 SC
33.647 -2360.21 m
33.647 -2287.903 l
S
0.635 0.643 0.655 SC
34.113 -2360.21 m
34.113 -2287.903 l
S
0.639 0.647 0.659 SC
34.58 -2360.21 m
34.58 -2287.903 l
S
0.643 0.651 0.663 SC
35.046 -2360.21 m
35.046 -2287.903 l
S
0.647 0.655 0.663 SC
35.513 -2360.21 m
35.513 -2287.903 l
S
0.651 0.659 0.667 SC
35.979 -2360.21 m
35.979 -2287.903 l
S
0.651 0.659 0.671 SC
36.446 -2360.21 m
36.446 -2287.903 l
S
0.655 0.663 0.675 SC
36.912 -2360.21 m
36.912 -2287.903 l
S
0.659 0.667 0.678 SC
37.379 -2360.21 m
37.379 -2287.903 l
S
0.663 0.671 0.678 SC
37.845 -2360.21 m
37.845 -2287.903 l
S
0.663 0.675 0.682 SC
38.312 -2360.21 m
38.312 -2287.903 l
S
0.667 0.675 0.686 SC
38.778 -2360.21 m
38.778 -2287.903 l
S
0.671 0.678 0.69 SC
39.245 -2360.21 m
39.245 -2287.903 l
S
0.675 0.682 0.69 SC
39.711 -2360.21 m
39.711 -2287.903 l
S
0.678 0.686 0.694 SC
40.178 -2360.21 m
40.178 -2287.903 l
S
0.682 0.69 0.698 SC
40.644 -2360.21 m
40.644 -2287.903 l
S
0.682 0.69 0.702 SC
41.111 -2360.21 m
41.111 -2287.903 l
S
0.686 0.694 0.706 SC
41.577 -2360.21 m
41.577 -2287.903 l
S
0.69 0.698 0.706 SC
42.044 -2360.21 m
42.044 -2287.903 l
S
0.694 0.702 0.71 SC
42.51 -2360.21 m
42.51 -2287.903 l
S
0.698 0.706 0.714 SC
42.977 -2360.21 m
42.977 -2287.903 l
S
0.698 0.706 0.718 SC
43.443 -2360.21 m
43.443 -2287.903 l
S
0.702 0.71 0.722 SC
43.91 -2360.21 m
43.91 -2287.903 l
S
0.706 0.714 0.722 SC
44.376 -2360.21 m
44.376 -2287.903 l
S
0.71 0.718 0.725 SC
44.843 -2360.21 m
44.843 -2287.903 l
S
0.714 0.722 0.729 SC
45.309 -2360.21 m
45.309 -2287.903 l
S
0.714 0.722 0.733 SC
45.776 -2360.21 m
45.776 -2287.903 l
S
0.718 0.725 0.737 SC
46.242 -2360.21 m
46.242 -2287.903 l
S
0.722 0.729 0.737 SC
46.709 -2360.21 m
46.709 -2287.903 l
S
0.725 0.733 0.741 SC
47.175 -2360.21 m
47.175 -2287.903 l
S
0.729 0.737 0.745 SC
47.642 -2360.21 m
47.642 -2287.903 l
S
0.733 0.741 0.749 SC
48.108 -2360.21 m
48.108 -2287.903 l
S
0.733 0.741 0.753 SC
48.575 -2360.21 m
48.575 -2287.903 l
49.041 -2360.21 m
49.041 -2287.903 l
S
0.737 0.745 0.753 SC
49.508 -2360.21 m
49.508 -2287.903 l
S
0.741 0.749 0.757 SC
49.974 -2360.21 m
49.974 -2287.903 l
S
0.745 0.753 0.761 SC
50.441 -2360.21 m
50.441 -2287.903 l
S
0.749 0.757 0.765 SC
50.907 -2360.21 m
50.907 -2287.903 l
S
0.753 0.761 0.769 SC
51.374 -2360.21 m
51.374 -2287.903 l
51.84 -2360.21 m
51.84 -2287.903 l
S
0.757 0.765 0.773 SC
52.307 -2360.21 m
52.307 -2287.903 l
S
0.761 0.769 0.776 SC
52.773 -2360.21 m
52.773 -2287.903 l
S
0.765 0.773 0.78 SC
53.24 -2360.21 m
53.24 -2287.903 l
S
0.769 0.776 0.784 SC
53.706 -2360.21 m
53.706 -2287.903 l
S
0.773 0.776 0.784 SC
54.173 -2360.21 m
54.173 -2287.903 l
S
0.776 0.78 0.788 SC
54.639 -2360.21 m
54.639 -2287.903 l
S
0.776 0.784 0.792 SC
55.106 -2360.21 m
55.106 -2287.903 l
S
0.78 0.788 0.796 SC
55.572 -2360.21 m
55.572 -2287.903 l
S
0.784 0.792 0.8 SC
56.039 -2360.21 m
56.039 -2287.903 l
S
0.788 0.796 0.8 SC
56.505 -2360.21 m
56.505 -2287.903 l
S
0.792 0.796 0.804 SC
56.972 -2360.21 m
56.972 -2287.903 l
S
0.796 0.8 0.808 SC
57.438 -2360.21 m
57.438 -2287.903 l
S
0.796 0.804 0.812 SC
57.905 -2360.21 m
57.905 -2287.903 l
S
0.8 0.808 0.816 SC
58.371 -2360.21 m
58.371 -2287.903 l
S
0.804 0.812 0.816 SC
58.838 -2360.21 m
58.838 -2287.903 l
S
0.808 0.812 0.82 SC
59.304 -2360.21 m
59.304 -2287.903 l
S
0.812 0.816 0.824 SC
59.771 -2360.21 m
59.771 -2287.903 l
S
0.816 0.82 0.827 SC
60.237 -2360.21 m
60.237 -2287.903 l
S
0.816 0.824 0.831 SC
60.704 -2360.21 m
60.704 -2287.903 l
S
0.82 0.827 0.831 SC
61.17 -2360.21 m
61.17 -2287.903 l
S
0.824 0.831 0.835 SC
61.637 -2360.21 m
61.637 -2287.903 l
S
0.827 0.831 0.839 SC
62.103 -2360.21 m
62.103 -2287.903 l
S
0.831 0.835 0.843 SC
62.57 -2360.21 m
62.57 -2287.903 l
S
0.835 0.839 0.843 SC
63.036 -2360.21 m
63.036 -2287.903 l
S
0.835 0.843 0.847 SC
63.503 -2360.21 m
63.503 -2287.903 l
S
0.839 0.847 0.851 SC
63.969 -2360.21 m
63.969 -2287.903 l
S
0.843 0.847 0.855 SC
64.436 -2360.21 m
64.436 -2287.903 l
S
0.847 0.851 0.859 SC
64.902 -2360.21 m
64.902 -2287.903 l
S
0.851 0.855 0.859 SC
65.369 -2360.21 m
65.369 -2287.903 l
S
0.855 0.859 0.863 SC
65.835 -2360.21 m
65.835 -2287.903 l
S
0.855 0.863 0.867 SC
66.302 -2360.21 m
66.302 -2287.903 l
S
0.859 0.863 0.871 SC
66.768 -2360.21 m
66.768 -2287.903 l
S
0.863 0.867 0.875 SC
67.235 -2360.21 m
67.235 -2287.903 l
S
0.867 0.871 0.875 SC
67.701 -2360.21 m
67.701 -2287.903 l
S
0.871 0.875 0.878 SC
68.168 -2360.21 m
68.168 -2287.903 l
S
0.875 0.878 0.882 SC
68.634 -2360.21 m
68.634 -2287.903 l
S
0.875 0.882 0.886 SC
69.101 -2360.21 m
69.101 -2287.903 l
S
0.878 0.882 0.89 SC
69.567 -2360.21 m
69.567 -2287.903 l
S
0.882 0.886 0.89 SC
70.034 -2360.21 m
70.034 -2287.903 l
S
0.886 0.89 0.894 SC
70.5 -2360.21 m
70.5 -2287.903 l
S
0.89 0.894 0.898 SC
70.967 -2360.21 m
70.967 -2287.903 l
S
0.894 0.898 0.902 SC
71.433 -2360.21 m
71.433 -2287.903 l
S
0.898 0.898 0.902 SC
71.9 -2360.21 m
71.9 -2287.903 l
S
0.898 0.902 0.906 SC
72.366 -2360.21 m
72.366 -2287.903 l
S
0.902 0.906 0.91 SC
72.833 -2360.21 m
72.833 -2287.903 l
S
0.906 0.91 0.914 SC
73.299 -2360.21 m
73.299 -2287.903 l
S
0.91 0.914 0.918 SC
73.766 -2360.21 m
73.766 -2287.903 l
S
0.914 0.918 0.922 SC
74.232 -2360.21 m
74.232 -2287.903 l
S
0.918 0.922 0.922 SC
74.699 -2360.21 m
74.699 -2287.903 l
S
0.922 0.922 0.925 SC
75.165 -2360.21 m
75.165 -2287.903 l
S
0.922 0.925 0.929 SC
75.632 -2360.21 m
75.632 -2287.903 l
S
0.925 0.929 0.933 SC
76.098 -2360.21 m
76.098 -2287.903 l
S
0.929 0.933 0.933 SC
76.565 -2360.21 m
76.565 -2287.903 l
S
0.933 0.937 0.937 SC
77.031 -2360.21 m
77.031 -2287.903 l
S
0.937 0.937 0.941 SC
77.498 -2360.21 m
77.498 -2287.903 l
S
0.941 0.941 0.945 SC
77.964 -2360.21 m
77.964 -2287.903 l
S
0.945 0.945 0.949 SC
78.431 -2360.21 m
78.431 -2287.903 l
S
0.945 0.949 0.949 SC
78.897 -2360.21 m
78.897 -2287.903 l
S
0.949 0.953 0.953 SC
79.364 -2360.21 m
79.364 -2287.903 l
S
0.953 0.957 0.957 SC
79.83 -2360.21 m
79.83 -2287.903 l
S
0.957 0.957 0.961 SC
80.297 -2360.21 m
80.297 -2287.903 l
S
0.961 0.961 0.965 SC
80.763 -2360.21 m
80.763 -2287.903 l
S
0.965 0.965 0.969 SC
81.23 -2360.21 m
81.23 -2287.903 l
S
0.969 0.969 0.969 SC
81.696 -2360.21 m
81.696 -2287.903 l
S
0.973 0.973 0.973 SC
82.163 -2360.21 m
82.163 -2287.903 l
S
0.976 0.976 0.976 SC
82.629 -2360.21 m
82.629 -2287.903 l
S
0.98 0.98 0.984 SC
83.096 -2360.21 m
83.096 -2287.903 l
S
0.988 0.988 0.988 SC
83.562 -2360.21 m
83.562 -2287.903 l
S
0.992 0.992 0.992 SC
84.029 -2360.21 m
84.029 -2287.903 l
S
1 1 1 SC
84.495 -2360.21 m
84.495 -2287.903 l
S
Q
Q
q
1 i 
-9 851 613 -860 re
0 841 m
W n
0.03 841.02 595.02 -841.02 re
W n
/Cs5 cs 0.161 0.145 0.149 sc
/GS1 gs
0.03 841.02 35.4 -6.11 re
f
/Cs5 CS 0.161 0.145 0.149 SC
0 J 0 j 0.3 w 10 M []0 d
28.347 841.076 m
28.347 805.006 l
S
286.3 22.8 22.68 -22.8 re
f
BT
/F1 1 Tf
10 0 0 10 289.2992 7.7671 Tm
1 1 1 sc
-0.0002 Tc
0 Tw
(660)Tj
/F3 1 Tf
7 0 0 7 35.4331 17.5374 Tm
0.161 0.145 0.149 sc
-0.0001 Tc
-0.0306 Tw
[(Swissmedic Jour)-17.9(nal)-1111.9(9/2002)]TJ
/F2 1 Tf
10 0 0 10 85.0394 763.6339 Tm
-0.0336 Tw
[(02)-1044.2(Kar)17.7(dégic 300)-306(mg, poudr)17.7(e en sachets)]TJ
0 -1.2835 TD
[(03)-1044.2(Kar)17.7(dégic 100)-306(mg, poudr)17.7(e en sachets)]TJ
/F5 1 Tf
0 -1.4174 TD
-0.0306 Tw
[(* Sanofi-Synthélabo \(Suisse\) SA, 11, rue de V)36.7(eyrot, 1217 Meyrin)]TJ
ET
0.4 w 
85.04 728.68 m
552.76 728.68 l
85.04 710.98 m
552.76 710.98 l
S
BT
10 0 0 10 85.0394 716.2866 Tm
-0.0002 Tc
0 Tw
[(N°)-247.4(AMM: )]TJ
/F2 1 Tf
4.5038 0 TD
(52790)Tj
/F5 1 Tf
8.2521 0 TD
-0.0001 Tc
-0.0306 Tw
(Mode de vente: )Tj
/F2 1 Tf
7.5194 0 TD
0 Tc
0 Tw
(B)Tj
/F5 1 Tf
5.2365 0 TD
-0.0001 Tc
-0.0306 Tw
[(Index: 06.03.2.)-9563.5(01.09.2002)]TJ
-25.5118 -2.2428 TD
-0.0002 Tc
0 Tw
[(Composition:)-3756.2(02)]TJ
8.3 0 0 8.3 198.4252 693.8585 Tm
-0.0001 Tc
0.0723 Tw
[(DL-L)91.5(YSINI ACETYLSALICYLAS 540)-278.1(mg corresp. ACIDUM ACETYLSALICYLICUM 300)-278.1(mg, ARO-)]TJ
0 -1.3661 TD
-0.0306 Tw
[(MA)73.7(TICA, EXCIPIENS ad PUL)73.7(VEREM pro CHAR)17.7(T)54.8(A)0.1(.)]TJ
10 0 0 10 184.252 668.3459 Tm
-0.0002 Tc
0 Tw
(03)Tj
8.3 0 0 8.3 198.4252 668.3459 Tm
-0.0001 Tc
0.0723 Tw
[(DL-L)91.5(YSINI ACETYLSALICYLAS 180)-278.1(mg corresp. ACIDUM ACETYLSALICYLICUM 100)-278.1(mg, ARO-)]TJ
T*
-0.0306 Tw
[(MA)73.7(TICA, EXCIPIENS ad PUL)73.7(VEREM pro CHAR)17.7(T)54.8(A)0.1(.)]TJ
10 0 0 10 85.0394 642.8333 Tm
[(Indication:)-6395.3(Inhibition de l’agrégation plaquettaire)]TJ
0 -1.4174 TD
0 Tw
[(Conditionnements:)-1033.7(02)-305.6(034)-7141.8(3)0.1(0)-567(sachets)-10273.2(B)]TJ
11.3386 -1.4174 TD
[(042)-6585.9(1)0.1(00)-567.1(sachets)-10273.2(B)]TJ
-1.4173 -1.4174 TD
[(03)-305.6(050)-7141.8(3)0.1(0)-567(sachets)-10273.2(B)]TJ
1.4173 -1.4174 TD
[(069)-6585.9(1)0.1(00)-567.1(sachets)-10273.2(B)]TJ
-11.3386 -1.4174 TD
-0.0102 Tw
[(* )20.4(Remarques:)-5090.7(Cette attestation d’enregistrement annule celle du 11.11.1999 \(Changement)]TJ
11.3386 -1.1339 TD
-0.0306 Tw
(de titulaire de l’AMM\))Tj
-11.3386 -1.4174 TD
-0.0488 Tc
0 Tw
(Va)Tj
1.174 0 TD
-0.0001 Tc
-0.0306 Tw
[(lable jusqu’au:)-3417.3(31 décembre 2004)]TJ
ET
85.04 538.04 m
552.76 538.04 l
S
BT
/F2 1 Tf
10 0 0 10 85.0394 502.043 Tm
-0.0336 Tw
[(01)-1044.2(Kestomatine Bébé, granulé)]TJ
/F5 1 Tf
0 -1.4174 TD
-0.0306 Tw
[(* Sanofi-Synthélabo \(Suisse\) SA, 11, rue de V)36.7(eyrot, 1217 Meyrin)]TJ
ET
85.04 479.92 m
552.76 479.92 l
85.04 462.23 m
552.76 462.23 l
S
BT
10 0 0 10 85.0394 467.5304 Tm
-0.0002 Tc
0 Tw
[(N°)-247.4(AMM: )]TJ
/F2 1 Tf
4.5038 0 TD
(30796)Tj
/F5 1 Tf
8.2521 0 TD
-0.0001 Tc
-0.0306 Tw
(Mode de vente: )Tj
/F2 1 Tf
7.5194 0 TD
0 Tc
0 Tw
(D)Tj
/F5 1 Tf
5.2365 0 TD
-0.0001 Tc
-0.0306 Tw
[(Index: 04.04.0.)-9563.5(01.09.2002)]TJ
-25.5118 -2.2428 TD
-0.0002 Tc
0 Tw
[(Composition:)-3756.2(01)]TJ
8.3 0 0 8.3 198.4252 445.1022 Tm
-0.0001 Tc
-0.0987 Tw
[(SIMETHICONUM 100)-278.1(mg, CERA)73.7(TONIAE FRUCTUS PUL)73.7(VIS 500)-278.1(mg, CONSER)17.7(V)91.5(.: E)-278.1(217, E)-278.1(219, SAC-)]TJ
0 -1.3661 TD
-0.0306 Tw
[(CHARUM q.s. ad GRANULA)73.7(TUM pro 1)-278.1(g)0.1(. )]TJ
10 0 0 10 85.0394 419.5897 Tm
[(Indication:)-6395.3(T)74(roubles gastro-intestinaux)]TJ
0 -1.4174 TD
0 Tw
[(Conditionnement:)-1422.6(0)0.1(1)-305.6(0)0(12)-7141.8(50)-567(g)-12995.4(D)]TJ
T*
-0.0102 Tw
[(* )20.4(Remarques:)-5090.7(Cette attestation d’enregistrement annule celle du 04.04.2001 \(Changement)]TJ
11.3386 -1.1339 TD
-0.0306 Tw
(de titulaire de l’AMM\))Tj
-11.3386 -1.4174 TD
-0.0488 Tc
0 Tw
(Va)Tj
1.174 0 TD
-0.0001 Tc
-0.0306 Tw
[(lable jusqu’au:)-3417.3(31 décembre 2003)]TJ
ET
85.04 357.32 m
552.76 357.32 l
S
BT
/F2 1 Tf
10 0 0 10 85.0394 321.3203 Tm
-0.0336 Tw
[(01)-1044.2(Kintavit Giuliani, capsules)]TJ
/F5 1 Tf
0 -1.4174 TD
-0.0306 Tw
[(* Sanofi-Synthélabo \(Suisse\) SA, 11, rue de V)36.7(eyrot, 1217 Meyrin)]TJ
ET
85.04 299.2 m
552.76 299.2 l
85.04 281.51 m
552.76 281.51 l
S
BT
10 0 0 10 85.0394 286.8077 Tm
-0.0002 Tc
0 Tw
[(N°)-247.4(AMM: )]TJ
/F2 1 Tf
4.5038 0 TD
(36329)Tj
/F5 1 Tf
8.2521 0 TD
-0.0001 Tc
-0.0306 Tw
(Mode de vente: )Tj
/F2 1 Tf
7.5194 0 TD
0 Tc
0 Tw
(D)Tj
/F5 1 Tf
5.2365 0 TD
-0.0001 Tc
-0.0306 Tw
[(Index: 07.02.51)-9285.4(01.09.2002)]TJ
-25.5118 -2.2428 TD
-0.0002 Tc
0 Tw
[(Composition:)-3756.2(01)]TJ
8.3 0 0 8.3 198.4252 264.3796 Tm
-0.0001 Tc
-0.0551 Tw
[(VIT)54.7(AMINA: RETINOLI P)36.7(ALMIT)54.7(AS 4’000)-278.1(U.I., CHOLECALCIFEROLUM 400)-278.1(U.I., alfa-TOCOPHERO-)]TJ
0 -1.3661 TD
-0.0054 Tw
[(LI ACET)54.7(AS 2)-278.1(mg, THIAMINI NITRAS 5)-278(mg, RIBOFLA)36.7(VINUM 2.5)-278.1(mg, PYRIDOXINI HYDROCHLO-)]TJ
T*
0.1314 Tw
[(RIDUM 0.5)-278.1(m)0(g, CY)54.7(ANOCOBALAMINUM 1)-278.1(ug, NICOTINAMIDUM 40)-278.1(mg, ACIDUM FOLICUM)]TJ
T*
0.0256 Tw
[(0.2)-278.1(mg, CALCII P)36.7(ANTOTHENAS 4)-278.1(mg, BIOTINUM 20)-278.1(ug, ACIDUM ASCORBICUM 75)-278.1(mg, ALIA:)]TJ
T*
-0.0313 Tw
[(INOSITOLUM 15)-278.1(mg, GINSENG EXTRACTUM 20)-278.1(mg, MINERALIA: MAGNESIUM 3)-278.1(mg, KALIUM)]TJ
T*
0 Tc
0 Tw
(2)Tj
0.8339 0 TD
-0.0001 Tc
0.0255 Tw
[(mg, FERRUM 30)-278.1(mg, CUPRUM 0.45)-278.1(mg, MANGANUM 0.5)-278.1(mg, MOL)91.5(YBDENUM 0.1)-278.1(mg, ZIN-)]TJ
-0.8339 -1.3661 TD
-0.0306 Tw
[(CUM 0.5)-278.1(mg, IODUM 75)-278.1(ug, EXCIPIENS pro CAPSULA.)]TJ
10 0 0 10 85.0394 182.172 Tm
[(Indication:)-6395.3(Préparation à base de vitamines et de minéraux)]TJ
0 -1.4174 TD
0 Tw
[(Conditionnements:)-1033.7(01)-305.6(017)-7141.8(3)0.1(0)-567(capsules)-9773.4(D)]TJ
11.3386 -1.4174 TD
[(025)-6585.9(1)0.1(00)-567.1(capsules)-9773.4(D)]TJ
-11.3386 -1.4174 TD
-0.0102 Tw
[(* )20.4(Remarques:)-5090.7(Cette attestation d’enregistrement annule celle du 08.08.2000 \(Changement)]TJ
11.3386 -1.1339 TD
-0.0306 Tw
(de titulaire de l’AMM\))Tj
-11.3386 -1.4174 TD
-0.0488 Tc
0 Tw
(Va)Tj
1.174 0 TD
-0.0001 Tc
-0.0306 Tw
[(lable jusqu’au:)-3417.3(31 décembre 2005)]TJ
ET
85.04 105.72 m
552.76 105.72 l
S
Q

q
1 i 
-9 851 613 -860 re
0 841 m
W n
0.03 841.02 595.02 -841.02 re
W n
BT
/F4 1 Tf
12.5 0 0 12.5 285.8058 811.7825 Tm
/Cs5 cs 0.161 0.145 0.149 sc
/GS1 gs
-0.0001 Tc
-0.0286 Tw
[(Arzneimittel Statistik)-130(/)-129.9(M)0.1(édicaments miscellanées)]TJ
ET
/Cs5 CS 0.161 0.145 0.149 SC
0 J 0 j 0.3 w 10 M []0 d
42.8 805.15 m
567.2 805.15 l
S
Q
q
1 i 
361.69 850.5 198.43 -24.09 re
560.097 811.782 m
W* n
-9 851 613 -860 re
0 841 m
W n
0.03 841.02 595.02 -841.02 re
W n
q
2.7718 0 0 -0.3608 0 0 cm
/Cs5 CS 1 1 1 SC
0 J 0 j 0.5 w 10 M []0 d
/GS1 gs
130.36 -2360.21 m
130.36 -2287.903 l
S
0.992 0.992 0.992 SC
130.827 -2360.21 m
130.827 -2287.903 l
S
0.988 0.988 0.988 SC
131.293 -2360.21 m
131.293 -2287.903 l
S
0.98 0.98 0.984 SC
131.76 -2360.21 m
131.76 -2287.903 l
S
0.976 0.976 0.976 SC
132.226 -2360.21 m
132.226 -2287.903 l
S
0.973 0.973 0.973 SC
132.693 -2360.21 m
132.693 -2287.903 l
S
0.969 0.969 0.969 SC
133.159 -2360.21 m
133.159 -2287.903 l
S
0.965 0.965 0.969 SC
133.626 -2360.21 m
133.626 -2287.903 l
S
0.961 0.961 0.965 SC
134.092 -2360.21 m
134.092 -2287.903 l
S
0.957 0.957 0.961 SC
134.559 -2360.21 m
134.559 -2287.903 l
S
0.953 0.957 0.957 SC
135.025 -2360.21 m
135.025 -2287.903 l
S
0.949 0.953 0.953 SC
135.492 -2360.21 m
135.492 -2287.903 l
S
0.945 0.949 0.949 SC
135.958 -2360.21 m
135.958 -2287.903 l
S
0.945 0.945 0.949 SC
136.425 -2360.21 m
136.425 -2287.903 l
S
0.941 0.941 0.945 SC
136.891 -2360.21 m
136.891 -2287.903 l
S
0.937 0.937 0.941 SC
137.358 -2360.21 m
137.358 -2287.903 l
S
0.933 0.937 0.937 SC
137.824 -2360.21 m
137.824 -2287.903 l
S
0.929 0.933 0.933 SC
138.291 -2360.21 m
138.291 -2287.903 l
S
0.925 0.929 0.933 SC
138.757 -2360.21 m
138.757 -2287.903 l
S
0.922 0.925 0.929 SC
139.224 -2360.21 m
139.224 -2287.903 l
S
0.922 0.922 0.925 SC
139.69 -2360.21 m
139.69 -2287.903 l
S
0.918 0.922 0.922 SC
140.157 -2360.21 m
140.157 -2287.903 l
S
0.914 0.918 0.922 SC
140.623 -2360.21 m
140.623 -2287.903 l
S
0.91 0.914 0.918 SC
141.09 -2360.21 m
141.09 -2287.903 l
S
0.906 0.91 0.914 SC
141.556 -2360.21 m
141.556 -2287.903 l
S
0.902 0.906 0.91 SC
142.023 -2360.21 m
142.023 -2287.903 l
S
0.898 0.902 0.906 SC
142.489 -2360.21 m
142.489 -2287.903 l
S
0.898 0.898 0.902 SC
142.956 -2360.21 m
142.956 -2287.903 l
S
0.894 0.898 0.902 SC
143.422 -2360.21 m
143.422 -2287.903 l
S
0.89 0.894 0.898 SC
143.889 -2360.21 m
143.889 -2287.903 l
S
0.886 0.89 0.894 SC
144.355 -2360.21 m
144.355 -2287.903 l
S
0.882 0.886 0.89 SC
144.822 -2360.21 m
144.822 -2287.903 l
S
0.878 0.882 0.89 SC
145.288 -2360.21 m
145.288 -2287.903 l
S
0.875 0.882 0.886 SC
145.755 -2360.21 m
145.755 -2287.903 l
S
0.875 0.878 0.882 SC
146.221 -2360.21 m
146.221 -2287.903 l
S
0.871 0.875 0.878 SC
146.688 -2360.21 m
146.688 -2287.903 l
S
0.867 0.871 0.875 SC
147.154 -2360.21 m
147.154 -2287.903 l
S
0.863 0.867 0.875 SC
147.621 -2360.21 m
147.621 -2287.903 l
S
0.859 0.863 0.871 SC
148.087 -2360.21 m
148.087 -2287.903 l
S
0.855 0.863 0.867 SC
148.554 -2360.21 m
148.554 -2287.903 l
S
0.855 0.859 0.863 SC
149.02 -2360.21 m
149.02 -2287.903 l
S
0.851 0.855 0.859 SC
149.487 -2360.21 m
149.487 -2287.903 l
S
0.847 0.851 0.859 SC
149.953 -2360.21 m
149.953 -2287.903 l
S
0.843 0.847 0.855 SC
150.42 -2360.21 m
150.42 -2287.903 l
S
0.839 0.847 0.851 SC
150.886 -2360.21 m
150.886 -2287.903 l
S
0.835 0.843 0.847 SC
151.353 -2360.21 m
151.353 -2287.903 l
S
0.835 0.839 0.843 SC
151.819 -2360.21 m
151.819 -2287.903 l
S
0.831 0.835 0.843 SC
152.286 -2360.21 m
152.286 -2287.903 l
S
0.827 0.831 0.839 SC
152.752 -2360.21 m
152.752 -2287.903 l
S
0.824 0.831 0.835 SC
153.219 -2360.21 m
153.219 -2287.903 l
S
0.82 0.827 0.831 SC
153.685 -2360.21 m
153.685 -2287.903 l
S
0.816 0.824 0.831 SC
154.152 -2360.21 m
154.152 -2287.903 l
S
0.816 0.82 0.827 SC
154.618 -2360.21 m
154.618 -2287.903 l
S
0.812 0.816 0.824 SC
155.085 -2360.21 m
155.085 -2287.903 l
S
0.808 0.812 0.82 SC
155.551 -2360.21 m
155.551 -2287.903 l
S
0.804 0.812 0.816 SC
156.018 -2360.21 m
156.018 -2287.903 l
S
0.8 0.808 0.816 SC
156.484 -2360.21 m
156.484 -2287.903 l
S
0.796 0.804 0.812 SC
156.951 -2360.21 m
156.951 -2287.903 l
S
0.796 0.8 0.808 SC
157.417 -2360.21 m
157.417 -2287.903 l
S
0.792 0.796 0.804 SC
157.884 -2360.21 m
157.884 -2287.903 l
S
0.788 0.796 0.8 SC
158.35 -2360.21 m
158.35 -2287.903 l
S
0.784 0.792 0.8 SC
158.817 -2360.21 m
158.817 -2287.903 l
S
0.78 0.788 0.796 SC
159.283 -2360.21 m
159.283 -2287.903 l
S
0.776 0.784 0.792 SC
159.75 -2360.21 m
159.75 -2287.903 l
S
0.776 0.78 0.788 SC
160.216 -2360.21 m
160.216 -2287.903 l
S
0.773 0.776 0.784 SC
160.683 -2360.21 m
160.683 -2287.903 l
S
0.769 0.776 0.784 SC
161.149 -2360.21 m
161.149 -2287.903 l
S
0.765 0.773 0.78 SC
161.616 -2360.21 m
161.616 -2287.903 l
S
0.761 0.769 0.776 SC
162.082 -2360.21 m
162.082 -2287.903 l
S
0.757 0.765 0.773 SC
162.549 -2360.21 m
162.549 -2287.903 l
S
0.753 0.761 0.769 SC
163.015 -2360.21 m
163.015 -2287.903 l
163.482 -2360.21 m
163.482 -2287.903 l
S
0.749 0.757 0.765 SC
163.948 -2360.21 m
163.948 -2287.903 l
S
0.745 0.753 0.761 SC
164.415 -2360.21 m
164.415 -2287.903 l
S
0.741 0.749 0.757 SC
164.881 -2360.21 m
164.881 -2287.903 l
S
0.737 0.745 0.753 SC
165.348 -2360.21 m
165.348 -2287.903 l
S
0.733 0.741 0.753 SC
165.814 -2360.21 m
165.814 -2287.903 l
S
0.733 0.741 0.749 SC
166.281 -2360.21 m
166.281 -2287.903 l
166.747 -2360.21 m
166.747 -2287.903 l
S
0.729 0.737 0.745 SC
167.214 -2360.21 m
167.214 -2287.903 l
S
0.725 0.733 0.741 SC
167.68 -2360.21 m
167.68 -2287.903 l
S
0.722 0.729 0.737 SC
168.147 -2360.21 m
168.147 -2287.903 l
S
0.718 0.725 0.737 SC
168.613 -2360.21 m
168.613 -2287.903 l
S
0.714 0.722 0.733 SC
169.08 -2360.21 m
169.08 -2287.903 l
S
0.714 0.722 0.729 SC
169.546 -2360.21 m
169.546 -2287.903 l
S
0.71 0.718 0.725 SC
170.013 -2360.21 m
170.013 -2287.903 l
S
0.706 0.714 0.722 SC
170.479 -2360.21 m
170.479 -2287.903 l
S
0.702 0.71 0.722 SC
170.946 -2360.21 m
170.946 -2287.903 l
S
0.698 0.706 0.718 SC
171.412 -2360.21 m
171.412 -2287.903 l
S
0.698 0.706 0.714 SC
171.879 -2360.21 m
171.879 -2287.903 l
S
0.694 0.702 0.71 SC
172.345 -2360.21 m
172.345 -2287.903 l
S
0.69 0.698 0.706 SC
172.812 -2360.21 m
172.812 -2287.903 l
S
0.686 0.694 0.706 SC
173.278 -2360.21 m
173.278 -2287.903 l
S
0.682 0.69 0.702 SC
173.745 -2360.21 m
173.745 -2287.903 l
S
0.682 0.69 0.698 SC
174.211 -2360.21 m
174.211 -2287.903 l
S
0.678 0.686 0.694 SC
174.678 -2360.21 m
174.678 -2287.903 l
S
0.675 0.682 0.69 SC
175.144 -2360.21 m
175.144 -2287.903 l
S
0.671 0.678 0.69 SC
175.611 -2360.21 m
175.611 -2287.903 l
S
0.667 0.675 0.686 SC
176.077 -2360.21 m
176.077 -2287.903 l
S
0.663 0.675 0.682 SC
176.544 -2360.21 m
176.544 -2287.903 l
S
0.663 0.671 0.678 SC
177.01 -2360.21 m
177.01 -2287.903 l
S
0.659 0.667 0.678 SC
177.477 -2360.21 m
177.477 -2287.903 l
S
0.655 0.663 0.675 SC
177.943 -2360.21 m
177.943 -2287.903 l
S
0.651 0.659 0.671 SC
178.41 -2360.21 m
178.41 -2287.903 l
S
0.651 0.659 0.667 SC
178.876 -2360.21 m
178.876 -2287.903 l
S
0.647 0.655 0.663 SC
179.343 -2360.21 m
179.343 -2287.903 l
S
0.643 0.651 0.663 SC
179.809 -2360.21 m
179.809 -2287.903 l
S
0.639 0.647 0.659 SC
180.276 -2360.21 m
180.276 -2287.903 l
S
0.635 0.643 0.655 SC
180.742 -2360.21 m
180.742 -2287.903 l
S
0.635 0.643 0.651 SC
181.209 -2360.21 m
181.209 -2287.903 l
S
0.631 0.639 0.647 SC
181.675 -2360.21 m
181.675 -2287.903 l
S
0.627 0.635 0.647 SC
182.142 -2360.21 m
182.142 -2287.903 l
S
0.624 0.631 0.643 SC
182.608 -2360.21 m
182.608 -2287.903 l
S
0.62 0.631 0.639 SC
183.075 -2360.21 m
183.075 -2287.903 l
S
0.62 0.627 0.635 SC
183.541 -2360.21 m
183.541 -2287.903 l
S
0.616 0.624 0.635 SC
184.008 -2360.21 m
184.008 -2287.903 l
S
0.612 0.62 0.631 SC
184.474 -2360.21 m
184.474 -2287.903 l
S
0.608 0.616 0.627 SC
184.941 -2360.21 m
184.941 -2287.903 l
S
0.608 0.616 0.624 SC
185.407 -2360.21 m
185.407 -2287.903 l
S
0.604 0.612 0.624 SC
185.874 -2360.21 m
185.874 -2287.903 l
S
0.6 0.608 0.62 SC
186.34 -2360.21 m
186.34 -2287.903 l
S
0.596 0.604 0.616 SC
186.806 -2360.21 m
186.806 -2287.903 l
S
0.596 0.604 0.612 SC
187.273 -2360.21 m
187.273 -2287.903 l
S
0.592 0.6 0.608 SC
187.739 -2360.21 m
187.739 -2287.903 l
S
0.588 0.596 0.608 SC
188.206 -2360.21 m
188.206 -2287.903 l
S
0.584 0.592 0.604 SC
188.672 -2360.21 m
188.672 -2287.903 l
S
0.584 0.592 0.6 SC
189.139 -2360.21 m
189.139 -2287.903 l
S
0.58 0.588 0.596 SC
189.605 -2360.21 m
189.605 -2287.903 l
S
0.576 0.584 0.596 SC
190.072 -2360.21 m
190.072 -2287.903 l
S
0.573 0.58 0.592 SC
190.538 -2360.21 m
190.538 -2287.903 l
S
0.573 0.58 0.588 SC
191.005 -2360.21 m
191.005 -2287.903 l
S
0.569 0.576 0.588 SC
191.471 -2360.21 m
191.471 -2287.903 l
S
0.565 0.573 0.584 SC
191.938 -2360.21 m
191.938 -2287.903 l
S
0.561 0.569 0.58 SC
192.404 -2360.21 m
192.404 -2287.903 l
S
0.561 0.569 0.576 SC
192.871 -2360.21 m
192.871 -2287.903 l
S
0.557 0.565 0.576 SC
193.337 -2360.21 m
193.337 -2287.903 l
S
0.553 0.561 0.573 SC
193.804 -2360.21 m
193.804 -2287.903 l
S
0.549 0.557 0.569 SC
194.27 -2360.21 m
194.27 -2287.903 l
S
0.549 0.557 0.565 SC
194.737 -2360.21 m
194.737 -2287.903 l
S
0.545 0.553 0.565 SC
195.203 -2360.21 m
195.203 -2287.903 l
S
0.541 0.549 0.561 SC
195.67 -2360.21 m
195.67 -2287.903 l
S
0.537 0.545 0.557 SC
196.136 -2360.21 m
196.136 -2287.903 l
S
0.537 0.545 0.553 SC
196.603 -2360.21 m
196.603 -2287.903 l
S
0.533 0.541 0.553 SC
197.069 -2360.21 m
197.069 -2287.903 l
S
0.529 0.537 0.549 SC
197.536 -2360.21 m
197.536 -2287.903 l
S
0.529 0.533 0.545 SC
198.002 -2360.21 m
198.002 -2287.903 l
S
0.525 0.533 0.541 SC
198.469 -2360.21 m
198.469 -2287.903 l
S
0.522 0.529 0.541 SC
198.935 -2360.21 m
198.935 -2287.903 l
S
0.518 0.525 0.537 SC
199.402 -2360.21 m
199.402 -2287.903 l
S
0.518 0.525 0.533 SC
199.868 -2360.21 m
199.868 -2287.903 l
S
0.514 0.522 0.529 SC
200.335 -2360.21 m
200.335 -2287.903 l
S
0.51 0.518 0.529 SC
200.801 -2360.21 m
200.801 -2287.903 l
S
0.51 0.514 0.525 SC
201.268 -2360.21 m
201.268 -2287.903 l
S
0.506 0.514 0.522 SC
201.734 -2360.21 m
201.734 -2287.903 l
S
0.502 0.51 0.518 SC
202.201 -2360.21 m
202.201 -2287.903 l
S
Q
Q
q
1 i 
-9 851 613 -860 re
0 841 m
W n
0.03 841.02 595.02 -841.02 re
W n
/Cs5 cs 0.161 0.145 0.149 sc
/GS1 gs
560.12 841.02 34.93 -6.11 re
f
/Cs5 CS 0.161 0.145 0.149 SC
0 J 0 j 0.3 w 10 M []0 d
567.202 840.678 m
567.202 804.948 l
S
286.57 22.8 22.68 -22.8 re
f
BT
/F1 1 Tf
10 0 0 10 289.5747 7.7671 Tm
1 1 1 sc
-0.0002 Tc
0 Tw
(661)Tj
/F3 1 Tf
7 0 0 7 473.8676 17.5374 Tm
0.161 0.145 0.149 sc
-0.0001 Tc
-0.0306 Tw
[(Swissmedic Jour)-17.9(nal)-1111.9(9/2002)]TJ
/F2 1 Tf
10 0 0 10 42.7953 763.6339 Tm
-0.0337 Tw
[(* 01)-161.1(Klostergarten Brusttee instant, Granulat)]TJ
/F5 1 Tf
0 -1.4174 TD
-0.1289 Tc
0 Tw
(F.)Tj
0.649 0 TD
( )Tj
0.2473 0 TD
-0.0001 Tc
-0.0306 Tw
(Hunziker & Co. AG, Heimstrasse 18, 8953 Dietikon)Tj
ET
0.4 w 
42.8 741.51 m
510.51 741.51 l
42.8 723.82 m
510.51 723.82 l
S
BT
10 0 0 10 42.7953 729.1213 Tm
-0.0002 Tc
0 Tw
[(Zul.-Nr)91.6(.: )]TJ
/F2 1 Tf
3.8772 0 TD
(39744)Tj
/F5 1 Tf
8.8787 0 TD
0 Tc
(V)Tj
0.6301 0 TD
-0.0001 Tc
(erkaufsart: )Tj
/F2 1 Tf
5.3042 0 TD
0 Tc
(E)Tj
/F5 1 Tf
6.8216 0 TD
-0.0001 Tc
-0.0306 Tw
[(Index: 03.99.0.)-9563.5(13.09.2002)]TJ
-25.5118 -2.2428 TD
0 Tw
[(Zusammensetzung:)-921.1(01)]TJ
8.3 0 0 8.3 156.1811 706.6931 Tm
0.3685 Tw
[(SPECIERUM PECTORALIUM EXTRACTUM 6.67)-278.1(mg, LIQUIRITIAE SUCCUS 8.5)-278.1(mg, LICHEN)]TJ
0 -1.3661 TD
-0.0205 Tw
[(ISLANDICI EXTRACTUM 0.7)-278.1(mg, ANISI AETHEROLEUM, MENTHAE PIPERIT)54.7(AE AETHEROLEUM,)]TJ
T*
-0.0282 Tw
[(AROMA)73.7(TICA, LECITHINUM, LACTOSUM MONOHYDRICUM, SACCHARUM, SACCHARUM TOS-)]TJ
T*
-0.0306 Tw
[(TUM, GLUCOSUM ad GRANULA)73.7(TUM pro 1)-278.1(g)0.1(. )]TJ
10 0 0 10 42.7953 658.5025 Tm
[(Anwendung:)-5285.2(Bei Husten, Heiserkeit, Rachenkatarrh)]TJ
0 -1.4174 TD
-0.0002 Tc
0 Tw
[(Packung:)-5699.5(01)-305.7(023)-6586(2)0(00)-567.2(g)-12995.5(E)]TJ
T*
-0.0001 Tc
-0.0306 Tw
[(Bemerkungen:)-4505.2(V)36.8(erlängerung der Zulassungsbescheinigung)]TJ
11.3386 -1.4174 TD
(Ersetzt die IKS-Registrierungsurkunde vom 06.11.1997)Tj
T*
(Änderung des Präparatenamens \(früher: Brusttee M instant, Granulat\) )Tj
-11.3386 -1.4174 TD
[(* Gültig bis:)-5844.6(12. September 2007)]TJ
ET
42.8 579.22 m
510.51 579.22 l
S
BT
/F2 1 Tf
10 0 0 10 42.7953 543.2249 Tm
-0.0336 Tw
[(01)-1044.2(Mag 2, Pulver in Beutel)]TJ
0 -1.2835 TD
-0.0337 Tw
[(02)-1044.2(Mag 2 forte, Pulver in Beutel)]TJ
/F5 1 Tf
0 -1.4174 TD
0 Tc
0 Tw
(A)Tj
0.697 0 TD
-0.0001 Tc
-0.0306 Tw
(ventis Pharma AG, Herostrasse 7, 8048 Zürich)Tj
ET
42.8 508.27 m
510.51 508.27 l
42.8 490.58 m
510.51 490.58 l
S
BT
10 0 0 10 42.7953 495.8777 Tm
-0.0002 Tc
0 Tw
[(Zul.-Nr)91.6(.: )]TJ
/F2 1 Tf
3.8772 0 TD
(48147)Tj
/F5 1 Tf
8.8787 0 TD
0 Tc
(V)Tj
0.6301 0 TD
-0.0001 Tc
(erkaufsart: )Tj
/F2 1 Tf
5.3042 0 TD
0 Tc
(B)Tj
/F5 1 Tf
6.8216 0 TD
-0.0001 Tc
-0.0306 Tw
[(Index: 07.02.1.)-9563.5(06.09.2002)]TJ
-25.5118 -2.2428 TD
[(* Zusammensetzung:)-118(01)]TJ
8.3 0 0 8.3 156.1811 473.4496 Tm
-0.0516 Tw
[(MAGNESII L-PIDOLAS HYDRICUS 1.5)-278.1(g corresp. MAGNESIUM 122)-278.1(mg, SACCHARUM, SACCHA-)]TJ
0 -1.3661 TD
-0.0306 Tw
[(RINUM, AROMA)73.7(TICA, EXCIPIENS ad PUL)73.7(VEREM pro CHAR)17.7(T)54.8(A)0.1(.)]TJ
10 0 0 10 142.0079 447.9369 Tm
-0.0002 Tc
0 Tw
(02)Tj
8.3 0 0 8.3 156.1811 447.9368 Tm
-0.0001 Tc
0.1357 Tw
[(MAGNESII L-PIDOLAS HYDRICUS 2.25)-278.1(g corresp. MAGNESIUM 184)-278(mg, SACCHARUM, SAC-)]TJ
T*
-0.0306 Tw
[(CHARINUM, AROMA)73.7(TICA, EXCIPIENS ad PUL)73.7(VEREM pro CHAR)17.7(T)54.8(A)0.1(.)]TJ
10 0 0 10 42.7953 422.4243 Tm
0 Tw
[(Anwendung:)-5285.2(Magnesiumpräparat)]TJ
0 -1.4174 TD
[(Packungen:)-4532.7(01)-305.6(011)-7141.8(3)0.1(0)-567(Sachets)-10162.1(B)]TJ
9.9213 -1.4174 TD
[(02)-305.6(038)-7141.8(3)0.1(0)-567(Sachets)-10162.1(B)]TJ
-9.9213 -1.4174 TD
-0.0306 Tw
[(* Bemerkung:)-4868.8(Ersetzt die Registrierungsurkunde vom 21.11.2001)]TJ
T*
[(Gültig bis:)-6647.8(31. Dezember 2006)]TJ
ET
42.8 357.32 m
510.51 357.32 l
S
BT
/F2 1 Tf
10 0 0 10 42.7953 321.3203 Tm
-0.0337 Tw
[(01)-1044.2(Mag 2, T)73.9(rinkampullen)]TJ
/F5 1 Tf
T*
0 Tc
0 Tw
(A)Tj
0.697 0 TD
-0.0001 Tc
-0.0306 Tw
(ventis Pharma AG, Herostrasse 7, 8048 Zürich)Tj
ET
42.8 299.2 m
510.51 299.2 l
42.8 281.51 m
510.51 281.51 l
S
BT
10 0 0 10 42.7953 286.8077 Tm
-0.0002 Tc
0 Tw
[(Zul.-Nr)91.6(.: )]TJ
/F2 1 Tf
3.8772 0 TD
(46871)Tj
/F5 1 Tf
8.8787 0 TD
0 Tc
(V)Tj
0.6301 0 TD
-0.0001 Tc
(erkaufsart: )Tj
/F2 1 Tf
5.3042 0 TD
0 Tc
(B)Tj
/F5 1 Tf
6.8216 0 TD
-0.0001 Tc
-0.0306 Tw
[(Index: 07.02.1.)-9563.5(06.09.2002)]TJ
-25.5118 -2.2428 TD
[(* Zusammensetzung:)-118(01)]TJ
8.3 0 0 8.3 156.1811 264.3796 Tm
-0.0377 Tw
[(MAGNESII L-PIDOLAS HYDRICUS 1.5)-278.1(g corresp. MAGNESIUM 122)-278.1(mg, SACCHARUM, AROMA-)]TJ
0 -1.3661 TD
-0.0306 Tw
[(TICA, EXCIPIENS ad SOLUTIONEM pro 10)-278.1(mL. )]TJ
10 0 0 10 42.7953 238.867 Tm
0 Tw
[(Anwendung:)-5285.2(Magnesiumpräparat)]TJ
0 -1.4174 TD
-0.0002 Tc
[(Packung:)-5699.5(01)-305.7(014)-7141.9(3)0(0)-567.1(T)73.9(rinkampulle\(n\))-6236.6(B)]TJ
T*
-0.0001 Tc
-0.0306 Tw
[(* Bemerkung:)-4868.8(Ersetzt die Registrierungsurkunde vom 19.09.2000)]TJ
T*
[(Gültig bis:)-6647.8(31. Dezember 2005)]TJ
ET
42.8 187.93 m
510.51 187.93 l
S
Q

q
1 i 
-9 851 613 -860 re
0 841 m
W n
0.03 841.02 595.02 -841.02 re
W n
BT
/F4 1 Tf
12.5 0 0 12.5 34.4488 811.7822 Tm
/Cs5 cs 0.161 0.145 0.149 sc
/GS1 gs
-0.0001 Tc
-0.0286 Tw
[(Arzneimittel Statistik)-130(/)-129.9(M)0.1(édicaments miscellanées)]TJ
ET
/Cs5 CS 0.161 0.145 0.149 SC
0 J 0 j 0.3 w 10 M []0 d
28.35 805.15 m
552.76 805.15 l
S
Q
q
1 i 
35.43 850.5 198.43 -24.09 re
308.74 811.782 m
W* n
-9 851 613 -860 re
0 841 m
W n
0.03 841.02 595.02 -841.02 re
W n
q
2.7718 0 0 -0.3608 0 0 cm
/Cs5 CS 0.502 0.51 0.518 SC
0 J 0 j 0.5 w 10 M []0 d
/GS1 gs
12.655 -2360.21 m
12.655 -2287.903 l
S
0.506 0.514 0.522 SC
13.121 -2360.21 m
13.121 -2287.903 l
S
0.51 0.514 0.525 SC
13.588 -2360.21 m
13.588 -2287.903 l
S
0.51 0.518 0.529 SC
14.054 -2360.21 m
14.054 -2287.903 l
S
0.514 0.522 0.529 SC
14.521 -2360.21 m
14.521 -2287.903 l
S
0.518 0.525 0.533 SC
14.987 -2360.21 m
14.987 -2287.903 l
S
0.518 0.525 0.537 SC
15.454 -2360.21 m
15.454 -2287.903 l
S
0.522 0.529 0.541 SC
15.92 -2360.21 m
15.92 -2287.903 l
S
0.525 0.533 0.541 SC
16.387 -2360.21 m
16.387 -2287.903 l
S
0.529 0.533 0.545 SC
16.853 -2360.21 m
16.853 -2287.903 l
S
0.529 0.537 0.549 SC
17.32 -2360.21 m
17.32 -2287.903 l
S
0.533 0.541 0.553 SC
17.786 -2360.21 m
17.786 -2287.903 l
S
0.537 0.545 0.553 SC
18.253 -2360.21 m
18.253 -2287.903 l
S
0.537 0.545 0.557 SC
18.719 -2360.21 m
18.719 -2287.903 l
S
0.541 0.549 0.561 SC
19.186 -2360.21 m
19.186 -2287.903 l
S
0.545 0.553 0.565 SC
19.652 -2360.21 m
19.652 -2287.903 l
S
0.549 0.557 0.565 SC
20.119 -2360.21 m
20.119 -2287.903 l
S
0.549 0.557 0.569 SC
20.585 -2360.21 m
20.585 -2287.903 l
S
0.553 0.561 0.573 SC
21.052 -2360.21 m
21.052 -2287.903 l
S
0.557 0.565 0.576 SC
21.518 -2360.21 m
21.518 -2287.903 l
S
0.561 0.569 0.576 SC
21.985 -2360.21 m
21.985 -2287.903 l
S
0.561 0.569 0.58 SC
22.451 -2360.21 m
22.451 -2287.903 l
S
0.565 0.573 0.584 SC
22.918 -2360.21 m
22.918 -2287.903 l
S
0.569 0.576 0.588 SC
23.384 -2360.21 m
23.384 -2287.903 l
S
0.573 0.58 0.588 SC
23.851 -2360.21 m
23.851 -2287.903 l
S
0.573 0.58 0.592 SC
24.317 -2360.21 m
24.317 -2287.903 l
S
0.576 0.584 0.596 SC
24.784 -2360.21 m
24.784 -2287.903 l
S
0.58 0.588 0.596 SC
25.25 -2360.21 m
25.25 -2287.903 l
S
0.584 0.592 0.6 SC
25.717 -2360.21 m
25.717 -2287.903 l
S
0.584 0.592 0.604 SC
26.183 -2360.21 m
26.183 -2287.903 l
S
0.588 0.596 0.608 SC
26.65 -2360.21 m
26.65 -2287.903 l
S
0.592 0.6 0.608 SC
27.116 -2360.21 m
27.116 -2287.903 l
S
0.596 0.604 0.612 SC
27.583 -2360.21 m
27.583 -2287.903 l
S
0.596 0.604 0.616 SC
28.049 -2360.21 m
28.049 -2287.903 l
S
0.6 0.608 0.62 SC
28.516 -2360.21 m
28.516 -2287.903 l
S
0.604 0.612 0.624 SC
28.982 -2360.21 m
28.982 -2287.903 l
S
0.608 0.616 0.624 SC
29.449 -2360.21 m
29.449 -2287.903 l
S
0.608 0.616 0.627 SC
29.915 -2360.21 m
29.915 -2287.903 l
S
0.612 0.62 0.631 SC
30.382 -2360.21 m
30.382 -2287.903 l
S
0.616 0.624 0.635 SC
30.848 -2360.21 m
30.848 -2287.903 l
S
0.62 0.627 0.635 SC
31.315 -2360.21 m
31.315 -2287.903 l
S
0.62 0.631 0.639 SC
31.781 -2360.21 m
31.781 -2287.903 l
S
0.624 0.631 0.643 SC
32.248 -2360.21 m
32.248 -2287.903 l
S
0.627 0.635 0.647 SC
32.714 -2360.21 m
32.714 -2287.903 l
S
0.631 0.639 0.647 SC
33.181 -2360.21 m
33.181 -2287.903 l
S
0.635 0.643 0.651 SC
33.647 -2360.21 m
33.647 -2287.903 l
S
0.635 0.643 0.655 SC
34.113 -2360.21 m
34.113 -2287.903 l
S
0.639 0.647 0.659 SC
34.58 -2360.21 m
34.58 -2287.903 l
S
0.643 0.651 0.663 SC
35.046 -2360.21 m
35.046 -2287.903 l
S
0.647 0.655 0.663 SC
35.513 -2360.21 m
35.513 -2287.903 l
S
0.651 0.659 0.667 SC
35.979 -2360.21 m
35.979 -2287.903 l
S
0.651 0.659 0.671 SC
36.446 -2360.21 m
36.446 -2287.903 l
S
0.655 0.663 0.675 SC
36.912 -2360.21 m
36.912 -2287.903 l
S
0.659 0.667 0.678 SC
37.379 -2360.21 m
37.379 -2287.903 l
S
0.663 0.671 0.678 SC
37.845 -2360.21 m
37.845 -2287.903 l
S
0.663 0.675 0.682 SC
38.312 -2360.21 m
38.312 -2287.903 l
S
0.667 0.675 0.686 SC
38.778 -2360.21 m
38.778 -2287.903 l
S
0.671 0.678 0.69 SC
39.245 -2360.21 m
39.245 -2287.903 l
S
0.675 0.682 0.69 SC
39.711 -2360.21 m
39.711 -2287.903 l
S
0.678 0.686 0.694 SC
40.178 -2360.21 m
40.178 -2287.903 l
S
0.682 0.69 0.698 SC
40.644 -2360.21 m
40.644 -2287.903 l
S
0.682 0.69 0.702 SC
41.111 -2360.21 m
41.111 -2287.903 l
S
0.686 0.694 0.706 SC
41.577 -2360.21 m
41.577 -2287.903 l
S
0.69 0.698 0.706 SC
42.044 -2360.21 m
42.044 -2287.903 l
S
0.694 0.702 0.71 SC
42.51 -2360.21 m
42.51 -2287.903 l
S
0.698 0.706 0.714 SC
42.977 -2360.21 m
42.977 -2287.903 l
S
0.698 0.706 0.718 SC
43.443 -2360.21 m
43.443 -2287.903 l
S
0.702 0.71 0.722 SC
43.91 -2360.21 m
43.91 -2287.903 l
S
0.706 0.714 0.722 SC
44.376 -2360.21 m
44.376 -2287.903 l
S
0.71 0.718 0.725 SC
44.843 -2360.21 m
44.843 -2287.903 l
S
0.714 0.722 0.729 SC
45.309 -2360.21 m
45.309 -2287.903 l
S
0.714 0.722 0.733 SC
45.776 -2360.21 m
45.776 -2287.903 l
S
0.718 0.725 0.737 SC
46.242 -2360.21 m
46.242 -2287.903 l
S
0.722 0.729 0.737 SC
46.709 -2360.21 m
46.709 -2287.903 l
S
0.725 0.733 0.741 SC
47.175 -2360.21 m
47.175 -2287.903 l
S
0.729 0.737 0.745 SC
47.642 -2360.21 m
47.642 -2287.903 l
S
0.733 0.741 0.749 SC
48.108 -2360.21 m
48.108 -2287.903 l
S
0.733 0.741 0.753 SC
48.575 -2360.21 m
48.575 -2287.903 l
49.041 -2360.21 m
49.041 -2287.903 l
S
0.737 0.745 0.753 SC
49.508 -2360.21 m
49.508 -2287.903 l
S
0.741 0.749 0.757 SC
49.974 -2360.21 m
49.974 -2287.903 l
S
0.745 0.753 0.761 SC
50.441 -2360.21 m
50.441 -2287.903 l
S
0.749 0.757 0.765 SC
50.907 -2360.21 m
50.907 -2287.903 l
S
0.753 0.761 0.769 SC
51.374 -2360.21 m
51.374 -2287.903 l
51.84 -2360.21 m
51.84 -2287.903 l
S
0.757 0.765 0.773 SC
52.307 -2360.21 m
52.307 -2287.903 l
S
0.761 0.769 0.776 SC
52.773 -2360.21 m
52.773 -2287.903 l
S
0.765 0.773 0.78 SC
53.24 -2360.21 m
53.24 -2287.903 l
S
0.769 0.776 0.784 SC
53.706 -2360.21 m
53.706 -2287.903 l
S
0.773 0.776 0.784 SC
54.173 -2360.21 m
54.173 -2287.903 l
S
0.776 0.78 0.788 SC
54.639 -2360.21 m
54.639 -2287.903 l
S
0.776 0.784 0.792 SC
55.106 -2360.21 m
55.106 -2287.903 l
S
0.78 0.788 0.796 SC
55.572 -2360.21 m
55.572 -2287.903 l
S
0.784 0.792 0.8 SC
56.039 -2360.21 m
56.039 -2287.903 l
S
0.788 0.796 0.8 SC
56.505 -2360.21 m
56.505 -2287.903 l
S
0.792 0.796 0.804 SC
56.972 -2360.21 m
56.972 -2287.903 l
S
0.796 0.8 0.808 SC
57.438 -2360.21 m
57.438 -2287.903 l
S
0.796 0.804 0.812 SC
57.905 -2360.21 m
57.905 -2287.903 l
S
0.8 0.808 0.816 SC
58.371 -2360.21 m
58.371 -2287.903 l
S
0.804 0.812 0.816 SC
58.838 -2360.21 m
58.838 -2287.903 l
S
0.808 0.812 0.82 SC
59.304 -2360.21 m
59.304 -2287.903 l
S
0.812 0.816 0.824 SC
59.771 -2360.21 m
59.771 -2287.903 l
S
0.816 0.82 0.827 SC
60.237 -2360.21 m
60.237 -2287.903 l
S
0.816 0.824 0.831 SC
60.704 -2360.21 m
60.704 -2287.903 l
S
0.82 0.827 0.831 SC
61.17 -2360.21 m
61.17 -2287.903 l
S
0.824 0.831 0.835 SC
61.637 -2360.21 m
61.637 -2287.903 l
S
0.827 0.831 0.839 SC
62.103 -2360.21 m
62.103 -2287.903 l
S
0.831 0.835 0.843 SC
62.57 -2360.21 m
62.57 -2287.903 l
S
0.835 0.839 0.843 SC
63.036 -2360.21 m
63.036 -2287.903 l
S
0.835 0.843 0.847 SC
63.503 -2360.21 m
63.503 -2287.903 l
S
0.839 0.847 0.851 SC
63.969 -2360.21 m
63.969 -2287.903 l
S
0.843 0.847 0.855 SC
64.436 -2360.21 m
64.436 -2287.903 l
S
0.847 0.851 0.859 SC
64.902 -2360.21 m
64.902 -2287.903 l
S
0.851 0.855 0.859 SC
65.369 -2360.21 m
65.369 -2287.903 l
S
0.855 0.859 0.863 SC
65.835 -2360.21 m
65.835 -2287.903 l
S
0.855 0.863 0.867 SC
66.302 -2360.21 m
66.302 -2287.903 l
S
0.859 0.863 0.871 SC
66.768 -2360.21 m
66.768 -2287.903 l
S
0.863 0.867 0.875 SC
67.235 -2360.21 m
67.235 -2287.903 l
S
0.867 0.871 0.875 SC
67.701 -2360.21 m
67.701 -2287.903 l
S
0.871 0.875 0.878 SC
68.168 -2360.21 m
68.168 -2287.903 l
S
0.875 0.878 0.882 SC
68.634 -2360.21 m
68.634 -2287.903 l
S
0.875 0.882 0.886 SC
69.101 -2360.21 m
69.101 -2287.903 l
S
0.878 0.882 0.89 SC
69.567 -2360.21 m
69.567 -2287.903 l
S
0.882 0.886 0.89 SC
70.034 -2360.21 m
70.034 -2287.903 l
S
0.886 0.89 0.894 SC
70.5 -2360.21 m
70.5 -2287.903 l
S
0.89 0.894 0.898 SC
70.967 -2360.21 m
70.967 -2287.903 l
S
0.894 0.898 0.902 SC
71.433 -2360.21 m
71.433 -2287.903 l
S
0.898 0.898 0.902 SC
71.9 -2360.21 m
71.9 -2287.903 l
S
0.898 0.902 0.906 SC
72.366 -2360.21 m
72.366 -2287.903 l
S
0.902 0.906 0.91 SC
72.833 -2360.21 m
72.833 -2287.903 l
S
0.906 0.91 0.914 SC
73.299 -2360.21 m
73.299 -2287.903 l
S
0.91 0.914 0.918 SC
73.766 -2360.21 m
73.766 -2287.903 l
S
0.914 0.918 0.922 SC
74.232 -2360.21 m
74.232 -2287.903 l
S
0.918 0.922 0.922 SC
74.699 -2360.21 m
74.699 -2287.903 l
S
0.922 0.922 0.925 SC
75.165 -2360.21 m
75.165 -2287.903 l
S
0.922 0.925 0.929 SC
75.632 -2360.21 m
75.632 -2287.903 l
S
0.925 0.929 0.933 SC
76.098 -2360.21 m
76.098 -2287.903 l
S
0.929 0.933 0.933 SC
76.565 -2360.21 m
76.565 -2287.903 l
S
0.933 0.937 0.937 SC
77.031 -2360.21 m
77.031 -2287.903 l
S
0.937 0.937 0.941 SC
77.498 -2360.21 m
77.498 -2287.903 l
S
0.941 0.941 0.945 SC
77.964 -2360.21 m
77.964 -2287.903 l
S
0.945 0.945 0.949 SC
78.431 -2360.21 m
78.431 -2287.903 l
S
0.945 0.949 0.949 SC
78.897 -2360.21 m
78.897 -2287.903 l
S
0.949 0.953 0.953 SC
79.364 -2360.21 m
79.364 -2287.903 l
S
0.953 0.957 0.957 SC
79.83 -2360.21 m
79.83 -2287.903 l
S
0.957 0.957 0.961 SC
80.297 -2360.21 m
80.297 -2287.903 l
S
0.961 0.961 0.965 SC
80.763 -2360.21 m
80.763 -2287.903 l
S
0.965 0.965 0.969 SC
81.23 -2360.21 m
81.23 -2287.903 l
S
0.969 0.969 0.969 SC
81.696 -2360.21 m
81.696 -2287.903 l
S
0.973 0.973 0.973 SC
82.163 -2360.21 m
82.163 -2287.903 l
S
0.976 0.976 0.976 SC
82.629 -2360.21 m
82.629 -2287.903 l
S
0.98 0.98 0.984 SC
83.096 -2360.21 m
83.096 -2287.903 l
S
0.988 0.988 0.988 SC
83.562 -2360.21 m
83.562 -2287.903 l
S
0.992 0.992 0.992 SC
84.029 -2360.21 m
84.029 -2287.903 l
S
1 1 1 SC
84.495 -2360.21 m
84.495 -2287.903 l
S
Q
Q
q
1 i 
-9 851 613 -860 re
0 841 m
W n
0.03 841.02 595.02 -841.02 re
W n
/Cs5 cs 0.161 0.145 0.149 sc
/GS1 gs
0.03 841.02 35.4 -6.11 re
f
/Cs5 CS 0.161 0.145 0.149 SC
0 J 0 j 0.3 w 10 M []0 d
28.347 841.076 m
28.347 805.006 l
S
286.3 22.8 22.68 -22.8 re
f
BT
/F1 1 Tf
10 0 0 10 289.2992 7.7671 Tm
1 1 1 sc
-0.0002 Tc
0 Tw
(662)Tj
/F3 1 Tf
7 0 0 7 35.4331 17.5374 Tm
0.161 0.145 0.149 sc
-0.0001 Tc
-0.0306 Tw
[(Swissmedic Jour)-17.9(nal)-1111.9(9/2002)]TJ
/F2 1 Tf
10 0 0 10 85.0394 763.6339 Tm
-0.0336 Tw
[(01)-1044.2(Malvedrin Chäslichrut/mauve, Salbe)]TJ
/F5 1 Tf
0 -1.4174 TD
-0.0306 Tw
(Adroka AG, Hegenheimermattweg 57, 4123 Allschwil)Tj
ET
0.4 w 
85.04 741.51 m
552.76 741.51 l
85.04 723.82 m
552.76 723.82 l
S
BT
10 0 0 10 85.0394 729.1213 Tm
-0.0002 Tc
0 Tw
[(Zul.-Nr)91.6(.: )]TJ
/F2 1 Tf
3.8771 0 TD
(23490)Tj
/F5 1 Tf
8.8788 0 TD
0 Tc
(V)Tj
0.6301 0 TD
-0.0001 Tc
(erkaufsart: )Tj
/F2 1 Tf
5.3041 0 TD
0 Tc
(D)Tj
/F5 1 Tf
6.8216 0 TD
-0.0001 Tc
-0.0306 Tw
[(Index: 10.06.0.)-9563.5(02.09.2002)]TJ
-25.5118 -2.2428 TD
0 Tw
[(Zusammensetzung:)-921.1(01)]TJ
8.3 0 0 8.3 198.4252 706.6931 Tm
0.2654 Tw
[(MAL)73.7(V)36.7(AE FOLII EXTRACTUM SPISSUM 20)-278.1(mg, RETINOLUM 250)-278.1(U.I., ERGOCALCIFEROLUM)]TJ
0 -1.3661 TD
-0.0856 Tw
[(50)-278.1(U.I., MA)73.7(TRICARIAE OLEUM COCTUM 50)-278.1(mg, HYPERICI FLORIS RECENTIS MACERA)73.7(TUM OLE-)]TJ
T*
-0.0868 Tw
[(OSUM 50)-278.1(mg, LINI OLEUM 50)-278(mg, ALCOHOLES ADIPIS LANAE, ADEPS LANAE, AROMA)73.7(TICA: LI-)]TJ
T*
0.377 Tw
[(MONIS AETHEROLEUM, LA)36.7(V)36.7(ANDULAE AETHEROLEUM, CONSER)17.7(V)91.5(.: E)-278.1(200, BENZALKONII)]TJ
T*
-0.0306 Tw
[(CHLORIDUM, EXCIPIENS ad UNGUENTUM pro 1)-278.1(g)0.1(. )]TJ
10 0 0 10 85.0394 647.1635 Tm
[(Anwendung:)-5285.2(Bei kleineren Hautverletzungen)]TJ
0 -1.4174 TD
-0.0002 Tc
0 Tw
[(Packung:)-5699.5(01)-305.7(021)-7141.9(5)0(0)-567.1(g)-12995.5(D)]TJ
T*
-0.0001 Tc
-0.0306 Tw
[(Bemerkungen:)-4505.2(V)36.8(erlängerung der Zulassungsbescheinigung)]TJ
11.3386 -1.4174 TD
(Ersetzt die Registrierungsurkunde vom 12.12.1997)Tj
-11.3386 -1.4174 TD
[(* Gültig bis:)-5844.6(02. September 2007)]TJ
ET
85.04 582.05 m
552.76 582.05 l
S
BT
/F2 1 Tf
10 0 0 10 85.0394 546.0596 Tm
-0.0336 Tw
[(01)-1044.2(Malvedrin Chäslichrut/mauve, flüssig)]TJ
/F5 1 Tf
T*
-0.0306 Tw
(Adroka AG, Hegenheimermattweg 57, 4123 Allschwil)Tj
ET
85.04 523.94 m
552.76 523.94 l
85.04 506.24 m
552.76 506.24 l
S
BT
10 0 0 10 85.0394 511.547 Tm
-0.0002 Tc
0 Tw
[(Zul.-Nr)91.6(.: )]TJ
/F2 1 Tf
3.8771 0 TD
(44861)Tj
/F5 1 Tf
8.8788 0 TD
0 Tc
(V)Tj
0.6301 0 TD
-0.0001 Tc
(erkaufsart: )Tj
/F2 1 Tf
5.3041 0 TD
0 Tc
(D)Tj
/F5 1 Tf
6.8216 0 TD
-0.0001 Tc
-0.0306 Tw
[(Index: 10.06.0.)-9563.5(02.09.2002)]TJ
-25.5118 -2.2428 TD
0 Tw
[(Zusammensetzung:)-921.1(01)]TJ
8.3 0 0 8.3 198.4252 489.1187 Tm
-0.0696 Tw
[(MAL)73.7(V)36.7(AE FOLII EXTRACTUM SPISSUM 140)-278.1(mg, PROPYLENGL)91.5(YCOLUM, CONSER)17.7(V)91.5(.: E)-278.1(214, E)-278.1(216,)]TJ
0 -1.3661 TD
0 Tc
0 Tw
(E)Tj
0.8339 0 TD
-0.0001 Tc
-0.0306 Tw
[(218, EXCIPIENS ad SOLUTIONEM pro 1)-278.1(g)0.1(. )]TJ
10 0 0 10 85.0394 463.6062 Tm
[(Anwendung:)-5285.2(Bei kleineren Hautverletzungen)]TJ
0 -1.4174 TD
0 Tw
[(Packungen:)-4532.7(01)-305.6(011)-6585.9(2)0.1(50)-567.1(mL)-12217.5(D)]TJ
11.3386 -1.4174 TD
[(038)-6585.9(1)0.1(00)-567.1(mL)-12217.5(D)]TJ
-11.3386 -1.4174 TD
-0.0306 Tw
[(Bemerkungen:)-4505.2(V)36.8(erlängerung der Zulassungsbescheinigung)]TJ
11.3386 -1.4174 TD
(Ersetzt die Registrierungsurkunde vom 12.12.1997)Tj
-11.3386 -1.4174 TD
[(* Gültig bis:)-5844.6(02. September 2007)]TJ
ET
85.04 384.32 m
552.76 384.32 l
S
BT
/F2 1 Tf
10 0 0 10 85.0394 348.3286 Tm
-0.0336 Tw
[(01)-1044.2(Migpriv)54.8(, poudr)17.7(e en sachet)]TJ
/F5 1 Tf
T*
-0.0306 Tw
[(* Sanofi-Synthélabo \(Suisse\) SA, 11, rue de V)36.7(eyrot, 1217 Meyrin)]TJ
ET
85.04 326.2 m
552.76 326.2 l
85.04 308.51 m
552.76 308.51 l
S
BT
10 0 0 10 85.0394 313.8159 Tm
-0.0002 Tc
0 Tw
[(N°)-247.4(AMM: )]TJ
/F2 1 Tf
4.5038 0 TD
(53870)Tj
/F5 1 Tf
8.2521 0 TD
-0.0001 Tc
-0.0306 Tw
(Mode de vente: )Tj
/F2 1 Tf
7.5194 0 TD
0 Tc
0 Tw
(B)Tj
/F5 1 Tf
5.2365 0 TD
-0.0001 Tc
-0.0306 Tw
[(Index: 02.05.1.)-9563.5(01.09.2002)]TJ
-25.5118 -2.2428 TD
-0.0002 Tc
0 Tw
[(Composition:)-3756.2(01)]TJ
8.3 0 0 8.3 198.4252 291.3877 Tm
-0.0001 Tc
-0.0466 Tw
[(DL-L)91.5(YSINI ACETYLSALICYLAS 1.62)-278.1(g corresp. ACIDUM ACETYLSALICYLICUM 0.9)-278.1(g, METOCLO-)]TJ
0 -1.3661 TD
0.1256 Tw
[(PRAMIDI HYDROCHLORIDUM ANHYDRICUM 10)-278(mg ut METOCLOPRAMIDI HYDROCHLORI-)]TJ
T*
-0.0306 Tw
[(DUM 10.54)-278.1(mg, ASP)36.7(AR)17.7(T)54.8(AMUM, AROMA)73.7(TICA, EXCIPIENS ad PUL)73.7(VEREM pro CHAR)17.7(T)54.8(A)0.1(.)]TJ
10 0 0 10 85.0394 254.5363 Tm
0 Tw
[(Indication:)-6395.3(Antimigraineux)]TJ
0 -1.4174 TD
[(Conditionnement:)-1422.6(0)0.1(1)-305.6(0)0(15)-7697.7(6)-566.9(sachets)-10273.2(B)]TJ
T*
-0.0102 Tw
[(* )20.4(Remarques:)-5090.7(Cette attestation d’enregistrement annule celle du 03.05.2002 \(Changement)]TJ
11.3386 -1.1339 TD
-0.0306 Tw
(de titulaire de l’AMM\))Tj
-11.3386 -1.4174 TD
-0.0488 Tc
0 Tw
(Va)Tj
1.174 0 TD
-0.0001 Tc
-0.0306 Tw
[(lable jusqu’au:)-3417.3(31 décembre 2006)]TJ
ET
85.04 192.26 m
552.76 192.26 l
S
Q

q
1 i 
-9 851 613 -860 re
0 841 m
W n
0.03 841.02 595.02 -841.02 re
W n
BT
/F4 1 Tf
12.5 0 0 12.5 285.8058 811.7825 Tm
/Cs5 cs 0.161 0.145 0.149 sc
/GS1 gs
-0.0001 Tc
-0.0286 Tw
[(Arzneimittel Statistik)-130(/)-129.9(M)0.1(édicaments miscellanées)]TJ
ET
/Cs5 CS 0.161 0.145 0.149 SC
0 J 0 j 0.3 w 10 M []0 d
42.8 805.15 m
567.2 805.15 l
S
Q
q
1 i 
361.69 850.5 198.43 -24.09 re
560.097 811.782 m
W* n
-9 851 613 -860 re
0 841 m
W n
0.03 841.02 595.02 -841.02 re
W n
q
2.7718 0 0 -0.3608 0 0 cm
/Cs5 CS 1 1 1 SC
0 J 0 j 0.5 w 10 M []0 d
/GS1 gs
130.36 -2360.21 m
130.36 -2287.903 l
S
0.992 0.992 0.992 SC
130.827 -2360.21 m
130.827 -2287.903 l
S
0.988 0.988 0.988 SC
131.293 -2360.21 m
131.293 -2287.903 l
S
0.98 0.98 0.984 SC
131.76 -2360.21 m
131.76 -2287.903 l
S
0.976 0.976 0.976 SC
132.226 -2360.21 m
132.226 -2287.903 l
S
0.973 0.973 0.973 SC
132.693 -2360.21 m
132.693 -2287.903 l
S
0.969 0.969 0.969 SC
133.159 -2360.21 m
133.159 -2287.903 l
S
0.965 0.965 0.969 SC
133.626 -2360.21 m
133.626 -2287.903 l
S
0.961 0.961 0.965 SC
134.092 -2360.21 m
134.092 -2287.903 l
S
0.957 0.957 0.961 SC
134.559 -2360.21 m
134.559 -2287.903 l
S
0.953 0.957 0.957 SC
135.025 -2360.21 m
135.025 -2287.903 l
S
0.949 0.953 0.953 SC
135.492 -2360.21 m
135.492 -2287.903 l
S
0.945 0.949 0.949 SC
135.958 -2360.21 m
135.958 -2287.903 l
S
0.945 0.945 0.949 SC
136.425 -2360.21 m
136.425 -2287.903 l
S
0.941 0.941 0.945 SC
136.891 -2360.21 m
136.891 -2287.903 l
S
0.937 0.937 0.941 SC
137.358 -2360.21 m
137.358 -2287.903 l
S
0.933 0.937 0.937 SC
137.824 -2360.21 m
137.824 -2287.903 l
S
0.929 0.933 0.933 SC
138.291 -2360.21 m
138.291 -2287.903 l
S
0.925 0.929 0.933 SC
138.757 -2360.21 m
138.757 -2287.903 l
S
0.922 0.925 0.929 SC
139.224 -2360.21 m
139.224 -2287.903 l
S
0.922 0.922 0.925 SC
139.69 -2360.21 m
139.69 -2287.903 l
S
0.918 0.922 0.922 SC
140.157 -2360.21 m
140.157 -2287.903 l
S
0.914 0.918 0.922 SC
140.623 -2360.21 m
140.623 -2287.903 l
S
0.91 0.914 0.918 SC
141.09 -2360.21 m
141.09 -2287.903 l
S
0.906 0.91 0.914 SC
141.556 -2360.21 m
141.556 -2287.903 l
S
0.902 0.906 0.91 SC
142.023 -2360.21 m
142.023 -2287.903 l
S
0.898 0.902 0.906 SC
142.489 -2360.21 m
142.489 -2287.903 l
S
0.898 0.898 0.902 SC
142.956 -2360.21 m
142.956 -2287.903 l
S
0.894 0.898 0.902 SC
143.422 -2360.21 m
143.422 -2287.903 l
S
0.89 0.894 0.898 SC
143.889 -2360.21 m
143.889 -2287.903 l
S
0.886 0.89 0.894 SC
144.355 -2360.21 m
144.355 -2287.903 l
S
0.882 0.886 0.89 SC
144.822 -2360.21 m
144.822 -2287.903 l
S
0.878 0.882 0.89 SC
145.288 -2360.21 m
145.288 -2287.903 l
S
0.875 0.882 0.886 SC
145.755 -2360.21 m
145.755 -2287.903 l
S
0.875 0.878 0.882 SC
146.221 -2360.21 m
146.221 -2287.903 l
S
0.871 0.875 0.878 SC
146.688 -2360.21 m
146.688 -2287.903 l
S
0.867 0.871 0.875 SC
147.154 -2360.21 m
147.154 -2287.903 l
S
0.863 0.867 0.875 SC
147.621 -2360.21 m
147.621 -2287.903 l
S
0.859 0.863 0.871 SC
148.087 -2360.21 m
148.087 -2287.903 l
S
0.855 0.863 0.867 SC
148.554 -2360.21 m
148.554 -2287.903 l
S
0.855 0.859 0.863 SC
149.02 -2360.21 m
149.02 -2287.903 l
S
0.851 0.855 0.859 SC
149.487 -2360.21 m
149.487 -2287.903 l
S
0.847 0.851 0.859 SC
149.953 -2360.21 m
149.953 -2287.903 l
S
0.843 0.847 0.855 SC
150.42 -2360.21 m
150.42 -2287.903 l
S
0.839 0.847 0.851 SC
150.886 -2360.21 m
150.886 -2287.903 l
S
0.835 0.843 0.847 SC
151.353 -2360.21 m
151.353 -2287.903 l
S
0.835 0.839 0.843 SC
151.819 -2360.21 m
151.819 -2287.903 l
S
0.831 0.835 0.843 SC
152.286 -2360.21 m
152.286 -2287.903 l
S
0.827 0.831 0.839 SC
152.752 -2360.21 m
152.752 -2287.903 l
S
0.824 0.831 0.835 SC
153.219 -2360.21 m
153.219 -2287.903 l
S
0.82 0.827 0.831 SC
153.685 -2360.21 m
153.685 -2287.903 l
S
0.816 0.824 0.831 SC
154.152 -2360.21 m
154.152 -2287.903 l
S
0.816 0.82 0.827 SC
154.618 -2360.21 m
154.618 -2287.903 l
S
0.812 0.816 0.824 SC
155.085 -2360.21 m
155.085 -2287.903 l
S
0.808 0.812 0.82 SC
155.551 -2360.21 m
155.551 -2287.903 l
S
0.804 0.812 0.816 SC
156.018 -2360.21 m
156.018 -2287.903 l
S
0.8 0.808 0.816 SC
156.484 -2360.21 m
156.484 -2287.903 l
S
0.796 0.804 0.812 SC
156.951 -2360.21 m
156.951 -2287.903 l
S
0.796 0.8 0.808 SC
157.417 -2360.21 m
157.417 -2287.903 l
S
0.792 0.796 0.804 SC
157.884 -2360.21 m
157.884 -2287.903 l
S
0.788 0.796 0.8 SC
158.35 -2360.21 m
158.35 -2287.903 l
S
0.784 0.792 0.8 SC
158.817 -2360.21 m
158.817 -2287.903 l
S
0.78 0.788 0.796 SC
159.283 -2360.21 m
159.283 -2287.903 l
S
0.776 0.784 0.792 SC
159.75 -2360.21 m
159.75 -2287.903 l
S
0.776 0.78 0.788 SC
160.216 -2360.21 m
160.216 -2287.903 l
S
0.773 0.776 0.784 SC
160.683 -2360.21 m
160.683 -2287.903 l
S
0.769 0.776 0.784 SC
161.149 -2360.21 m
161.149 -2287.903 l
S
0.765 0.773 0.78 SC
161.616 -2360.21 m
161.616 -2287.903 l
S
0.761 0.769 0.776 SC
162.082 -2360.21 m
162.082 -2287.903 l
S
0.757 0.765 0.773 SC
162.549 -2360.21 m
162.549 -2287.903 l
S
0.753 0.761 0.769 SC
163.015 -2360.21 m
163.015 -2287.903 l
163.482 -2360.21 m
163.482 -2287.903 l
S
0.749 0.757 0.765 SC
163.948 -2360.21 m
163.948 -2287.903 l
S
0.745 0.753 0.761 SC
164.415 -2360.21 m
164.415 -2287.903 l
S
0.741 0.749 0.757 SC
164.881 -2360.21 m
164.881 -2287.903 l
S
0.737 0.745 0.753 SC
165.348 -2360.21 m
165.348 -2287.903 l
S
0.733 0.741 0.753 SC
165.814 -2360.21 m
165.814 -2287.903 l
S
0.733 0.741 0.749 SC
166.281 -2360.21 m
166.281 -2287.903 l
166.747 -2360.21 m
166.747 -2287.903 l
S
0.729 0.737 0.745 SC
167.214 -2360.21 m
167.214 -2287.903 l
S
0.725 0.733 0.741 SC
167.68 -2360.21 m
167.68 -2287.903 l
S
0.722 0.729 0.737 SC
168.147 -2360.21 m
168.147 -2287.903 l
S
0.718 0.725 0.737 SC
168.613 -2360.21 m
168.613 -2287.903 l
S
0.714 0.722 0.733 SC
169.08 -2360.21 m
169.08 -2287.903 l
S
0.714 0.722 0.729 SC
169.546 -2360.21 m
169.546 -2287.903 l
S
0.71 0.718 0.725 SC
170.013 -2360.21 m
170.013 -2287.903 l
S
0.706 0.714 0.722 SC
170.479 -2360.21 m
170.479 -2287.903 l
S
0.702 0.71 0.722 SC
170.946 -2360.21 m
170.946 -2287.903 l
S
0.698 0.706 0.718 SC
171.412 -2360.21 m
171.412 -2287.903 l
S
0.698 0.706 0.714 SC
171.879 -2360.21 m
171.879 -2287.903 l
S
0.694 0.702 0.71 SC
172.345 -2360.21 m
172.345 -2287.903 l
S
0.69 0.698 0.706 SC
172.812 -2360.21 m
172.812 -2287.903 l
S
0.686 0.694 0.706 SC
173.278 -2360.21 m
173.278 -2287.903 l
S
0.682 0.69 0.702 SC
173.745 -2360.21 m
173.745 -2287.903 l
S
0.682 0.69 0.698 SC
174.211 -2360.21 m
174.211 -2287.903 l
S
0.678 0.686 0.694 SC
174.678 -2360.21 m
174.678 -2287.903 l
S
0.675 0.682 0.69 SC
175.144 -2360.21 m
175.144 -2287.903 l
S
0.671 0.678 0.69 SC
175.611 -2360.21 m
175.611 -2287.903 l
S
0.667 0.675 0.686 SC
176.077 -2360.21 m
176.077 -2287.903 l
S
0.663 0.675 0.682 SC
176.544 -2360.21 m
176.544 -2287.903 l
S
0.663 0.671 0.678 SC
177.01 -2360.21 m
177.01 -2287.903 l
S
0.659 0.667 0.678 SC
177.477 -2360.21 m
177.477 -2287.903 l
S
0.655 0.663 0.675 SC
177.943 -2360.21 m
177.943 -2287.903 l
S
0.651 0.659 0.671 SC
178.41 -2360.21 m
178.41 -2287.903 l
S
0.651 0.659 0.667 SC
178.876 -2360.21 m
178.876 -2287.903 l
S
0.647 0.655 0.663 SC
179.343 -2360.21 m
179.343 -2287.903 l
S
0.643 0.651 0.663 SC
179.809 -2360.21 m
179.809 -2287.903 l
S
0.639 0.647 0.659 SC
180.276 -2360.21 m
180.276 -2287.903 l
S
0.635 0.643 0.655 SC
180.742 -2360.21 m
180.742 -2287.903 l
S
0.635 0.643 0.651 SC
181.209 -2360.21 m
181.209 -2287.903 l
S
0.631 0.639 0.647 SC
181.675 -2360.21 m
181.675 -2287.903 l
S
0.627 0.635 0.647 SC
182.142 -2360.21 m
182.142 -2287.903 l
S
0.624 0.631 0.643 SC
182.608 -2360.21 m
182.608 -2287.903 l
S
0.62 0.631 0.639 SC
183.075 -2360.21 m
183.075 -2287.903 l
S
0.62 0.627 0.635 SC
183.541 -2360.21 m
183.541 -2287.903 l
S
0.616 0.624 0.635 SC
184.008 -2360.21 m
184.008 -2287.903 l
S
0.612 0.62 0.631 SC
184.474 -2360.21 m
184.474 -2287.903 l
S
0.608 0.616 0.627 SC
184.941 -2360.21 m
184.941 -2287.903 l
S
0.608 0.616 0.624 SC
185.407 -2360.21 m
185.407 -2287.903 l
S
0.604 0.612 0.624 SC
185.874 -2360.21 m
185.874 -2287.903 l
S
0.6 0.608 0.62 SC
186.34 -2360.21 m
186.34 -2287.903 l
S
0.596 0.604 0.616 SC
186.806 -2360.21 m
186.806 -2287.903 l
S
0.596 0.604 0.612 SC
187.273 -2360.21 m
187.273 -2287.903 l
S
0.592 0.6 0.608 SC
187.739 -2360.21 m
187.739 -2287.903 l
S
0.588 0.596 0.608 SC
188.206 -2360.21 m
188.206 -2287.903 l
S
0.584 0.592 0.604 SC
188.672 -2360.21 m
188.672 -2287.903 l
S
0.584 0.592 0.6 SC
189.139 -2360.21 m
189.139 -2287.903 l
S
0.58 0.588 0.596 SC
189.605 -2360.21 m
189.605 -2287.903 l
S
0.576 0.584 0.596 SC
190.072 -2360.21 m
190.072 -2287.903 l
S
0.573 0.58 0.592 SC
190.538 -2360.21 m
190.538 -2287.903 l
S
0.573 0.58 0.588 SC
191.005 -2360.21 m
191.005 -2287.903 l
S
0.569 0.576 0.588 SC
191.471 -2360.21 m
191.471 -2287.903 l
S
0.565 0.573 0.584 SC
191.938 -2360.21 m
191.938 -2287.903 l
S
0.561 0.569 0.58 SC
192.404 -2360.21 m
192.404 -2287.903 l
S
0.561 0.569 0.576 SC
192.871 -2360.21 m
192.871 -2287.903 l
S
0.557 0.565 0.576 SC
193.337 -2360.21 m
193.337 -2287.903 l
S
0.553 0.561 0.573 SC
193.804 -2360.21 m
193.804 -2287.903 l
S
0.549 0.557 0.569 SC
194.27 -2360.21 m
194.27 -2287.903 l
S
0.549 0.557 0.565 SC
194.737 -2360.21 m
194.737 -2287.903 l
S
0.545 0.553 0.565 SC
195.203 -2360.21 m
195.203 -2287.903 l
S
0.541 0.549 0.561 SC
195.67 -2360.21 m
195.67 -2287.903 l
S
0.537 0.545 0.557 SC
196.136 -2360.21 m
196.136 -2287.903 l
S
0.537 0.545 0.553 SC
196.603 -2360.21 m
196.603 -2287.903 l
S
0.533 0.541 0.553 SC
197.069 -2360.21 m
197.069 -2287.903 l
S
0.529 0.537 0.549 SC
197.536 -2360.21 m
197.536 -2287.903 l
S
0.529 0.533 0.545 SC
198.002 -2360.21 m
198.002 -2287.903 l
S
0.525 0.533 0.541 SC
198.469 -2360.21 m
198.469 -2287.903 l
S
0.522 0.529 0.541 SC
198.935 -2360.21 m
198.935 -2287.903 l
S
0.518 0.525 0.537 SC
199.402 -2360.21 m
199.402 -2287.903 l
S
0.518 0.525 0.533 SC
199.868 -2360.21 m
199.868 -2287.903 l
S
0.514 0.522 0.529 SC
200.335 -2360.21 m
200.335 -2287.903 l
S
0.51 0.518 0.529 SC
200.801 -2360.21 m
200.801 -2287.903 l
S
0.51 0.514 0.525 SC
201.268 -2360.21 m
201.268 -2287.903 l
S
0.506 0.514 0.522 SC
201.734 -2360.21 m
201.734 -2287.903 l
S
0.502 0.51 0.518 SC
202.201 -2360.21 m
202.201 -2287.903 l
S
Q
Q
q
1 i 
-9 851 613 -860 re
0 841 m
W n
0.03 841.02 595.02 -841.02 re
W n
/Cs5 cs 0.161 0.145 0.149 sc
/GS1 gs
560.12 841.02 34.93 -6.11 re
f
/Cs5 CS 0.161 0.145 0.149 SC
0 J 0 j 0.3 w 10 M []0 d
567.202 840.678 m
567.202 804.948 l
S
286.57 22.8 22.68 -22.8 re
f
BT
/F1 1 Tf
10 0 0 10 289.5747 7.7671 Tm
1 1 1 sc
-0.0002 Tc
0 Tw
(663)Tj
/F3 1 Tf
7 0 0 7 473.8676 17.5374 Tm
0.161 0.145 0.149 sc
-0.0001 Tc
-0.0306 Tw
[(Swissmedic Jour)-17.9(nal)-1111.9(9/2002)]TJ
/F2 1 Tf
10 0 0 10 42.7953 763.6339 Tm
-0.0337 Tw
[(* 02)-161.1(Minvitin AlmondBar)91.7(, Stengel)]TJ
/F5 1 Tf
0 -1.4174 TD
0 Tc
0 Tw
(W)Tj
0.9822 0 TD
-0.0001 Tc
-0.0306 Tw
(ander AG, Fabrikstrasse 10, 3176 Neuenegg)Tj
ET
0.4 w 
42.8 741.51 m
510.51 741.51 l
42.8 723.82 m
510.51 723.82 l
S
BT
10 0 0 10 42.7953 729.1213 Tm
-0.0002 Tc
0 Tw
[(Zul.-Nr)91.6(.: )]TJ
/F2 1 Tf
3.8772 0 TD
(43237)Tj
/F5 1 Tf
8.8787 0 TD
0 Tc
(V)Tj
0.6301 0 TD
-0.0001 Tc
(erkaufsart: )Tj
/F2 1 Tf
5.3042 0 TD
0 Tc
(D)Tj
/F5 1 Tf
6.8216 0 TD
-0.0001 Tc
-0.0306 Tw
[(Index: 07.01.3.)-9563.5(27.09.2002)]TJ
-25.5118 -2.2428 TD
[(* Zusammensetzung:)-118(02)]TJ
8.3 0 0 8.3 156.1811 706.6931 Tm
0.195 Tw
[(PROTEINA 10.1)-278.1(g, MA)73.7(TERIA CRASSA 8.3)-278.1(g, CARBOHYDRA)73.7(T)54.8(A)0( 23.8)-278.1(g, FIBRAE ALIMENT)54.7(ARI-)]TJ
0 -1.3661 TD
0.1379 Tw
[(AE)-278.1(2.3)-278.1(g, VIT)54.7(AMINA: RETINOLI ACET)54.7(AS 800)-278.1(U.I., CHOLECALCIFEROLUM 67)-278.1(U.I., alfa-TOCO-)]TJ
T*
0.2227 Tw
[(PHEROLI ACET)54.7(AS 3.3)-278.1(mg, THIAMINI NITRAS 465)-278.1(ug, RIBOFLA)36.7(VINUM 534)-278.1(ug, PYRIDOXINI)]TJ
T*
-0.0135 Tw
[(HYDROCHLORIDUM 665)-278.1(ug, CY)54.7(ANOCOBALAMINUM 0.33)-278.1(ug, ACIDUM ASCORBICUM 20)-278.1(mg,)]TJ
T*
0.0985 Tw
[(NICOTINAMIDUM 6)-278.1(mg, CALCII P)36.7(ANTOTHENAS 2)-278.1(mg, ACIDUM FOLICUM 67)-278.1(ug, BIOTINUM)]TJ
T*
0.3181 Tw
[(50)-278.1(ug, MINERALIA: NA)73.7(TRIUM 21)-278.1(mg, KALIUM 145)-278.1(mg, CALCIUM 267)-278.1(mg, MAGNESIUM)]TJ
T*
-0.0014 Tw
[(100)-278.1(mg, PHOSPHORUS 300)-278.1(mg, FERRUM 4.7)-278.1(mg, ZINCUM 5)-278.1(mg, IODUM 50)-278.1(ug, AROMA)73.7(TICA,)]TJ
T*
-0.0306 Tw
[(EXCIPIENS ad PRAEP)36.7(ARA)73.7(TIONEM pro 50)-278.1(g corresp. 888)-278.1(kJ. )]TJ
10 0 0 10 42.7953 613.1466 Tm
0 Tw
[(Anwendung:)-5285.2(Schlankheitsdiät)]TJ
0 -1.4174 TD
-0.0002 Tc
-0.0305 Tw
[(Packung:)-5699.5(02)-305.7(039)-5591.5(4)-0.1( x 25)-567.1(g)-12995.5(D)]TJ
T*
-0.0001 Tc
0.3409 Tw
[(Bemerkungen:)-4505.2(Änderung der Zusammensetzung und Änderung des Präparate-Namens)]TJ
11.3386 -1.1339 TD
-0.0306 Tw
[(\(früher: Minvitin BioBar)91.7(, Stengel\))]TJ
0 -1.4174 TD
(Ersetzt die Registrierungsurkunde vom 16.11.2000)Tj
-11.3386 -1.4174 TD
[(Gültig bis:)-6647.8(31. Dezember 2005)]TJ
ET
42.8 536.7 m
510.51 536.7 l
S
BT
/F2 1 Tf
10 0 0 10 42.7953 500.7036 Tm
-0.0336 Tw
[(02)-1044.2(Minvitin Fibr)17.7(oBar)91.7(, Stengel)]TJ
/F5 1 Tf
T*
0 Tc
0 Tw
(W)Tj
0.9822 0 TD
-0.0001 Tc
-0.0306 Tw
(ander AG, Fabrikstrasse 10, 3176 Neuenegg)Tj
ET
42.8 478.58 m
510.51 478.58 l
42.8 460.89 m
510.51 460.89 l
S
BT
10 0 0 10 42.7953 466.191 Tm
-0.0002 Tc
0 Tw
[(Zul.-Nr)91.6(.: )]TJ
/F2 1 Tf
3.8772 0 TD
(49543)Tj
/F5 1 Tf
8.8787 0 TD
0 Tc
(V)Tj
0.6301 0 TD
-0.0001 Tc
(erkaufsart: )Tj
/F2 1 Tf
5.3042 0 TD
0 Tc
(D)Tj
/F5 1 Tf
6.8216 0 TD
-0.0001 Tc
-0.0306 Tw
[(Index: 07.01.3.)-9563.5(26.09.2002)]TJ
-25.5118 -2.2428 TD
[(* Zusammensetzung:)-118(02)]TJ
8.3 0 0 8.3 156.1811 443.7628 Tm
0.1255 Tw
[(PROTEINA 10.1)-278.1(g, MA)73.7(TERIA CRASSA 10.4)-278.1(g, CARBOHYDRA)73.7(T)54.8(A)0( 21.3)-278.1(g, FIBRAE ALIMENT)54.7(ARI-)]TJ
0 -1.3661 TD
-0.0446 Tw
[(AE)-278.1(2.9)-278.1(g, VIT)54.7(AMINA: RETINOLI ACET)54.7(AS 800)-278.1(U.I., CHOLECALCIFEROLUM 67)-278.1(U.I., alfa-TOCOPH-)]TJ
T*
0.3824 Tw
[(EROLI ACET)54.7(AS 3.3)-278.1(mg, THIAMINI NITRAS 465)-278.1(ug, RIBOFLA)36.7(VINUM 534)-278.1(ug, PYRIDOXINI)]TJ
T*
-0.0135 Tw
[(HYDROCHLORIDUM 665)-278.1(ug, CY)54.7(ANOCOBALAMINUM 0.33)-278.1(ug, ACIDUM ASCORBICUM 20)-278.1(mg,)]TJ
T*
0.0985 Tw
[(NICOTINAMIDUM 6)-278.1(mg, CALCII P)36.7(ANTOTHENAS 2)-278.1(mg, ACIDUM FOLICUM 67)-278.1(ug, BIOTINUM)]TJ
T*
0.3181 Tw
[(50)-278.1(ug, MINERALIA: NA)73.7(TRIUM 40)-278.1(mg, KALIUM 185)-278.1(mg, CALCIUM 267)-278.1(mg, MAGNESIUM)]TJ
T*
-0.0014 Tw
[(100)-278.1(mg, PHOSPHORUS 290)-278.1(mg, FERRUM 4.7)-278.1(mg, ZINCUM 5)-278.1(mg, IODUM 50)-278.1(ug, AROMA)73.7(TICA,)]TJ
T*
-0.0306 Tw
[(EXCIPIENS ad PRAEP)36.7(ARA)73.7(TIONEM pro 50)-278.1(g corresp. 923)-278.1(kJ. )]TJ
10 0 0 10 42.7953 350.2163 Tm
0 Tw
[(Anwendung:)-5285.2(Schlankheitsdiät)]TJ
0 -1.4174 TD
-0.0002 Tc
-0.0305 Tw
[(Packung:)-5699.5(02)-305.7(034)-5591.5(4)-0.1( x 25)-567.1(g)-12995.5(D)]TJ
T*
-0.0001 Tc
[(* Gültig bis:)-5844.6(25. September 2007)]TJ
ET
42.8 313.45 m
510.51 313.45 l
S
BT
/F2 1 Tf
10 0 0 10 42.7953 277.4596 Tm
-0.0336 Tw
[(01)-1044.2(Mizollen, comprimés pelliculés)]TJ
/F5 1 Tf
T*
-0.0306 Tw
[(* Sanofi-Synthélabo \(Suisse\) SA, 11, rue de V)36.7(eyrot, 1217 Meyrin)]TJ
ET
42.8 255.34 m
510.51 255.34 l
42.8 237.64 m
510.51 237.64 l
S
BT
10 0 0 10 42.7953 242.947 Tm
-0.0002 Tc
0 Tw
[(N°)-247.4(AMM: )]TJ
/F2 1 Tf
4.5038 0 TD
(53754)Tj
/F5 1 Tf
8.2521 0 TD
-0.0001 Tc
-0.0306 Tw
(Mode de vente: )Tj
/F2 1 Tf
7.5194 0 TD
0 Tc
0 Tw
(B)Tj
/F5 1 Tf
5.2365 0 TD
-0.0001 Tc
-0.0306 Tw
[(Index: 07.13.1.)-9563.5(01.09.2002)]TJ
-25.5118 -2.2428 TD
-0.0002 Tc
0 Tw
[(Composition:)-3756.2(01)]TJ
8.3 0 0 8.3 156.1811 220.5189 Tm
-0.0001 Tc
-0.0306 Tw
[(MIZOLASTINUM 10)-278.1(mg, EXCIPIENS pro COMPRESSO OBDUCTO.)]TJ
10 0 0 10 42.7953 206.3452 Tm
0 Tw
[(Indication:)-6395.3(Antihistaminique)]TJ
0 -1.4174 TD
[(Conditionnements:)-1033.7(01)-305.6(015)-7141.8(1)0.1(0)-567(comprimés)-8551.5(B)]TJ
11.3386 -1.4174 TD
[(023)-7141.8(3)0.1(0)-567(comprimés)-8551.5(B)]TJ
-11.3386 -1.4174 TD
-0.0101 Tw
[(* )20.5(Remarques:)-5090.7(Cette attestation d’enregistrement annule celle du 06.11.2000 \(Changement)]TJ
11.3386 -1.1339 TD
-0.0002 Tc
-0.0305 Tw
(de titulaire de l’AMM\))Tj
-11.3386 -1.4174 TD
-0.0488 Tc
0 Tw
(Va)Tj
1.174 0 TD
-0.0001 Tc
-0.0306 Tw
[(lable jusqu’au:)-3417.3(31 décembre 2005)]TJ
ET
42.8 129.9 m
510.51 129.9 l
S
Q

q
1 i 
-9 851 613 -860 re
0 841 m
W n
0.03 841.02 595.02 -841.02 re
W n
BT
/F4 1 Tf
12.5 0 0 12.5 34.4488 811.7822 Tm
/Cs5 cs 0.161 0.145 0.149 sc
/GS1 gs
-0.0001 Tc
-0.0286 Tw
[(Arzneimittel Statistik)-130(/)-129.9(M)0.1(édicaments miscellanées)]TJ
ET
/Cs5 CS 0.161 0.145 0.149 SC
0 J 0 j 0.3 w 10 M []0 d
28.35 805.15 m
552.76 805.15 l
S
Q
q
1 i 
35.43 850.5 198.43 -24.09 re
308.74 811.782 m
W* n
-9 851 613 -860 re
0 841 m
W n
0.03 841.02 595.02 -841.02 re
W n
q
2.7718 0 0 -0.3608 0 0 cm
/Cs5 CS 0.502 0.51 0.518 SC
0 J 0 j 0.5 w 10 M []0 d
/GS1 gs
12.655 -2360.21 m
12.655 -2287.903 l
S
0.506 0.514 0.522 SC
13.121 -2360.21 m
13.121 -2287.903 l
S
0.51 0.514 0.525 SC
13.588 -2360.21 m
13.588 -2287.903 l
S
0.51 0.518 0.529 SC
14.054 -2360.21 m
14.054 -2287.903 l
S
0.514 0.522 0.529 SC
14.521 -2360.21 m
14.521 -2287.903 l
S
0.518 0.525 0.533 SC
14.987 -2360.21 m
14.987 -2287.903 l
S
0.518 0.525 0.537 SC
15.454 -2360.21 m
15.454 -2287.903 l
S
0.522 0.529 0.541 SC
15.92 -2360.21 m
15.92 -2287.903 l
S
0.525 0.533 0.541 SC
16.387 -2360.21 m
16.387 -2287.903 l
S
0.529 0.533 0.545 SC
16.853 -2360.21 m
16.853 -2287.903 l
S
0.529 0.537 0.549 SC
17.32 -2360.21 m
17.32 -2287.903 l
S
0.533 0.541 0.553 SC
17.786 -2360.21 m
17.786 -2287.903 l
S
0.537 0.545 0.553 SC
18.253 -2360.21 m
18.253 -2287.903 l
S
0.537 0.545 0.557 SC
18.719 -2360.21 m
18.719 -2287.903 l
S
0.541 0.549 0.561 SC
19.186 -2360.21 m
19.186 -2287.903 l
S
0.545 0.553 0.565 SC
19.652 -2360.21 m
19.652 -2287.903 l
S
0.549 0.557 0.565 SC
20.119 -2360.21 m
20.119 -2287.903 l
S
0.549 0.557 0.569 SC
20.585 -2360.21 m
20.585 -2287.903 l
S
0.553 0.561 0.573 SC
21.052 -2360.21 m
21.052 -2287.903 l
S
0.557 0.565 0.576 SC
21.518 -2360.21 m
21.518 -2287.903 l
S
0.561 0.569 0.576 SC
21.985 -2360.21 m
21.985 -2287.903 l
S
0.561 0.569 0.58 SC
22.451 -2360.21 m
22.451 -2287.903 l
S
0.565 0.573 0.584 SC
22.918 -2360.21 m
22.918 -2287.903 l
S
0.569 0.576 0.588 SC
23.384 -2360.21 m
23.384 -2287.903 l
S
0.573 0.58 0.588 SC
23.851 -2360.21 m
23.851 -2287.903 l
S
0.573 0.58 0.592 SC
24.317 -2360.21 m
24.317 -2287.903 l
S
0.576 0.584 0.596 SC
24.784 -2360.21 m
24.784 -2287.903 l
S
0.58 0.588 0.596 SC
25.25 -2360.21 m
25.25 -2287.903 l
S
0.584 0.592 0.6 SC
25.717 -2360.21 m
25.717 -2287.903 l
S
0.584 0.592 0.604 SC
26.183 -2360.21 m
26.183 -2287.903 l
S
0.588 0.596 0.608 SC
26.65 -2360.21 m
26.65 -2287.903 l
S
0.592 0.6 0.608 SC
27.116 -2360.21 m
27.116 -2287.903 l
S
0.596 0.604 0.612 SC
27.583 -2360.21 m
27.583 -2287.903 l
S
0.596 0.604 0.616 SC
28.049 -2360.21 m
28.049 -2287.903 l
S
0.6 0.608 0.62 SC
28.516 -2360.21 m
28.516 -2287.903 l
S
0.604 0.612 0.624 SC
28.982 -2360.21 m
28.982 -2287.903 l
S
0.608 0.616 0.624 SC
29.449 -2360.21 m
29.449 -2287.903 l
S
0.608 0.616 0.627 SC
29.915 -2360.21 m
29.915 -2287.903 l
S
0.612 0.62 0.631 SC
30.382 -2360.21 m
30.382 -2287.903 l
S
0.616 0.624 0.635 SC
30.848 -2360.21 m
30.848 -2287.903 l
S
0.62 0.627 0.635 SC
31.315 -2360.21 m
31.315 -2287.903 l
S
0.62 0.631 0.639 SC
31.781 -2360.21 m
31.781 -2287.903 l
S
0.624 0.631 0.643 SC
32.248 -2360.21 m
32.248 -2287.903 l
S
0.627 0.635 0.647 SC
32.714 -2360.21 m
32.714 -2287.903 l
S
0.631 0.639 0.647 SC
33.181 -2360.21 m
33.181 -2287.903 l
S
0.635 0.643 0.651 SC
33.647 -2360.21 m
33.647 -2287.903 l
S
0.635 0.643 0.655 SC
34.113 -2360.21 m
34.113 -2287.903 l
S
0.639 0.647 0.659 SC
34.58 -2360.21 m
34.58 -2287.903 l
S
0.643 0.651 0.663 SC
35.046 -2360.21 m
35.046 -2287.903 l
S
0.647 0.655 0.663 SC
35.513 -2360.21 m
35.513 -2287.903 l
S
0.651 0.659 0.667 SC
35.979 -2360.21 m
35.979 -2287.903 l
S
0.651 0.659 0.671 SC
36.446 -2360.21 m
36.446 -2287.903 l
S
0.655 0.663 0.675 SC
36.912 -2360.21 m
36.912 -2287.903 l
S
0.659 0.667 0.678 SC
37.379 -2360.21 m
37.379 -2287.903 l
S
0.663 0.671 0.678 SC
37.845 -2360.21 m
37.845 -2287.903 l
S
0.663 0.675 0.682 SC
38.312 -2360.21 m
38.312 -2287.903 l
S
0.667 0.675 0.686 SC
38.778 -2360.21 m
38.778 -2287.903 l
S
0.671 0.678 0.69 SC
39.245 -2360.21 m
39.245 -2287.903 l
S
0.675 0.682 0.69 SC
39.711 -2360.21 m
39.711 -2287.903 l
S
0.678 0.686 0.694 SC
40.178 -2360.21 m
40.178 -2287.903 l
S
0.682 0.69 0.698 SC
40.644 -2360.21 m
40.644 -2287.903 l
S
0.682 0.69 0.702 SC
41.111 -2360.21 m
41.111 -2287.903 l
S
0.686 0.694 0.706 SC
41.577 -2360.21 m
41.577 -2287.903 l
S
0.69 0.698 0.706 SC
42.044 -2360.21 m
42.044 -2287.903 l
S
0.694 0.702 0.71 SC
42.51 -2360.21 m
42.51 -2287.903 l
S
0.698 0.706 0.714 SC
42.977 -2360.21 m
42.977 -2287.903 l
S
0.698 0.706 0.718 SC
43.443 -2360.21 m
43.443 -2287.903 l
S
0.702 0.71 0.722 SC
43.91 -2360.21 m
43.91 -2287.903 l
S
0.706 0.714 0.722 SC
44.376 -2360.21 m
44.376 -2287.903 l
S
0.71 0.718 0.725 SC
44.843 -2360.21 m
44.843 -2287.903 l
S
0.714 0.722 0.729 SC
45.309 -2360.21 m
45.309 -2287.903 l
S
0.714 0.722 0.733 SC
45.776 -2360.21 m
45.776 -2287.903 l
S
0.718 0.725 0.737 SC
46.242 -2360.21 m
46.242 -2287.903 l
S
0.722 0.729 0.737 SC
46.709 -2360.21 m
46.709 -2287.903 l
S
0.725 0.733 0.741 SC
47.175 -2360.21 m
47.175 -2287.903 l
S
0.729 0.737 0.745 SC
47.642 -2360.21 m
47.642 -2287.903 l
S
0.733 0.741 0.749 SC
48.108 -2360.21 m
48.108 -2287.903 l
S
0.733 0.741 0.753 SC
48.575 -2360.21 m
48.575 -2287.903 l
49.041 -2360.21 m
49.041 -2287.903 l
S
0.737 0.745 0.753 SC
49.508 -2360.21 m
49.508 -2287.903 l
S
0.741 0.749 0.757 SC
49.974 -2360.21 m
49.974 -2287.903 l
S
0.745 0.753 0.761 SC
50.441 -2360.21 m
50.441 -2287.903 l
S
0.749 0.757 0.765 SC
50.907 -2360.21 m
50.907 -2287.903 l
S
0.753 0.761 0.769 SC
51.374 -2360.21 m
51.374 -2287.903 l
51.84 -2360.21 m
51.84 -2287.903 l
S
0.757 0.765 0.773 SC
52.307 -2360.21 m
52.307 -2287.903 l
S
0.761 0.769 0.776 SC
52.773 -2360.21 m
52.773 -2287.903 l
S
0.765 0.773 0.78 SC
53.24 -2360.21 m
53.24 -2287.903 l
S
0.769 0.776 0.784 SC
53.706 -2360.21 m
53.706 -2287.903 l
S
0.773 0.776 0.784 SC
54.173 -2360.21 m
54.173 -2287.903 l
S
0.776 0.78 0.788 SC
54.639 -2360.21 m
54.639 -2287.903 l
S
0.776 0.784 0.792 SC
55.106 -2360.21 m
55.106 -2287.903 l
S
0.78 0.788 0.796 SC
55.572 -2360.21 m
55.572 -2287.903 l
S
0.784 0.792 0.8 SC
56.039 -2360.21 m
56.039 -2287.903 l
S
0.788 0.796 0.8 SC
56.505 -2360.21 m
56.505 -2287.903 l
S
0.792 0.796 0.804 SC
56.972 -2360.21 m
56.972 -2287.903 l
S
0.796 0.8 0.808 SC
57.438 -2360.21 m
57.438 -2287.903 l
S
0.796 0.804 0.812 SC
57.905 -2360.21 m
57.905 -2287.903 l
S
0.8 0.808 0.816 SC
58.371 -2360.21 m
58.371 -2287.903 l
S
0.804 0.812 0.816 SC
58.838 -2360.21 m
58.838 -2287.903 l
S
0.808 0.812 0.82 SC
59.304 -2360.21 m
59.304 -2287.903 l
S
0.812 0.816 0.824 SC
59.771 -2360.21 m
59.771 -2287.903 l
S
0.816 0.82 0.827 SC
60.237 -2360.21 m
60.237 -2287.903 l
S
0.816 0.824 0.831 SC
60.704 -2360.21 m
60.704 -2287.903 l
S
0.82 0.827 0.831 SC
61.17 -2360.21 m
61.17 -2287.903 l
S
0.824 0.831 0.835 SC
61.637 -2360.21 m
61.637 -2287.903 l
S
0.827 0.831 0.839 SC
62.103 -2360.21 m
62.103 -2287.903 l
S
0.831 0.835 0.843 SC
62.57 -2360.21 m
62.57 -2287.903 l
S
0.835 0.839 0.843 SC
63.036 -2360.21 m
63.036 -2287.903 l
S
0.835 0.843 0.847 SC
63.503 -2360.21 m
63.503 -2287.903 l
S
0.839 0.847 0.851 SC
63.969 -2360.21 m
63.969 -2287.903 l
S
0.843 0.847 0.855 SC
64.436 -2360.21 m
64.436 -2287.903 l
S
0.847 0.851 0.859 SC
64.902 -2360.21 m
64.902 -2287.903 l
S
0.851 0.855 0.859 SC
65.369 -2360.21 m
65.369 -2287.903 l
S
0.855 0.859 0.863 SC
65.835 -2360.21 m
65.835 -2287.903 l
S
0.855 0.863 0.867 SC
66.302 -2360.21 m
66.302 -2287.903 l
S
0.859 0.863 0.871 SC
66.768 -2360.21 m
66.768 -2287.903 l
S
0.863 0.867 0.875 SC
67.235 -2360.21 m
67.235 -2287.903 l
S
0.867 0.871 0.875 SC
67.701 -2360.21 m
67.701 -2287.903 l
S
0.871 0.875 0.878 SC
68.168 -2360.21 m
68.168 -2287.903 l
S
0.875 0.878 0.882 SC
68.634 -2360.21 m
68.634 -2287.903 l
S
0.875 0.882 0.886 SC
69.101 -2360.21 m
69.101 -2287.903 l
S
0.878 0.882 0.89 SC
69.567 -2360.21 m
69.567 -2287.903 l
S
0.882 0.886 0.89 SC
70.034 -2360.21 m
70.034 -2287.903 l
S
0.886 0.89 0.894 SC
70.5 -2360.21 m
70.5 -2287.903 l
S
0.89 0.894 0.898 SC
70.967 -2360.21 m
70.967 -2287.903 l
S
0.894 0.898 0.902 SC
71.433 -2360.21 m
71.433 -2287.903 l
S
0.898 0.898 0.902 SC
71.9 -2360.21 m
71.9 -2287.903 l
S
0.898 0.902 0.906 SC
72.366 -2360.21 m
72.366 -2287.903 l
S
0.902 0.906 0.91 SC
72.833 -2360.21 m
72.833 -2287.903 l
S
0.906 0.91 0.914 SC
73.299 -2360.21 m
73.299 -2287.903 l
S
0.91 0.914 0.918 SC
73.766 -2360.21 m
73.766 -2287.903 l
S
0.914 0.918 0.922 SC
74.232 -2360.21 m
74.232 -2287.903 l
S
0.918 0.922 0.922 SC
74.699 -2360.21 m
74.699 -2287.903 l
S
0.922 0.922 0.925 SC
75.165 -2360.21 m
75.165 -2287.903 l
S
0.922 0.925 0.929 SC
75.632 -2360.21 m
75.632 -2287.903 l
S
0.925 0.929 0.933 SC
76.098 -2360.21 m
76.098 -2287.903 l
S
0.929 0.933 0.933 SC
76.565 -2360.21 m
76.565 -2287.903 l
S
0.933 0.937 0.937 SC
77.031 -2360.21 m
77.031 -2287.903 l
S
0.937 0.937 0.941 SC
77.498 -2360.21 m
77.498 -2287.903 l
S
0.941 0.941 0.945 SC
77.964 -2360.21 m
77.964 -2287.903 l
S
0.945 0.945 0.949 SC
78.431 -2360.21 m
78.431 -2287.903 l
S
0.945 0.949 0.949 SC
78.897 -2360.21 m
78.897 -2287.903 l
S
0.949 0.953 0.953 SC
79.364 -2360.21 m
79.364 -2287.903 l
S
0.953 0.957 0.957 SC
79.83 -2360.21 m
79.83 -2287.903 l
S
0.957 0.957 0.961 SC
80.297 -2360.21 m
80.297 -2287.903 l
S
0.961 0.961 0.965 SC
80.763 -2360.21 m
80.763 -2287.903 l
S
0.965 0.965 0.969 SC
81.23 -2360.21 m
81.23 -2287.903 l
S
0.969 0.969 0.969 SC
81.696 -2360.21 m
81.696 -2287.903 l
S
0.973 0.973 0.973 SC
82.163 -2360.21 m
82.163 -2287.903 l
S
0.976 0.976 0.976 SC
82.629 -2360.21 m
82.629 -2287.903 l
S
0.98 0.98 0.984 SC
83.096 -2360.21 m
83.096 -2287.903 l
S
0.988 0.988 0.988 SC
83.562 -2360.21 m
83.562 -2287.903 l
S
0.992 0.992 0.992 SC
84.029 -2360.21 m
84.029 -2287.903 l
S
1 1 1 SC
84.495 -2360.21 m
84.495 -2287.903 l
S
Q
Q
q
1 i 
-9 851 613 -860 re
0 841 m
W n
0.03 841.02 595.02 -841.02 re
W n
/Cs5 cs 0.161 0.145 0.149 sc
/GS1 gs
0.03 841.02 35.4 -6.11 re
f
/Cs5 CS 0.161 0.145 0.149 SC
0 J 0 j 0.3 w 10 M []0 d
28.347 841.076 m
28.347 805.006 l
S
286.3 22.8 22.68 -22.8 re
f
BT
/F1 1 Tf
10 0 0 10 289.2992 7.7671 Tm
1 1 1 sc
-0.0002 Tc
0 Tw
(664)Tj
/F3 1 Tf
7 0 0 7 35.4331 17.5374 Tm
0.161 0.145 0.149 sc
-0.0001 Tc
-0.0306 Tw
[(Swissmedic Jour)-17.9(nal)-1111.9(9/2002)]TJ
/F2 1 Tf
10 0 0 10 85.0394 763.6339 Tm
-0.0336 Tw
[(01)-1044.2(Multi-Sanasol, Emulsion)]TJ
/F5 1 Tf
0 -1.4174 TD
0 Tc
0 Tw
(V)Tj
0.6492 0 TD
-0.0001 Tc
-0.0306 Tw
[(ifor SA, Route de Moncor 10, 1752 V)17.7(illars-sur)17.7(-Glâne)]TJ
ET
0.4 w 
85.04 741.51 m
552.76 741.51 l
85.04 723.82 m
552.76 723.82 l
S
BT
10 0 0 10 85.0394 729.1213 Tm
-0.0002 Tc
0 Tw
[(N°)-247.4(AMM: )]TJ
/F2 1 Tf
4.5038 0 TD
(33489)Tj
/F5 1 Tf
8.2521 0 TD
-0.0001 Tc
-0.0306 Tw
(Mode de vente: )Tj
/F2 1 Tf
7.5194 0 TD
0 Tc
0 Tw
(D)Tj
/F5 1 Tf
5.2365 0 TD
-0.0001 Tc
-0.0306 Tw
[(Index: 07.02.51)-9285.4(25.09.2002)]TJ
-25.5118 -2.2428 TD
-0.0002 Tc
0 Tw
[(Composition:)-3756.2(01)]TJ
8.3 0 0 8.3 198.4252 706.6931 Tm
-0.0001 Tc
0.0501 Tw
[(VIT)54.7(AMINA: RETINOLUM 1’650)-278.1(U.I., CHOLECALCIFEROLUM 165)-278.1(U.I., alfa-TOCOPHEROLI ACE-)]TJ
0 -1.3661 TD
0 Tc
0 Tw
(T)Tj
0.5011 0 TD
-0.0001 Tc
-0.0651 Tw
[(AS 2)-278.1(mg, THIAMINI HYDROCHLORIDUM 1)-278.1(mg, RIBOFLA)36.7(VINI NA)73.7(TRII PHOSPHAS 1.5)-278.1(mg, PYRI-)]TJ
-0.5011 -1.3661 TD
-0.0044 Tw
[(DOXINI HYDROCHLORIDUM 0.5)-278.1(mg, CY)54.7(ANOCOBALAMINUM 5)-278.1(ug, NICOTINAMIDUM 10)-278.1(mg,)]TJ
T*
-0.0475 Tw
[(DEXP)36.7(ANTHENOLUM 1.5)-278.1(mg, ACIDUM ASCORBICUM 17.5)-278.1(mg, ALIA: INOSITOLUM 5)-278.1(mg, CHO-)]TJ
T*
-0.0409 Tw
[(LINI DIHYDROGENOCITRAS 3)-278.1(mg, CALCII LACT)54.7(AS PENT)54.7(AHYDRICUS 125)-278.1(mg, CALCII GL)91.5(YCERO-)]TJ
T*
0.1124 Tw
[(PHOSPHAS 46)-278.1(mg, MAGNESII GL)91.5(YCEROPHOSPHAS 39)-278.1(mg, SACCHARUM, CYCLAMAS, ARO-)]TJ
T*
0.0313 Tw
[(MA)73.7(TICA, ANTIOX.: NA)73.7(TRII THIOSULF)36.7(AS, CONSER)17.7(V)91.5(.: E)-278.1(202, E)-278.1(211, E)-278.1(236, EXCIPIENS ad EMUL-)]TJ
T*
-0.0306 Tw
[(SIONEM pro 5)-278.1(mL. )]TJ
10 0 0 10 85.0394 613.1466 Tm
[(Indication:)-6395.3(Préparation à base de vitamines et minéraux)]TJ
0 -1.4174 TD
0 Tw
[(Conditionnements:)-1033.7(01)-305.6(056)-6585.9(3)0.1(50)-567.1(mL)-12217.5(D)]TJ
11.3386 -1.4174 TD
[(064)-6585.9(7)0.1(50)-567.1(mL)-12217.5(D)]TJ
-11.3386 -1.4174 TD
-0.0306 Tw
[(* V)48.7(a)0(lable jusqu’au:)-2614.2(24 septembre 2007)]TJ
ET
85.04 562.21 m
552.76 562.21 l
S
BT
/F2 1 Tf
10 0 0 10 85.0394 526.2162 Tm
-0.0337 Tw
[(01)-1044.2(Nicor)17.7(ette 5mg/16h, Depotpflaster)]TJ
0 -1.2835 TD
[(02)-1044.2(Nicor)17.7(ette 10mg/16h, Depotpflaster)]TJ
T*
[(03)-1044.2(Nicor)17.7(ette 15mg/16h, Depotpflaster)]TJ
/F5 1 Tf
0 -1.4174 TD
-0.0306 Tw
(Pharmacia AG, Lagerstrasse 14, 8600 Dübendorf)Tj
ET
85.04 478.42 m
552.76 478.42 l
85.04 460.73 m
552.76 460.73 l
S
BT
10 0 0 10 85.0394 466.0343 Tm
-0.0002 Tc
0 Tw
[(Zul.-Nr)91.6(.: )]TJ
/F2 1 Tf
3.8771 0 TD
(51938)Tj
/F5 1 Tf
8.8788 0 TD
0 Tc
(V)Tj
0.6301 0 TD
-0.0001 Tc
(erkaufsart: )Tj
/F2 1 Tf
5.3041 0 TD
0 Tc
(C)Tj
/F5 1 Tf
6.8216 0 TD
-0.0001 Tc
-0.0306 Tw
[(Index: 15.02.0.)-9563.5(19.09.2002)]TJ
-25.5118 -2.2428 TD
0 Tw
[(Zusammensetzung:)-921.1(01)]TJ
8.3 0 0 8.3 198.4252 443.6062 Tm
0.093 Tw
[(NICOTINUM 8.3)-278.1(mg, EXCIPIENS ad PRAEP)36.7(ARA)73.7(TIONEM pro 10 cm2 cum LIBERA)73.7(TIONE)-278.1(5 mg/)]TJ
0 -1.3661 TD
-0.0002 Tc
-0.0305 Tw
(16 h. )Tj
10 0 0 10 184.252 418.0936 Tm
0 Tw
(02)Tj
8.3 0 0 8.3 198.4252 418.0935 Tm
-0.0001 Tc
0.3626 Tw
[(NICOTINUM 16.6)-278.1(mg, EXCIPIENS ad PRAEP)36.7(ARA)73.7(TIONEM pro 20 cm2 cum LIBERA)73.7(TIONE)]TJ
T*
-0.0002 Tc
-0.0305 Tw
[(10)-278.2(mg/16 h. )]TJ
10 0 0 10 184.252 392.581 Tm
0 Tw
(03)Tj
8.3 0 0 8.3 198.4252 392.5809 Tm
-0.0001 Tc
0.3626 Tw
[(NICOTINUM 24.9)-278.1(mg, EXCIPIENS ad PRAEP)36.7(ARA)73.7(TIONEM pro 30 cm2 cum LIBERA)73.7(TIONE)]TJ
T*
-0.0002 Tc
-0.0305 Tw
[(15)-278.2(mg/16 h. )]TJ
10 0 0 10 85.0394 367.0684 Tm
-0.0001 Tc
[(Anwendung:)-5285.2(Unterstützung der Raucherentwöhnung)]TJ
0 -1.4174 TD
[(* Packungen:)-3729.5(01)-305.6(097)-7141.8(1)0.1(4)-567(Stück)-11106.9(C)]TJ
9.9213 -1.4174 TD
0 Tw
[(02)-305.6(100)-7141.8(1)0.1(4)-567(Stück)-11106.9(C)]TJ
T*
[(03)-305.6(119)-7141.8(1)0.1(4)-567(Stück)-11106.9(C)]TJ
-9.9213 -1.4174 TD
-0.0306 Tw
[(Bemerkungen:)-4505.2(V)36.8(e)0.1(rzicht auf Packungsgrösse 7 Stück 15mg/16h)]TJ
11.3386 -1.4174 TD
(Ersetzt die Registrierungsurkunde vom 01.12.2001)Tj
-11.3386 -1.4174 TD
[(Gültig bis:)-6647.8(31. Dezember 2002)]TJ
ET
85.04 273.61 m
552.76 273.61 l
S
Q

q
1 i 
-9 851 613 -860 re
0 841 m
W n
0.03 841.02 595.02 -841.02 re
W n
BT
/F4 1 Tf
12.5 0 0 12.5 285.8058 811.7825 Tm
/Cs5 cs 0.161 0.145 0.149 sc
/GS1 gs
-0.0001 Tc
-0.0286 Tw
[(Arzneimittel Statistik)-130(/)-129.9(M)0.1(édicaments miscellanées)]TJ
ET
/Cs5 CS 0.161 0.145 0.149 SC
0 J 0 j 0.3 w 10 M []0 d
42.8 805.15 m
567.2 805.15 l
S
Q
q
1 i 
361.69 850.5 198.43 -24.09 re
560.097 811.782 m
W* n
-9 851 613 -860 re
0 841 m
W n
0.03 841.02 595.02 -841.02 re
W n
q
2.7718 0 0 -0.3608 0 0 cm
/Cs5 CS 1 1 1 SC
0 J 0 j 0.5 w 10 M []0 d
/GS1 gs
130.36 -2360.21 m
130.36 -2287.903 l
S
0.992 0.992 0.992 SC
130.827 -2360.21 m
130.827 -2287.903 l
S
0.988 0.988 0.988 SC
131.293 -2360.21 m
131.293 -2287.903 l
S
0.98 0.98 0.984 SC
131.76 -2360.21 m
131.76 -2287.903 l
S
0.976 0.976 0.976 SC
132.226 -2360.21 m
132.226 -2287.903 l
S
0.973 0.973 0.973 SC
132.693 -2360.21 m
132.693 -2287.903 l
S
0.969 0.969 0.969 SC
133.159 -2360.21 m
133.159 -2287.903 l
S
0.965 0.965 0.969 SC
133.626 -2360.21 m
133.626 -2287.903 l
S
0.961 0.961 0.965 SC
134.092 -2360.21 m
134.092 -2287.903 l
S
0.957 0.957 0.961 SC
134.559 -2360.21 m
134.559 -2287.903 l
S
0.953 0.957 0.957 SC
135.025 -2360.21 m
135.025 -2287.903 l
S
0.949 0.953 0.953 SC
135.492 -2360.21 m
135.492 -2287.903 l
S
0.945 0.949 0.949 SC
135.958 -2360.21 m
135.958 -2287.903 l
S
0.945 0.945 0.949 SC
136.425 -2360.21 m
136.425 -2287.903 l
S
0.941 0.941 0.945 SC
136.891 -2360.21 m
136.891 -2287.903 l
S
0.937 0.937 0.941 SC
137.358 -2360.21 m
137.358 -2287.903 l
S
0.933 0.937 0.937 SC
137.824 -2360.21 m
137.824 -2287.903 l
S
0.929 0.933 0.933 SC
138.291 -2360.21 m
138.291 -2287.903 l
S
0.925 0.929 0.933 SC
138.757 -2360.21 m
138.757 -2287.903 l
S
0.922 0.925 0.929 SC
139.224 -2360.21 m
139.224 -2287.903 l
S
0.922 0.922 0.925 SC
139.69 -2360.21 m
139.69 -2287.903 l
S
0.918 0.922 0.922 SC
140.157 -2360.21 m
140.157 -2287.903 l
S
0.914 0.918 0.922 SC
140.623 -2360.21 m
140.623 -2287.903 l
S
0.91 0.914 0.918 SC
141.09 -2360.21 m
141.09 -2287.903 l
S
0.906 0.91 0.914 SC
141.556 -2360.21 m
141.556 -2287.903 l
S
0.902 0.906 0.91 SC
142.023 -2360.21 m
142.023 -2287.903 l
S
0.898 0.902 0.906 SC
142.489 -2360.21 m
142.489 -2287.903 l
S
0.898 0.898 0.902 SC
142.956 -2360.21 m
142.956 -2287.903 l
S
0.894 0.898 0.902 SC
143.422 -2360.21 m
143.422 -2287.903 l
S
0.89 0.894 0.898 SC
143.889 -2360.21 m
143.889 -2287.903 l
S
0.886 0.89 0.894 SC
144.355 -2360.21 m
144.355 -2287.903 l
S
0.882 0.886 0.89 SC
144.822 -2360.21 m
144.822 -2287.903 l
S
0.878 0.882 0.89 SC
145.288 -2360.21 m
145.288 -2287.903 l
S
0.875 0.882 0.886 SC
145.755 -2360.21 m
145.755 -2287.903 l
S
0.875 0.878 0.882 SC
146.221 -2360.21 m
146.221 -2287.903 l
S
0.871 0.875 0.878 SC
146.688 -2360.21 m
146.688 -2287.903 l
S
0.867 0.871 0.875 SC
147.154 -2360.21 m
147.154 -2287.903 l
S
0.863 0.867 0.875 SC
147.621 -2360.21 m
147.621 -2287.903 l
S
0.859 0.863 0.871 SC
148.087 -2360.21 m
148.087 -2287.903 l
S
0.855 0.863 0.867 SC
148.554 -2360.21 m
148.554 -2287.903 l
S
0.855 0.859 0.863 SC
149.02 -2360.21 m
149.02 -2287.903 l
S
0.851 0.855 0.859 SC
149.487 -2360.21 m
149.487 -2287.903 l
S
0.847 0.851 0.859 SC
149.953 -2360.21 m
149.953 -2287.903 l
S
0.843 0.847 0.855 SC
150.42 -2360.21 m
150.42 -2287.903 l
S
0.839 0.847 0.851 SC
150.886 -2360.21 m
150.886 -2287.903 l
S
0.835 0.843 0.847 SC
151.353 -2360.21 m
151.353 -2287.903 l
S
0.835 0.839 0.843 SC
151.819 -2360.21 m
151.819 -2287.903 l
S
0.831 0.835 0.843 SC
152.286 -2360.21 m
152.286 -2287.903 l
S
0.827 0.831 0.839 SC
152.752 -2360.21 m
152.752 -2287.903 l
S
0.824 0.831 0.835 SC
153.219 -2360.21 m
153.219 -2287.903 l
S
0.82 0.827 0.831 SC
153.685 -2360.21 m
153.685 -2287.903 l
S
0.816 0.824 0.831 SC
154.152 -2360.21 m
154.152 -2287.903 l
S
0.816 0.82 0.827 SC
154.618 -2360.21 m
154.618 -2287.903 l
S
0.812 0.816 0.824 SC
155.085 -2360.21 m
155.085 -2287.903 l
S
0.808 0.812 0.82 SC
155.551 -2360.21 m
155.551 -2287.903 l
S
0.804 0.812 0.816 SC
156.018 -2360.21 m
156.018 -2287.903 l
S
0.8 0.808 0.816 SC
156.484 -2360.21 m
156.484 -2287.903 l
S
0.796 0.804 0.812 SC
156.951 -2360.21 m
156.951 -2287.903 l
S
0.796 0.8 0.808 SC
157.417 -2360.21 m
157.417 -2287.903 l
S
0.792 0.796 0.804 SC
157.884 -2360.21 m
157.884 -2287.903 l
S
0.788 0.796 0.8 SC
158.35 -2360.21 m
158.35 -2287.903 l
S
0.784 0.792 0.8 SC
158.817 -2360.21 m
158.817 -2287.903 l
S
0.78 0.788 0.796 SC
159.283 -2360.21 m
159.283 -2287.903 l
S
0.776 0.784 0.792 SC
159.75 -2360.21 m
159.75 -2287.903 l
S
0.776 0.78 0.788 SC
160.216 -2360.21 m
160.216 -2287.903 l
S
0.773 0.776 0.784 SC
160.683 -2360.21 m
160.683 -2287.903 l
S
0.769 0.776 0.784 SC
161.149 -2360.21 m
161.149 -2287.903 l
S
0.765 0.773 0.78 SC
161.616 -2360.21 m
161.616 -2287.903 l
S
0.761 0.769 0.776 SC
162.082 -2360.21 m
162.082 -2287.903 l
S
0.757 0.765 0.773 SC
162.549 -2360.21 m
162.549 -2287.903 l
S
0.753 0.761 0.769 SC
163.015 -2360.21 m
163.015 -2287.903 l
163.482 -2360.21 m
163.482 -2287.903 l
S
0.749 0.757 0.765 SC
163.948 -2360.21 m
163.948 -2287.903 l
S
0.745 0.753 0.761 SC
164.415 -2360.21 m
164.415 -2287.903 l
S
0.741 0.749 0.757 SC
164.881 -2360.21 m
164.881 -2287.903 l
S
0.737 0.745 0.753 SC
165.348 -2360.21 m
165.348 -2287.903 l
S
0.733 0.741 0.753 SC
165.814 -2360.21 m
165.814 -2287.903 l
S
0.733 0.741 0.749 SC
166.281 -2360.21 m
166.281 -2287.903 l
166.747 -2360.21 m
166.747 -2287.903 l
S
0.729 0.737 0.745 SC
167.214 -2360.21 m
167.214 -2287.903 l
S
0.725 0.733 0.741 SC
167.68 -2360.21 m
167.68 -2287.903 l
S
0.722 0.729 0.737 SC
168.147 -2360.21 m
168.147 -2287.903 l
S
0.718 0.725 0.737 SC
168.613 -2360.21 m
168.613 -2287.903 l
S
0.714 0.722 0.733 SC
169.08 -2360.21 m
169.08 -2287.903 l
S
0.714 0.722 0.729 SC
169.546 -2360.21 m
169.546 -2287.903 l
S
0.71 0.718 0.725 SC
170.013 -2360.21 m
170.013 -2287.903 l
S
0.706 0.714 0.722 SC
170.479 -2360.21 m
170.479 -2287.903 l
S
0.702 0.71 0.722 SC
170.946 -2360.21 m
170.946 -2287.903 l
S
0.698 0.706 0.718 SC
171.412 -2360.21 m
171.412 -2287.903 l
S
0.698 0.706 0.714 SC
171.879 -2360.21 m
171.879 -2287.903 l
S
0.694 0.702 0.71 SC
172.345 -2360.21 m
172.345 -2287.903 l
S
0.69 0.698 0.706 SC
172.812 -2360.21 m
172.812 -2287.903 l
S
0.686 0.694 0.706 SC
173.278 -2360.21 m
173.278 -2287.903 l
S
0.682 0.69 0.702 SC
173.745 -2360.21 m
173.745 -2287.903 l
S
0.682 0.69 0.698 SC
174.211 -2360.21 m
174.211 -2287.903 l
S
0.678 0.686 0.694 SC
174.678 -2360.21 m
174.678 -2287.903 l
S
0.675 0.682 0.69 SC
175.144 -2360.21 m
175.144 -2287.903 l
S
0.671 0.678 0.69 SC
175.611 -2360.21 m
175.611 -2287.903 l
S
0.667 0.675 0.686 SC
176.077 -2360.21 m
176.077 -2287.903 l
S
0.663 0.675 0.682 SC
176.544 -2360.21 m
176.544 -2287.903 l
S
0.663 0.671 0.678 SC
177.01 -2360.21 m
177.01 -2287.903 l
S
0.659 0.667 0.678 SC
177.477 -2360.21 m
177.477 -2287.903 l
S
0.655 0.663 0.675 SC
177.943 -2360.21 m
177.943 -2287.903 l
S
0.651 0.659 0.671 SC
178.41 -2360.21 m
178.41 -2287.903 l
S
0.651 0.659 0.667 SC
178.876 -2360.21 m
178.876 -2287.903 l
S
0.647 0.655 0.663 SC
179.343 -2360.21 m
179.343 -2287.903 l
S
0.643 0.651 0.663 SC
179.809 -2360.21 m
179.809 -2287.903 l
S
0.639 0.647 0.659 SC
180.276 -2360.21 m
180.276 -2287.903 l
S
0.635 0.643 0.655 SC
180.742 -2360.21 m
180.742 -2287.903 l
S
0.635 0.643 0.651 SC
181.209 -2360.21 m
181.209 -2287.903 l
S
0.631 0.639 0.647 SC
181.675 -2360.21 m
181.675 -2287.903 l
S
0.627 0.635 0.647 SC
182.142 -2360.21 m
182.142 -2287.903 l
S
0.624 0.631 0.643 SC
182.608 -2360.21 m
182.608 -2287.903 l
S
0.62 0.631 0.639 SC
183.075 -2360.21 m
183.075 -2287.903 l
S
0.62 0.627 0.635 SC
183.541 -2360.21 m
183.541 -2287.903 l
S
0.616 0.624 0.635 SC
184.008 -2360.21 m
184.008 -2287.903 l
S
0.612 0.62 0.631 SC
184.474 -2360.21 m
184.474 -2287.903 l
S
0.608 0.616 0.627 SC
184.941 -2360.21 m
184.941 -2287.903 l
S
0.608 0.616 0.624 SC
185.407 -2360.21 m
185.407 -2287.903 l
S
0.604 0.612 0.624 SC
185.874 -2360.21 m
185.874 -2287.903 l
S
0.6 0.608 0.62 SC
186.34 -2360.21 m
186.34 -2287.903 l
S
0.596 0.604 0.616 SC
186.806 -2360.21 m
186.806 -2287.903 l
S
0.596 0.604 0.612 SC
187.273 -2360.21 m
187.273 -2287.903 l
S
0.592 0.6 0.608 SC
187.739 -2360.21 m
187.739 -2287.903 l
S
0.588 0.596 0.608 SC
188.206 -2360.21 m
188.206 -2287.903 l
S
0.584 0.592 0.604 SC
188.672 -2360.21 m
188.672 -2287.903 l
S
0.584 0.592 0.6 SC
189.139 -2360.21 m
189.139 -2287.903 l
S
0.58 0.588 0.596 SC
189.605 -2360.21 m
189.605 -2287.903 l
S
0.576 0.584 0.596 SC
190.072 -2360.21 m
190.072 -2287.903 l
S
0.573 0.58 0.592 SC
190.538 -2360.21 m
190.538 -2287.903 l
S
0.573 0.58 0.588 SC
191.005 -2360.21 m
191.005 -2287.903 l
S
0.569 0.576 0.588 SC
191.471 -2360.21 m
191.471 -2287.903 l
S
0.565 0.573 0.584 SC
191.938 -2360.21 m
191.938 -2287.903 l
S
0.561 0.569 0.58 SC
192.404 -2360.21 m
192.404 -2287.903 l
S
0.561 0.569 0.576 SC
192.871 -2360.21 m
192.871 -2287.903 l
S
0.557 0.565 0.576 SC
193.337 -2360.21 m
193.337 -2287.903 l
S
0.553 0.561 0.573 SC
193.804 -2360.21 m
193.804 -2287.903 l
S
0.549 0.557 0.569 SC
194.27 -2360.21 m
194.27 -2287.903 l
S
0.549 0.557 0.565 SC
194.737 -2360.21 m
194.737 -2287.903 l
S
0.545 0.553 0.565 SC
195.203 -2360.21 m
195.203 -2287.903 l
S
0.541 0.549 0.561 SC
195.67 -2360.21 m
195.67 -2287.903 l
S
0.537 0.545 0.557 SC
196.136 -2360.21 m
196.136 -2287.903 l
S
0.537 0.545 0.553 SC
196.603 -2360.21 m
196.603 -2287.903 l
S
0.533 0.541 0.553 SC
197.069 -2360.21 m
197.069 -2287.903 l
S
0.529 0.537 0.549 SC
197.536 -2360.21 m
197.536 -2287.903 l
S
0.529 0.533 0.545 SC
198.002 -2360.21 m
198.002 -2287.903 l
S
0.525 0.533 0.541 SC
198.469 -2360.21 m
198.469 -2287.903 l
S
0.522 0.529 0.541 SC
198.935 -2360.21 m
198.935 -2287.903 l
S
0.518 0.525 0.537 SC
199.402 -2360.21 m
199.402 -2287.903 l
S
0.518 0.525 0.533 SC
199.868 -2360.21 m
199.868 -2287.903 l
S
0.514 0.522 0.529 SC
200.335 -2360.21 m
200.335 -2287.903 l
S
0.51 0.518 0.529 SC
200.801 -2360.21 m
200.801 -2287.903 l
S
0.51 0.514 0.525 SC
201.268 -2360.21 m
201.268 -2287.903 l
S
0.506 0.514 0.522 SC
201.734 -2360.21 m
201.734 -2287.903 l
S
0.502 0.51 0.518 SC
202.201 -2360.21 m
202.201 -2287.903 l
S
Q
Q
q
1 i 
-9 851 613 -860 re
0 841 m
W n
0.03 841.02 595.02 -841.02 re
W n
/Cs5 cs 0.161 0.145 0.149 sc
/GS1 gs
560.12 841.02 34.93 -6.11 re
f
/Cs5 CS 0.161 0.145 0.149 SC
0 J 0 j 0.3 w 10 M []0 d
567.202 840.678 m
567.202 804.948 l
S
286.57 22.8 22.68 -22.8 re
f
BT
/F1 1 Tf
10 0 0 10 289.5747 7.7671 Tm
1 1 1 sc
-0.0002 Tc
0 Tw
(665)Tj
/F3 1 Tf
7 0 0 7 473.8676 17.5374 Tm
0.161 0.145 0.149 sc
-0.0001 Tc
-0.0306 Tw
[(Swissmedic Jour)-17.9(nal)-1111.9(9/2002)]TJ
/F2 1 Tf
10 0 0 10 42.7953 763.6339 Tm
-0.0002 Tc
-0.0335 Tw
[(01)-1044.3(Oestr)17.6(ogel, gel)]TJ
/F5 1 Tf
0 -1.4174 TD
-0.0001 Tc
-0.0306 Tw
[(Laboratoire Golaz SA, Rte de Moncor 10, 1752 V)17.7(illars-sur)17.7(-Glâne)]TJ
ET
0.4 w 
42.8 741.51 m
510.51 741.51 l
42.8 723.82 m
510.51 723.82 l
S
BT
10 0 0 10 42.7953 729.1213 Tm
-0.0002 Tc
0 Tw
[(N°)-247.4(AMM: )]TJ
/F2 1 Tf
4.5038 0 TD
(46638)Tj
/F5 1 Tf
8.2521 0 TD
-0.0001 Tc
-0.0306 Tw
(Mode de vente: )Tj
/F2 1 Tf
7.5194 0 TD
0 Tc
0 Tw
(B)Tj
/F5 1 Tf
5.2365 0 TD
-0.0001 Tc
-0.0306 Tw
[(Index: 07.08.2.)-9563.5(09.09.2002)]TJ
-25.5118 -2.2428 TD
-0.0002 Tc
0 Tw
[(Composition:)-3756.2(01)]TJ
8.3 0 0 8.3 156.1811 706.6931 Tm
-0.0001 Tc
-0.0306 Tw
[(ESTRADIOLUM 0.6)-278.1(mg ut ESTRADIOLUM HEMIHYDRICUM, EXCIPIENS ad GELA)73.7(TUM pro 1)-278.1(g)0.1(. )]TJ
10 0 0 10 42.7953 692.5195 Tm
[(Indication:)-6395.3(Substitution oestrogénique dans les troubles de la ménopause)]TJ
0 -1.4174 TD
[(* Conditionnements:)-230.5(01)-305.6(tube avec réglette applicatrice)]TJ
11.3386 -1.4174 TD
-0.0002 Tc
0 Tw
[(018)-7141.9(8)0(0)-567.1(g)-12995.5(B)]TJ
-1.4173 -1.4174 TD
-0.0001 Tc
[(01)-305.6(dispenser)]TJ
1.4173 -1.4174 TD
-0.0002 Tc
[(026)-7141.9(8)0(0)-567.1(g)-12995.5(B)]TJ
T*
-0.0001 Tc
-0.0306 Tw
[(034)-5591.4(3)0( x 80)-567(g)-12995.4(B)]TJ
-11.3386 -1.4174 TD
[(Remarque:)-6282.8(Cette attestation d’enregistrement annule celle du 27.10.2001)]TJ
T*
-0.0488 Tc
0 Tw
(Va)Tj
1.174 0 TD
-0.0001 Tc
-0.0306 Tw
[(lable jusqu’au:)-3417.3(31 décembre 2006)]TJ
ET
42.8 584.89 m
510.51 584.89 l
S
BT
/F2 1 Tf
10 0 0 10 42.7953 548.8946 Tm
-0.0337 Tw
[(01)-1044.2(Passelyt, Nerventr)17.7(opfen)]TJ
/F5 1 Tf
0 -1.4174 TD
-0.0306 Tw
(* Gebro Pharma AG, Oristalstrasse 87a, 4410 Liestal)Tj
ET
42.8 526.77 m
510.51 526.77 l
42.8 509.08 m
510.51 509.08 l
S
BT
10 0 0 10 42.7953 514.382 Tm
-0.0002 Tc
0 Tw
[(Zul.-Nr)91.6(.: )]TJ
/F2 1 Tf
3.8772 0 TD
(49287)Tj
/F5 1 Tf
8.8787 0 TD
0 Tc
(V)Tj
0.6301 0 TD
-0.0001 Tc
(erkaufsart: )Tj
/F2 1 Tf
5.3042 0 TD
0 Tc
(D)Tj
/F5 1 Tf
6.8216 0 TD
-0.0001 Tc
-0.0306 Tw
[(Index: 01.04.1.)-9563.5(25.09.2002)]TJ
-25.5118 -2.2428 TD
0 Tw
[(Zusammensetzung:)-921.1(01)]TJ
8.3 0 0 8.3 156.1811 491.9539 Tm
0 Tc
(P)Tj
0.5191 0 TD
-0.0001 Tc
-0.0226 Tw
[(ASSIFLORAE ALCOHOLA)73.7(TURA 0.97)-278.1(mL, AURANTII DULCIS FLA)36.7(VEDINIS EXTRACTUM, CINNA-)]TJ
-0.5191 -1.3661 TD
0.0803 Tw
[(MOMI EXTRACTUM, MELISSAE EXTRACTUM q.s. ad SOLUTIONEM pro 1)-278.1(mL corresp. ETHA-)]TJ
T*
-0.0306 Tw
[(NOLUM 60)-139.1(% V/V)91.5(. )]TJ
10 0 0 10 42.7953 455.1023 Tm
[(Anwendung:)-5285.2(Bei Nervosität)]TJ
0 -1.4174 TD
0 Tw
[(Packungen:)-4532.7(01)-305.6(011)-7141.8(3)0.1(0)-567(m)0(L)-12217.5(D)]TJ
11.3386 -1.4174 TD
[(038)-6585.9(1)0.1(00)-567.1(mL)-12217.5(D)]TJ
-11.3386 -1.4174 TD
0.1924 Tw
[(* )223(Bemerkungen:)-3702(Ersetzt die Registrierungsurkunde vom 07.08.1997 \(Änderung Zulassungs-)]TJ
11.3386 -1.1339 TD
-0.0002 Tc
0 Tw
(inhaberin\))Tj
-11.3386 -1.4174 TD
-0.0001 Tc
-0.0306 Tw
[(Gültig bis:)-6647.8(31. Dezember 2002)]TJ
ET
42.8 378.65 m
510.51 378.65 l
S
BT
/F2 1 Tf
10 0 0 10 42.7953 342.6593 Tm
-0.0336 Tw
[(01)-1044.2(Plus Kalium r)17.7(etar)17.7(d, T)98.8(abletten)]TJ
/F5 1 Tf
T*
-0.0306 Tw
(Amino AG, Althofstrasse 12, 5432 Neuenhof)Tj
ET
42.8 320.54 m
510.51 320.54 l
42.8 302.84 m
510.51 302.84 l
S
BT
10 0 0 10 42.7953 308.1467 Tm
-0.0002 Tc
0 Tw
[(Zul.-Nr)91.6(.: )]TJ
/F2 1 Tf
3.8772 0 TD
(29138)Tj
/F5 1 Tf
8.8787 0 TD
0 Tc
(V)Tj
0.6301 0 TD
-0.0001 Tc
(erkaufsart: )Tj
/F2 1 Tf
5.3042 0 TD
0 Tc
(C)Tj
/F5 1 Tf
6.8216 0 TD
-0.0001 Tc
-0.0306 Tw
[(Index: 07.02.1.)-9563.5(20.09.2002)]TJ
-25.5118 -2.2428 TD
0 Tw
[(Zusammensetzung:)-921.1(01)]TJ
8.3 0 0 8.3 156.1811 285.7186 Tm
-0.0306 Tw
[(KALII CHLORIDUM 600)-278.1(mg, EXCIPIENS pro COMPRESSO.)]TJ
10 0 0 10 42.7953 271.5449 Tm
0 Tw
[(Anwendung:)-5285.2(Kaliumpräparat)]TJ
0 -1.4174 TD
[(Packungen:)-4532.7(01)-305.6(044)-7141.8(4)0.1(0)-567(T)74(abletten)-9179.4(C)]TJ
11.3386 -1.4174 TD
[(052)-6585.9(2)0.1(00)-567.1(T)74(abletten)-9179.4(C)]TJ
-11.3386 -1.4174 TD
-0.0306 Tw
[(* Gültig bis:)-5844.6(19. September 2007)]TJ
ET
42.8 220.61 m
510.51 220.61 l
S
Q

q
1 i 
-9 851 613 -860 re
0 841 m
W n
0.03 841.02 595.02 -841.02 re
W n
BT
/F4 1 Tf
12.5 0 0 12.5 34.4488 811.7822 Tm
/Cs5 cs 0.161 0.145 0.149 sc
/GS1 gs
-0.0001 Tc
-0.0286 Tw
[(Arzneimittel Statistik)-130(/)-129.9(M)0.1(édicaments miscellanées)]TJ
ET
/Cs5 CS 0.161 0.145 0.149 SC
0 J 0 j 0.3 w 10 M []0 d
28.35 805.15 m
552.76 805.15 l
S
Q
q
1 i 
35.43 850.5 198.43 -24.09 re
308.74 811.782 m
W* n
-9 851 613 -860 re
0 841 m
W n
0.03 841.02 595.02 -841.02 re
W n
q
2.7718 0 0 -0.3608 0 0 cm
/Cs5 CS 0.502 0.51 0.518 SC
0 J 0 j 0.5 w 10 M []0 d
/GS1 gs
12.655 -2360.21 m
12.655 -2287.903 l
S
0.506 0.514 0.522 SC
13.121 -2360.21 m
13.121 -2287.903 l
S
0.51 0.514 0.525 SC
13.588 -2360.21 m
13.588 -2287.903 l
S
0.51 0.518 0.529 SC
14.054 -2360.21 m
14.054 -2287.903 l
S
0.514 0.522 0.529 SC
14.521 -2360.21 m
14.521 -2287.903 l
S
0.518 0.525 0.533 SC
14.987 -2360.21 m
14.987 -2287.903 l
S
0.518 0.525 0.537 SC
15.454 -2360.21 m
15.454 -2287.903 l
S
0.522 0.529 0.541 SC
15.92 -2360.21 m
15.92 -2287.903 l
S
0.525 0.533 0.541 SC
16.387 -2360.21 m
16.387 -2287.903 l
S
0.529 0.533 0.545 SC
16.853 -2360.21 m
16.853 -2287.903 l
S
0.529 0.537 0.549 SC
17.32 -2360.21 m
17.32 -2287.903 l
S
0.533 0.541 0.553 SC
17.786 -2360.21 m
17.786 -2287.903 l
S
0.537 0.545 0.553 SC
18.253 -2360.21 m
18.253 -2287.903 l
S
0.537 0.545 0.557 SC
18.719 -2360.21 m
18.719 -2287.903 l
S
0.541 0.549 0.561 SC
19.186 -2360.21 m
19.186 -2287.903 l
S
0.545 0.553 0.565 SC
19.652 -2360.21 m
19.652 -2287.903 l
S
0.549 0.557 0.565 SC
20.119 -2360.21 m
20.119 -2287.903 l
S
0.549 0.557 0.569 SC
20.585 -2360.21 m
20.585 -2287.903 l
S
0.553 0.561 0.573 SC
21.052 -2360.21 m
21.052 -2287.903 l
S
0.557 0.565 0.576 SC
21.518 -2360.21 m
21.518 -2287.903 l
S
0.561 0.569 0.576 SC
21.985 -2360.21 m
21.985 -2287.903 l
S
0.561 0.569 0.58 SC
22.451 -2360.21 m
22.451 -2287.903 l
S
0.565 0.573 0.584 SC
22.918 -2360.21 m
22.918 -2287.903 l
S
0.569 0.576 0.588 SC
23.384 -2360.21 m
23.384 -2287.903 l
S
0.573 0.58 0.588 SC
23.851 -2360.21 m
23.851 -2287.903 l
S
0.573 0.58 0.592 SC
24.317 -2360.21 m
24.317 -2287.903 l
S
0.576 0.584 0.596 SC
24.784 -2360.21 m
24.784 -2287.903 l
S
0.58 0.588 0.596 SC
25.25 -2360.21 m
25.25 -2287.903 l
S
0.584 0.592 0.6 SC
25.717 -2360.21 m
25.717 -2287.903 l
S
0.584 0.592 0.604 SC
26.183 -2360.21 m
26.183 -2287.903 l
S
0.588 0.596 0.608 SC
26.65 -2360.21 m
26.65 -2287.903 l
S
0.592 0.6 0.608 SC
27.116 -2360.21 m
27.116 -2287.903 l
S
0.596 0.604 0.612 SC
27.583 -2360.21 m
27.583 -2287.903 l
S
0.596 0.604 0.616 SC
28.049 -2360.21 m
28.049 -2287.903 l
S
0.6 0.608 0.62 SC
28.516 -2360.21 m
28.516 -2287.903 l
S
0.604 0.612 0.624 SC
28.982 -2360.21 m
28.982 -2287.903 l
S
0.608 0.616 0.624 SC
29.449 -2360.21 m
29.449 -2287.903 l
S
0.608 0.616 0.627 SC
29.915 -2360.21 m
29.915 -2287.903 l
S
0.612 0.62 0.631 SC
30.382 -2360.21 m
30.382 -2287.903 l
S
0.616 0.624 0.635 SC
30.848 -2360.21 m
30.848 -2287.903 l
S
0.62 0.627 0.635 SC
31.315 -2360.21 m
31.315 -2287.903 l
S
0.62 0.631 0.639 SC
31.781 -2360.21 m
31.781 -2287.903 l
S
0.624 0.631 0.643 SC
32.248 -2360.21 m
32.248 -2287.903 l
S
0.627 0.635 0.647 SC
32.714 -2360.21 m
32.714 -2287.903 l
S
0.631 0.639 0.647 SC
33.181 -2360.21 m
33.181 -2287.903 l
S
0.635 0.643 0.651 SC
33.647 -2360.21 m
33.647 -2287.903 l
S
0.635 0.643 0.655 SC
34.113 -2360.21 m
34.113 -2287.903 l
S
0.639 0.647 0.659 SC
34.58 -2360.21 m
34.58 -2287.903 l
S
0.643 0.651 0.663 SC
35.046 -2360.21 m
35.046 -2287.903 l
S
0.647 0.655 0.663 SC
35.513 -2360.21 m
35.513 -2287.903 l
S
0.651 0.659 0.667 SC
35.979 -2360.21 m
35.979 -2287.903 l
S
0.651 0.659 0.671 SC
36.446 -2360.21 m
36.446 -2287.903 l
S
0.655 0.663 0.675 SC
36.912 -2360.21 m
36.912 -2287.903 l
S
0.659 0.667 0.678 SC
37.379 -2360.21 m
37.379 -2287.903 l
S
0.663 0.671 0.678 SC
37.845 -2360.21 m
37.845 -2287.903 l
S
0.663 0.675 0.682 SC
38.312 -2360.21 m
38.312 -2287.903 l
S
0.667 0.675 0.686 SC
38.778 -2360.21 m
38.778 -2287.903 l
S
0.671 0.678 0.69 SC
39.245 -2360.21 m
39.245 -2287.903 l
S
0.675 0.682 0.69 SC
39.711 -2360.21 m
39.711 -2287.903 l
S
0.678 0.686 0.694 SC
40.178 -2360.21 m
40.178 -2287.903 l
S
0.682 0.69 0.698 SC
40.644 -2360.21 m
40.644 -2287.903 l
S
0.682 0.69 0.702 SC
41.111 -2360.21 m
41.111 -2287.903 l
S
0.686 0.694 0.706 SC
41.577 -2360.21 m
41.577 -2287.903 l
S
0.69 0.698 0.706 SC
42.044 -2360.21 m
42.044 -2287.903 l
S
0.694 0.702 0.71 SC
42.51 -2360.21 m
42.51 -2287.903 l
S
0.698 0.706 0.714 SC
42.977 -2360.21 m
42.977 -2287.903 l
S
0.698 0.706 0.718 SC
43.443 -2360.21 m
43.443 -2287.903 l
S
0.702 0.71 0.722 SC
43.91 -2360.21 m
43.91 -2287.903 l
S
0.706 0.714 0.722 SC
44.376 -2360.21 m
44.376 -2287.903 l
S
0.71 0.718 0.725 SC
44.843 -2360.21 m
44.843 -2287.903 l
S
0.714 0.722 0.729 SC
45.309 -2360.21 m
45.309 -2287.903 l
S
0.714 0.722 0.733 SC
45.776 -2360.21 m
45.776 -2287.903 l
S
0.718 0.725 0.737 SC
46.242 -2360.21 m
46.242 -2287.903 l
S
0.722 0.729 0.737 SC
46.709 -2360.21 m
46.709 -2287.903 l
S
0.725 0.733 0.741 SC
47.175 -2360.21 m
47.175 -2287.903 l
S
0.729 0.737 0.745 SC
47.642 -2360.21 m
47.642 -2287.903 l
S
0.733 0.741 0.749 SC
48.108 -2360.21 m
48.108 -2287.903 l
S
0.733 0.741 0.753 SC
48.575 -2360.21 m
48.575 -2287.903 l
49.041 -2360.21 m
49.041 -2287.903 l
S
0.737 0.745 0.753 SC
49.508 -2360.21 m
49.508 -2287.903 l
S
0.741 0.749 0.757 SC
49.974 -2360.21 m
49.974 -2287.903 l
S
0.745 0.753 0.761 SC
50.441 -2360.21 m
50.441 -2287.903 l
S
0.749 0.757 0.765 SC
50.907 -2360.21 m
50.907 -2287.903 l
S
0.753 0.761 0.769 SC
51.374 -2360.21 m
51.374 -2287.903 l
51.84 -2360.21 m
51.84 -2287.903 l
S
0.757 0.765 0.773 SC
52.307 -2360.21 m
52.307 -2287.903 l
S
0.761 0.769 0.776 SC
52.773 -2360.21 m
52.773 -2287.903 l
S
0.765 0.773 0.78 SC
53.24 -2360.21 m
53.24 -2287.903 l
S
0.769 0.776 0.784 SC
53.706 -2360.21 m
53.706 -2287.903 l
S
0.773 0.776 0.784 SC
54.173 -2360.21 m
54.173 -2287.903 l
S
0.776 0.78 0.788 SC
54.639 -2360.21 m
54.639 -2287.903 l
S
0.776 0.784 0.792 SC
55.106 -2360.21 m
55.106 -2287.903 l
S
0.78 0.788 0.796 SC
55.572 -2360.21 m
55.572 -2287.903 l
S
0.784 0.792 0.8 SC
56.039 -2360.21 m
56.039 -2287.903 l
S
0.788 0.796 0.8 SC
56.505 -2360.21 m
56.505 -2287.903 l
S
0.792 0.796 0.804 SC
56.972 -2360.21 m
56.972 -2287.903 l
S
0.796 0.8 0.808 SC
57.438 -2360.21 m
57.438 -2287.903 l
S
0.796 0.804 0.812 SC
57.905 -2360.21 m
57.905 -2287.903 l
S
0.8 0.808 0.816 SC
58.371 -2360.21 m
58.371 -2287.903 l
S
0.804 0.812 0.816 SC
58.838 -2360.21 m
58.838 -2287.903 l
S
0.808 0.812 0.82 SC
59.304 -2360.21 m
59.304 -2287.903 l
S
0.812 0.816 0.824 SC
59.771 -2360.21 m
59.771 -2287.903 l
S
0.816 0.82 0.827 SC
60.237 -2360.21 m
60.237 -2287.903 l
S
0.816 0.824 0.831 SC
60.704 -2360.21 m
60.704 -2287.903 l
S
0.82 0.827 0.831 SC
61.17 -2360.21 m
61.17 -2287.903 l
S
0.824 0.831 0.835 SC
61.637 -2360.21 m
61.637 -2287.903 l
S
0.827 0.831 0.839 SC
62.103 -2360.21 m
62.103 -2287.903 l
S
0.831 0.835 0.843 SC
62.57 -2360.21 m
62.57 -2287.903 l
S
0.835 0.839 0.843 SC
63.036 -2360.21 m
63.036 -2287.903 l
S
0.835 0.843 0.847 SC
63.503 -2360.21 m
63.503 -2287.903 l
S
0.839 0.847 0.851 SC
63.969 -2360.21 m
63.969 -2287.903 l
S
0.843 0.847 0.855 SC
64.436 -2360.21 m
64.436 -2287.903 l
S
0.847 0.851 0.859 SC
64.902 -2360.21 m
64.902 -2287.903 l
S
0.851 0.855 0.859 SC
65.369 -2360.21 m
65.369 -2287.903 l
S
0.855 0.859 0.863 SC
65.835 -2360.21 m
65.835 -2287.903 l
S
0.855 0.863 0.867 SC
66.302 -2360.21 m
66.302 -2287.903 l
S
0.859 0.863 0.871 SC
66.768 -2360.21 m
66.768 -2287.903 l
S
0.863 0.867 0.875 SC
67.235 -2360.21 m
67.235 -2287.903 l
S
0.867 0.871 0.875 SC
67.701 -2360.21 m
67.701 -2287.903 l
S
0.871 0.875 0.878 SC
68.168 -2360.21 m
68.168 -2287.903 l
S
0.875 0.878 0.882 SC
68.634 -2360.21 m
68.634 -2287.903 l
S
0.875 0.882 0.886 SC
69.101 -2360.21 m
69.101 -2287.903 l
S
0.878 0.882 0.89 SC
69.567 -2360.21 m
69.567 -2287.903 l
S
0.882 0.886 0.89 SC
70.034 -2360.21 m
70.034 -2287.903 l
S
0.886 0.89 0.894 SC
70.5 -2360.21 m
70.5 -2287.903 l
S
0.89 0.894 0.898 SC
70.967 -2360.21 m
70.967 -2287.903 l
S
0.894 0.898 0.902 SC
71.433 -2360.21 m
71.433 -2287.903 l
S
0.898 0.898 0.902 SC
71.9 -2360.21 m
71.9 -2287.903 l
S
0.898 0.902 0.906 SC
72.366 -2360.21 m
72.366 -2287.903 l
S
0.902 0.906 0.91 SC
72.833 -2360.21 m
72.833 -2287.903 l
S
0.906 0.91 0.914 SC
73.299 -2360.21 m
73.299 -2287.903 l
S
0.91 0.914 0.918 SC
73.766 -2360.21 m
73.766 -2287.903 l
S
0.914 0.918 0.922 SC
74.232 -2360.21 m
74.232 -2287.903 l
S
0.918 0.922 0.922 SC
74.699 -2360.21 m
74.699 -2287.903 l
S
0.922 0.922 0.925 SC
75.165 -2360.21 m
75.165 -2287.903 l
S
0.922 0.925 0.929 SC
75.632 -2360.21 m
75.632 -2287.903 l
S
0.925 0.929 0.933 SC
76.098 -2360.21 m
76.098 -2287.903 l
S
0.929 0.933 0.933 SC
76.565 -2360.21 m
76.565 -2287.903 l
S
0.933 0.937 0.937 SC
77.031 -2360.21 m
77.031 -2287.903 l
S
0.937 0.937 0.941 SC
77.498 -2360.21 m
77.498 -2287.903 l
S
0.941 0.941 0.945 SC
77.964 -2360.21 m
77.964 -2287.903 l
S
0.945 0.945 0.949 SC
78.431 -2360.21 m
78.431 -2287.903 l
S
0.945 0.949 0.949 SC
78.897 -2360.21 m
78.897 -2287.903 l
S
0.949 0.953 0.953 SC
79.364 -2360.21 m
79.364 -2287.903 l
S
0.953 0.957 0.957 SC
79.83 -2360.21 m
79.83 -2287.903 l
S
0.957 0.957 0.961 SC
80.297 -2360.21 m
80.297 -2287.903 l
S
0.961 0.961 0.965 SC
80.763 -2360.21 m
80.763 -2287.903 l
S
0.965 0.965 0.969 SC
81.23 -2360.21 m
81.23 -2287.903 l
S
0.969 0.969 0.969 SC
81.696 -2360.21 m
81.696 -2287.903 l
S
0.973 0.973 0.973 SC
82.163 -2360.21 m
82.163 -2287.903 l
S
0.976 0.976 0.976 SC
82.629 -2360.21 m
82.629 -2287.903 l
S
0.98 0.98 0.984 SC
83.096 -2360.21 m
83.096 -2287.903 l
S
0.988 0.988 0.988 SC
83.562 -2360.21 m
83.562 -2287.903 l
S
0.992 0.992 0.992 SC
84.029 -2360.21 m
84.029 -2287.903 l
S
1 1 1 SC
84.495 -2360.21 m
84.495 -2287.903 l
S
Q
Q
q
1 i 
-9 851 613 -860 re
0 841 m
W n
0.03 841.02 595.02 -841.02 re
W n
/Cs5 cs 0.161 0.145 0.149 sc
/GS1 gs
0.03 841.02 35.4 -6.11 re
f
/Cs5 CS 0.161 0.145 0.149 SC
0 J 0 j 0.3 w 10 M []0 d
28.347 841.076 m
28.347 805.006 l
S
286.3 22.8 22.68 -22.8 re
f
BT
/F1 1 Tf
10 0 0 10 289.2992 7.7671 Tm
1 1 1 sc
-0.0002 Tc
0 Tw
(666)Tj
/F3 1 Tf
7 0 0 7 35.4331 17.5374 Tm
0.161 0.145 0.149 sc
-0.0001 Tc
-0.0306 Tw
[(Swissmedic Jour)-17.9(nal)-1111.9(9/2002)]TJ
/F2 1 Tf
10 0 0 10 85.0394 763.6339 Tm
-0.0336 Tw
[(01)-1044.2(Priadel r)17.7(etar)17.7(d, comprimés)]TJ
/F5 1 Tf
0 -1.4174 TD
-0.0306 Tw
[(* Sanofi-Synthélabo \(Suisse\) SA, 11, rue de V)36.7(eyrot, 1217 Meyrin)]TJ
ET
0.4 w 
85.04 741.51 m
552.76 741.51 l
85.04 723.82 m
552.76 723.82 l
S
BT
10 0 0 10 85.0394 729.1213 Tm
-0.0002 Tc
0 Tw
[(N°)-247.4(AMM: )]TJ
/F2 1 Tf
4.5038 0 TD
(35380)Tj
/F5 1 Tf
8.2521 0 TD
-0.0001 Tc
-0.0306 Tw
(Mode de vente: )Tj
/F2 1 Tf
7.5194 0 TD
0 Tc
0 Tw
(A)Tj
/F5 1 Tf
5.2365 0 TD
-0.0001 Tc
-0.0306 Tw
[(Index: 01.06.0.)-9563.5(01.09.2002)]TJ
-25.5118 -2.2428 TD
-0.0002 Tc
0 Tw
[(Composition:)-3756.2(01)]TJ
8.3 0 0 8.3 198.4252 706.6931 Tm
-0.0001 Tc
-0.0306 Tw
[(LITHII CARBONAS 100)-278.1(mg corresp. LITHIUM 10.8 mmol, EXCIPIENS pro COMPRESSO.)]TJ
10 0 0 10 85.0394 692.5195 Tm
[(Indication:)-6395.3(Etats maniacodépressifs)]TJ
0 -1.4174 TD
0 Tw
[(Conditionnement:)-1422.6(0)0.1(1)-305.6(0)0(19)-6585.9(100)-567.1(comprimés)-8551.5(A)]TJ
T*
-0.0102 Tw
[(* )20.4(Remarques:)-5090.7(Cette attestation d’enregistrement annule celle du 15.09.1999 \(Changement)]TJ
11.3386 -1.1339 TD
-0.0306 Tw
(de titulaire de l’AMM\))Tj
-11.3386 -1.4174 TD
-0.0488 Tc
0 Tw
(Va)Tj
1.174 0 TD
-0.0001 Tc
-0.0306 Tw
[(lable jusqu’au:)-3417.3(31 décembre 2004)]TJ
ET
85.04 630.25 m
552.76 630.25 l
S
BT
/F2 1 Tf
10 0 0 10 85.0394 594.2502 Tm
-0.0336 Tw
[(01)-1044.2(Primpéran, comprimés)]TJ
/F5 1 Tf
0 -1.4174 TD
-0.0306 Tw
[(* Sanofi-Synthélabo \(Suisse\) SA, 11, rue de V)36.7(eyrot, 1217 Meyrin)]TJ
ET
85.04 572.13 m
552.76 572.13 l
85.04 554.44 m
552.76 554.44 l
S
BT
10 0 0 10 85.0394 559.7375 Tm
-0.0002 Tc
0 Tw
[(N°)-247.4(AMM: )]TJ
/F2 1 Tf
4.5038 0 TD
(31204)Tj
/F5 1 Tf
8.2521 0 TD
-0.0001 Tc
-0.0306 Tw
(Mode de vente: )Tj
/F2 1 Tf
7.5194 0 TD
0 Tc
0 Tw
(B)Tj
/F5 1 Tf
5.2365 0 TD
-0.0001 Tc
-0.0306 Tw
[(Index: 04.06.0.)-9563.5(01.09.2002)]TJ
-25.5118 -2.2428 TD
-0.0002 Tc
0 Tw
[(Composition:)-3756.2(01)]TJ
8.3 0 0 8.3 198.4252 537.3093 Tm
-0.0001 Tc
-0.0306 Tw
[(METOCLOPRAMIDI HYDROCHLORIDUM ANHYDRICUM 10)-278.1(mg, EXCIPIENS pro COMPRESSO.)]TJ
10 0 0 10 85.0394 523.1358 Tm
[(Indication:)-6395.3(T)74(roubles digestifs)]TJ
0 -1.4174 TD
0 Tw
[(Conditionnement:)-1422.6(0)0.1(1)-305.6(0)0(11)-7141.8(40)-567(comprimés)-8551.5(B)]TJ
T*
-0.0102 Tw
[(* )20.4(Remarques:)-5090.7(Cette attestation d’enregistrement annule celle du 05.10.2000 \(Changement)]TJ
11.3386 -1.1339 TD
-0.0306 Tw
(de titulaire de l’AMM\))Tj
-11.3386 -1.4174 TD
-0.0488 Tc
0 Tw
(Va)Tj
1.174 0 TD
-0.0001 Tc
-0.0306 Tw
[(lable jusqu’au:)-3417.3(31 décembre 2005)]TJ
ET
85.04 460.86 m
552.76 460.86 l
S
BT
/F2 1 Tf
10 0 0 10 85.0394 424.8665 Tm
-0.0336 Tw
[(01)-1044.2(Primpéran, gouttes buvables pour usage pédiatrique)]TJ
/F5 1 Tf
0 -1.4174 TD
-0.0306 Tw
[(* Sanofi-Synthélabo \(Suisse\) SA, 11, rue de V)36.7(eyrot, 1217 Meyrin)]TJ
ET
85.04 402.74 m
552.76 402.74 l
85.04 385.05 m
552.76 385.05 l
S
BT
10 0 0 10 85.0394 390.3539 Tm
-0.0002 Tc
0 Tw
[(N°)-247.4(AMM: )]TJ
/F2 1 Tf
4.5038 0 TD
(31865)Tj
/F5 1 Tf
8.2521 0 TD
-0.0001 Tc
-0.0306 Tw
(Mode de vente: )Tj
/F2 1 Tf
7.5194 0 TD
0 Tc
0 Tw
(B)Tj
/F5 1 Tf
5.2365 0 TD
-0.0001 Tc
-0.0306 Tw
[(Index: 04.06.0.)-9563.5(01.09.2002)]TJ
-25.5118 -2.2428 TD
-0.0002 Tc
0 Tw
[(Composition:)-3756.2(01)]TJ
8.3 0 0 8.3 198.4252 367.9256 Tm
-0.0001 Tc
0.4727 Tw
[(METOCLOPRAMIDI DIHYDROCHLORIDUM ANHYDRICUM 2.6)-278.1(mg ut METOCLOPRAMIDI)]TJ
0 -1.3661 TD
-0.0512 Tw
[(DIHYDROCHLORIDUM MONOHYDRICUM, SACCHARINUM, ANTIOX.: E)-278.1(223, CONSER)17.7(V)91.5(.: E)-278.1(216,)]TJ
T*
0 Tc
0 Tw
(E)Tj
0.8339 0 TD
-0.0001 Tc
-0.0306 Tw
[(218, EXCIPIENS ad SOLUTIONEM pro 1)-278.1(mL corresp. 26 GUTT)54.7(AE. )]TJ
10 0 0 10 85.0394 331.0741 Tm
[(Indication:)-6395.3(T)74(roubles digestifs)]TJ
0 -1.4174 TD
0 Tw
[(Conditionnement:)-1422.6(0)0.1(1)-305.6(0)0(18)-7141.8(60)-567(mL)-12217.5(B)]TJ
T*
-0.0102 Tw
[(* )20.4(Remarques:)-5090.7(Cette attestation d’enregistrement annule celle du 05.10.2000 \(Changement)]TJ
11.3386 -1.1339 TD
-0.0306 Tw
(de titulaire de l’AMM\))Tj
-11.3386 -1.4174 TD
-0.0488 Tc
0 Tw
(Va)Tj
1.174 0 TD
-0.0001 Tc
-0.0306 Tw
[(lable jusqu’au:)-3417.3(31 décembre 2005)]TJ
ET
85.04 268.8 m
552.76 268.8 l
S
BT
/F2 1 Tf
10 0 0 10 85.0394 232.8048 Tm
-0.0336 Tw
[(02)-1044.2(Primpéran, soluté buvable)]TJ
/F5 1 Tf
0 -1.4174 TD
-0.0306 Tw
[(* Sanofi-Synthélabo \(Suisse\) SA, 11, rue de V)36.7(eyrot, 1217 Meyrin)]TJ
ET
85.04 210.68 m
552.76 210.68 l
85.04 192.99 m
552.76 192.99 l
S
BT
10 0 0 10 85.0394 198.2921 Tm
-0.0002 Tc
0 Tw
[(N°)-247.4(AMM: )]TJ
/F2 1 Tf
4.5038 0 TD
(31205)Tj
/F5 1 Tf
8.2521 0 TD
-0.0001 Tc
-0.0306 Tw
(Mode de vente: )Tj
/F2 1 Tf
7.5194 0 TD
0 Tc
0 Tw
(B)Tj
/F5 1 Tf
5.2365 0 TD
-0.0001 Tc
-0.0306 Tw
[(Index: 04.06.0.)-9563.5(01.09.2002)]TJ
-25.5118 -2.2428 TD
-0.0002 Tc
0 Tw
[(Composition:)-3756.2(02)]TJ
8.3 0 0 8.3 198.4252 175.864 Tm
-0.0001 Tc
-0.0693 Tw
[(METOCLOPRAMIDI HYDROCHLORIDUM 10.5)-278.1(mg corresp. METOCLOPRAMIDUM 8.9)-278.1(mg, SAC-)]TJ
0 -1.3661 TD
-0.0306 Tw
[(CHARINUM, AROMA)73.7(TICA, CONSER)17.7(V)91.5(.: E)-278.1(216, E)-278.1(218, EXCIPIENS ad SOLUTIONEM pro 10)-278.1(mL. )]TJ
10 0 0 10 85.0394 150.3514 Tm
[(Indication:)-6395.3(T)74(roubles digestifs)]TJ
0 -1.4174 TD
0 Tw
[(Conditionnements:)-1033.7(02)-305.6(018)-6585.9(1)0.1(25)-567.1(mL)-12217.5(B)]TJ
11.3386 -1.4174 TD
[(026)-6585.9(2)0.1(00)-567.1(mL)-12217.5(B)]TJ
-11.3386 -1.4174 TD
-0.0102 Tw
[(* )20.4(Remarques:)-5090.7(Cette attestation d’enregistrement annule celle du 05.10.2000 \(Changement)]TJ
11.3386 -1.1339 TD
-0.0306 Tw
(de titulaire de l’AMM\))Tj
-11.3386 -1.4174 TD
-0.0488 Tc
0 Tw
(Va)Tj
1.174 0 TD
-0.0001 Tc
-0.0306 Tw
[(lable jusqu’au:)-3417.3(31 décembre 2005)]TJ
ET
85.04 73.9 m
552.76 73.9 l
S
Q

q
1 i 
-9 851 613 -860 re
0 841 m
W n
0.03 841.02 595.02 -841.02 re
W n
BT
/F4 1 Tf
12.5 0 0 12.5 285.8058 811.7825 Tm
/Cs5 cs 0.161 0.145 0.149 sc
/GS1 gs
-0.0001 Tc
-0.0286 Tw
[(Arzneimittel Statistik)-130(/)-129.9(M)0.1(édicaments miscellanées)]TJ
ET
/Cs5 CS 0.161 0.145 0.149 SC
0 J 0 j 0.3 w 10 M []0 d
42.8 805.15 m
567.2 805.15 l
S
Q
q
1 i 
361.69 850.5 198.43 -24.09 re
560.097 811.782 m
W* n
-9 851 613 -860 re
0 841 m
W n
0.03 841.02 595.02 -841.02 re
W n
q
2.7718 0 0 -0.3608 0 0 cm
/Cs5 CS 1 1 1 SC
0 J 0 j 0.5 w 10 M []0 d
/GS1 gs
130.36 -2360.21 m
130.36 -2287.903 l
S
0.992 0.992 0.992 SC
130.827 -2360.21 m
130.827 -2287.903 l
S
0.988 0.988 0.988 SC
131.293 -2360.21 m
131.293 -2287.903 l
S
0.98 0.98 0.984 SC
131.76 -2360.21 m
131.76 -2287.903 l
S
0.976 0.976 0.976 SC
132.226 -2360.21 m
132.226 -2287.903 l
S
0.973 0.973 0.973 SC
132.693 -2360.21 m
132.693 -2287.903 l
S
0.969 0.969 0.969 SC
133.159 -2360.21 m
133.159 -2287.903 l
S
0.965 0.965 0.969 SC
133.626 -2360.21 m
133.626 -2287.903 l
S
0.961 0.961 0.965 SC
134.092 -2360.21 m
134.092 -2287.903 l
S
0.957 0.957 0.961 SC
134.559 -2360.21 m
134.559 -2287.903 l
S
0.953 0.957 0.957 SC
135.025 -2360.21 m
135.025 -2287.903 l
S
0.949 0.953 0.953 SC
135.492 -2360.21 m
135.492 -2287.903 l
S
0.945 0.949 0.949 SC
135.958 -2360.21 m
135.958 -2287.903 l
S
0.945 0.945 0.949 SC
136.425 -2360.21 m
136.425 -2287.903 l
S
0.941 0.941 0.945 SC
136.891 -2360.21 m
136.891 -2287.903 l
S
0.937 0.937 0.941 SC
137.358 -2360.21 m
137.358 -2287.903 l
S
0.933 0.937 0.937 SC
137.824 -2360.21 m
137.824 -2287.903 l
S
0.929 0.933 0.933 SC
138.291 -2360.21 m
138.291 -2287.903 l
S
0.925 0.929 0.933 SC
138.757 -2360.21 m
138.757 -2287.903 l
S
0.922 0.925 0.929 SC
139.224 -2360.21 m
139.224 -2287.903 l
S
0.922 0.922 0.925 SC
139.69 -2360.21 m
139.69 -2287.903 l
S
0.918 0.922 0.922 SC
140.157 -2360.21 m
140.157 -2287.903 l
S
0.914 0.918 0.922 SC
140.623 -2360.21 m
140.623 -2287.903 l
S
0.91 0.914 0.918 SC
141.09 -2360.21 m
141.09 -2287.903 l
S
0.906 0.91 0.914 SC
141.556 -2360.21 m
141.556 -2287.903 l
S
0.902 0.906 0.91 SC
142.023 -2360.21 m
142.023 -2287.903 l
S
0.898 0.902 0.906 SC
142.489 -2360.21 m
142.489 -2287.903 l
S
0.898 0.898 0.902 SC
142.956 -2360.21 m
142.956 -2287.903 l
S
0.894 0.898 0.902 SC
143.422 -2360.21 m
143.422 -2287.903 l
S
0.89 0.894 0.898 SC
143.889 -2360.21 m
143.889 -2287.903 l
S
0.886 0.89 0.894 SC
144.355 -2360.21 m
144.355 -2287.903 l
S
0.882 0.886 0.89 SC
144.822 -2360.21 m
144.822 -2287.903 l
S
0.878 0.882 0.89 SC
145.288 -2360.21 m
145.288 -2287.903 l
S
0.875 0.882 0.886 SC
145.755 -2360.21 m
145.755 -2287.903 l
S
0.875 0.878 0.882 SC
146.221 -2360.21 m
146.221 -2287.903 l
S
0.871 0.875 0.878 SC
146.688 -2360.21 m
146.688 -2287.903 l
S
0.867 0.871 0.875 SC
147.154 -2360.21 m
147.154 -2287.903 l
S
0.863 0.867 0.875 SC
147.621 -2360.21 m
147.621 -2287.903 l
S
0.859 0.863 0.871 SC
148.087 -2360.21 m
148.087 -2287.903 l
S
0.855 0.863 0.867 SC
148.554 -2360.21 m
148.554 -2287.903 l
S
0.855 0.859 0.863 SC
149.02 -2360.21 m
149.02 -2287.903 l
S
0.851 0.855 0.859 SC
149.487 -2360.21 m
149.487 -2287.903 l
S
0.847 0.851 0.859 SC
149.953 -2360.21 m
149.953 -2287.903 l
S
0.843 0.847 0.855 SC
150.42 -2360.21 m
150.42 -2287.903 l
S
0.839 0.847 0.851 SC
150.886 -2360.21 m
150.886 -2287.903 l
S
0.835 0.843 0.847 SC
151.353 -2360.21 m
151.353 -2287.903 l
S
0.835 0.839 0.843 SC
151.819 -2360.21 m
151.819 -2287.903 l
S
0.831 0.835 0.843 SC
152.286 -2360.21 m
152.286 -2287.903 l
S
0.827 0.831 0.839 SC
152.752 -2360.21 m
152.752 -2287.903 l
S
0.824 0.831 0.835 SC
153.219 -2360.21 m
153.219 -2287.903 l
S
0.82 0.827 0.831 SC
153.685 -2360.21 m
153.685 -2287.903 l
S
0.816 0.824 0.831 SC
154.152 -2360.21 m
154.152 -2287.903 l
S
0.816 0.82 0.827 SC
154.618 -2360.21 m
154.618 -2287.903 l
S
0.812 0.816 0.824 SC
155.085 -2360.21 m
155.085 -2287.903 l
S
0.808 0.812 0.82 SC
155.551 -2360.21 m
155.551 -2287.903 l
S
0.804 0.812 0.816 SC
156.018 -2360.21 m
156.018 -2287.903 l
S
0.8 0.808 0.816 SC
156.484 -2360.21 m
156.484 -2287.903 l
S
0.796 0.804 0.812 SC
156.951 -2360.21 m
156.951 -2287.903 l
S
0.796 0.8 0.808 SC
157.417 -2360.21 m
157.417 -2287.903 l
S
0.792 0.796 0.804 SC
157.884 -2360.21 m
157.884 -2287.903 l
S
0.788 0.796 0.8 SC
158.35 -2360.21 m
158.35 -2287.903 l
S
0.784 0.792 0.8 SC
158.817 -2360.21 m
158.817 -2287.903 l
S
0.78 0.788 0.796 SC
159.283 -2360.21 m
159.283 -2287.903 l
S
0.776 0.784 0.792 SC
159.75 -2360.21 m
159.75 -2287.903 l
S
0.776 0.78 0.788 SC
160.216 -2360.21 m
160.216 -2287.903 l
S
0.773 0.776 0.784 SC
160.683 -2360.21 m
160.683 -2287.903 l
S
0.769 0.776 0.784 SC
161.149 -2360.21 m
161.149 -2287.903 l
S
0.765 0.773 0.78 SC
161.616 -2360.21 m
161.616 -2287.903 l
S
0.761 0.769 0.776 SC
162.082 -2360.21 m
162.082 -2287.903 l
S
0.757 0.765 0.773 SC
162.549 -2360.21 m
162.549 -2287.903 l
S
0.753 0.761 0.769 SC
163.015 -2360.21 m
163.015 -2287.903 l
163.482 -2360.21 m
163.482 -2287.903 l
S
0.749 0.757 0.765 SC
163.948 -2360.21 m
163.948 -2287.903 l
S
0.745 0.753 0.761 SC
164.415 -2360.21 m
164.415 -2287.903 l
S
0.741 0.749 0.757 SC
164.881 -2360.21 m
164.881 -2287.903 l
S
0.737 0.745 0.753 SC
165.348 -2360.21 m
165.348 -2287.903 l
S
0.733 0.741 0.753 SC
165.814 -2360.21 m
165.814 -2287.903 l
S
0.733 0.741 0.749 SC
166.281 -2360.21 m
166.281 -2287.903 l
166.747 -2360.21 m
166.747 -2287.903 l
S
0.729 0.737 0.745 SC
167.214 -2360.21 m
167.214 -2287.903 l
S
0.725 0.733 0.741 SC
167.68 -2360.21 m
167.68 -2287.903 l
S
0.722 0.729 0.737 SC
168.147 -2360.21 m
168.147 -2287.903 l
S
0.718 0.725 0.737 SC
168.613 -2360.21 m
168.613 -2287.903 l
S
0.714 0.722 0.733 SC
169.08 -2360.21 m
169.08 -2287.903 l
S
0.714 0.722 0.729 SC
169.546 -2360.21 m
169.546 -2287.903 l
S
0.71 0.718 0.725 SC
170.013 -2360.21 m
170.013 -2287.903 l
S
0.706 0.714 0.722 SC
170.479 -2360.21 m
170.479 -2287.903 l
S
0.702 0.71 0.722 SC
170.946 -2360.21 m
170.946 -2287.903 l
S
0.698 0.706 0.718 SC
171.412 -2360.21 m
171.412 -2287.903 l
S
0.698 0.706 0.714 SC
171.879 -2360.21 m
171.879 -2287.903 l
S
0.694 0.702 0.71 SC
172.345 -2360.21 m
172.345 -2287.903 l
S
0.69 0.698 0.706 SC
172.812 -2360.21 m
172.812 -2287.903 l
S
0.686 0.694 0.706 SC
173.278 -2360.21 m
173.278 -2287.903 l
S
0.682 0.69 0.702 SC
173.745 -2360.21 m
173.745 -2287.903 l
S
0.682 0.69 0.698 SC
174.211 -2360.21 m
174.211 -2287.903 l
S
0.678 0.686 0.694 SC
174.678 -2360.21 m
174.678 -2287.903 l
S
0.675 0.682 0.69 SC
175.144 -2360.21 m
175.144 -2287.903 l
S
0.671 0.678 0.69 SC
175.611 -2360.21 m
175.611 -2287.903 l
S
0.667 0.675 0.686 SC
176.077 -2360.21 m
176.077 -2287.903 l
S
0.663 0.675 0.682 SC
176.544 -2360.21 m
176.544 -2287.903 l
S
0.663 0.671 0.678 SC
177.01 -2360.21 m
177.01 -2287.903 l
S
0.659 0.667 0.678 SC
177.477 -2360.21 m
177.477 -2287.903 l
S
0.655 0.663 0.675 SC
177.943 -2360.21 m
177.943 -2287.903 l
S
0.651 0.659 0.671 SC
178.41 -2360.21 m
178.41 -2287.903 l
S
0.651 0.659 0.667 SC
178.876 -2360.21 m
178.876 -2287.903 l
S
0.647 0.655 0.663 SC
179.343 -2360.21 m
179.343 -2287.903 l
S
0.643 0.651 0.663 SC
179.809 -2360.21 m
179.809 -2287.903 l
S
0.639 0.647 0.659 SC
180.276 -2360.21 m
180.276 -2287.903 l
S
0.635 0.643 0.655 SC
180.742 -2360.21 m
180.742 -2287.903 l
S
0.635 0.643 0.651 SC
181.209 -2360.21 m
181.209 -2287.903 l
S
0.631 0.639 0.647 SC
181.675 -2360.21 m
181.675 -2287.903 l
S
0.627 0.635 0.647 SC
182.142 -2360.21 m
182.142 -2287.903 l
S
0.624 0.631 0.643 SC
182.608 -2360.21 m
182.608 -2287.903 l
S
0.62 0.631 0.639 SC
183.075 -2360.21 m
183.075 -2287.903 l
S
0.62 0.627 0.635 SC
183.541 -2360.21 m
183.541 -2287.903 l
S
0.616 0.624 0.635 SC
184.008 -2360.21 m
184.008 -2287.903 l
S
0.612 0.62 0.631 SC
184.474 -2360.21 m
184.474 -2287.903 l
S
0.608 0.616 0.627 SC
184.941 -2360.21 m
184.941 -2287.903 l
S
0.608 0.616 0.624 SC
185.407 -2360.21 m
185.407 -2287.903 l
S
0.604 0.612 0.624 SC
185.874 -2360.21 m
185.874 -2287.903 l
S
0.6 0.608 0.62 SC
186.34 -2360.21 m
186.34 -2287.903 l
S
0.596 0.604 0.616 SC
186.806 -2360.21 m
186.806 -2287.903 l
S
0.596 0.604 0.612 SC
187.273 -2360.21 m
187.273 -2287.903 l
S
0.592 0.6 0.608 SC
187.739 -2360.21 m
187.739 -2287.903 l
S
0.588 0.596 0.608 SC
188.206 -2360.21 m
188.206 -2287.903 l
S
0.584 0.592 0.604 SC
188.672 -2360.21 m
188.672 -2287.903 l
S
0.584 0.592 0.6 SC
189.139 -2360.21 m
189.139 -2287.903 l
S
0.58 0.588 0.596 SC
189.605 -2360.21 m
189.605 -2287.903 l
S
0.576 0.584 0.596 SC
190.072 -2360.21 m
190.072 -2287.903 l
S
0.573 0.58 0.592 SC
190.538 -2360.21 m
190.538 -2287.903 l
S
0.573 0.58 0.588 SC
191.005 -2360.21 m
191.005 -2287.903 l
S
0.569 0.576 0.588 SC
191.471 -2360.21 m
191.471 -2287.903 l
S
0.565 0.573 0.584 SC
191.938 -2360.21 m
191.938 -2287.903 l
S
0.561 0.569 0.58 SC
192.404 -2360.21 m
192.404 -2287.903 l
S
0.561 0.569 0.576 SC
192.871 -2360.21 m
192.871 -2287.903 l
S
0.557 0.565 0.576 SC
193.337 -2360.21 m
193.337 -2287.903 l
S
0.553 0.561 0.573 SC
193.804 -2360.21 m
193.804 -2287.903 l
S
0.549 0.557 0.569 SC
194.27 -2360.21 m
194.27 -2287.903 l
S
0.549 0.557 0.565 SC
194.737 -2360.21 m
194.737 -2287.903 l
S
0.545 0.553 0.565 SC
195.203 -2360.21 m
195.203 -2287.903 l
S
0.541 0.549 0.561 SC
195.67 -2360.21 m
195.67 -2287.903 l
S
0.537 0.545 0.557 SC
196.136 -2360.21 m
196.136 -2287.903 l
S
0.537 0.545 0.553 SC
196.603 -2360.21 m
196.603 -2287.903 l
S
0.533 0.541 0.553 SC
197.069 -2360.21 m
197.069 -2287.903 l
S
0.529 0.537 0.549 SC
197.536 -2360.21 m
197.536 -2287.903 l
S
0.529 0.533 0.545 SC
198.002 -2360.21 m
198.002 -2287.903 l
S
0.525 0.533 0.541 SC
198.469 -2360.21 m
198.469 -2287.903 l
S
0.522 0.529 0.541 SC
198.935 -2360.21 m
198.935 -2287.903 l
S
0.518 0.525 0.537 SC
199.402 -2360.21 m
199.402 -2287.903 l
S
0.518 0.525 0.533 SC
199.868 -2360.21 m
199.868 -2287.903 l
S
0.514 0.522 0.529 SC
200.335 -2360.21 m
200.335 -2287.903 l
S
0.51 0.518 0.529 SC
200.801 -2360.21 m
200.801 -2287.903 l
S
0.51 0.514 0.525 SC
201.268 -2360.21 m
201.268 -2287.903 l
S
0.506 0.514 0.522 SC
201.734 -2360.21 m
201.734 -2287.903 l
S
0.502 0.51 0.518 SC
202.201 -2360.21 m
202.201 -2287.903 l
S
Q
Q
q
1 i 
-9 851 613 -860 re
0 841 m
W n
0.03 841.02 595.02 -841.02 re
W n
/Cs5 cs 0.161 0.145 0.149 sc
/GS1 gs
560.12 841.02 34.93 -6.11 re
f
/Cs5 CS 0.161 0.145 0.149 SC
0 J 0 j 0.3 w 10 M []0 d
567.202 840.678 m
567.202 804.948 l
S
286.57 22.8 22.68 -22.8 re
f
BT
/F1 1 Tf
10 0 0 10 289.5747 7.7671 Tm
1 1 1 sc
-0.0002 Tc
0 Tw
(667)Tj
/F3 1 Tf
7 0 0 7 473.8676 17.5374 Tm
0.161 0.145 0.149 sc
-0.0001 Tc
-0.0306 Tw
[(Swissmedic Jour)-17.9(nal)-1111.9(9/2002)]TJ
/F2 1 Tf
10 0 0 10 42.7953 762.5414 Tm
-0.0336 Tw
[(02)-1044.2(Primpéran, solution injectable)]TJ
/F5 1 Tf
0 -1.4174 TD
-0.0306 Tw
[(* Sanofi-Synthélabo \(Suisse\) SA, 11, rue de V)36.7(eyrot, 1217 Meyrin)]TJ
ET
0.4 w 
42.8 740.42 m
510.51 740.42 l
42.8 722.73 m
510.51 722.73 l
S
BT
10 0 0 10 42.7953 728.0288 Tm
-0.0002 Tc
0 Tw
[(N°)-247.4(AMM: )]TJ
/F2 1 Tf
4.5038 0 TD
(31206)Tj
/F5 1 Tf
8.2521 0 TD
-0.0001 Tc
-0.0306 Tw
(Mode de vente: )Tj
/F2 1 Tf
7.5194 0 TD
0 Tc
0 Tw
(B)Tj
/F5 1 Tf
5.2365 0 TD
-0.0001 Tc
-0.0306 Tw
[(Index: 04.06.0.)-9563.5(01.09.2002)]TJ
-25.5118 -2.2428 TD
-0.0002 Tc
0 Tw
[(Composition:)-3756.2(02)]TJ
8.3 0 0 8.3 156.1811 705.6007 Tm
-0.0001 Tc
0.1194 Tw
[(METOCLOPRAMIDI HYDROCHLORIDUM ANHYDRICUM 10)-278.1(mg, NA)73.7(TRII CHLORIDUM, AQUA)]TJ
0 -1.3661 TD
-0.0306 Tw
[(q.s. ad SOLUTIONEM pro 2)-278.1(mL. )]TJ
10 0 0 10 42.7953 680.088 Tm
[(Indication:)-6395.3(T)74(roubles digestifs)]TJ
0 -1.4174 TD
0 Tw
[(Conditionnements:)-1033.7(02)-305.6(030)-7697.7(6)-566.9(ampoule\(s\))-8440.9(B)]TJ
11.3386 -1.4174 TD
-0.0002 Tc
[(049)-7141.9(1)0(2)-567.1(ampoule\(s\))-8441(B)]TJ
-11.3386 -1.4174 TD
-0.0001 Tc
-0.0101 Tw
[(* )20.5(Remarques:)-5090.7(Cette attestation d’enregistrement annule celle du 05.10.2000 \(Changement)]TJ
11.3386 -1.1339 TD
-0.0002 Tc
-0.0305 Tw
(de titulaire de l’AMM\))Tj
-11.3386 -1.4174 TD
-0.0488 Tc
0 Tw
(Va)Tj
1.174 0 TD
-0.0001 Tc
-0.0306 Tw
[(lable jusqu’au:)-3417.3(31 décembre 2005)]TJ
ET
42.8 603.64 m
510.51 603.64 l
S
BT
/F2 1 Tf
10 0 0 10 42.7953 567.6451 Tm
-0.0336 Tw
[(01)-1044.2(Primpéran, suppositoir)17.7(es adultes)]TJ
0 -1.2835 TD
[(02)-1044.2(Primpéran, suppositoir)17.7(es enfants)]TJ
/F5 1 Tf
0 -1.4174 TD
-0.0306 Tw
[(* Sanofi-Synthélabo \(Suisse\) SA, 11, rue de V)36.7(eyrot, 1217 Meyrin)]TJ
ET
42.8 532.69 m
510.51 532.69 l
42.8 515 m
510.51 515 l
S
BT
10 0 0 10 42.7953 520.2978 Tm
-0.0002 Tc
0 Tw
[(N°)-247.4(AMM: )]TJ
/F2 1 Tf
4.5038 0 TD
(35342)Tj
/F5 1 Tf
8.2521 0 TD
-0.0001 Tc
-0.0306 Tw
(Mode de vente: )Tj
/F2 1 Tf
7.5194 0 TD
0 Tc
0 Tw
(B)Tj
/F5 1 Tf
5.2365 0 TD
-0.0001 Tc
-0.0306 Tw
[(Index: 04.06.0.)-9563.5(01.09.2002)]TJ
-25.5118 -2.2428 TD
-0.0002 Tc
0 Tw
[(Composition:)-3756.2(01)]TJ
8.3 0 0 8.3 156.1811 497.8696 Tm
-0.0001 Tc
-0.0306 Tw
[(METOCLOPRAMIDUM 20)-278.1(mg, EXCIPIENS pro SUPPOSITORIO.)]TJ
10 0 0 10 142.0079 483.6961 Tm
-0.0002 Tc
0 Tw
(02)Tj
8.3 0 0 8.3 156.1811 483.6961 Tm
-0.0001 Tc
-0.0306 Tw
[(METOCLOPRAMIDUM 10)-278.1(mg, EXCIPIENS pro SUPPOSITORIO.)]TJ
10 0 0 10 42.7953 469.5224 Tm
[(Indication:)-6395.3(T)74(roubles digestifs)]TJ
0 -1.4174 TD
0 Tw
[(Conditionnements:)-1033.7(01)-305.6(028)-7697.7(6)-566.9(suppositoires)-7496.1(B)]TJ
9.9213 -1.4174 TD
[(02)-305.6(036)-7697.7(6)-566.9(suppositoires)-7496.1(B)]TJ
-9.9213 -1.4174 TD
-0.0101 Tw
[(* )20.5(Remarques:)-5090.7(Cette attestation d’enregistrement annule celle du 05.10.2000 \(Changement)]TJ
11.3386 -1.1339 TD
-0.0002 Tc
-0.0305 Tw
(de titulaire de l’AMM\))Tj
-11.3386 -1.4174 TD
-0.0488 Tc
0 Tw
(Va)Tj
1.174 0 TD
-0.0001 Tc
-0.0306 Tw
[(lable jusqu’au:)-3417.3(31 décembre 2005)]TJ
ET
42.8 393.07 m
510.51 393.07 l
S
BT
/F2 1 Tf
10 0 0 10 42.7953 357.0795 Tm
-0.0336 Tw
[(01)-1044.2(Pr)17.7(ostatonin, capsule)]TJ
/F5 1 Tf
0 -1.4174 TD
-0.0306 Tw
(Pharmaton SA, , 6934 Bioggio)Tj
ET
42.8 334.96 m
510.51 334.96 l
42.8 317.26 m
510.51 317.26 l
S
BT
10 0 0 10 42.7953 322.5669 Tm
-0.0002 Tc
0 Tw
[(N°)-247.4(AMM: )]TJ
/F2 1 Tf
4.5038 0 TD
(49457)Tj
/F5 1 Tf
8.2521 0 TD
-0.0001 Tc
-0.0306 Tw
[(Modo di vendita: )]TJ
/F2 1 Tf
8.1849 0 TD
0 Tc
0 Tw
(D)Tj
/F5 1 Tf
4.571 0 TD
-0.0001 Tc
-0.0306 Tw
[(Index: 05.98.0.)-9563.5(30.09.2002)]TJ
-25.5118 -2.2428 TD
0 Tw
[(Composizione:)-3089.1(01)]TJ
8.3 0 0 8.3 156.1811 300.1386 Tm
0.0356 Tw
[(PYGEI AFRICANI EXTRACTUM 25)-278.1(mg, UR)17.7(TICAE RADICIS EXTRACTUM SICCUM 300)-278.1(mg, EXCI-)]TJ
0 -1.3661 TD
-0.0306 Tw
(PIENS pro CAPSULA.)Tj
10 0 0 10 42.7953 274.6261 Tm
[(Indicazione:)-5728.3(Disturbi nella fase iniziale di una iperplasia prostatica)]TJ
0 -1.4174 TD
-0.0002 Tc
0 Tw
[(Confezioni:)-4588.9(0)0(1)-305.7(0)0(14)-7141.9(30)-567.1(capsule)-10162.4(D)]TJ
11.3386 -1.4174 TD
[(022)-6586(1)0(00)-567.2(capsule)-10162.4(D)]TJ
-11.3386 -1.4174 TD
-0.0001 Tc
-0.0306 Tw
[(* V)48.7(alevole fino al:)-3088.6(29 septembre 2007)]TJ
ET
42.8 223.69 m
510.51 223.69 l
S
Q

q
1 i 
-9 851 613 -860 re
0 841 m
W n
0.03 841.02 595.02 -841.02 re
W n
BT
/F4 1 Tf
12.5 0 0 12.5 34.4488 811.7822 Tm
/Cs5 cs 0.161 0.145 0.149 sc
/GS1 gs
-0.0001 Tc
-0.0286 Tw
[(Arzneimittel Statistik)-130(/)-129.9(M)0.1(édicaments miscellanées)]TJ
ET
/Cs5 CS 0.161 0.145 0.149 SC
0 J 0 j 0.3 w 10 M []0 d
28.35 805.15 m
552.76 805.15 l
S
Q
q
1 i 
35.43 850.5 198.43 -24.09 re
308.74 811.782 m
W* n
-9 851 613 -860 re
0 841 m
W n
0.03 841.02 595.02 -841.02 re
W n
q
2.7718 0 0 -0.3608 0 0 cm
/Cs5 CS 0.502 0.51 0.518 SC
0 J 0 j 0.5 w 10 M []0 d
/GS1 gs
12.655 -2360.21 m
12.655 -2287.903 l
S
0.506 0.514 0.522 SC
13.121 -2360.21 m
13.121 -2287.903 l
S
0.51 0.514 0.525 SC
13.588 -2360.21 m
13.588 -2287.903 l
S
0.51 0.518 0.529 SC
14.054 -2360.21 m
14.054 -2287.903 l
S
0.514 0.522 0.529 SC
14.521 -2360.21 m
14.521 -2287.903 l
S
0.518 0.525 0.533 SC
14.987 -2360.21 m
14.987 -2287.903 l
S
0.518 0.525 0.537 SC
15.454 -2360.21 m
15.454 -2287.903 l
S
0.522 0.529 0.541 SC
15.92 -2360.21 m
15.92 -2287.903 l
S
0.525 0.533 0.541 SC
16.387 -2360.21 m
16.387 -2287.903 l
S
0.529 0.533 0.545 SC
16.853 -2360.21 m
16.853 -2287.903 l
S
0.529 0.537 0.549 SC
17.32 -2360.21 m
17.32 -2287.903 l
S
0.533 0.541 0.553 SC
17.786 -2360.21 m
17.786 -2287.903 l
S
0.537 0.545 0.553 SC
18.253 -2360.21 m
18.253 -2287.903 l
S
0.537 0.545 0.557 SC
18.719 -2360.21 m
18.719 -2287.903 l
S
0.541 0.549 0.561 SC
19.186 -2360.21 m
19.186 -2287.903 l
S
0.545 0.553 0.565 SC
19.652 -2360.21 m
19.652 -2287.903 l
S
0.549 0.557 0.565 SC
20.119 -2360.21 m
20.119 -2287.903 l
S
0.549 0.557 0.569 SC
20.585 -2360.21 m
20.585 -2287.903 l
S
0.553 0.561 0.573 SC
21.052 -2360.21 m
21.052 -2287.903 l
S
0.557 0.565 0.576 SC
21.518 -2360.21 m
21.518 -2287.903 l
S
0.561 0.569 0.576 SC
21.985 -2360.21 m
21.985 -2287.903 l
S
0.561 0.569 0.58 SC
22.451 -2360.21 m
22.451 -2287.903 l
S
0.565 0.573 0.584 SC
22.918 -2360.21 m
22.918 -2287.903 l
S
0.569 0.576 0.588 SC
23.384 -2360.21 m
23.384 -2287.903 l
S
0.573 0.58 0.588 SC
23.851 -2360.21 m
23.851 -2287.903 l
S
0.573 0.58 0.592 SC
24.317 -2360.21 m
24.317 -2287.903 l
S
0.576 0.584 0.596 SC
24.784 -2360.21 m
24.784 -2287.903 l
S
0.58 0.588 0.596 SC
25.25 -2360.21 m
25.25 -2287.903 l
S
0.584 0.592 0.6 SC
25.717 -2360.21 m
25.717 -2287.903 l
S
0.584 0.592 0.604 SC
26.183 -2360.21 m
26.183 -2287.903 l
S
0.588 0.596 0.608 SC
26.65 -2360.21 m
26.65 -2287.903 l
S
0.592 0.6 0.608 SC
27.116 -2360.21 m
27.116 -2287.903 l
S
0.596 0.604 0.612 SC
27.583 -2360.21 m
27.583 -2287.903 l
S
0.596 0.604 0.616 SC
28.049 -2360.21 m
28.049 -2287.903 l
S
0.6 0.608 0.62 SC
28.516 -2360.21 m
28.516 -2287.903 l
S
0.604 0.612 0.624 SC
28.982 -2360.21 m
28.982 -2287.903 l
S
0.608 0.616 0.624 SC
29.449 -2360.21 m
29.449 -2287.903 l
S
0.608 0.616 0.627 SC
29.915 -2360.21 m
29.915 -2287.903 l
S
0.612 0.62 0.631 SC
30.382 -2360.21 m
30.382 -2287.903 l
S
0.616 0.624 0.635 SC
30.848 -2360.21 m
30.848 -2287.903 l
S
0.62 0.627 0.635 SC
31.315 -2360.21 m
31.315 -2287.903 l
S
0.62 0.631 0.639 SC
31.781 -2360.21 m
31.781 -2287.903 l
S
0.624 0.631 0.643 SC
32.248 -2360.21 m
32.248 -2287.903 l
S
0.627 0.635 0.647 SC
32.714 -2360.21 m
32.714 -2287.903 l
S
0.631 0.639 0.647 SC
33.181 -2360.21 m
33.181 -2287.903 l
S
0.635 0.643 0.651 SC
33.647 -2360.21 m
33.647 -2287.903 l
S
0.635 0.643 0.655 SC
34.113 -2360.21 m
34.113 -2287.903 l
S
0.639 0.647 0.659 SC
34.58 -2360.21 m
34.58 -2287.903 l
S
0.643 0.651 0.663 SC
35.046 -2360.21 m
35.046 -2287.903 l
S
0.647 0.655 0.663 SC
35.513 -2360.21 m
35.513 -2287.903 l
S
0.651 0.659 0.667 SC
35.979 -2360.21 m
35.979 -2287.903 l
S
0.651 0.659 0.671 SC
36.446 -2360.21 m
36.446 -2287.903 l
S
0.655 0.663 0.675 SC
36.912 -2360.21 m
36.912 -2287.903 l
S
0.659 0.667 0.678 SC
37.379 -2360.21 m
37.379 -2287.903 l
S
0.663 0.671 0.678 SC
37.845 -2360.21 m
37.845 -2287.903 l
S
0.663 0.675 0.682 SC
38.312 -2360.21 m
38.312 -2287.903 l
S
0.667 0.675 0.686 SC
38.778 -2360.21 m
38.778 -2287.903 l
S
0.671 0.678 0.69 SC
39.245 -2360.21 m
39.245 -2287.903 l
S
0.675 0.682 0.69 SC
39.711 -2360.21 m
39.711 -2287.903 l
S
0.678 0.686 0.694 SC
40.178 -2360.21 m
40.178 -2287.903 l
S
0.682 0.69 0.698 SC
40.644 -2360.21 m
40.644 -2287.903 l
S
0.682 0.69 0.702 SC
41.111 -2360.21 m
41.111 -2287.903 l
S
0.686 0.694 0.706 SC
41.577 -2360.21 m
41.577 -2287.903 l
S
0.69 0.698 0.706 SC
42.044 -2360.21 m
42.044 -2287.903 l
S
0.694 0.702 0.71 SC
42.51 -2360.21 m
42.51 -2287.903 l
S
0.698 0.706 0.714 SC
42.977 -2360.21 m
42.977 -2287.903 l
S
0.698 0.706 0.718 SC
43.443 -2360.21 m
43.443 -2287.903 l
S
0.702 0.71 0.722 SC
43.91 -2360.21 m
43.91 -2287.903 l
S
0.706 0.714 0.722 SC
44.376 -2360.21 m
44.376 -2287.903 l
S
0.71 0.718 0.725 SC
44.843 -2360.21 m
44.843 -2287.903 l
S
0.714 0.722 0.729 SC
45.309 -2360.21 m
45.309 -2287.903 l
S
0.714 0.722 0.733 SC
45.776 -2360.21 m
45.776 -2287.903 l
S
0.718 0.725 0.737 SC
46.242 -2360.21 m
46.242 -2287.903 l
S
0.722 0.729 0.737 SC
46.709 -2360.21 m
46.709 -2287.903 l
S
0.725 0.733 0.741 SC
47.175 -2360.21 m
47.175 -2287.903 l
S
0.729 0.737 0.745 SC
47.642 -2360.21 m
47.642 -2287.903 l
S
0.733 0.741 0.749 SC
48.108 -2360.21 m
48.108 -2287.903 l
S
0.733 0.741 0.753 SC
48.575 -2360.21 m
48.575 -2287.903 l
49.041 -2360.21 m
49.041 -2287.903 l
S
0.737 0.745 0.753 SC
49.508 -2360.21 m
49.508 -2287.903 l
S
0.741 0.749 0.757 SC
49.974 -2360.21 m
49.974 -2287.903 l
S
0.745 0.753 0.761 SC
50.441 -2360.21 m
50.441 -2287.903 l
S
0.749 0.757 0.765 SC
50.907 -2360.21 m
50.907 -2287.903 l
S
0.753 0.761 0.769 SC
51.374 -2360.21 m
51.374 -2287.903 l
51.84 -2360.21 m
51.84 -2287.903 l
S
0.757 0.765 0.773 SC
52.307 -2360.21 m
52.307 -2287.903 l
S
0.761 0.769 0.776 SC
52.773 -2360.21 m
52.773 -2287.903 l
S
0.765 0.773 0.78 SC
53.24 -2360.21 m
53.24 -2287.903 l
S
0.769 0.776 0.784 SC
53.706 -2360.21 m
53.706 -2287.903 l
S
0.773 0.776 0.784 SC
54.173 -2360.21 m
54.173 -2287.903 l
S
0.776 0.78 0.788 SC
54.639 -2360.21 m
54.639 -2287.903 l
S
0.776 0.784 0.792 SC
55.106 -2360.21 m
55.106 -2287.903 l
S
0.78 0.788 0.796 SC
55.572 -2360.21 m
55.572 -2287.903 l
S
0.784 0.792 0.8 SC
56.039 -2360.21 m
56.039 -2287.903 l
S
0.788 0.796 0.8 SC
56.505 -2360.21 m
56.505 -2287.903 l
S
0.792 0.796 0.804 SC
56.972 -2360.21 m
56.972 -2287.903 l
S
0.796 0.8 0.808 SC
57.438 -2360.21 m
57.438 -2287.903 l
S
0.796 0.804 0.812 SC
57.905 -2360.21 m
57.905 -2287.903 l
S
0.8 0.808 0.816 SC
58.371 -2360.21 m
58.371 -2287.903 l
S
0.804 0.812 0.816 SC
58.838 -2360.21 m
58.838 -2287.903 l
S
0.808 0.812 0.82 SC
59.304 -2360.21 m
59.304 -2287.903 l
S
0.812 0.816 0.824 SC
59.771 -2360.21 m
59.771 -2287.903 l
S
0.816 0.82 0.827 SC
60.237 -2360.21 m
60.237 -2287.903 l
S
0.816 0.824 0.831 SC
60.704 -2360.21 m
60.704 -2287.903 l
S
0.82 0.827 0.831 SC
61.17 -2360.21 m
61.17 -2287.903 l
S
0.824 0.831 0.835 SC
61.637 -2360.21 m
61.637 -2287.903 l
S
0.827 0.831 0.839 SC
62.103 -2360.21 m
62.103 -2287.903 l
S
0.831 0.835 0.843 SC
62.57 -2360.21 m
62.57 -2287.903 l
S
0.835 0.839 0.843 SC
63.036 -2360.21 m
63.036 -2287.903 l
S
0.835 0.843 0.847 SC
63.503 -2360.21 m
63.503 -2287.903 l
S
0.839 0.847 0.851 SC
63.969 -2360.21 m
63.969 -2287.903 l
S
0.843 0.847 0.855 SC
64.436 -2360.21 m
64.436 -2287.903 l
S
0.847 0.851 0.859 SC
64.902 -2360.21 m
64.902 -2287.903 l
S
0.851 0.855 0.859 SC
65.369 -2360.21 m
65.369 -2287.903 l
S
0.855 0.859 0.863 SC
65.835 -2360.21 m
65.835 -2287.903 l
S
0.855 0.863 0.867 SC
66.302 -2360.21 m
66.302 -2287.903 l
S
0.859 0.863 0.871 SC
66.768 -2360.21 m
66.768 -2287.903 l
S
0.863 0.867 0.875 SC
67.235 -2360.21 m
67.235 -2287.903 l
S
0.867 0.871 0.875 SC
67.701 -2360.21 m
67.701 -2287.903 l
S
0.871 0.875 0.878 SC
68.168 -2360.21 m
68.168 -2287.903 l
S
0.875 0.878 0.882 SC
68.634 -2360.21 m
68.634 -2287.903 l
S
0.875 0.882 0.886 SC
69.101 -2360.21 m
69.101 -2287.903 l
S
0.878 0.882 0.89 SC
69.567 -2360.21 m
69.567 -2287.903 l
S
0.882 0.886 0.89 SC
70.034 -2360.21 m
70.034 -2287.903 l
S
0.886 0.89 0.894 SC
70.5 -2360.21 m
70.5 -2287.903 l
S
0.89 0.894 0.898 SC
70.967 -2360.21 m
70.967 -2287.903 l
S
0.894 0.898 0.902 SC
71.433 -2360.21 m
71.433 -2287.903 l
S
0.898 0.898 0.902 SC
71.9 -2360.21 m
71.9 -2287.903 l
S
0.898 0.902 0.906 SC
72.366 -2360.21 m
72.366 -2287.903 l
S
0.902 0.906 0.91 SC
72.833 -2360.21 m
72.833 -2287.903 l
S
0.906 0.91 0.914 SC
73.299 -2360.21 m
73.299 -2287.903 l
S
0.91 0.914 0.918 SC
73.766 -2360.21 m
73.766 -2287.903 l
S
0.914 0.918 0.922 SC
74.232 -2360.21 m
74.232 -2287.903 l
S
0.918 0.922 0.922 SC
74.699 -2360.21 m
74.699 -2287.903 l
S
0.922 0.922 0.925 SC
75.165 -2360.21 m
75.165 -2287.903 l
S
0.922 0.925 0.929 SC
75.632 -2360.21 m
75.632 -2287.903 l
S
0.925 0.929 0.933 SC
76.098 -2360.21 m
76.098 -2287.903 l
S
0.929 0.933 0.933 SC
76.565 -2360.21 m
76.565 -2287.903 l
S
0.933 0.937 0.937 SC
77.031 -2360.21 m
77.031 -2287.903 l
S
0.937 0.937 0.941 SC
77.498 -2360.21 m
77.498 -2287.903 l
S
0.941 0.941 0.945 SC
77.964 -2360.21 m
77.964 -2287.903 l
S
0.945 0.945 0.949 SC
78.431 -2360.21 m
78.431 -2287.903 l
S
0.945 0.949 0.949 SC
78.897 -2360.21 m
78.897 -2287.903 l
S
0.949 0.953 0.953 SC
79.364 -2360.21 m
79.364 -2287.903 l
S
0.953 0.957 0.957 SC
79.83 -2360.21 m
79.83 -2287.903 l
S
0.957 0.957 0.961 SC
80.297 -2360.21 m
80.297 -2287.903 l
S
0.961 0.961 0.965 SC
80.763 -2360.21 m
80.763 -2287.903 l
S
0.965 0.965 0.969 SC
81.23 -2360.21 m
81.23 -2287.903 l
S
0.969 0.969 0.969 SC
81.696 -2360.21 m
81.696 -2287.903 l
S
0.973 0.973 0.973 SC
82.163 -2360.21 m
82.163 -2287.903 l
S
0.976 0.976 0.976 SC
82.629 -2360.21 m
82.629 -2287.903 l
S
0.98 0.98 0.984 SC
83.096 -2360.21 m
83.096 -2287.903 l
S
0.988 0.988 0.988 SC
83.562 -2360.21 m
83.562 -2287.903 l
S
0.992 0.992 0.992 SC
84.029 -2360.21 m
84.029 -2287.903 l
S
1 1 1 SC
84.495 -2360.21 m
84.495 -2287.903 l
S
Q
Q
q
1 i 
-9 851 613 -860 re
0 841 m
W n
0.03 841.02 595.02 -841.02 re
W n
/Cs5 cs 0.161 0.145 0.149 sc
/GS1 gs
0.03 841.02 35.4 -6.11 re
f
/Cs5 CS 0.161 0.145 0.149 SC
0 J 0 j 0.3 w 10 M []0 d
28.347 841.076 m
28.347 805.006 l
S
286.3 22.8 22.68 -22.8 re
f
BT
/F1 1 Tf
10 0 0 10 289.2992 7.7671 Tm
1 1 1 sc
-0.0002 Tc
0 Tw
(668)Tj
/F3 1 Tf
7 0 0 7 35.4331 17.5374 Tm
0.161 0.145 0.149 sc
-0.0001 Tc
-0.0306 Tw
[(Swissmedic Jour)-17.9(nal)-1111.9(9/2002)]TJ
/F2 1 Tf
10 0 0 10 85.0394 763.6339 Tm
-0.0337 Tw
[(01)-1044.2(Rebalance, Dragées)]TJ
0 -1.2835 TD
[(02)-1044.2(Rebalance 500, Dragées)]TJ
/F5 1 Tf
0 -1.4174 TD
-0.0306 Tw
(Zeller Medical AG, Seeblickstrasse 4, 8590 Romanshorn)Tj
ET
0.4 w 
85.04 728.68 m
552.76 728.68 l
85.04 710.98 m
552.76 710.98 l
S
BT
10 0 0 10 85.0394 716.2866 Tm
-0.0002 Tc
0 Tw
[(Zul.-Nr)91.6(.: )]TJ
/F2 1 Tf
3.8771 0 TD
(53924)Tj
/F5 1 Tf
8.8788 0 TD
0 Tc
(V)Tj
0.6301 0 TD
-0.0001 Tc
(erkaufsart: )Tj
/F2 1 Tf
5.3041 0 TD
0 Tc
(C)Tj
/F5 1 Tf
6.8216 0 TD
-0.0001 Tc
-0.0306 Tw
[(Index: 01.04.1.)-9563.5(10.09.2002)]TJ
-25.5118 -2.2428 TD
[(* Zusammensetzung:)-117.9(01)]TJ
8.3 0 0 8.3 198.4252 693.8585 Tm
0.3133 Tw
[(HYPERICI HERBAE EXTRACTUM ETHANOLICUM SICCUM 250)-278.1(mg corresp. HYPERICINUM)]TJ
0 -1.3661 TD
-0.0306 Tw
[(0.38–1.62)-278.1(mg, EXCIPIENS pro COMPRESSO OBDUCTO.)]TJ
10 0 0 10 184.252 668.3459 Tm
-0.0002 Tc
0 Tw
(02)Tj
8.3 0 0 8.3 198.4252 668.3459 Tm
-0.0001 Tc
0.3133 Tw
[(HYPERICI HERBAE EXTRACTUM ETHANOLICUM SICCUM 500)-278.1(mg corresp. HYPERICINUM)]TJ
T*
-0.0306 Tw
[(0.75–1.25)-278.1(mg, EXCIPIENS pro COMPRESSO OBDUCTO.)]TJ
10 0 0 10 85.0394 642.8333 Tm
[(Anwendung:)-5285.2(Bei gedrückter Stimmung)]TJ
0 -1.4174 TD
[(* Packungen:)-3729.5(01)-305.6(018)-7141.8(6)0.1(0)-567(Dragées)-9828.1(C)]TJ
11.3386 -1.4174 TD
0 Tw
[(026)-6585.9(1)0.1(20)-567.1(Dragées)-9828.1(C)]TJ
T*
[(034)-7141.8(3)0.1(0)-567(Dragées)-9828.1(C)]TJ
-1.4173 -1.4174 TD
[(02)-305.6(042)-7141.8(3)0.1(0)-567(Dragées)-9828.1(C)]TJ
1.4173 -1.4174 TD
[(050)-7141.8(6)0.1(0)-567(Dragées)-9828.1(C)]TJ
-11.3386 -1.4174 TD
-0.0306 Tw
[(Bemerkungen:)-4505.2(Ersetzt die Zulassungsbescheinigung vom 15. März 2002)]TJ
11.3386 -1.4174 TD
[(\(Zulassung einer neuen Dosierungsstärke à 500)-278.1(mg\))]TJ
-11.3386 -1.4174 TD
[(Gültig bis:)-6647.8(31. Dezember 2003)]TJ
ET
85.04 521.03 m
552.76 521.03 l
S
Q

q
1 i 
-9 851 613 -860 re
0 841 m
W n
0.03 841.02 595.02 -841.02 re
W n
BT
/F4 1 Tf
12.5 0 0 12.5 285.8058 811.7825 Tm
/Cs5 cs 0.161 0.145 0.149 sc
/GS1 gs
-0.0001 Tc
-0.0286 Tw
[(Arzneimittel Statistik)-130(/)-129.9(M)0.1(édicaments miscellanées)]TJ
ET
/Cs5 CS 0.161 0.145 0.149 SC
0 J 0 j 0.3 w 10 M []0 d
42.8 805.15 m
567.2 805.15 l
S
Q
q
1 i 
361.69 850.5 198.43 -24.09 re
560.097 811.782 m
W* n
-9 851 613 -860 re
0 841 m
W n
0.03 841.02 595.02 -841.02 re
W n
q
2.7718 0 0 -0.3608 0 0 cm
/Cs5 CS 1 1 1 SC
0 J 0 j 0.5 w 10 M []0 d
/GS1 gs
130.36 -2360.21 m
130.36 -2287.903 l
S
0.992 0.992 0.992 SC
130.827 -2360.21 m
130.827 -2287.903 l
S
0.988 0.988 0.988 SC
131.293 -2360.21 m
131.293 -2287.903 l
S
0.98 0.98 0.984 SC
131.76 -2360.21 m
131.76 -2287.903 l
S
0.976 0.976 0.976 SC
132.226 -2360.21 m
132.226 -2287.903 l
S
0.973 0.973 0.973 SC
132.693 -2360.21 m
132.693 -2287.903 l
S
0.969 0.969 0.969 SC
133.159 -2360.21 m
133.159 -2287.903 l
S
0.965 0.965 0.969 SC
133.626 -2360.21 m
133.626 -2287.903 l
S
0.961 0.961 0.965 SC
134.092 -2360.21 m
134.092 -2287.903 l
S
0.957 0.957 0.961 SC
134.559 -2360.21 m
134.559 -2287.903 l
S
0.953 0.957 0.957 SC
135.025 -2360.21 m
135.025 -2287.903 l
S
0.949 0.953 0.953 SC
135.492 -2360.21 m
135.492 -2287.903 l
S
0.945 0.949 0.949 SC
135.958 -2360.21 m
135.958 -2287.903 l
S
0.945 0.945 0.949 SC
136.425 -2360.21 m
136.425 -2287.903 l
S
0.941 0.941 0.945 SC
136.891 -2360.21 m
136.891 -2287.903 l
S
0.937 0.937 0.941 SC
137.358 -2360.21 m
137.358 -2287.903 l
S
0.933 0.937 0.937 SC
137.824 -2360.21 m
137.824 -2287.903 l
S
0.929 0.933 0.933 SC
138.291 -2360.21 m
138.291 -2287.903 l
S
0.925 0.929 0.933 SC
138.757 -2360.21 m
138.757 -2287.903 l
S
0.922 0.925 0.929 SC
139.224 -2360.21 m
139.224 -2287.903 l
S
0.922 0.922 0.925 SC
139.69 -2360.21 m
139.69 -2287.903 l
S
0.918 0.922 0.922 SC
140.157 -2360.21 m
140.157 -2287.903 l
S
0.914 0.918 0.922 SC
140.623 -2360.21 m
140.623 -2287.903 l
S
0.91 0.914 0.918 SC
141.09 -2360.21 m
141.09 -2287.903 l
S
0.906 0.91 0.914 SC
141.556 -2360.21 m
141.556 -2287.903 l
S
0.902 0.906 0.91 SC
142.023 -2360.21 m
142.023 -2287.903 l
S
0.898 0.902 0.906 SC
142.489 -2360.21 m
142.489 -2287.903 l
S
0.898 0.898 0.902 SC
142.956 -2360.21 m
142.956 -2287.903 l
S
0.894 0.898 0.902 SC
143.422 -2360.21 m
143.422 -2287.903 l
S
0.89 0.894 0.898 SC
143.889 -2360.21 m
143.889 -2287.903 l
S
0.886 0.89 0.894 SC
144.355 -2360.21 m
144.355 -2287.903 l
S
0.882 0.886 0.89 SC
144.822 -2360.21 m
144.822 -2287.903 l
S
0.878 0.882 0.89 SC
145.288 -2360.21 m
145.288 -2287.903 l
S
0.875 0.882 0.886 SC
145.755 -2360.21 m
145.755 -2287.903 l
S
0.875 0.878 0.882 SC
146.221 -2360.21 m
146.221 -2287.903 l
S
0.871 0.875 0.878 SC
146.688 -2360.21 m
146.688 -2287.903 l
S
0.867 0.871 0.875 SC
147.154 -2360.21 m
147.154 -2287.903 l
S
0.863 0.867 0.875 SC
147.621 -2360.21 m
147.621 -2287.903 l
S
0.859 0.863 0.871 SC
148.087 -2360.21 m
148.087 -2287.903 l
S
0.855 0.863 0.867 SC
148.554 -2360.21 m
148.554 -2287.903 l
S
0.855 0.859 0.863 SC
149.02 -2360.21 m
149.02 -2287.903 l
S
0.851 0.855 0.859 SC
149.487 -2360.21 m
149.487 -2287.903 l
S
0.847 0.851 0.859 SC
149.953 -2360.21 m
149.953 -2287.903 l
S
0.843 0.847 0.855 SC
150.42 -2360.21 m
150.42 -2287.903 l
S
0.839 0.847 0.851 SC
150.886 -2360.21 m
150.886 -2287.903 l
S
0.835 0.843 0.847 SC
151.353 -2360.21 m
151.353 -2287.903 l
S
0.835 0.839 0.843 SC
151.819 -2360.21 m
151.819 -2287.903 l
S
0.831 0.835 0.843 SC
152.286 -2360.21 m
152.286 -2287.903 l
S
0.827 0.831 0.839 SC
152.752 -2360.21 m
152.752 -2287.903 l
S
0.824 0.831 0.835 SC
153.219 -2360.21 m
153.219 -2287.903 l
S
0.82 0.827 0.831 SC
153.685 -2360.21 m
153.685 -2287.903 l
S
0.816 0.824 0.831 SC
154.152 -2360.21 m
154.152 -2287.903 l
S
0.816 0.82 0.827 SC
154.618 -2360.21 m
154.618 -2287.903 l
S
0.812 0.816 0.824 SC
155.085 -2360.21 m
155.085 -2287.903 l
S
0.808 0.812 0.82 SC
155.551 -2360.21 m
155.551 -2287.903 l
S
0.804 0.812 0.816 SC
156.018 -2360.21 m
156.018 -2287.903 l
S
0.8 0.808 0.816 SC
156.484 -2360.21 m
156.484 -2287.903 l
S
0.796 0.804 0.812 SC
156.951 -2360.21 m
156.951 -2287.903 l
S
0.796 0.8 0.808 SC
157.417 -2360.21 m
157.417 -2287.903 l
S
0.792 0.796 0.804 SC
157.884 -2360.21 m
157.884 -2287.903 l
S
0.788 0.796 0.8 SC
158.35 -2360.21 m
158.35 -2287.903 l
S
0.784 0.792 0.8 SC
158.817 -2360.21 m
158.817 -2287.903 l
S
0.78 0.788 0.796 SC
159.283 -2360.21 m
159.283 -2287.903 l
S
0.776 0.784 0.792 SC
159.75 -2360.21 m
159.75 -2287.903 l
S
0.776 0.78 0.788 SC
160.216 -2360.21 m
160.216 -2287.903 l
S
0.773 0.776 0.784 SC
160.683 -2360.21 m
160.683 -2287.903 l
S
0.769 0.776 0.784 SC
161.149 -2360.21 m
161.149 -2287.903 l
S
0.765 0.773 0.78 SC
161.616 -2360.21 m
161.616 -2287.903 l
S
0.761 0.769 0.776 SC
162.082 -2360.21 m
162.082 -2287.903 l
S
0.757 0.765 0.773 SC
162.549 -2360.21 m
162.549 -2287.903 l
S
0.753 0.761 0.769 SC
163.015 -2360.21 m
163.015 -2287.903 l
163.482 -2360.21 m
163.482 -2287.903 l
S
0.749 0.757 0.765 SC
163.948 -2360.21 m
163.948 -2287.903 l
S
0.745 0.753 0.761 SC
164.415 -2360.21 m
164.415 -2287.903 l
S
0.741 0.749 0.757 SC
164.881 -2360.21 m
164.881 -2287.903 l
S
0.737 0.745 0.753 SC
165.348 -2360.21 m
165.348 -2287.903 l
S
0.733 0.741 0.753 SC
165.814 -2360.21 m
165.814 -2287.903 l
S
0.733 0.741 0.749 SC
166.281 -2360.21 m
166.281 -2287.903 l
166.747 -2360.21 m
166.747 -2287.903 l
S
0.729 0.737 0.745 SC
167.214 -2360.21 m
167.214 -2287.903 l
S
0.725 0.733 0.741 SC
167.68 -2360.21 m
167.68 -2287.903 l
S
0.722 0.729 0.737 SC
168.147 -2360.21 m
168.147 -2287.903 l
S
0.718 0.725 0.737 SC
168.613 -2360.21 m
168.613 -2287.903 l
S
0.714 0.722 0.733 SC
169.08 -2360.21 m
169.08 -2287.903 l
S
0.714 0.722 0.729 SC
169.546 -2360.21 m
169.546 -2287.903 l
S
0.71 0.718 0.725 SC
170.013 -2360.21 m
170.013 -2287.903 l
S
0.706 0.714 0.722 SC
170.479 -2360.21 m
170.479 -2287.903 l
S
0.702 0.71 0.722 SC
170.946 -2360.21 m
170.946 -2287.903 l
S
0.698 0.706 0.718 SC
171.412 -2360.21 m
171.412 -2287.903 l
S
0.698 0.706 0.714 SC
171.879 -2360.21 m
171.879 -2287.903 l
S
0.694 0.702 0.71 SC
172.345 -2360.21 m
172.345 -2287.903 l
S
0.69 0.698 0.706 SC
172.812 -2360.21 m
172.812 -2287.903 l
S
0.686 0.694 0.706 SC
173.278 -2360.21 m
173.278 -2287.903 l
S
0.682 0.69 0.702 SC
173.745 -2360.21 m
173.745 -2287.903 l
S
0.682 0.69 0.698 SC
174.211 -2360.21 m
174.211 -2287.903 l
S
0.678 0.686 0.694 SC
174.678 -2360.21 m
174.678 -2287.903 l
S
0.675 0.682 0.69 SC
175.144 -2360.21 m
175.144 -2287.903 l
S
0.671 0.678 0.69 SC
175.611 -2360.21 m
175.611 -2287.903 l
S
0.667 0.675 0.686 SC
176.077 -2360.21 m
176.077 -2287.903 l
S
0.663 0.675 0.682 SC
176.544 -2360.21 m
176.544 -2287.903 l
S
0.663 0.671 0.678 SC
177.01 -2360.21 m
177.01 -2287.903 l
S
0.659 0.667 0.678 SC
177.477 -2360.21 m
177.477 -2287.903 l
S
0.655 0.663 0.675 SC
177.943 -2360.21 m
177.943 -2287.903 l
S
0.651 0.659 0.671 SC
178.41 -2360.21 m
178.41 -2287.903 l
S
0.651 0.659 0.667 SC
178.876 -2360.21 m
178.876 -2287.903 l
S
0.647 0.655 0.663 SC
179.343 -2360.21 m
179.343 -2287.903 l
S
0.643 0.651 0.663 SC
179.809 -2360.21 m
179.809 -2287.903 l
S
0.639 0.647 0.659 SC
180.276 -2360.21 m
180.276 -2287.903 l
S
0.635 0.643 0.655 SC
180.742 -2360.21 m
180.742 -2287.903 l
S
0.635 0.643 0.651 SC
181.209 -2360.21 m
181.209 -2287.903 l
S
0.631 0.639 0.647 SC
181.675 -2360.21 m
181.675 -2287.903 l
S
0.627 0.635 0.647 SC
182.142 -2360.21 m
182.142 -2287.903 l
S
0.624 0.631 0.643 SC
182.608 -2360.21 m
182.608 -2287.903 l
S
0.62 0.631 0.639 SC
183.075 -2360.21 m
183.075 -2287.903 l
S
0.62 0.627 0.635 SC
183.541 -2360.21 m
183.541 -2287.903 l
S
0.616 0.624 0.635 SC
184.008 -2360.21 m
184.008 -2287.903 l
S
0.612 0.62 0.631 SC
184.474 -2360.21 m
184.474 -2287.903 l
S
0.608 0.616 0.627 SC
184.941 -2360.21 m
184.941 -2287.903 l
S
0.608 0.616 0.624 SC
185.407 -2360.21 m
185.407 -2287.903 l
S
0.604 0.612 0.624 SC
185.874 -2360.21 m
185.874 -2287.903 l
S
0.6 0.608 0.62 SC
186.34 -2360.21 m
186.34 -2287.903 l
S
0.596 0.604 0.616 SC
186.806 -2360.21 m
186.806 -2287.903 l
S
0.596 0.604 0.612 SC
187.273 -2360.21 m
187.273 -2287.903 l
S
0.592 0.6 0.608 SC
187.739 -2360.21 m
187.739 -2287.903 l
S
0.588 0.596 0.608 SC
188.206 -2360.21 m
188.206 -2287.903 l
S
0.584 0.592 0.604 SC
188.672 -2360.21 m
188.672 -2287.903 l
S
0.584 0.592 0.6 SC
189.139 -2360.21 m
189.139 -2287.903 l
S
0.58 0.588 0.596 SC
189.605 -2360.21 m
189.605 -2287.903 l
S
0.576 0.584 0.596 SC
190.072 -2360.21 m
190.072 -2287.903 l
S
0.573 0.58 0.592 SC
190.538 -2360.21 m
190.538 -2287.903 l
S
0.573 0.58 0.588 SC
191.005 -2360.21 m
191.005 -2287.903 l
S
0.569 0.576 0.588 SC
191.471 -2360.21 m
191.471 -2287.903 l
S
0.565 0.573 0.584 SC
191.938 -2360.21 m
191.938 -2287.903 l
S
0.561 0.569 0.58 SC
192.404 -2360.21 m
192.404 -2287.903 l
S
0.561 0.569 0.576 SC
192.871 -2360.21 m
192.871 -2287.903 l
S
0.557 0.565 0.576 SC
193.337 -2360.21 m
193.337 -2287.903 l
S
0.553 0.561 0.573 SC
193.804 -2360.21 m
193.804 -2287.903 l
S
0.549 0.557 0.569 SC
194.27 -2360.21 m
194.27 -2287.903 l
S
0.549 0.557 0.565 SC
194.737 -2360.21 m
194.737 -2287.903 l
S
0.545 0.553 0.565 SC
195.203 -2360.21 m
195.203 -2287.903 l
S
0.541 0.549 0.561 SC
195.67 -2360.21 m
195.67 -2287.903 l
S
0.537 0.545 0.557 SC
196.136 -2360.21 m
196.136 -2287.903 l
S
0.537 0.545 0.553 SC
196.603 -2360.21 m
196.603 -2287.903 l
S
0.533 0.541 0.553 SC
197.069 -2360.21 m
197.069 -2287.903 l
S
0.529 0.537 0.549 SC
197.536 -2360.21 m
197.536 -2287.903 l
S
0.529 0.533 0.545 SC
198.002 -2360.21 m
198.002 -2287.903 l
S
0.525 0.533 0.541 SC
198.469 -2360.21 m
198.469 -2287.903 l
S
0.522 0.529 0.541 SC
198.935 -2360.21 m
198.935 -2287.903 l
S
0.518 0.525 0.537 SC
199.402 -2360.21 m
199.402 -2287.903 l
S
0.518 0.525 0.533 SC
199.868 -2360.21 m
199.868 -2287.903 l
S
0.514 0.522 0.529 SC
200.335 -2360.21 m
200.335 -2287.903 l
S
0.51 0.518 0.529 SC
200.801 -2360.21 m
200.801 -2287.903 l
S
0.51 0.514 0.525 SC
201.268 -2360.21 m
201.268 -2287.903 l
S
0.506 0.514 0.522 SC
201.734 -2360.21 m
201.734 -2287.903 l
S
0.502 0.51 0.518 SC
202.201 -2360.21 m
202.201 -2287.903 l
S
Q
Q
q
1 i 
-9 851 613 -860 re
0 841 m
W n
0.03 841.02 595.02 -841.02 re
W n
/Cs5 cs 0.161 0.145 0.149 sc
/GS1 gs
560.12 841.02 34.93 -6.11 re
f
/Cs5 CS 0.161 0.145 0.149 SC
0 J 0 j 0.3 w 10 M []0 d
567.202 840.678 m
567.202 804.948 l
S
286.57 22.8 22.68 -22.8 re
f
BT
/F1 1 Tf
10 0 0 10 289.5747 7.7671 Tm
1 1 1 sc
-0.0002 Tc
0 Tw
(669)Tj
/F3 1 Tf
7 0 0 7 473.8676 17.5374 Tm
0.161 0.145 0.149 sc
-0.0001 Tc
-0.0306 Tw
[(Swissmedic Jour)-17.9(nal)-1111.9(9/2002)]TJ
/F2 1 Tf
10 0 0 10 42.7953 763.6339 Tm
-0.0337 Tw
[(01)-1044.2(Recormon 10’000 für Reco-Pen, Zweikammerpatr)17.7(one)]TJ
0 -1.2835 TD
[(02)-1044.2(Recormon 20’000 für Reco-Pen, Zweikammerpatr)17.7(one)]TJ
T*
[(03)-1044.2(Recormon 60’000 für Reco-Pen, Zweikammerpatr)17.7(one)]TJ
/F5 1 Tf
0 -1.4174 TD
-0.0306 Tw
(Roche Pharma \(Schweiz\) AG, Schönmattstrasse 2, 4153 Reinach)Tj
ET
0.4 w 
42.8 715.84 m
510.51 715.84 l
42.8 698.15 m
510.51 698.15 l
S
BT
10 0 0 10 42.7953 703.452 Tm
-0.0002 Tc
0 Tw
[(Zul.-Nr)91.6(.: )]TJ
/F2 1 Tf
3.8772 0 TD
(54193)Tj
/F5 1 Tf
8.8787 0 TD
0 Tc
(V)Tj
0.6301 0 TD
-0.0001 Tc
(erkaufsart: )Tj
/F2 1 Tf
5.3042 0 TD
0 Tc
(A)Tj
/F5 1 Tf
6.8216 0 TD
-0.0001 Tc
-0.0306 Tw
[(Index: 06.07.3.)-9563.5(25.09.2002)]TJ
-25.5118 -2.2428 TD
0 Tw
[(Zusammensetzung:)-921.1(01)]TJ
8.3 0 0 8.3 156.1811 681.0239 Tm
-0.0528 Tw
[(PRAEP)36.7(ARA)73.7(TIO CR)17.7(YODESICCA)73.7(T)54.8(A: EPOETINUM beta ADNr 10’000)-278.1(U.I., UREUM, NA)73.7(TRII CHLORI-)]TJ
0 -1.3661 TD
0.1608 Tw
[(DUM, NA)73.7(TRII PHOSPHA)73.7(TES, CALCII CHLORIDUM, POL)91.5(YSORBA)73.7(TUM 20, ACIDUM GLUT)54.7(AMI-)]TJ
T*
-0.0037 Tw
[(CUM, GL)91.5(YCINUM, ISOLEUCINUM, LEUCINUM, PHENYLALANINUM, THREONINUM,  SOL)73.7(VENS:)]TJ
T*
0.1693 Tw
[(CONSER)17.7(V)91.5(.: ALCOHOL BENZYLICUS 4)-278.1(mg, BENZALKONII CHLORIDUM 20)-278.1(ug, AQUA q.s. ad)]TJ
T*
-0.0306 Tw
[(SOLUTIONEM pro 1)-278.1(mL pro V)36.7(ASE.)]TJ
10 0 0 10 142.0079 621.4943 Tm
-0.0002 Tc
0 Tw
(02)Tj
8.3 0 0 8.3 156.1811 621.4943 Tm
-0.0001 Tc
-0.0528 Tw
[(PRAEP)36.7(ARA)73.7(TIO CR)17.7(YODESICCA)73.7(T)54.8(A: EPOETINUM beta ADNr 20’000)-278.1(U.I., UREUM, NA)73.7(TRII CHLORI-)]TJ
T*
0.1608 Tw
[(DUM, NA)73.7(TRII PHOSPHA)73.7(TES, CALCII CHLORIDUM, POL)91.5(YSORBA)73.7(TUM 20, ACIDUM GLUT)54.7(AMI-)]TJ
T*
-0.0037 Tw
[(CUM, GL)91.5(YCINUM, ISOLEUCINUM, LEUCINUM, PHENYLALANINUM, THREONINUM,  SOL)73.7(VENS:)]TJ
T*
0.1693 Tw
[(CONSER)17.7(V)91.5(.: ALCOHOL BENZYLICUS 4)-278.1(mg, BENZALKONII CHLORIDUM 20)-278.1(ug, AQUA q.s. ad)]TJ
T*
-0.0306 Tw
[(SOLUTIONEM pro 1)-278.1(mL pro V)36.7(ASE.)]TJ
10 0 0 10 142.0079 561.9647 Tm
-0.0002 Tc
0 Tw
(03)Tj
8.3 0 0 8.3 156.1811 561.9647 Tm
-0.0001 Tc
-0.0528 Tw
[(PRAEP)36.7(ARA)73.7(TIO CR)17.7(YODESICCA)73.7(T)54.8(A: EPOETINUM beta ADNr 60’000)-278.1(U.I., UREUM, NA)73.7(TRII CHLORI-)]TJ
T*
0.1608 Tw
[(DUM, NA)73.7(TRII PHOSPHA)73.7(TES, CALCII CHLORIDUM, POL)91.5(YSORBA)73.7(TUM 20, ACIDUM GLUT)54.7(AMI-)]TJ
T*
-0.0037 Tw
[(CUM, GL)91.5(YCINUM, ISOLEUCINUM, LEUCINUM, PHENYLALANINUM, THREONINUM,  SOL)73.7(VENS:)]TJ
T*
0.1693 Tw
[(CONSER)17.7(V)91.5(.: ALCOHOL BENZYLICUS 4)-278.1(mg, BENZALKONII CHLORIDUM 20)-278.1(ug, AQUA q.s. ad)]TJ
T*
-0.0306 Tw
[(SOLUTIONEM pro 1)-278.1(mL pro V)36.7(ASE.)]TJ
10 0 0 10 42.7953 502.4351 Tm
[(Anwendung:)-5285.2(Stimulierung der Erythropoese)]TJ
0 -1.4174 TD
[(* Packungen:)-3729.5(01)-305.6(Patrone)]TJ
11.3386 -1.4174 TD
0 Tw
[(017)-7697.7(1)-566.9(Stück)-11106.9(A)]TJ
T*
[(025)-7697.7(3)-566.9(Stück)-11106.9(A)]TJ
-1.4173 -1.4174 TD
[(02)-305.6(Patrone)]TJ
1.4173 -1.4174 TD
[(033)-7697.7(1)-566.9(Stück)-11106.9(A)]TJ
T*
[(041)-7697.7(3)-566.9(Stück)-11106.9(A)]TJ
-1.4173 -1.4174 TD
[(03)-305.6(Patrone)]TJ
1.4173 -1.4174 TD
[(068)-7697.7(1)-566.9(Stück)-11106.9(A)]TJ
-11.3386 -1.4174 TD
-0.0306 Tw
[(Bemerkung:)-5671.9(Ersetzt die Registrierungsurkunde vom 31.08.2001)]TJ
T*
[(Gültig bis:)-6647.8(31. Dezember 2006)]TJ
ET
42.8 352.28 m
510.51 352.28 l
S
Q

q
1 i 
-9 851 613 -860 re
0 841 m
W n
0.03 841.02 595.02 -841.02 re
W n
BT
/F4 1 Tf
12.5 0 0 12.5 34.4488 811.7822 Tm
/Cs5 cs 0.161 0.145 0.149 sc
/GS1 gs
-0.0001 Tc
-0.0286 Tw
[(Arzneimittel Statistik)-130(/)-129.9(M)0.1(édicaments miscellanées)]TJ
ET
/Cs5 CS 0.161 0.145 0.149 SC
0 J 0 j 0.3 w 10 M []0 d
28.35 805.15 m
552.76 805.15 l
S
Q
q
1 i 
35.43 850.5 198.43 -24.09 re
308.74 811.782 m
W* n
-9 851 613 -860 re
0 841 m
W n
0.03 841.02 595.02 -841.02 re
W n
q
2.7718 0 0 -0.3608 0 0 cm
/Cs5 CS 0.502 0.51 0.518 SC
0 J 0 j 0.5 w 10 M []0 d
/GS1 gs
12.655 -2360.21 m
12.655 -2287.903 l
S
0.506 0.514 0.522 SC
13.121 -2360.21 m
13.121 -2287.903 l
S
0.51 0.514 0.525 SC
13.588 -2360.21 m
13.588 -2287.903 l
S
0.51 0.518 0.529 SC
14.054 -2360.21 m
14.054 -2287.903 l
S
0.514 0.522 0.529 SC
14.521 -2360.21 m
14.521 -2287.903 l
S
0.518 0.525 0.533 SC
14.987 -2360.21 m
14.987 -2287.903 l
S
0.518 0.525 0.537 SC
15.454 -2360.21 m
15.454 -2287.903 l
S
0.522 0.529 0.541 SC
15.92 -2360.21 m
15.92 -2287.903 l
S
0.525 0.533 0.541 SC
16.387 -2360.21 m
16.387 -2287.903 l
S
0.529 0.533 0.545 SC
16.853 -2360.21 m
16.853 -2287.903 l
S
0.529 0.537 0.549 SC
17.32 -2360.21 m
17.32 -2287.903 l
S
0.533 0.541 0.553 SC
17.786 -2360.21 m
17.786 -2287.903 l
S
0.537 0.545 0.553 SC
18.253 -2360.21 m
18.253 -2287.903 l
S
0.537 0.545 0.557 SC
18.719 -2360.21 m
18.719 -2287.903 l
S
0.541 0.549 0.561 SC
19.186 -2360.21 m
19.186 -2287.903 l
S
0.545 0.553 0.565 SC
19.652 -2360.21 m
19.652 -2287.903 l
S
0.549 0.557 0.565 SC
20.119 -2360.21 m
20.119 -2287.903 l
S
0.549 0.557 0.569 SC
20.585 -2360.21 m
20.585 -2287.903 l
S
0.553 0.561 0.573 SC
21.052 -2360.21 m
21.052 -2287.903 l
S
0.557 0.565 0.576 SC
21.518 -2360.21 m
21.518 -2287.903 l
S
0.561 0.569 0.576 SC
21.985 -2360.21 m
21.985 -2287.903 l
S
0.561 0.569 0.58 SC
22.451 -2360.21 m
22.451 -2287.903 l
S
0.565 0.573 0.584 SC
22.918 -2360.21 m
22.918 -2287.903 l
S
0.569 0.576 0.588 SC
23.384 -2360.21 m
23.384 -2287.903 l
S
0.573 0.58 0.588 SC
23.851 -2360.21 m
23.851 -2287.903 l
S
0.573 0.58 0.592 SC
24.317 -2360.21 m
24.317 -2287.903 l
S
0.576 0.584 0.596 SC
24.784 -2360.21 m
24.784 -2287.903 l
S
0.58 0.588 0.596 SC
25.25 -2360.21 m
25.25 -2287.903 l
S
0.584 0.592 0.6 SC
25.717 -2360.21 m
25.717 -2287.903 l
S
0.584 0.592 0.604 SC
26.183 -2360.21 m
26.183 -2287.903 l
S
0.588 0.596 0.608 SC
26.65 -2360.21 m
26.65 -2287.903 l
S
0.592 0.6 0.608 SC
27.116 -2360.21 m
27.116 -2287.903 l
S
0.596 0.604 0.612 SC
27.583 -2360.21 m
27.583 -2287.903 l
S
0.596 0.604 0.616 SC
28.049 -2360.21 m
28.049 -2287.903 l
S
0.6 0.608 0.62 SC
28.516 -2360.21 m
28.516 -2287.903 l
S
0.604 0.612 0.624 SC
28.982 -2360.21 m
28.982 -2287.903 l
S
0.608 0.616 0.624 SC
29.449 -2360.21 m
29.449 -2287.903 l
S
0.608 0.616 0.627 SC
29.915 -2360.21 m
29.915 -2287.903 l
S
0.612 0.62 0.631 SC
30.382 -2360.21 m
30.382 -2287.903 l
S
0.616 0.624 0.635 SC
30.848 -2360.21 m
30.848 -2287.903 l
S
0.62 0.627 0.635 SC
31.315 -2360.21 m
31.315 -2287.903 l
S
0.62 0.631 0.639 SC
31.781 -2360.21 m
31.781 -2287.903 l
S
0.624 0.631 0.643 SC
32.248 -2360.21 m
32.248 -2287.903 l
S
0.627 0.635 0.647 SC
32.714 -2360.21 m
32.714 -2287.903 l
S
0.631 0.639 0.647 SC
33.181 -2360.21 m
33.181 -2287.903 l
S
0.635 0.643 0.651 SC
33.647 -2360.21 m
33.647 -2287.903 l
S
0.635 0.643 0.655 SC
34.113 -2360.21 m
34.113 -2287.903 l
S
0.639 0.647 0.659 SC
34.58 -2360.21 m
34.58 -2287.903 l
S
0.643 0.651 0.663 SC
35.046 -2360.21 m
35.046 -2287.903 l
S
0.647 0.655 0.663 SC
35.513 -2360.21 m
35.513 -2287.903 l
S
0.651 0.659 0.667 SC
35.979 -2360.21 m
35.979 -2287.903 l
S
0.651 0.659 0.671 SC
36.446 -2360.21 m
36.446 -2287.903 l
S
0.655 0.663 0.675 SC
36.912 -2360.21 m
36.912 -2287.903 l
S
0.659 0.667 0.678 SC
37.379 -2360.21 m
37.379 -2287.903 l
S
0.663 0.671 0.678 SC
37.845 -2360.21 m
37.845 -2287.903 l
S
0.663 0.675 0.682 SC
38.312 -2360.21 m
38.312 -2287.903 l
S
0.667 0.675 0.686 SC
38.778 -2360.21 m
38.778 -2287.903 l
S
0.671 0.678 0.69 SC
39.245 -2360.21 m
39.245 -2287.903 l
S
0.675 0.682 0.69 SC
39.711 -2360.21 m
39.711 -2287.903 l
S
0.678 0.686 0.694 SC
40.178 -2360.21 m
40.178 -2287.903 l
S
0.682 0.69 0.698 SC
40.644 -2360.21 m
40.644 -2287.903 l
S
0.682 0.69 0.702 SC
41.111 -2360.21 m
41.111 -2287.903 l
S
0.686 0.694 0.706 SC
41.577 -2360.21 m
41.577 -2287.903 l
S
0.69 0.698 0.706 SC
42.044 -2360.21 m
42.044 -2287.903 l
S
0.694 0.702 0.71 SC
42.51 -2360.21 m
42.51 -2287.903 l
S
0.698 0.706 0.714 SC
42.977 -2360.21 m
42.977 -2287.903 l
S
0.698 0.706 0.718 SC
43.443 -2360.21 m
43.443 -2287.903 l
S
0.702 0.71 0.722 SC
43.91 -2360.21 m
43.91 -2287.903 l
S
0.706 0.714 0.722 SC
44.376 -2360.21 m
44.376 -2287.903 l
S
0.71 0.718 0.725 SC
44.843 -2360.21 m
44.843 -2287.903 l
S
0.714 0.722 0.729 SC
45.309 -2360.21 m
45.309 -2287.903 l
S
0.714 0.722 0.733 SC
45.776 -2360.21 m
45.776 -2287.903 l
S
0.718 0.725 0.737 SC
46.242 -2360.21 m
46.242 -2287.903 l
S
0.722 0.729 0.737 SC
46.709 -2360.21 m
46.709 -2287.903 l
S
0.725 0.733 0.741 SC
47.175 -2360.21 m
47.175 -2287.903 l
S
0.729 0.737 0.745 SC
47.642 -2360.21 m
47.642 -2287.903 l
S
0.733 0.741 0.749 SC
48.108 -2360.21 m
48.108 -2287.903 l
S
0.733 0.741 0.753 SC
48.575 -2360.21 m
48.575 -2287.903 l
49.041 -2360.21 m
49.041 -2287.903 l
S
0.737 0.745 0.753 SC
49.508 -2360.21 m
49.508 -2287.903 l
S
0.741 0.749 0.757 SC
49.974 -2360.21 m
49.974 -2287.903 l
S
0.745 0.753 0.761 SC
50.441 -2360.21 m
50.441 -2287.903 l
S
0.749 0.757 0.765 SC
50.907 -2360.21 m
50.907 -2287.903 l
S
0.753 0.761 0.769 SC
51.374 -2360.21 m
51.374 -2287.903 l
51.84 -2360.21 m
51.84 -2287.903 l
S
0.757 0.765 0.773 SC
52.307 -2360.21 m
52.307 -2287.903 l
S
0.761 0.769 0.776 SC
52.773 -2360.21 m
52.773 -2287.903 l
S
0.765 0.773 0.78 SC
53.24 -2360.21 m
53.24 -2287.903 l
S
0.769 0.776 0.784 SC
53.706 -2360.21 m
53.706 -2287.903 l
S
0.773 0.776 0.784 SC
54.173 -2360.21 m
54.173 -2287.903 l
S
0.776 0.78 0.788 SC
54.639 -2360.21 m
54.639 -2287.903 l
S
0.776 0.784 0.792 SC
55.106 -2360.21 m
55.106 -2287.903 l
S
0.78 0.788 0.796 SC
55.572 -2360.21 m
55.572 -2287.903 l
S
0.784 0.792 0.8 SC
56.039 -2360.21 m
56.039 -2287.903 l
S
0.788 0.796 0.8 SC
56.505 -2360.21 m
56.505 -2287.903 l
S
0.792 0.796 0.804 SC
56.972 -2360.21 m
56.972 -2287.903 l
S
0.796 0.8 0.808 SC
57.438 -2360.21 m
57.438 -2287.903 l
S
0.796 0.804 0.812 SC
57.905 -2360.21 m
57.905 -2287.903 l
S
0.8 0.808 0.816 SC
58.371 -2360.21 m
58.371 -2287.903 l
S
0.804 0.812 0.816 SC
58.838 -2360.21 m
58.838 -2287.903 l
S
0.808 0.812 0.82 SC
59.304 -2360.21 m
59.304 -2287.903 l
S
0.812 0.816 0.824 SC
59.771 -2360.21 m
59.771 -2287.903 l
S
0.816 0.82 0.827 SC
60.237 -2360.21 m
60.237 -2287.903 l
S
0.816 0.824 0.831 SC
60.704 -2360.21 m
60.704 -2287.903 l
S
0.82 0.827 0.831 SC
61.17 -2360.21 m
61.17 -2287.903 l
S
0.824 0.831 0.835 SC
61.637 -2360.21 m
61.637 -2287.903 l
S
0.827 0.831 0.839 SC
62.103 -2360.21 m
62.103 -2287.903 l
S
0.831 0.835 0.843 SC
62.57 -2360.21 m
62.57 -2287.903 l
S
0.835 0.839 0.843 SC
63.036 -2360.21 m
63.036 -2287.903 l
S
0.835 0.843 0.847 SC
63.503 -2360.21 m
63.503 -2287.903 l
S
0.839 0.847 0.851 SC
63.969 -2360.21 m
63.969 -2287.903 l
S
0.843 0.847 0.855 SC
64.436 -2360.21 m
64.436 -2287.903 l
S
0.847 0.851 0.859 SC
64.902 -2360.21 m
64.902 -2287.903 l
S
0.851 0.855 0.859 SC
65.369 -2360.21 m
65.369 -2287.903 l
S
0.855 0.859 0.863 SC
65.835 -2360.21 m
65.835 -2287.903 l
S
0.855 0.863 0.867 SC
66.302 -2360.21 m
66.302 -2287.903 l
S
0.859 0.863 0.871 SC
66.768 -2360.21 m
66.768 -2287.903 l
S
0.863 0.867 0.875 SC
67.235 -2360.21 m
67.235 -2287.903 l
S
0.867 0.871 0.875 SC
67.701 -2360.21 m
67.701 -2287.903 l
S
0.871 0.875 0.878 SC
68.168 -2360.21 m
68.168 -2287.903 l
S
0.875 0.878 0.882 SC
68.634 -2360.21 m
68.634 -2287.903 l
S
0.875 0.882 0.886 SC
69.101 -2360.21 m
69.101 -2287.903 l
S
0.878 0.882 0.89 SC
69.567 -2360.21 m
69.567 -2287.903 l
S
0.882 0.886 0.89 SC
70.034 -2360.21 m
70.034 -2287.903 l
S
0.886 0.89 0.894 SC
70.5 -2360.21 m
70.5 -2287.903 l
S
0.89 0.894 0.898 SC
70.967 -2360.21 m
70.967 -2287.903 l
S
0.894 0.898 0.902 SC
71.433 -2360.21 m
71.433 -2287.903 l
S
0.898 0.898 0.902 SC
71.9 -2360.21 m
71.9 -2287.903 l
S
0.898 0.902 0.906 SC
72.366 -2360.21 m
72.366 -2287.903 l
S
0.902 0.906 0.91 SC
72.833 -2360.21 m
72.833 -2287.903 l
S
0.906 0.91 0.914 SC
73.299 -2360.21 m
73.299 -2287.903 l
S
0.91 0.914 0.918 SC
73.766 -2360.21 m
73.766 -2287.903 l
S
0.914 0.918 0.922 SC
74.232 -2360.21 m
74.232 -2287.903 l
S
0.918 0.922 0.922 SC
74.699 -2360.21 m
74.699 -2287.903 l
S
0.922 0.922 0.925 SC
75.165 -2360.21 m
75.165 -2287.903 l
S
0.922 0.925 0.929 SC
75.632 -2360.21 m
75.632 -2287.903 l
S
0.925 0.929 0.933 SC
76.098 -2360.21 m
76.098 -2287.903 l
S
0.929 0.933 0.933 SC
76.565 -2360.21 m
76.565 -2287.903 l
S
0.933 0.937 0.937 SC
77.031 -2360.21 m
77.031 -2287.903 l
S
0.937 0.937 0.941 SC
77.498 -2360.21 m
77.498 -2287.903 l
S
0.941 0.941 0.945 SC
77.964 -2360.21 m
77.964 -2287.903 l
S
0.945 0.945 0.949 SC
78.431 -2360.21 m
78.431 -2287.903 l
S
0.945 0.949 0.949 SC
78.897 -2360.21 m
78.897 -2287.903 l
S
0.949 0.953 0.953 SC
79.364 -2360.21 m
79.364 -2287.903 l
S
0.953 0.957 0.957 SC
79.83 -2360.21 m
79.83 -2287.903 l
S
0.957 0.957 0.961 SC
80.297 -2360.21 m
80.297 -2287.903 l
S
0.961 0.961 0.965 SC
80.763 -2360.21 m
80.763 -2287.903 l
S
0.965 0.965 0.969 SC
81.23 -2360.21 m
81.23 -2287.903 l
S
0.969 0.969 0.969 SC
81.696 -2360.21 m
81.696 -2287.903 l
S
0.973 0.973 0.973 SC
82.163 -2360.21 m
82.163 -2287.903 l
S
0.976 0.976 0.976 SC
82.629 -2360.21 m
82.629 -2287.903 l
S
0.98 0.98 0.984 SC
83.096 -2360.21 m
83.096 -2287.903 l
S
0.988 0.988 0.988 SC
83.562 -2360.21 m
83.562 -2287.903 l
S
0.992 0.992 0.992 SC
84.029 -2360.21 m
84.029 -2287.903 l
S
1 1 1 SC
84.495 -2360.21 m
84.495 -2287.903 l
S
Q
Q
q
1 i 
-9 851 613 -860 re
0 841 m
W n
0.03 841.02 595.02 -841.02 re
W n
/Cs5 cs 0.161 0.145 0.149 sc
/GS1 gs
0.03 841.02 35.4 -6.11 re
f
/Cs5 CS 0.161 0.145 0.149 SC
0 J 0 j 0.3 w 10 M []0 d
28.347 841.076 m
28.347 805.006 l
S
286.3 22.8 22.68 -22.8 re
f
BT
/F1 1 Tf
10 0 0 10 289.2992 7.7671 Tm
1 1 1 sc
-0.0002 Tc
0 Tw
(670)Tj
/F3 1 Tf
7 0 0 7 35.4331 17.5374 Tm
0.161 0.145 0.149 sc
-0.0001 Tc
-0.0306 Tw
[(Swissmedic Jour)-17.9(nal)-1111.9(9/2002)]TJ
/F2 1 Tf
10 0 0 10 85.0394 763.6339 Tm
-0.0337 Tw
[(01)-1044.2(Recormon PS 500)-306(U.I./0,3)-306(mL, Fertigspritzen)]TJ
0 -1.2835 TD
[(02)-1044.2(Recormon PS 1000)-306(U.I./0,3)-306(mL, Fertigspritzen)]TJ
T*
[(03)-1044.2(Recormon PS 2000)-306(U.I./0,3)-306(mL, Fertigspritzen)]TJ
T*
[(04)-1044.2(Recormon PS 3000)-306(U.I./0,3)-306(mL, Fertigspritzen)]TJ
T*
[(05)-1044.2(Recormon PS 5000)-306(U.I./0,3)-306(mL, Fertigspritzen)]TJ
T*
[(06)-1044.2(Recormon PS 10’000)-306(U.I./0,6)-306(mL, Fertigspritzen)]TJ
T*
[(07)-1044.2(Recormon PS 20’000)-306(U.I./0,6)-306(mL, Fertigspritzen)]TJ
T*
[(08)-1044.2(Recormon PS 4000)-306(U.I./0,3)-306(mL, Fertigspritzen)]TJ
T*
[(09)-1044.2(Recormon PS 6000)-306(U.I./0,3)-306(mL, Fertigspritzen)]TJ
/F5 1 Tf
0 -1.4174 TD
-0.0306 Tw
(Roche Pharma \(Schweiz\) AG, Schönmattstrasse 2, 4153 Reinach)Tj
ET
0.4 w 
85.04 638.83 m
552.76 638.83 l
85.04 621.14 m
552.76 621.14 l
S
BT
10 0 0 10 85.0394 626.4441 Tm
-0.0002 Tc
0 Tw
[(Zul.-Nr)91.6(.: )]TJ
/F2 1 Tf
3.8771 0 TD
(54766)Tj
/F5 1 Tf
8.8788 0 TD
0 Tc
(V)Tj
0.6301 0 TD
-0.0001 Tc
(erkaufsart: )Tj
/F2 1 Tf
5.3041 0 TD
0 Tc
(A)Tj
/F5 1 Tf
6.8216 0 TD
-0.0001 Tc
-0.0306 Tw
[(Index: 06.07.3.)-9563.5(25.09.2002)]TJ
-25.5118 -2.2428 TD
0 Tw
[(Zusammensetzung:)-921.1(01)]TJ
8.3 0 0 8.3 198.4252 604.016 Tm
0.1209 Tw
[(PRAEP)36.7(ARA)73.7(TIO CR)17.7(YODESICCA)73.7(T)54.8(A: EPOETINUM beta ADNr 500)-278.1(U.I., UREUM, NA)73.7(TRII CHLORI-)]TJ
0 -1.3661 TD
-0.0847 Tw
[(DUM, POL)91.5(YSORBA)73.7(TUM 20, NA)73.7(TRII PHOSPHA)73.7(TES, CALCII CHLORIDUM, GL)91.5(YCINUM, LEUCINUM,)]TJ
T*
-0.0962 Tw
[(ISOLEUCINUM, THREONINUM, ACIDUM GLUT)54.7(AMICUM, PHENYLALANINUM,  SOL)73.7(VENS: AQUA)]TJ
T*
-0.0306 Tw
[(ad INIECT)54.7(ABILIA 0.3)-278.1(mL, pro V)36.7(ASE.)]TJ
10 0 0 10 184.252 555.8254 Tm
-0.0002 Tc
0 Tw
(02)Tj
8.3 0 0 8.3 198.4252 555.8254 Tm
-0.0001 Tc
0.0167 Tw
[(PRAEP)36.7(ARA)73.7(TIO CR)17.7(YODESICCA)73.7(T)54.8(A: EPOETINUM beta ADNr 1’000)-278.1(U.I., UREUM, NA)73.7(TRII CHLORI-)]TJ
T*
-0.0847 Tw
[(DUM, POL)91.5(YSORBA)73.7(TUM 20, NA)73.7(TRII PHOSPHA)73.7(TES, CALCII CHLORIDUM, GL)91.5(YCINUM, LEUCINUM,)]TJ
T*
-0.0962 Tw
[(ISOLEUCINUM, THREONINUM, ACIDUM GLUT)54.7(AMICUM, PHENYLALANINUM,  SOL)73.7(VENS: AQUA)]TJ
T*
-0.0306 Tw
[(ad INIECT)54.7(ABILIA 0.3)-278.1(mL, pro V)36.7(ASE.)]TJ
10 0 0 10 184.252 507.6348 Tm
-0.0002 Tc
0 Tw
(03)Tj
8.3 0 0 8.3 198.4252 507.6348 Tm
-0.0001 Tc
0.0167 Tw
[(PRAEP)36.7(ARA)73.7(TIO CR)17.7(YODESICCA)73.7(T)54.8(A: EPOETINUM beta ADNr 2’000)-278.1(U.I., UREUM, NA)73.7(TRII CHLORI-)]TJ
T*
-0.0847 Tw
[(DUM, POL)91.5(YSORBA)73.7(TUM 20, NA)73.7(TRII PHOSPHA)73.7(TES, CALCII CHLORIDUM, GL)91.5(YCINUM, LEUCINUM,)]TJ
T*
-0.0962 Tw
[(ISOLEUCINUM, THREONINUM, ACIDUM GLUT)54.7(AMICUM, PHENYLALANINUM,  SOL)73.7(VENS: AQUA)]TJ
T*
-0.0306 Tw
[(ad INIECT)54.7(ABILIA 0.3)-278.1(mL, pro V)36.7(ASE.)]TJ
10 0 0 10 184.252 459.4442 Tm
-0.0002 Tc
0 Tw
(04)Tj
8.3 0 0 8.3 198.4252 459.4442 Tm
-0.0001 Tc
0.0167 Tw
[(PRAEP)36.7(ARA)73.7(TIO CR)17.7(YODESICCA)73.7(T)54.8(A: EPOETINUM beta ADNr 3’000)-278.1(U.I., UREUM, NA)73.7(TRII CHLORI-)]TJ
T*
-0.0847 Tw
[(DUM, POL)91.5(YSORBA)73.7(TUM 20, NA)73.7(TRII PHOSPHA)73.7(TES, CALCII CHLORIDUM, GL)91.5(YCINUM, LEUCINUM,)]TJ
T*
-0.0962 Tw
[(ISOLEUCINUM, THREONINUM, ACIDUM GLUT)54.7(AMICUM, PHENYLALANINUM,  SOL)73.7(VENS: AQUA)]TJ
T*
-0.0306 Tw
[(ad INIECT)54.7(ABILIA 0.3)-278.1(mL, pro V)36.7(ASE.)]TJ
10 0 0 10 184.252 411.2536 Tm
-0.0002 Tc
0 Tw
(05)Tj
8.3 0 0 8.3 198.4252 411.2535 Tm
-0.0001 Tc
0.0167 Tw
[(PRAEP)36.7(ARA)73.7(TIO CR)17.7(YODESICCA)73.7(T)54.8(A: EPOETINUM beta ADNr 5’000)-278.1(U.I., UREUM, NA)73.7(TRII CHLORI-)]TJ
T*
-0.0847 Tw
[(DUM, POL)91.5(YSORBA)73.7(TUM 20, NA)73.7(TRII PHOSPHA)73.7(TES, CALCII CHLORIDUM, GL)91.5(YCINUM, LEUCINUM,)]TJ
T*
-0.0962 Tw
[(ISOLEUCINUM, THREONINUM, ACIDUM GLUT)54.7(AMICUM, PHENYLALANINUM,  SOL)73.7(VENS: AQUA)]TJ
T*
-0.0306 Tw
[(ad INIECT)54.7(ABILIA 0.3)-278.1(mL, pro V)36.7(ASE.)]TJ
10 0 0 10 184.252 363.063 Tm
-0.0002 Tc
0 Tw
(06)Tj
8.3 0 0 8.3 198.4252 363.0629 Tm
-0.0001 Tc
-0.0528 Tw
[(PRAEP)36.7(ARA)73.7(TIO CR)17.7(YODESICCA)73.7(T)54.8(A: EPOETINUM beta ADNr 10’000)-278.1(U.I., UREUM, NA)73.7(TRII CHLORI-)]TJ
T*
-0.0847 Tw
[(DUM, POL)91.5(YSORBA)73.7(TUM 20, NA)73.7(TRII PHOSPHA)73.7(TES, CALCII CHLORIDUM, GL)91.5(YCINUM, LEUCINUM,)]TJ
T*
-0.0962 Tw
[(ISOLEUCINUM, THREONINUM, ACIDUM GLUT)54.7(AMICUM, PHENYLALANINUM,  SOL)73.7(VENS: AQUA)]TJ
T*
-0.0306 Tw
[(ad INIECT)54.7(ABILIA 0.6)-278.1(mL, pro V)36.7(ASE.)]TJ
10 0 0 10 184.252 314.8724 Tm
-0.0002 Tc
0 Tw
(07)Tj
8.3 0 0 8.3 198.4252 314.8724 Tm
-0.0001 Tc
-0.0528 Tw
[(PRAEP)36.7(ARA)73.7(TIO CR)17.7(YODESICCA)73.7(T)54.8(A: EPOETINUM beta ADNr 20’000)-278.1(U.I., UREUM, NA)73.7(TRII CHLORI-)]TJ
T*
-0.0847 Tw
[(DUM, POL)91.5(YSORBA)73.7(TUM 20, NA)73.7(TRII PHOSPHA)73.7(TES, CALCII CHLORIDUM, GL)91.5(YCINUM, LEUCINUM,)]TJ
T*
-0.0962 Tw
[(ISOLEUCINUM, THREONINUM, ACIDUM GLUT)54.7(AMICUM, PHENYLALANINUM,  SOL)73.7(VENS: AQUA)]TJ
T*
-0.0306 Tw
[(ad INIECT)54.7(ABILIA 0.6)-278.1(mL, pro V)36.7(ASE.)]TJ
10 0 0 10 184.252 266.6818 Tm
-0.0002 Tc
0 Tw
(08)Tj
8.3 0 0 8.3 198.4252 266.6817 Tm
-0.0001 Tc
-0.0591 Tw
[(PRAEP)36.7(ARA)73.7(TIO CR)17.7(YODESICCA)73.7(T)54.8(A: EPOETINUM beta ADNr 4’OOO U.I., UREUM, NA)73.7(TRII CHLORI-)]TJ
T*
-0.0847 Tw
[(DUM, POL)91.5(YSORBA)73.7(TUM 20, NA)73.7(TRII PHOSPHA)73.7(TES, CALCII CHLORIDUM, GL)91.5(YCINUM, LEUCINUM,)]TJ
T*
-0.0962 Tw
[(ISOLEUCINUM, THREONINUM, ACIDUM GLUT)54.7(AMICUM, PHENYLALANINUM,  SOL)73.7(VENS: AQUA)]TJ
T*
-0.0306 Tw
[(ad INIECT)54.7(ABILIA 0.3)-278.1(mL, pro V)36.7(ASE.)]TJ
10 0 0 10 184.252 218.4912 Tm
-0.0002 Tc
0 Tw
(09)Tj
8.3 0 0 8.3 198.4252 218.4911 Tm
-0.0001 Tc
0.0167 Tw
[(PRAEP)36.7(ARA)73.7(TIO CR)17.7(YODESICCA)73.7(T)54.8(A: EPOETINUM beta ADNr 6’000)-278.1(U.I., UREUM, NA)73.7(TRII CHLORI-)]TJ
T*
-0.0847 Tw
[(DUM, POL)91.5(YSORBA)73.7(TUM 20, NA)73.7(TRII PHOSPHA)73.7(TES, CALCII CHLORIDUM, GL)91.5(YCINUM, LEUCINUM,)]TJ
T*
-0.0962 Tw
[(ISOLEUCINUM, THREONINUM, ACIDUM GLUT)54.7(AMICUM, PHENYLALANINUM,  SOL)73.7(VENS: AQUA)]TJ
T*
-0.0306 Tw
[(ad INIECT)54.7(ABILIA 0.3)-278.1(mL, pro V)36.7(ASE.)]TJ
10 0 0 10 85.0394 170.3006 Tm
[(Anwendung:)-5285.2(Stimulierung der Erythropoese)]TJ
0 -1.4174 TD
0 Tw
[(Packungen:)-4532.7(02)-305.6(025)-7697.7(6)-566.9(Fertigspritze\(n\))-6496.3(A)]TJ
9.9213 -1.4174 TD
[(03)-305.6(033)-7697.7(6)-566.9(Fertigspritze\(n\))-6496.3(A)]TJ
T*
[(04)-305.6(041)-7697.7(6)-566.9(Fertigspritze\(n\))-6496.3(A)]TJ
T*
[(05)-305.6(068)-7697.7(6)-566.9(Fertigspritze\(n\))-6496.3(A)]TJ
T*
[(06)-305.6(076)-7697.7(6)-566.9(Fertigspritze\(n\))-6496.3(A)]TJ
T*
[(07)-305.6(084)-7697.7(6)-566.9(Fertigspritze\(n\))-6496.3(A)]TJ
ET
Q

q
1 i 
-9 851 613 -860 re
0 841 m
W n
0.03 841.02 595.02 -841.02 re
W n
BT
/F4 1 Tf
12.5 0 0 12.5 285.8058 811.7825 Tm
/Cs5 cs 0.161 0.145 0.149 sc
/GS1 gs
-0.0001 Tc
-0.0286 Tw
[(Arzneimittel Statistik)-130(/)-129.9(M)0.1(édicaments miscellanées)]TJ
ET
/Cs5 CS 0.161 0.145 0.149 SC
0 J 0 j 0.3 w 10 M []0 d
42.8 805.15 m
567.2 805.15 l
S
Q
q
1 i 
361.69 850.5 198.43 -24.09 re
560.097 811.782 m
W* n
-9 851 613 -860 re
0 841 m
W n
0.03 841.02 595.02 -841.02 re
W n
q
2.7718 0 0 -0.3608 0 0 cm
/Cs5 CS 1 1 1 SC
0 J 0 j 0.5 w 10 M []0 d
/GS1 gs
130.36 -2360.21 m
130.36 -2287.903 l
S
0.992 0.992 0.992 SC
130.827 -2360.21 m
130.827 -2287.903 l
S
0.988 0.988 0.988 SC
131.293 -2360.21 m
131.293 -2287.903 l
S
0.98 0.98 0.984 SC
131.76 -2360.21 m
131.76 -2287.903 l
S
0.976 0.976 0.976 SC
132.226 -2360.21 m
132.226 -2287.903 l
S
0.973 0.973 0.973 SC
132.693 -2360.21 m
132.693 -2287.903 l
S
0.969 0.969 0.969 SC
133.159 -2360.21 m
133.159 -2287.903 l
S
0.965 0.965 0.969 SC
133.626 -2360.21 m
133.626 -2287.903 l
S
0.961 0.961 0.965 SC
134.092 -2360.21 m
134.092 -2287.903 l
S
0.957 0.957 0.961 SC
134.559 -2360.21 m
134.559 -2287.903 l
S
0.953 0.957 0.957 SC
135.025 -2360.21 m
135.025 -2287.903 l
S
0.949 0.953 0.953 SC
135.492 -2360.21 m
135.492 -2287.903 l
S
0.945 0.949 0.949 SC
135.958 -2360.21 m
135.958 -2287.903 l
S
0.945 0.945 0.949 SC
136.425 -2360.21 m
136.425 -2287.903 l
S
0.941 0.941 0.945 SC
136.891 -2360.21 m
136.891 -2287.903 l
S
0.937 0.937 0.941 SC
137.358 -2360.21 m
137.358 -2287.903 l
S
0.933 0.937 0.937 SC
137.824 -2360.21 m
137.824 -2287.903 l
S
0.929 0.933 0.933 SC
138.291 -2360.21 m
138.291 -2287.903 l
S
0.925 0.929 0.933 SC
138.757 -2360.21 m
138.757 -2287.903 l
S
0.922 0.925 0.929 SC
139.224 -2360.21 m
139.224 -2287.903 l
S
0.922 0.922 0.925 SC
139.69 -2360.21 m
139.69 -2287.903 l
S
0.918 0.922 0.922 SC
140.157 -2360.21 m
140.157 -2287.903 l
S
0.914 0.918 0.922 SC
140.623 -2360.21 m
140.623 -2287.903 l
S
0.91 0.914 0.918 SC
141.09 -2360.21 m
141.09 -2287.903 l
S
0.906 0.91 0.914 SC
141.556 -2360.21 m
141.556 -2287.903 l
S
0.902 0.906 0.91 SC
142.023 -2360.21 m
142.023 -2287.903 l
S
0.898 0.902 0.906 SC
142.489 -2360.21 m
142.489 -2287.903 l
S
0.898 0.898 0.902 SC
142.956 -2360.21 m
142.956 -2287.903 l
S
0.894 0.898 0.902 SC
143.422 -2360.21 m
143.422 -2287.903 l
S
0.89 0.894 0.898 SC
143.889 -2360.21 m
143.889 -2287.903 l
S
0.886 0.89 0.894 SC
144.355 -2360.21 m
144.355 -2287.903 l
S
0.882 0.886 0.89 SC
144.822 -2360.21 m
144.822 -2287.903 l
S
0.878 0.882 0.89 SC
145.288 -2360.21 m
145.288 -2287.903 l
S
0.875 0.882 0.886 SC
145.755 -2360.21 m
145.755 -2287.903 l
S
0.875 0.878 0.882 SC
146.221 -2360.21 m
146.221 -2287.903 l
S
0.871 0.875 0.878 SC
146.688 -2360.21 m
146.688 -2287.903 l
S
0.867 0.871 0.875 SC
147.154 -2360.21 m
147.154 -2287.903 l
S
0.863 0.867 0.875 SC
147.621 -2360.21 m
147.621 -2287.903 l
S
0.859 0.863 0.871 SC
148.087 -2360.21 m
148.087 -2287.903 l
S
0.855 0.863 0.867 SC
148.554 -2360.21 m
148.554 -2287.903 l
S
0.855 0.859 0.863 SC
149.02 -2360.21 m
149.02 -2287.903 l
S
0.851 0.855 0.859 SC
149.487 -2360.21 m
149.487 -2287.903 l
S
0.847 0.851 0.859 SC
149.953 -2360.21 m
149.953 -2287.903 l
S
0.843 0.847 0.855 SC
150.42 -2360.21 m
150.42 -2287.903 l
S
0.839 0.847 0.851 SC
150.886 -2360.21 m
150.886 -2287.903 l
S
0.835 0.843 0.847 SC
151.353 -2360.21 m
151.353 -2287.903 l
S
0.835 0.839 0.843 SC
151.819 -2360.21 m
151.819 -2287.903 l
S
0.831 0.835 0.843 SC
152.286 -2360.21 m
152.286 -2287.903 l
S
0.827 0.831 0.839 SC
152.752 -2360.21 m
152.752 -2287.903 l
S
0.824 0.831 0.835 SC
153.219 -2360.21 m
153.219 -2287.903 l
S
0.82 0.827 0.831 SC
153.685 -2360.21 m
153.685 -2287.903 l
S
0.816 0.824 0.831 SC
154.152 -2360.21 m
154.152 -2287.903 l
S
0.816 0.82 0.827 SC
154.618 -2360.21 m
154.618 -2287.903 l
S
0.812 0.816 0.824 SC
155.085 -2360.21 m
155.085 -2287.903 l
S
0.808 0.812 0.82 SC
155.551 -2360.21 m
155.551 -2287.903 l
S
0.804 0.812 0.816 SC
156.018 -2360.21 m
156.018 -2287.903 l
S
0.8 0.808 0.816 SC
156.484 -2360.21 m
156.484 -2287.903 l
S
0.796 0.804 0.812 SC
156.951 -2360.21 m
156.951 -2287.903 l
S
0.796 0.8 0.808 SC
157.417 -2360.21 m
157.417 -2287.903 l
S
0.792 0.796 0.804 SC
157.884 -2360.21 m
157.884 -2287.903 l
S
0.788 0.796 0.8 SC
158.35 -2360.21 m
158.35 -2287.903 l
S
0.784 0.792 0.8 SC
158.817 -2360.21 m
158.817 -2287.903 l
S
0.78 0.788 0.796 SC
159.283 -2360.21 m
159.283 -2287.903 l
S
0.776 0.784 0.792 SC
159.75 -2360.21 m
159.75 -2287.903 l
S
0.776 0.78 0.788 SC
160.216 -2360.21 m
160.216 -2287.903 l
S
0.773 0.776 0.784 SC
160.683 -2360.21 m
160.683 -2287.903 l
S
0.769 0.776 0.784 SC
161.149 -2360.21 m
161.149 -2287.903 l
S
0.765 0.773 0.78 SC
161.616 -2360.21 m
161.616 -2287.903 l
S
0.761 0.769 0.776 SC
162.082 -2360.21 m
162.082 -2287.903 l
S
0.757 0.765 0.773 SC
162.549 -2360.21 m
162.549 -2287.903 l
S
0.753 0.761 0.769 SC
163.015 -2360.21 m
163.015 -2287.903 l
163.482 -2360.21 m
163.482 -2287.903 l
S
0.749 0.757 0.765 SC
163.948 -2360.21 m
163.948 -2287.903 l
S
0.745 0.753 0.761 SC
164.415 -2360.21 m
164.415 -2287.903 l
S
0.741 0.749 0.757 SC
164.881 -2360.21 m
164.881 -2287.903 l
S
0.737 0.745 0.753 SC
165.348 -2360.21 m
165.348 -2287.903 l
S
0.733 0.741 0.753 SC
165.814 -2360.21 m
165.814 -2287.903 l
S
0.733 0.741 0.749 SC
166.281 -2360.21 m
166.281 -2287.903 l
166.747 -2360.21 m
166.747 -2287.903 l
S
0.729 0.737 0.745 SC
167.214 -2360.21 m
167.214 -2287.903 l
S
0.725 0.733 0.741 SC
167.68 -2360.21 m
167.68 -2287.903 l
S
0.722 0.729 0.737 SC
168.147 -2360.21 m
168.147 -2287.903 l
S
0.718 0.725 0.737 SC
168.613 -2360.21 m
168.613 -2287.903 l
S
0.714 0.722 0.733 SC
169.08 -2360.21 m
169.08 -2287.903 l
S
0.714 0.722 0.729 SC
169.546 -2360.21 m
169.546 -2287.903 l
S
0.71 0.718 0.725 SC
170.013 -2360.21 m
170.013 -2287.903 l
S
0.706 0.714 0.722 SC
170.479 -2360.21 m
170.479 -2287.903 l
S
0.702 0.71 0.722 SC
170.946 -2360.21 m
170.946 -2287.903 l
S
0.698 0.706 0.718 SC
171.412 -2360.21 m
171.412 -2287.903 l
S
0.698 0.706 0.714 SC
171.879 -2360.21 m
171.879 -2287.903 l
S
0.694 0.702 0.71 SC
172.345 -2360.21 m
172.345 -2287.903 l
S
0.69 0.698 0.706 SC
172.812 -2360.21 m
172.812 -2287.903 l
S
0.686 0.694 0.706 SC
173.278 -2360.21 m
173.278 -2287.903 l
S
0.682 0.69 0.702 SC
173.745 -2360.21 m
173.745 -2287.903 l
S
0.682 0.69 0.698 SC
174.211 -2360.21 m
174.211 -2287.903 l
S
0.678 0.686 0.694 SC
174.678 -2360.21 m
174.678 -2287.903 l
S
0.675 0.682 0.69 SC
175.144 -2360.21 m
175.144 -2287.903 l
S
0.671 0.678 0.69 SC
175.611 -2360.21 m
175.611 -2287.903 l
S
0.667 0.675 0.686 SC
176.077 -2360.21 m
176.077 -2287.903 l
S
0.663 0.675 0.682 SC
176.544 -2360.21 m
176.544 -2287.903 l
S
0.663 0.671 0.678 SC
177.01 -2360.21 m
177.01 -2287.903 l
S
0.659 0.667 0.678 SC
177.477 -2360.21 m
177.477 -2287.903 l
S
0.655 0.663 0.675 SC
177.943 -2360.21 m
177.943 -2287.903 l
S
0.651 0.659 0.671 SC
178.41 -2360.21 m
178.41 -2287.903 l
S
0.651 0.659 0.667 SC
178.876 -2360.21 m
178.876 -2287.903 l
S
0.647 0.655 0.663 SC
179.343 -2360.21 m
179.343 -2287.903 l
S
0.643 0.651 0.663 SC
179.809 -2360.21 m
179.809 -2287.903 l
S
0.639 0.647 0.659 SC
180.276 -2360.21 m
180.276 -2287.903 l
S
0.635 0.643 0.655 SC
180.742 -2360.21 m
180.742 -2287.903 l
S
0.635 0.643 0.651 SC
181.209 -2360.21 m
181.209 -2287.903 l
S
0.631 0.639 0.647 SC
181.675 -2360.21 m
181.675 -2287.903 l
S
0.627 0.635 0.647 SC
182.142 -2360.21 m
182.142 -2287.903 l
S
0.624 0.631 0.643 SC
182.608 -2360.21 m
182.608 -2287.903 l
S
0.62 0.631 0.639 SC
183.075 -2360.21 m
183.075 -2287.903 l
S
0.62 0.627 0.635 SC
183.541 -2360.21 m
183.541 -2287.903 l
S
0.616 0.624 0.635 SC
184.008 -2360.21 m
184.008 -2287.903 l
S
0.612 0.62 0.631 SC
184.474 -2360.21 m
184.474 -2287.903 l
S
0.608 0.616 0.627 SC
184.941 -2360.21 m
184.941 -2287.903 l
S
0.608 0.616 0.624 SC
185.407 -2360.21 m
185.407 -2287.903 l
S
0.604 0.612 0.624 SC
185.874 -2360.21 m
185.874 -2287.903 l
S
0.6 0.608 0.62 SC
186.34 -2360.21 m
186.34 -2287.903 l
S
0.596 0.604 0.616 SC
186.806 -2360.21 m
186.806 -2287.903 l
S
0.596 0.604 0.612 SC
187.273 -2360.21 m
187.273 -2287.903 l
S
0.592 0.6 0.608 SC
187.739 -2360.21 m
187.739 -2287.903 l
S
0.588 0.596 0.608 SC
188.206 -2360.21 m
188.206 -2287.903 l
S
0.584 0.592 0.604 SC
188.672 -2360.21 m
188.672 -2287.903 l
S
0.584 0.592 0.6 SC
189.139 -2360.21 m
189.139 -2287.903 l
S
0.58 0.588 0.596 SC
189.605 -2360.21 m
189.605 -2287.903 l
S
0.576 0.584 0.596 SC
190.072 -2360.21 m
190.072 -2287.903 l
S
0.573 0.58 0.592 SC
190.538 -2360.21 m
190.538 -2287.903 l
S
0.573 0.58 0.588 SC
191.005 -2360.21 m
191.005 -2287.903 l
S
0.569 0.576 0.588 SC
191.471 -2360.21 m
191.471 -2287.903 l
S
0.565 0.573 0.584 SC
191.938 -2360.21 m
191.938 -2287.903 l
S
0.561 0.569 0.58 SC
192.404 -2360.21 m
192.404 -2287.903 l
S
0.561 0.569 0.576 SC
192.871 -2360.21 m
192.871 -2287.903 l
S
0.557 0.565 0.576 SC
193.337 -2360.21 m
193.337 -2287.903 l
S
0.553 0.561 0.573 SC
193.804 -2360.21 m
193.804 -2287.903 l
S
0.549 0.557 0.569 SC
194.27 -2360.21 m
194.27 -2287.903 l
S
0.549 0.557 0.565 SC
194.737 -2360.21 m
194.737 -2287.903 l
S
0.545 0.553 0.565 SC
195.203 -2360.21 m
195.203 -2287.903 l
S
0.541 0.549 0.561 SC
195.67 -2360.21 m
195.67 -2287.903 l
S
0.537 0.545 0.557 SC
196.136 -2360.21 m
196.136 -2287.903 l
S
0.537 0.545 0.553 SC
196.603 -2360.21 m
196.603 -2287.903 l
S
0.533 0.541 0.553 SC
197.069 -2360.21 m
197.069 -2287.903 l
S
0.529 0.537 0.549 SC
197.536 -2360.21 m
197.536 -2287.903 l
S
0.529 0.533 0.545 SC
198.002 -2360.21 m
198.002 -2287.903 l
S
0.525 0.533 0.541 SC
198.469 -2360.21 m
198.469 -2287.903 l
S
0.522 0.529 0.541 SC
198.935 -2360.21 m
198.935 -2287.903 l
S
0.518 0.525 0.537 SC
199.402 -2360.21 m
199.402 -2287.903 l
S
0.518 0.525 0.533 SC
199.868 -2360.21 m
199.868 -2287.903 l
S
0.514 0.522 0.529 SC
200.335 -2360.21 m
200.335 -2287.903 l
S
0.51 0.518 0.529 SC
200.801 -2360.21 m
200.801 -2287.903 l
S
0.51 0.514 0.525 SC
201.268 -2360.21 m
201.268 -2287.903 l
S
0.506 0.514 0.522 SC
201.734 -2360.21 m
201.734 -2287.903 l
S
0.502 0.51 0.518 SC
202.201 -2360.21 m
202.201 -2287.903 l
S
Q
Q
q
1 i 
-9 851 613 -860 re
0 841 m
W n
0.03 841.02 595.02 -841.02 re
W n
/Cs5 cs 0.161 0.145 0.149 sc
/GS1 gs
560.12 841.02 34.93 -6.11 re
f
/Cs5 CS 0.161 0.145 0.149 SC
0 J 0 j 0.3 w 10 M []0 d
567.202 840.678 m
567.202 804.948 l
S
286.57 22.8 22.68 -22.8 re
f
BT
/F1 1 Tf
10 0 0 10 289.5747 7.7671 Tm
1 1 1 sc
-0.0002 Tc
0 Tw
(671)Tj
/F3 1 Tf
7 0 0 7 473.8676 17.5374 Tm
0.161 0.145 0.149 sc
-0.0001 Tc
-0.0306 Tw
[(Swissmedic Jour)-17.9(nal)-1111.9(9/2002)]TJ
/F5 1 Tf
10 0 0 10 142.0079 763.6339 Tm
0 Tw
[(08)-305.6(092)-7697.7(6)-566.9(Fertigspritze\(n\))-6496.3(A)]TJ
0 -1.4174 TD
[(09)-305.6(106)-7697.7(6)-566.9(Fertigspritze\(n\))-6496.3(A)]TJ
-9.9213 -1.4174 TD
-0.0306 Tw
[(* Bemerkungen:)-3702(Seq.01 Recormon PS 500)-278.1(U.I./0.3)-278.1(mL, Fertigspritzen = Exportspezialität)]TJ
11.3386 -1.4174 TD
(Ersetzt die Registrierungsurkunde vom 27.06.2001)Tj
-11.3386 -1.4174 TD
[(Gültig bis:)-6647.8(31. Dezember 2003)]TJ
ET
0.4 w 
42.8 698.53 m
510.51 698.53 l
S
BT
/F2 1 Tf
10 0 0 10 42.7953 665.1594 Tm
-0.0336 Tw
[(01)-1044.2(Redoxon Fruchtar)17.7(oma, Lutschtabletten zuckerfr)17.7(ei)]TJ
/F5 1 Tf
0 -1.1339 TD
-0.0306 Tw
(Roche Pharma \(Schweiz\) AG, Schönmattstrasse 2, 4153 Reinach)Tj
ET
42.8 645.87 m
510.51 645.87 l
42.8 628.18 m
510.51 628.18 l
S
BT
10 0 0 10 42.7953 633.4814 Tm
-0.0002 Tc
0 Tw
[(Zul.-Nr)91.6(.: )]TJ
/F2 1 Tf
3.8772 0 TD
(49825)Tj
/F5 1 Tf
8.8787 0 TD
0 Tc
(V)Tj
0.6301 0 TD
-0.0001 Tc
(erkaufsart: )Tj
/F2 1 Tf
5.3042 0 TD
0 Tc
(D)Tj
/F5 1 Tf
6.8216 0 TD
-0.0001 Tc
-0.0306 Tw
[(Index: 07.02.3.)-9563.5(20.09.2002)]TJ
-25.5118 -2.2428 TD
0 Tw
[(Zusammensetzung:)-921.1(01)]TJ
8.3 0 0 8.3 156.1811 611.0532 Tm
-0.0306 Tw
[(ACIDUM ASCORBICUM 500)-278.1(mg, ASP)36.7(AR)17.7(T)54.8(AMUM, AROMA)73.7(TICA, EXCIPIENS pro COMPRESSO.)]TJ
10 0 0 10 42.7953 596.8797 Tm
0 Tw
[(Anwendung:)-5285.2(V)17.7(itamin-C-Präparat)]TJ
0 -1.4174 TD
[(Packungen:)-4532.7(01)-305.6(013)-7141.8(3)0.1(0)-567(Lutschtabletten)-6329.1(D)]TJ
11.3386 -1.4174 TD
[(021)-6585.9(1)0.1(00)-567.1(Lutschtabletten)-6329.1(D)]TJ
-11.3386 -1.4174 TD
-0.0306 Tw
[(* Gültig bis:)-5844.6(19. September 2007)]TJ
ET
42.8 545.94 m
510.51 545.94 l
S
BT
/F2 1 Tf
10 0 0 10 42.7953 509.9493 Tm
-0.0337 Tw
[(01)-1044.2(Redoxon Zitr)17.7(onenar)17.7(oma, Brausetabletten zuckerfr)17.7(ei)]TJ
0 -1.2835 TD
[(03)-1044.2(Redoxon Orangenar)17.7(oma, Brausetabletten zuckerfr)17.7(ei)]TJ
/F5 1 Tf
0 -1.4174 TD
-0.0306 Tw
(Roche Pharma \(Schweiz\) AG, Schönmattstrasse 2, 4153 Reinach)Tj
ET
42.8 474.99 m
510.51 474.99 l
42.8 457.3 m
510.51 457.3 l
S
BT
10 0 0 10 42.7953 462.6021 Tm
-0.0002 Tc
0 Tw
[(Zul.-Nr)91.6(.: )]TJ
/F2 1 Tf
3.8772 0 TD
(49824)Tj
/F5 1 Tf
8.8787 0 TD
0 Tc
(V)Tj
0.6301 0 TD
-0.0001 Tc
(erkaufsart: )Tj
/F2 1 Tf
5.3042 0 TD
0 Tc
(D)Tj
/F5 1 Tf
6.8216 0 TD
-0.0001 Tc
-0.0306 Tw
[(Index: 07.02.3.)-9563.5(20.09.2002)]TJ
-25.5118 -2.2428 TD
0 Tw
[(Zusammensetzung:)-921.1(01)]TJ
8.3 0 0 8.3 156.1811 440.1739 Tm
-0.0306 Tw
[(ACIDUM ASCORBICUM 1)-278.1(g, ASP)36.7(AR)17.7(T)54.8(AMUM, AROMA)73.7(TICA, EXCIPIENS pro COMPRESSO.)]TJ
10 0 0 10 142.0079 426.0003 Tm
-0.0002 Tc
0 Tw
(03)Tj
8.3 0 0 8.3 156.1811 426.0003 Tm
-0.0001 Tc
-0.0306 Tw
[(ACIDUM ASCORBICUM 1)-278.1(g, ASP)36.7(AR)17.7(T)54.8(AMUM, AROMA)73.7(TICA, EXCIPIENS pro COMPRESSO.)]TJ
10 0 0 10 42.7953 411.8267 Tm
0 Tw
[(Anwendung:)-5285.2(V)17.7(itamin-C-Präparat)]TJ
0 -1.4174 TD
[(Packungen:)-4532.7(01)-305.6(025)-7141.8(2)0.1(0)-567(Brausetabletten)-6161.1(D)]TJ
9.9213 -1.4174 TD
[(03)-305.6(041)-7141.8(2)0.1(0)-567(Brausetabletten)-6161.1(D)]TJ
-9.9213 -1.4174 TD
-0.0306 Tw
[(* Gültig bis:)-5844.6(19. September 2007)]TJ
ET
42.8 360.89 m
510.51 360.89 l
S
BT
/F2 1 Tf
10 0 0 10 42.7953 324.8964 Tm
-0.0336 Tw
[(01)-1044.2(Reguletts Phenolphthalein, T)98.8(abletten)]TJ
/F5 1 Tf
T*
-0.0306 Tw
[(Franz Hüsler AG, Chriesbaumstrasse 6, 8604 V)48.7(olketswil)]TJ
ET
42.8 302.77 m
510.51 302.77 l
42.8 285.08 m
510.51 285.08 l
S
BT
10 0 0 10 42.7953 290.3837 Tm
-0.0002 Tc
0 Tw
[(Zul.-Nr)91.6(.: )]TJ
/F2 1 Tf
3.8772 0 TD
(14064)Tj
/F5 1 Tf
8.8787 0 TD
0 Tc
(V)Tj
0.6301 0 TD
-0.0001 Tc
(erkaufsart: )Tj
/F2 1 Tf
5.3042 0 TD
0 Tc
(B)Tj
/F5 1 Tf
6.8216 0 TD
-0.0001 Tc
-0.0306 Tw
[(Index: 04.08.11)-9285.4(27.09.2002)]TJ
-25.5118 -2.2428 TD
0 Tw
[(Zusammensetzung:)-921.1(01)]TJ
8.3 0 0 8.3 156.1811 267.9556 Tm
-0.0306 Tw
[(PHENOLPHTHALEINUM 100)-278.1(mg, EXCIPIENS pro COMPRESSO.)]TJ
10 0 0 10 42.7953 253.782 Tm
-0.0002 Tc
0 Tw
[(Anwendung:)-5285.3(V)36.7(erstopfung)]TJ
0 -1.4174 TD
[(Packung:)-5699.5(01)-305.7(044)-7141.9(5)0(0)-567.1(T)73.9(abletten)-9179.5(B)]TJ
T*
-0.0001 Tc
-0.0306 Tw
[(* Gültig bis:)-5844.6(26. September 2007)]TJ
ET
42.8 217.02 m
510.51 217.02 l
S
Q

q
1 i 
-9 851 613 -860 re
0 841 m
W n
0.03 841.02 595.02 -841.02 re
W n
BT
/F4 1 Tf
12.5 0 0 12.5 34.4488 811.7822 Tm
/Cs5 cs 0.161 0.145 0.149 sc
/GS1 gs
-0.0001 Tc
-0.0286 Tw
[(Arzneimittel Statistik)-130(/)-129.9(M)0.1(édicaments miscellanées)]TJ
ET
/Cs5 CS 0.161 0.145 0.149 SC
0 J 0 j 0.3 w 10 M []0 d
28.35 805.15 m
552.76 805.15 l
S
Q
q
1 i 
35.43 850.5 198.43 -24.09 re
308.74 811.782 m
W* n
-9 851 613 -860 re
0 841 m
W n
0.03 841.02 595.02 -841.02 re
W n
q
2.7718 0 0 -0.3608 0 0 cm
/Cs5 CS 0.502 0.51 0.518 SC
0 J 0 j 0.5 w 10 M []0 d
/GS1 gs
12.655 -2360.21 m
12.655 -2287.903 l
S
0.506 0.514 0.522 SC
13.121 -2360.21 m
13.121 -2287.903 l
S
0.51 0.514 0.525 SC
13.588 -2360.21 m
13.588 -2287.903 l
S
0.51 0.518 0.529 SC
14.054 -2360.21 m
14.054 -2287.903 l
S
0.514 0.522 0.529 SC
14.521 -2360.21 m
14.521 -2287.903 l
S
0.518 0.525 0.533 SC
14.987 -2360.21 m
14.987 -2287.903 l
S
0.518 0.525 0.537 SC
15.454 -2360.21 m
15.454 -2287.903 l
S
0.522 0.529 0.541 SC
15.92 -2360.21 m
15.92 -2287.903 l
S
0.525 0.533 0.541 SC
16.387 -2360.21 m
16.387 -2287.903 l
S
0.529 0.533 0.545 SC
16.853 -2360.21 m
16.853 -2287.903 l
S
0.529 0.537 0.549 SC
17.32 -2360.21 m
17.32 -2287.903 l
S
0.533 0.541 0.553 SC
17.786 -2360.21 m
17.786 -2287.903 l
S
0.537 0.545 0.553 SC
18.253 -2360.21 m
18.253 -2287.903 l
S
0.537 0.545 0.557 SC
18.719 -2360.21 m
18.719 -2287.903 l
S
0.541 0.549 0.561 SC
19.186 -2360.21 m
19.186 -2287.903 l
S
0.545 0.553 0.565 SC
19.652 -2360.21 m
19.652 -2287.903 l
S
0.549 0.557 0.565 SC
20.119 -2360.21 m
20.119 -2287.903 l
S
0.549 0.557 0.569 SC
20.585 -2360.21 m
20.585 -2287.903 l
S
0.553 0.561 0.573 SC
21.052 -2360.21 m
21.052 -2287.903 l
S
0.557 0.565 0.576 SC
21.518 -2360.21 m
21.518 -2287.903 l
S
0.561 0.569 0.576 SC
21.985 -2360.21 m
21.985 -2287.903 l
S
0.561 0.569 0.58 SC
22.451 -2360.21 m
22.451 -2287.903 l
S
0.565 0.573 0.584 SC
22.918 -2360.21 m
22.918 -2287.903 l
S
0.569 0.576 0.588 SC
23.384 -2360.21 m
23.384 -2287.903 l
S
0.573 0.58 0.588 SC
23.851 -2360.21 m
23.851 -2287.903 l
S
0.573 0.58 0.592 SC
24.317 -2360.21 m
24.317 -2287.903 l
S
0.576 0.584 0.596 SC
24.784 -2360.21 m
24.784 -2287.903 l
S
0.58 0.588 0.596 SC
25.25 -2360.21 m
25.25 -2287.903 l
S
0.584 0.592 0.6 SC
25.717 -2360.21 m
25.717 -2287.903 l
S
0.584 0.592 0.604 SC
26.183 -2360.21 m
26.183 -2287.903 l
S
0.588 0.596 0.608 SC
26.65 -2360.21 m
26.65 -2287.903 l
S
0.592 0.6 0.608 SC
27.116 -2360.21 m
27.116 -2287.903 l
S
0.596 0.604 0.612 SC
27.583 -2360.21 m
27.583 -2287.903 l
S
0.596 0.604 0.616 SC
28.049 -2360.21 m
28.049 -2287.903 l
S
0.6 0.608 0.62 SC
28.516 -2360.21 m
28.516 -2287.903 l
S
0.604 0.612 0.624 SC
28.982 -2360.21 m
28.982 -2287.903 l
S
0.608 0.616 0.624 SC
29.449 -2360.21 m
29.449 -2287.903 l
S
0.608 0.616 0.627 SC
29.915 -2360.21 m
29.915 -2287.903 l
S
0.612 0.62 0.631 SC
30.382 -2360.21 m
30.382 -2287.903 l
S
0.616 0.624 0.635 SC
30.848 -2360.21 m
30.848 -2287.903 l
S
0.62 0.627 0.635 SC
31.315 -2360.21 m
31.315 -2287.903 l
S
0.62 0.631 0.639 SC
31.781 -2360.21 m
31.781 -2287.903 l
S
0.624 0.631 0.643 SC
32.248 -2360.21 m
32.248 -2287.903 l
S
0.627 0.635 0.647 SC
32.714 -2360.21 m
32.714 -2287.903 l
S
0.631 0.639 0.647 SC
33.181 -2360.21 m
33.181 -2287.903 l
S
0.635 0.643 0.651 SC
33.647 -2360.21 m
33.647 -2287.903 l
S
0.635 0.643 0.655 SC
34.113 -2360.21 m
34.113 -2287.903 l
S
0.639 0.647 0.659 SC
34.58 -2360.21 m
34.58 -2287.903 l
S
0.643 0.651 0.663 SC
35.046 -2360.21 m
35.046 -2287.903 l
S
0.647 0.655 0.663 SC
35.513 -2360.21 m
35.513 -2287.903 l
S
0.651 0.659 0.667 SC
35.979 -2360.21 m
35.979 -2287.903 l
S
0.651 0.659 0.671 SC
36.446 -2360.21 m
36.446 -2287.903 l
S
0.655 0.663 0.675 SC
36.912 -2360.21 m
36.912 -2287.903 l
S
0.659 0.667 0.678 SC
37.379 -2360.21 m
37.379 -2287.903 l
S
0.663 0.671 0.678 SC
37.845 -2360.21 m
37.845 -2287.903 l
S
0.663 0.675 0.682 SC
38.312 -2360.21 m
38.312 -2287.903 l
S
0.667 0.675 0.686 SC
38.778 -2360.21 m
38.778 -2287.903 l
S
0.671 0.678 0.69 SC
39.245 -2360.21 m
39.245 -2287.903 l
S
0.675 0.682 0.69 SC
39.711 -2360.21 m
39.711 -2287.903 l
S
0.678 0.686 0.694 SC
40.178 -2360.21 m
40.178 -2287.903 l
S
0.682 0.69 0.698 SC
40.644 -2360.21 m
40.644 -2287.903 l
S
0.682 0.69 0.702 SC
41.111 -2360.21 m
41.111 -2287.903 l
S
0.686 0.694 0.706 SC
41.577 -2360.21 m
41.577 -2287.903 l
S
0.69 0.698 0.706 SC
42.044 -2360.21 m
42.044 -2287.903 l
S
0.694 0.702 0.71 SC
42.51 -2360.21 m
42.51 -2287.903 l
S
0.698 0.706 0.714 SC
42.977 -2360.21 m
42.977 -2287.903 l
S
0.698 0.706 0.718 SC
43.443 -2360.21 m
43.443 -2287.903 l
S
0.702 0.71 0.722 SC
43.91 -2360.21 m
43.91 -2287.903 l
S
0.706 0.714 0.722 SC
44.376 -2360.21 m
44.376 -2287.903 l
S
0.71 0.718 0.725 SC
44.843 -2360.21 m
44.843 -2287.903 l
S
0.714 0.722 0.729 SC
45.309 -2360.21 m
45.309 -2287.903 l
S
0.714 0.722 0.733 SC
45.776 -2360.21 m
45.776 -2287.903 l
S
0.718 0.725 0.737 SC
46.242 -2360.21 m
46.242 -2287.903 l
S
0.722 0.729 0.737 SC
46.709 -2360.21 m
46.709 -2287.903 l
S
0.725 0.733 0.741 SC
47.175 -2360.21 m
47.175 -2287.903 l
S
0.729 0.737 0.745 SC
47.642 -2360.21 m
47.642 -2287.903 l
S
0.733 0.741 0.749 SC
48.108 -2360.21 m
48.108 -2287.903 l
S
0.733 0.741 0.753 SC
48.575 -2360.21 m
48.575 -2287.903 l
49.041 -2360.21 m
49.041 -2287.903 l
S
0.737 0.745 0.753 SC
49.508 -2360.21 m
49.508 -2287.903 l
S
0.741 0.749 0.757 SC
49.974 -2360.21 m
49.974 -2287.903 l
S
0.745 0.753 0.761 SC
50.441 -2360.21 m
50.441 -2287.903 l
S
0.749 0.757 0.765 SC
50.907 -2360.21 m
50.907 -2287.903 l
S
0.753 0.761 0.769 SC
51.374 -2360.21 m
51.374 -2287.903 l
51.84 -2360.21 m
51.84 -2287.903 l
S
0.757 0.765 0.773 SC
52.307 -2360.21 m
52.307 -2287.903 l
S
0.761 0.769 0.776 SC
52.773 -2360.21 m
52.773 -2287.903 l
S
0.765 0.773 0.78 SC
53.24 -2360.21 m
53.24 -2287.903 l
S
0.769 0.776 0.784 SC
53.706 -2360.21 m
53.706 -2287.903 l
S
0.773 0.776 0.784 SC
54.173 -2360.21 m
54.173 -2287.903 l
S
0.776 0.78 0.788 SC
54.639 -2360.21 m
54.639 -2287.903 l
S
0.776 0.784 0.792 SC
55.106 -2360.21 m
55.106 -2287.903 l
S
0.78 0.788 0.796 SC
55.572 -2360.21 m
55.572 -2287.903 l
S
0.784 0.792 0.8 SC
56.039 -2360.21 m
56.039 -2287.903 l
S
0.788 0.796 0.8 SC
56.505 -2360.21 m
56.505 -2287.903 l
S
0.792 0.796 0.804 SC
56.972 -2360.21 m
56.972 -2287.903 l
S
0.796 0.8 0.808 SC
57.438 -2360.21 m
57.438 -2287.903 l
S
0.796 0.804 0.812 SC
57.905 -2360.21 m
57.905 -2287.903 l
S
0.8 0.808 0.816 SC
58.371 -2360.21 m
58.371 -2287.903 l
S
0.804 0.812 0.816 SC
58.838 -2360.21 m
58.838 -2287.903 l
S
0.808 0.812 0.82 SC
59.304 -2360.21 m
59.304 -2287.903 l
S
0.812 0.816 0.824 SC
59.771 -2360.21 m
59.771 -2287.903 l
S
0.816 0.82 0.827 SC
60.237 -2360.21 m
60.237 -2287.903 l
S
0.816 0.824 0.831 SC
60.704 -2360.21 m
60.704 -2287.903 l
S
0.82 0.827 0.831 SC
61.17 -2360.21 m
61.17 -2287.903 l
S
0.824 0.831 0.835 SC
61.637 -2360.21 m
61.637 -2287.903 l
S
0.827 0.831 0.839 SC
62.103 -2360.21 m
62.103 -2287.903 l
S
0.831 0.835 0.843 SC
62.57 -2360.21 m
62.57 -2287.903 l
S
0.835 0.839 0.843 SC
63.036 -2360.21 m
63.036 -2287.903 l
S
0.835 0.843 0.847 SC
63.503 -2360.21 m
63.503 -2287.903 l
S
0.839 0.847 0.851 SC
63.969 -2360.21 m
63.969 -2287.903 l
S
0.843 0.847 0.855 SC
64.436 -2360.21 m
64.436 -2287.903 l
S
0.847 0.851 0.859 SC
64.902 -2360.21 m
64.902 -2287.903 l
S
0.851 0.855 0.859 SC
65.369 -2360.21 m
65.369 -2287.903 l
S
0.855 0.859 0.863 SC
65.835 -2360.21 m
65.835 -2287.903 l
S
0.855 0.863 0.867 SC
66.302 -2360.21 m
66.302 -2287.903 l
S
0.859 0.863 0.871 SC
66.768 -2360.21 m
66.768 -2287.903 l
S
0.863 0.867 0.875 SC
67.235 -2360.21 m
67.235 -2287.903 l
S
0.867 0.871 0.875 SC
67.701 -2360.21 m
67.701 -2287.903 l
S
0.871 0.875 0.878 SC
68.168 -2360.21 m
68.168 -2287.903 l
S
0.875 0.878 0.882 SC
68.634 -2360.21 m
68.634 -2287.903 l
S
0.875 0.882 0.886 SC
69.101 -2360.21 m
69.101 -2287.903 l
S
0.878 0.882 0.89 SC
69.567 -2360.21 m
69.567 -2287.903 l
S
0.882 0.886 0.89 SC
70.034 -2360.21 m
70.034 -2287.903 l
S
0.886 0.89 0.894 SC
70.5 -2360.21 m
70.5 -2287.903 l
S
0.89 0.894 0.898 SC
70.967 -2360.21 m
70.967 -2287.903 l
S
0.894 0.898 0.902 SC
71.433 -2360.21 m
71.433 -2287.903 l
S
0.898 0.898 0.902 SC
71.9 -2360.21 m
71.9 -2287.903 l
S
0.898 0.902 0.906 SC
72.366 -2360.21 m
72.366 -2287.903 l
S
0.902 0.906 0.91 SC
72.833 -2360.21 m
72.833 -2287.903 l
S
0.906 0.91 0.914 SC
73.299 -2360.21 m
73.299 -2287.903 l
S
0.91 0.914 0.918 SC
73.766 -2360.21 m
73.766 -2287.903 l
S
0.914 0.918 0.922 SC
74.232 -2360.21 m
74.232 -2287.903 l
S
0.918 0.922 0.922 SC
74.699 -2360.21 m
74.699 -2287.903 l
S
0.922 0.922 0.925 SC
75.165 -2360.21 m
75.165 -2287.903 l
S
0.922 0.925 0.929 SC
75.632 -2360.21 m
75.632 -2287.903 l
S
0.925 0.929 0.933 SC
76.098 -2360.21 m
76.098 -2287.903 l
S
0.929 0.933 0.933 SC
76.565 -2360.21 m
76.565 -2287.903 l
S
0.933 0.937 0.937 SC
77.031 -2360.21 m
77.031 -2287.903 l
S
0.937 0.937 0.941 SC
77.498 -2360.21 m
77.498 -2287.903 l
S
0.941 0.941 0.945 SC
77.964 -2360.21 m
77.964 -2287.903 l
S
0.945 0.945 0.949 SC
78.431 -2360.21 m
78.431 -2287.903 l
S
0.945 0.949 0.949 SC
78.897 -2360.21 m
78.897 -2287.903 l
S
0.949 0.953 0.953 SC
79.364 -2360.21 m
79.364 -2287.903 l
S
0.953 0.957 0.957 SC
79.83 -2360.21 m
79.83 -2287.903 l
S
0.957 0.957 0.961 SC
80.297 -2360.21 m
80.297 -2287.903 l
S
0.961 0.961 0.965 SC
80.763 -2360.21 m
80.763 -2287.903 l
S
0.965 0.965 0.969 SC
81.23 -2360.21 m
81.23 -2287.903 l
S
0.969 0.969 0.969 SC
81.696 -2360.21 m
81.696 -2287.903 l
S
0.973 0.973 0.973 SC
82.163 -2360.21 m
82.163 -2287.903 l
S
0.976 0.976 0.976 SC
82.629 -2360.21 m
82.629 -2287.903 l
S
0.98 0.98 0.984 SC
83.096 -2360.21 m
83.096 -2287.903 l
S
0.988 0.988 0.988 SC
83.562 -2360.21 m
83.562 -2287.903 l
S
0.992 0.992 0.992 SC
84.029 -2360.21 m
84.029 -2287.903 l
S
1 1 1 SC
84.495 -2360.21 m
84.495 -2287.903 l
S
Q
Q
q
1 i 
-9 851 613 -860 re
0 841 m
W n
0.03 841.02 595.02 -841.02 re
W n
/Cs5 cs 0.161 0.145 0.149 sc
/GS1 gs
0.03 841.02 35.4 -6.11 re
f
/Cs5 CS 0.161 0.145 0.149 SC
0 J 0 j 0.3 w 10 M []0 d
28.347 841.076 m
28.347 805.006 l
S
286.3 22.8 22.68 -22.8 re
f
BT
/F1 1 Tf
10 0 0 10 289.2992 7.7671 Tm
1 1 1 sc
-0.0002 Tc
0 Tw
(672)Tj
/F3 1 Tf
7 0 0 7 35.4331 17.5374 Tm
0.161 0.145 0.149 sc
-0.0001 Tc
-0.0306 Tw
[(Swissmedic Jour)-17.9(nal)-1111.9(9/2002)]TJ
/F2 1 Tf
10 0 0 10 85.0394 763.6339 Tm
-0.0337 Tw
[(01)-1044.2(Remotiv)54.8(, Dragées)]TJ
0 -1.2835 TD
[(02)-1044.2(Remotiv 500, Dragées)]TJ
/F5 1 Tf
0 -1.4174 TD
-0.0306 Tw
(Max Zeller Söhne AG, Seeblickstrasse 4, 8590 Romanshorn)Tj
ET
0.4 w 
85.04 728.68 m
552.76 728.68 l
85.04 710.98 m
552.76 710.98 l
S
BT
10 0 0 10 85.0394 716.2866 Tm
-0.0002 Tc
0 Tw
[(Zul.-Nr)91.6(.: )]TJ
/F2 1 Tf
3.8771 0 TD
(52471)Tj
/F5 1 Tf
8.8788 0 TD
0 Tc
(V)Tj
0.6301 0 TD
-0.0001 Tc
(erkaufsart: )Tj
/F2 1 Tf
5.3041 0 TD
0 Tc
(C)Tj
/F5 1 Tf
6.8216 0 TD
-0.0001 Tc
-0.0306 Tw
[(Index: 01.04.1.)-9563.5(10.09.2002)]TJ
-25.5118 -2.2428 TD
[(* Zusammensetzung:)-117.9(01)]TJ
8.3 0 0 8.3 198.4252 693.8585 Tm
-0.0453 Tw
[(HYPERICI HERBAE EXTRACTUM ETHANOLICUM SICCUM 250)-278(mg corresp. HYPERICINUM 0.38-)]TJ
0 -1.3661 TD
-0.0306 Tw
[(O.62)-278.1(mg, EXCIPIENS pro COMPRESSO OBDUCTO.)]TJ
10 0 0 10 184.252 668.3459 Tm
-0.0002 Tc
0 Tw
(02)Tj
8.3 0 0 8.3 198.4252 668.3459 Tm
-0.0001 Tc
0.3133 Tw
[(HYPERICI HERBAE EXTRACTUM ETHANOLICUM SICCUM 500)-278.1(mg corresp. HYPERICINUM)]TJ
T*
-0.0306 Tw
[(0.75–1.25)-278.1(mg, EXCIPIENS pro COMPRESSO OBDUCTO.)]TJ
10 0 0 10 85.0394 642.8333 Tm
[(Anwendung:)-5285.2(Bei gedrückter Stimmung)]TJ
0 -1.4174 TD
0 Tw
[(Packungen:)-4532.7(01)-305.6(028)-7141.8(3)0.1(0)-567(Dragées)-9828.1(C)]TJ
11.3386 -1.4174 TD
[(036)-7141.8(6)0.1(0)-567(Dragées)-9828.1(C)]TJ
T*
[(044)-6585.9(1)0.1(20)-567.1(Dragées)-9828.1(C)]TJ
-1.4173 -1.4174 TD
[(02)-305.6(052)-7141.8(3)0.1(0)-567(Dragées)-9828.1(C)]TJ
1.4173 -1.4174 TD
[(060)-7141.8(6)0.1(0)-567(Dragées)-9828.1(C)]TJ
-11.3386 -1.4174 TD
-0.0306 Tw
[(Bemerkungen:)-4505.2(Ersetzt die Zulassungsbescheinigung vom 15. März 2002)]TJ
11.3386 -1.4174 TD
[(\(Zulassung einer neuen Dosierungsstärke à 500)-278.1(mg\))]TJ
-11.3386 -1.4174 TD
[(* Gültig bis:)-5844.6(31. Dezember 2003)]TJ
ET
85.04 521.03 m
552.76 521.03 l
S
BT
/F2 1 Tf
10 0 0 10 85.0394 485.0348 Tm
-0.0336 Tw
[(01)-1044.2(Rhinathiol Pr)17.7(ométhazine, sir)17.7(op)]TJ
/F5 1 Tf
T*
-0.0306 Tw
[(* Sanofi-Synthélabo \(Suisse\) SA, 11, rue de V)36.7(eyrot, 1217 Meyrin)]TJ
ET
85.04 462.91 m
552.76 462.91 l
85.04 445.22 m
552.76 445.22 l
S
BT
10 0 0 10 85.0394 450.5221 Tm
-0.0002 Tc
0 Tw
[(N°)-247.4(AMM: )]TJ
/F2 1 Tf
4.5038 0 TD
(34767)Tj
/F5 1 Tf
8.2521 0 TD
-0.0001 Tc
-0.0306 Tw
(Mode de vente: )Tj
/F2 1 Tf
7.5194 0 TD
0 Tc
0 Tw
(C)Tj
/F5 1 Tf
5.2365 0 TD
-0.0001 Tc
-0.0306 Tw
[(Index: 03.03.2.)-9563.5(01.09.2002)]TJ
-25.5118 -2.2428 TD
-0.0002 Tc
0 Tw
[(Composition:)-3756.2(01)]TJ
8.3 0 0 8.3 198.4252 428.0939 Tm
-0.0001 Tc
0.1124 Tw
[(CARBOCISTEINUM 100)-278.1(mg, PROMETHAZINI HYDROCHLORIDUM 2.5)-278.1(mg, AMYLI HYDROL)91.5(Y-)]TJ
0 -1.3661 TD
-0.0413 Tw
[(SA)73.7(TI SIRUPUS HYDROGENA)73.7(TUS, V)36.7(ANILLINUM, AROMA)73.7(TICA, COLOR.: E)-278.1(150, CONSER)17.7(V)91.5(.: E)-278.1(218,)]TJ
T*
-0.0306 Tw
[(EXCIPIENS ad SOLUTIONEM pro 5)-278.1(mL. )]TJ
10 0 0 10 85.0394 391.2424 Tm
-0.0002 Tc
0 Tw
[(Indication:)-6395.4(Mucolytique)]TJ
0 -1.4174 TD
-0.0001 Tc
[(Conditionnement:)-1422.6(0)0.1(1)-305.6(0)0(17)-6585.9(125)-567.1(m)0(L)-12217.5(C)]TJ
T*
-0.0102 Tw
[(* )20.4(Remarques:)-5090.7(Cette attestation d’enregistrement annule celle du 15.10.2001 \(Changement)]TJ
11.3386 -1.1339 TD
-0.0306 Tw
(de titulaire de l’AMM\))Tj
-11.3386 -1.4174 TD
-0.0488 Tc
0 Tw
(Va)Tj
1.174 0 TD
-0.0001 Tc
-0.0306 Tw
[(lable jusqu’au:)-3417.3(31 décembre 2006)]TJ
ET
85.04 328.97 m
552.76 328.97 l
S
BT
/F2 1 Tf
10 0 0 10 85.0394 292.9731 Tm
-0.0336 Tw
[(01)-1044.2(Rhinathiol adultes, sir)17.7(op)]TJ
0 -1.2835 TD
[(02)-1044.2(Rhinathiol enfants, sir)17.7(op)]TJ
/F5 1 Tf
0 -1.4174 TD
-0.0306 Tw
[(* Sanofi-Synthélabo \(Suisse\) SA, 11, rue de V)36.7(eyrot, 1217 Meyrin)]TJ
ET
85.04 258.01 m
552.76 258.01 l
85.04 240.32 m
552.76 240.32 l
S
BT
10 0 0 10 85.0394 245.6258 Tm
-0.0002 Tc
0 Tw
[(N°)-247.4(AMM: )]TJ
/F2 1 Tf
4.5038 0 TD
(33523)Tj
/F5 1 Tf
8.2521 0 TD
-0.0001 Tc
-0.0306 Tw
(Mode de vente: )Tj
/F2 1 Tf
7.5194 0 TD
0 Tc
0 Tw
(D)Tj
/F5 1 Tf
5.2365 0 TD
-0.0001 Tc
-0.0306 Tw
[(Index: 03.02.0.)-9563.5(01.09.2002)]TJ
-25.5118 -2.2428 TD
-0.0002 Tc
0 Tw
[(Composition:)-3756.2(01)]TJ
8.3 0 0 8.3 198.4252 223.1976 Tm
-0.0001 Tc
0.2408 Tw
[(CARBOCISTEINUM 750)-278.1(mg, AROMA)73.7(TICA, COLOR.: E)-278.1(150, CONSER)17.7(V)91.5(.: E)-278.1(218, EXCIPIENS ad)]TJ
0 -1.3661 TD
-0.0306 Tw
[(SOLUTIONEM pro 15)-278.1(mL. )]TJ
10 0 0 10 184.252 197.6851 Tm
-0.0002 Tc
0 Tw
(02)Tj
8.3 0 0 8.3 198.4252 197.6851 Tm
-0.0001 Tc
0.3602 Tw
[(CARBOCISTEINUM 100)-278.1(mg, AROMA)73.7(TICA, V)36.7(ANILLINUM, CONSER)17.7(V)91.5(.: E)-278.1(218, EXCIPIENS ad)]TJ
T*
-0.0306 Tw
[(SOLUTIONEM pro 5)-278.1(mL. )]TJ
10 0 0 10 85.0394 172.1725 Tm
-0.0002 Tc
0 Tw
[(Indication:)-6395.4(Mucolytique)]TJ
0 -1.4174 TD
-0.0001 Tc
[(Conditionnements:)-1033.7(01)-305.6(033)-6585.9(1)0.1(80)-567.1(mL)-12217.5(D)]TJ
11.3386 -1.4174 TD
[(041)-6585.9(3)0.1(00)-567.1(mL)-12217.5(D)]TJ
-1.4173 -1.4174 TD
[(02)-305.6(025)-6585.9(1)0.1(25)-567.1(mL)-12217.5(D)]TJ
-9.9213 -1.4174 TD
-0.0102 Tw
[(* )20.4(Remarques:)-5090.7(Cette attestation d’enregistrement annule celle du 15.11.2001 \(Changement)]TJ
11.3386 -1.1339 TD
-0.0306 Tw
(de titulaire de l’AMM\))Tj
-11.3386 -1.4174 TD
-0.0488 Tc
0 Tw
(Va)Tj
1.174 0 TD
-0.0001 Tc
-0.0306 Tw
[(lable jusqu’au:)-3417.3(31 décembre 2006)]TJ
ET
85.04 81.55 m
552.76 81.55 l
S
Q

q
1 i 
-9 851 613 -860 re
0 841 m
W n
0.03 841.02 595.02 -841.02 re
W n
BT
/F4 1 Tf
12.5 0 0 12.5 285.8058 811.7825 Tm
/Cs5 cs 0.161 0.145 0.149 sc
/GS1 gs
-0.0001 Tc
-0.0286 Tw
[(Arzneimittel Statistik)-130(/)-129.9(M)0.1(édicaments miscellanées)]TJ
ET
/Cs5 CS 0.161 0.145 0.149 SC
0 J 0 j 0.3 w 10 M []0 d
42.8 805.15 m
567.2 805.15 l
S
Q
q
1 i 
361.69 850.5 198.43 -24.09 re
560.097 811.782 m
W* n
-9 851 613 -860 re
0 841 m
W n
0.03 841.02 595.02 -841.02 re
W n
q
2.7718 0 0 -0.3608 0 0 cm
/Cs5 CS 1 1 1 SC
0 J 0 j 0.5 w 10 M []0 d
/GS1 gs
130.36 -2360.21 m
130.36 -2287.903 l
S
0.992 0.992 0.992 SC
130.827 -2360.21 m
130.827 -2287.903 l
S
0.988 0.988 0.988 SC
131.293 -2360.21 m
131.293 -2287.903 l
S
0.98 0.98 0.984 SC
131.76 -2360.21 m
131.76 -2287.903 l
S
0.976 0.976 0.976 SC
132.226 -2360.21 m
132.226 -2287.903 l
S
0.973 0.973 0.973 SC
132.693 -2360.21 m
132.693 -2287.903 l
S
0.969 0.969 0.969 SC
133.159 -2360.21 m
133.159 -2287.903 l
S
0.965 0.965 0.969 SC
133.626 -2360.21 m
133.626 -2287.903 l
S
0.961 0.961 0.965 SC
134.092 -2360.21 m
134.092 -2287.903 l
S
0.957 0.957 0.961 SC
134.559 -2360.21 m
134.559 -2287.903 l
S
0.953 0.957 0.957 SC
135.025 -2360.21 m
135.025 -2287.903 l
S
0.949 0.953 0.953 SC
135.492 -2360.21 m
135.492 -2287.903 l
S
0.945 0.949 0.949 SC
135.958 -2360.21 m
135.958 -2287.903 l
S
0.945 0.945 0.949 SC
136.425 -2360.21 m
136.425 -2287.903 l
S
0.941 0.941 0.945 SC
136.891 -2360.21 m
136.891 -2287.903 l
S
0.937 0.937 0.941 SC
137.358 -2360.21 m
137.358 -2287.903 l
S
0.933 0.937 0.937 SC
137.824 -2360.21 m
137.824 -2287.903 l
S
0.929 0.933 0.933 SC
138.291 -2360.21 m
138.291 -2287.903 l
S
0.925 0.929 0.933 SC
138.757 -2360.21 m
138.757 -2287.903 l
S
0.922 0.925 0.929 SC
139.224 -2360.21 m
139.224 -2287.903 l
S
0.922 0.922 0.925 SC
139.69 -2360.21 m
139.69 -2287.903 l
S
0.918 0.922 0.922 SC
140.157 -2360.21 m
140.157 -2287.903 l
S
0.914 0.918 0.922 SC
140.623 -2360.21 m
140.623 -2287.903 l
S
0.91 0.914 0.918 SC
141.09 -2360.21 m
141.09 -2287.903 l
S
0.906 0.91 0.914 SC
141.556 -2360.21 m
141.556 -2287.903 l
S
0.902 0.906 0.91 SC
142.023 -2360.21 m
142.023 -2287.903 l
S
0.898 0.902 0.906 SC
142.489 -2360.21 m
142.489 -2287.903 l
S
0.898 0.898 0.902 SC
142.956 -2360.21 m
142.956 -2287.903 l
S
0.894 0.898 0.902 SC
143.422 -2360.21 m
143.422 -2287.903 l
S
0.89 0.894 0.898 SC
143.889 -2360.21 m
143.889 -2287.903 l
S
0.886 0.89 0.894 SC
144.355 -2360.21 m
144.355 -2287.903 l
S
0.882 0.886 0.89 SC
144.822 -2360.21 m
144.822 -2287.903 l
S
0.878 0.882 0.89 SC
145.288 -2360.21 m
145.288 -2287.903 l
S
0.875 0.882 0.886 SC
145.755 -2360.21 m
145.755 -2287.903 l
S
0.875 0.878 0.882 SC
146.221 -2360.21 m
146.221 -2287.903 l
S
0.871 0.875 0.878 SC
146.688 -2360.21 m
146.688 -2287.903 l
S
0.867 0.871 0.875 SC
147.154 -2360.21 m
147.154 -2287.903 l
S
0.863 0.867 0.875 SC
147.621 -2360.21 m
147.621 -2287.903 l
S
0.859 0.863 0.871 SC
148.087 -2360.21 m
148.087 -2287.903 l
S
0.855 0.863 0.867 SC
148.554 -2360.21 m
148.554 -2287.903 l
S
0.855 0.859 0.863 SC
149.02 -2360.21 m
149.02 -2287.903 l
S
0.851 0.855 0.859 SC
149.487 -2360.21 m
149.487 -2287.903 l
S
0.847 0.851 0.859 SC
149.953 -2360.21 m
149.953 -2287.903 l
S
0.843 0.847 0.855 SC
150.42 -2360.21 m
150.42 -2287.903 l
S
0.839 0.847 0.851 SC
150.886 -2360.21 m
150.886 -2287.903 l
S
0.835 0.843 0.847 SC
151.353 -2360.21 m
151.353 -2287.903 l
S
0.835 0.839 0.843 SC
151.819 -2360.21 m
151.819 -2287.903 l
S
0.831 0.835 0.843 SC
152.286 -2360.21 m
152.286 -2287.903 l
S
0.827 0.831 0.839 SC
152.752 -2360.21 m
152.752 -2287.903 l
S
0.824 0.831 0.835 SC
153.219 -2360.21 m
153.219 -2287.903 l
S
0.82 0.827 0.831 SC
153.685 -2360.21 m
153.685 -2287.903 l
S
0.816 0.824 0.831 SC
154.152 -2360.21 m
154.152 -2287.903 l
S
0.816 0.82 0.827 SC
154.618 -2360.21 m
154.618 -2287.903 l
S
0.812 0.816 0.824 SC
155.085 -2360.21 m
155.085 -2287.903 l
S
0.808 0.812 0.82 SC
155.551 -2360.21 m
155.551 -2287.903 l
S
0.804 0.812 0.816 SC
156.018 -2360.21 m
156.018 -2287.903 l
S
0.8 0.808 0.816 SC
156.484 -2360.21 m
156.484 -2287.903 l
S
0.796 0.804 0.812 SC
156.951 -2360.21 m
156.951 -2287.903 l
S
0.796 0.8 0.808 SC
157.417 -2360.21 m
157.417 -2287.903 l
S
0.792 0.796 0.804 SC
157.884 -2360.21 m
157.884 -2287.903 l
S
0.788 0.796 0.8 SC
158.35 -2360.21 m
158.35 -2287.903 l
S
0.784 0.792 0.8 SC
158.817 -2360.21 m
158.817 -2287.903 l
S
0.78 0.788 0.796 SC
159.283 -2360.21 m
159.283 -2287.903 l
S
0.776 0.784 0.792 SC
159.75 -2360.21 m
159.75 -2287.903 l
S
0.776 0.78 0.788 SC
160.216 -2360.21 m
160.216 -2287.903 l
S
0.773 0.776 0.784 SC
160.683 -2360.21 m
160.683 -2287.903 l
S
0.769 0.776 0.784 SC
161.149 -2360.21 m
161.149 -2287.903 l
S
0.765 0.773 0.78 SC
161.616 -2360.21 m
161.616 -2287.903 l
S
0.761 0.769 0.776 SC
162.082 -2360.21 m
162.082 -2287.903 l
S
0.757 0.765 0.773 SC
162.549 -2360.21 m
162.549 -2287.903 l
S
0.753 0.761 0.769 SC
163.015 -2360.21 m
163.015 -2287.903 l
163.482 -2360.21 m
163.482 -2287.903 l
S
0.749 0.757 0.765 SC
163.948 -2360.21 m
163.948 -2287.903 l
S
0.745 0.753 0.761 SC
164.415 -2360.21 m
164.415 -2287.903 l
S
0.741 0.749 0.757 SC
164.881 -2360.21 m
164.881 -2287.903 l
S
0.737 0.745 0.753 SC
165.348 -2360.21 m
165.348 -2287.903 l
S
0.733 0.741 0.753 SC
165.814 -2360.21 m
165.814 -2287.903 l
S
0.733 0.741 0.749 SC
166.281 -2360.21 m
166.281 -2287.903 l
166.747 -2360.21 m
166.747 -2287.903 l
S
0.729 0.737 0.745 SC
167.214 -2360.21 m
167.214 -2287.903 l
S
0.725 0.733 0.741 SC
167.68 -2360.21 m
167.68 -2287.903 l
S
0.722 0.729 0.737 SC
168.147 -2360.21 m
168.147 -2287.903 l
S
0.718 0.725 0.737 SC
168.613 -2360.21 m
168.613 -2287.903 l
S
0.714 0.722 0.733 SC
169.08 -2360.21 m
169.08 -2287.903 l
S
0.714 0.722 0.729 SC
169.546 -2360.21 m
169.546 -2287.903 l
S
0.71 0.718 0.725 SC
170.013 -2360.21 m
170.013 -2287.903 l
S
0.706 0.714 0.722 SC
170.479 -2360.21 m
170.479 -2287.903 l
S
0.702 0.71 0.722 SC
170.946 -2360.21 m
170.946 -2287.903 l
S
0.698 0.706 0.718 SC
171.412 -2360.21 m
171.412 -2287.903 l
S
0.698 0.706 0.714 SC
171.879 -2360.21 m
171.879 -2287.903 l
S
0.694 0.702 0.71 SC
172.345 -2360.21 m
172.345 -2287.903 l
S
0.69 0.698 0.706 SC
172.812 -2360.21 m
172.812 -2287.903 l
S
0.686 0.694 0.706 SC
173.278 -2360.21 m
173.278 -2287.903 l
S
0.682 0.69 0.702 SC
173.745 -2360.21 m
173.745 -2287.903 l
S
0.682 0.69 0.698 SC
174.211 -2360.21 m
174.211 -2287.903 l
S
0.678 0.686 0.694 SC
174.678 -2360.21 m
174.678 -2287.903 l
S
0.675 0.682 0.69 SC
175.144 -2360.21 m
175.144 -2287.903 l
S
0.671 0.678 0.69 SC
175.611 -2360.21 m
175.611 -2287.903 l
S
0.667 0.675 0.686 SC
176.077 -2360.21 m
176.077 -2287.903 l
S
0.663 0.675 0.682 SC
176.544 -2360.21 m
176.544 -2287.903 l
S
0.663 0.671 0.678 SC
177.01 -2360.21 m
177.01 -2287.903 l
S
0.659 0.667 0.678 SC
177.477 -2360.21 m
177.477 -2287.903 l
S
0.655 0.663 0.675 SC
177.943 -2360.21 m
177.943 -2287.903 l
S
0.651 0.659 0.671 SC
178.41 -2360.21 m
178.41 -2287.903 l
S
0.651 0.659 0.667 SC
178.876 -2360.21 m
178.876 -2287.903 l
S
0.647 0.655 0.663 SC
179.343 -2360.21 m
179.343 -2287.903 l
S
0.643 0.651 0.663 SC
179.809 -2360.21 m
179.809 -2287.903 l
S
0.639 0.647 0.659 SC
180.276 -2360.21 m
180.276 -2287.903 l
S
0.635 0.643 0.655 SC
180.742 -2360.21 m
180.742 -2287.903 l
S
0.635 0.643 0.651 SC
181.209 -2360.21 m
181.209 -2287.903 l
S
0.631 0.639 0.647 SC
181.675 -2360.21 m
181.675 -2287.903 l
S
0.627 0.635 0.647 SC
182.142 -2360.21 m
182.142 -2287.903 l
S
0.624 0.631 0.643 SC
182.608 -2360.21 m
182.608 -2287.903 l
S
0.62 0.631 0.639 SC
183.075 -2360.21 m
183.075 -2287.903 l
S
0.62 0.627 0.635 SC
183.541 -2360.21 m
183.541 -2287.903 l
S
0.616 0.624 0.635 SC
184.008 -2360.21 m
184.008 -2287.903 l
S
0.612 0.62 0.631 SC
184.474 -2360.21 m
184.474 -2287.903 l
S
0.608 0.616 0.627 SC
184.941 -2360.21 m
184.941 -2287.903 l
S
0.608 0.616 0.624 SC
185.407 -2360.21 m
185.407 -2287.903 l
S
0.604 0.612 0.624 SC
185.874 -2360.21 m
185.874 -2287.903 l
S
0.6 0.608 0.62 SC
186.34 -2360.21 m
186.34 -2287.903 l
S
0.596 0.604 0.616 SC
186.806 -2360.21 m
186.806 -2287.903 l
S
0.596 0.604 0.612 SC
187.273 -2360.21 m
187.273 -2287.903 l
S
0.592 0.6 0.608 SC
187.739 -2360.21 m
187.739 -2287.903 l
S
0.588 0.596 0.608 SC
188.206 -2360.21 m
188.206 -2287.903 l
S
0.584 0.592 0.604 SC
188.672 -2360.21 m
188.672 -2287.903 l
S
0.584 0.592 0.6 SC
189.139 -2360.21 m
189.139 -2287.903 l
S
0.58 0.588 0.596 SC
189.605 -2360.21 m
189.605 -2287.903 l
S
0.576 0.584 0.596 SC
190.072 -2360.21 m
190.072 -2287.903 l
S
0.573 0.58 0.592 SC
190.538 -2360.21 m
190.538 -2287.903 l
S
0.573 0.58 0.588 SC
191.005 -2360.21 m
191.005 -2287.903 l
S
0.569 0.576 0.588 SC
191.471 -2360.21 m
191.471 -2287.903 l
S
0.565 0.573 0.584 SC
191.938 -2360.21 m
191.938 -2287.903 l
S
0.561 0.569 0.58 SC
192.404 -2360.21 m
192.404 -2287.903 l
S
0.561 0.569 0.576 SC
192.871 -2360.21 m
192.871 -2287.903 l
S
0.557 0.565 0.576 SC
193.337 -2360.21 m
193.337 -2287.903 l
S
0.553 0.561 0.573 SC
193.804 -2360.21 m
193.804 -2287.903 l
S
0.549 0.557 0.569 SC
194.27 -2360.21 m
194.27 -2287.903 l
S
0.549 0.557 0.565 SC
194.737 -2360.21 m
194.737 -2287.903 l
S
0.545 0.553 0.565 SC
195.203 -2360.21 m
195.203 -2287.903 l
S
0.541 0.549 0.561 SC
195.67 -2360.21 m
195.67 -2287.903 l
S
0.537 0.545 0.557 SC
196.136 -2360.21 m
196.136 -2287.903 l
S
0.537 0.545 0.553 SC
196.603 -2360.21 m
196.603 -2287.903 l
S
0.533 0.541 0.553 SC
197.069 -2360.21 m
197.069 -2287.903 l
S
0.529 0.537 0.549 SC
197.536 -2360.21 m
197.536 -2287.903 l
S
0.529 0.533 0.545 SC
198.002 -2360.21 m
198.002 -2287.903 l
S
0.525 0.533 0.541 SC
198.469 -2360.21 m
198.469 -2287.903 l
S
0.522 0.529 0.541 SC
198.935 -2360.21 m
198.935 -2287.903 l
S
0.518 0.525 0.537 SC
199.402 -2360.21 m
199.402 -2287.903 l
S
0.518 0.525 0.533 SC
199.868 -2360.21 m
199.868 -2287.903 l
S
0.514 0.522 0.529 SC
200.335 -2360.21 m
200.335 -2287.903 l
S
0.51 0.518 0.529 SC
200.801 -2360.21 m
200.801 -2287.903 l
S
0.51 0.514 0.525 SC
201.268 -2360.21 m
201.268 -2287.903 l
S
0.506 0.514 0.522 SC
201.734 -2360.21 m
201.734 -2287.903 l
S
0.502 0.51 0.518 SC
202.201 -2360.21 m
202.201 -2287.903 l
S
Q
Q
q
1 i 
-9 851 613 -860 re
0 841 m
W n
0.03 841.02 595.02 -841.02 re
W n
/Cs5 cs 0.161 0.145 0.149 sc
/GS1 gs
560.12 841.02 34.93 -6.11 re
f
/Cs5 CS 0.161 0.145 0.149 SC
0 J 0 j 0.3 w 10 M []0 d
567.202 840.678 m
567.202 804.948 l
S
286.57 22.8 22.68 -22.8 re
f
BT
/F1 1 Tf
10 0 0 10 289.5747 7.7671 Tm
1 1 1 sc
-0.0002 Tc
0 Tw
(673)Tj
/F3 1 Tf
7 0 0 7 473.8676 17.5374 Tm
0.161 0.145 0.149 sc
-0.0001 Tc
-0.0306 Tw
[(Swissmedic Jour)-17.9(nal)-1111.9(9/2002)]TJ
/F2 1 Tf
10 0 0 10 42.7953 763.6339 Tm
-0.0336 Tw
[(01)-1044.2(Rhinathiol sans sucr)17.7(e Adultes, sir)17.7(op)]TJ
/F5 1 Tf
0 -1.4174 TD
-0.0306 Tw
[(* Sanofi-Synthélabo \(Suisse\) SA, 11, rue de V)36.7(eyrot, 1217 Meyrin)]TJ
ET
0.4 w 
42.8 741.51 m
510.51 741.51 l
42.8 723.82 m
510.51 723.82 l
S
BT
10 0 0 10 42.7953 729.1213 Tm
-0.0002 Tc
0 Tw
[(N°)-247.4(AMM: )]TJ
/F2 1 Tf
4.5038 0 TD
(54112)Tj
/F5 1 Tf
8.2521 0 TD
-0.0001 Tc
-0.0306 Tw
(Mode de vente: )Tj
/F2 1 Tf
7.5194 0 TD
0 Tc
0 Tw
(D)Tj
/F5 1 Tf
5.2365 0 TD
-0.0001 Tc
-0.0306 Tw
[(Index: 03.02.0.)-9563.5(01.09.2002)]TJ
-25.5118 -2.2428 TD
-0.0002 Tc
0 Tw
[(Composition:)-3756.2(01)]TJ
8.3 0 0 8.3 156.1811 706.6931 Tm
-0.0001 Tc
-0.0594 Tw
[(CARBOCISTEINUM 750)-278.1(mg, SACCHARINUM, V)36.7(ANILLINUM, AROMA)73.7(TICA, COLOR.: E)-278.1(150, CON-)]TJ
0 -1.3661 TD
-0.0306 Tw
[(SER)17.7(V)91.5(.: E)-278.1(219, EXCIPIENS ad SOLUTIONEM pro 15)-278.1(mL. )]TJ
10 0 0 10 42.7953 681.1805 Tm
-0.0002 Tc
0 Tw
[(Indication:)-6395.4(Mucolytique)]TJ
0 -1.4174 TD
-0.0001 Tc
[(Conditionnements:)-1033.7(01)-305.6(033)-6585.9(1)0.1(80)-567.1(mL)-12217.5(D)]TJ
11.3386 -1.4174 TD
[(041)-6585.9(3)0.1(00)-567.1(mL)-12217.5(D)]TJ
-11.3386 -1.4174 TD
-0.0101 Tw
[(* )20.5(Remarques:)-5090.7(Cette attestation d’enregistrement annule celle du 24.07.2002 \(Changement)]TJ
11.3386 -1.1339 TD
-0.0002 Tc
-0.0305 Tw
(de titulaire de l’AMM\))Tj
-11.3386 -1.4174 TD
-0.0488 Tc
0 Tw
(Va)Tj
1.174 0 TD
-0.0001 Tc
-0.0306 Tw
[(lable jusqu’au:)-3417.3(31 décembre 2005)]TJ
ET
42.8 604.73 m
510.51 604.73 l
S
BT
/F2 1 Tf
10 0 0 10 42.7953 568.7375 Tm
-0.0336 Tw
[(01)-1044.2(Rhinathiol, gel oral en sachets)]TJ
/F5 1 Tf
0 -1.4174 TD
-0.0306 Tw
[(* Sanofi-Synthélabo \(Suisse\) SA, 11, rue de V)36.7(eyrot, 1217 Meyrin)]TJ
ET
42.8 546.61 m
510.51 546.61 l
42.8 528.92 m
510.51 528.92 l
S
BT
10 0 0 10 42.7953 534.2249 Tm
-0.0002 Tc
0 Tw
[(N°)-247.4(AMM: )]TJ
/F2 1 Tf
4.5038 0 TD
(54286)Tj
/F5 1 Tf
8.2521 0 TD
-0.0001 Tc
-0.0306 Tw
(Mode de vente: )Tj
/F2 1 Tf
7.5194 0 TD
0 Tc
0 Tw
(D)Tj
/F5 1 Tf
5.2365 0 TD
-0.0001 Tc
-0.0306 Tw
[(Index: 03.02.0.)-9563.5(01.09.2002)]TJ
-25.5118 -2.2428 TD
-0.0002 Tc
0 Tw
[(Composition:)-3756.2(01)]TJ
8.3 0 0 8.3 156.1811 511.7967 Tm
-0.0001 Tc
0.0932 Tw
[(CARBOCISTEINUM 750)-278.1(mg, SACCHARINUM, AROMA)73.7(TICA, COLOR.: E)-278.1(150, CONSER)17.7(V)91.5(.: E)-278.1(2)0(19,)]TJ
0 -1.3661 TD
-0.0306 Tw
[(EXCIPIENS ad GELA)73.7(TUM 10)-278.1(mL pro CHAR)17.7(T)54.8(A)0.1(.)]TJ
10 0 0 10 42.7953 486.2842 Tm
-0.0002 Tc
0 Tw
[(Indication:)-6395.4(Expectorant)]TJ
0 -1.4174 TD
-0.0001 Tc
[(Conditionnement:)-1422.6(0)0.1(1)-305.6(0)0.1(15)-7141.8(20)-567(sachets)-10273.2(D)]TJ
T*
-0.0101 Tw
[(* )20.5(Remarques:)-5090.7(Cette attestation d’enregistrement annule celle du 27.01.2000 \(Changement)]TJ
11.3386 -1.1339 TD
-0.0002 Tc
-0.0305 Tw
(de titulaire de l’AMM\))Tj
-11.3386 -1.4174 TD
-0.0488 Tc
0 Tw
(Va)Tj
1.174 0 TD
-0.0001 Tc
-0.0306 Tw
[(lable jusqu’au:)-3417.3(31 décembre 2004)]TJ
ET
42.8 424.01 m
510.51 424.01 l
S
BT
/F2 1 Tf
10 0 0 10 42.7953 388.0149 Tm
-0.0336 Tw
[(01)-1044.2(Rhinathiol, granulé)]TJ
/F5 1 Tf
0 -1.4174 TD
-0.0306 Tw
[(* Sanofi-Synthélabo \(Suisse\) SA, 11, rue de V)36.7(eyrot, 1217 Meyrin)]TJ
ET
42.8 365.89 m
510.51 365.89 l
42.8 348.2 m
510.51 348.2 l
S
BT
10 0 0 10 42.7953 353.5022 Tm
-0.0002 Tc
0 Tw
[(N°)-247.4(AMM: )]TJ
/F2 1 Tf
4.5038 0 TD
(50726)Tj
/F5 1 Tf
8.2521 0 TD
-0.0001 Tc
-0.0306 Tw
(Mode de vente: )Tj
/F2 1 Tf
7.5194 0 TD
0 Tc
0 Tw
(D)Tj
/F5 1 Tf
5.2365 0 TD
-0.0001 Tc
-0.0306 Tw
[(Index: 03.02.0.)-9563.5(01.09.2002)]TJ
-25.5118 -2.2428 TD
-0.0002 Tc
0 Tw
[(Composition:)-3756.2(01)]TJ
8.3 0 0 8.3 156.1811 331.0741 Tm
-0.0001 Tc
0.054 Tw
[(CARBOCISTEINUM 750)-278.1(mg, SORBITOLUM, ASP)36.7(AR)17.7(T)54.8(AMUM, AROMA)73.7(TICA, EXCIPIENS ad GRA-)]TJ
0 -1.3661 TD
-0.0002 Tc
-0.0305 Tw
[(NULA)73.6(TUM pro CHAR)17.6(T)54.7(A)0( 1)-278.2(g)0(. )]TJ
10 0 0 10 42.7953 305.5615 Tm
0 Tw
[(Indication:)-6395.4(Mucolytique)]TJ
0 -1.4174 TD
-0.0001 Tc
[(Conditionnement:)-1422.6(0)0.1(1)-305.6(0)0.1(10)-7141.8(20)-567(sachets)-10273.2(D)]TJ
T*
-0.0101 Tw
[(* )20.5(Remarques:)-5090.7(Cette attestation d’enregistrement annule celle du 08.11.2001 \(Changement)]TJ
11.3386 -1.1339 TD
-0.0002 Tc
-0.0305 Tw
(de titulaire de l’AMM\))Tj
-11.3386 -1.4174 TD
-0.0488 Tc
0 Tw
(Va)Tj
1.174 0 TD
-0.0001 Tc
-0.0306 Tw
[(lable jusqu’au:)-3417.3(31 décembre 2006)]TJ
ET
42.8 243.29 m
510.51 243.29 l
S
Q

q
1 i 
-9 851 613 -860 re
0 841 m
W n
0.03 841.02 595.02 -841.02 re
W n
BT
/F4 1 Tf
12.5 0 0 12.5 34.4488 811.7822 Tm
/Cs5 cs 0.161 0.145 0.149 sc
/GS1 gs
-0.0001 Tc
-0.0286 Tw
[(Arzneimittel Statistik)-130(/)-129.9(M)0.1(édicaments miscellanées)]TJ
ET
/Cs5 CS 0.161 0.145 0.149 SC
0 J 0 j 0.3 w 10 M []0 d
28.35 805.15 m
552.76 805.15 l
S
Q
q
1 i 
35.43 850.5 198.43 -24.09 re
308.74 811.782 m
W* n
-9 851 613 -860 re
0 841 m
W n
0.03 841.02 595.02 -841.02 re
W n
q
2.7718 0 0 -0.3608 0 0 cm
/Cs5 CS 0.502 0.51 0.518 SC
0 J 0 j 0.5 w 10 M []0 d
/GS1 gs
12.655 -2360.21 m
12.655 -2287.903 l
S
0.506 0.514 0.522 SC
13.121 -2360.21 m
13.121 -2287.903 l
S
0.51 0.514 0.525 SC
13.588 -2360.21 m
13.588 -2287.903 l
S
0.51 0.518 0.529 SC
14.054 -2360.21 m
14.054 -2287.903 l
S
0.514 0.522 0.529 SC
14.521 -2360.21 m
14.521 -2287.903 l
S
0.518 0.525 0.533 SC
14.987 -2360.21 m
14.987 -2287.903 l
S
0.518 0.525 0.537 SC
15.454 -2360.21 m
15.454 -2287.903 l
S
0.522 0.529 0.541 SC
15.92 -2360.21 m
15.92 -2287.903 l
S
0.525 0.533 0.541 SC
16.387 -2360.21 m
16.387 -2287.903 l
S
0.529 0.533 0.545 SC
16.853 -2360.21 m
16.853 -2287.903 l
S
0.529 0.537 0.549 SC
17.32 -2360.21 m
17.32 -2287.903 l
S
0.533 0.541 0.553 SC
17.786 -2360.21 m
17.786 -2287.903 l
S
0.537 0.545 0.553 SC
18.253 -2360.21 m
18.253 -2287.903 l
S
0.537 0.545 0.557 SC
18.719 -2360.21 m
18.719 -2287.903 l
S
0.541 0.549 0.561 SC
19.186 -2360.21 m
19.186 -2287.903 l
S
0.545 0.553 0.565 SC
19.652 -2360.21 m
19.652 -2287.903 l
S
0.549 0.557 0.565 SC
20.119 -2360.21 m
20.119 -2287.903 l
S
0.549 0.557 0.569 SC
20.585 -2360.21 m
20.585 -2287.903 l
S
0.553 0.561 0.573 SC
21.052 -2360.21 m
21.052 -2287.903 l
S
0.557 0.565 0.576 SC
21.518 -2360.21 m
21.518 -2287.903 l
S
0.561 0.569 0.576 SC
21.985 -2360.21 m
21.985 -2287.903 l
S
0.561 0.569 0.58 SC
22.451 -2360.21 m
22.451 -2287.903 l
S
0.565 0.573 0.584 SC
22.918 -2360.21 m
22.918 -2287.903 l
S
0.569 0.576 0.588 SC
23.384 -2360.21 m
23.384 -2287.903 l
S
0.573 0.58 0.588 SC
23.851 -2360.21 m
23.851 -2287.903 l
S
0.573 0.58 0.592 SC
24.317 -2360.21 m
24.317 -2287.903 l
S
0.576 0.584 0.596 SC
24.784 -2360.21 m
24.784 -2287.903 l
S
0.58 0.588 0.596 SC
25.25 -2360.21 m
25.25 -2287.903 l
S
0.584 0.592 0.6 SC
25.717 -2360.21 m
25.717 -2287.903 l
S
0.584 0.592 0.604 SC
26.183 -2360.21 m
26.183 -2287.903 l
S
0.588 0.596 0.608 SC
26.65 -2360.21 m
26.65 -2287.903 l
S
0.592 0.6 0.608 SC
27.116 -2360.21 m
27.116 -2287.903 l
S
0.596 0.604 0.612 SC
27.583 -2360.21 m
27.583 -2287.903 l
S
0.596 0.604 0.616 SC
28.049 -2360.21 m
28.049 -2287.903 l
S
0.6 0.608 0.62 SC
28.516 -2360.21 m
28.516 -2287.903 l
S
0.604 0.612 0.624 SC
28.982 -2360.21 m
28.982 -2287.903 l
S
0.608 0.616 0.624 SC
29.449 -2360.21 m
29.449 -2287.903 l
S
0.608 0.616 0.627 SC
29.915 -2360.21 m
29.915 -2287.903 l
S
0.612 0.62 0.631 SC
30.382 -2360.21 m
30.382 -2287.903 l
S
0.616 0.624 0.635 SC
30.848 -2360.21 m
30.848 -2287.903 l
S
0.62 0.627 0.635 SC
31.315 -2360.21 m
31.315 -2287.903 l
S
0.62 0.631 0.639 SC
31.781 -2360.21 m
31.781 -2287.903 l
S
0.624 0.631 0.643 SC
32.248 -2360.21 m
32.248 -2287.903 l
S
0.627 0.635 0.647 SC
32.714 -2360.21 m
32.714 -2287.903 l
S
0.631 0.639 0.647 SC
33.181 -2360.21 m
33.181 -2287.903 l
S
0.635 0.643 0.651 SC
33.647 -2360.21 m
33.647 -2287.903 l
S
0.635 0.643 0.655 SC
34.113 -2360.21 m
34.113 -2287.903 l
S
0.639 0.647 0.659 SC
34.58 -2360.21 m
34.58 -2287.903 l
S
0.643 0.651 0.663 SC
35.046 -2360.21 m
35.046 -2287.903 l
S
0.647 0.655 0.663 SC
35.513 -2360.21 m
35.513 -2287.903 l
S
0.651 0.659 0.667 SC
35.979 -2360.21 m
35.979 -2287.903 l
S
0.651 0.659 0.671 SC
36.446 -2360.21 m
36.446 -2287.903 l
S
0.655 0.663 0.675 SC
36.912 -2360.21 m
36.912 -2287.903 l
S
0.659 0.667 0.678 SC
37.379 -2360.21 m
37.379 -2287.903 l
S
0.663 0.671 0.678 SC
37.845 -2360.21 m
37.845 -2287.903 l
S
0.663 0.675 0.682 SC
38.312 -2360.21 m
38.312 -2287.903 l
S
0.667 0.675 0.686 SC
38.778 -2360.21 m
38.778 -2287.903 l
S
0.671 0.678 0.69 SC
39.245 -2360.21 m
39.245 -2287.903 l
S
0.675 0.682 0.69 SC
39.711 -2360.21 m
39.711 -2287.903 l
S
0.678 0.686 0.694 SC
40.178 -2360.21 m
40.178 -2287.903 l
S
0.682 0.69 0.698 SC
40.644 -2360.21 m
40.644 -2287.903 l
S
0.682 0.69 0.702 SC
41.111 -2360.21 m
41.111 -2287.903 l
S
0.686 0.694 0.706 SC
41.577 -2360.21 m
41.577 -2287.903 l
S
0.69 0.698 0.706 SC
42.044 -2360.21 m
42.044 -2287.903 l
S
0.694 0.702 0.71 SC
42.51 -2360.21 m
42.51 -2287.903 l
S
0.698 0.706 0.714 SC
42.977 -2360.21 m
42.977 -2287.903 l
S
0.698 0.706 0.718 SC
43.443 -2360.21 m
43.443 -2287.903 l
S
0.702 0.71 0.722 SC
43.91 -2360.21 m
43.91 -2287.903 l
S
0.706 0.714 0.722 SC
44.376 -2360.21 m
44.376 -2287.903 l
S
0.71 0.718 0.725 SC
44.843 -2360.21 m
44.843 -2287.903 l
S
0.714 0.722 0.729 SC
45.309 -2360.21 m
45.309 -2287.903 l
S
0.714 0.722 0.733 SC
45.776 -2360.21 m
45.776 -2287.903 l
S
0.718 0.725 0.737 SC
46.242 -2360.21 m
46.242 -2287.903 l
S
0.722 0.729 0.737 SC
46.709 -2360.21 m
46.709 -2287.903 l
S
0.725 0.733 0.741 SC
47.175 -2360.21 m
47.175 -2287.903 l
S
0.729 0.737 0.745 SC
47.642 -2360.21 m
47.642 -2287.903 l
S
0.733 0.741 0.749 SC
48.108 -2360.21 m
48.108 -2287.903 l
S
0.733 0.741 0.753 SC
48.575 -2360.21 m
48.575 -2287.903 l
49.041 -2360.21 m
49.041 -2287.903 l
S
0.737 0.745 0.753 SC
49.508 -2360.21 m
49.508 -2287.903 l
S
0.741 0.749 0.757 SC
49.974 -2360.21 m
49.974 -2287.903 l
S
0.745 0.753 0.761 SC
50.441 -2360.21 m
50.441 -2287.903 l
S
0.749 0.757 0.765 SC
50.907 -2360.21 m
50.907 -2287.903 l
S
0.753 0.761 0.769 SC
51.374 -2360.21 m
51.374 -2287.903 l
51.84 -2360.21 m
51.84 -2287.903 l
S
0.757 0.765 0.773 SC
52.307 -2360.21 m
52.307 -2287.903 l
S
0.761 0.769 0.776 SC
52.773 -2360.21 m
52.773 -2287.903 l
S
0.765 0.773 0.78 SC
53.24 -2360.21 m
53.24 -2287.903 l
S
0.769 0.776 0.784 SC
53.706 -2360.21 m
53.706 -2287.903 l
S
0.773 0.776 0.784 SC
54.173 -2360.21 m
54.173 -2287.903 l
S
0.776 0.78 0.788 SC
54.639 -2360.21 m
54.639 -2287.903 l
S
0.776 0.784 0.792 SC
55.106 -2360.21 m
55.106 -2287.903 l
S
0.78 0.788 0.796 SC
55.572 -2360.21 m
55.572 -2287.903 l
S
0.784 0.792 0.8 SC
56.039 -2360.21 m
56.039 -2287.903 l
S
0.788 0.796 0.8 SC
56.505 -2360.21 m
56.505 -2287.903 l
S
0.792 0.796 0.804 SC
56.972 -2360.21 m
56.972 -2287.903 l
S
0.796 0.8 0.808 SC
57.438 -2360.21 m
57.438 -2287.903 l
S
0.796 0.804 0.812 SC
57.905 -2360.21 m
57.905 -2287.903 l
S
0.8 0.808 0.816 SC
58.371 -2360.21 m
58.371 -2287.903 l
S
0.804 0.812 0.816 SC
58.838 -2360.21 m
58.838 -2287.903 l
S
0.808 0.812 0.82 SC
59.304 -2360.21 m
59.304 -2287.903 l
S
0.812 0.816 0.824 SC
59.771 -2360.21 m
59.771 -2287.903 l
S
0.816 0.82 0.827 SC
60.237 -2360.21 m
60.237 -2287.903 l
S
0.816 0.824 0.831 SC
60.704 -2360.21 m
60.704 -2287.903 l
S
0.82 0.827 0.831 SC
61.17 -2360.21 m
61.17 -2287.903 l
S
0.824 0.831 0.835 SC
61.637 -2360.21 m
61.637 -2287.903 l
S
0.827 0.831 0.839 SC
62.103 -2360.21 m
62.103 -2287.903 l
S
0.831 0.835 0.843 SC
62.57 -2360.21 m
62.57 -2287.903 l
S
0.835 0.839 0.843 SC
63.036 -2360.21 m
63.036 -2287.903 l
S
0.835 0.843 0.847 SC
63.503 -2360.21 m
63.503 -2287.903 l
S
0.839 0.847 0.851 SC
63.969 -2360.21 m
63.969 -2287.903 l
S
0.843 0.847 0.855 SC
64.436 -2360.21 m
64.436 -2287.903 l
S
0.847 0.851 0.859 SC
64.902 -2360.21 m
64.902 -2287.903 l
S
0.851 0.855 0.859 SC
65.369 -2360.21 m
65.369 -2287.903 l
S
0.855 0.859 0.863 SC
65.835 -2360.21 m
65.835 -2287.903 l
S
0.855 0.863 0.867 SC
66.302 -2360.21 m
66.302 -2287.903 l
S
0.859 0.863 0.871 SC
66.768 -2360.21 m
66.768 -2287.903 l
S
0.863 0.867 0.875 SC
67.235 -2360.21 m
67.235 -2287.903 l
S
0.867 0.871 0.875 SC
67.701 -2360.21 m
67.701 -2287.903 l
S
0.871 0.875 0.878 SC
68.168 -2360.21 m
68.168 -2287.903 l
S
0.875 0.878 0.882 SC
68.634 -2360.21 m
68.634 -2287.903 l
S
0.875 0.882 0.886 SC
69.101 -2360.21 m
69.101 -2287.903 l
S
0.878 0.882 0.89 SC
69.567 -2360.21 m
69.567 -2287.903 l
S
0.882 0.886 0.89 SC
70.034 -2360.21 m
70.034 -2287.903 l
S
0.886 0.89 0.894 SC
70.5 -2360.21 m
70.5 -2287.903 l
S
0.89 0.894 0.898 SC
70.967 -2360.21 m
70.967 -2287.903 l
S
0.894 0.898 0.902 SC
71.433 -2360.21 m
71.433 -2287.903 l
S
0.898 0.898 0.902 SC
71.9 -2360.21 m
71.9 -2287.903 l
S
0.898 0.902 0.906 SC
72.366 -2360.21 m
72.366 -2287.903 l
S
0.902 0.906 0.91 SC
72.833 -2360.21 m
72.833 -2287.903 l
S
0.906 0.91 0.914 SC
73.299 -2360.21 m
73.299 -2287.903 l
S
0.91 0.914 0.918 SC
73.766 -2360.21 m
73.766 -2287.903 l
S
0.914 0.918 0.922 SC
74.232 -2360.21 m
74.232 -2287.903 l
S
0.918 0.922 0.922 SC
74.699 -2360.21 m
74.699 -2287.903 l
S
0.922 0.922 0.925 SC
75.165 -2360.21 m
75.165 -2287.903 l
S
0.922 0.925 0.929 SC
75.632 -2360.21 m
75.632 -2287.903 l
S
0.925 0.929 0.933 SC
76.098 -2360.21 m
76.098 -2287.903 l
S
0.929 0.933 0.933 SC
76.565 -2360.21 m
76.565 -2287.903 l
S
0.933 0.937 0.937 SC
77.031 -2360.21 m
77.031 -2287.903 l
S
0.937 0.937 0.941 SC
77.498 -2360.21 m
77.498 -2287.903 l
S
0.941 0.941 0.945 SC
77.964 -2360.21 m
77.964 -2287.903 l
S
0.945 0.945 0.949 SC
78.431 -2360.21 m
78.431 -2287.903 l
S
0.945 0.949 0.949 SC
78.897 -2360.21 m
78.897 -2287.903 l
S
0.949 0.953 0.953 SC
79.364 -2360.21 m
79.364 -2287.903 l
S
0.953 0.957 0.957 SC
79.83 -2360.21 m
79.83 -2287.903 l
S
0.957 0.957 0.961 SC
80.297 -2360.21 m
80.297 -2287.903 l
S
0.961 0.961 0.965 SC
80.763 -2360.21 m
80.763 -2287.903 l
S
0.965 0.965 0.969 SC
81.23 -2360.21 m
81.23 -2287.903 l
S
0.969 0.969 0.969 SC
81.696 -2360.21 m
81.696 -2287.903 l
S
0.973 0.973 0.973 SC
82.163 -2360.21 m
82.163 -2287.903 l
S
0.976 0.976 0.976 SC
82.629 -2360.21 m
82.629 -2287.903 l
S
0.98 0.98 0.984 SC
83.096 -2360.21 m
83.096 -2287.903 l
S
0.988 0.988 0.988 SC
83.562 -2360.21 m
83.562 -2287.903 l
S
0.992 0.992 0.992 SC
84.029 -2360.21 m
84.029 -2287.903 l
S
1 1 1 SC
84.495 -2360.21 m
84.495 -2287.903 l
S
Q
Q
q
1 i 
-9 851 613 -860 re
0 841 m
W n
0.03 841.02 595.02 -841.02 re
W n
/Cs5 cs 0.161 0.145 0.149 sc
/GS1 gs
0.03 841.02 35.4 -6.11 re
f
/Cs5 CS 0.161 0.145 0.149 SC
0 J 0 j 0.3 w 10 M []0 d
28.347 841.076 m
28.347 805.006 l
S
286.3 22.8 22.68 -22.8 re
f
BT
/F1 1 Tf
10 0 0 10 289.2992 7.7671 Tm
1 1 1 sc
-0.0002 Tc
0 Tw
(674)Tj
/F3 1 Tf
7 0 0 7 35.4331 17.5374 Tm
0.161 0.145 0.149 sc
-0.0001 Tc
-0.0306 Tw
[(Swissmedic Jour)-17.9(nal)-1111.9(9/2002)]TJ
/F2 1 Tf
10 0 0 10 85.0394 763.6339 Tm
-0.0336 Tw
[(01)-1044.2(Rivotril 0.5)-306(mg, T)98.8(abletten)]TJ
0 -1.2835 TD
[(02)-1044.2(Rivotril 2)-306(mg, T)98.8(abletten)]TJ
/F5 1 Tf
0 -1.4174 TD
-0.0306 Tw
(Roche Pharma \(Schweiz\) AG, Schönmattstrasse 2, 4153 Reinach)Tj
ET
0.4 w 
85.04 728.68 m
552.76 728.68 l
85.04 710.98 m
552.76 710.98 l
S
BT
10 0 0 10 85.0394 716.2866 Tm
-0.0002 Tc
0 Tw
[(Zul.-Nr)91.6(.: )]TJ
/F2 1 Tf
3.8771 0 TD
(37757)Tj
/F5 1 Tf
8.8788 0 TD
0 Tc
(V)Tj
0.6301 0 TD
-0.0001 Tc
(erkaufsart: )Tj
/F2 1 Tf
5.3041 0 TD
0 Tc
(B)Tj
/F5 1 Tf
6.8216 0 TD
-0.0001 Tc
-0.0306 Tw
[(Index: 01.07.1.)-9563.5(25.09.2002)]TJ
-25.5118 -2.2428 TD
0 Tw
[(Zusammensetzung:)-921.1(01)]TJ
8.3 0 0 8.3 198.4252 693.8585 Tm
-0.0306 Tw
[(CLONAZEP)36.7(AMUM 0.5)-278.1(mg, EXCIPIENS pro COMPRESSO.)]TJ
10 0 0 10 184.252 679.6849 Tm
-0.0002 Tc
0 Tw
(02)Tj
8.3 0 0 8.3 198.4252 679.6849 Tm
-0.0001 Tc
-0.0306 Tw
[(CLONAZEP)36.7(AMUM 2)-278.1(mg, EXCIPIENS pro COMPRESSO.)]TJ
10 0 0 10 85.0394 665.5112 Tm
0 Tw
[(Anwendung:)-5285.2(Antiepileptikum)]TJ
0 -1.4174 TD
-0.0306 Tw
[(* Packungen:)-3729.5(01)-305.6(012)-7141.8(5)0.1(0)-567(T)74(abletten)-9179.4(B)]TJ
9.9213 -1.4174 TD
0 Tw
[(02)-305.6(047)-6585.9(1)0.1(00)-567.1(T)74(abletten)-9179.4(B)]TJ
-9.9213 -1.4174 TD
-0.0306 Tw
[(Bemerkung:)-5671.9(Ersetzt die Registrierungsurkunde vom 22.08.2000)]TJ
T*
[(Gültig bis:)-6647.8(31. Dezember 2002)]TJ
ET
85.04 600.4 m
552.76 600.4 l
S
BT
/F2 1 Tf
10 0 0 10 85.0394 564.4073 Tm
-0.0336 Tw
[(02)-1044.2(Santasapina Hustensirup)]TJ
/F5 1 Tf
T*
-0.0306 Tw
[(Bioforce AG, , 9325 Roggwil)]TJ
ET
85.04 542.28 m
552.76 542.28 l
85.04 524.59 m
552.76 524.59 l
S
BT
10 0 0 10 85.0394 529.8946 Tm
-0.0002 Tc
0 Tw
[(Zul.-Nr)91.6(.: )]TJ
/F2 1 Tf
3.8771 0 TD
(53839)Tj
/F5 1 Tf
8.8788 0 TD
0 Tc
(V)Tj
0.6301 0 TD
-0.0001 Tc
(erkaufsart: )Tj
/F2 1 Tf
5.3041 0 TD
0 Tc
(D)Tj
/F5 1 Tf
6.8216 0 TD
-0.0001 Tc
-0.0306 Tw
[(Index: 03.02.0.)-9563.5(04.09.2002)]TJ
-25.5118 -2.2428 TD
0 Tw
[(Zusammensetzung:)-921.1(02)]TJ
8.3 0 0 8.3 198.4252 507.4665 Tm
-0.0776 Tw
[(PICEAE SUMMIT)54.7(A)73.8(TUM RECENTORUM EXTRACTUM AQUOSUM 0.3)-278.1(g, SACCHARUM 7.8)-278.1(g, MEL)]TJ
0 -1.3661 TD
-0.0301 Tw
[(4.9)-278.1(g, PYRI COMMUNIS SUCCUS CONCENTRA)73.7(TUS 3.9)-278.1(g, AROMA)73.7(TICA, EXCIPIENS ad SOLUTIO-)]TJ
T*
-0.0306 Tw
[(NEM pro 15)-278.1(mL. )]TJ
10 0 0 10 85.0394 470.6149 Tm
[(Anwendung:)-5285.2(Bei Husten infolge Erkältung)]TJ
0 -1.4174 TD
-0.0002 Tc
0 Tw
[(Packung:)-5699.5(02)-305.7(029)-6586(2)0(00)-567.2(mL)-12217.6(D)]TJ
T*
-0.0001 Tc
0.1012 Tw
[(* )131.8(Bemerkungen:)-3702(Ersetzt die Registrierungsurkunde vom 26.11.2001 \(Änderung der Deklara-)]TJ
11.3386 -1.1339 TD
-0.0306 Tw
(tion der Zusammensetzung\))Tj
-11.3386 -1.4174 TD
[(Gültig bis:)-6647.8(31. Dezember 2006)]TJ
ET
85.04 408.34 m
552.76 408.34 l
S
BT
/F2 1 Tf
10 0 0 10 85.0394 372.3456 Tm
-0.0337 Tw
[(02)-1044.2(Siesta-2, Pulver)]TJ
/F5 1 Tf
T*
-0.0306 Tw
[(Dr)91.7(. W)29.6(elti AG, Althofstrasse 12, 5432 Neuenhof)]TJ
ET
85.04 350.22 m
552.76 350.22 l
85.04 332.53 m
552.76 332.53 l
S
BT
10 0 0 10 85.0394 337.833 Tm
-0.0002 Tc
0 Tw
[(Zul.-Nr)91.6(.: )]TJ
/F2 1 Tf
3.8771 0 TD
(39917)Tj
/F5 1 Tf
8.8788 0 TD
0 Tc
(V)Tj
0.6301 0 TD
-0.0001 Tc
(erkaufsart: )Tj
/F2 1 Tf
5.3041 0 TD
0 Tc
(D)Tj
/F5 1 Tf
6.8216 0 TD
-0.0001 Tc
-0.0306 Tw
[(Index: 07.98.0.)-9563.5(26.09.2002)]TJ
-25.5118 -2.2428 TD
0 Tw
[(Zusammensetzung:)-921.1(02)]TJ
8.3 0 0 8.3 198.4252 315.4049 Tm
0.3024 Tw
[(RETINOLUM 2’000)-278.1(U.I., ERGOCALCIFEROLUM 67)-278.1(U.I., MAGNESII SULF)36.7(AS 42.5)-278.1(mg, CALCII)]TJ
0 -1.3661 TD
0.1022 Tw
[(PHOSPHAS 581.9)-278.1(mg, CALCII HYDROGENOPHOSPHAS 85)-278.1(mg, EXCIPIENS ad PUL)73.7(VEREM pro)]TJ
T*
0.2779 Tc
0 Tw
[(1g)278.1(.)278.2( )]TJ
10 0 0 10 85.0394 278.5532 Tm
-0.0002 Tc
[(Anwendung:)-5285.3(Roborans)]TJ
0 -1.4174 TD
[(Packung:)-5699.5(02)-305.7(017)-6586(1)0(50)-567.2(g)-12995.5(D)]TJ
T*
-0.0001 Tc
-0.0306 Tw
[(* Gültig bis:)-5844.6(25. September 2007)]TJ
ET
85.04 241.79 m
552.76 241.79 l
S
BT
/F2 1 Tf
10 0 0 10 85.0394 205.7965 Tm
-0.0336 Tw
[(01)-1044.2(Similasan, homöopathische T)73.8(r)17.9(opfen bei Schlafstörungen)]TJ
/F5 1 Tf
T*
-0.0306 Tw
(Similasan AG, Chriesiweg, 8916 Jonen)Tj
ET
85.04 183.67 m
552.76 183.67 l
85.04 165.98 m
552.76 165.98 l
S
BT
10 0 0 10 85.0394 171.2839 Tm
-0.0002 Tc
0 Tw
[(Zul.-Nr)91.6(.: )]TJ
/F2 1 Tf
3.8771 0 TD
(49790)Tj
/F5 1 Tf
8.8788 0 TD
0 Tc
(V)Tj
0.6301 0 TD
-0.0001 Tc
(erkaufsart: )Tj
/F2 1 Tf
5.3041 0 TD
0 Tc
(D)Tj
/F5 1 Tf
6.8216 0 TD
-0.0001 Tc
-0.0306 Tw
[(Index: 20.01.0.)-9563.5(04.09.2002)]TJ
-25.5118 -2.2428 TD
0 Tw
[(Zusammensetzung:)-921.1(01)]TJ
8.3 0 0 8.3 198.4252 148.8558 Tm
0 Tc
(A)Tj
0.6851 0 TD
-0.0001 Tc
0.078 Tw
[(VENA SA)73.7(TIV)36.7(A D12, HEP)36.7(AR SULFURIS D12, PULSA)73.7(TILLA PRA)73.7(TENSIS D15, ZINCI ISOV)36.7(ALERAS)]TJ
-0.6851 -1.3661 TD
-0.0306 Tw
[(D12 ana P)36.7(A)0.2(R)17.7(TES ad SOLUTIONEM corresp. ETHANOLUM 51)-139.1(% V/V)91.5(. )]TJ
10 0 0 10 85.0394 123.3432 Tm
[(Anwendung:)-5285.2(Bei Schlafstörungen)]TJ
0 -1.4174 TD
-0.0002 Tc
0 Tw
[(Packung:)-5699.5(01)-305.7(015)-7141.9(5)0(0)-567.1(m)-0.1(L)-12217.6(D)]TJ
T*
-0.0001 Tc
-0.0306 Tw
[(* Gültig bis:)-5844.6(04. September 2007)]TJ
ET
85.04 86.58 m
552.76 86.58 l
S
Q

q
1 i 
-9 851 613 -860 re
0 841 m
W n
0.03 841.02 595.02 -841.02 re
W n
BT
/F4 1 Tf
12.5 0 0 12.5 285.8058 811.7825 Tm
/Cs5 cs 0.161 0.145 0.149 sc
/GS1 gs
-0.0001 Tc
-0.0286 Tw
[(Arzneimittel Statistik)-130(/)-129.9(M)0.1(édicaments miscellanées)]TJ
ET
/Cs5 CS 0.161 0.145 0.149 SC
0 J 0 j 0.3 w 10 M []0 d
42.8 805.15 m
567.2 805.15 l
S
Q
q
1 i 
361.69 850.5 198.43 -24.09 re
560.097 811.782 m
W* n
-9 851 613 -860 re
0 841 m
W n
0.03 841.02 595.02 -841.02 re
W n
q
2.7718 0 0 -0.3608 0 0 cm
/Cs5 CS 1 1 1 SC
0 J 0 j 0.5 w 10 M []0 d
/GS1 gs
130.36 -2360.21 m
130.36 -2287.903 l
S
0.992 0.992 0.992 SC
130.827 -2360.21 m
130.827 -2287.903 l
S
0.988 0.988 0.988 SC
131.293 -2360.21 m
131.293 -2287.903 l
S
0.98 0.98 0.984 SC
131.76 -2360.21 m
131.76 -2287.903 l
S
0.976 0.976 0.976 SC
132.226 -2360.21 m
132.226 -2287.903 l
S
0.973 0.973 0.973 SC
132.693 -2360.21 m
132.693 -2287.903 l
S
0.969 0.969 0.969 SC
133.159 -2360.21 m
133.159 -2287.903 l
S
0.965 0.965 0.969 SC
133.626 -2360.21 m
133.626 -2287.903 l
S
0.961 0.961 0.965 SC
134.092 -2360.21 m
134.092 -2287.903 l
S
0.957 0.957 0.961 SC
134.559 -2360.21 m
134.559 -2287.903 l
S
0.953 0.957 0.957 SC
135.025 -2360.21 m
135.025 -2287.903 l
S
0.949 0.953 0.953 SC
135.492 -2360.21 m
135.492 -2287.903 l
S
0.945 0.949 0.949 SC
135.958 -2360.21 m
135.958 -2287.903 l
S
0.945 0.945 0.949 SC
136.425 -2360.21 m
136.425 -2287.903 l
S
0.941 0.941 0.945 SC
136.891 -2360.21 m
136.891 -2287.903 l
S
0.937 0.937 0.941 SC
137.358 -2360.21 m
137.358 -2287.903 l
S
0.933 0.937 0.937 SC
137.824 -2360.21 m
137.824 -2287.903 l
S
0.929 0.933 0.933 SC
138.291 -2360.21 m
138.291 -2287.903 l
S
0.925 0.929 0.933 SC
138.757 -2360.21 m
138.757 -2287.903 l
S
0.922 0.925 0.929 SC
139.224 -2360.21 m
139.224 -2287.903 l
S
0.922 0.922 0.925 SC
139.69 -2360.21 m
139.69 -2287.903 l
S
0.918 0.922 0.922 SC
140.157 -2360.21 m
140.157 -2287.903 l
S
0.914 0.918 0.922 SC
140.623 -2360.21 m
140.623 -2287.903 l
S
0.91 0.914 0.918 SC
141.09 -2360.21 m
141.09 -2287.903 l
S
0.906 0.91 0.914 SC
141.556 -2360.21 m
141.556 -2287.903 l
S
0.902 0.906 0.91 SC
142.023 -2360.21 m
142.023 -2287.903 l
S
0.898 0.902 0.906 SC
142.489 -2360.21 m
142.489 -2287.903 l
S
0.898 0.898 0.902 SC
142.956 -2360.21 m
142.956 -2287.903 l
S
0.894 0.898 0.902 SC
143.422 -2360.21 m
143.422 -2287.903 l
S
0.89 0.894 0.898 SC
143.889 -2360.21 m
143.889 -2287.903 l
S
0.886 0.89 0.894 SC
144.355 -2360.21 m
144.355 -2287.903 l
S
0.882 0.886 0.89 SC
144.822 -2360.21 m
144.822 -2287.903 l
S
0.878 0.882 0.89 SC
145.288 -2360.21 m
145.288 -2287.903 l
S
0.875 0.882 0.886 SC
145.755 -2360.21 m
145.755 -2287.903 l
S
0.875 0.878 0.882 SC
146.221 -2360.21 m
146.221 -2287.903 l
S
0.871 0.875 0.878 SC
146.688 -2360.21 m
146.688 -2287.903 l
S
0.867 0.871 0.875 SC
147.154 -2360.21 m
147.154 -2287.903 l
S
0.863 0.867 0.875 SC
147.621 -2360.21 m
147.621 -2287.903 l
S
0.859 0.863 0.871 SC
148.087 -2360.21 m
148.087 -2287.903 l
S
0.855 0.863 0.867 SC
148.554 -2360.21 m
148.554 -2287.903 l
S
0.855 0.859 0.863 SC
149.02 -2360.21 m
149.02 -2287.903 l
S
0.851 0.855 0.859 SC
149.487 -2360.21 m
149.487 -2287.903 l
S
0.847 0.851 0.859 SC
149.953 -2360.21 m
149.953 -2287.903 l
S
0.843 0.847 0.855 SC
150.42 -2360.21 m
150.42 -2287.903 l
S
0.839 0.847 0.851 SC
150.886 -2360.21 m
150.886 -2287.903 l
S
0.835 0.843 0.847 SC
151.353 -2360.21 m
151.353 -2287.903 l
S
0.835 0.839 0.843 SC
151.819 -2360.21 m
151.819 -2287.903 l
S
0.831 0.835 0.843 SC
152.286 -2360.21 m
152.286 -2287.903 l
S
0.827 0.831 0.839 SC
152.752 -2360.21 m
152.752 -2287.903 l
S
0.824 0.831 0.835 SC
153.219 -2360.21 m
153.219 -2287.903 l
S
0.82 0.827 0.831 SC
153.685 -2360.21 m
153.685 -2287.903 l
S
0.816 0.824 0.831 SC
154.152 -2360.21 m
154.152 -2287.903 l
S
0.816 0.82 0.827 SC
154.618 -2360.21 m
154.618 -2287.903 l
S
0.812 0.816 0.824 SC
155.085 -2360.21 m
155.085 -2287.903 l
S
0.808 0.812 0.82 SC
155.551 -2360.21 m
155.551 -2287.903 l
S
0.804 0.812 0.816 SC
156.018 -2360.21 m
156.018 -2287.903 l
S
0.8 0.808 0.816 SC
156.484 -2360.21 m
156.484 -2287.903 l
S
0.796 0.804 0.812 SC
156.951 -2360.21 m
156.951 -2287.903 l
S
0.796 0.8 0.808 SC
157.417 -2360.21 m
157.417 -2287.903 l
S
0.792 0.796 0.804 SC
157.884 -2360.21 m
157.884 -2287.903 l
S
0.788 0.796 0.8 SC
158.35 -2360.21 m
158.35 -2287.903 l
S
0.784 0.792 0.8 SC
158.817 -2360.21 m
158.817 -2287.903 l
S
0.78 0.788 0.796 SC
159.283 -2360.21 m
159.283 -2287.903 l
S
0.776 0.784 0.792 SC
159.75 -2360.21 m
159.75 -2287.903 l
S
0.776 0.78 0.788 SC
160.216 -2360.21 m
160.216 -2287.903 l
S
0.773 0.776 0.784 SC
160.683 -2360.21 m
160.683 -2287.903 l
S
0.769 0.776 0.784 SC
161.149 -2360.21 m
161.149 -2287.903 l
S
0.765 0.773 0.78 SC
161.616 -2360.21 m
161.616 -2287.903 l
S
0.761 0.769 0.776 SC
162.082 -2360.21 m
162.082 -2287.903 l
S
0.757 0.765 0.773 SC
162.549 -2360.21 m
162.549 -2287.903 l
S
0.753 0.761 0.769 SC
163.015 -2360.21 m
163.015 -2287.903 l
163.482 -2360.21 m
163.482 -2287.903 l
S
0.749 0.757 0.765 SC
163.948 -2360.21 m
163.948 -2287.903 l
S
0.745 0.753 0.761 SC
164.415 -2360.21 m
164.415 -2287.903 l
S
0.741 0.749 0.757 SC
164.881 -2360.21 m
164.881 -2287.903 l
S
0.737 0.745 0.753 SC
165.348 -2360.21 m
165.348 -2287.903 l
S
0.733 0.741 0.753 SC
165.814 -2360.21 m
165.814 -2287.903 l
S
0.733 0.741 0.749 SC
166.281 -2360.21 m
166.281 -2287.903 l
166.747 -2360.21 m
166.747 -2287.903 l
S
0.729 0.737 0.745 SC
167.214 -2360.21 m
167.214 -2287.903 l
S
0.725 0.733 0.741 SC
167.68 -2360.21 m
167.68 -2287.903 l
S
0.722 0.729 0.737 SC
168.147 -2360.21 m
168.147 -2287.903 l
S
0.718 0.725 0.737 SC
168.613 -2360.21 m
168.613 -2287.903 l
S
0.714 0.722 0.733 SC
169.08 -2360.21 m
169.08 -2287.903 l
S
0.714 0.722 0.729 SC
169.546 -2360.21 m
169.546 -2287.903 l
S
0.71 0.718 0.725 SC
170.013 -2360.21 m
170.013 -2287.903 l
S
0.706 0.714 0.722 SC
170.479 -2360.21 m
170.479 -2287.903 l
S
0.702 0.71 0.722 SC
170.946 -2360.21 m
170.946 -2287.903 l
S
0.698 0.706 0.718 SC
171.412 -2360.21 m
171.412 -2287.903 l
S
0.698 0.706 0.714 SC
171.879 -2360.21 m
171.879 -2287.903 l
S
0.694 0.702 0.71 SC
172.345 -2360.21 m
172.345 -2287.903 l
S
0.69 0.698 0.706 SC
172.812 -2360.21 m
172.812 -2287.903 l
S
0.686 0.694 0.706 SC
173.278 -2360.21 m
173.278 -2287.903 l
S
0.682 0.69 0.702 SC
173.745 -2360.21 m
173.745 -2287.903 l
S
0.682 0.69 0.698 SC
174.211 -2360.21 m
174.211 -2287.903 l
S
0.678 0.686 0.694 SC
174.678 -2360.21 m
174.678 -2287.903 l
S
0.675 0.682 0.69 SC
175.144 -2360.21 m
175.144 -2287.903 l
S
0.671 0.678 0.69 SC
175.611 -2360.21 m
175.611 -2287.903 l
S
0.667 0.675 0.686 SC
176.077 -2360.21 m
176.077 -2287.903 l
S
0.663 0.675 0.682 SC
176.544 -2360.21 m
176.544 -2287.903 l
S
0.663 0.671 0.678 SC
177.01 -2360.21 m
177.01 -2287.903 l
S
0.659 0.667 0.678 SC
177.477 -2360.21 m
177.477 -2287.903 l
S
0.655 0.663 0.675 SC
177.943 -2360.21 m
177.943 -2287.903 l
S
0.651 0.659 0.671 SC
178.41 -2360.21 m
178.41 -2287.903 l
S
0.651 0.659 0.667 SC
178.876 -2360.21 m
178.876 -2287.903 l
S
0.647 0.655 0.663 SC
179.343 -2360.21 m
179.343 -2287.903 l
S
0.643 0.651 0.663 SC
179.809 -2360.21 m
179.809 -2287.903 l
S
0.639 0.647 0.659 SC
180.276 -2360.21 m
180.276 -2287.903 l
S
0.635 0.643 0.655 SC
180.742 -2360.21 m
180.742 -2287.903 l
S
0.635 0.643 0.651 SC
181.209 -2360.21 m
181.209 -2287.903 l
S
0.631 0.639 0.647 SC
181.675 -2360.21 m
181.675 -2287.903 l
S
0.627 0.635 0.647 SC
182.142 -2360.21 m
182.142 -2287.903 l
S
0.624 0.631 0.643 SC
182.608 -2360.21 m
182.608 -2287.903 l
S
0.62 0.631 0.639 SC
183.075 -2360.21 m
183.075 -2287.903 l
S
0.62 0.627 0.635 SC
183.541 -2360.21 m
183.541 -2287.903 l
S
0.616 0.624 0.635 SC
184.008 -2360.21 m
184.008 -2287.903 l
S
0.612 0.62 0.631 SC
184.474 -2360.21 m
184.474 -2287.903 l
S
0.608 0.616 0.627 SC
184.941 -2360.21 m
184.941 -2287.903 l
S
0.608 0.616 0.624 SC
185.407 -2360.21 m
185.407 -2287.903 l
S
0.604 0.612 0.624 SC
185.874 -2360.21 m
185.874 -2287.903 l
S
0.6 0.608 0.62 SC
186.34 -2360.21 m
186.34 -2287.903 l
S
0.596 0.604 0.616 SC
186.806 -2360.21 m
186.806 -2287.903 l
S
0.596 0.604 0.612 SC
187.273 -2360.21 m
187.273 -2287.903 l
S
0.592 0.6 0.608 SC
187.739 -2360.21 m
187.739 -2287.903 l
S
0.588 0.596 0.608 SC
188.206 -2360.21 m
188.206 -2287.903 l
S
0.584 0.592 0.604 SC
188.672 -2360.21 m
188.672 -2287.903 l
S
0.584 0.592 0.6 SC
189.139 -2360.21 m
189.139 -2287.903 l
S
0.58 0.588 0.596 SC
189.605 -2360.21 m
189.605 -2287.903 l
S
0.576 0.584 0.596 SC
190.072 -2360.21 m
190.072 -2287.903 l
S
0.573 0.58 0.592 SC
190.538 -2360.21 m
190.538 -2287.903 l
S
0.573 0.58 0.588 SC
191.005 -2360.21 m
191.005 -2287.903 l
S
0.569 0.576 0.588 SC
191.471 -2360.21 m
191.471 -2287.903 l
S
0.565 0.573 0.584 SC
191.938 -2360.21 m
191.938 -2287.903 l
S
0.561 0.569 0.58 SC
192.404 -2360.21 m
192.404 -2287.903 l
S
0.561 0.569 0.576 SC
192.871 -2360.21 m
192.871 -2287.903 l
S
0.557 0.565 0.576 SC
193.337 -2360.21 m
193.337 -2287.903 l
S
0.553 0.561 0.573 SC
193.804 -2360.21 m
193.804 -2287.903 l
S
0.549 0.557 0.569 SC
194.27 -2360.21 m
194.27 -2287.903 l
S
0.549 0.557 0.565 SC
194.737 -2360.21 m
194.737 -2287.903 l
S
0.545 0.553 0.565 SC
195.203 -2360.21 m
195.203 -2287.903 l
S
0.541 0.549 0.561 SC
195.67 -2360.21 m
195.67 -2287.903 l
S
0.537 0.545 0.557 SC
196.136 -2360.21 m
196.136 -2287.903 l
S
0.537 0.545 0.553 SC
196.603 -2360.21 m
196.603 -2287.903 l
S
0.533 0.541 0.553 SC
197.069 -2360.21 m
197.069 -2287.903 l
S
0.529 0.537 0.549 SC
197.536 -2360.21 m
197.536 -2287.903 l
S
0.529 0.533 0.545 SC
198.002 -2360.21 m
198.002 -2287.903 l
S
0.525 0.533 0.541 SC
198.469 -2360.21 m
198.469 -2287.903 l
S
0.522 0.529 0.541 SC
198.935 -2360.21 m
198.935 -2287.903 l
S
0.518 0.525 0.537 SC
199.402 -2360.21 m
199.402 -2287.903 l
S
0.518 0.525 0.533 SC
199.868 -2360.21 m
199.868 -2287.903 l
S
0.514 0.522 0.529 SC
200.335 -2360.21 m
200.335 -2287.903 l
S
0.51 0.518 0.529 SC
200.801 -2360.21 m
200.801 -2287.903 l
S
0.51 0.514 0.525 SC
201.268 -2360.21 m
201.268 -2287.903 l
S
0.506 0.514 0.522 SC
201.734 -2360.21 m
201.734 -2287.903 l
S
0.502 0.51 0.518 SC
202.201 -2360.21 m
202.201 -2287.903 l
S
Q
Q
q
1 i 
-9 851 613 -860 re
0 841 m
W n
0.03 841.02 595.02 -841.02 re
W n
/Cs5 cs 0.161 0.145 0.149 sc
/GS1 gs
560.12 841.02 34.93 -6.11 re
f
/Cs5 CS 0.161 0.145 0.149 SC
0 J 0 j 0.3 w 10 M []0 d
567.202 840.678 m
567.202 804.948 l
S
286.57 22.8 22.68 -22.8 re
f
BT
/F1 1 Tf
10 0 0 10 289.5747 7.7671 Tm
1 1 1 sc
-0.0002 Tc
0 Tw
(675)Tj
/F3 1 Tf
7 0 0 7 473.8676 17.5374 Tm
0.161 0.145 0.149 sc
-0.0001 Tc
-0.0306 Tw
[(Swissmedic Jour)-17.9(nal)-1111.9(9/2002)]TJ
/F2 1 Tf
10 0 0 10 42.7953 763.6339 Tm
-0.0336 Tw
[(01)-1044.2(Similasan, homöopathische T)73.8(r)17.9(opfen bei W)17.7(echseljahrbeschwer)17.7(den)]TJ
/F5 1 Tf
0 -1.4174 TD
-0.0306 Tw
(Similasan AG, Chriesiweg, 8916 Jonen)Tj
ET
0.4 w 
42.8 741.51 m
510.51 741.51 l
42.8 723.82 m
510.51 723.82 l
S
BT
10 0 0 10 42.7953 729.1213 Tm
-0.0002 Tc
0 Tw
[(Zul.-Nr)91.6(.: )]TJ
/F2 1 Tf
3.8772 0 TD
(48072)Tj
/F5 1 Tf
8.8787 0 TD
0 Tc
(V)Tj
0.6301 0 TD
-0.0001 Tc
(erkaufsart: )Tj
/F2 1 Tf
5.3042 0 TD
0 Tc
(D)Tj
/F5 1 Tf
6.8216 0 TD
-0.0001 Tc
-0.0306 Tw
[(Index: 20.01.0.)-9563.5(04.09.2002)]TJ
-25.5118 -2.2428 TD
0 Tw
[(Zusammensetzung:)-921.1(01)]TJ
8.3 0 0 8.3 156.1811 706.6931 Tm
0.0176 Tw
[(ACIDUM SULFURICUM D6, LILIUM LANCIFOLIUM D10, SEPIA OFFICINALIS D6 ana P)36.7(A)0.2(R)17.7(TES ad)]TJ
0 -1.3661 TD
-0.0306 Tw
[(SOLUTIONEM corresp. ETHANOLUM 46)-139.1(% V/V)91.5(. )]TJ
10 0 0 10 42.7953 681.1805 Tm
[(Anwendung:)-5285.2(Bei W)29.7(echseljahrbeschwerden)]TJ
0 -1.4174 TD
-0.0002 Tc
0 Tw
[(Packung:)-5699.5(01)-305.7(038)-7141.9(5)0(0)-567.1(m)-0.1(L)-12217.6(D)]TJ
T*
-0.0001 Tc
-0.0306 Tw
[(* Gültig bis:)-5844.6(04. September 2007)]TJ
ET
42.8 644.42 m
510.51 644.42 l
S
BT
/F2 1 Tf
10 0 0 10 42.7953 608.4238 Tm
-0.0336 Tw
[(01)-1044.2(Similasan, homöopathischer Spray bei Insektenstichen)]TJ
/F5 1 Tf
T*
-0.0306 Tw
(Similasan AG, Chriesiweg, 8916 Jonen)Tj
ET
42.8 586.3 m
510.51 586.3 l
42.8 568.61 m
510.51 568.61 l
S
BT
10 0 0 10 42.7953 573.9112 Tm
-0.0002 Tc
0 Tw
[(Zul.-Nr)91.6(.: )]TJ
/F2 1 Tf
3.8772 0 TD
(49329)Tj
/F5 1 Tf
8.8787 0 TD
0 Tc
(V)Tj
0.6301 0 TD
-0.0001 Tc
(erkaufsart: )Tj
/F2 1 Tf
5.3042 0 TD
0 Tc
(D)Tj
/F5 1 Tf
6.8216 0 TD
-0.0001 Tc
-0.0306 Tw
[(Index: 20.01.0.)-9563.5(04.09.2002)]TJ
-25.5118 -2.2428 TD
0 Tw
[(Zusammensetzung:)-921.1(01)]TJ
8.3 0 0 8.3 156.1811 551.4831 Tm
-0.1063 Tw
[(APIS MELLIFICA D12, LACHESIS MUTUS D12, LEDUM P)36.7(ALUSTRE D6, UR)17.7(TICA URENS D8 ana P)36.7(A)0.2(R-)]TJ
0 -1.3661 TD
-0.0306 Tw
[(TES ad SOLUTIONEM corresp. ETHANOLUM 51)-139.1(% V/V)91.5(. )]TJ
10 0 0 10 42.7953 525.9704 Tm
[(Anwendung:)-5285.2(Bei Insektenstichen)]TJ
0 -1.4174 TD
-0.0002 Tc
0 Tw
[(Packung:)-5699.5(01)-305.7(016)-7141.9(1)0(5)-567.1(m)-0.1(L)-12217.6(D)]TJ
T*
-0.0001 Tc
-0.0306 Tw
[(* Gültig bis:)-5844.6(04. September 2007)]TJ
ET
42.8 489.21 m
510.51 489.21 l
S
BT
/F2 1 Tf
10 0 0 10 42.7953 453.2137 Tm
-0.0336 Tw
[(01)-1044.2(Similasan, homöopathisches Arzneimittel bei nervösen Bauchkrämpfen, Globuli)]TJ
/F5 1 Tf
T*
-0.0306 Tw
(Similasan AG, Chriesiweg, 8916 Jonen)Tj
ET
42.8 431.09 m
510.51 431.09 l
42.8 413.4 m
510.51 413.4 l
S
BT
10 0 0 10 42.7953 418.7011 Tm
-0.0002 Tc
0 Tw
[(Zul.-Nr)91.6(.: )]TJ
/F2 1 Tf
3.8772 0 TD
(52311)Tj
/F5 1 Tf
8.8787 0 TD
0 Tc
(V)Tj
0.6301 0 TD
-0.0001 Tc
(erkaufsart: )Tj
/F2 1 Tf
5.3042 0 TD
0 Tc
(D)Tj
/F5 1 Tf
6.8216 0 TD
-0.0001 Tc
-0.0306 Tw
[(Index: 20.01.0.)-9563.5(04.09.2002)]TJ
-25.5118 -2.2428 TD
0 Tw
[(Zusammensetzung:)-921.1(01)]TJ
8.3 0 0 8.3 156.1811 396.273 Tm
0.2764 Tw
[(ANAMIR)17.7(T)54.8(A COCCULUS D15, A)73.7(TROP)36.7(A BELLADONNA D12, CHAMOMILLA RECUTIT)54.7(A D12,)]TJ
0 -1.3661 TD
-0.081 Tw
[(COLOCYNTHIS D12, MAGNESII PHOSPHAS D12 ana P)36.6(A)0.2(R)17.7(TES, CALCII CARBONAS et XYLITOLUM)]TJ
T*
-0.0306 Tw
(ad GLOBULOS.)Tj
10 0 0 10 42.7953 359.4214 Tm
[(Anwendung:)-5285.2(Bei nervösen Bauchkrämpfen)]TJ
0 -1.4174 TD
-0.0002 Tc
0 Tw
[(Packungen:)-4532.8(01)-305.7(020)-6864.1(4,5)-567.1(g)-12995.5(D)]TJ
11.3386 -1.4174 TD
[(039)-7141.9(1)0(5)-567.1(g)-12995.5(D)]TJ
-11.3386 -1.4174 TD
-0.0001 Tc
-0.0306 Tw
[(* Gültig bis:)-5844.6(04. September 2007)]TJ
ET
42.8 308.49 m
510.51 308.49 l
S
BT
/F2 1 Tf
10 0 0 10 42.7953 272.491 Tm
-0.0336 Tw
[(01)-1044.2(Solian 100)-306(mg/ml, gouttes buvables)]TJ
/F5 1 Tf
T*
-0.0306 Tw
[(* Sanofi-Synthélabo \(Suisse\) SA, 11, rue de V)36.7(eyrot, 1217 Meyrin)]TJ
ET
42.8 250.37 m
510.51 250.37 l
42.8 232.68 m
510.51 232.68 l
S
BT
10 0 0 10 42.7953 237.9784 Tm
-0.0002 Tc
0 Tw
[(N°)-247.4(AMM: )]TJ
/F2 1 Tf
4.5038 0 TD
(55355)Tj
/F5 1 Tf
8.2521 0 TD
-0.0001 Tc
-0.0306 Tw
(Mode de vente: )Tj
/F2 1 Tf
7.5194 0 TD
0 Tc
0 Tw
(B)Tj
/F5 1 Tf
5.2365 0 TD
-0.0001 Tc
-0.0306 Tw
[(Index: 01.05.0.)-9563.5(01.09.2002)]TJ
-25.5118 -2.2428 TD
-0.0002 Tc
0 Tw
[(Composition:)-3756.2(01)]TJ
8.3 0 0 8.3 156.1811 215.5503 Tm
-0.0001 Tc
0.3747 Tw
[(AMISULPRIDUM 100)-278.1(mg, SACCHARINUM, AROMA)73.7(TICA, V)36.7(ANILLINUM, CONSER)17.7(V)91.5(.: E)-278.1(2)0.1(02,)]TJ
0 -1.3661 TD
0 Tc
0 Tw
(E)Tj
0.8339 0 TD
-0.0001 Tc
-0.0306 Tw
[(216, E)-278.1(218, EXCIPIENS ad SOLUTIONEM pro 1)-278.1(mL. )]TJ
10 0 0 10 42.7953 190.0377 Tm
-0.0002 Tc
0 Tw
[(Indication:)-6395.4(Neuroleptique)]TJ
0 -1.4174 TD
-0.0001 Tc
[(Conditionnement:)-1422.6(0)0.1(1)-305.6(0)0.1(02)-7141.8(60)-567(mL)-12217.5(B)]TJ
T*
-0.0101 Tw
[(* )20.5(Remarques:)-5090.7(Cette attestation d’enregistrement annule celle du 07.12.2000 \(Changement)]TJ
11.3386 -1.1339 TD
-0.0002 Tc
-0.0305 Tw
(de titulaire de l’AMM\))Tj
-11.3386 -1.4174 TD
-0.0488 Tc
0 Tw
(Va)Tj
1.174 0 TD
-0.0001 Tc
-0.0306 Tw
[(lable jusqu’au:)-3417.3(31 décembre 2005)]TJ
ET
42.8 127.76 m
510.51 127.76 l
S
Q

q
1 i 
-9 851 613 -860 re
0 841 m
W n
0.03 841.02 595.02 -841.02 re
W n
BT
/F4 1 Tf
12.5 0 0 12.5 34.4488 811.7822 Tm
/Cs5 cs 0.161 0.145 0.149 sc
/GS1 gs
-0.0001 Tc
-0.0286 Tw
[(Arzneimittel Statistik)-130(/)-129.9(M)0.1(édicaments miscellanées)]TJ
ET
/Cs5 CS 0.161 0.145 0.149 SC
0 J 0 j 0.3 w 10 M []0 d
28.35 805.15 m
552.76 805.15 l
S
Q
q
1 i 
35.43 850.5 198.43 -24.09 re
308.74 811.782 m
W* n
-9 851 613 -860 re
0 841 m
W n
0.03 841.02 595.02 -841.02 re
W n
q
2.7718 0 0 -0.3608 0 0 cm
/Cs5 CS 0.502 0.51 0.518 SC
0 J 0 j 0.5 w 10 M []0 d
/GS1 gs
12.655 -2360.21 m
12.655 -2287.903 l
S
0.506 0.514 0.522 SC
13.121 -2360.21 m
13.121 -2287.903 l
S
0.51 0.514 0.525 SC
13.588 -2360.21 m
13.588 -2287.903 l
S
0.51 0.518 0.529 SC
14.054 -2360.21 m
14.054 -2287.903 l
S
0.514 0.522 0.529 SC
14.521 -2360.21 m
14.521 -2287.903 l
S
0.518 0.525 0.533 SC
14.987 -2360.21 m
14.987 -2287.903 l
S
0.518 0.525 0.537 SC
15.454 -2360.21 m
15.454 -2287.903 l
S
0.522 0.529 0.541 SC
15.92 -2360.21 m
15.92 -2287.903 l
S
0.525 0.533 0.541 SC
16.387 -2360.21 m
16.387 -2287.903 l
S
0.529 0.533 0.545 SC
16.853 -2360.21 m
16.853 -2287.903 l
S
0.529 0.537 0.549 SC
17.32 -2360.21 m
17.32 -2287.903 l
S
0.533 0.541 0.553 SC
17.786 -2360.21 m
17.786 -2287.903 l
S
0.537 0.545 0.553 SC
18.253 -2360.21 m
18.253 -2287.903 l
S
0.537 0.545 0.557 SC
18.719 -2360.21 m
18.719 -2287.903 l
S
0.541 0.549 0.561 SC
19.186 -2360.21 m
19.186 -2287.903 l
S
0.545 0.553 0.565 SC
19.652 -2360.21 m
19.652 -2287.903 l
S
0.549 0.557 0.565 SC
20.119 -2360.21 m
20.119 -2287.903 l
S
0.549 0.557 0.569 SC
20.585 -2360.21 m
20.585 -2287.903 l
S
0.553 0.561 0.573 SC
21.052 -2360.21 m
21.052 -2287.903 l
S
0.557 0.565 0.576 SC
21.518 -2360.21 m
21.518 -2287.903 l
S
0.561 0.569 0.576 SC
21.985 -2360.21 m
21.985 -2287.903 l
S
0.561 0.569 0.58 SC
22.451 -2360.21 m
22.451 -2287.903 l
S
0.565 0.573 0.584 SC
22.918 -2360.21 m
22.918 -2287.903 l
S
0.569 0.576 0.588 SC
23.384 -2360.21 m
23.384 -2287.903 l
S
0.573 0.58 0.588 SC
23.851 -2360.21 m
23.851 -2287.903 l
S
0.573 0.58 0.592 SC
24.317 -2360.21 m
24.317 -2287.903 l
S
0.576 0.584 0.596 SC
24.784 -2360.21 m
24.784 -2287.903 l
S
0.58 0.588 0.596 SC
25.25 -2360.21 m
25.25 -2287.903 l
S
0.584 0.592 0.6 SC
25.717 -2360.21 m
25.717 -2287.903 l
S
0.584 0.592 0.604 SC
26.183 -2360.21 m
26.183 -2287.903 l
S
0.588 0.596 0.608 SC
26.65 -2360.21 m
26.65 -2287.903 l
S
0.592 0.6 0.608 SC
27.116 -2360.21 m
27.116 -2287.903 l
S
0.596 0.604 0.612 SC
27.583 -2360.21 m
27.583 -2287.903 l
S
0.596 0.604 0.616 SC
28.049 -2360.21 m
28.049 -2287.903 l
S
0.6 0.608 0.62 SC
28.516 -2360.21 m
28.516 -2287.903 l
S
0.604 0.612 0.624 SC
28.982 -2360.21 m
28.982 -2287.903 l
S
0.608 0.616 0.624 SC
29.449 -2360.21 m
29.449 -2287.903 l
S
0.608 0.616 0.627 SC
29.915 -2360.21 m
29.915 -2287.903 l
S
0.612 0.62 0.631 SC
30.382 -2360.21 m
30.382 -2287.903 l
S
0.616 0.624 0.635 SC
30.848 -2360.21 m
30.848 -2287.903 l
S
0.62 0.627 0.635 SC
31.315 -2360.21 m
31.315 -2287.903 l
S
0.62 0.631 0.639 SC
31.781 -2360.21 m
31.781 -2287.903 l
S
0.624 0.631 0.643 SC
32.248 -2360.21 m
32.248 -2287.903 l
S
0.627 0.635 0.647 SC
32.714 -2360.21 m
32.714 -2287.903 l
S
0.631 0.639 0.647 SC
33.181 -2360.21 m
33.181 -2287.903 l
S
0.635 0.643 0.651 SC
33.647 -2360.21 m
33.647 -2287.903 l
S
0.635 0.643 0.655 SC
34.113 -2360.21 m
34.113 -2287.903 l
S
0.639 0.647 0.659 SC
34.58 -2360.21 m
34.58 -2287.903 l
S
0.643 0.651 0.663 SC
35.046 -2360.21 m
35.046 -2287.903 l
S
0.647 0.655 0.663 SC
35.513 -2360.21 m
35.513 -2287.903 l
S
0.651 0.659 0.667 SC
35.979 -2360.21 m
35.979 -2287.903 l
S
0.651 0.659 0.671 SC
36.446 -2360.21 m
36.446 -2287.903 l
S
0.655 0.663 0.675 SC
36.912 -2360.21 m
36.912 -2287.903 l
S
0.659 0.667 0.678 SC
37.379 -2360.21 m
37.379 -2287.903 l
S
0.663 0.671 0.678 SC
37.845 -2360.21 m
37.845 -2287.903 l
S
0.663 0.675 0.682 SC
38.312 -2360.21 m
38.312 -2287.903 l
S
0.667 0.675 0.686 SC
38.778 -2360.21 m
38.778 -2287.903 l
S
0.671 0.678 0.69 SC
39.245 -2360.21 m
39.245 -2287.903 l
S
0.675 0.682 0.69 SC
39.711 -2360.21 m
39.711 -2287.903 l
S
0.678 0.686 0.694 SC
40.178 -2360.21 m
40.178 -2287.903 l
S
0.682 0.69 0.698 SC
40.644 -2360.21 m
40.644 -2287.903 l
S
0.682 0.69 0.702 SC
41.111 -2360.21 m
41.111 -2287.903 l
S
0.686 0.694 0.706 SC
41.577 -2360.21 m
41.577 -2287.903 l
S
0.69 0.698 0.706 SC
42.044 -2360.21 m
42.044 -2287.903 l
S
0.694 0.702 0.71 SC
42.51 -2360.21 m
42.51 -2287.903 l
S
0.698 0.706 0.714 SC
42.977 -2360.21 m
42.977 -2287.903 l
S
0.698 0.706 0.718 SC
43.443 -2360.21 m
43.443 -2287.903 l
S
0.702 0.71 0.722 SC
43.91 -2360.21 m
43.91 -2287.903 l
S
0.706 0.714 0.722 SC
44.376 -2360.21 m
44.376 -2287.903 l
S
0.71 0.718 0.725 SC
44.843 -2360.21 m
44.843 -2287.903 l
S
0.714 0.722 0.729 SC
45.309 -2360.21 m
45.309 -2287.903 l
S
0.714 0.722 0.733 SC
45.776 -2360.21 m
45.776 -2287.903 l
S
0.718 0.725 0.737 SC
46.242 -2360.21 m
46.242 -2287.903 l
S
0.722 0.729 0.737 SC
46.709 -2360.21 m
46.709 -2287.903 l
S
0.725 0.733 0.741 SC
47.175 -2360.21 m
47.175 -2287.903 l
S
0.729 0.737 0.745 SC
47.642 -2360.21 m
47.642 -2287.903 l
S
0.733 0.741 0.749 SC
48.108 -2360.21 m
48.108 -2287.903 l
S
0.733 0.741 0.753 SC
48.575 -2360.21 m
48.575 -2287.903 l
49.041 -2360.21 m
49.041 -2287.903 l
S
0.737 0.745 0.753 SC
49.508 -2360.21 m
49.508 -2287.903 l
S
0.741 0.749 0.757 SC
49.974 -2360.21 m
49.974 -2287.903 l
S
0.745 0.753 0.761 SC
50.441 -2360.21 m
50.441 -2287.903 l
S
0.749 0.757 0.765 SC
50.907 -2360.21 m
50.907 -2287.903 l
S
0.753 0.761 0.769 SC
51.374 -2360.21 m
51.374 -2287.903 l
51.84 -2360.21 m
51.84 -2287.903 l
S
0.757 0.765 0.773 SC
52.307 -2360.21 m
52.307 -2287.903 l
S
0.761 0.769 0.776 SC
52.773 -2360.21 m
52.773 -2287.903 l
S
0.765 0.773 0.78 SC
53.24 -2360.21 m
53.24 -2287.903 l
S
0.769 0.776 0.784 SC
53.706 -2360.21 m
53.706 -2287.903 l
S
0.773 0.776 0.784 SC
54.173 -2360.21 m
54.173 -2287.903 l
S
0.776 0.78 0.788 SC
54.639 -2360.21 m
54.639 -2287.903 l
S
0.776 0.784 0.792 SC
55.106 -2360.21 m
55.106 -2287.903 l
S
0.78 0.788 0.796 SC
55.572 -2360.21 m
55.572 -2287.903 l
S
0.784 0.792 0.8 SC
56.039 -2360.21 m
56.039 -2287.903 l
S
0.788 0.796 0.8 SC
56.505 -2360.21 m
56.505 -2287.903 l
S
0.792 0.796 0.804 SC
56.972 -2360.21 m
56.972 -2287.903 l
S
0.796 0.8 0.808 SC
57.438 -2360.21 m
57.438 -2287.903 l
S
0.796 0.804 0.812 SC
57.905 -2360.21 m
57.905 -2287.903 l
S
0.8 0.808 0.816 SC
58.371 -2360.21 m
58.371 -2287.903 l
S
0.804 0.812 0.816 SC
58.838 -2360.21 m
58.838 -2287.903 l
S
0.808 0.812 0.82 SC
59.304 -2360.21 m
59.304 -2287.903 l
S
0.812 0.816 0.824 SC
59.771 -2360.21 m
59.771 -2287.903 l
S
0.816 0.82 0.827 SC
60.237 -2360.21 m
60.237 -2287.903 l
S
0.816 0.824 0.831 SC
60.704 -2360.21 m
60.704 -2287.903 l
S
0.82 0.827 0.831 SC
61.17 -2360.21 m
61.17 -2287.903 l
S
0.824 0.831 0.835 SC
61.637 -2360.21 m
61.637 -2287.903 l
S
0.827 0.831 0.839 SC
62.103 -2360.21 m
62.103 -2287.903 l
S
0.831 0.835 0.843 SC
62.57 -2360.21 m
62.57 -2287.903 l
S
0.835 0.839 0.843 SC
63.036 -2360.21 m
63.036 -2287.903 l
S
0.835 0.843 0.847 SC
63.503 -2360.21 m
63.503 -2287.903 l
S
0.839 0.847 0.851 SC
63.969 -2360.21 m
63.969 -2287.903 l
S
0.843 0.847 0.855 SC
64.436 -2360.21 m
64.436 -2287.903 l
S
0.847 0.851 0.859 SC
64.902 -2360.21 m
64.902 -2287.903 l
S
0.851 0.855 0.859 SC
65.369 -2360.21 m
65.369 -2287.903 l
S
0.855 0.859 0.863 SC
65.835 -2360.21 m
65.835 -2287.903 l
S
0.855 0.863 0.867 SC
66.302 -2360.21 m
66.302 -2287.903 l
S
0.859 0.863 0.871 SC
66.768 -2360.21 m
66.768 -2287.903 l
S
0.863 0.867 0.875 SC
67.235 -2360.21 m
67.235 -2287.903 l
S
0.867 0.871 0.875 SC
67.701 -2360.21 m
67.701 -2287.903 l
S
0.871 0.875 0.878 SC
68.168 -2360.21 m
68.168 -2287.903 l
S
0.875 0.878 0.882 SC
68.634 -2360.21 m
68.634 -2287.903 l
S
0.875 0.882 0.886 SC
69.101 -2360.21 m
69.101 -2287.903 l
S
0.878 0.882 0.89 SC
69.567 -2360.21 m
69.567 -2287.903 l
S
0.882 0.886 0.89 SC
70.034 -2360.21 m
70.034 -2287.903 l
S
0.886 0.89 0.894 SC
70.5 -2360.21 m
70.5 -2287.903 l
S
0.89 0.894 0.898 SC
70.967 -2360.21 m
70.967 -2287.903 l
S
0.894 0.898 0.902 SC
71.433 -2360.21 m
71.433 -2287.903 l
S
0.898 0.898 0.902 SC
71.9 -2360.21 m
71.9 -2287.903 l
S
0.898 0.902 0.906 SC
72.366 -2360.21 m
72.366 -2287.903 l
S
0.902 0.906 0.91 SC
72.833 -2360.21 m
72.833 -2287.903 l
S
0.906 0.91 0.914 SC
73.299 -2360.21 m
73.299 -2287.903 l
S
0.91 0.914 0.918 SC
73.766 -2360.21 m
73.766 -2287.903 l
S
0.914 0.918 0.922 SC
74.232 -2360.21 m
74.232 -2287.903 l
S
0.918 0.922 0.922 SC
74.699 -2360.21 m
74.699 -2287.903 l
S
0.922 0.922 0.925 SC
75.165 -2360.21 m
75.165 -2287.903 l
S
0.922 0.925 0.929 SC
75.632 -2360.21 m
75.632 -2287.903 l
S
0.925 0.929 0.933 SC
76.098 -2360.21 m
76.098 -2287.903 l
S
0.929 0.933 0.933 SC
76.565 -2360.21 m
76.565 -2287.903 l
S
0.933 0.937 0.937 SC
77.031 -2360.21 m
77.031 -2287.903 l
S
0.937 0.937 0.941 SC
77.498 -2360.21 m
77.498 -2287.903 l
S
0.941 0.941 0.945 SC
77.964 -2360.21 m
77.964 -2287.903 l
S
0.945 0.945 0.949 SC
78.431 -2360.21 m
78.431 -2287.903 l
S
0.945 0.949 0.949 SC
78.897 -2360.21 m
78.897 -2287.903 l
S
0.949 0.953 0.953 SC
79.364 -2360.21 m
79.364 -2287.903 l
S
0.953 0.957 0.957 SC
79.83 -2360.21 m
79.83 -2287.903 l
S
0.957 0.957 0.961 SC
80.297 -2360.21 m
80.297 -2287.903 l
S
0.961 0.961 0.965 SC
80.763 -2360.21 m
80.763 -2287.903 l
S
0.965 0.965 0.969 SC
81.23 -2360.21 m
81.23 -2287.903 l
S
0.969 0.969 0.969 SC
81.696 -2360.21 m
81.696 -2287.903 l
S
0.973 0.973 0.973 SC
82.163 -2360.21 m
82.163 -2287.903 l
S
0.976 0.976 0.976 SC
82.629 -2360.21 m
82.629 -2287.903 l
S
0.98 0.98 0.984 SC
83.096 -2360.21 m
83.096 -2287.903 l
S
0.988 0.988 0.988 SC
83.562 -2360.21 m
83.562 -2287.903 l
S
0.992 0.992 0.992 SC
84.029 -2360.21 m
84.029 -2287.903 l
S
1 1 1 SC
84.495 -2360.21 m
84.495 -2287.903 l
S
Q
Q
q
1 i 
-9 851 613 -860 re
0 841 m
W n
0.03 841.02 595.02 -841.02 re
W n
/Cs5 cs 0.161 0.145 0.149 sc
/GS1 gs
0.03 841.02 35.4 -6.11 re
f
/Cs5 CS 0.161 0.145 0.149 SC
0 J 0 j 0.3 w 10 M []0 d
28.347 841.076 m
28.347 805.006 l
S
286.3 22.8 22.68 -22.8 re
f
BT
/F1 1 Tf
10 0 0 10 289.2992 7.7671 Tm
1 1 1 sc
-0.0002 Tc
0 Tw
(676)Tj
/F3 1 Tf
7 0 0 7 35.4331 17.5374 Tm
0.161 0.145 0.149 sc
-0.0001 Tc
-0.0306 Tw
[(Swissmedic Jour)-17.9(nal)-1111.9(9/2002)]TJ
/F2 1 Tf
10 0 0 10 85.0394 763.6339 Tm
-0.0336 Tw
[(02)-1044.2(Solian 200)-306(mg, comprimés sécables)]TJ
0 -1.2835 TD
[(03)-1044.2(Solian 100)-306(mg, comprimés sécables)]TJ
T*
[(04)-1044.2(Solian 400)-306(mg, comprimés pelliculés, sécables)]TJ
/F5 1 Tf
0 -1.4174 TD
-0.0306 Tw
[(* Sanofi-Synthélabo \(Suisse\) SA, 11, rue de V)36.7(eyrot, 1217 Meyrin)]TJ
ET
0.4 w 
85.04 715.84 m
552.76 715.84 l
85.04 698.15 m
552.76 698.15 l
S
BT
10 0 0 10 85.0394 703.452 Tm
-0.0002 Tc
0 Tw
[(N°)-247.4(AMM: )]TJ
/F2 1 Tf
4.5038 0 TD
(54212)Tj
/F5 1 Tf
8.2521 0 TD
-0.0001 Tc
-0.0306 Tw
(Mode de vente: )Tj
/F2 1 Tf
7.5194 0 TD
0 Tc
0 Tw
(B)Tj
/F5 1 Tf
5.2365 0 TD
-0.0001 Tc
-0.0306 Tw
[(Index: 01.05.0.)-9563.5(01.09.2002)]TJ
-25.5118 -2.2428 TD
-0.0002 Tc
0 Tw
[(Composition:)-3756.2(02)]TJ
8.3 0 0 8.3 198.4252 681.0239 Tm
-0.0001 Tc
-0.0306 Tw
[(AMISULPRIDUM 200)-278.1(mg, EXCIPIENS pro COMPRESSO.)]TJ
10 0 0 10 184.252 666.8502 Tm
-0.0002 Tc
0 Tw
(03)Tj
8.3 0 0 8.3 198.4252 666.8502 Tm
-0.0001 Tc
-0.0306 Tw
[(AMISULPRIDUM 100)-278.1(mg, EXCIPIENS pro COMPRESSO.)]TJ
10 0 0 10 184.252 652.6766 Tm
-0.0002 Tc
0 Tw
(04)Tj
8.3 0 0 8.3 198.4252 652.6766 Tm
-0.0001 Tc
-0.0306 Tw
[(AMISULPRIDUM 400)-278.1(mg, EXCIPIENS pro COMPRESSO OBDUCTO.)]TJ
10 0 0 10 85.0394 638.503 Tm
-0.0002 Tc
0 Tw
[(Indication:)-6395.4(Neuroleptique)]TJ
0 -1.4174 TD
-0.0001 Tc
[(Conditionnements:)-1033.7(02)-305.6(011)-7141.8(3)0.1(0)-567(comprimés)-8551.5(B)]TJ
11.3386 -1.4174 TD
[(038)-7141.8(9)0.1(0)-567(comprimés)-8551.5(B)]TJ
-1.4173 -1.4174 TD
[(03)-305.6(046)-7141.8(3)0.1(0)-567(comprimés)-8551.5(B)]TJ
1.4173 -1.4174 TD
[(054)-7141.8(9)0.1(0)-567(comprimés)-8551.5(B)]TJ
-1.4173 -1.4174 TD
[(04)-305.6(062)-7141.8(3)0.1(0)-567(comprimés)-8551.5(B)]TJ
1.4173 -1.4174 TD
[(070)-7141.8(9)0.1(0)-567(comprimés)-8551.5(B)]TJ
-11.3386 -1.4174 TD
-0.0102 Tw
[(* )20.4(Remarques:)-5090.7(Cette attestation d’enregistrement annule celle du 30.11.1999 \(Changement)]TJ
11.3386 -1.1339 TD
-0.0306 Tw
(de titulaire de l’AMM\))Tj
-11.3386 -1.4174 TD
-0.0488 Tc
0 Tw
(Va)Tj
1.174 0 TD
-0.0001 Tc
-0.0306 Tw
[(lable jusqu’au:)-3417.3(31 décembre 2003)]TJ
ET
85.04 505.36 m
552.76 505.36 l
S
BT
/F2 1 Tf
10 0 0 10 85.0394 469.3655 Tm
-0.0336 Tw
[(01)-1044.2(Stilnox, comprimés pelliculés sécables)]TJ
/F5 1 Tf
0 -1.4174 TD
-0.0306 Tw
[(* Sanofi-Synthélabo \(Suisse\) SA, 11, rue de V)36.7(eyrot, 1217 Meyrin)]TJ
ET
85.04 447.24 m
552.76 447.24 l
85.04 429.55 m
552.76 429.55 l
S
BT
10 0 0 10 85.0394 434.8529 Tm
-0.0002 Tc
0 Tw
[(N°)-247.4(AMM: )]TJ
/F2 1 Tf
4.5038 0 TD
(49106)Tj
/F5 1 Tf
8.2521 0 TD
-0.0001 Tc
-0.0306 Tw
(Mode de vente: )Tj
/F2 1 Tf
7.5194 0 TD
0 Tc
0 Tw
(B)Tj
/F5 1 Tf
5.2365 0 TD
-0.0001 Tc
-0.0306 Tw
[(Index: 01.03.1.)-9563.5(01.09.2002)]TJ
-25.5118 -2.2428 TD
-0.0002 Tc
0 Tw
[(Composition:)-3756.2(01)]TJ
8.3 0 0 8.3 198.4252 412.4246 Tm
-0.0001 Tc
-0.0306 Tw
[(ZOLPIDEMI T)54.7(A)0.2(R)17.7(TRAS 10)-278.1(mg, EXCIPIENS pro COMPRESSO OBDUCTO.)]TJ
10 0 0 10 85.0394 398.2511 Tm
-0.0002 Tc
0 Tw
[(Indication:)-6395.4(Hypnotique)]TJ
0 -1.4174 TD
-0.0001 Tc
[(Conditionnements:)-1033.7(01)-305.6(017)-7141.8(3)0.1(0)-567(comprimés)-8551.5(B)]TJ
11.3386 -1.4174 TD
[(025)-7141.8(1)0.1(0)-567(comprimés)-8551.5(B)]TJ
-11.3386 -1.4174 TD
-0.0102 Tw
[(* )20.4(Remarques:)-5090.7(Cette attestation d’enregistrement annule celle du 14.12.2001 \(Changement)]TJ
11.3386 -1.1339 TD
-0.0306 Tw
(de titulaire de l’AMM\))Tj
-11.3386 -1.4174 TD
-0.0488 Tc
0 Tw
(Va)Tj
1.174 0 TD
-0.0001 Tc
-0.0306 Tw
[(lable jusqu’au:)-3417.3(31 décembre 2005)]TJ
ET
85.04 321.8 m
552.76 321.8 l
S
BT
/F2 1 Tf
10 0 0 10 85.0394 285.8082 Tm
-0.0337 Tw
[(01)-1044.2(Sulfarlem S 25, Dragées)]TJ
/F5 1 Tf
0 -1.4174 TD
-0.0306 Tw
(Solvay Pharma AG, Untermattweg 8, 3027 Bern)Tj
ET
85.04 263.68 m
552.76 263.68 l
85.04 245.99 m
552.76 245.99 l
S
BT
10 0 0 10 85.0394 251.2955 Tm
-0.0002 Tc
0 Tw
[(Zul.-Nr)91.6(.: )]TJ
/F2 1 Tf
3.8771 0 TD
(37234)Tj
/F5 1 Tf
8.8788 0 TD
0 Tc
(V)Tj
0.6301 0 TD
-0.0001 Tc
(erkaufsart: )Tj
/F2 1 Tf
5.3041 0 TD
0 Tc
(C)Tj
/F5 1 Tf
6.8216 0 TD
-0.0001 Tc
-0.0306 Tw
[(Index: 04.99.0.)-9563.5(17.09.2002)]TJ
-25.5118 -2.2428 TD
0 Tw
[(Zusammensetzung:)-921.1(01)]TJ
8.3 0 0 8.3 198.4252 228.8674 Tm
-0.0306 Tw
[(ANETHOL)54.7(TRITHIONUM 25)-278.1(mg, COLOR.: E)-278.1(110, E)-278.1(124, EXCIPIENS pro COMPRESSO OBDUCTO.)]TJ
10 0 0 10 85.0394 214.6938 Tm
[(Anwendung:)-5285.2(Zur Anregung der Speichelsekretion)]TJ
0 -1.4174 TD
-0.0002 Tc
0 Tw
[(Packung:)-5699.5(01)-305.7(028)-7141.9(6)0(0)-567.1(Dragées)-9828.2(C)]TJ
T*
-0.0001 Tc
-0.0306 Tw
[(* Gültig bis:)-5844.6(16. September 2007)]TJ
ET
85.04 177.93 m
552.76 177.93 l
S
Q

q
1 i 
-9 851 613 -860 re
0 841 m
W n
0.03 841.02 595.02 -841.02 re
W n
BT
/F4 1 Tf
12.5 0 0 12.5 285.8058 811.7825 Tm
/Cs5 cs 0.161 0.145 0.149 sc
/GS1 gs
-0.0001 Tc
-0.0286 Tw
[(Arzneimittel Statistik)-130(/)-129.9(M)0.1(édicaments miscellanées)]TJ
ET
/Cs5 CS 0.161 0.145 0.149 SC
0 J 0 j 0.3 w 10 M []0 d
42.8 805.15 m
567.2 805.15 l
S
Q
q
1 i 
361.69 850.5 198.43 -24.09 re
560.097 811.782 m
W* n
-9 851 613 -860 re
0 841 m
W n
0.03 841.02 595.02 -841.02 re
W n
q
2.7718 0 0 -0.3608 0 0 cm
/Cs5 CS 1 1 1 SC
0 J 0 j 0.5 w 10 M []0 d
/GS1 gs
130.36 -2360.21 m
130.36 -2287.903 l
S
0.992 0.992 0.992 SC
130.827 -2360.21 m
130.827 -2287.903 l
S
0.988 0.988 0.988 SC
131.293 -2360.21 m
131.293 -2287.903 l
S
0.98 0.98 0.984 SC
131.76 -2360.21 m
131.76 -2287.903 l
S
0.976 0.976 0.976 SC
132.226 -2360.21 m
132.226 -2287.903 l
S
0.973 0.973 0.973 SC
132.693 -2360.21 m
132.693 -2287.903 l
S
0.969 0.969 0.969 SC
133.159 -2360.21 m
133.159 -2287.903 l
S
0.965 0.965 0.969 SC
133.626 -2360.21 m
133.626 -2287.903 l
S
0.961 0.961 0.965 SC
134.092 -2360.21 m
134.092 -2287.903 l
S
0.957 0.957 0.961 SC
134.559 -2360.21 m
134.559 -2287.903 l
S
0.953 0.957 0.957 SC
135.025 -2360.21 m
135.025 -2287.903 l
S
0.949 0.953 0.953 SC
135.492 -2360.21 m
135.492 -2287.903 l
S
0.945 0.949 0.949 SC
135.958 -2360.21 m
135.958 -2287.903 l
S
0.945 0.945 0.949 SC
136.425 -2360.21 m
136.425 -2287.903 l
S
0.941 0.941 0.945 SC
136.891 -2360.21 m
136.891 -2287.903 l
S
0.937 0.937 0.941 SC
137.358 -2360.21 m
137.358 -2287.903 l
S
0.933 0.937 0.937 SC
137.824 -2360.21 m
137.824 -2287.903 l
S
0.929 0.933 0.933 SC
138.291 -2360.21 m
138.291 -2287.903 l
S
0.925 0.929 0.933 SC
138.757 -2360.21 m
138.757 -2287.903 l
S
0.922 0.925 0.929 SC
139.224 -2360.21 m
139.224 -2287.903 l
S
0.922 0.922 0.925 SC
139.69 -2360.21 m
139.69 -2287.903 l
S
0.918 0.922 0.922 SC
140.157 -2360.21 m
140.157 -2287.903 l
S
0.914 0.918 0.922 SC
140.623 -2360.21 m
140.623 -2287.903 l
S
0.91 0.914 0.918 SC
141.09 -2360.21 m
141.09 -2287.903 l
S
0.906 0.91 0.914 SC
141.556 -2360.21 m
141.556 -2287.903 l
S
0.902 0.906 0.91 SC
142.023 -2360.21 m
142.023 -2287.903 l
S
0.898 0.902 0.906 SC
142.489 -2360.21 m
142.489 -2287.903 l
S
0.898 0.898 0.902 SC
142.956 -2360.21 m
142.956 -2287.903 l
S
0.894 0.898 0.902 SC
143.422 -2360.21 m
143.422 -2287.903 l
S
0.89 0.894 0.898 SC
143.889 -2360.21 m
143.889 -2287.903 l
S
0.886 0.89 0.894 SC
144.355 -2360.21 m
144.355 -2287.903 l
S
0.882 0.886 0.89 SC
144.822 -2360.21 m
144.822 -2287.903 l
S
0.878 0.882 0.89 SC
145.288 -2360.21 m
145.288 -2287.903 l
S
0.875 0.882 0.886 SC
145.755 -2360.21 m
145.755 -2287.903 l
S
0.875 0.878 0.882 SC
146.221 -2360.21 m
146.221 -2287.903 l
S
0.871 0.875 0.878 SC
146.688 -2360.21 m
146.688 -2287.903 l
S
0.867 0.871 0.875 SC
147.154 -2360.21 m
147.154 -2287.903 l
S
0.863 0.867 0.875 SC
147.621 -2360.21 m
147.621 -2287.903 l
S
0.859 0.863 0.871 SC
148.087 -2360.21 m
148.087 -2287.903 l
S
0.855 0.863 0.867 SC
148.554 -2360.21 m
148.554 -2287.903 l
S
0.855 0.859 0.863 SC
149.02 -2360.21 m
149.02 -2287.903 l
S
0.851 0.855 0.859 SC
149.487 -2360.21 m
149.487 -2287.903 l
S
0.847 0.851 0.859 SC
149.953 -2360.21 m
149.953 -2287.903 l
S
0.843 0.847 0.855 SC
150.42 -2360.21 m
150.42 -2287.903 l
S
0.839 0.847 0.851 SC
150.886 -2360.21 m
150.886 -2287.903 l
S
0.835 0.843 0.847 SC
151.353 -2360.21 m
151.353 -2287.903 l
S
0.835 0.839 0.843 SC
151.819 -2360.21 m
151.819 -2287.903 l
S
0.831 0.835 0.843 SC
152.286 -2360.21 m
152.286 -2287.903 l
S
0.827 0.831 0.839 SC
152.752 -2360.21 m
152.752 -2287.903 l
S
0.824 0.831 0.835 SC
153.219 -2360.21 m
153.219 -2287.903 l
S
0.82 0.827 0.831 SC
153.685 -2360.21 m
153.685 -2287.903 l
S
0.816 0.824 0.831 SC
154.152 -2360.21 m
154.152 -2287.903 l
S
0.816 0.82 0.827 SC
154.618 -2360.21 m
154.618 -2287.903 l
S
0.812 0.816 0.824 SC
155.085 -2360.21 m
155.085 -2287.903 l
S
0.808 0.812 0.82 SC
155.551 -2360.21 m
155.551 -2287.903 l
S
0.804 0.812 0.816 SC
156.018 -2360.21 m
156.018 -2287.903 l
S
0.8 0.808 0.816 SC
156.484 -2360.21 m
156.484 -2287.903 l
S
0.796 0.804 0.812 SC
156.951 -2360.21 m
156.951 -2287.903 l
S
0.796 0.8 0.808 SC
157.417 -2360.21 m
157.417 -2287.903 l
S
0.792 0.796 0.804 SC
157.884 -2360.21 m
157.884 -2287.903 l
S
0.788 0.796 0.8 SC
158.35 -2360.21 m
158.35 -2287.903 l
S
0.784 0.792 0.8 SC
158.817 -2360.21 m
158.817 -2287.903 l
S
0.78 0.788 0.796 SC
159.283 -2360.21 m
159.283 -2287.903 l
S
0.776 0.784 0.792 SC
159.75 -2360.21 m
159.75 -2287.903 l
S
0.776 0.78 0.788 SC
160.216 -2360.21 m
160.216 -2287.903 l
S
0.773 0.776 0.784 SC
160.683 -2360.21 m
160.683 -2287.903 l
S
0.769 0.776 0.784 SC
161.149 -2360.21 m
161.149 -2287.903 l
S
0.765 0.773 0.78 SC
161.616 -2360.21 m
161.616 -2287.903 l
S
0.761 0.769 0.776 SC
162.082 -2360.21 m
162.082 -2287.903 l
S
0.757 0.765 0.773 SC
162.549 -2360.21 m
162.549 -2287.903 l
S
0.753 0.761 0.769 SC
163.015 -2360.21 m
163.015 -2287.903 l
163.482 -2360.21 m
163.482 -2287.903 l
S
0.749 0.757 0.765 SC
163.948 -2360.21 m
163.948 -2287.903 l
S
0.745 0.753 0.761 SC
164.415 -2360.21 m
164.415 -2287.903 l
S
0.741 0.749 0.757 SC
164.881 -2360.21 m
164.881 -2287.903 l
S
0.737 0.745 0.753 SC
165.348 -2360.21 m
165.348 -2287.903 l
S
0.733 0.741 0.753 SC
165.814 -2360.21 m
165.814 -2287.903 l
S
0.733 0.741 0.749 SC
166.281 -2360.21 m
166.281 -2287.903 l
166.747 -2360.21 m
166.747 -2287.903 l
S
0.729 0.737 0.745 SC
167.214 -2360.21 m
167.214 -2287.903 l
S
0.725 0.733 0.741 SC
167.68 -2360.21 m
167.68 -2287.903 l
S
0.722 0.729 0.737 SC
168.147 -2360.21 m
168.147 -2287.903 l
S
0.718 0.725 0.737 SC
168.613 -2360.21 m
168.613 -2287.903 l
S
0.714 0.722 0.733 SC
169.08 -2360.21 m
169.08 -2287.903 l
S
0.714 0.722 0.729 SC
169.546 -2360.21 m
169.546 -2287.903 l
S
0.71 0.718 0.725 SC
170.013 -2360.21 m
170.013 -2287.903 l
S
0.706 0.714 0.722 SC
170.479 -2360.21 m
170.479 -2287.903 l
S
0.702 0.71 0.722 SC
170.946 -2360.21 m
170.946 -2287.903 l
S
0.698 0.706 0.718 SC
171.412 -2360.21 m
171.412 -2287.903 l
S
0.698 0.706 0.714 SC
171.879 -2360.21 m
171.879 -2287.903 l
S
0.694 0.702 0.71 SC
172.345 -2360.21 m
172.345 -2287.903 l
S
0.69 0.698 0.706 SC
172.812 -2360.21 m
172.812 -2287.903 l
S
0.686 0.694 0.706 SC
173.278 -2360.21 m
173.278 -2287.903 l
S
0.682 0.69 0.702 SC
173.745 -2360.21 m
173.745 -2287.903 l
S
0.682 0.69 0.698 SC
174.211 -2360.21 m
174.211 -2287.903 l
S
0.678 0.686 0.694 SC
174.678 -2360.21 m
174.678 -2287.903 l
S
0.675 0.682 0.69 SC
175.144 -2360.21 m
175.144 -2287.903 l
S
0.671 0.678 0.69 SC
175.611 -2360.21 m
175.611 -2287.903 l
S
0.667 0.675 0.686 SC
176.077 -2360.21 m
176.077 -2287.903 l
S
0.663 0.675 0.682 SC
176.544 -2360.21 m
176.544 -2287.903 l
S
0.663 0.671 0.678 SC
177.01 -2360.21 m
177.01 -2287.903 l
S
0.659 0.667 0.678 SC
177.477 -2360.21 m
177.477 -2287.903 l
S
0.655 0.663 0.675 SC
177.943 -2360.21 m
177.943 -2287.903 l
S
0.651 0.659 0.671 SC
178.41 -2360.21 m
178.41 -2287.903 l
S
0.651 0.659 0.667 SC
178.876 -2360.21 m
178.876 -2287.903 l
S
0.647 0.655 0.663 SC
179.343 -2360.21 m
179.343 -2287.903 l
S
0.643 0.651 0.663 SC
179.809 -2360.21 m
179.809 -2287.903 l
S
0.639 0.647 0.659 SC
180.276 -2360.21 m
180.276 -2287.903 l
S
0.635 0.643 0.655 SC
180.742 -2360.21 m
180.742 -2287.903 l
S
0.635 0.643 0.651 SC
181.209 -2360.21 m
181.209 -2287.903 l
S
0.631 0.639 0.647 SC
181.675 -2360.21 m
181.675 -2287.903 l
S
0.627 0.635 0.647 SC
182.142 -2360.21 m
182.142 -2287.903 l
S
0.624 0.631 0.643 SC
182.608 -2360.21 m
182.608 -2287.903 l
S
0.62 0.631 0.639 SC
183.075 -2360.21 m
183.075 -2287.903 l
S
0.62 0.627 0.635 SC
183.541 -2360.21 m
183.541 -2287.903 l
S
0.616 0.624 0.635 SC
184.008 -2360.21 m
184.008 -2287.903 l
S
0.612 0.62 0.631 SC
184.474 -2360.21 m
184.474 -2287.903 l
S
0.608 0.616 0.627 SC
184.941 -2360.21 m
184.941 -2287.903 l
S
0.608 0.616 0.624 SC
185.407 -2360.21 m
185.407 -2287.903 l
S
0.604 0.612 0.624 SC
185.874 -2360.21 m
185.874 -2287.903 l
S
0.6 0.608 0.62 SC
186.34 -2360.21 m
186.34 -2287.903 l
S
0.596 0.604 0.616 SC
186.806 -2360.21 m
186.806 -2287.903 l
S
0.596 0.604 0.612 SC
187.273 -2360.21 m
187.273 -2287.903 l
S
0.592 0.6 0.608 SC
187.739 -2360.21 m
187.739 -2287.903 l
S
0.588 0.596 0.608 SC
188.206 -2360.21 m
188.206 -2287.903 l
S
0.584 0.592 0.604 SC
188.672 -2360.21 m
188.672 -2287.903 l
S
0.584 0.592 0.6 SC
189.139 -2360.21 m
189.139 -2287.903 l
S
0.58 0.588 0.596 SC
189.605 -2360.21 m
189.605 -2287.903 l
S
0.576 0.584 0.596 SC
190.072 -2360.21 m
190.072 -2287.903 l
S
0.573 0.58 0.592 SC
190.538 -2360.21 m
190.538 -2287.903 l
S
0.573 0.58 0.588 SC
191.005 -2360.21 m
191.005 -2287.903 l
S
0.569 0.576 0.588 SC
191.471 -2360.21 m
191.471 -2287.903 l
S
0.565 0.573 0.584 SC
191.938 -2360.21 m
191.938 -2287.903 l
S
0.561 0.569 0.58 SC
192.404 -2360.21 m
192.404 -2287.903 l
S
0.561 0.569 0.576 SC
192.871 -2360.21 m
192.871 -2287.903 l
S
0.557 0.565 0.576 SC
193.337 -2360.21 m
193.337 -2287.903 l
S
0.553 0.561 0.573 SC
193.804 -2360.21 m
193.804 -2287.903 l
S
0.549 0.557 0.569 SC
194.27 -2360.21 m
194.27 -2287.903 l
S
0.549 0.557 0.565 SC
194.737 -2360.21 m
194.737 -2287.903 l
S
0.545 0.553 0.565 SC
195.203 -2360.21 m
195.203 -2287.903 l
S
0.541 0.549 0.561 SC
195.67 -2360.21 m
195.67 -2287.903 l
S
0.537 0.545 0.557 SC
196.136 -2360.21 m
196.136 -2287.903 l
S
0.537 0.545 0.553 SC
196.603 -2360.21 m
196.603 -2287.903 l
S
0.533 0.541 0.553 SC
197.069 -2360.21 m
197.069 -2287.903 l
S
0.529 0.537 0.549 SC
197.536 -2360.21 m
197.536 -2287.903 l
S
0.529 0.533 0.545 SC
198.002 -2360.21 m
198.002 -2287.903 l
S
0.525 0.533 0.541 SC
198.469 -2360.21 m
198.469 -2287.903 l
S
0.522 0.529 0.541 SC
198.935 -2360.21 m
198.935 -2287.903 l
S
0.518 0.525 0.537 SC
199.402 -2360.21 m
199.402 -2287.903 l
S
0.518 0.525 0.533 SC
199.868 -2360.21 m
199.868 -2287.903 l
S
0.514 0.522 0.529 SC
200.335 -2360.21 m
200.335 -2287.903 l
S
0.51 0.518 0.529 SC
200.801 -2360.21 m
200.801 -2287.903 l
S
0.51 0.514 0.525 SC
201.268 -2360.21 m
201.268 -2287.903 l
S
0.506 0.514 0.522 SC
201.734 -2360.21 m
201.734 -2287.903 l
S
0.502 0.51 0.518 SC
202.201 -2360.21 m
202.201 -2287.903 l
S
Q
Q
q
1 i 
-9 851 613 -860 re
0 841 m
W n
0.03 841.02 595.02 -841.02 re
W n
/Cs5 cs 0.161 0.145 0.149 sc
/GS1 gs
560.12 841.02 34.93 -6.11 re
f
/Cs5 CS 0.161 0.145 0.149 SC
0 J 0 j 0.3 w 10 M []0 d
567.202 840.678 m
567.202 804.948 l
S
286.57 22.8 22.68 -22.8 re
f
BT
/F1 1 Tf
10 0 0 10 289.5747 7.7671 Tm
1 1 1 sc
-0.0002 Tc
0 Tw
(677)Tj
/F3 1 Tf
7 0 0 7 473.8676 17.5374 Tm
0.161 0.145 0.149 sc
-0.0001 Tc
-0.0306 Tw
[(Swissmedic Jour)-17.9(nal)-1111.9(9/2002)]TJ
/F2 1 Tf
10 0 0 10 42.7953 763.6339 Tm
-0.0336 Tw
[(01)-1044.2(Tiapridal, comprimés)]TJ
/F5 1 Tf
0 -1.4174 TD
-0.0306 Tw
[(* Sanofi-Synthélabo \(Suisse\) SA, 11, rue de V)36.7(eyrot, 1217 Meyrin)]TJ
ET
0.4 w 
42.8 741.51 m
510.51 741.51 l
42.8 723.82 m
510.51 723.82 l
S
BT
10 0 0 10 42.7953 729.1213 Tm
-0.0002 Tc
0 Tw
[(N°)-247.4(AMM: )]TJ
/F2 1 Tf
4.5038 0 TD
(39220)Tj
/F5 1 Tf
8.2521 0 TD
-0.0001 Tc
-0.0306 Tw
(Mode de vente: )Tj
/F2 1 Tf
7.5194 0 TD
0 Tc
0 Tw
(B)Tj
/F5 1 Tf
5.2365 0 TD
-0.0001 Tc
-0.0306 Tw
[(Index: 01.08.0.)-9563.5(01.09.2002)]TJ
-25.5118 -2.2428 TD
-0.0002 Tc
0 Tw
[(Composition:)-3756.2(01)]TJ
8.3 0 0 8.3 156.1811 706.6931 Tm
-0.0001 Tc
-0.0306 Tw
[(TIAPRIDUM 100)-278.1(mg ut TIAPRIDI HYDROCHLORIDUM, EXCIPIENS pro COMPRESSO.)]TJ
10 0 0 10 42.7953 692.5195 Tm
[(Indication:)-6395.3(Antidyskinétique \(antidopaminergique\))]TJ
0 -1.4174 TD
0 Tw
[(Conditionnements:)-1033.7(01)-305.6(016)-7141.8(2)0.1(0)-567(comprimés)-8551.5(B)]TJ
11.3386 -1.4174 TD
[(032)-7141.8(5)0.1(0)-567(comprimés)-8551.5(B)]TJ
-11.3386 -1.4174 TD
-0.0101 Tw
[(* )20.5(Remarques:)-5090.7(Cette attestation d’enregistrement annule celle du 07.12.2000 \(Changement)]TJ
11.3386 -1.1339 TD
-0.0002 Tc
-0.0305 Tw
(de titulaire de l’AMM\))Tj
-11.3386 -1.4174 TD
-0.0488 Tc
0 Tw
(Va)Tj
1.174 0 TD
-0.0001 Tc
-0.0306 Tw
[(lable jusqu’au:)-3417.3(31 décembre 2005)]TJ
ET
42.8 616.07 m
510.51 616.07 l
S
BT
/F2 1 Tf
10 0 0 10 42.7953 580.0765 Tm
-0.0336 Tw
[(01)-1044.2(Tildiem 200)-306(mg, gélules à libération pr)17.7(olongée)]TJ
0 -1.2835 TD
[(02)-1044.2(Tildiem 300)-306(mg, gélules à libération pr)17.7(olongée)]TJ
/F5 1 Tf
0 -1.4174 TD
-0.0306 Tw
[(* Sanofi-Synthélabo \(Suisse\) SA, 11, rue de V)36.7(eyrot, 1217 Meyrin)]TJ
ET
42.8 545.12 m
510.51 545.12 l
42.8 527.43 m
510.51 527.43 l
S
BT
10 0 0 10 42.7953 532.7293 Tm
-0.0002 Tc
0 Tw
[(N°)-247.4(AMM: )]TJ
/F2 1 Tf
4.5038 0 TD
(53025)Tj
/F5 1 Tf
8.2521 0 TD
-0.0001 Tc
-0.0306 Tw
(Mode de vente: )Tj
/F2 1 Tf
7.5194 0 TD
0 Tc
0 Tw
(B)Tj
/F5 1 Tf
5.2365 0 TD
-0.0001 Tc
-0.0306 Tw
[(Index: 02.06.1.)-9563.5(01.09.2002)]TJ
-25.5118 -2.2428 TD
-0.0002 Tc
0 Tw
[(Composition:)-3756.2(01)]TJ
8.3 0 0 8.3 156.1811 510.3011 Tm
-0.0001 Tc
-0.0306 Tw
[(DIL)54.7(TIAZEMI HYDROCHLORIDUM 200)-278.1(mg, EXCIPIENS pro CAPSULA.)]TJ
10 0 0 10 142.0079 496.1275 Tm
-0.0002 Tc
0 Tw
(02)Tj
8.3 0 0 8.3 156.1811 496.1275 Tm
-0.0001 Tc
-0.0306 Tw
[(DIL)54.7(TIAZEMI HYDROCHLORIDUM 300)-278.1(mg, EXCIPIENS pro CAPSULA.)]TJ
10 0 0 10 42.7953 481.9539 Tm
[(Indication:)-6395.3(Antagoniste du calcium)]TJ
0 -1.4174 TD
0 Tw
[(Conditionnements:)-1033.7(01)-305.6(013)-7141.8(2)0.1(8)-567(gélules)-10328.3(B)]TJ
11.3386 -1.4174 TD
-0.0002 Tc
[(048)-7141.9(9)0(8)-567.1(gélules)-10328.4(B)]TJ
-1.4173 -1.4174 TD
[(02)-305.7(021)-7141.9(2)0(8)-567.1(gélules)-10328.4(B)]TJ
1.4173 -1.4174 TD
[(056)-7141.9(9)0(8)-567.1(gélules)-10328.4(B)]TJ
-11.3386 -1.4174 TD
-0.0001 Tc
-0.0101 Tw
[(* )20.5(Remarques:)-5090.7(Cette attestation d’enregistrement annule celle du 28.10.1999 \(Changement)]TJ
11.3386 -1.1339 TD
-0.0002 Tc
-0.0305 Tw
(de titulaire de l’AMM\))Tj
-11.3386 -1.4174 TD
-0.0488 Tc
0 Tw
(Va)Tj
1.174 0 TD
-0.0001 Tc
-0.0306 Tw
[(lable jusqu’au:)-3417.3(31 décembre 2004)]TJ
ET
42.8 377.16 m
510.51 377.16 l
S
BT
/F2 1 Tf
10 0 0 10 42.7953 341.1637 Tm
-0.0336 Tw
[(01)-1044.2(Uriconorm 100)-306(mg, T)98.8(abletten)]TJ
0 -1.2835 TD
[(02)-1044.2(Uriconorm 300)-306(mg, T)98.8(abletten)]TJ
/F5 1 Tf
0 -1.4174 TD
-0.0306 Tw
(G. Streuli & Co. AG, Bahnhofstrasse 7, 8730 Uznach)Tj
ET
42.8 306.21 m
510.51 306.21 l
42.8 288.51 m
510.51 288.51 l
S
BT
10 0 0 10 42.7953 293.8164 Tm
-0.0002 Tc
0 Tw
[(Zul.-Nr)91.6(.: )]TJ
/F2 1 Tf
3.8772 0 TD
(39981)Tj
/F5 1 Tf
8.8787 0 TD
0 Tc
(V)Tj
0.6301 0 TD
-0.0001 Tc
(erkaufsart: )Tj
/F2 1 Tf
5.3042 0 TD
0 Tc
(B)Tj
/F5 1 Tf
6.8216 0 TD
-0.0001 Tc
-0.0306 Tw
[(Index: 07.11.3.)-9563.5(25.09.2002)]TJ
-25.5118 -2.2428 TD
0 Tw
[(Zusammensetzung:)-921.1(01)]TJ
8.3 0 0 8.3 156.1811 271.3882 Tm
-0.0306 Tw
[(ALLOPURINOLUM 100)-278.1(mg, EXCIPIENS pro COMPRESSO.)]TJ
10 0 0 10 142.0079 257.2147 Tm
-0.0002 Tc
0 Tw
(02)Tj
8.3 0 0 8.3 156.1811 257.2147 Tm
-0.0001 Tc
-0.0306 Tw
[(ALLOPURINOLUM 300)-278.1(mg, EXCIPIENS pro COMPRESSO.)]TJ
10 0 0 10 42.7953 243.0411 Tm
0 Tw
[(Anwendung:)-5285.2(Urikostaticum)]TJ
0 -1.4174 TD
[(Packungen:)-4532.7(01)-305.6(025)-7141.8(5)0.1(0)-567(T)74(abletten)-9179.4(B)]TJ
9.9213 -1.4174 TD
[(02)-305.6(068)-7141.8(3)0.1(0)-567(T)74(abletten)-9179.4(B)]TJ
1.4173 -1.4174 TD
[(092)-6585.9(1)0.1(00)-567.1(T)74(abletten)-9179.4(B)]TJ
-11.3386 -1.4174 TD
-0.0306 Tw
[(* Gültig bis:)-5844.6(24. September 2007)]TJ
ET
42.8 177.93 m
510.51 177.93 l
S
Q

q
1 i 
-9 851 613 -860 re
0 841 m
W n
0.03 841.02 595.02 -841.02 re
W n
BT
/F4 1 Tf
12.5 0 0 12.5 34.4488 811.7822 Tm
/Cs5 cs 0.161 0.145 0.149 sc
/GS1 gs
-0.0001 Tc
-0.0286 Tw
[(Arzneimittel Statistik)-130(/)-129.9(M)0.1(édicaments miscellanées)]TJ
ET
/Cs5 CS 0.161 0.145 0.149 SC
0 J 0 j 0.3 w 10 M []0 d
28.35 805.15 m
552.76 805.15 l
S
Q
q
1 i 
35.43 850.5 198.43 -24.09 re
308.74 811.782 m
W* n
-9 851 613 -860 re
0 841 m
W n
0.03 841.02 595.02 -841.02 re
W n
q
2.7718 0 0 -0.3608 0 0 cm
/Cs5 CS 0.502 0.51 0.518 SC
0 J 0 j 0.5 w 10 M []0 d
/GS1 gs
12.655 -2360.21 m
12.655 -2287.903 l
S
0.506 0.514 0.522 SC
13.121 -2360.21 m
13.121 -2287.903 l
S
0.51 0.514 0.525 SC
13.588 -2360.21 m
13.588 -2287.903 l
S
0.51 0.518 0.529 SC
14.054 -2360.21 m
14.054 -2287.903 l
S
0.514 0.522 0.529 SC
14.521 -2360.21 m
14.521 -2287.903 l
S
0.518 0.525 0.533 SC
14.987 -2360.21 m
14.987 -2287.903 l
S
0.518 0.525 0.537 SC
15.454 -2360.21 m
15.454 -2287.903 l
S
0.522 0.529 0.541 SC
15.92 -2360.21 m
15.92 -2287.903 l
S
0.525 0.533 0.541 SC
16.387 -2360.21 m
16.387 -2287.903 l
S
0.529 0.533 0.545 SC
16.853 -2360.21 m
16.853 -2287.903 l
S
0.529 0.537 0.549 SC
17.32 -2360.21 m
17.32 -2287.903 l
S
0.533 0.541 0.553 SC
17.786 -2360.21 m
17.786 -2287.903 l
S
0.537 0.545 0.553 SC
18.253 -2360.21 m
18.253 -2287.903 l
S
0.537 0.545 0.557 SC
18.719 -2360.21 m
18.719 -2287.903 l
S
0.541 0.549 0.561 SC
19.186 -2360.21 m
19.186 -2287.903 l
S
0.545 0.553 0.565 SC
19.652 -2360.21 m
19.652 -2287.903 l
S
0.549 0.557 0.565 SC
20.119 -2360.21 m
20.119 -2287.903 l
S
0.549 0.557 0.569 SC
20.585 -2360.21 m
20.585 -2287.903 l
S
0.553 0.561 0.573 SC
21.052 -2360.21 m
21.052 -2287.903 l
S
0.557 0.565 0.576 SC
21.518 -2360.21 m
21.518 -2287.903 l
S
0.561 0.569 0.576 SC
21.985 -2360.21 m
21.985 -2287.903 l
S
0.561 0.569 0.58 SC
22.451 -2360.21 m
22.451 -2287.903 l
S
0.565 0.573 0.584 SC
22.918 -2360.21 m
22.918 -2287.903 l
S
0.569 0.576 0.588 SC
23.384 -2360.21 m
23.384 -2287.903 l
S
0.573 0.58 0.588 SC
23.851 -2360.21 m
23.851 -2287.903 l
S
0.573 0.58 0.592 SC
24.317 -2360.21 m
24.317 -2287.903 l
S
0.576 0.584 0.596 SC
24.784 -2360.21 m
24.784 -2287.903 l
S
0.58 0.588 0.596 SC
25.25 -2360.21 m
25.25 -2287.903 l
S
0.584 0.592 0.6 SC
25.717 -2360.21 m
25.717 -2287.903 l
S
0.584 0.592 0.604 SC
26.183 -2360.21 m
26.183 -2287.903 l
S
0.588 0.596 0.608 SC
26.65 -2360.21 m
26.65 -2287.903 l
S
0.592 0.6 0.608 SC
27.116 -2360.21 m
27.116 -2287.903 l
S
0.596 0.604 0.612 SC
27.583 -2360.21 m
27.583 -2287.903 l
S
0.596 0.604 0.616 SC
28.049 -2360.21 m
28.049 -2287.903 l
S
0.6 0.608 0.62 SC
28.516 -2360.21 m
28.516 -2287.903 l
S
0.604 0.612 0.624 SC
28.982 -2360.21 m
28.982 -2287.903 l
S
0.608 0.616 0.624 SC
29.449 -2360.21 m
29.449 -2287.903 l
S
0.608 0.616 0.627 SC
29.915 -2360.21 m
29.915 -2287.903 l
S
0.612 0.62 0.631 SC
30.382 -2360.21 m
30.382 -2287.903 l
S
0.616 0.624 0.635 SC
30.848 -2360.21 m
30.848 -2287.903 l
S
0.62 0.627 0.635 SC
31.315 -2360.21 m
31.315 -2287.903 l
S
0.62 0.631 0.639 SC
31.781 -2360.21 m
31.781 -2287.903 l
S
0.624 0.631 0.643 SC
32.248 -2360.21 m
32.248 -2287.903 l
S
0.627 0.635 0.647 SC
32.714 -2360.21 m
32.714 -2287.903 l
S
0.631 0.639 0.647 SC
33.181 -2360.21 m
33.181 -2287.903 l
S
0.635 0.643 0.651 SC
33.647 -2360.21 m
33.647 -2287.903 l
S
0.635 0.643 0.655 SC
34.113 -2360.21 m
34.113 -2287.903 l
S
0.639 0.647 0.659 SC
34.58 -2360.21 m
34.58 -2287.903 l
S
0.643 0.651 0.663 SC
35.046 -2360.21 m
35.046 -2287.903 l
S
0.647 0.655 0.663 SC
35.513 -2360.21 m
35.513 -2287.903 l
S
0.651 0.659 0.667 SC
35.979 -2360.21 m
35.979 -2287.903 l
S
0.651 0.659 0.671 SC
36.446 -2360.21 m
36.446 -2287.903 l
S
0.655 0.663 0.675 SC
36.912 -2360.21 m
36.912 -2287.903 l
S
0.659 0.667 0.678 SC
37.379 -2360.21 m
37.379 -2287.903 l
S
0.663 0.671 0.678 SC
37.845 -2360.21 m
37.845 -2287.903 l
S
0.663 0.675 0.682 SC
38.312 -2360.21 m
38.312 -2287.903 l
S
0.667 0.675 0.686 SC
38.778 -2360.21 m
38.778 -2287.903 l
S
0.671 0.678 0.69 SC
39.245 -2360.21 m
39.245 -2287.903 l
S
0.675 0.682 0.69 SC
39.711 -2360.21 m
39.711 -2287.903 l
S
0.678 0.686 0.694 SC
40.178 -2360.21 m
40.178 -2287.903 l
S
0.682 0.69 0.698 SC
40.644 -2360.21 m
40.644 -2287.903 l
S
0.682 0.69 0.702 SC
41.111 -2360.21 m
41.111 -2287.903 l
S
0.686 0.694 0.706 SC
41.577 -2360.21 m
41.577 -2287.903 l
S
0.69 0.698 0.706 SC
42.044 -2360.21 m
42.044 -2287.903 l
S
0.694 0.702 0.71 SC
42.51 -2360.21 m
42.51 -2287.903 l
S
0.698 0.706 0.714 SC
42.977 -2360.21 m
42.977 -2287.903 l
S
0.698 0.706 0.718 SC
43.443 -2360.21 m
43.443 -2287.903 l
S
0.702 0.71 0.722 SC
43.91 -2360.21 m
43.91 -2287.903 l
S
0.706 0.714 0.722 SC
44.376 -2360.21 m
44.376 -2287.903 l
S
0.71 0.718 0.725 SC
44.843 -2360.21 m
44.843 -2287.903 l
S
0.714 0.722 0.729 SC
45.309 -2360.21 m
45.309 -2287.903 l
S
0.714 0.722 0.733 SC
45.776 -2360.21 m
45.776 -2287.903 l
S
0.718 0.725 0.737 SC
46.242 -2360.21 m
46.242 -2287.903 l
S
0.722 0.729 0.737 SC
46.709 -2360.21 m
46.709 -2287.903 l
S
0.725 0.733 0.741 SC
47.175 -2360.21 m
47.175 -2287.903 l
S
0.729 0.737 0.745 SC
47.642 -2360.21 m
47.642 -2287.903 l
S
0.733 0.741 0.749 SC
48.108 -2360.21 m
48.108 -2287.903 l
S
0.733 0.741 0.753 SC
48.575 -2360.21 m
48.575 -2287.903 l
49.041 -2360.21 m
49.041 -2287.903 l
S
0.737 0.745 0.753 SC
49.508 -2360.21 m
49.508 -2287.903 l
S
0.741 0.749 0.757 SC
49.974 -2360.21 m
49.974 -2287.903 l
S
0.745 0.753 0.761 SC
50.441 -2360.21 m
50.441 -2287.903 l
S
0.749 0.757 0.765 SC
50.907 -2360.21 m
50.907 -2287.903 l
S
0.753 0.761 0.769 SC
51.374 -2360.21 m
51.374 -2287.903 l
51.84 -2360.21 m
51.84 -2287.903 l
S
0.757 0.765 0.773 SC
52.307 -2360.21 m
52.307 -2287.903 l
S
0.761 0.769 0.776 SC
52.773 -2360.21 m
52.773 -2287.903 l
S
0.765 0.773 0.78 SC
53.24 -2360.21 m
53.24 -2287.903 l
S
0.769 0.776 0.784 SC
53.706 -2360.21 m
53.706 -2287.903 l
S
0.773 0.776 0.784 SC
54.173 -2360.21 m
54.173 -2287.903 l
S
0.776 0.78 0.788 SC
54.639 -2360.21 m
54.639 -2287.903 l
S
0.776 0.784 0.792 SC
55.106 -2360.21 m
55.106 -2287.903 l
S
0.78 0.788 0.796 SC
55.572 -2360.21 m
55.572 -2287.903 l
S
0.784 0.792 0.8 SC
56.039 -2360.21 m
56.039 -2287.903 l
S
0.788 0.796 0.8 SC
56.505 -2360.21 m
56.505 -2287.903 l
S
0.792 0.796 0.804 SC
56.972 -2360.21 m
56.972 -2287.903 l
S
0.796 0.8 0.808 SC
57.438 -2360.21 m
57.438 -2287.903 l
S
0.796 0.804 0.812 SC
57.905 -2360.21 m
57.905 -2287.903 l
S
0.8 0.808 0.816 SC
58.371 -2360.21 m
58.371 -2287.903 l
S
0.804 0.812 0.816 SC
58.838 -2360.21 m
58.838 -2287.903 l
S
0.808 0.812 0.82 SC
59.304 -2360.21 m
59.304 -2287.903 l
S
0.812 0.816 0.824 SC
59.771 -2360.21 m
59.771 -2287.903 l
S
0.816 0.82 0.827 SC
60.237 -2360.21 m
60.237 -2287.903 l
S
0.816 0.824 0.831 SC
60.704 -2360.21 m
60.704 -2287.903 l
S
0.82 0.827 0.831 SC
61.17 -2360.21 m
61.17 -2287.903 l
S
0.824 0.831 0.835 SC
61.637 -2360.21 m
61.637 -2287.903 l
S
0.827 0.831 0.839 SC
62.103 -2360.21 m
62.103 -2287.903 l
S
0.831 0.835 0.843 SC
62.57 -2360.21 m
62.57 -2287.903 l
S
0.835 0.839 0.843 SC
63.036 -2360.21 m
63.036 -2287.903 l
S
0.835 0.843 0.847 SC
63.503 -2360.21 m
63.503 -2287.903 l
S
0.839 0.847 0.851 SC
63.969 -2360.21 m
63.969 -2287.903 l
S
0.843 0.847 0.855 SC
64.436 -2360.21 m
64.436 -2287.903 l
S
0.847 0.851 0.859 SC
64.902 -2360.21 m
64.902 -2287.903 l
S
0.851 0.855 0.859 SC
65.369 -2360.21 m
65.369 -2287.903 l
S
0.855 0.859 0.863 SC
65.835 -2360.21 m
65.835 -2287.903 l
S
0.855 0.863 0.867 SC
66.302 -2360.21 m
66.302 -2287.903 l
S
0.859 0.863 0.871 SC
66.768 -2360.21 m
66.768 -2287.903 l
S
0.863 0.867 0.875 SC
67.235 -2360.21 m
67.235 -2287.903 l
S
0.867 0.871 0.875 SC
67.701 -2360.21 m
67.701 -2287.903 l
S
0.871 0.875 0.878 SC
68.168 -2360.21 m
68.168 -2287.903 l
S
0.875 0.878 0.882 SC
68.634 -2360.21 m
68.634 -2287.903 l
S
0.875 0.882 0.886 SC
69.101 -2360.21 m
69.101 -2287.903 l
S
0.878 0.882 0.89 SC
69.567 -2360.21 m
69.567 -2287.903 l
S
0.882 0.886 0.89 SC
70.034 -2360.21 m
70.034 -2287.903 l
S
0.886 0.89 0.894 SC
70.5 -2360.21 m
70.5 -2287.903 l
S
0.89 0.894 0.898 SC
70.967 -2360.21 m
70.967 -2287.903 l
S
0.894 0.898 0.902 SC
71.433 -2360.21 m
71.433 -2287.903 l
S
0.898 0.898 0.902 SC
71.9 -2360.21 m
71.9 -2287.903 l
S
0.898 0.902 0.906 SC
72.366 -2360.21 m
72.366 -2287.903 l
S
0.902 0.906 0.91 SC
72.833 -2360.21 m
72.833 -2287.903 l
S
0.906 0.91 0.914 SC
73.299 -2360.21 m
73.299 -2287.903 l
S
0.91 0.914 0.918 SC
73.766 -2360.21 m
73.766 -2287.903 l
S
0.914 0.918 0.922 SC
74.232 -2360.21 m
74.232 -2287.903 l
S
0.918 0.922 0.922 SC
74.699 -2360.21 m
74.699 -2287.903 l
S
0.922 0.922 0.925 SC
75.165 -2360.21 m
75.165 -2287.903 l
S
0.922 0.925 0.929 SC
75.632 -2360.21 m
75.632 -2287.903 l
S
0.925 0.929 0.933 SC
76.098 -2360.21 m
76.098 -2287.903 l
S
0.929 0.933 0.933 SC
76.565 -2360.21 m
76.565 -2287.903 l
S
0.933 0.937 0.937 SC
77.031 -2360.21 m
77.031 -2287.903 l
S
0.937 0.937 0.941 SC
77.498 -2360.21 m
77.498 -2287.903 l
S
0.941 0.941 0.945 SC
77.964 -2360.21 m
77.964 -2287.903 l
S
0.945 0.945 0.949 SC
78.431 -2360.21 m
78.431 -2287.903 l
S
0.945 0.949 0.949 SC
78.897 -2360.21 m
78.897 -2287.903 l
S
0.949 0.953 0.953 SC
79.364 -2360.21 m
79.364 -2287.903 l
S
0.953 0.957 0.957 SC
79.83 -2360.21 m
79.83 -2287.903 l
S
0.957 0.957 0.961 SC
80.297 -2360.21 m
80.297 -2287.903 l
S
0.961 0.961 0.965 SC
80.763 -2360.21 m
80.763 -2287.903 l
S
0.965 0.965 0.969 SC
81.23 -2360.21 m
81.23 -2287.903 l
S
0.969 0.969 0.969 SC
81.696 -2360.21 m
81.696 -2287.903 l
S
0.973 0.973 0.973 SC
82.163 -2360.21 m
82.163 -2287.903 l
S
0.976 0.976 0.976 SC
82.629 -2360.21 m
82.629 -2287.903 l
S
0.98 0.98 0.984 SC
83.096 -2360.21 m
83.096 -2287.903 l
S
0.988 0.988 0.988 SC
83.562 -2360.21 m
83.562 -2287.903 l
S
0.992 0.992 0.992 SC
84.029 -2360.21 m
84.029 -2287.903 l
S
1 1 1 SC
84.495 -2360.21 m
84.495 -2287.903 l
S
Q
Q
q
1 i 
-9 851 613 -860 re
0 841 m
W n
0.03 841.02 595.02 -841.02 re
W n
/Cs5 cs 0.161 0.145 0.149 sc
/GS1 gs
0.03 841.02 35.4 -6.11 re
f
/Cs5 CS 0.161 0.145 0.149 SC
0 J 0 j 0.3 w 10 M []0 d
28.347 841.076 m
28.347 805.006 l
S
286.3 22.8 22.68 -22.8 re
f
BT
/F1 1 Tf
10 0 0 10 289.2992 7.7671 Tm
1 1 1 sc
-0.0002 Tc
0 Tw
(678)Tj
/F3 1 Tf
7 0 0 7 35.4331 17.5374 Tm
0.161 0.145 0.149 sc
-0.0001 Tc
-0.0306 Tw
[(Swissmedic Jour)-17.9(nal)-1111.9(9/2002)]TJ
/F2 1 Tf
10 0 0 10 85.0394 763.6339 Tm
-0.0336 Tw
[(01)-1044.2(V)17.8(ita-Ferin C, Kapseln)]TJ
/F5 1 Tf
0 -1.4174 TD
-0.0306 Tw
[(Geistlich Pharma AG, Bahnhofstrasse 40, 6110 W)29.7(olhusen)]TJ
ET
0.4 w 
85.04 741.51 m
552.76 741.51 l
85.04 723.82 m
552.76 723.82 l
S
BT
10 0 0 10 85.0394 729.1213 Tm
-0.0002 Tc
0 Tw
[(Zul.-Nr)91.6(.: )]TJ
/F2 1 Tf
3.8771 0 TD
(34353)Tj
/F5 1 Tf
8.8788 0 TD
0 Tc
(V)Tj
0.6301 0 TD
-0.0001 Tc
(erkaufsart: )Tj
/F2 1 Tf
5.3041 0 TD
0 Tc
(D)Tj
/F5 1 Tf
6.8216 0 TD
-0.0001 Tc
-0.0306 Tw
[(Index: 07.98.0.)-9563.5(25.09.2002)]TJ
-25.5118 -2.2428 TD
0 Tw
[(Zusammensetzung:)-921.1(01)]TJ
8.3 0 0 8.3 198.4252 706.6931 Tm
-0.0668 Tw
[(FERRUM 22)-278.1(mg ut FERROSI FUMARAS, CUPRI SULF)36.7(AS PENT)54.7(AHYDRICUS 0.72)-278.1(mg, MANGANI\(II\))]TJ
0 -1.3661 TD
0.0125 Tw
[(SULF)36.7(AS MONOHYDRICUS 0.77)-278.1(mg, THIAMINI NITRAS 10)-278.1(mg, RIBOFLA)36.7(VINUM 2)-278.1(mg, PYRIDO-)]TJ
T*
0.1203 Tw
[(XINI HYDROCHLORIDUM 2)-278.1(mg, NICOTINAMIDUM 22)-278.1(mg, DEXP)36.7(ANTHENOLUM 10)-278.1(mg, ACI-)]TJ
T*
-0.0306 Tw
[(DUM ASCORBICUM 150)-278.1(mg, EXCIPIENS pro CAPSULA.)]TJ
10 0 0 10 85.0394 658.5025 Tm
-0.0002 Tc
0 Tw
[(Anwendung:)-5285.3(Roborans)]TJ
0 -1.4174 TD
[(Packung:)-5699.5(01)-305.7(018)-7141.9(3)0(0)-567.1(Kapseln)-9939.3(D)]TJ
T*
-0.0001 Tc
-0.0306 Tw
[(* Gültig bis:)-5844.6(24. September 2007)]TJ
ET
85.04 621.74 m
552.76 621.74 l
S
BT
/F2 1 Tf
10 0 0 10 85.0394 585.7458 Tm
-0.0337 Tw
[(01)-1044.2(V)17.8(itamin B1 Str)17.7(euli 50)-306(mg, Dragées)]TJ
0 -1.2835 TD
[(02)-1044.2(V)17.8(itamin B1 Str)17.7(euli 100)-306(mg, Dragées)]TJ
/F5 1 Tf
0 -1.4174 TD
-0.0306 Tw
(G. Streuli & Co. AG, Bahnhofstrasse 7, 8730 Uznach)Tj
ET
85.04 550.79 m
552.76 550.79 l
85.04 533.1 m
552.76 533.1 l
S
BT
10 0 0 10 85.0394 538.3986 Tm
-0.0002 Tc
0 Tw
[(Zul.-Nr)91.6(.: )]TJ
/F2 1 Tf
3.8771 0 TD
(34076)Tj
/F5 1 Tf
8.8788 0 TD
0 Tc
(V)Tj
0.6301 0 TD
-0.0001 Tc
(erkaufsart: )Tj
/F2 1 Tf
5.3041 0 TD
0 Tc
(C)Tj
/F5 1 Tf
6.8216 0 TD
-0.0001 Tc
-0.0306 Tw
[(Index: 07.02.3.)-9563.5(19.09.2002)]TJ
-25.5118 -2.2428 TD
0 Tw
[(Zusammensetzung:)-921.1(01)]TJ
8.3 0 0 8.3 198.4252 515.9704 Tm
-0.0306 Tw
[(THIAMINI HYDROCHLORIDUM 50)-278.1(mg, EXCIPIENS pro COMPRESSO OBDUCTO.)]TJ
10 0 0 10 184.252 501.7968 Tm
-0.0002 Tc
0 Tw
(02)Tj
8.3 0 0 8.3 198.4252 501.7968 Tm
-0.0001 Tc
-0.0306 Tw
[(THIAMINI HYDROCHLORIDUM 100)-278.1(mg, EXCIPIENS pro COMPRESSO OBDUCTO.)]TJ
10 0 0 10 85.0394 487.6232 Tm
[(Anwendung:)-5285.2(V)17.7(itamin B1-Präparat)]TJ
0 -1.4174 TD
0 Tw
[(Packungen:)-4532.7(01)-305.6(014)-7141.8(2)0.1(0)-567(Dragées)-9828.1(C)]TJ
11.3386 -1.4174 TD
[(022)-6585.9(1)0.1(00)-567.1(Dragées)-9828.1(C)]TJ
-1.4173 -1.4174 TD
[(02)-305.6(065)-7141.8(2)0.1(0)-567(Dragées)-9828.1(C)]TJ
1.4173 -1.4174 TD
[(073)-6585.9(1)0.1(00)-567.1(Dragées)-9828.1(C)]TJ
-11.3386 -1.4174 TD
-0.0306 Tw
[(* Gültig bis:)-5844.6(18. September 2007)]TJ
ET
85.04 408.34 m
552.76 408.34 l
S
BT
/F2 1 Tf
10 0 0 10 85.0394 372.3456 Tm
-0.0336 Tw
[(01)-1044.2(V)17.8(itamin B1 Str)17.7(euli, T)98.8(abletten)]TJ
/F5 1 Tf
T*
-0.0306 Tw
(G. Streuli & Co. AG, Bahnhofstrasse 7, 8730 Uznach)Tj
ET
85.04 350.22 m
552.76 350.22 l
85.04 332.53 m
552.76 332.53 l
S
BT
10 0 0 10 85.0394 337.833 Tm
-0.0002 Tc
0 Tw
[(Zul.-Nr)91.6(.: )]TJ
/F2 1 Tf
3.8771 0 TD
(34078)Tj
/F5 1 Tf
8.8788 0 TD
0 Tc
(V)Tj
0.6301 0 TD
-0.0001 Tc
(erkaufsart: )Tj
/F2 1 Tf
5.3041 0 TD
0 Tc
(C)Tj
/F5 1 Tf
6.8216 0 TD
-0.0001 Tc
-0.0306 Tw
[(Index: 07.02.3.)-9563.5(17.09.2002)]TJ
-25.5118 -2.2428 TD
0 Tw
[(Zusammensetzung:)-921.1(01)]TJ
8.3 0 0 8.3 198.4252 315.4049 Tm
-0.0306 Tw
[(THIAMINI HYDROCHLORIDUM 300)-278.1(mg, EXCIPIENS pro COMPRESSO.)]TJ
10 0 0 10 85.0394 301.2312 Tm
[(Anwendung:)-5285.2(V)17.7(itamin B1-Präparat)]TJ
0 -1.4174 TD
0 Tw
[(Packungen:)-4532.7(01)-305.6(017)-7141.8(2)0.1(0)-567(T)74(abletten)-9179.4(C)]TJ
11.3386 -1.4174 TD
[(025)-6585.9(1)0.1(00)-567.1(T)74(abletten)-9179.4(C)]TJ
-11.3386 -1.4174 TD
-0.0306 Tw
[(* Gültig bis:)-5844.6(16. September 2007)]TJ
ET
85.04 250.3 m
552.76 250.3 l
S
Q

q
1 i 
-9 851 613 -860 re
0 841 m
W n
0.03 841.02 595.02 -841.02 re
W n
BT
/F4 1 Tf
12.5 0 0 12.5 285.8058 811.7825 Tm
/Cs5 cs 0.161 0.145 0.149 sc
/GS1 gs
-0.0001 Tc
-0.0286 Tw
[(Arzneimittel Statistik)-130(/)-129.9(M)0.1(édicaments miscellanées)]TJ
ET
/Cs5 CS 0.161 0.145 0.149 SC
0 J 0 j 0.3 w 10 M []0 d
42.8 805.15 m
567.2 805.15 l
S
Q
q
1 i 
361.69 850.5 198.43 -24.09 re
560.097 811.782 m
W* n
-9 851 613 -860 re
0 841 m
W n
0.03 841.02 595.02 -841.02 re
W n
q
2.7718 0 0 -0.3608 0 0 cm
/Cs5 CS 1 1 1 SC
0 J 0 j 0.5 w 10 M []0 d
/GS1 gs
130.36 -2360.21 m
130.36 -2287.903 l
S
0.992 0.992 0.992 SC
130.827 -2360.21 m
130.827 -2287.903 l
S
0.988 0.988 0.988 SC
131.293 -2360.21 m
131.293 -2287.903 l
S
0.98 0.98 0.984 SC
131.76 -2360.21 m
131.76 -2287.903 l
S
0.976 0.976 0.976 SC
132.226 -2360.21 m
132.226 -2287.903 l
S
0.973 0.973 0.973 SC
132.693 -2360.21 m
132.693 -2287.903 l
S
0.969 0.969 0.969 SC
133.159 -2360.21 m
133.159 -2287.903 l
S
0.965 0.965 0.969 SC
133.626 -2360.21 m
133.626 -2287.903 l
S
0.961 0.961 0.965 SC
134.092 -2360.21 m
134.092 -2287.903 l
S
0.957 0.957 0.961 SC
134.559 -2360.21 m
134.559 -2287.903 l
S
0.953 0.957 0.957 SC
135.025 -2360.21 m
135.025 -2287.903 l
S
0.949 0.953 0.953 SC
135.492 -2360.21 m
135.492 -2287.903 l
S
0.945 0.949 0.949 SC
135.958 -2360.21 m
135.958 -2287.903 l
S
0.945 0.945 0.949 SC
136.425 -2360.21 m
136.425 -2287.903 l
S
0.941 0.941 0.945 SC
136.891 -2360.21 m
136.891 -2287.903 l
S
0.937 0.937 0.941 SC
137.358 -2360.21 m
137.358 -2287.903 l
S
0.933 0.937 0.937 SC
137.824 -2360.21 m
137.824 -2287.903 l
S
0.929 0.933 0.933 SC
138.291 -2360.21 m
138.291 -2287.903 l
S
0.925 0.929 0.933 SC
138.757 -2360.21 m
138.757 -2287.903 l
S
0.922 0.925 0.929 SC
139.224 -2360.21 m
139.224 -2287.903 l
S
0.922 0.922 0.925 SC
139.69 -2360.21 m
139.69 -2287.903 l
S
0.918 0.922 0.922 SC
140.157 -2360.21 m
140.157 -2287.903 l
S
0.914 0.918 0.922 SC
140.623 -2360.21 m
140.623 -2287.903 l
S
0.91 0.914 0.918 SC
141.09 -2360.21 m
141.09 -2287.903 l
S
0.906 0.91 0.914 SC
141.556 -2360.21 m
141.556 -2287.903 l
S
0.902 0.906 0.91 SC
142.023 -2360.21 m
142.023 -2287.903 l
S
0.898 0.902 0.906 SC
142.489 -2360.21 m
142.489 -2287.903 l
S
0.898 0.898 0.902 SC
142.956 -2360.21 m
142.956 -2287.903 l
S
0.894 0.898 0.902 SC
143.422 -2360.21 m
143.422 -2287.903 l
S
0.89 0.894 0.898 SC
143.889 -2360.21 m
143.889 -2287.903 l
S
0.886 0.89 0.894 SC
144.355 -2360.21 m
144.355 -2287.903 l
S
0.882 0.886 0.89 SC
144.822 -2360.21 m
144.822 -2287.903 l
S
0.878 0.882 0.89 SC
145.288 -2360.21 m
145.288 -2287.903 l
S
0.875 0.882 0.886 SC
145.755 -2360.21 m
145.755 -2287.903 l
S
0.875 0.878 0.882 SC
146.221 -2360.21 m
146.221 -2287.903 l
S
0.871 0.875 0.878 SC
146.688 -2360.21 m
146.688 -2287.903 l
S
0.867 0.871 0.875 SC
147.154 -2360.21 m
147.154 -2287.903 l
S
0.863 0.867 0.875 SC
147.621 -2360.21 m
147.621 -2287.903 l
S
0.859 0.863 0.871 SC
148.087 -2360.21 m
148.087 -2287.903 l
S
0.855 0.863 0.867 SC
148.554 -2360.21 m
148.554 -2287.903 l
S
0.855 0.859 0.863 SC
149.02 -2360.21 m
149.02 -2287.903 l
S
0.851 0.855 0.859 SC
149.487 -2360.21 m
149.487 -2287.903 l
S
0.847 0.851 0.859 SC
149.953 -2360.21 m
149.953 -2287.903 l
S
0.843 0.847 0.855 SC
150.42 -2360.21 m
150.42 -2287.903 l
S
0.839 0.847 0.851 SC
150.886 -2360.21 m
150.886 -2287.903 l
S
0.835 0.843 0.847 SC
151.353 -2360.21 m
151.353 -2287.903 l
S
0.835 0.839 0.843 SC
151.819 -2360.21 m
151.819 -2287.903 l
S
0.831 0.835 0.843 SC
152.286 -2360.21 m
152.286 -2287.903 l
S
0.827 0.831 0.839 SC
152.752 -2360.21 m
152.752 -2287.903 l
S
0.824 0.831 0.835 SC
153.219 -2360.21 m
153.219 -2287.903 l
S
0.82 0.827 0.831 SC
153.685 -2360.21 m
153.685 -2287.903 l
S
0.816 0.824 0.831 SC
154.152 -2360.21 m
154.152 -2287.903 l
S
0.816 0.82 0.827 SC
154.618 -2360.21 m
154.618 -2287.903 l
S
0.812 0.816 0.824 SC
155.085 -2360.21 m
155.085 -2287.903 l
S
0.808 0.812 0.82 SC
155.551 -2360.21 m
155.551 -2287.903 l
S
0.804 0.812 0.816 SC
156.018 -2360.21 m
156.018 -2287.903 l
S
0.8 0.808 0.816 SC
156.484 -2360.21 m
156.484 -2287.903 l
S
0.796 0.804 0.812 SC
156.951 -2360.21 m
156.951 -2287.903 l
S
0.796 0.8 0.808 SC
157.417 -2360.21 m
157.417 -2287.903 l
S
0.792 0.796 0.804 SC
157.884 -2360.21 m
157.884 -2287.903 l
S
0.788 0.796 0.8 SC
158.35 -2360.21 m
158.35 -2287.903 l
S
0.784 0.792 0.8 SC
158.817 -2360.21 m
158.817 -2287.903 l
S
0.78 0.788 0.796 SC
159.283 -2360.21 m
159.283 -2287.903 l
S
0.776 0.784 0.792 SC
159.75 -2360.21 m
159.75 -2287.903 l
S
0.776 0.78 0.788 SC
160.216 -2360.21 m
160.216 -2287.903 l
S
0.773 0.776 0.784 SC
160.683 -2360.21 m
160.683 -2287.903 l
S
0.769 0.776 0.784 SC
161.149 -2360.21 m
161.149 -2287.903 l
S
0.765 0.773 0.78 SC
161.616 -2360.21 m
161.616 -2287.903 l
S
0.761 0.769 0.776 SC
162.082 -2360.21 m
162.082 -2287.903 l
S
0.757 0.765 0.773 SC
162.549 -2360.21 m
162.549 -2287.903 l
S
0.753 0.761 0.769 SC
163.015 -2360.21 m
163.015 -2287.903 l
163.482 -2360.21 m
163.482 -2287.903 l
S
0.749 0.757 0.765 SC
163.948 -2360.21 m
163.948 -2287.903 l
S
0.745 0.753 0.761 SC
164.415 -2360.21 m
164.415 -2287.903 l
S
0.741 0.749 0.757 SC
164.881 -2360.21 m
164.881 -2287.903 l
S
0.737 0.745 0.753 SC
165.348 -2360.21 m
165.348 -2287.903 l
S
0.733 0.741 0.753 SC
165.814 -2360.21 m
165.814 -2287.903 l
S
0.733 0.741 0.749 SC
166.281 -2360.21 m
166.281 -2287.903 l
166.747 -2360.21 m
166.747 -2287.903 l
S
0.729 0.737 0.745 SC
167.214 -2360.21 m
167.214 -2287.903 l
S
0.725 0.733 0.741 SC
167.68 -2360.21 m
167.68 -2287.903 l
S
0.722 0.729 0.737 SC
168.147 -2360.21 m
168.147 -2287.903 l
S
0.718 0.725 0.737 SC
168.613 -2360.21 m
168.613 -2287.903 l
S
0.714 0.722 0.733 SC
169.08 -2360.21 m
169.08 -2287.903 l
S
0.714 0.722 0.729 SC
169.546 -2360.21 m
169.546 -2287.903 l
S
0.71 0.718 0.725 SC
170.013 -2360.21 m
170.013 -2287.903 l
S
0.706 0.714 0.722 SC
170.479 -2360.21 m
170.479 -2287.903 l
S
0.702 0.71 0.722 SC
170.946 -2360.21 m
170.946 -2287.903 l
S
0.698 0.706 0.718 SC
171.412 -2360.21 m
171.412 -2287.903 l
S
0.698 0.706 0.714 SC
171.879 -2360.21 m
171.879 -2287.903 l
S
0.694 0.702 0.71 SC
172.345 -2360.21 m
172.345 -2287.903 l
S
0.69 0.698 0.706 SC
172.812 -2360.21 m
172.812 -2287.903 l
S
0.686 0.694 0.706 SC
173.278 -2360.21 m
173.278 -2287.903 l
S
0.682 0.69 0.702 SC
173.745 -2360.21 m
173.745 -2287.903 l
S
0.682 0.69 0.698 SC
174.211 -2360.21 m
174.211 -2287.903 l
S
0.678 0.686 0.694 SC
174.678 -2360.21 m
174.678 -2287.903 l
S
0.675 0.682 0.69 SC
175.144 -2360.21 m
175.144 -2287.903 l
S
0.671 0.678 0.69 SC
175.611 -2360.21 m
175.611 -2287.903 l
S
0.667 0.675 0.686 SC
176.077 -2360.21 m
176.077 -2287.903 l
S
0.663 0.675 0.682 SC
176.544 -2360.21 m
176.544 -2287.903 l
S
0.663 0.671 0.678 SC
177.01 -2360.21 m
177.01 -2287.903 l
S
0.659 0.667 0.678 SC
177.477 -2360.21 m
177.477 -2287.903 l
S
0.655 0.663 0.675 SC
177.943 -2360.21 m
177.943 -2287.903 l
S
0.651 0.659 0.671 SC
178.41 -2360.21 m
178.41 -2287.903 l
S
0.651 0.659 0.667 SC
178.876 -2360.21 m
178.876 -2287.903 l
S
0.647 0.655 0.663 SC
179.343 -2360.21 m
179.343 -2287.903 l
S
0.643 0.651 0.663 SC
179.809 -2360.21 m
179.809 -2287.903 l
S
0.639 0.647 0.659 SC
180.276 -2360.21 m
180.276 -2287.903 l
S
0.635 0.643 0.655 SC
180.742 -2360.21 m
180.742 -2287.903 l
S
0.635 0.643 0.651 SC
181.209 -2360.21 m
181.209 -2287.903 l
S
0.631 0.639 0.647 SC
181.675 -2360.21 m
181.675 -2287.903 l
S
0.627 0.635 0.647 SC
182.142 -2360.21 m
182.142 -2287.903 l
S
0.624 0.631 0.643 SC
182.608 -2360.21 m
182.608 -2287.903 l
S
0.62 0.631 0.639 SC
183.075 -2360.21 m
183.075 -2287.903 l
S
0.62 0.627 0.635 SC
183.541 -2360.21 m
183.541 -2287.903 l
S
0.616 0.624 0.635 SC
184.008 -2360.21 m
184.008 -2287.903 l
S
0.612 0.62 0.631 SC
184.474 -2360.21 m
184.474 -2287.903 l
S
0.608 0.616 0.627 SC
184.941 -2360.21 m
184.941 -2287.903 l
S
0.608 0.616 0.624 SC
185.407 -2360.21 m
185.407 -2287.903 l
S
0.604 0.612 0.624 SC
185.874 -2360.21 m
185.874 -2287.903 l
S
0.6 0.608 0.62 SC
186.34 -2360.21 m
186.34 -2287.903 l
S
0.596 0.604 0.616 SC
186.806 -2360.21 m
186.806 -2287.903 l
S
0.596 0.604 0.612 SC
187.273 -2360.21 m
187.273 -2287.903 l
S
0.592 0.6 0.608 SC
187.739 -2360.21 m
187.739 -2287.903 l
S
0.588 0.596 0.608 SC
188.206 -2360.21 m
188.206 -2287.903 l
S
0.584 0.592 0.604 SC
188.672 -2360.21 m
188.672 -2287.903 l
S
0.584 0.592 0.6 SC
189.139 -2360.21 m
189.139 -2287.903 l
S
0.58 0.588 0.596 SC
189.605 -2360.21 m
189.605 -2287.903 l
S
0.576 0.584 0.596 SC
190.072 -2360.21 m
190.072 -2287.903 l
S
0.573 0.58 0.592 SC
190.538 -2360.21 m
190.538 -2287.903 l
S
0.573 0.58 0.588 SC
191.005 -2360.21 m
191.005 -2287.903 l
S
0.569 0.576 0.588 SC
191.471 -2360.21 m
191.471 -2287.903 l
S
0.565 0.573 0.584 SC
191.938 -2360.21 m
191.938 -2287.903 l
S
0.561 0.569 0.58 SC
192.404 -2360.21 m
192.404 -2287.903 l
S
0.561 0.569 0.576 SC
192.871 -2360.21 m
192.871 -2287.903 l
S
0.557 0.565 0.576 SC
193.337 -2360.21 m
193.337 -2287.903 l
S
0.553 0.561 0.573 SC
193.804 -2360.21 m
193.804 -2287.903 l
S
0.549 0.557 0.569 SC
194.27 -2360.21 m
194.27 -2287.903 l
S
0.549 0.557 0.565 SC
194.737 -2360.21 m
194.737 -2287.903 l
S
0.545 0.553 0.565 SC
195.203 -2360.21 m
195.203 -2287.903 l
S
0.541 0.549 0.561 SC
195.67 -2360.21 m
195.67 -2287.903 l
S
0.537 0.545 0.557 SC
196.136 -2360.21 m
196.136 -2287.903 l
S
0.537 0.545 0.553 SC
196.603 -2360.21 m
196.603 -2287.903 l
S
0.533 0.541 0.553 SC
197.069 -2360.21 m
197.069 -2287.903 l
S
0.529 0.537 0.549 SC
197.536 -2360.21 m
197.536 -2287.903 l
S
0.529 0.533 0.545 SC
198.002 -2360.21 m
198.002 -2287.903 l
S
0.525 0.533 0.541 SC
198.469 -2360.21 m
198.469 -2287.903 l
S
0.522 0.529 0.541 SC
198.935 -2360.21 m
198.935 -2287.903 l
S
0.518 0.525 0.537 SC
199.402 -2360.21 m
199.402 -2287.903 l
S
0.518 0.525 0.533 SC
199.868 -2360.21 m
199.868 -2287.903 l
S
0.514 0.522 0.529 SC
200.335 -2360.21 m
200.335 -2287.903 l
S
0.51 0.518 0.529 SC
200.801 -2360.21 m
200.801 -2287.903 l
S
0.51 0.514 0.525 SC
201.268 -2360.21 m
201.268 -2287.903 l
S
0.506 0.514 0.522 SC
201.734 -2360.21 m
201.734 -2287.903 l
S
0.502 0.51 0.518 SC
202.201 -2360.21 m
202.201 -2287.903 l
S
Q
Q
q
1 i 
-9 851 613 -860 re
0 841 m
W n
0.03 841.02 595.02 -841.02 re
W n
/Cs5 cs 0.161 0.145 0.149 sc
/GS1 gs
560.12 841.02 34.93 -6.11 re
f
/Cs5 CS 0.161 0.145 0.149 SC
0 J 0 j 0.3 w 10 M []0 d
567.202 840.678 m
567.202 804.948 l
S
286.57 22.8 22.68 -22.8 re
f
BT
/F1 1 Tf
10 0 0 10 289.5747 7.7671 Tm
1 1 1 sc
-0.0002 Tc
0 Tw
(679)Tj
/F3 1 Tf
7 0 0 7 473.8676 17.5374 Tm
0.161 0.145 0.149 sc
-0.0001 Tc
-0.0306 Tw
[(Swissmedic Jour)-17.9(nal)-1111.9(9/2002)]TJ
/F2 1 Tf
10 0 0 10 42.7953 763.6339 Tm
-0.0336 Tw
[(01)-1044.2(V)17.8(itamin B6 Str)17.7(euli 40)-306(mg, T)98.8(abletten)]TJ
0 -1.2835 TD
[(02)-1044.2(V)17.8(itamin B6 Str)17.7(euli 300)-306(mg, T)98.8(abletten)]TJ
/F5 1 Tf
0 -1.4174 TD
-0.0306 Tw
(G. Streuli & Co. AG, Bahnhofstrasse 7, 8730 Uznach)Tj
ET
0.4 w 
42.8 728.68 m
510.51 728.68 l
42.8 710.98 m
510.51 710.98 l
S
BT
10 0 0 10 42.7953 716.2866 Tm
-0.0002 Tc
0 Tw
[(Zul.-Nr)91.6(.: )]TJ
/F2 1 Tf
3.8772 0 TD
(34173)Tj
/F5 1 Tf
8.8787 0 TD
0 Tc
(V)Tj
0.6301 0 TD
-0.0001 Tc
(erkaufsart: )Tj
/F2 1 Tf
5.3042 0 TD
0 Tc
(C)Tj
/F5 1 Tf
6.8216 0 TD
-0.0001 Tc
-0.0306 Tw
[(Index: 07.02.3.)-9563.5(26.09.2002)]TJ
-25.5118 -2.2428 TD
0 Tw
[(Zusammensetzung:)-921.1(01)]TJ
8.3 0 0 8.3 156.1811 693.8585 Tm
-0.0306 Tw
[(PYRIDOXINI HYDROCHLORIDUM 40)-278.1(mg, EXCIPIENS pro COMPRESSO.)]TJ
10 0 0 10 142.0079 679.6849 Tm
-0.0002 Tc
0 Tw
(02)Tj
8.3 0 0 8.3 156.1811 679.6849 Tm
-0.0001 Tc
-0.0306 Tw
[(PYRIDOXINI HYDROCHLORIDUM 300)-278.1(mg, EXCIPIENS pro COMPRESSO.)]TJ
10 0 0 10 42.7953 665.5112 Tm
[(Anwendung:)-5285.2(V)17.7(itamin B6-Präparat)]TJ
0 -1.4174 TD
0 Tw
[(Packungen:)-4532.7(01)-305.6(028)-6585.9(1)0.1(00)-567.1(T)74(abletten)-9179.4(C)]TJ
11.3386 -1.4174 TD
[(109)-7141.8(2)0.1(0)-567(T)74(abletten)-9179.4(C)]TJ
-1.4173 -1.4174 TD
[(02)-305.6(060)-6585.9(1)0.1(00)-567.1(T)74(abletten)-9179.4(C)]TJ
1.4173 -1.4174 TD
[(117)-7141.8(2)0.1(0)-567(T)74(abletten)-9179.4(C)]TJ
-11.3386 -1.4174 TD
-0.0306 Tw
[(* Gültig bis:)-5844.6(25. September 2007)]TJ
ET
42.8 586.23 m
510.51 586.23 l
S
BT
/F2 1 Tf
10 0 0 10 42.7953 550.2336 Tm
-0.0337 Tw
[(01)-1044.2(V)17.8(itamin C-1000 Gisand, T)98.8(abletten)]TJ
/F5 1 Tf
T*
-0.0306 Tw
(Gisand AG, Schläflistrasse 14, 3013 Bern)Tj
ET
42.8 528.11 m
510.51 528.11 l
42.8 510.42 m
510.51 510.42 l
S
BT
10 0 0 10 42.7953 515.721 Tm
-0.0002 Tc
0 Tw
[(Zul.-Nr)91.6(.: )]TJ
/F2 1 Tf
3.8772 0 TD
(45259)Tj
/F5 1 Tf
8.8787 0 TD
0 Tc
(V)Tj
0.6301 0 TD
-0.0001 Tc
(erkaufsart: )Tj
/F2 1 Tf
5.3042 0 TD
0 Tc
(D)Tj
/F5 1 Tf
6.8216 0 TD
-0.0001 Tc
-0.0306 Tw
[(Index: 07.02.3.)-9563.5(20.09.2002)]TJ
-25.5118 -2.2428 TD
0 Tw
[(Zusammensetzung:)-921.1(01)]TJ
8.3 0 0 8.3 156.1811 493.2928 Tm
-0.0911 Tw
[(ACIDUM ASCORBICUM 1)-278.1(g, CYNOSBA)73.7(TI EXTRACTUM corresp. ACIDUM ASCORBICUM 100)-278.1(mg,)]TJ
0 -1.3661 TD
-0.0306 Tw
(EXCIPIENS pro COMPRESSO.)Tj
10 0 0 10 42.7953 467.7803 Tm
[(Anwendung:)-5285.2(V)17.7(itamin C-Präparat)]TJ
0 -1.4174 TD
-0.0002 Tc
0 Tw
[(Packung:)-5699.5(01)-305.7(013)-6586(1)0(00)-567.2(T)73.9(abletten)-9179.5(D)]TJ
T*
-0.0001 Tc
-0.0306 Tw
[(* Gültig bis:)-5844.6(19. September 2007)]TJ
ET
42.8 431.02 m
510.51 431.02 l
S
BT
/F2 1 Tf
10 0 0 10 42.7953 395.0236 Tm
-0.0336 Tw
[(01)-1044.2(W)17.7(eleda Erkältungssalbe, anthr)17.7(oposophisches Arzneimittel)]TJ
/F5 1 Tf
T*
0 Tc
0 Tw
(W)Tj
0.9702 0 TD
-0.0001 Tc
-0.0306 Tw
(eleda AG, Stollenrain 11, 4144 Arlesheim)Tj
ET
42.8 372.9 m
510.51 372.9 l
42.8 355.21 m
510.51 355.21 l
S
BT
10 0 0 10 42.7953 360.5109 Tm
-0.0002 Tc
0 Tw
[(Zul.-Nr)91.6(.: )]TJ
/F2 1 Tf
3.8772 0 TD
(52468)Tj
/F5 1 Tf
8.8787 0 TD
0 Tc
(V)Tj
0.6301 0 TD
-0.0001 Tc
(erkaufsart: )Tj
/F2 1 Tf
5.3042 0 TD
0 Tc
(D)Tj
/F5 1 Tf
6.8216 0 TD
-0.0001 Tc
-0.0306 Tw
[(Index: 20.02.0.)-9563.5(24.09.2002)]TJ
-25.5118 -2.2428 TD
0 Tw
[(Zusammensetzung:)-921.1(01)]TJ
8.3 0 0 8.3 156.1811 338.0827 Tm
0.0482 Tw
[(DEXTROCAMPHORA 50)-278.1(mg, EUCAL)91.5(YPTI AETHEROLEUM 50)-278.1(mg, PINI PUMILIONIS AETHERO-)]TJ
0 -1.3661 TD
0.0661 Tw
[(LEUM 10)-278.1(mg, PINI SIL)73.7(VESTRIS AETHEROLEUM 20)-278.1(mg, THYMI AETHEROLEUM 10)-278.1(mg, ADEPS)]TJ
T*
-0.0306 Tw
[(LANAE, EXCIPIENS ad UNGUENTUM pro 1)-278.1(g)0.1(. )]TJ
10 0 0 10 42.7953 301.2312 Tm
[(Anwendung:)-5285.2(Zur Erleichterung der Atmung bei Erkältungskrankheiten)]TJ
0 -1.4174 TD
-0.0002 Tc
0 Tw
[(Packung:)-5699.5(01)-305.7(019)-7141.9(3)0(0)-567.1(m)-0.1(L)-12217.6(D)]TJ
T*
-0.0001 Tc
-0.0306 Tw
[(* Gültig bis:)-5844.6(23. September 2007)]TJ
ET
42.8 264.47 m
510.51 264.47 l
S
BT
/F2 1 Tf
10 0 0 10 42.7953 228.4745 Tm
-0.0336 Tw
[(01)-1044.2(W)17.7(eleda Euphrasia-Augentr)17.7(opfen, anthr)17.7(oposophisches Arzneimittel)]TJ
/F5 1 Tf
T*
0 Tc
0 Tw
(W)Tj
0.9702 0 TD
-0.0001 Tc
-0.0306 Tw
(eleda AG, Stollenrain 11, 4144 Arlesheim)Tj
ET
42.8 206.35 m
510.51 206.35 l
42.8 188.66 m
510.51 188.66 l
S
BT
10 0 0 10 42.7953 193.9619 Tm
-0.0002 Tc
0 Tw
[(Zul.-Nr)91.6(.: )]TJ
/F2 1 Tf
3.8772 0 TD
(49537)Tj
/F5 1 Tf
8.8787 0 TD
0 Tc
(V)Tj
0.6301 0 TD
-0.0001 Tc
(erkaufsart: )Tj
/F2 1 Tf
5.3042 0 TD
0 Tc
(D)Tj
/F5 1 Tf
6.8216 0 TD
-0.0001 Tc
-0.0306 Tw
[(Index: 20.02.0.)-9563.5(24.09.2002)]TJ
-25.5118 -2.2428 TD
0 Tw
[(Zusammensetzung:)-921.1(01)]TJ
8.3 0 0 8.3 156.1811 171.5338 Tm
-0.0306 Tw
(EUPHRASIA OFFICINALIS D3 DILUTIO, KALII NITRAS.)Tj
10 0 0 10 42.7953 157.3601 Tm
[(Anwendung:)-5285.2(Bei Reizzuständen der Bindehäute)]TJ
0 -1.4174 TD
-0.0002 Tc
0 Tw
[(Packung:)-5699.5(01)-305.7(018)-7141.9(1)0(0)-567.1(m)-0.1(L)-12217.6(D)]TJ
T*
-0.0001 Tc
-0.0306 Tw
[(* Gültig bis:)-5844.6(23. September 2007)]TJ
ET
42.8 120.6 m
510.51 120.6 l
S
Q

q
1 i 
-9 851 613 -860 re
0 841 m
W n
0.03 841.02 595.02 -841.02 re
W n
BT
/F4 1 Tf
12.5 0 0 12.5 34.4488 811.7822 Tm
/Cs5 cs 0.161 0.145 0.149 sc
/GS1 gs
-0.0001 Tc
-0.0286 Tw
[(Arzneimittel Statistik)-130(/)-129.9(M)0.1(édicaments miscellanées)]TJ
ET
/Cs5 CS 0.161 0.145 0.149 SC
0 J 0 j 0.3 w 10 M []0 d
28.35 805.15 m
552.76 805.15 l
S
Q
q
1 i 
35.43 850.5 198.43 -24.09 re
308.74 811.782 m
W* n
-9 851 613 -860 re
0 841 m
W n
0.03 841.02 595.02 -841.02 re
W n
q
2.7718 0 0 -0.3608 0 0 cm
/Cs5 CS 0.502 0.51 0.518 SC
0 J 0 j 0.5 w 10 M []0 d
/GS1 gs
12.655 -2360.21 m
12.655 -2287.903 l
S
0.506 0.514 0.522 SC
13.121 -2360.21 m
13.121 -2287.903 l
S
0.51 0.514 0.525 SC
13.588 -2360.21 m
13.588 -2287.903 l
S
0.51 0.518 0.529 SC
14.054 -2360.21 m
14.054 -2287.903 l
S
0.514 0.522 0.529 SC
14.521 -2360.21 m
14.521 -2287.903 l
S
0.518 0.525 0.533 SC
14.987 -2360.21 m
14.987 -2287.903 l
S
0.518 0.525 0.537 SC
15.454 -2360.21 m
15.454 -2287.903 l
S
0.522 0.529 0.541 SC
15.92 -2360.21 m
15.92 -2287.903 l
S
0.525 0.533 0.541 SC
16.387 -2360.21 m
16.387 -2287.903 l
S
0.529 0.533 0.545 SC
16.853 -2360.21 m
16.853 -2287.903 l
S
0.529 0.537 0.549 SC
17.32 -2360.21 m
17.32 -2287.903 l
S
0.533 0.541 0.553 SC
17.786 -2360.21 m
17.786 -2287.903 l
S
0.537 0.545 0.553 SC
18.253 -2360.21 m
18.253 -2287.903 l
S
0.537 0.545 0.557 SC
18.719 -2360.21 m
18.719 -2287.903 l
S
0.541 0.549 0.561 SC
19.186 -2360.21 m
19.186 -2287.903 l
S
0.545 0.553 0.565 SC
19.652 -2360.21 m
19.652 -2287.903 l
S
0.549 0.557 0.565 SC
20.119 -2360.21 m
20.119 -2287.903 l
S
0.549 0.557 0.569 SC
20.585 -2360.21 m
20.585 -2287.903 l
S
0.553 0.561 0.573 SC
21.052 -2360.21 m
21.052 -2287.903 l
S
0.557 0.565 0.576 SC
21.518 -2360.21 m
21.518 -2287.903 l
S
0.561 0.569 0.576 SC
21.985 -2360.21 m
21.985 -2287.903 l
S
0.561 0.569 0.58 SC
22.451 -2360.21 m
22.451 -2287.903 l
S
0.565 0.573 0.584 SC
22.918 -2360.21 m
22.918 -2287.903 l
S
0.569 0.576 0.588 SC
23.384 -2360.21 m
23.384 -2287.903 l
S
0.573 0.58 0.588 SC
23.851 -2360.21 m
23.851 -2287.903 l
S
0.573 0.58 0.592 SC
24.317 -2360.21 m
24.317 -2287.903 l
S
0.576 0.584 0.596 SC
24.784 -2360.21 m
24.784 -2287.903 l
S
0.58 0.588 0.596 SC
25.25 -2360.21 m
25.25 -2287.903 l
S
0.584 0.592 0.6 SC
25.717 -2360.21 m
25.717 -2287.903 l
S
0.584 0.592 0.604 SC
26.183 -2360.21 m
26.183 -2287.903 l
S
0.588 0.596 0.608 SC
26.65 -2360.21 m
26.65 -2287.903 l
S
0.592 0.6 0.608 SC
27.116 -2360.21 m
27.116 -2287.903 l
S
0.596 0.604 0.612 SC
27.583 -2360.21 m
27.583 -2287.903 l
S
0.596 0.604 0.616 SC
28.049 -2360.21 m
28.049 -2287.903 l
S
0.6 0.608 0.62 SC
28.516 -2360.21 m
28.516 -2287.903 l
S
0.604 0.612 0.624 SC
28.982 -2360.21 m
28.982 -2287.903 l
S
0.608 0.616 0.624 SC
29.449 -2360.21 m
29.449 -2287.903 l
S
0.608 0.616 0.627 SC
29.915 -2360.21 m
29.915 -2287.903 l
S
0.612 0.62 0.631 SC
30.382 -2360.21 m
30.382 -2287.903 l
S
0.616 0.624 0.635 SC
30.848 -2360.21 m
30.848 -2287.903 l
S
0.62 0.627 0.635 SC
31.315 -2360.21 m
31.315 -2287.903 l
S
0.62 0.631 0.639 SC
31.781 -2360.21 m
31.781 -2287.903 l
S
0.624 0.631 0.643 SC
32.248 -2360.21 m
32.248 -2287.903 l
S
0.627 0.635 0.647 SC
32.714 -2360.21 m
32.714 -2287.903 l
S
0.631 0.639 0.647 SC
33.181 -2360.21 m
33.181 -2287.903 l
S
0.635 0.643 0.651 SC
33.647 -2360.21 m
33.647 -2287.903 l
S
0.635 0.643 0.655 SC
34.113 -2360.21 m
34.113 -2287.903 l
S
0.639 0.647 0.659 SC
34.58 -2360.21 m
34.58 -2287.903 l
S
0.643 0.651 0.663 SC
35.046 -2360.21 m
35.046 -2287.903 l
S
0.647 0.655 0.663 SC
35.513 -2360.21 m
35.513 -2287.903 l
S
0.651 0.659 0.667 SC
35.979 -2360.21 m
35.979 -2287.903 l
S
0.651 0.659 0.671 SC
36.446 -2360.21 m
36.446 -2287.903 l
S
0.655 0.663 0.675 SC
36.912 -2360.21 m
36.912 -2287.903 l
S
0.659 0.667 0.678 SC
37.379 -2360.21 m
37.379 -2287.903 l
S
0.663 0.671 0.678 SC
37.845 -2360.21 m
37.845 -2287.903 l
S
0.663 0.675 0.682 SC
38.312 -2360.21 m
38.312 -2287.903 l
S
0.667 0.675 0.686 SC
38.778 -2360.21 m
38.778 -2287.903 l
S
0.671 0.678 0.69 SC
39.245 -2360.21 m
39.245 -2287.903 l
S
0.675 0.682 0.69 SC
39.711 -2360.21 m
39.711 -2287.903 l
S
0.678 0.686 0.694 SC
40.178 -2360.21 m
40.178 -2287.903 l
S
0.682 0.69 0.698 SC
40.644 -2360.21 m
40.644 -2287.903 l
S
0.682 0.69 0.702 SC
41.111 -2360.21 m
41.111 -2287.903 l
S
0.686 0.694 0.706 SC
41.577 -2360.21 m
41.577 -2287.903 l
S
0.69 0.698 0.706 SC
42.044 -2360.21 m
42.044 -2287.903 l
S
0.694 0.702 0.71 SC
42.51 -2360.21 m
42.51 -2287.903 l
S
0.698 0.706 0.714 SC
42.977 -2360.21 m
42.977 -2287.903 l
S
0.698 0.706 0.718 SC
43.443 -2360.21 m
43.443 -2287.903 l
S
0.702 0.71 0.722 SC
43.91 -2360.21 m
43.91 -2287.903 l
S
0.706 0.714 0.722 SC
44.376 -2360.21 m
44.376 -2287.903 l
S
0.71 0.718 0.725 SC
44.843 -2360.21 m
44.843 -2287.903 l
S
0.714 0.722 0.729 SC
45.309 -2360.21 m
45.309 -2287.903 l
S
0.714 0.722 0.733 SC
45.776 -2360.21 m
45.776 -2287.903 l
S
0.718 0.725 0.737 SC
46.242 -2360.21 m
46.242 -2287.903 l
S
0.722 0.729 0.737 SC
46.709 -2360.21 m
46.709 -2287.903 l
S
0.725 0.733 0.741 SC
47.175 -2360.21 m
47.175 -2287.903 l
S
0.729 0.737 0.745 SC
47.642 -2360.21 m
47.642 -2287.903 l
S
0.733 0.741 0.749 SC
48.108 -2360.21 m
48.108 -2287.903 l
S
0.733 0.741 0.753 SC
48.575 -2360.21 m
48.575 -2287.903 l
49.041 -2360.21 m
49.041 -2287.903 l
S
0.737 0.745 0.753 SC
49.508 -2360.21 m
49.508 -2287.903 l
S
0.741 0.749 0.757 SC
49.974 -2360.21 m
49.974 -2287.903 l
S
0.745 0.753 0.761 SC
50.441 -2360.21 m
50.441 -2287.903 l
S
0.749 0.757 0.765 SC
50.907 -2360.21 m
50.907 -2287.903 l
S
0.753 0.761 0.769 SC
51.374 -2360.21 m
51.374 -2287.903 l
51.84 -2360.21 m
51.84 -2287.903 l
S
0.757 0.765 0.773 SC
52.307 -2360.21 m
52.307 -2287.903 l
S
0.761 0.769 0.776 SC
52.773 -2360.21 m
52.773 -2287.903 l
S
0.765 0.773 0.78 SC
53.24 -2360.21 m
53.24 -2287.903 l
S
0.769 0.776 0.784 SC
53.706 -2360.21 m
53.706 -2287.903 l
S
0.773 0.776 0.784 SC
54.173 -2360.21 m
54.173 -2287.903 l
S
0.776 0.78 0.788 SC
54.639 -2360.21 m
54.639 -2287.903 l
S
0.776 0.784 0.792 SC
55.106 -2360.21 m
55.106 -2287.903 l
S
0.78 0.788 0.796 SC
55.572 -2360.21 m
55.572 -2287.903 l
S
0.784 0.792 0.8 SC
56.039 -2360.21 m
56.039 -2287.903 l
S
0.788 0.796 0.8 SC
56.505 -2360.21 m
56.505 -2287.903 l
S
0.792 0.796 0.804 SC
56.972 -2360.21 m
56.972 -2287.903 l
S
0.796 0.8 0.808 SC
57.438 -2360.21 m
57.438 -2287.903 l
S
0.796 0.804 0.812 SC
57.905 -2360.21 m
57.905 -2287.903 l
S
0.8 0.808 0.816 SC
58.371 -2360.21 m
58.371 -2287.903 l
S
0.804 0.812 0.816 SC
58.838 -2360.21 m
58.838 -2287.903 l
S
0.808 0.812 0.82 SC
59.304 -2360.21 m
59.304 -2287.903 l
S
0.812 0.816 0.824 SC
59.771 -2360.21 m
59.771 -2287.903 l
S
0.816 0.82 0.827 SC
60.237 -2360.21 m
60.237 -2287.903 l
S
0.816 0.824 0.831 SC
60.704 -2360.21 m
60.704 -2287.903 l
S
0.82 0.827 0.831 SC
61.17 -2360.21 m
61.17 -2287.903 l
S
0.824 0.831 0.835 SC
61.637 -2360.21 m
61.637 -2287.903 l
S
0.827 0.831 0.839 SC
62.103 -2360.21 m
62.103 -2287.903 l
S
0.831 0.835 0.843 SC
62.57 -2360.21 m
62.57 -2287.903 l
S
0.835 0.839 0.843 SC
63.036 -2360.21 m
63.036 -2287.903 l
S
0.835 0.843 0.847 SC
63.503 -2360.21 m
63.503 -2287.903 l
S
0.839 0.847 0.851 SC
63.969 -2360.21 m
63.969 -2287.903 l
S
0.843 0.847 0.855 SC
64.436 -2360.21 m
64.436 -2287.903 l
S
0.847 0.851 0.859 SC
64.902 -2360.21 m
64.902 -2287.903 l
S
0.851 0.855 0.859 SC
65.369 -2360.21 m
65.369 -2287.903 l
S
0.855 0.859 0.863 SC
65.835 -2360.21 m
65.835 -2287.903 l
S
0.855 0.863 0.867 SC
66.302 -2360.21 m
66.302 -2287.903 l
S
0.859 0.863 0.871 SC
66.768 -2360.21 m
66.768 -2287.903 l
S
0.863 0.867 0.875 SC
67.235 -2360.21 m
67.235 -2287.903 l
S
0.867 0.871 0.875 SC
67.701 -2360.21 m
67.701 -2287.903 l
S
0.871 0.875 0.878 SC
68.168 -2360.21 m
68.168 -2287.903 l
S
0.875 0.878 0.882 SC
68.634 -2360.21 m
68.634 -2287.903 l
S
0.875 0.882 0.886 SC
69.101 -2360.21 m
69.101 -2287.903 l
S
0.878 0.882 0.89 SC
69.567 -2360.21 m
69.567 -2287.903 l
S
0.882 0.886 0.89 SC
70.034 -2360.21 m
70.034 -2287.903 l
S
0.886 0.89 0.894 SC
70.5 -2360.21 m
70.5 -2287.903 l
S
0.89 0.894 0.898 SC
70.967 -2360.21 m
70.967 -2287.903 l
S
0.894 0.898 0.902 SC
71.433 -2360.21 m
71.433 -2287.903 l
S
0.898 0.898 0.902 SC
71.9 -2360.21 m
71.9 -2287.903 l
S
0.898 0.902 0.906 SC
72.366 -2360.21 m
72.366 -2287.903 l
S
0.902 0.906 0.91 SC
72.833 -2360.21 m
72.833 -2287.903 l
S
0.906 0.91 0.914 SC
73.299 -2360.21 m
73.299 -2287.903 l
S
0.91 0.914 0.918 SC
73.766 -2360.21 m
73.766 -2287.903 l
S
0.914 0.918 0.922 SC
74.232 -2360.21 m
74.232 -2287.903 l
S
0.918 0.922 0.922 SC
74.699 -2360.21 m
74.699 -2287.903 l
S
0.922 0.922 0.925 SC
75.165 -2360.21 m
75.165 -2287.903 l
S
0.922 0.925 0.929 SC
75.632 -2360.21 m
75.632 -2287.903 l
S
0.925 0.929 0.933 SC
76.098 -2360.21 m
76.098 -2287.903 l
S
0.929 0.933 0.933 SC
76.565 -2360.21 m
76.565 -2287.903 l
S
0.933 0.937 0.937 SC
77.031 -2360.21 m
77.031 -2287.903 l
S
0.937 0.937 0.941 SC
77.498 -2360.21 m
77.498 -2287.903 l
S
0.941 0.941 0.945 SC
77.964 -2360.21 m
77.964 -2287.903 l
S
0.945 0.945 0.949 SC
78.431 -2360.21 m
78.431 -2287.903 l
S
0.945 0.949 0.949 SC
78.897 -2360.21 m
78.897 -2287.903 l
S
0.949 0.953 0.953 SC
79.364 -2360.21 m
79.364 -2287.903 l
S
0.953 0.957 0.957 SC
79.83 -2360.21 m
79.83 -2287.903 l
S
0.957 0.957 0.961 SC
80.297 -2360.21 m
80.297 -2287.903 l
S
0.961 0.961 0.965 SC
80.763 -2360.21 m
80.763 -2287.903 l
S
0.965 0.965 0.969 SC
81.23 -2360.21 m
81.23 -2287.903 l
S
0.969 0.969 0.969 SC
81.696 -2360.21 m
81.696 -2287.903 l
S
0.973 0.973 0.973 SC
82.163 -2360.21 m
82.163 -2287.903 l
S
0.976 0.976 0.976 SC
82.629 -2360.21 m
82.629 -2287.903 l
S
0.98 0.98 0.984 SC
83.096 -2360.21 m
83.096 -2287.903 l
S
0.988 0.988 0.988 SC
83.562 -2360.21 m
83.562 -2287.903 l
S
0.992 0.992 0.992 SC
84.029 -2360.21 m
84.029 -2287.903 l
S
1 1 1 SC
84.495 -2360.21 m
84.495 -2287.903 l
S
Q
Q
q
1 i 
-9 851 613 -860 re
0 841 m
W n
0.03 841.02 595.02 -841.02 re
W n
/Cs5 cs 0.161 0.145 0.149 sc
/GS1 gs
0.03 841.02 35.4 -6.11 re
f
/Cs5 CS 0.161 0.145 0.149 SC
0 J 0 j 0.3 w 10 M []0 d
28.347 841.076 m
28.347 805.006 l
S
286.3 22.8 22.68 -22.8 re
f
BT
/F1 1 Tf
10 0 0 10 289.2992 7.7671 Tm
1 1 1 sc
-0.0002 Tc
0 Tw
(680)Tj
/F3 1 Tf
7 0 0 7 35.4331 17.5374 Tm
0.161 0.145 0.149 sc
-0.0001 Tc
-0.0306 Tw
[(Swissmedic Jour)-17.9(nal)-1111.9(9/2002)]TJ
/F2 1 Tf
10 0 0 10 85.0394 763.6339 Tm
-0.0336 Tw
[(* 01)-161.1(Xyloplyin 2)-153.1(%)0(-Adr)17.7(enalin Dental, Injektionslösung)]TJ
/F5 1 Tf
0 -1.4174 TD
-0.0306 Tw
[(* Globopharm AG, Seestrasse 200, 8700 Küsnacht ZH)]TJ
ET
0.4 w 
85.04 741.51 m
552.76 741.51 l
85.04 723.82 m
552.76 723.82 l
S
BT
10 0 0 10 85.0394 729.1213 Tm
-0.0002 Tc
0 Tw
[(Zul.-Nr)91.6(.: )]TJ
/F2 1 Tf
3.8771 0 TD
(50822)Tj
/F5 1 Tf
8.8788 0 TD
0 Tc
(V)Tj
0.6301 0 TD
-0.0001 Tc
(erkaufsart: )Tj
/F2 1 Tf
5.3041 0 TD
0 Tc
(B)Tj
/F5 1 Tf
6.8216 0 TD
-0.0001 Tc
-0.0306 Tw
[(Index: 13.01.2.)-9563.5(25.09.2002)]TJ
-25.5118 -2.2428 TD
0 Tw
[(Zusammensetzung:)-921.1(01)]TJ
8.3 0 0 8.3 198.4252 706.6931 Tm
-0.0113 Tw
[(LIDOCAINI HYDROCHLORIDUM ANHYDRICUM 20)-278.1(mg, ADRENALINUM 10)-278.1(ug ut ADRENALINI)]TJ
0 -1.3661 TD
-0.0549 Tc
0 Tw
(TA)Tj
1.2228 0 TD
(R)Tj
0.5932 0 TD
-0.0001 Tc
-0.04 Tw
[(TRAS, NA)73.7(TRII CHLORIDUM, ANTIOX.: E)-278.1(223 0.5)-278.1(mg, AQUA q.s. ad SOLUTIONEM pro 1)-278.1(mL. )]TJ
10 0 0 10 85.0394 681.1805 Tm
-0.0306 Tw
[(Anwendung:)-5285.2(Lokalanästhetikum für die Zahnheilkunde)]TJ
0 -1.4174 TD
[(Packung:)-5699.4(01)-305.6(036)-2534.9(100 x 1.8)-278.1(mL)-567(Zylinderampulle\(n\))-4773.9(B)]TJ
T*
0.1924 Tw
[(* )223(Bemerkungen:)-3702(Ersetzt die Registrierungsurkunde vom 22.10.1999 \(Änderung Zulassungs-)]TJ
11.3386 -1.1339 TD
-0.0306 Tw
(inhaberin und Änderung Präparatenamen\))Tj
0 -1.4174 TD
[(Früher: Xylocain 2)-139.1(%)0(-Adrenalin ad us.dent., Injektionslösung)]TJ
-11.3386 -1.4174 TD
[(Gültig bis:)-6647.8(31. Dezember 2004)]TJ
ET
85.04 604.73 m
552.76 604.73 l
S
BT
/F2 1 Tf
10 0 0 10 85.0394 568.7375 Tm
-0.0337 Tw
[(01)-1044.2(Zeller Augenwasser)]TJ
/F5 1 Tf
T*
-0.0306 Tw
(Max Zeller Söhne AG, Seeblickstrasse 4, 8590 Romanshorn)Tj
ET
85.04 546.61 m
552.76 546.61 l
85.04 528.92 m
552.76 528.92 l
S
BT
10 0 0 10 85.0394 534.2249 Tm
-0.0002 Tc
0 Tw
[(Zul.-Nr)91.6(.: )]TJ
/F2 1 Tf
3.8771 0 TD
(09437)Tj
/F5 1 Tf
8.8788 0 TD
0 Tc
(V)Tj
0.6301 0 TD
-0.0001 Tc
(erkaufsart: )Tj
/F2 1 Tf
5.3041 0 TD
0 Tc
(D)Tj
/F5 1 Tf
6.8216 0 TD
-0.0001 Tc
-0.0306 Tw
[(Index: 11.06.3.)-9563.5(26.09.2002)]TJ
-25.5118 -2.2428 TD
0 Tw
[(Zusammensetzung:)-921.1(01)]TJ
8.3 0 0 8.3 198.4252 511.7967 Tm
0.13 Tw
[(CROCI STIGMA 0.2)-278.1(mg, FOENICULI AETHEROLEUM 0.6)-278.1(mg, ZINCI SULF)36.7(AS 1)-278.1(mg, CONSER)17.7(V)91.5(.)0.2(:)]TJ
0 -1.3661 TD
-0.0306 Tw
[(PHENYLHYDRARGYRI BORAS, EXCIPIENS ad SOLUTIONEM pro 1)-278.1(mL. )]TJ
10 0 0 10 85.0394 486.2842 Tm
[(Anwendung:)-5285.2(Reizungen und leichte Entzündungen der Augen)]TJ
0 -1.4174 TD
-0.0002 Tc
0 Tw
[(Packung:)-5699.5(01)-305.7(045)-6586(1)0(00)-567.2(mL)-12217.6(D)]TJ
T*
-0.0001 Tc
-0.0306 Tw
[(* Gültig bis:)-5844.6(25. September 2007)]TJ
ET
85.04 449.52 m
552.76 449.52 l
S
BT
/F2 1 Tf
10 0 0 10 85.0394 413.5275 Tm
-0.0337 Tw
[(01)-1044.2(Zellerbalsam-Salbe, Salbe)]TJ
/F5 1 Tf
T*
-0.0306 Tw
(Max Zeller Söhne AG, Seeblickstrasse 4, 8590 Romanshorn)Tj
ET
85.04 391.4 m
552.76 391.4 l
85.04 373.71 m
552.76 373.71 l
S
BT
10 0 0 10 85.0394 379.0149 Tm
-0.0002 Tc
0 Tw
[(Zul.-Nr)91.6(.: )]TJ
/F2 1 Tf
3.8771 0 TD
(09439)Tj
/F5 1 Tf
8.8788 0 TD
0 Tc
(V)Tj
0.6301 0 TD
-0.0001 Tc
(erkaufsart: )Tj
/F2 1 Tf
5.3041 0 TD
0 Tc
(D)Tj
/F5 1 Tf
6.8216 0 TD
-0.0001 Tc
-0.0306 Tw
[(Index: 10.06.0.)-9563.5(12.09.2002)]TJ
-25.5118 -2.2428 TD
0 Tw
[(Zusammensetzung:)-921.1(01)]TJ
8.3 0 0 8.3 198.4252 356.5867 Tm
0.0103 Tw
[(EXTRACTUM 50)-278.1(mg ex: BENZOE TONKINENSIS, BALSAMUM TOLUT)54.7(ANUM, MYRRHA, OLIBA-)]TJ
0 -1.3661 TD
0.0096 Tw
(NUM, RHOEADOS FLOS, ABSINTHII HERBA, MILLEFOLII HERBA, GUAIACI LIGNUM, TORMEN-)Tj
T*
0.1146 Tw
[(TILLAE RHIZOMA, BALSAMUM PERUVIANUM 23)-278.1(mg, ZINCI OXIDUM 31)-278.1(mg, DEXTROCAM-)]TJ
T*
-0.0645 Tw
[(PHORA 10)-278.1(mg, TEREBINTHINA LARICINA 13)-278.1(mg, ADEPS LANAE, ANTIOX.: E)-278.1(311, EXCIPIENS ad)]TJ
T*
-0.0306 Tw
[(UNGUENTUM pro 1)-278.1(g)0.1(. )]TJ
10 0 0 10 85.0394 297.0572 Tm
[(Anwendung:)-5285.2(Bei kleineren Hautaf)17.7(fektionen und -verletzungen)]TJ
0 -1.4174 TD
0 Tw
[(Packungen:)-4532.7(01)-305.6(013)-7141.8(3)0.1(0)-567(g)-12995.4(D)]TJ
11.3386 -1.4174 TD
-0.0002 Tc
[(048)-7141.9(5)0(0)-567.1(g)-12995.5(D)]TJ
-11.3386 -1.4174 TD
-0.0001 Tc
-0.0306 Tw
[(Bemerkungen:)-4505.2(V)36.8(erlängerung der Zulassungsbescheinigung)]TJ
11.3386 -1.4174 TD
(Ersetzt die Registrierungsurkunde vom 12.12.1997)Tj
-11.3386 -1.4174 TD
[(* Gültig bis:)-5844.6(11. September 2007)]TJ
ET
85.04 217.77 m
552.76 217.77 l
S
Q

q
1 i 
-9 851 613 -860 re
0 841 m
W n
0.03 841.02 595.02 -841.02 re
W n
BT
/F4 1 Tf
12.5 0 0 12.5 285.8058 811.7825 Tm
/Cs5 cs 0.161 0.145 0.149 sc
/GS1 gs
-0.0001 Tc
-0.0286 Tw
[(Arzneimittel Statistik)-130(/)-129.9(M)0.1(édicaments miscellanées)]TJ
ET
/Cs5 CS 0.161 0.145 0.149 SC
0 J 0 j 0.3 w 10 M []0 d
42.8 805.15 m
567.2 805.15 l
S
Q
q
1 i 
361.69 850.5 198.43 -24.09 re
560.097 811.782 m
W* n
-9 851 613 -860 re
0 841 m
W n
0.03 841.02 595.02 -841.02 re
W n
q
2.7718 0 0 -0.3608 0 0 cm
/Cs5 CS 1 1 1 SC
0 J 0 j 0.5 w 10 M []0 d
/GS1 gs
130.36 -2360.21 m
130.36 -2287.903 l
S
0.992 0.992 0.992 SC
130.827 -2360.21 m
130.827 -2287.903 l
S
0.988 0.988 0.988 SC
131.293 -2360.21 m
131.293 -2287.903 l
S
0.98 0.98 0.984 SC
131.76 -2360.21 m
131.76 -2287.903 l
S
0.976 0.976 0.976 SC
132.226 -2360.21 m
132.226 -2287.903 l
S
0.973 0.973 0.973 SC
132.693 -2360.21 m
132.693 -2287.903 l
S
0.969 0.969 0.969 SC
133.159 -2360.21 m
133.159 -2287.903 l
S
0.965 0.965 0.969 SC
133.626 -2360.21 m
133.626 -2287.903 l
S
0.961 0.961 0.965 SC
134.092 -2360.21 m
134.092 -2287.903 l
S
0.957 0.957 0.961 SC
134.559 -2360.21 m
134.559 -2287.903 l
S
0.953 0.957 0.957 SC
135.025 -2360.21 m
135.025 -2287.903 l
S
0.949 0.953 0.953 SC
135.492 -2360.21 m
135.492 -2287.903 l
S
0.945 0.949 0.949 SC
135.958 -2360.21 m
135.958 -2287.903 l
S
0.945 0.945 0.949 SC
136.425 -2360.21 m
136.425 -2287.903 l
S
0.941 0.941 0.945 SC
136.891 -2360.21 m
136.891 -2287.903 l
S
0.937 0.937 0.941 SC
137.358 -2360.21 m
137.358 -2287.903 l
S
0.933 0.937 0.937 SC
137.824 -2360.21 m
137.824 -2287.903 l
S
0.929 0.933 0.933 SC
138.291 -2360.21 m
138.291 -2287.903 l
S
0.925 0.929 0.933 SC
138.757 -2360.21 m
138.757 -2287.903 l
S
0.922 0.925 0.929 SC
139.224 -2360.21 m
139.224 -2287.903 l
S
0.922 0.922 0.925 SC
139.69 -2360.21 m
139.69 -2287.903 l
S
0.918 0.922 0.922 SC
140.157 -2360.21 m
140.157 -2287.903 l
S
0.914 0.918 0.922 SC
140.623 -2360.21 m
140.623 -2287.903 l
S
0.91 0.914 0.918 SC
141.09 -2360.21 m
141.09 -2287.903 l
S
0.906 0.91 0.914 SC
141.556 -2360.21 m
141.556 -2287.903 l
S
0.902 0.906 0.91 SC
142.023 -2360.21 m
142.023 -2287.903 l
S
0.898 0.902 0.906 SC
142.489 -2360.21 m
142.489 -2287.903 l
S
0.898 0.898 0.902 SC
142.956 -2360.21 m
142.956 -2287.903 l
S
0.894 0.898 0.902 SC
143.422 -2360.21 m
143.422 -2287.903 l
S
0.89 0.894 0.898 SC
143.889 -2360.21 m
143.889 -2287.903 l
S
0.886 0.89 0.894 SC
144.355 -2360.21 m
144.355 -2287.903 l
S
0.882 0.886 0.89 SC
144.822 -2360.21 m
144.822 -2287.903 l
S
0.878 0.882 0.89 SC
145.288 -2360.21 m
145.288 -2287.903 l
S
0.875 0.882 0.886 SC
145.755 -2360.21 m
145.755 -2287.903 l
S
0.875 0.878 0.882 SC
146.221 -2360.21 m
146.221 -2287.903 l
S
0.871 0.875 0.878 SC
146.688 -2360.21 m
146.688 -2287.903 l
S
0.867 0.871 0.875 SC
147.154 -2360.21 m
147.154 -2287.903 l
S
0.863 0.867 0.875 SC
147.621 -2360.21 m
147.621 -2287.903 l
S
0.859 0.863 0.871 SC
148.087 -2360.21 m
148.087 -2287.903 l
S
0.855 0.863 0.867 SC
148.554 -2360.21 m
148.554 -2287.903 l
S
0.855 0.859 0.863 SC
149.02 -2360.21 m
149.02 -2287.903 l
S
0.851 0.855 0.859 SC
149.487 -2360.21 m
149.487 -2287.903 l
S
0.847 0.851 0.859 SC
149.953 -2360.21 m
149.953 -2287.903 l
S
0.843 0.847 0.855 SC
150.42 -2360.21 m
150.42 -2287.903 l
S
0.839 0.847 0.851 SC
150.886 -2360.21 m
150.886 -2287.903 l
S
0.835 0.843 0.847 SC
151.353 -2360.21 m
151.353 -2287.903 l
S
0.835 0.839 0.843 SC
151.819 -2360.21 m
151.819 -2287.903 l
S
0.831 0.835 0.843 SC
152.286 -2360.21 m
152.286 -2287.903 l
S
0.827 0.831 0.839 SC
152.752 -2360.21 m
152.752 -2287.903 l
S
0.824 0.831 0.835 SC
153.219 -2360.21 m
153.219 -2287.903 l
S
0.82 0.827 0.831 SC
153.685 -2360.21 m
153.685 -2287.903 l
S
0.816 0.824 0.831 SC
154.152 -2360.21 m
154.152 -2287.903 l
S
0.816 0.82 0.827 SC
154.618 -2360.21 m
154.618 -2287.903 l
S
0.812 0.816 0.824 SC
155.085 -2360.21 m
155.085 -2287.903 l
S
0.808 0.812 0.82 SC
155.551 -2360.21 m
155.551 -2287.903 l
S
0.804 0.812 0.816 SC
156.018 -2360.21 m
156.018 -2287.903 l
S
0.8 0.808 0.816 SC
156.484 -2360.21 m
156.484 -2287.903 l
S
0.796 0.804 0.812 SC
156.951 -2360.21 m
156.951 -2287.903 l
S
0.796 0.8 0.808 SC
157.417 -2360.21 m
157.417 -2287.903 l
S
0.792 0.796 0.804 SC
157.884 -2360.21 m
157.884 -2287.903 l
S
0.788 0.796 0.8 SC
158.35 -2360.21 m
158.35 -2287.903 l
S
0.784 0.792 0.8 SC
158.817 -2360.21 m
158.817 -2287.903 l
S
0.78 0.788 0.796 SC
159.283 -2360.21 m
159.283 -2287.903 l
S
0.776 0.784 0.792 SC
159.75 -2360.21 m
159.75 -2287.903 l
S
0.776 0.78 0.788 SC
160.216 -2360.21 m
160.216 -2287.903 l
S
0.773 0.776 0.784 SC
160.683 -2360.21 m
160.683 -2287.903 l
S
0.769 0.776 0.784 SC
161.149 -2360.21 m
161.149 -2287.903 l
S
0.765 0.773 0.78 SC
161.616 -2360.21 m
161.616 -2287.903 l
S
0.761 0.769 0.776 SC
162.082 -2360.21 m
162.082 -2287.903 l
S
0.757 0.765 0.773 SC
162.549 -2360.21 m
162.549 -2287.903 l
S
0.753 0.761 0.769 SC
163.015 -2360.21 m
163.015 -2287.903 l
163.482 -2360.21 m
163.482 -2287.903 l
S
0.749 0.757 0.765 SC
163.948 -2360.21 m
163.948 -2287.903 l
S
0.745 0.753 0.761 SC
164.415 -2360.21 m
164.415 -2287.903 l
S
0.741 0.749 0.757 SC
164.881 -2360.21 m
164.881 -2287.903 l
S
0.737 0.745 0.753 SC
165.348 -2360.21 m
165.348 -2287.903 l
S
0.733 0.741 0.753 SC
165.814 -2360.21 m
165.814 -2287.903 l
S
0.733 0.741 0.749 SC
166.281 -2360.21 m
166.281 -2287.903 l
166.747 -2360.21 m
166.747 -2287.903 l
S
0.729 0.737 0.745 SC
167.214 -2360.21 m
167.214 -2287.903 l
S
0.725 0.733 0.741 SC
167.68 -2360.21 m
167.68 -2287.903 l
S
0.722 0.729 0.737 SC
168.147 -2360.21 m
168.147 -2287.903 l
S
0.718 0.725 0.737 SC
168.613 -2360.21 m
168.613 -2287.903 l
S
0.714 0.722 0.733 SC
169.08 -2360.21 m
169.08 -2287.903 l
S
0.714 0.722 0.729 SC
169.546 -2360.21 m
169.546 -2287.903 l
S
0.71 0.718 0.725 SC
170.013 -2360.21 m
170.013 -2287.903 l
S
0.706 0.714 0.722 SC
170.479 -2360.21 m
170.479 -2287.903 l
S
0.702 0.71 0.722 SC
170.946 -2360.21 m
170.946 -2287.903 l
S
0.698 0.706 0.718 SC
171.412 -2360.21 m
171.412 -2287.903 l
S
0.698 0.706 0.714 SC
171.879 -2360.21 m
171.879 -2287.903 l
S
0.694 0.702 0.71 SC
172.345 -2360.21 m
172.345 -2287.903 l
S
0.69 0.698 0.706 SC
172.812 -2360.21 m
172.812 -2287.903 l
S
0.686 0.694 0.706 SC
173.278 -2360.21 m
173.278 -2287.903 l
S
0.682 0.69 0.702 SC
173.745 -2360.21 m
173.745 -2287.903 l
S
0.682 0.69 0.698 SC
174.211 -2360.21 m
174.211 -2287.903 l
S
0.678 0.686 0.694 SC
174.678 -2360.21 m
174.678 -2287.903 l
S
0.675 0.682 0.69 SC
175.144 -2360.21 m
175.144 -2287.903 l
S
0.671 0.678 0.69 SC
175.611 -2360.21 m
175.611 -2287.903 l
S
0.667 0.675 0.686 SC
176.077 -2360.21 m
176.077 -2287.903 l
S
0.663 0.675 0.682 SC
176.544 -2360.21 m
176.544 -2287.903 l
S
0.663 0.671 0.678 SC
177.01 -2360.21 m
177.01 -2287.903 l
S
0.659 0.667 0.678 SC
177.477 -2360.21 m
177.477 -2287.903 l
S
0.655 0.663 0.675 SC
177.943 -2360.21 m
177.943 -2287.903 l
S
0.651 0.659 0.671 SC
178.41 -2360.21 m
178.41 -2287.903 l
S
0.651 0.659 0.667 SC
178.876 -2360.21 m
178.876 -2287.903 l
S
0.647 0.655 0.663 SC
179.343 -2360.21 m
179.343 -2287.903 l
S
0.643 0.651 0.663 SC
179.809 -2360.21 m
179.809 -2287.903 l
S
0.639 0.647 0.659 SC
180.276 -2360.21 m
180.276 -2287.903 l
S
0.635 0.643 0.655 SC
180.742 -2360.21 m
180.742 -2287.903 l
S
0.635 0.643 0.651 SC
181.209 -2360.21 m
181.209 -2287.903 l
S
0.631 0.639 0.647 SC
181.675 -2360.21 m
181.675 -2287.903 l
S
0.627 0.635 0.647 SC
182.142 -2360.21 m
182.142 -2287.903 l
S
0.624 0.631 0.643 SC
182.608 -2360.21 m
182.608 -2287.903 l
S
0.62 0.631 0.639 SC
183.075 -2360.21 m
183.075 -2287.903 l
S
0.62 0.627 0.635 SC
183.541 -2360.21 m
183.541 -2287.903 l
S
0.616 0.624 0.635 SC
184.008 -2360.21 m
184.008 -2287.903 l
S
0.612 0.62 0.631 SC
184.474 -2360.21 m
184.474 -2287.903 l
S
0.608 0.616 0.627 SC
184.941 -2360.21 m
184.941 -2287.903 l
S
0.608 0.616 0.624 SC
185.407 -2360.21 m
185.407 -2287.903 l
S
0.604 0.612 0.624 SC
185.874 -2360.21 m
185.874 -2287.903 l
S
0.6 0.608 0.62 SC
186.34 -2360.21 m
186.34 -2287.903 l
S
0.596 0.604 0.616 SC
186.806 -2360.21 m
186.806 -2287.903 l
S
0.596 0.604 0.612 SC
187.273 -2360.21 m
187.273 -2287.903 l
S
0.592 0.6 0.608 SC
187.739 -2360.21 m
187.739 -2287.903 l
S
0.588 0.596 0.608 SC
188.206 -2360.21 m
188.206 -2287.903 l
S
0.584 0.592 0.604 SC
188.672 -2360.21 m
188.672 -2287.903 l
S
0.584 0.592 0.6 SC
189.139 -2360.21 m
189.139 -2287.903 l
S
0.58 0.588 0.596 SC
189.605 -2360.21 m
189.605 -2287.903 l
S
0.576 0.584 0.596 SC
190.072 -2360.21 m
190.072 -2287.903 l
S
0.573 0.58 0.592 SC
190.538 -2360.21 m
190.538 -2287.903 l
S
0.573 0.58 0.588 SC
191.005 -2360.21 m
191.005 -2287.903 l
S
0.569 0.576 0.588 SC
191.471 -2360.21 m
191.471 -2287.903 l
S
0.565 0.573 0.584 SC
191.938 -2360.21 m
191.938 -2287.903 l
S
0.561 0.569 0.58 SC
192.404 -2360.21 m
192.404 -2287.903 l
S
0.561 0.569 0.576 SC
192.871 -2360.21 m
192.871 -2287.903 l
S
0.557 0.565 0.576 SC
193.337 -2360.21 m
193.337 -2287.903 l
S
0.553 0.561 0.573 SC
193.804 -2360.21 m
193.804 -2287.903 l
S
0.549 0.557 0.569 SC
194.27 -2360.21 m
194.27 -2287.903 l
S
0.549 0.557 0.565 SC
194.737 -2360.21 m
194.737 -2287.903 l
S
0.545 0.553 0.565 SC
195.203 -2360.21 m
195.203 -2287.903 l
S
0.541 0.549 0.561 SC
195.67 -2360.21 m
195.67 -2287.903 l
S
0.537 0.545 0.557 SC
196.136 -2360.21 m
196.136 -2287.903 l
S
0.537 0.545 0.553 SC
196.603 -2360.21 m
196.603 -2287.903 l
S
0.533 0.541 0.553 SC
197.069 -2360.21 m
197.069 -2287.903 l
S
0.529 0.537 0.549 SC
197.536 -2360.21 m
197.536 -2287.903 l
S
0.529 0.533 0.545 SC
198.002 -2360.21 m
198.002 -2287.903 l
S
0.525 0.533 0.541 SC
198.469 -2360.21 m
198.469 -2287.903 l
S
0.522 0.529 0.541 SC
198.935 -2360.21 m
198.935 -2287.903 l
S
0.518 0.525 0.537 SC
199.402 -2360.21 m
199.402 -2287.903 l
S
0.518 0.525 0.533 SC
199.868 -2360.21 m
199.868 -2287.903 l
S
0.514 0.522 0.529 SC
200.335 -2360.21 m
200.335 -2287.903 l
S
0.51 0.518 0.529 SC
200.801 -2360.21 m
200.801 -2287.903 l
S
0.51 0.514 0.525 SC
201.268 -2360.21 m
201.268 -2287.903 l
S
0.506 0.514 0.522 SC
201.734 -2360.21 m
201.734 -2287.903 l
S
0.502 0.51 0.518 SC
202.201 -2360.21 m
202.201 -2287.903 l
S
Q
Q
q
1 i 
-9 851 613 -860 re
0 841 m
W n
0.03 841.02 595.02 -841.02 re
W n
/Cs5 cs 0.161 0.145 0.149 sc
/GS1 gs
560.12 841.02 34.93 -6.11 re
f
/Cs5 CS 0.161 0.145 0.149 SC
0 J 0 j 0.3 w 10 M []0 d
567.202 840.678 m
567.202 804.948 l
S
BT
/F2 1 Tf
10 0 0 10 42.7953 763.6339 Tm
-0.0001 Tc
-0.0336 Tw
[(02)-1044.2(Zypr)17.7(exa 5)-306(m)-0.1(g, comprimés filmés)]TJ
0 -1.2835 TD
[(03)-1044.2(Zypr)17.7(exa 7,5)-306(mg, comprimés filmés)]TJ
T*
[(04)-1044.2(Zypr)17.7(exa 10)-306(mg, comprimés filmés)]TJ
T*
[(05)-1044.2(Zypr)17.7(exa 2,5)-306(mg, comprimés filmés)]TJ
T*
[(06)-1044.2(Zypr)17.7(exa 15)-306(mg, comprimés filmés)]TJ
T*
[(07)-1044.2(Zypr)17.7(exa 20)-306(mg, comprimés filmés)]TJ
/F5 1 Tf
0 -1.4174 TD
-0.0306 Tw
[(Eli Lilly \(Suisse\) SA, 16, chemin des Coquelicots, 1214 V)36.8(e)0.1(rnier)]TJ
ET
0.4 w 
42.8 677.34 m
510.51 677.34 l
42.8 659.65 m
510.51 659.65 l
S
BT
10 0 0 10 42.7953 664.948 Tm
-0.0002 Tc
0 Tw
[(N°)-247.4(AMM: )]TJ
/F2 1 Tf
4.5038 0 TD
(53709)Tj
/F5 1 Tf
8.2521 0 TD
-0.0001 Tc
-0.0306 Tw
(Mode de vente: )Tj
/F2 1 Tf
7.5194 0 TD
0 Tc
0 Tw
(B)Tj
/F5 1 Tf
5.2365 0 TD
-0.0001 Tc
-0.0306 Tw
[(Index: 01.05.0.)-9563.5(25.09.2002)]TJ
-25.5118 -2.2428 TD
-0.0002 Tc
0 Tw
[(Composition:)-3756.2(02)]TJ
8.3 0 0 8.3 156.1811 642.5199 Tm
-0.0001 Tc
-0.0306 Tw
[(OLANZAPINUM 5)-278.1(mg, EXCIPIENS pro COMPRESSO OBDUCTO.)]TJ
10 0 0 10 142.0079 628.3463 Tm
-0.0002 Tc
0 Tw
(03)Tj
8.3 0 0 8.3 156.1811 628.3463 Tm
-0.0001 Tc
-0.0306 Tw
[(OLANZAPINUM 7.5)-278.1(mg, EXCIPIENS pro COMPRESSO OBDUCTO.)]TJ
10 0 0 10 142.0079 614.1727 Tm
-0.0002 Tc
0 Tw
(04)Tj
8.3 0 0 8.3 156.1811 614.1727 Tm
-0.0001 Tc
-0.0306 Tw
[(OLANZAPINUM 10)-278.1(mg, EXCIPIENS pro COMPRESSO OBDUCTO.)]TJ
10 0 0 10 142.0079 599.999 Tm
-0.0002 Tc
0 Tw
(05)Tj
8.3 0 0 8.3 156.1811 599.999 Tm
-0.0001 Tc
-0.0306 Tw
[(OLANZAPINUM 2.5)-278.1(mg, EXCIPIENS pro COMPRESSO OBDUCTO.)]TJ
10 0 0 10 142.0079 585.8254 Tm
-0.0002 Tc
0 Tw
(06)Tj
8.3 0 0 8.3 156.1811 585.8253 Tm
-0.0001 Tc
-0.0306 Tw
[(OLANZAPINUM 15)-278.1(mg, COLOR.: E)-278.1(132, EXCIPIENS pro COMPRESSO OBDUCTO.)]TJ
10 0 0 10 142.0079 571.6518 Tm
-0.0002 Tc
0 Tw
(07)Tj
8.3 0 0 8.3 156.1811 571.6518 Tm
-0.0001 Tc
-0.0306 Tw
[(OLANZAPINUM 20)-278.1(mg, EXCIPIENS pro COMPRESSO OBDUCTO.)]TJ
10 0 0 10 42.7953 557.4782 Tm
-0.0002 Tc
[(* Indication:)-5592.2(Neuroleptique)]TJ
0 -1.4174 TD
-0.0001 Tc
[(Conditionnements:)-1033.7(02)-305.6(087)-7141.8(2)0.1(8)-567(comprimés filmés)-5525.9(B)]TJ
9.9213 -1.4174 TD
[(03)-305.6(117)-7141.8(5)0.1(6)-567(comprimés filmés)-5525.9(B)]TJ
T*
[(04)-305.6(125)-7141.8(2)0.1(8)-567(comprimés filmés)-5525.9(B)]TJ
T*
[(05)-305.6(133)-7141.8(2)0.1(8)-567(comprimés filmés)-5525.9(B)]TJ
T*
[(06)-305.6(141)-7141.8(2)0.1(8)-567(comprimés filmés)-5525.9(B)]TJ
T*
[(07)-305.6(168)-7141.8(2)0.1(8)-567(comprimés filmés)-5525.9(B)]TJ
-9.9213 -1.4174 TD
[(Remarque:)-6282.8(Cette attestation d’enregistrement annule celle du 14.11.2001)]TJ
T*
-0.0488 Tc
0 Tw
(Va)Tj
1.174 0 TD
-0.0001 Tc
-0.0306 Tw
[(lable jusqu’au:)-3417.3(31 décembre 2006)]TJ
ET
42.8 435.67 m
510.51 435.67 l
S
BT
/F2 1 Tf
10 0 0 10 42.7953 399.6797 Tm
-0.0336 Tw
[(01)-1044.2(Zypr)17.7(exa V)54.8(elotab 5)-306(m)-0.1(g, comprimés or)17.7(odispersibles)]TJ
0 -1.2835 TD
[(02)-1044.2(Zypr)17.7(exa V)54.8(elotab 10)-306(mg, comprimés or)17.7(odispersibles)]TJ
T*
[(03)-1044.2(Zypr)17.7(exa V)54.8(elotab 15)-306(mg, comprimés or)17.7(odispersibles)]TJ
T*
[(04)-1044.2(Zypr)17.7(exa V)54.8(elotab 20)-306(mg, comprimés or)17.7(odispersibles)]TJ
/F5 1 Tf
0 -1.4174 TD
-0.0306 Tw
[(Eli Lilly \(Suisse\) SA, 16, chemin des Coquelicots, 1214 V)36.8(e)0.1(rnier)]TJ
ET
42.8 339.05 m
510.51 339.05 l
42.8 321.36 m
510.51 321.36 l
S
BT
10 0 0 10 42.7953 326.6631 Tm
-0.0002 Tc
0 Tw
[(N°)-247.4(AMM: )]TJ
/F2 1 Tf
4.5038 0 TD
(55311)Tj
/F5 1 Tf
8.2521 0 TD
-0.0001 Tc
-0.0306 Tw
(Mode de vente: )Tj
/F2 1 Tf
7.5194 0 TD
0 Tc
0 Tw
(B)Tj
/F5 1 Tf
5.2365 0 TD
-0.0001 Tc
-0.0306 Tw
[(Index: 01.05.0.)-9563.5(25.09.2002)]TJ
-25.5118 -2.2428 TD
-0.0002 Tc
0 Tw
[(Composition:)-3756.2(01)]TJ
8.3 0 0 8.3 156.1811 304.235 Tm
-0.0001 Tc
0.1065 Tw
[(OLANZAPINUM 5)-278.1(mg, ASP)36.7(AR)17.7(T)54.8(AMUM, CONSER)17.7(V)91.5(.: E)-278.1(217, E)-278.1(219, EXCIPIENS pro COMPRESSO)]TJ
0 -1.3661 TD
-0.0002 Tc
0 Tw
(OBDUCTO.)Tj
10 0 0 10 142.0079 278.7224 Tm
(02)Tj
8.3 0 0 8.3 156.1811 278.7224 Tm
-0.0001 Tc
0.037 Tw
[(OLANZAPINUM 10)-278.1(mg, ASP)36.7(AR)17.7(T)54.8(AMUM, CONSER)17.7(V)91.5(.: E)-278.1(217, E)-278.1(219, EXCIPIENS pro COMPRESSO)]TJ
T*
-0.0002 Tc
0 Tw
(OBDUCTO.)Tj
10 0 0 10 142.0079 253.2098 Tm
(03)Tj
8.3 0 0 8.3 156.1811 253.2098 Tm
-0.0001 Tc
0.037 Tw
[(OLANZAPINUM 15)-278.1(mg, ASP)36.7(AR)17.7(T)54.8(AMUM, CONSER)17.7(V)91.5(.: E)-278.1(217, E)-278.1(219, EXCIPIENS pro COMPRESSO)]TJ
T*
-0.0002 Tc
0 Tw
(OBDUCTO.)Tj
10 0 0 10 142.0079 227.6971 Tm
(04)Tj
8.3 0 0 8.3 156.1811 227.6971 Tm
-0.0001 Tc
0.037 Tw
[(OLANZAPINUM 20)-278.1(mg, ASP)36.7(AR)17.7(T)54.8(AMUM, CONSER)17.7(V)91.5(.: E)-278.1(217, E)-278.1(219, EXCIPIENS pro COMPRESSO)]TJ
T*
-0.0002 Tc
0 Tw
(OBDUCTO.)Tj
10 0 0 10 42.7953 202.1845 Tm
-0.0305 Tw
[(* Indication:)-5592.2(Neuroleptique)]TJ
0 -1.4174 TD
-0.0001 Tc
0 Tw
[(Conditionnements:)-1033.7(01)-305.6(002)-7141.8(2)0.1(8)-567(Schmelztabletten)-5495.1(B)]TJ
9.9213 -1.4174 TD
[(02)-305.6(004)-7141.8(2)0.1(8)-567(Schmelztabletten)-5495.1(B)]TJ
T*
[(03)-305.6(006)-7141.8(2)0.1(8)-567(Schmelztabletten)-5495.1(B)]TJ
T*
[(04)-305.6(008)-7141.8(2)0.1(8)-567(Schmelztabletten)-5495.1(B)]TJ
-9.9213 -1.4174 TD
-0.0306 Tw
[(Remarque:)-6282.8(Cette attestation d’enregistrement annule celle du 28.06.2000)]TJ
T*
-0.0488 Tc
0 Tw
(Va)Tj
1.174 0 TD
-0.0001 Tc
-0.0306 Tw
[(lable jusqu’au:)-3417.3(31 décembre 2005)]TJ
ET
42.8 108.73 m
510.51 108.73 l
S
286.57 22.8 22.68 -22.8 re
f
BT
/F1 1 Tf
10 0 0 10 289.5747 7.7671 Tm
1 1 1 sc
-0.0002 Tc
0 Tw
(681)Tj
/F3 1 Tf
7 0 0 7 473.8676 17.5374 Tm
0.161 0.145 0.149 sc
-0.0001 Tc
-0.0306 Tw
[(Swissmedic Jour)-17.9(nal)-1111.9(8/2002)]TJ
ET
Q

q
1 i 
-9 851 613 -860 re
0 841 m
W n
0.03 841.02 595.02 -841.02 re
W n
BT
/F2 1 Tf
10 0 0 10 85.0394 763.6339 Tm
/Cs5 cs 0.161 0.145 0.149 sc
/GS1 gs
-0.0001 Tc
-0.0337 Tw
[(* 02)-161.1(p-am ANALOG, orales Pulver)]TJ
/F5 1 Tf
0 -1.4174 TD
-0.0306 Tw
[(Cosan GmbH, Chriesbaumstrasse 2, 8604 V)48.7(olketswil)]TJ
ET
/Cs5 CS 0.161 0.145 0.149 SC
0 J 0 j 0.4 w 10 M []0 d
85.04 741.51 m
552.76 741.51 l
85.04 723.82 m
552.76 723.82 l
S
BT
10 0 0 10 85.0394 729.1213 Tm
-0.0002 Tc
0 Tw
[(Zul.-Nr)91.6(.: )]TJ
/F2 1 Tf
3.8771 0 TD
(53523)Tj
/F5 1 Tf
8.8788 0 TD
0 Tc
(V)Tj
0.6301 0 TD
-0.0001 Tc
(erkaufsart: )Tj
/F2 1 Tf
5.3041 0 TD
0 Tc
(B)Tj
/F5 1 Tf
6.8216 0 TD
-0.0001 Tc
-0.0306 Tw
[(Index: 07.01.4.)-9563.5(25.09.2002)]TJ
-25.5118 -2.2428 TD
[(* Zusammensetzung:)-117.9(02)]TJ
8.3 0 0 8.3 198.4252 706.6931 Tm
0.044 Tw
[(MA)73.7(TERIA CRASSA 23)-278.1(g, CARBOHYDRA)73.7(T)54.8(A)0( 54)-278.1(g, AMINOACIDA 15.46)-278.1(g ut ALANINUM 0.61)-278.1(g,)]TJ
0 -1.3661 TD
0.0174 Tw
[(ARGININUM 1.08)-278.1(g, ACIDUM ASP)36.7(AR)17.7(TICUM 1.01)-278.1(g, CYSTINUM 0.4)-278.1(g, ACIDUM GLUT)54.7(AMICUM)]TJ
T*
0.0907 Tw
[(1.23)-278.1(g, GLUT)54.7(AMINUM 0.11)-278.1(g, GL)91.5(YCINUM 0.95)-278.1(g, HISTIDINUM 0.62)-278.1(g, ISOLEUCINUM 0.95)-278.1(g,)]TJ
T*
-0.0409 Tw
[(LEUCINUM 1.63)-278.1(g, L)91.5(YSINUM ANHYDRICUM 1.11)-278.1(g, METHIONINUM 0.26)-278.1(g, PROLINUM 1.16)-278.1(g,)]TJ
T*
0.0744 Tw
[(SERINUM 0.71)-278.1(g, T)54.7(AURINUM 0.03)-278.1(g, THREONINUM 0.8)-278.1(g, TR)17.7(YPTOPHANUM 0.32)-278.1(g, TYROSI-)]TJ
T*
-0.0967 Tw
[(NUM 1.44)-278.1(g, V)36.7(ALINUM 1.04)-278.1(g, VIT)54.7(AMINA: RETINOLI ACET)54.7(AS 1’760)-278.1(U.I., CHOLECALCIFEROLUM)]TJ
T*
-0.076 Tw
[(340)-278.1(U.I., alfa-TOCOPHEROLI ACET)54.7(AS 3.3)-278.1(mg, PHYTOMENADIONUM 21)-278.1(ug, THIAMINI HYDRO-)]TJ
T*
-0.0624 Tw
[(CHLORIDUM 0.39)-278.1(mg, RIBOFLA)36.7(VINUM 0.6)-278.1(mg, PYRIDOXINI HYDROCHLORIDUM 0.52)-278.1(mg, CY-)]TJ
T*
0.0442 Tw
[(ANOCOBALAMINUM 1.25)-278.1(ug, NICOTINAMIDUM 4.5)-278.1(mg, ACIDUM FOLICUM 38)-278.1(ug, ACIDUM)]TJ
T*
0.0359 Tw
[(D-P)36.7(ANTOTHENICUM 2.65)-278.1(mg, BIOTINUM 26)-278.1(ug, ACIDUM ASCORBICUM 40)-278.1(mg, ALIA: INOSI-)]TJ
T*
0.0288 Tw
[(TOLUM 100)-278.1(mg, CHOLINUM \(CA)73.7(TION\) 50)-278.1(mg ut CHOLINI HYDROGENOT)54.7(AR)17.7(TRAS, L-CARNITI-)]TJ
T*
-0.106 Tw
[(NUM 10)-278.1(mg, MINERALIA: NA)73.7(TRIUM 120)-278.1(mg, KALIUM 420)-278(mg, CALCIUM 325)-278.1(mg, MAGNESIUM)]TJ
T*
-0.0219 Tw
[(34)-278.1(mg, FERRUM 7)-278.1(mg, PHOSPHORUS 230)-278.1(mg, CHLORIDUM 290)-278.1(mg, CUPRUM 0.45)-278.1(mg, MAN-)]TJ
T*
0.1862 Tw
[(GANUM 0.6)-278.1(mg, ZINCUM 5)-278.1(m)0(g, MOL)91.5(YBDENUM 35)-278.1(ug, CHROMIUM 15)-278.1(ug, IODUM 47)-278.1(ug,)]TJ
T*
-0.0306 Tw
[(SELENIUM 15)-278.1(ug, EXCIPIENS ad PUL)73.7(VEREM pro 100)-278.1(g corresp. 1990)-278.1(kJ. )]TJ
10 0 0 10 85.0394 533.7737 Tm
[(Anwendung:)-5285.2(Diätbehandlung bei Phenylketonurie)]TJ
0 -1.4174 TD
-0.0002 Tc
[(Packung:)-5699.5(02)-305.7(021)-5035.6(6)-0.1( x 400)-567.1(g)-12995.5(B)]TJ
T*
-0.0001 Tc
[(* Bemerkung:)-4868.8(Ersetzt die Registrierungsurkunde vom 11.03.1999)]TJ
T*
[(Gültig bis:)-6647.8(31. Dezember 2004)]TJ
ET
85.04 482.84 m
552.76 482.84 l
S
BT
/F4 1 Tf
12.5 0 0 12.5 34.4488 811.7822 Tm
-0.0286 Tw
[(Arzneimittel Statistik)-130(/)-129.9(M)0.1(édicaments miscellanées)]TJ
ET
0.3 w 
28.35 805.15 m
552.76 805.15 l
S
Q
q
1 i 
35.43 850.5 198.43 -24.09 re
308.74 811.782 m
W* n
-9 851 613 -860 re
0 841 m
W n
0.03 841.02 595.02 -841.02 re
W n
q
2.7718 0 0 -0.3608 0 0 cm
/Cs5 CS 0.502 0.51 0.518 SC
0 J 0 j 0.5 w 10 M []0 d
/GS1 gs
12.655 -2360.21 m
12.655 -2287.903 l
S
0.506 0.514 0.522 SC
13.121 -2360.21 m
13.121 -2287.903 l
S
0.51 0.514 0.525 SC
13.588 -2360.21 m
13.588 -2287.903 l
S
0.51 0.518 0.529 SC
14.054 -2360.21 m
14.054 -2287.903 l
S
0.514 0.522 0.529 SC
14.521 -2360.21 m
14.521 -2287.903 l
S
0.518 0.525 0.533 SC
14.987 -2360.21 m
14.987 -2287.903 l
S
0.518 0.525 0.537 SC
15.454 -2360.21 m
15.454 -2287.903 l
S
0.522 0.529 0.541 SC
15.92 -2360.21 m
15.92 -2287.903 l
S
0.525 0.533 0.541 SC
16.387 -2360.21 m
16.387 -2287.903 l
S
0.529 0.533 0.545 SC
16.853 -2360.21 m
16.853 -2287.903 l
S
0.529 0.537 0.549 SC
17.32 -2360.21 m
17.32 -2287.903 l
S
0.533 0.541 0.553 SC
17.786 -2360.21 m
17.786 -2287.903 l
S
0.537 0.545 0.553 SC
18.253 -2360.21 m
18.253 -2287.903 l
S
0.537 0.545 0.557 SC
18.719 -2360.21 m
18.719 -2287.903 l
S
0.541 0.549 0.561 SC
19.186 -2360.21 m
19.186 -2287.903 l
S
0.545 0.553 0.565 SC
19.652 -2360.21 m
19.652 -2287.903 l
S
0.549 0.557 0.565 SC
20.119 -2360.21 m
20.119 -2287.903 l
S
0.549 0.557 0.569 SC
20.585 -2360.21 m
20.585 -2287.903 l
S
0.553 0.561 0.573 SC
21.052 -2360.21 m
21.052 -2287.903 l
S
0.557 0.565 0.576 SC
21.518 -2360.21 m
21.518 -2287.903 l
S
0.561 0.569 0.576 SC
21.985 -2360.21 m
21.985 -2287.903 l
S
0.561 0.569 0.58 SC
22.451 -2360.21 m
22.451 -2287.903 l
S
0.565 0.573 0.584 SC
22.918 -2360.21 m
22.918 -2287.903 l
S
0.569 0.576 0.588 SC
23.384 -2360.21 m
23.384 -2287.903 l
S
0.573 0.58 0.588 SC
23.851 -2360.21 m
23.851 -2287.903 l
S
0.573 0.58 0.592 SC
24.317 -2360.21 m
24.317 -2287.903 l
S
0.576 0.584 0.596 SC
24.784 -2360.21 m
24.784 -2287.903 l
S
0.58 0.588 0.596 SC
25.25 -2360.21 m
25.25 -2287.903 l
S
0.584 0.592 0.6 SC
25.717 -2360.21 m
25.717 -2287.903 l
S
0.584 0.592 0.604 SC
26.183 -2360.21 m
26.183 -2287.903 l
S
0.588 0.596 0.608 SC
26.65 -2360.21 m
26.65 -2287.903 l
S
0.592 0.6 0.608 SC
27.116 -2360.21 m
27.116 -2287.903 l
S
0.596 0.604 0.612 SC
27.583 -2360.21 m
27.583 -2287.903 l
S
0.596 0.604 0.616 SC
28.049 -2360.21 m
28.049 -2287.903 l
S
0.6 0.608 0.62 SC
28.516 -2360.21 m
28.516 -2287.903 l
S
0.604 0.612 0.624 SC
28.982 -2360.21 m
28.982 -2287.903 l
S
0.608 0.616 0.624 SC
29.449 -2360.21 m
29.449 -2287.903 l
S
0.608 0.616 0.627 SC
29.915 -2360.21 m
29.915 -2287.903 l
S
0.612 0.62 0.631 SC
30.382 -2360.21 m
30.382 -2287.903 l
S
0.616 0.624 0.635 SC
30.848 -2360.21 m
30.848 -2287.903 l
S
0.62 0.627 0.635 SC
31.315 -2360.21 m
31.315 -2287.903 l
S
0.62 0.631 0.639 SC
31.781 -2360.21 m
31.781 -2287.903 l
S
0.624 0.631 0.643 SC
32.248 -2360.21 m
32.248 -2287.903 l
S
0.627 0.635 0.647 SC
32.714 -2360.21 m
32.714 -2287.903 l
S
0.631 0.639 0.647 SC
33.181 -2360.21 m
33.181 -2287.903 l
S
0.635 0.643 0.651 SC
33.647 -2360.21 m
33.647 -2287.903 l
S
0.635 0.643 0.655 SC
34.113 -2360.21 m
34.113 -2287.903 l
S
0.639 0.647 0.659 SC
34.58 -2360.21 m
34.58 -2287.903 l
S
0.643 0.651 0.663 SC
35.046 -2360.21 m
35.046 -2287.903 l
S
0.647 0.655 0.663 SC
35.513 -2360.21 m
35.513 -2287.903 l
S
0.651 0.659 0.667 SC
35.979 -2360.21 m
35.979 -2287.903 l
S
0.651 0.659 0.671 SC
36.446 -2360.21 m
36.446 -2287.903 l
S
0.655 0.663 0.675 SC
36.912 -2360.21 m
36.912 -2287.903 l
S
0.659 0.667 0.678 SC
37.379 -2360.21 m
37.379 -2287.903 l
S
0.663 0.671 0.678 SC
37.845 -2360.21 m
37.845 -2287.903 l
S
0.663 0.675 0.682 SC
38.312 -2360.21 m
38.312 -2287.903 l
S
0.667 0.675 0.686 SC
38.778 -2360.21 m
38.778 -2287.903 l
S
0.671 0.678 0.69 SC
39.245 -2360.21 m
39.245 -2287.903 l
S
0.675 0.682 0.69 SC
39.711 -2360.21 m
39.711 -2287.903 l
S
0.678 0.686 0.694 SC
40.178 -2360.21 m
40.178 -2287.903 l
S
0.682 0.69 0.698 SC
40.644 -2360.21 m
40.644 -2287.903 l
S
0.682 0.69 0.702 SC
41.111 -2360.21 m
41.111 -2287.903 l
S
0.686 0.694 0.706 SC
41.577 -2360.21 m
41.577 -2287.903 l
S
0.69 0.698 0.706 SC
42.044 -2360.21 m
42.044 -2287.903 l
S
0.694 0.702 0.71 SC
42.51 -2360.21 m
42.51 -2287.903 l
S
0.698 0.706 0.714 SC
42.977 -2360.21 m
42.977 -2287.903 l
S
0.698 0.706 0.718 SC
43.443 -2360.21 m
43.443 -2287.903 l
S
0.702 0.71 0.722 SC
43.91 -2360.21 m
43.91 -2287.903 l
S
0.706 0.714 0.722 SC
44.376 -2360.21 m
44.376 -2287.903 l
S
0.71 0.718 0.725 SC
44.843 -2360.21 m
44.843 -2287.903 l
S
0.714 0.722 0.729 SC
45.309 -2360.21 m
45.309 -2287.903 l
S
0.714 0.722 0.733 SC
45.776 -2360.21 m
45.776 -2287.903 l
S
0.718 0.725 0.737 SC
46.242 -2360.21 m
46.242 -2287.903 l
S
0.722 0.729 0.737 SC
46.709 -2360.21 m
46.709 -2287.903 l
S
0.725 0.733 0.741 SC
47.175 -2360.21 m
47.175 -2287.903 l
S
0.729 0.737 0.745 SC
47.642 -2360.21 m
47.642 -2287.903 l
S
0.733 0.741 0.749 SC
48.108 -2360.21 m
48.108 -2287.903 l
S
0.733 0.741 0.753 SC
48.575 -2360.21 m
48.575 -2287.903 l
49.041 -2360.21 m
49.041 -2287.903 l
S
0.737 0.745 0.753 SC
49.508 -2360.21 m
49.508 -2287.903 l
S
0.741 0.749 0.757 SC
49.974 -2360.21 m
49.974 -2287.903 l
S
0.745 0.753 0.761 SC
50.441 -2360.21 m
50.441 -2287.903 l
S
0.749 0.757 0.765 SC
50.907 -2360.21 m
50.907 -2287.903 l
S
0.753 0.761 0.769 SC
51.374 -2360.21 m
51.374 -2287.903 l
51.84 -2360.21 m
51.84 -2287.903 l
S
0.757 0.765 0.773 SC
52.307 -2360.21 m
52.307 -2287.903 l
S
0.761 0.769 0.776 SC
52.773 -2360.21 m
52.773 -2287.903 l
S
0.765 0.773 0.78 SC
53.24 -2360.21 m
53.24 -2287.903 l
S
0.769 0.776 0.784 SC
53.706 -2360.21 m
53.706 -2287.903 l
S
0.773 0.776 0.784 SC
54.173 -2360.21 m
54.173 -2287.903 l
S
0.776 0.78 0.788 SC
54.639 -2360.21 m
54.639 -2287.903 l
S
0.776 0.784 0.792 SC
55.106 -2360.21 m
55.106 -2287.903 l
S
0.78 0.788 0.796 SC
55.572 -2360.21 m
55.572 -2287.903 l
S
0.784 0.792 0.8 SC
56.039 -2360.21 m
56.039 -2287.903 l
S
0.788 0.796 0.8 SC
56.505 -2360.21 m
56.505 -2287.903 l
S
0.792 0.796 0.804 SC
56.972 -2360.21 m
56.972 -2287.903 l
S
0.796 0.8 0.808 SC
57.438 -2360.21 m
57.438 -2287.903 l
S
0.796 0.804 0.812 SC
57.905 -2360.21 m
57.905 -2287.903 l
S
0.8 0.808 0.816 SC
58.371 -2360.21 m
58.371 -2287.903 l
S
0.804 0.812 0.816 SC
58.838 -2360.21 m
58.838 -2287.903 l
S
0.808 0.812 0.82 SC
59.304 -2360.21 m
59.304 -2287.903 l
S
0.812 0.816 0.824 SC
59.771 -2360.21 m
59.771 -2287.903 l
S
0.816 0.82 0.827 SC
60.237 -2360.21 m
60.237 -2287.903 l
S
0.816 0.824 0.831 SC
60.704 -2360.21 m
60.704 -2287.903 l
S
0.82 0.827 0.831 SC
61.17 -2360.21 m
61.17 -2287.903 l
S
0.824 0.831 0.835 SC
61.637 -2360.21 m
61.637 -2287.903 l
S
0.827 0.831 0.839 SC
62.103 -2360.21 m
62.103 -2287.903 l
S
0.831 0.835 0.843 SC
62.57 -2360.21 m
62.57 -2287.903 l
S
0.835 0.839 0.843 SC
63.036 -2360.21 m
63.036 -2287.903 l
S
0.835 0.843 0.847 SC
63.503 -2360.21 m
63.503 -2287.903 l
S
0.839 0.847 0.851 SC
63.969 -2360.21 m
63.969 -2287.903 l
S
0.843 0.847 0.855 SC
64.436 -2360.21 m
64.436 -2287.903 l
S
0.847 0.851 0.859 SC
64.902 -2360.21 m
64.902 -2287.903 l
S
0.851 0.855 0.859 SC
65.369 -2360.21 m
65.369 -2287.903 l
S
0.855 0.859 0.863 SC
65.835 -2360.21 m
65.835 -2287.903 l
S
0.855 0.863 0.867 SC
66.302 -2360.21 m
66.302 -2287.903 l
S
0.859 0.863 0.871 SC
66.768 -2360.21 m
66.768 -2287.903 l
S
0.863 0.867 0.875 SC
67.235 -2360.21 m
67.235 -2287.903 l
S
0.867 0.871 0.875 SC
67.701 -2360.21 m
67.701 -2287.903 l
S
0.871 0.875 0.878 SC
68.168 -2360.21 m
68.168 -2287.903 l
S
0.875 0.878 0.882 SC
68.634 -2360.21 m
68.634 -2287.903 l
S
0.875 0.882 0.886 SC
69.101 -2360.21 m
69.101 -2287.903 l
S
0.878 0.882 0.89 SC
69.567 -2360.21 m
69.567 -2287.903 l
S
0.882 0.886 0.89 SC
70.034 -2360.21 m
70.034 -2287.903 l
S
0.886 0.89 0.894 SC
70.5 -2360.21 m
70.5 -2287.903 l
S
0.89 0.894 0.898 SC
70.967 -2360.21 m
70.967 -2287.903 l
S
0.894 0.898 0.902 SC
71.433 -2360.21 m
71.433 -2287.903 l
S
0.898 0.898 0.902 SC
71.9 -2360.21 m
71.9 -2287.903 l
S
0.898 0.902 0.906 SC
72.366 -2360.21 m
72.366 -2287.903 l
S
0.902 0.906 0.91 SC
72.833 -2360.21 m
72.833 -2287.903 l
S
0.906 0.91 0.914 SC
73.299 -2360.21 m
73.299 -2287.903 l
S
0.91 0.914 0.918 SC
73.766 -2360.21 m
73.766 -2287.903 l
S
0.914 0.918 0.922 SC
74.232 -2360.21 m
74.232 -2287.903 l
S
0.918 0.922 0.922 SC
74.699 -2360.21 m
74.699 -2287.903 l
S
0.922 0.922 0.925 SC
75.165 -2360.21 m
75.165 -2287.903 l
S
0.922 0.925 0.929 SC
75.632 -2360.21 m
75.632 -2287.903 l
S
0.925 0.929 0.933 SC
76.098 -2360.21 m
76.098 -2287.903 l
S
0.929 0.933 0.933 SC
76.565 -2360.21 m
76.565 -2287.903 l
S
0.933 0.937 0.937 SC
77.031 -2360.21 m
77.031 -2287.903 l
S
0.937 0.937 0.941 SC
77.498 -2360.21 m
77.498 -2287.903 l
S
0.941 0.941 0.945 SC
77.964 -2360.21 m
77.964 -2287.903 l
S
0.945 0.945 0.949 SC
78.431 -2360.21 m
78.431 -2287.903 l
S
0.945 0.949 0.949 SC
78.897 -2360.21 m
78.897 -2287.903 l
S
0.949 0.953 0.953 SC
79.364 -2360.21 m
79.364 -2287.903 l
S
0.953 0.957 0.957 SC
79.83 -2360.21 m
79.83 -2287.903 l
S
0.957 0.957 0.961 SC
80.297 -2360.21 m
80.297 -2287.903 l
S
0.961 0.961 0.965 SC
80.763 -2360.21 m
80.763 -2287.903 l
S
0.965 0.965 0.969 SC
81.23 -2360.21 m
81.23 -2287.903 l
S
0.969 0.969 0.969 SC
81.696 -2360.21 m
81.696 -2287.903 l
S
0.973 0.973 0.973 SC
82.163 -2360.21 m
82.163 -2287.903 l
S
0.976 0.976 0.976 SC
82.629 -2360.21 m
82.629 -2287.903 l
S
0.98 0.98 0.984 SC
83.096 -2360.21 m
83.096 -2287.903 l
S
0.988 0.988 0.988 SC
83.562 -2360.21 m
83.562 -2287.903 l
S
0.992 0.992 0.992 SC
84.029 -2360.21 m
84.029 -2287.903 l
S
1 1 1 SC
84.495 -2360.21 m
84.495 -2287.903 l
S
Q
Q
q
1 i 
-9 851 613 -860 re
0 841 m
W n
0.03 841.02 595.02 -841.02 re
W n
/Cs5 cs 0.161 0.145 0.149 sc
/GS1 gs
0.03 841.02 35.4 -6.11 re
f
/Cs5 CS 0.161 0.145 0.149 SC
0 J 0 j 0.3 w 10 M []0 d
28.347 841.076 m
28.347 805.006 l
S
Q

Hâ§ó›nπÖü†ﬂ°.•Ö’jvÛ7w∂≥kƒÄ,4»1|!HccIé5R‰!ˆÚ¥)YÏÊ…¨n‚Z3«ÛUVw’êﬂC.Eg»õÖ.¢üËq?L≠°˚·7z¶qZÚ«qö…%óˇ\‘è¸Õ¸ç7ª·ÚKÜvü3èé&~…õ9∫1N.R4fqv¥ª.ﬂ›iç7˘jù\oÜÀwWÜæáN;MÚFﬁŒ—”Ó«ÒÏı„øˆá˚√””˛éÆûÆü«ß√?Œ/Ã2ù]Úü9çÈÏ√9«;˚˝ˆps}øx:“˝·x≥øªª~¯}<ˇ¥{?¸º+6ﬁ^ù∞qıñû◊ïÖÖ~êôË}¸4—Ì`ÁëW3π—8ÆèÛaúı„›p5¸:|/E]º}.Ïƒe0)éñ´;€qJπjŒÛöR–≤‰JˇƒÖ¸øÔƒ˜aC0QÓ ◊mÒSysﬂ÷k‰’≠—ık‘{¿5Âlõ√åsv—î9Ü1±õºÊiLi¶ÌïÉÁo∆9 \$†c§ÌUh3ŒiÈiïê¶v± èh8·öµÌUÿyúgÄUBz°Ìµ“]´4?€´–?E©ßUB⁄—zm¥GÁ*!mhΩ∫BÁ'sÓiïÄvÅ⁄’•:W	ÈÖ∂1ÑŒO≤ÎiïÄ∂RØcQ⁄¢sïêñzï6)ùx<]§”¥€“~¥Ë\%§•⁄ıÍîé… ]$†©Wπ⁄ZÛ0.Ë\%§⁄∆®tú-“Ezñz’µÊë[ú´Ñ¥‘´≈®tpÈ"!-•≈:q;ÇsïN”£“>!ÏO<ß&“6Bf-ˇ:ÄÔ&!mi£“~^ê.“¥
!∞…?[@'f†¢ŒydãÑ∞¨VC<sÇiïz8ñ‹BT⁄∆ÑtëN—kåJ'4Æ“ˆÈÖ˚∞MBö∂!*—∏J GOõ[Ó¬~(4	·\≠¢¬m´pêíïv„˚ë–$ÑmÛW:†oïN“ÕÄ–û{∞	MB⁄–6F•=:W	hhCË¿]ÿèÑ&!ù«ò∆h¥GÁ*Ì‰>ó°vHßCA%§mT⁄°sïN“ÕÅ–I∂Ä[∏*»JµZÑ ZÙ≠–V™Uc4:ˇ˛]$§eΩ5F©8ÔâmÔ[`óD€¸ïÕ,¿EBZ÷€Úm∏{ﬂM:IWã“—$§ãÑ¥T´9ö˜ëË\%†gYqçëînF∫HH[⁄:zaú´Ñ4m
TÿGápë 62 ö°-w"WÈ4]
TÿõàpëÆöwëh\%†'ôe%∆¨∞s·"!lik@h?Nh\%†iMﬂX-≤EÍŸêdπ-•˙VÈ$]ÛFk˙°–$dÛj◊¸ïéË[%†Â¨ß˘Öç‹Ö=Z$-iˆFFÙ¨≤¥M-0Ô#Ãï ñc‚öæ“¡!NòÆlMüQ!˙a–$ÑÛ [”W⁄ÉÌ&-'L†Õ»”∫ßUB⁄Qsˆh\%ÑÛZ
Õõ«ÿÉ&-Gƒ’@•W	i±‹Ωpˇı∑´I+ù5ãUÇ$rí\ç÷$…F§ãÑ¥,≠⁄r≥ÅEïêñ•5ïé— ]$†Â,∏:⁄ç:W	iÒ\¨t4È"Ω@€zkxßàŒU⁄ﬁœD¿Ø	í»Ås]¶$	ÃÄEïêñ¬4£ïˆa¢8rd\Ûπª¿∑J@ÀëQÛ7⁄õÈ"!-”©8XÍç·!¯Æ Ïúîu÷#\$§ik>√a‚ﬁÍm7	`9qÆ*mCB∫HHãe”√	|7©áΩú’@ôp¡p«ı†I/—VÈà∆UBZ¨ˆûπ·˙˛o¬¥Õ_·àæUXNúöø“º˝É“$§g™≤˘
Ù≠“¬ŸΩ¿ñëæ˘õ∞¸ÑÆÓ+Ì—∑JH;⁄ÿqˆ#°IÁ¨h∞Gﬂ*,ÁMÕ_ÎÕª¡–œÑ&!Ω–÷}•WÈ4≠ˆÖ‹á=\`Â¥©Ók—∑JHã„Êæ“….H	iq\h{Dn√Æ ¨ ∆‡.–rﬁ\›ù∏¡∑JHÀzãÉïéSB∫H@ÀySîÁ,2ŒõÑ¥xÆú“¡ŒHÈ%∫T<öqÁMBZV‹¸W⁄√πI@ÀÅSTzÊNÁ*!m©9∞ã“~¯öÑ4mÌÃ˚B4Æ“)∏πØ∞É«¥I ÀiU›W⁄é˙V	Èíª∫Ø∞
·",'N5îNh\•óË2à£Ì‘Ü&!-Æˆ—πJ@SÀ_faÙ‹à=Yït©†∂ZØlú<¬EzâÆôy˚˙©–$§e±’ze√íê-∞rb’¸ïé‹Ñ‡[%§-µ¸ìU⁄áÈ"Ω@6ç}´Ñ,mÕWÿO·",'VM_Ëƒ€G∞›$§RiVÿ-·"˝1Kπì·Ï}7	`Ÿ⁄®˚F€`ê.“éVVÈÑ∆UB:œ∞Í†¶ûπ˚Êh“pJG4Æ–.–jø“À∏,˝@h“≤‡‚ ,JGtÆ–V<WeÄ'ﬁ@BÍ™ºƒ:e˙V	iYou_i«mÿœÑ&!-Î-ºQ⁄Ñ˝âÃr≤’¸e|'œmÿœÑ&ΩD/J{Ù≠“≤ﬁ‚^iﬁ?˙~*4	ËY÷[$•:WÈ4ΩTˇBGÓD*!ÌhÎø“ù´ÑtûÇ’¡Jß≈!]$†çîÍ†ﬁ±ƒ≠ŒUzâ^îé>"]$§eå6ˇLœ”ƒ≠ÿ9_%§i5–‡ÿü VÈ$l´{ÅyŸ˚^%Ä'O[˜ï˝œ˝*!-ÎU˜œ‹â‡[•-¸+øæÜ4\$ä√nÑË'z‹EõŸﬂËÅ”0¬GNÊ∏WÛΩ´˘õ˘óoèénéÏ¬»Ä3“vÜ˝„Õp˘Ó –ó„‡ÿo**πÆã”qÛöÂsâÒˆÍD^’DÔi¢Ø,,ÙÉÃDË„ßân9(oF¶µﬂÓWe ˚∫(kùy√√dÊ¡û/Â6{I¸f7\˛b»–ÓÛ¿ëÛãˇÃ¸£Ìo”y√íœf;~Ù(øxE\ë‹{ª6∂˚1ú˘∏úÔærò•Ñ	%ê
<Œ=ˇVò‹Íº—„('kT"ö1ø]¯°‡∏œÆ~é«˚˝Ì·Üﬁ{~<ø‡@ÈÏ·˙éﬂÒ?~ü.˘±úœ?Ìﬁs˙WaÁ1$û_ÅÀì∏2ŸÄ$XjÇ…p§…Ú«ŸÎõ√Ì∑„ı]ﬂ“Ûq¸◊˛i|Ey¯¸|<|{8ﬁ˝Á¯¸•Êq%œD¸oÚ∫˛ºı}ˆ˝Ì˜ßoﬂüﬂÓËıªWÙzø∏ø~z:>=^è{ö_—bÊÖﬁÏÔ˛ôk˜Ûé+c˘Ê6ﬂô`¯‡∫‰€i‰˘ÆüÔÍˇr;p«¨ˇ[>Á[ÕwÛƒÚ'?Zkç.{Û>û˝˝˘nº¯Î„9o9¸Ÿ¯'Íã…w0ˆk k<≥ãˇ/ÛÂñú∏Ö·d˝(\ÜH›∫Ê
4d¨
∑Äq%5O⁄XAH]úâWê [HeQ≥ü¸G`Ï© $ï'KV”›ÁÙˇ}é£óG]Â €≤l´¸¨“§ }ß~Á©÷ô©Wë…∆œÔS?…∞N1Oµå—™ŒõÛÙé÷·‘õŸ∆˘åùì”)DÄÒm∏À2m∫M;\Á6ç¶Sü ïŸ3NÒªV€·»ù>≈j√Uî1˙´∞§
Sö‘í°Ö®SKr‘mA’ñr;ı<vÛÛªÈ¯}4vª”ﬁx‘ù1CmµπecÚı5Îˇ‰zØ?öë¶f„¡¸÷è˙Cˆòƒ8u?t;ËîY??:”Ôu˚¯†t£_e¥*C08∫'»ˆôd+°±p„áA»ﬂŸJ¶lûQzÕn~{§¥á¡€@≤Öÿ4àV2âX≠ÿ‰^&+À	∫R«ƒ_n™M∫π
À%ã≤7«}ËßÀYÜ†·Ü±ÕÊLd3Ω’6
lÿQåñJ©WiB´‰úÅ3ß)⁄/ÃÅ#0-´‹“k·JOn6'#lOX*W˙	ùq∆Vàt*◊ÏV&$Õi‰J≤ßxÀ8∫ç4£≤–œ3§îAïÃ}Ä5„å{ä&–˝Ïï◊@_Ìﬂóˆ|âjÔˇ≥`ÕAämõ¶nulEhˆN>ÀÌB&;3äÄ
Ö·
™™ùÉ·´˜ ØÄÖ#:˙´‡€>ôø8‚ﬁ,O·Ó1ÚnØæË ê‘k7B*ﬂ+¬$áÊ◊Ú˝"·∫œ®.˙«Ñ”M›¯è◊˝B¬©ˇ·‘s∫aÔg¢ﬂ,“’N<◊º—|»∫#ÇúÁ‚QÿbÅn›ÈxX√–sªß∏õœ&xl Ôhß£P÷Œ†˚˜z˛&ì0wJ∫•Â&ÉXeTÌÜú^‚Ì?{~ânÁ"9ù±ù•®‹hµ-MßÇCk© Å]≠6¡lO0gJKU6©N´≤WΩä•«˘ﬂ≤K?bóN7¥v∞rı˛6ªÑçO3E[ïC°fWØÌé§‰#z-„h)£,Ÿ±Ìµ£cd2ˇÙ* zAºë[üÕ d˜°É˘•¥f~D:#êi*@Ê&®Iq0Mò	”Ëÿ
>WÔÃÑnwx„cÒze¬ËkƒÖbmÙlÑ¨ÎpÈîd:˝–ÆI¶™÷i≠∆
~é¨fÜ1‚&•Q∆N k∏I +UtB1H»˙9≈4Á-ä5Ç˝†∏Òˆ1N2u·@ã+U°ˇ"ÕÑ c†ùÿßÌ\º–ä7ªıFË4¯æ%Lxª®Ÿ–Pyc6ÔxùäMÊÉípw˝iÕ1∂Y_ò–LtòZUÆy©Øä¡ËÉÖø¬∞®⁄ñxEÆwIú≈üv(–ÆYÍá[†¨P‘qèq≤î°ÃR&≥‚O“Ø‘¨◊YWÃç±&≠IR=πîïh∆Î≤M5M–Ãt–ŸÅf ∂¨l÷ƒ0]8îíKÖ‹πIbÂ\6
;¢bc&˚@Cå¥˘û°5jÜnäzÏGo@	Oö800 ˛M>ÊíÇ6TGE(ÆÃ2…Pé»4+Ç≠>À()ÈZdà˘Qî„Y7…*g$Tõ kÉ¬H?|ç™µ{kj!◊íï\“∏Ò_u€>ÿËŒß°ò◊:7œëàCÅç˛íßÛœ~NÊ¿úàƒXÌñÄp"	¬‚¬úõG’Vıæá∞v	¬ñ)PËßÙ-∏Á'œë∂r‚–4*3æ-∏2IZÈ*^ÂÙ˙;òLÈx⁄A·A‰’gYoÓ«o˛` †–÷
q
1 i 
-9 851 613 -860 re
0 841 m
W n
0.03 841.02 595.02 -841.02 re
W n
BT
/F4 1 Tf
12.5 0 0 12.5 34.4488 811.7822 Tm
/Cs5 cs 0.161 0.145 0.149 sc
/GS1 gs
-0.0001 Tc
-0.0286 Tw
[(Arzneimittel Statistik)-130(/)-129.9(M)0.1(édicaments miscellanées)]TJ
ET
/Cs5 CS 0.161 0.145 0.149 SC
0 J 0 j 0.3 w 10 M []0 d
28.35 805.15 m
552.76 805.15 l
S
Q
q
1 i 
35.43 850.5 198.43 -24.09 re
308.74 811.782 m
W* n
-9 851 613 -860 re
0 841 m
W n
0.03 841.02 595.02 -841.02 re
W n
q
2.7718 0 0 -0.3608 0 0 cm
/Cs5 CS 0.502 0.51 0.518 SC
0 J 0 j 0.5 w 10 M []0 d
/GS1 gs
12.655 -2360.21 m
12.655 -2287.903 l
S
0.506 0.514 0.522 SC
13.121 -2360.21 m
13.121 -2287.903 l
S
0.51 0.514 0.525 SC
13.588 -2360.21 m
13.588 -2287.903 l
S
0.51 0.518 0.529 SC
14.054 -2360.21 m
14.054 -2287.903 l
S
0.514 0.522 0.529 SC
14.521 -2360.21 m
14.521 -2287.903 l
S
0.518 0.525 0.533 SC
14.987 -2360.21 m
14.987 -2287.903 l
S
0.518 0.525 0.537 SC
15.454 -2360.21 m
15.454 -2287.903 l
S
0.522 0.529 0.541 SC
15.92 -2360.21 m
15.92 -2287.903 l
S
0.525 0.533 0.541 SC
16.387 -2360.21 m
16.387 -2287.903 l
S
0.529 0.533 0.545 SC
16.853 -2360.21 m
16.853 -2287.903 l
S
0.529 0.537 0.549 SC
17.32 -2360.21 m
17.32 -2287.903 l
S
0.533 0.541 0.553 SC
17.786 -2360.21 m
17.786 -2287.903 l
S
0.537 0.545 0.553 SC
18.253 -2360.21 m
18.253 -2287.903 l
S
0.537 0.545 0.557 SC
18.719 -2360.21 m
18.719 -2287.903 l
S
0.541 0.549 0.561 SC
19.186 -2360.21 m
19.186 -2287.903 l
S
0.545 0.553 0.565 SC
19.652 -2360.21 m
19.652 -2287.903 l
S
0.549 0.557 0.565 SC
20.119 -2360.21 m
20.119 -2287.903 l
S
0.549 0.557 0.569 SC
20.585 -2360.21 m
20.585 -2287.903 l
S
0.553 0.561 0.573 SC
21.052 -2360.21 m
21.052 -2287.903 l
S
0.557 0.565 0.576 SC
21.518 -2360.21 m
21.518 -2287.903 l
S
0.561 0.569 0.576 SC
21.985 -2360.21 m
21.985 -2287.903 l
S
0.561 0.569 0.58 SC
22.451 -2360.21 m
22.451 -2287.903 l
S
0.565 0.573 0.584 SC
22.918 -2360.21 m
22.918 -2287.903 l
S
0.569 0.576 0.588 SC
23.384 -2360.21 m
23.384 -2287.903 l
S
0.573 0.58 0.588 SC
23.851 -2360.21 m
23.851 -2287.903 l
S
0.573 0.58 0.592 SC
24.317 -2360.21 m
24.317 -2287.903 l
S
0.576 0.584 0.596 SC
24.784 -2360.21 m
24.784 -2287.903 l
S
0.58 0.588 0.596 SC
25.25 -2360.21 m
25.25 -2287.903 l
S
0.584 0.592 0.6 SC
25.717 -2360.21 m
25.717 -2287.903 l
S
0.584 0.592 0.604 SC
26.183 -2360.21 m
26.183 -2287.903 l
S
0.588 0.596 0.608 SC
26.65 -2360.21 m
26.65 -2287.903 l
S
0.592 0.6 0.608 SC
27.116 -2360.21 m
27.116 -2287.903 l
S
0.596 0.604 0.612 SC
27.583 -2360.21 m
27.583 -2287.903 l
S
0.596 0.604 0.616 SC
28.049 -2360.21 m
28.049 -2287.903 l
S
0.6 0.608 0.62 SC
28.516 -2360.21 m
28.516 -2287.903 l
S
0.604 0.612 0.624 SC
28.982 -2360.21 m
28.982 -2287.903 l
S
0.608 0.616 0.624 SC
29.449 -2360.21 m
29.449 -2287.903 l
S
0.608 0.616 0.627 SC
29.915 -2360.21 m
29.915 -2287.903 l
S
0.612 0.62 0.631 SC
30.382 -2360.21 m
30.382 -2287.903 l
S
0.616 0.624 0.635 SC
30.848 -2360.21 m
30.848 -2287.903 l
S
0.62 0.627 0.635 SC
31.315 -2360.21 m
31.315 -2287.903 l
S
0.62 0.631 0.639 SC
31.781 -2360.21 m
31.781 -2287.903 l
S
0.624 0.631 0.643 SC
32.248 -2360.21 m
32.248 -2287.903 l
S
0.627 0.635 0.647 SC
32.714 -2360.21 m
32.714 -2287.903 l
S
0.631 0.639 0.647 SC
33.181 -2360.21 m
33.181 -2287.903 l
S
0.635 0.643 0.651 SC
33.647 -2360.21 m
33.647 -2287.903 l
S
0.635 0.643 0.655 SC
34.113 -2360.21 m
34.113 -2287.903 l
S
0.639 0.647 0.659 SC
34.58 -2360.21 m
34.58 -2287.903 l
S
0.643 0.651 0.663 SC
35.046 -2360.21 m
35.046 -2287.903 l
S
0.647 0.655 0.663 SC
35.513 -2360.21 m
35.513 -2287.903 l
S
0.651 0.659 0.667 SC
35.979 -2360.21 m
35.979 -2287.903 l
S
0.651 0.659 0.671 SC
36.446 -2360.21 m
36.446 -2287.903 l
S
0.655 0.663 0.675 SC
36.912 -2360.21 m
36.912 -2287.903 l
S
0.659 0.667 0.678 SC
37.379 -2360.21 m
37.379 -2287.903 l
S
0.663 0.671 0.678 SC
37.845 -2360.21 m
37.845 -2287.903 l
S
0.663 0.675 0.682 SC
38.312 -2360.21 m
38.312 -2287.903 l
S
0.667 0.675 0.686 SC
38.778 -2360.21 m
38.778 -2287.903 l
S
0.671 0.678 0.69 SC
39.245 -2360.21 m
39.245 -2287.903 l
S
0.675 0.682 0.69 SC
39.711 -2360.21 m
39.711 -2287.903 l
S
0.678 0.686 0.694 SC
40.178 -2360.21 m
40.178 -2287.903 l
S
0.682 0.69 0.698 SC
40.644 -2360.21 m
40.644 -2287.903 l
S
0.682 0.69 0.702 SC
41.111 -2360.21 m
41.111 -2287.903 l
S
0.686 0.694 0.706 SC
41.577 -2360.21 m
41.577 -2287.903 l
S
0.69 0.698 0.706 SC
42.044 -2360.21 m
42.044 -2287.903 l
S
0.694 0.702 0.71 SC
42.51 -2360.21 m
42.51 -2287.903 l
S
0.698 0.706 0.714 SC
42.977 -2360.21 m
42.977 -2287.903 l
S
0.698 0.706 0.718 SC
43.443 -2360.21 m
43.443 -2287.903 l
S
0.702 0.71 0.722 SC
43.91 -2360.21 m
43.91 -2287.903 l
S
0.706 0.714 0.722 SC
44.376 -2360.21 m
44.376 -2287.903 l
S
0.71 0.718 0.725 SC
44.843 -2360.21 m
44.843 -2287.903 l
S
0.714 0.722 0.729 SC
45.309 -2360.21 m
45.309 -2287.903 l
S
0.714 0.722 0.733 SC
45.776 -2360.21 m
45.776 -2287.903 l
S
0.718 0.725 0.737 SC
46.242 -2360.21 m
46.242 -2287.903 l
S
0.722 0.729 0.737 SC
46.709 -2360.21 m
46.709 -2287.903 l
S
0.725 0.733 0.741 SC
47.175 -2360.21 m
47.175 -2287.903 l
S
0.729 0.737 0.745 SC
47.642 -2360.21 m
47.642 -2287.903 l
S
0.733 0.741 0.749 SC
48.108 -2360.21 m
48.108 -2287.903 l
S
0.733 0.741 0.753 SC
48.575 -2360.21 m
48.575 -2287.903 l
49.041 -2360.21 m
49.041 -2287.903 l
S
0.737 0.745 0.753 SC
49.508 -2360.21 m
49.508 -2287.903 l
S
0.741 0.749 0.757 SC
49.974 -2360.21 m
49.974 -2287.903 l
S
0.745 0.753 0.761 SC
50.441 -2360.21 m
50.441 -2287.903 l
S
0.749 0.757 0.765 SC
50.907 -2360.21 m
50.907 -2287.903 l
S
0.753 0.761 0.769 SC
51.374 -2360.21 m
51.374 -2287.903 l
51.84 -2360.21 m
51.84 -2287.903 l
S
0.757 0.765 0.773 SC
52.307 -2360.21 m
52.307 -2287.903 l
S
0.761 0.769 0.776 SC
52.773 -2360.21 m
52.773 -2287.903 l
S
0.765 0.773 0.78 SC
53.24 -2360.21 m
53.24 -2287.903 l
S
0.769 0.776 0.784 SC
53.706 -2360.21 m
53.706 -2287.903 l
S
0.773 0.776 0.784 SC
54.173 -2360.21 m
54.173 -2287.903 l
S
0.776 0.78 0.788 SC
54.639 -2360.21 m
54.639 -2287.903 l
S
0.776 0.784 0.792 SC
55.106 -2360.21 m
55.106 -2287.903 l
S
0.78 0.788 0.796 SC
55.572 -2360.21 m
55.572 -2287.903 l
S
0.784 0.792 0.8 SC
56.039 -2360.21 m
56.039 -2287.903 l
S
0.788 0.796 0.8 SC
56.505 -2360.21 m
56.505 -2287.903 l
S
0.792 0.796 0.804 SC
56.972 -2360.21 m
56.972 -2287.903 l
S
0.796 0.8 0.808 SC
57.438 -2360.21 m
57.438 -2287.903 l
S
0.796 0.804 0.812 SC
57.905 -2360.21 m
57.905 -2287.903 l
S
0.8 0.808 0.816 SC
58.371 -2360.21 m
58.371 -2287.903 l
S
0.804 0.812 0.816 SC
58.838 -2360.21 m
58.838 -2287.903 l
S
0.808 0.812 0.82 SC
59.304 -2360.21 m
59.304 -2287.903 l
S
0.812 0.816 0.824 SC
59.771 -2360.21 m
59.771 -2287.903 l
S
0.816 0.82 0.827 SC
60.237 -2360.21 m
60.237 -2287.903 l
S
0.816 0.824 0.831 SC
60.704 -2360.21 m
60.704 -2287.903 l
S
0.82 0.827 0.831 SC
61.17 -2360.21 m
61.17 -2287.903 l
S
0.824 0.831 0.835 SC
61.637 -2360.21 m
61.637 -2287.903 l
S
0.827 0.831 0.839 SC
62.103 -2360.21 m
62.103 -2287.903 l
S
0.831 0.835 0.843 SC
62.57 -2360.21 m
62.57 -2287.903 l
S
0.835 0.839 0.843 SC
63.036 -2360.21 m
63.036 -2287.903 l
S
0.835 0.843 0.847 SC
63.503 -2360.21 m
63.503 -2287.903 l
S
0.839 0.847 0.851 SC
63.969 -2360.21 m
63.969 -2287.903 l
S
0.843 0.847 0.855 SC
64.436 -2360.21 m
64.436 -2287.903 l
S
0.847 0.851 0.859 SC
64.902 -2360.21 m
64.902 -2287.903 l
S
0.851 0.855 0.859 SC
65.369 -2360.21 m
65.369 -2287.903 l
S
0.855 0.859 0.863 SC
65.835 -2360.21 m
65.835 -2287.903 l
S
0.855 0.863 0.867 SC
66.302 -2360.21 m
66.302 -2287.903 l
S
0.859 0.863 0.871 SC
66.768 -2360.21 m
66.768 -2287.903 l
S
0.863 0.867 0.875 SC
67.235 -2360.21 m
67.235 -2287.903 l
S
0.867 0.871 0.875 SC
67.701 -2360.21 m
67.701 -2287.903 l
S
0.871 0.875 0.878 SC
68.168 -2360.21 m
68.168 -2287.903 l
S
0.875 0.878 0.882 SC
68.634 -2360.21 m
68.634 -2287.903 l
S
0.875 0.882 0.886 SC
69.101 -2360.21 m
69.101 -2287.903 l
S
0.878 0.882 0.89 SC
69.567 -2360.21 m
69.567 -2287.903 l
S
0.882 0.886 0.89 SC
70.034 -2360.21 m
70.034 -2287.903 l
S
0.886 0.89 0.894 SC
70.5 -2360.21 m
70.5 -2287.903 l
S
0.89 0.894 0.898 SC
70.967 -2360.21 m
70.967 -2287.903 l
S
0.894 0.898 0.902 SC
71.433 -2360.21 m
71.433 -2287.903 l
S
0.898 0.898 0.902 SC
71.9 -2360.21 m
71.9 -2287.903 l
S
0.898 0.902 0.906 SC
72.366 -2360.21 m
72.366 -2287.903 l
S
0.902 0.906 0.91 SC
72.833 -2360.21 m
72.833 -2287.903 l
S
0.906 0.91 0.914 SC
73.299 -2360.21 m
73.299 -2287.903 l
S
0.91 0.914 0.918 SC
73.766 -2360.21 m
73.766 -2287.903 l
S
0.914 0.918 0.922 SC
74.232 -2360.21 m
74.232 -2287.903 l
S
0.918 0.922 0.922 SC
74.699 -2360.21 m
74.699 -2287.903 l
S
0.922 0.922 0.925 SC
75.165 -2360.21 m
75.165 -2287.903 l
S
0.922 0.925 0.929 SC
75.632 -2360.21 m
75.632 -2287.903 l
S
0.925 0.929 0.933 SC
76.098 -2360.21 m
76.098 -2287.903 l
S
0.929 0.933 0.933 SC
76.565 -2360.21 m
76.565 -2287.903 l
S
0.933 0.937 0.937 SC
77.031 -2360.21 m
77.031 -2287.903 l
S
0.937 0.937 0.941 SC
77.498 -2360.21 m
77.498 -2287.903 l
S
0.941 0.941 0.945 SC
77.964 -2360.21 m
77.964 -2287.903 l
S
0.945 0.945 0.949 SC
78.431 -2360.21 m
78.431 -2287.903 l
S
0.945 0.949 0.949 SC
78.897 -2360.21 m
78.897 -2287.903 l
S
0.949 0.953 0.953 SC
79.364 -2360.21 m
79.364 -2287.903 l
S
0.953 0.957 0.957 SC
79.83 -2360.21 m
79.83 -2287.903 l
S
0.957 0.957 0.961 SC
80.297 -2360.21 m
80.297 -2287.903 l
S
0.961 0.961 0.965 SC
80.763 -2360.21 m
80.763 -2287.903 l
S
0.965 0.965 0.969 SC
81.23 -2360.21 m
81.23 -2287.903 l
S
0.969 0.969 0.969 SC
81.696 -2360.21 m
81.696 -2287.903 l
S
0.973 0.973 0.973 SC
82.163 -2360.21 m
82.163 -2287.903 l
S
0.976 0.976 0.976 SC
82.629 -2360.21 m
82.629 -2287.903 l
S
0.98 0.98 0.984 SC
83.096 -2360.21 m
83.096 -2287.903 l
S
0.988 0.988 0.988 SC
83.562 -2360.21 m
83.562 -2287.903 l
S
0.992 0.992 0.992 SC
84.029 -2360.21 m
84.029 -2287.903 l
S
1 1 1 SC
84.495 -2360.21 m
84.495 -2287.903 l
S
Q
Q
q
1 i 
-9 851 613 -860 re
0 841 m
W n
0.03 841.02 595.02 -841.02 re
W n
/Cs5 cs 0.161 0.145 0.149 sc
/GS1 gs
0.03 841.02 35.4 -6.11 re
f
/Cs5 CS 0.161 0.145 0.149 SC
0 J 0 j 0.3 w 10 M []0 d
28.347 841.076 m
28.347 805.006 l
S
286.3 22.8 22.68 -22.8 re
f
BT
/F1 1 Tf
10 0 0 10 289.2992 7.7671 Tm
1 1 1 sc
-0.0002 Tc
0 Tw
(684)Tj
/F3 1 Tf
7 0 0 7 35.4331 17.5374 Tm
0.161 0.145 0.149 sc
-0.0001 Tc
-0.0306 Tw
[(Swissmedic Jour)-17.9(nal)-1111.9(9/2002)]TJ
/F2 1 Tf
10 0 0 10 85.0394 763.6339 Tm
-0.0336 Tw
[(01)-1044.2(B-Neur)17.7(on ad us.vet., Injektionslösung)]TJ
/F5 1 Tf
0 -1.4174 TD
-0.0306 Tw
(* Vétoquinol AG, Aemmenmattstrasse 2, 3123 Belp)Tj
ET
0.4 w 
85.04 741.51 m
552.76 741.51 l
85.04 723.82 m
552.76 723.82 l
S
BT
10 0 0 10 85.0394 729.1213 Tm
-0.0002 Tc
0 Tw
[(Zul.-Nr)91.6(.: )]TJ
/F2 1 Tf
3.8771 0 TD
(45613)Tj
/F5 1 Tf
8.8788 0 TD
0 Tc
(V)Tj
0.6301 0 TD
-0.0001 Tc
(erkaufsart: )Tj
/F2 1 Tf
5.3041 0 TD
0 Tc
(B)Tj
/F5 1 Tf
23.0785 0 TD
-0.0001 Tc
(24.09.2002)Tj
-41.7687 -2.2428 TD
[(Zusammensetzung:)-921.1(01)]TJ
8.3 0 0 8.3 198.4252 706.6931 Tm
0.0693 Tw
[(THIAMINI HYDROCHLORIDUM 33.3)-278.1(mg, PYRIDOXINI HYDROCHLORIDUM 33.3)-278.1(mg, CY)54.7(ANO-)]TJ
0 -1.3661 TD
0.0169 Tw
[(COBALAMINUM 333)-278.1(ug, CONSER)17.7(V)91.5(.: ALCOHOL BENZYLICUS, EXCIPIENS ad SOLUTIONEM pro)]TJ
T*
0 Tc
0 Tw
(1)Tj
0.8339 0 TD
-0.0001 Tc
(mL. )Tj
10 0 0 10 85.0394 669.8415 Tm
-0.095 Tw
[(Anwendung:)-5285.2(Schmerzhafte Erkrankungen des Nervengewebes bei Wiederkäuern, Pferden,)]TJ
11.3386 -1.1339 TD
-0.0306 Tw
(Schweinen, Hunden und Katzen)Tj
-11.3386 -1.4174 TD
-0.0002 Tc
0 Tw
[(Packung:)-5699.5(01)-305.7(038)-7141.9(5)0(0)-567.1(m)-0.1(L)-12217.6(B)]TJ
T*
-0.0001 Tc
0.0677 Tw
[(* )98.3(Bemerkungen:)-3702(Ersetzt die Registrierungsurkunde vom 30.07.1998 lautend auf Chassot AG,)]TJ
11.3386 -1.1339 TD
-0.0002 Tc
0 Tw
(Belp)Tj
-11.3386 -1.4174 TD
-0.0001 Tc
-0.0306 Tw
[(Gültig bis:)-6647.8(31. Dezember 2003)]TJ
ET
85.04 596.23 m
552.76 596.23 l
S
BT
/F2 1 Tf
10 0 0 10 85.0394 560.2332 Tm
-0.0336 Tw
[(01)-1044.2(Butasan ad us.vet., Suspension)]TJ
/F5 1 Tf
T*
-0.0306 Tw
(* Vétoquinol AG, Aemmenmattstrasse 2, 3123 Belp)Tj
ET
85.04 538.11 m
552.76 538.11 l
85.04 520.42 m
552.76 520.42 l
S
BT
10 0 0 10 85.0394 525.7206 Tm
-0.0002 Tc
0 Tw
[(Zul.-Nr)91.6(.: )]TJ
/F2 1 Tf
3.8771 0 TD
(48430)Tj
/F5 1 Tf
8.8788 0 TD
0 Tc
(V)Tj
0.6301 0 TD
-0.0001 Tc
(erkaufsart: )Tj
/F2 1 Tf
5.3041 0 TD
0 Tc
(B)Tj
/F5 1 Tf
23.0785 0 TD
-0.0001 Tc
(06.09.2002)Tj
-41.7687 -2.2428 TD
-0.0306 Tw
[(* Zusammensetzung:)-117.9(01)]TJ
8.3 0 0 8.3 198.4252 503.2925 Tm
0.0696 Tw
[(PHENYLBUT)54.7(AZONUM 320)-278.1(mg, AROMA)73.7(TICA: CYCLAMAS, EXCIPIENS ad SUSPENSIONEM pro)]TJ
0 -1.3661 TD
0 Tc
0 Tw
(1)Tj
0.8339 0 TD
-0.0001 Tc
(mL. )Tj
10 0 0 10 85.0394 477.7799 Tm
-0.0306 Tw
[(Anwendung:)-5285.2(Analgetikum, Antiphlogistikum, Antipyretikum für Pferde)]TJ
0 -1.4174 TD
-0.0002 Tc
0 Tw
[(Packung:)-5699.5(01)-305.7(Oraldoser)]TJ
11.3386 -1.4174 TD
[(015)-7141.9(2)0(5)-567.1(m)-0.1(L)-12217.6(B)]TJ
-11.3386 -1.4174 TD
-0.0001 Tc
0.0677 Tw
[(* )98.3(Bemerkungen:)-3702(Ersetzt die Registrierungsurkunde vom 22.11.2001 lautend auf Chassot AG,)]TJ
11.3386 -1.1339 TD
-0.0002 Tc
0 Tw
(Belp)Tj
-11.3386 -1.4174 TD
-0.0001 Tc
-0.0306 Tw
[(Gültig bis:)-6647.8(31. Dezember 2006)]TJ
ET
85.04 401.33 m
552.76 401.33 l
S
BT
/F2 1 Tf
10 0 0 10 85.0394 365.3369 Tm
-0.0336 Tw
[(01)-1044.2(Cefaseptin mite ad us.vet., Filmtabletten)]TJ
0 -1.2835 TD
-0.0337 Tw
[(02)-1044.2(Cefaseptin forte ad us.vet., Filmtabletten)]TJ
/F5 1 Tf
0 -1.4174 TD
-0.0306 Tw
(* Vétoquinol AG, Aemmenmattstrasse 2, 3123 Belp)Tj
ET
85.04 330.38 m
552.76 330.38 l
85.04 312.69 m
552.76 312.69 l
S
BT
10 0 0 10 85.0394 317.9896 Tm
-0.0002 Tc
0 Tw
[(Zul.-Nr)91.6(.: )]TJ
/F2 1 Tf
3.8771 0 TD
(47669)Tj
/F5 1 Tf
8.8788 0 TD
0 Tc
(V)Tj
0.6301 0 TD
-0.0001 Tc
(erkaufsart: )Tj
/F2 1 Tf
5.3041 0 TD
0 Tc
(A)Tj
/F5 1 Tf
23.0785 0 TD
-0.0001 Tc
(26.09.2002)Tj
-41.7687 -2.2428 TD
[(Zusammensetzung:)-921.1(01)]TJ
8.3 0 0 8.3 198.4252 295.5615 Tm
-0.0306 Tw
[(CEF)36.7(ALEXINUM 120)-278.1(mg, EXCIPIENS pro COMPRESSO OBDUCTO.)]TJ
10 0 0 10 184.252 281.3879 Tm
-0.0002 Tc
0 Tw
(02)Tj
8.3 0 0 8.3 198.4252 281.3879 Tm
-0.0001 Tc
-0.0306 Tw
[(CEF)36.7(ALEXINUM 600)-278.1(mg, EXCIPIENS pro COMPRESSO OBDUCTO.)]TJ
10 0 0 10 85.0394 267.2143 Tm
[(Anwendung:)-5285.2(Bakterielle Infektionen bei Hunden und Katzen)]TJ
0 -1.4174 TD
[(* Packungen:)-3729.5(01)-305.6(014)-7141.8(3)0.1(0)-567(Filmtabletten)-7327.9(A)]TJ
9.9213 -1.4174 TD
0 Tw
[(02)-305.6(022)-7141.8(3)0.1(0)-567(Filmtabletten)-7327.9(A)]TJ
-9.9213 -1.4174 TD
0.0677 Tw
[(* )98.3(Bemerkungen:)-3702(Ersetzt die Registrierungsurkunde vom 29.11.2000 lautend auf Chassot AG,)]TJ
11.3386 -1.1339 TD
-0.0306 Tw
(Belp Änderung Packungsgrösse)Tj
-11.3386 -1.4174 TD
[(Gültig bis:)-6647.8(31. Dezember 2005)]TJ
ET
85.04 190.77 m
552.76 190.77 l
S
Q

q
1 i 
-9 851 613 -860 re
0 841 m
W n
0.03 841.02 595.02 -841.02 re
W n
BT
/F4 1 Tf
12.5 0 0 12.5 285.8058 811.7825 Tm
/Cs5 cs 0.161 0.145 0.149 sc
/GS1 gs
-0.0001 Tc
-0.0286 Tw
[(Arzneimittel Statistik)-130(/)-129.9(M)0.1(édicaments miscellanées)]TJ
ET
/Cs5 CS 0.161 0.145 0.149 SC
0 J 0 j 0.3 w 10 M []0 d
42.8 805.15 m
567.2 805.15 l
S
Q
q
1 i 
361.69 850.5 198.43 -24.09 re
560.097 811.782 m
W* n
-9 851 613 -860 re
0 841 m
W n
0.03 841.02 595.02 -841.02 re
W n
q
2.7718 0 0 -0.3608 0 0 cm
/Cs5 CS 1 1 1 SC
0 J 0 j 0.5 w 10 M []0 d
/GS1 gs
130.36 -2360.21 m
130.36 -2287.903 l
S
0.992 0.992 0.992 SC
130.827 -2360.21 m
130.827 -2287.903 l
S
0.988 0.988 0.988 SC
131.293 -2360.21 m
131.293 -2287.903 l
S
0.98 0.98 0.984 SC
131.76 -2360.21 m
131.76 -2287.903 l
S
0.976 0.976 0.976 SC
132.226 -2360.21 m
132.226 -2287.903 l
S
0.973 0.973 0.973 SC
132.693 -2360.21 m
132.693 -2287.903 l
S
0.969 0.969 0.969 SC
133.159 -2360.21 m
133.159 -2287.903 l
S
0.965 0.965 0.969 SC
133.626 -2360.21 m
133.626 -2287.903 l
S
0.961 0.961 0.965 SC
134.092 -2360.21 m
134.092 -2287.903 l
S
0.957 0.957 0.961 SC
134.559 -2360.21 m
134.559 -2287.903 l
S
0.953 0.957 0.957 SC
135.025 -2360.21 m
135.025 -2287.903 l
S
0.949 0.953 0.953 SC
135.492 -2360.21 m
135.492 -2287.903 l
S
0.945 0.949 0.949 SC
135.958 -2360.21 m
135.958 -2287.903 l
S
0.945 0.945 0.949 SC
136.425 -2360.21 m
136.425 -2287.903 l
S
0.941 0.941 0.945 SC
136.891 -2360.21 m
136.891 -2287.903 l
S
0.937 0.937 0.941 SC
137.358 -2360.21 m
137.358 -2287.903 l
S
0.933 0.937 0.937 SC
137.824 -2360.21 m
137.824 -2287.903 l
S
0.929 0.933 0.933 SC
138.291 -2360.21 m
138.291 -2287.903 l
S
0.925 0.929 0.933 SC
138.757 -2360.21 m
138.757 -2287.903 l
S
0.922 0.925 0.929 SC
139.224 -2360.21 m
139.224 -2287.903 l
S
0.922 0.922 0.925 SC
139.69 -2360.21 m
139.69 -2287.903 l
S
0.918 0.922 0.922 SC
140.157 -2360.21 m
140.157 -2287.903 l
S
0.914 0.918 0.922 SC
140.623 -2360.21 m
140.623 -2287.903 l
S
0.91 0.914 0.918 SC
141.09 -2360.21 m
141.09 -2287.903 l
S
0.906 0.91 0.914 SC
141.556 -2360.21 m
141.556 -2287.903 l
S
0.902 0.906 0.91 SC
142.023 -2360.21 m
142.023 -2287.903 l
S
0.898 0.902 0.906 SC
142.489 -2360.21 m
142.489 -2287.903 l
S
0.898 0.898 0.902 SC
142.956 -2360.21 m
142.956 -2287.903 l
S
0.894 0.898 0.902 SC
143.422 -2360.21 m
143.422 -2287.903 l
S
0.89 0.894 0.898 SC
143.889 -2360.21 m
143.889 -2287.903 l
S
0.886 0.89 0.894 SC
144.355 -2360.21 m
144.355 -2287.903 l
S
0.882 0.886 0.89 SC
144.822 -2360.21 m
144.822 -2287.903 l
S
0.878 0.882 0.89 SC
145.288 -2360.21 m
145.288 -2287.903 l
S
0.875 0.882 0.886 SC
145.755 -2360.21 m
145.755 -2287.903 l
S
0.875 0.878 0.882 SC
146.221 -2360.21 m
146.221 -2287.903 l
S
0.871 0.875 0.878 SC
146.688 -2360.21 m
146.688 -2287.903 l
S
0.867 0.871 0.875 SC
147.154 -2360.21 m
147.154 -2287.903 l
S
0.863 0.867 0.875 SC
147.621 -2360.21 m
147.621 -2287.903 l
S
0.859 0.863 0.871 SC
148.087 -2360.21 m
148.087 -2287.903 l
S
0.855 0.863 0.867 SC
148.554 -2360.21 m
148.554 -2287.903 l
S
0.855 0.859 0.863 SC
149.02 -2360.21 m
149.02 -2287.903 l
S
0.851 0.855 0.859 SC
149.487 -2360.21 m
149.487 -2287.903 l
S
0.847 0.851 0.859 SC
149.953 -2360.21 m
149.953 -2287.903 l
S
0.843 0.847 0.855 SC
150.42 -2360.21 m
150.42 -2287.903 l
S
0.839 0.847 0.851 SC
150.886 -2360.21 m
150.886 -2287.903 l
S
0.835 0.843 0.847 SC
151.353 -2360.21 m
151.353 -2287.903 l
S
0.835 0.839 0.843 SC
151.819 -2360.21 m
151.819 -2287.903 l
S
0.831 0.835 0.843 SC
152.286 -2360.21 m
152.286 -2287.903 l
S
0.827 0.831 0.839 SC
152.752 -2360.21 m
152.752 -2287.903 l
S
0.824 0.831 0.835 SC
153.219 -2360.21 m
153.219 -2287.903 l
S
0.82 0.827 0.831 SC
153.685 -2360.21 m
153.685 -2287.903 l
S
0.816 0.824 0.831 SC
154.152 -2360.21 m
154.152 -2287.903 l
S
0.816 0.82 0.827 SC
154.618 -2360.21 m
154.618 -2287.903 l
S
0.812 0.816 0.824 SC
155.085 -2360.21 m
155.085 -2287.903 l
S
0.808 0.812 0.82 SC
155.551 -2360.21 m
155.551 -2287.903 l
S
0.804 0.812 0.816 SC
156.018 -2360.21 m
156.018 -2287.903 l
S
0.8 0.808 0.816 SC
156.484 -2360.21 m
156.484 -2287.903 l
S
0.796 0.804 0.812 SC
156.951 -2360.21 m
156.951 -2287.903 l
S
0.796 0.8 0.808 SC
157.417 -2360.21 m
157.417 -2287.903 l
S
0.792 0.796 0.804 SC
157.884 -2360.21 m
157.884 -2287.903 l
S
0.788 0.796 0.8 SC
158.35 -2360.21 m
158.35 -2287.903 l
S
0.784 0.792 0.8 SC
158.817 -2360.21 m
158.817 -2287.903 l
S
0.78 0.788 0.796 SC
159.283 -2360.21 m
159.283 -2287.903 l
S
0.776 0.784 0.792 SC
159.75 -2360.21 m
159.75 -2287.903 l
S
0.776 0.78 0.788 SC
160.216 -2360.21 m
160.216 -2287.903 l
S
0.773 0.776 0.784 SC
160.683 -2360.21 m
160.683 -2287.903 l
S
0.769 0.776 0.784 SC
161.149 -2360.21 m
161.149 -2287.903 l
S
0.765 0.773 0.78 SC
161.616 -2360.21 m
161.616 -2287.903 l
S
0.761 0.769 0.776 SC
162.082 -2360.21 m
162.082 -2287.903 l
S
0.757 0.765 0.773 SC
162.549 -2360.21 m
162.549 -2287.903 l
S
0.753 0.761 0.769 SC
163.015 -2360.21 m
163.015 -2287.903 l
163.482 -2360.21 m
163.482 -2287.903 l
S
0.749 0.757 0.765 SC
163.948 -2360.21 m
163.948 -2287.903 l
S
0.745 0.753 0.761 SC
164.415 -2360.21 m
164.415 -2287.903 l
S
0.741 0.749 0.757 SC
164.881 -2360.21 m
164.881 -2287.903 l
S
0.737 0.745 0.753 SC
165.348 -2360.21 m
165.348 -2287.903 l
S
0.733 0.741 0.753 SC
165.814 -2360.21 m
165.814 -2287.903 l
S
0.733 0.741 0.749 SC
166.281 -2360.21 m
166.281 -2287.903 l
166.747 -2360.21 m
166.747 -2287.903 l
S
0.729 0.737 0.745 SC
167.214 -2360.21 m
167.214 -2287.903 l
S
0.725 0.733 0.741 SC
167.68 -2360.21 m
167.68 -2287.903 l
S
0.722 0.729 0.737 SC
168.147 -2360.21 m
168.147 -2287.903 l
S
0.718 0.725 0.737 SC
168.613 -2360.21 m
168.613 -2287.903 l
S
0.714 0.722 0.733 SC
169.08 -2360.21 m
169.08 -2287.903 l
S
0.714 0.722 0.729 SC
169.546 -2360.21 m
169.546 -2287.903 l
S
0.71 0.718 0.725 SC
170.013 -2360.21 m
170.013 -2287.903 l
S
0.706 0.714 0.722 SC
170.479 -2360.21 m
170.479 -2287.903 l
S
0.702 0.71 0.722 SC
170.946 -2360.21 m
170.946 -2287.903 l
S
0.698 0.706 0.718 SC
171.412 -2360.21 m
171.412 -2287.903 l
S
0.698 0.706 0.714 SC
171.879 -2360.21 m
171.879 -2287.903 l
S
0.694 0.702 0.71 SC
172.345 -2360.21 m
172.345 -2287.903 l
S
0.69 0.698 0.706 SC
172.812 -2360.21 m
172.812 -2287.903 l
S
0.686 0.694 0.706 SC
173.278 -2360.21 m
173.278 -2287.903 l
S
0.682 0.69 0.702 SC
173.745 -2360.21 m
173.745 -2287.903 l
S
0.682 0.69 0.698 SC
174.211 -2360.21 m
174.211 -2287.903 l
S
0.678 0.686 0.694 SC
174.678 -2360.21 m
174.678 -2287.903 l
S
0.675 0.682 0.69 SC
175.144 -2360.21 m
175.144 -2287.903 l
S
0.671 0.678 0.69 SC
175.611 -2360.21 m
175.611 -2287.903 l
S
0.667 0.675 0.686 SC
176.077 -2360.21 m
176.077 -2287.903 l
S
0.663 0.675 0.682 SC
176.544 -2360.21 m
176.544 -2287.903 l
S
0.663 0.671 0.678 SC
177.01 -2360.21 m
177.01 -2287.903 l
S
0.659 0.667 0.678 SC
177.477 -2360.21 m
177.477 -2287.903 l
S
0.655 0.663 0.675 SC
177.943 -2360.21 m
177.943 -2287.903 l
S
0.651 0.659 0.671 SC
178.41 -2360.21 m
178.41 -2287.903 l
S
0.651 0.659 0.667 SC
178.876 -2360.21 m
178.876 -2287.903 l
S
0.647 0.655 0.663 SC
179.343 -2360.21 m
179.343 -2287.903 l
S
0.643 0.651 0.663 SC
179.809 -2360.21 m
179.809 -2287.903 l
S
0.639 0.647 0.659 SC
180.276 -2360.21 m
180.276 -2287.903 l
S
0.635 0.643 0.655 SC
180.742 -2360.21 m
180.742 -2287.903 l
S
0.635 0.643 0.651 SC
181.209 -2360.21 m
181.209 -2287.903 l
S
0.631 0.639 0.647 SC
181.675 -2360.21 m
181.675 -2287.903 l
S
0.627 0.635 0.647 SC
182.142 -2360.21 m
182.142 -2287.903 l
S
0.624 0.631 0.643 SC
182.608 -2360.21 m
182.608 -2287.903 l
S
0.62 0.631 0.639 SC
183.075 -2360.21 m
183.075 -2287.903 l
S
0.62 0.627 0.635 SC
183.541 -2360.21 m
183.541 -2287.903 l
S
0.616 0.624 0.635 SC
184.008 -2360.21 m
184.008 -2287.903 l
S
0.612 0.62 0.631 SC
184.474 -2360.21 m
184.474 -2287.903 l
S
0.608 0.616 0.627 SC
184.941 -2360.21 m
184.941 -2287.903 l
S
0.608 0.616 0.624 SC
185.407 -2360.21 m
185.407 -2287.903 l
S
0.604 0.612 0.624 SC
185.874 -2360.21 m
185.874 -2287.903 l
S
0.6 0.608 0.62 SC
186.34 -2360.21 m
186.34 -2287.903 l
S
0.596 0.604 0.616 SC
186.806 -2360.21 m
186.806 -2287.903 l
S
0.596 0.604 0.612 SC
187.273 -2360.21 m
187.273 -2287.903 l
S
0.592 0.6 0.608 SC
187.739 -2360.21 m
187.739 -2287.903 l
S
0.588 0.596 0.608 SC
188.206 -2360.21 m
188.206 -2287.903 l
S
0.584 0.592 0.604 SC
188.672 -2360.21 m
188.672 -2287.903 l
S
0.584 0.592 0.6 SC
189.139 -2360.21 m
189.139 -2287.903 l
S
0.58 0.588 0.596 SC
189.605 -2360.21 m
189.605 -2287.903 l
S
0.576 0.584 0.596 SC
190.072 -2360.21 m
190.072 -2287.903 l
S
0.573 0.58 0.592 SC
190.538 -2360.21 m
190.538 -2287.903 l
S
0.573 0.58 0.588 SC
191.005 -2360.21 m
191.005 -2287.903 l
S
0.569 0.576 0.588 SC
191.471 -2360.21 m
191.471 -2287.903 l
S
0.565 0.573 0.584 SC
191.938 -2360.21 m
191.938 -2287.903 l
S
0.561 0.569 0.58 SC
192.404 -2360.21 m
192.404 -2287.903 l
S
0.561 0.569 0.576 SC
192.871 -2360.21 m
192.871 -2287.903 l
S
0.557 0.565 0.576 SC
193.337 -2360.21 m
193.337 -2287.903 l
S
0.553 0.561 0.573 SC
193.804 -2360.21 m
193.804 -2287.903 l
S
0.549 0.557 0.569 SC
194.27 -2360.21 m
194.27 -2287.903 l
S
0.549 0.557 0.565 SC
194.737 -2360.21 m
194.737 -2287.903 l
S
0.545 0.553 0.565 SC
195.203 -2360.21 m
195.203 -2287.903 l
S
0.541 0.549 0.561 SC
195.67 -2360.21 m
195.67 -2287.903 l
S
0.537 0.545 0.557 SC
196.136 -2360.21 m
196.136 -2287.903 l
S
0.537 0.545 0.553 SC
196.603 -2360.21 m
196.603 -2287.903 l
S
0.533 0.541 0.553 SC
197.069 -2360.21 m
197.069 -2287.903 l
S
0.529 0.537 0.549 SC
197.536 -2360.21 m
197.536 -2287.903 l
S
0.529 0.533 0.545 SC
198.002 -2360.21 m
198.002 -2287.903 l
S
0.525 0.533 0.541 SC
198.469 -2360.21 m
198.469 -2287.903 l
S
0.522 0.529 0.541 SC
198.935 -2360.21 m
198.935 -2287.903 l
S
0.518 0.525 0.537 SC
199.402 -2360.21 m
199.402 -2287.903 l
S
0.518 0.525 0.533 SC
199.868 -2360.21 m
199.868 -2287.903 l
S
0.514 0.522 0.529 SC
200.335 -2360.21 m
200.335 -2287.903 l
S
0.51 0.518 0.529 SC
200.801 -2360.21 m
200.801 -2287.903 l
S
0.51 0.514 0.525 SC
201.268 -2360.21 m
201.268 -2287.903 l
S
0.506 0.514 0.522 SC
201.734 -2360.21 m
201.734 -2287.903 l
S
0.502 0.51 0.518 SC
202.201 -2360.21 m
202.201 -2287.903 l
S
Q
Q
q
1 i 
-9 851 613 -860 re
0 841 m
W n
0.03 841.02 595.02 -841.02 re
W n
/Cs5 cs 0.161 0.145 0.149 sc
/GS1 gs
560.12 841.02 34.93 -6.11 re
f
/Cs5 CS 0.161 0.145 0.149 SC
0 J 0 j 0.3 w 10 M []0 d
567.202 840.678 m
567.202 804.948 l
S
286.57 22.8 22.68 -22.8 re
f
BT
/F1 1 Tf
10 0 0 10 289.5747 7.7671 Tm
1 1 1 sc
-0.0002 Tc
0 Tw
(685)Tj
/F3 1 Tf
7 0 0 7 473.8676 17.5374 Tm
0.161 0.145 0.149 sc
-0.0001 Tc
-0.0306 Tw
[(Swissmedic Jour)-17.9(nal)-1111.9(9/2002)]TJ
/F2 1 Tf
10 0 0 10 42.7953 763.6339 Tm
-0.0337 Tw
[(01)-1044.2(Dermatural ad us.vet., Salbe)]TJ
/F5 1 Tf
0 -1.4174 TD
-0.0306 Tw
(* Vétoquinol AG, Aemmenmattstrasse 2, 3123 Belp)Tj
ET
0.4 w 
42.8 741.51 m
510.51 741.51 l
42.8 723.82 m
510.51 723.82 l
S
BT
10 0 0 10 42.7953 729.1213 Tm
-0.0002 Tc
0 Tw
[(Zul.-Nr)91.6(.: )]TJ
/F2 1 Tf
3.8772 0 TD
(37398)Tj
/F5 1 Tf
8.8787 0 TD
0 Tc
(V)Tj
0.6301 0 TD
-0.0001 Tc
(erkaufsart: )Tj
/F2 1 Tf
5.3042 0 TD
0 Tc
(D)Tj
/F5 1 Tf
23.0785 0 TD
-0.0001 Tc
(04.09.2002)Tj
-41.7687 -2.2428 TD
-0.0306 Tw
[(* Zusammensetzung:)-118(01)]TJ
8.3 0 0 8.3 156.1811 706.6931 Tm
-0.0364 Tw
[(OXYMETHUREA 100)-278.1(mg, DIMETHYLIS SULFOXIDUM 150)-278.1(mg, MACROGOLUM 400, EXCIPIENS)]TJ
0 -1.3661 TD
-0.0306 Tw
[(ad UNGUENTUM pro 1)-278.1(g)0.1(. )]TJ
10 0 0 10 42.7953 681.1805 Tm
[(Anwendung:)-5285.2(Hautdesinfiziens für T)36.8(iere)]TJ
0 -1.4174 TD
-0.0002 Tc
0 Tw
[(Packung:)-5699.5(01)-305.7(012)-6586(1)0(00)-567.2(g)-12995.5(D)]TJ
T*
-0.0001 Tc
0.0677 Tw
[(* )98.3(Bemerkungen:)-3702(Ersetzt die Registrierungsurkunde vom 02.03.1999 lautend auf Chassot AG,)]TJ
11.3386 -1.1339 TD
-0.0002 Tc
0 Tw
(Belp)Tj
-11.3386 -1.4174 TD
-0.0001 Tc
-0.0306 Tw
[(Gültig bis:)-6647.8(31. Dezember 2003)]TJ
ET
42.8 618.91 m
510.51 618.91 l
S
BT
/F2 1 Tf
10 0 0 10 42.7953 582.9112 Tm
-0.0337 Tw
[(01)-1044.2(Fr)17.7(ontline ad us.vet., Spray)]TJ
/F5 1 Tf
T*
-0.0306 Tw
(Biokema SA, Ch. de la Chatanerie 2, 1023 Crissier)Tj
ET
42.8 560.79 m
510.51 560.79 l
42.8 543.1 m
510.51 543.1 l
S
BT
10 0 0 10 42.7953 548.3986 Tm
-0.0002 Tc
0 Tw
[(N°)-247.4(AMM: )]TJ
/F2 1 Tf
4.5038 0 TD
(53004)Tj
/F5 1 Tf
8.2521 0 TD
-0.0001 Tc
-0.0306 Tw
(* Mode de vente: )Tj
/F2 1 Tf
8.3226 0 TD
0 Tc
0 Tw
(C)Tj
/F5 1 Tf
20.6902 0 TD
-0.0001 Tc
(16.09.2002)Tj
-41.7687 -2.2428 TD
-0.0002 Tc
[(Composition:)-3756.2(01)]TJ
8.3 0 0 8.3 156.1811 525.9704 Tm
-0.0001 Tc
-0.0306 Tw
[(FIPRONILUM 2.5)-278.1(mg, EXCIPIENS ad SOLUTIONEM pro 1)-278.1(mL. )]TJ
10 0 0 10 42.7953 511.7968 Tm
[(Indication:)-6395.3(Ectoparasites chez les chiens et les chats)]TJ
0 -1.4174 TD
0 Tw
[(Conditionnements:)-1033.7(01)-305.6(016)-6585.9(1)0.1(00)-567.1(mL)-12217.5(C)]TJ
11.3386 -1.4174 TD
[(024)-6585.9(2)0.1(50)-567.1(mL)-12217.5(C)]TJ
-11.3386 -1.4174 TD
0.06 Tw
[(* )90.6(Remarques:)-5090.7(Cette attestation d’enregistrement annule celle du 10.10.2000 Mode de re-)]TJ
11.3386 -1.1339 TD
-0.0002 Tc
0 Tw
(mise)Tj
-11.3386 -1.4174 TD
-0.0488 Tc
(Va)Tj
1.174 0 TD
-0.0001 Tc
-0.0306 Tw
[(lable jusqu’au:)-3417.3(31 décembre 2005)]TJ
ET
42.8 435.35 m
510.51 435.35 l
S
BT
/F2 1 Tf
10 0 0 10 42.7953 399.3539 Tm
-0.0336 Tw
[(01)-1044.2(Fr)17.7(ontline spot on chat ad us.vet., solution)]TJ
/F5 1 Tf
0 -1.4174 TD
-0.0306 Tw
(Biokema SA, Ch. de la Chatanerie 2, 1023 Crissier)Tj
ET
42.8 377.23 m
510.51 377.23 l
42.8 359.54 m
510.51 359.54 l
S
BT
10 0 0 10 42.7953 364.8412 Tm
-0.0002 Tc
0 Tw
[(N°)-247.4(AMM: )]TJ
/F2 1 Tf
4.5038 0 TD
(53752)Tj
/F5 1 Tf
8.2521 0 TD
-0.0001 Tc
-0.0306 Tw
(* Mode de vente: )Tj
/F2 1 Tf
8.3226 0 TD
0 Tc
0 Tw
(C)Tj
/F5 1 Tf
20.6902 0 TD
-0.0001 Tc
(13.09.2002)Tj
-41.7687 -2.2428 TD
-0.0002 Tc
[(Composition:)-3756.2(01)]TJ
8.3 0 0 8.3 156.1811 342.4131 Tm
-0.0001 Tc
-0.0306 Tw
[(FIPRONILUM 100)-278.1(mg, ANTIOX.: E)-278.1(320, E)-278.1(321, EXCIPIENS ad SOLUTIONEM pro 1)-278.1(mL. )]TJ
10 0 0 10 42.7953 328.2395 Tm
[(Indication:)-6395.3(Ectoparasites chez les chats)]TJ
0 -1.4174 TD
0 Tw
[(Conditionnement:)-1422.6(0)0.1(1)-305.6(Pipettes)]TJ
11.3386 -1.4174 TD
-0.0306 Tw
[(020)-5313.6(3)0( x 0,5)-567(mL)-12217.5(C)]TJ
-11.3386 -1.4174 TD
[(* Remarques:)-5090.7(Cette attestation d’enregistrement annule celle du 07.12.2001)]TJ
11.3386 -1.4174 TD
(Mode de remise)Tj
-11.3386 -1.4174 TD
-0.0488 Tc
0 Tw
(Va)Tj
1.174 0 TD
-0.0001 Tc
-0.0306 Tw
[(lable jusqu’au:)-3417.3(31 décembre 2006)]TJ
ET
42.8 248.96 m
510.51 248.96 l
S
Q

q
1 i 
-9 851 613 -860 re
0 841 m
W n
0.03 841.02 595.02 -841.02 re
W n
BT
/F4 1 Tf
12.5 0 0 12.5 34.4488 811.7822 Tm
/Cs5 cs 0.161 0.145 0.149 sc
/GS1 gs
-0.0001 Tc
-0.0286 Tw
[(Arzneimittel Statistik)-130(/)-129.9(M)0.1(édicaments miscellanées)]TJ
ET
/Cs5 CS 0.161 0.145 0.149 SC
0 J 0 j 0.3 w 10 M []0 d
28.35 805.15 m
552.76 805.15 l
S
Q
q
1 i 
35.43 850.5 198.43 -24.09 re
308.74 811.782 m
W* n
-9 851 613 -860 re
0 841 m
W n
0.03 841.02 595.02 -841.02 re
W n
q
2.7718 0 0 -0.3608 0 0 cm
/Cs5 CS 0.502 0.51 0.518 SC
0 J 0 j 0.5 w 10 M []0 d
/GS1 gs
12.655 -2360.21 m
12.655 -2287.903 l
S
0.506 0.514 0.522 SC
13.121 -2360.21 m
13.121 -2287.903 l
S
0.51 0.514 0.525 SC
13.588 -2360.21 m
13.588 -2287.903 l
S
0.51 0.518 0.529 SC
14.054 -2360.21 m
14.054 -2287.903 l
S
0.514 0.522 0.529 SC
14.521 -2360.21 m
14.521 -2287.903 l
S
0.518 0.525 0.533 SC
14.987 -2360.21 m
14.987 -2287.903 l
S
0.518 0.525 0.537 SC
15.454 -2360.21 m
15.454 -2287.903 l
S
0.522 0.529 0.541 SC
15.92 -2360.21 m
15.92 -2287.903 l
S
0.525 0.533 0.541 SC
16.387 -2360.21 m
16.387 -2287.903 l
S
0.529 0.533 0.545 SC
16.853 -2360.21 m
16.853 -2287.903 l
S
0.529 0.537 0.549 SC
17.32 -2360.21 m
17.32 -2287.903 l
S
0.533 0.541 0.553 SC
17.786 -2360.21 m
17.786 -2287.903 l
S
0.537 0.545 0.553 SC
18.253 -2360.21 m
18.253 -2287.903 l
S
0.537 0.545 0.557 SC
18.719 -2360.21 m
18.719 -2287.903 l
S
0.541 0.549 0.561 SC
19.186 -2360.21 m
19.186 -2287.903 l
S
0.545 0.553 0.565 SC
19.652 -2360.21 m
19.652 -2287.903 l
S
0.549 0.557 0.565 SC
20.119 -2360.21 m
20.119 -2287.903 l
S
0.549 0.557 0.569 SC
20.585 -2360.21 m
20.585 -2287.903 l
S
0.553 0.561 0.573 SC
21.052 -2360.21 m
21.052 -2287.903 l
S
0.557 0.565 0.576 SC
21.518 -2360.21 m
21.518 -2287.903 l
S
0.561 0.569 0.576 SC
21.985 -2360.21 m
21.985 -2287.903 l
S
0.561 0.569 0.58 SC
22.451 -2360.21 m
22.451 -2287.903 l
S
0.565 0.573 0.584 SC
22.918 -2360.21 m
22.918 -2287.903 l
S
0.569 0.576 0.588 SC
23.384 -2360.21 m
23.384 -2287.903 l
S
0.573 0.58 0.588 SC
23.851 -2360.21 m
23.851 -2287.903 l
S
0.573 0.58 0.592 SC
24.317 -2360.21 m
24.317 -2287.903 l
S
0.576 0.584 0.596 SC
24.784 -2360.21 m
24.784 -2287.903 l
S
0.58 0.588 0.596 SC
25.25 -2360.21 m
25.25 -2287.903 l
S
0.584 0.592 0.6 SC
25.717 -2360.21 m
25.717 -2287.903 l
S
0.584 0.592 0.604 SC
26.183 -2360.21 m
26.183 -2287.903 l
S
0.588 0.596 0.608 SC
26.65 -2360.21 m
26.65 -2287.903 l
S
0.592 0.6 0.608 SC
27.116 -2360.21 m
27.116 -2287.903 l
S
0.596 0.604 0.612 SC
27.583 -2360.21 m
27.583 -2287.903 l
S
0.596 0.604 0.616 SC
28.049 -2360.21 m
28.049 -2287.903 l
S
0.6 0.608 0.62 SC
28.516 -2360.21 m
28.516 -2287.903 l
S
0.604 0.612 0.624 SC
28.982 -2360.21 m
28.982 -2287.903 l
S
0.608 0.616 0.624 SC
29.449 -2360.21 m
29.449 -2287.903 l
S
0.608 0.616 0.627 SC
29.915 -2360.21 m
29.915 -2287.903 l
S
0.612 0.62 0.631 SC
30.382 -2360.21 m
30.382 -2287.903 l
S
0.616 0.624 0.635 SC
30.848 -2360.21 m
30.848 -2287.903 l
S
0.62 0.627 0.635 SC
31.315 -2360.21 m
31.315 -2287.903 l
S
0.62 0.631 0.639 SC
31.781 -2360.21 m
31.781 -2287.903 l
S
0.624 0.631 0.643 SC
32.248 -2360.21 m
32.248 -2287.903 l
S
0.627 0.635 0.647 SC
32.714 -2360.21 m
32.714 -2287.903 l
S
0.631 0.639 0.647 SC
33.181 -2360.21 m
33.181 -2287.903 l
S
0.635 0.643 0.651 SC
33.647 -2360.21 m
33.647 -2287.903 l
S
0.635 0.643 0.655 SC
34.113 -2360.21 m
34.113 -2287.903 l
S
0.639 0.647 0.659 SC
34.58 -2360.21 m
34.58 -2287.903 l
S
0.643 0.651 0.663 SC
35.046 -2360.21 m
35.046 -2287.903 l
S
0.647 0.655 0.663 SC
35.513 -2360.21 m
35.513 -2287.903 l
S
0.651 0.659 0.667 SC
35.979 -2360.21 m
35.979 -2287.903 l
S
0.651 0.659 0.671 SC
36.446 -2360.21 m
36.446 -2287.903 l
S
0.655 0.663 0.675 SC
36.912 -2360.21 m
36.912 -2287.903 l
S
0.659 0.667 0.678 SC
37.379 -2360.21 m
37.379 -2287.903 l
S
0.663 0.671 0.678 SC
37.845 -2360.21 m
37.845 -2287.903 l
S
0.663 0.675 0.682 SC
38.312 -2360.21 m
38.312 -2287.903 l
S
0.667 0.675 0.686 SC
38.778 -2360.21 m
38.778 -2287.903 l
S
0.671 0.678 0.69 SC
39.245 -2360.21 m
39.245 -2287.903 l
S
0.675 0.682 0.69 SC
39.711 -2360.21 m
39.711 -2287.903 l
S
0.678 0.686 0.694 SC
40.178 -2360.21 m
40.178 -2287.903 l
S
0.682 0.69 0.698 SC
40.644 -2360.21 m
40.644 -2287.903 l
S
0.682 0.69 0.702 SC
41.111 -2360.21 m
41.111 -2287.903 l
S
0.686 0.694 0.706 SC
41.577 -2360.21 m
41.577 -2287.903 l
S
0.69 0.698 0.706 SC
42.044 -2360.21 m
42.044 -2287.903 l
S
0.694 0.702 0.71 SC
42.51 -2360.21 m
42.51 -2287.903 l
S
0.698 0.706 0.714 SC
42.977 -2360.21 m
42.977 -2287.903 l
S
0.698 0.706 0.718 SC
43.443 -2360.21 m
43.443 -2287.903 l
S
0.702 0.71 0.722 SC
43.91 -2360.21 m
43.91 -2287.903 l
S
0.706 0.714 0.722 SC
44.376 -2360.21 m
44.376 -2287.903 l
S
0.71 0.718 0.725 SC
44.843 -2360.21 m
44.843 -2287.903 l
S
0.714 0.722 0.729 SC
45.309 -2360.21 m
45.309 -2287.903 l
S
0.714 0.722 0.733 SC
45.776 -2360.21 m
45.776 -2287.903 l
S
0.718 0.725 0.737 SC
46.242 -2360.21 m
46.242 -2287.903 l
S
0.722 0.729 0.737 SC
46.709 -2360.21 m
46.709 -2287.903 l
S
0.725 0.733 0.741 SC
47.175 -2360.21 m
47.175 -2287.903 l
S
0.729 0.737 0.745 SC
47.642 -2360.21 m
47.642 -2287.903 l
S
0.733 0.741 0.749 SC
48.108 -2360.21 m
48.108 -2287.903 l
S
0.733 0.741 0.753 SC
48.575 -2360.21 m
48.575 -2287.903 l
49.041 -2360.21 m
49.041 -2287.903 l
S
0.737 0.745 0.753 SC
49.508 -2360.21 m
49.508 -2287.903 l
S
0.741 0.749 0.757 SC
49.974 -2360.21 m
49.974 -2287.903 l
S
0.745 0.753 0.761 SC
50.441 -2360.21 m
50.441 -2287.903 l
S
0.749 0.757 0.765 SC
50.907 -2360.21 m
50.907 -2287.903 l
S
0.753 0.761 0.769 SC
51.374 -2360.21 m
51.374 -2287.903 l
51.84 -2360.21 m
51.84 -2287.903 l
S
0.757 0.765 0.773 SC
52.307 -2360.21 m
52.307 -2287.903 l
S
0.761 0.769 0.776 SC
52.773 -2360.21 m
52.773 -2287.903 l
S
0.765 0.773 0.78 SC
53.24 -2360.21 m
53.24 -2287.903 l
S
0.769 0.776 0.784 SC
53.706 -2360.21 m
53.706 -2287.903 l
S
0.773 0.776 0.784 SC
54.173 -2360.21 m
54.173 -2287.903 l
S
0.776 0.78 0.788 SC
54.639 -2360.21 m
54.639 -2287.903 l
S
0.776 0.784 0.792 SC
55.106 -2360.21 m
55.106 -2287.903 l
S
0.78 0.788 0.796 SC
55.572 -2360.21 m
55.572 -2287.903 l
S
0.784 0.792 0.8 SC
56.039 -2360.21 m
56.039 -2287.903 l
S
0.788 0.796 0.8 SC
56.505 -2360.21 m
56.505 -2287.903 l
S
0.792 0.796 0.804 SC
56.972 -2360.21 m
56.972 -2287.903 l
S
0.796 0.8 0.808 SC
57.438 -2360.21 m
57.438 -2287.903 l
S
0.796 0.804 0.812 SC
57.905 -2360.21 m
57.905 -2287.903 l
S
0.8 0.808 0.816 SC
58.371 -2360.21 m
58.371 -2287.903 l
S
0.804 0.812 0.816 SC
58.838 -2360.21 m
58.838 -2287.903 l
S
0.808 0.812 0.82 SC
59.304 -2360.21 m
59.304 -2287.903 l
S
0.812 0.816 0.824 SC
59.771 -2360.21 m
59.771 -2287.903 l
S
0.816 0.82 0.827 SC
60.237 -2360.21 m
60.237 -2287.903 l
S
0.816 0.824 0.831 SC
60.704 -2360.21 m
60.704 -2287.903 l
S
0.82 0.827 0.831 SC
61.17 -2360.21 m
61.17 -2287.903 l
S
0.824 0.831 0.835 SC
61.637 -2360.21 m
61.637 -2287.903 l
S
0.827 0.831 0.839 SC
62.103 -2360.21 m
62.103 -2287.903 l
S
0.831 0.835 0.843 SC
62.57 -2360.21 m
62.57 -2287.903 l
S
0.835 0.839 0.843 SC
63.036 -2360.21 m
63.036 -2287.903 l
S
0.835 0.843 0.847 SC
63.503 -2360.21 m
63.503 -2287.903 l
S
0.839 0.847 0.851 SC
63.969 -2360.21 m
63.969 -2287.903 l
S
0.843 0.847 0.855 SC
64.436 -2360.21 m
64.436 -2287.903 l
S
0.847 0.851 0.859 SC
64.902 -2360.21 m
64.902 -2287.903 l
S
0.851 0.855 0.859 SC
65.369 -2360.21 m
65.369 -2287.903 l
S
0.855 0.859 0.863 SC
65.835 -2360.21 m
65.835 -2287.903 l
S
0.855 0.863 0.867 SC
66.302 -2360.21 m
66.302 -2287.903 l
S
0.859 0.863 0.871 SC
66.768 -2360.21 m
66.768 -2287.903 l
S
0.863 0.867 0.875 SC
67.235 -2360.21 m
67.235 -2287.903 l
S
0.867 0.871 0.875 SC
67.701 -2360.21 m
67.701 -2287.903 l
S
0.871 0.875 0.878 SC
68.168 -2360.21 m
68.168 -2287.903 l
S
0.875 0.878 0.882 SC
68.634 -2360.21 m
68.634 -2287.903 l
S
0.875 0.882 0.886 SC
69.101 -2360.21 m
69.101 -2287.903 l
S
0.878 0.882 0.89 SC
69.567 -2360.21 m
69.567 -2287.903 l
S
0.882 0.886 0.89 SC
70.034 -2360.21 m
70.034 -2287.903 l
S
0.886 0.89 0.894 SC
70.5 -2360.21 m
70.5 -2287.903 l
S
0.89 0.894 0.898 SC
70.967 -2360.21 m
70.967 -2287.903 l
S
0.894 0.898 0.902 SC
71.433 -2360.21 m
71.433 -2287.903 l
S
0.898 0.898 0.902 SC
71.9 -2360.21 m
71.9 -2287.903 l
S
0.898 0.902 0.906 SC
72.366 -2360.21 m
72.366 -2287.903 l
S
0.902 0.906 0.91 SC
72.833 -2360.21 m
72.833 -2287.903 l
S
0.906 0.91 0.914 SC
73.299 -2360.21 m
73.299 -2287.903 l
S
0.91 0.914 0.918 SC
73.766 -2360.21 m
73.766 -2287.903 l
S
0.914 0.918 0.922 SC
74.232 -2360.21 m
74.232 -2287.903 l
S
0.918 0.922 0.922 SC
74.699 -2360.21 m
74.699 -2287.903 l
S
0.922 0.922 0.925 SC
75.165 -2360.21 m
75.165 -2287.903 l
S
0.922 0.925 0.929 SC
75.632 -2360.21 m
75.632 -2287.903 l
S
0.925 0.929 0.933 SC
76.098 -2360.21 m
76.098 -2287.903 l
S
0.929 0.933 0.933 SC
76.565 -2360.21 m
76.565 -2287.903 l
S
0.933 0.937 0.937 SC
77.031 -2360.21 m
77.031 -2287.903 l
S
0.937 0.937 0.941 SC
77.498 -2360.21 m
77.498 -2287.903 l
S
0.941 0.941 0.945 SC
77.964 -2360.21 m
77.964 -2287.903 l
S
0.945 0.945 0.949 SC
78.431 -2360.21 m
78.431 -2287.903 l
S
0.945 0.949 0.949 SC
78.897 -2360.21 m
78.897 -2287.903 l
S
0.949 0.953 0.953 SC
79.364 -2360.21 m
79.364 -2287.903 l
S
0.953 0.957 0.957 SC
79.83 -2360.21 m
79.83 -2287.903 l
S
0.957 0.957 0.961 SC
80.297 -2360.21 m
80.297 -2287.903 l
S
0.961 0.961 0.965 SC
80.763 -2360.21 m
80.763 -2287.903 l
S
0.965 0.965 0.969 SC
81.23 -2360.21 m
81.23 -2287.903 l
S
0.969 0.969 0.969 SC
81.696 -2360.21 m
81.696 -2287.903 l
S
0.973 0.973 0.973 SC
82.163 -2360.21 m
82.163 -2287.903 l
S
0.976 0.976 0.976 SC
82.629 -2360.21 m
82.629 -2287.903 l
S
0.98 0.98 0.984 SC
83.096 -2360.21 m
83.096 -2287.903 l
S
0.988 0.988 0.988 SC
83.562 -2360.21 m
83.562 -2287.903 l
S
0.992 0.992 0.992 SC
84.029 -2360.21 m
84.029 -2287.903 l
S
1 1 1 SC
84.495 -2360.21 m
84.495 -2287.903 l
S
Q
Q
q
1 i 
-9 851 613 -860 re
0 841 m
W n
0.03 841.02 595.02 -841.02 re
W n
/Cs5 cs 0.161 0.145 0.149 sc
/GS1 gs
0.03 841.02 35.4 -6.11 re
f
/Cs5 CS 0.161 0.145 0.149 SC
0 J 0 j 0.3 w 10 M []0 d
28.347 841.076 m
28.347 805.006 l
S
286.3 22.8 22.68 -22.8 re
f
BT
/F1 1 Tf
10 0 0 10 289.2992 7.7671 Tm
1 1 1 sc
-0.0002 Tc
0 Tw
(686)Tj
/F3 1 Tf
7 0 0 7 35.4331 17.5374 Tm
0.161 0.145 0.149 sc
-0.0001 Tc
-0.0306 Tw
[(Swissmedic Jour)-17.9(nal)-1111.9(9/2002)]TJ
/F2 1 Tf
10 0 0 10 85.0394 763.6339 Tm
-0.0336 Tw
[(01)-1044.2(Fr)17.7(ontline spot on chiens S ad us.vet., solution)]TJ
0 -1.2835 TD
[(02)-1044.2(Fr)17.7(ontline spot on chiens M ad us.vet., solution)]TJ
T*
[(03)-1044.2(Fr)17.7(ontline spot on chiens L ad us.vet., solution)]TJ
T*
[(04)-1044.2(Fr)17.7(ontline spot on chiens XL ad us.vet., solution)]TJ
/F5 1 Tf
0 -1.4174 TD
-0.0306 Tw
(Biokema SA, Ch. de la Chatanerie 2, 1023 Crissier)Tj
ET
0.4 w 
85.04 703.01 m
552.76 703.01 l
85.04 685.31 m
552.76 685.31 l
S
BT
10 0 0 10 85.0394 690.6173 Tm
-0.0002 Tc
0 Tw
[(N°)-247.4(AMM: )]TJ
/F2 1 Tf
4.5038 0 TD
(53840)Tj
/F5 1 Tf
8.2521 0 TD
-0.0001 Tc
-0.0306 Tw
(* Mode de vente: )Tj
/F2 1 Tf
8.3226 0 TD
0 Tc
0 Tw
(C)Tj
/F5 1 Tf
20.6902 0 TD
-0.0001 Tc
(13.09.2002)Tj
-41.7687 -2.2428 TD
-0.0002 Tc
[(Composition:)-3756.2(01)]TJ
8.3 0 0 8.3 198.4252 668.1892 Tm
-0.0001 Tc
-0.0306 Tw
[(FIPRONILUM 67)-278.1(mg, ANTIOX.: E)-278.1(320, E)-278.1(321, EXCIPIENS ad SOLUTIONEM pro V)36.7(ASE)-278.1(0.67)-278.1(mL. )]TJ
10 0 0 10 184.252 654.0156 Tm
-0.0002 Tc
0 Tw
(02)Tj
8.3 0 0 8.3 198.4252 654.0156 Tm
-0.0001 Tc
-0.0306 Tw
[(FIPRONILUM 134)-278.1(mg, ANTIOX.: E)-278.1(320, E)-278.1(321, EXCIPIENS ad SOLUTIONEM pro V)36.7(ASE)-278.1(1.34)-278.1(mL. )]TJ
10 0 0 10 184.252 639.842 Tm
-0.0002 Tc
0 Tw
(03)Tj
8.3 0 0 8.3 198.4252 639.842 Tm
-0.0001 Tc
-0.0306 Tw
[(FIPRONILUM 268)-278.1(mg, ANTIOX.: E)-278.1(320, E)-278.1(321, EXCIPIENS ad SOLUTIONEM pro V)36.7(ASE)-278.1(2.68)-278.1(mL. )]TJ
10 0 0 10 184.252 625.6683 Tm
-0.0002 Tc
0 Tw
(04)Tj
8.3 0 0 8.3 198.4252 625.6683 Tm
-0.0001 Tc
-0.0306 Tw
[(FIPRONILUM 402)-278.1(mg, ANTIOX.: E)-278.1(320, E)-278.1(321, EXCIPIENS ad SOLUTIONEM pro V)36.7(ASE)-278.1(4,02)-278.1(mL. )]TJ
10 0 0 10 85.0394 611.4947 Tm
[(* Indication:)-4174.8(01)-305.6(Ectoparasites chez les chiens de 1kg jusqu’à 10kg)]TJ
9.9213 -1.4174 TD
[(02)-305.6(Ectoparasites chez les chiens de 10kg jusqu’à 20kg)]TJ
T*
[(03)-305.6(Ectoparasites chez les chiens de 20kg jusqu’à 40kg)]TJ
T*
[(04)-305.6(Ectoparasites chez les chiens de 40kg jusqu’à 60kg)]TJ
-9.9213 -1.4174 TD
[(Conditionnements:)-1033.7(01)-305.6(3 pipettes)]TJ
11.3386 -1.4174 TD
-0.0002 Tc
0 Tw
[(019)-6308.2(0.67)-567.1(mL)-12217.6(C)]TJ
-1.4173 -1.4174 TD
-0.0001 Tc
-0.0306 Tw
[(02)-305.6(3 pipettes)]TJ
1.4173 -1.4174 TD
-0.0002 Tc
0 Tw
[(051)-6308.2(1.34)-567.1(mL)-12217.6(C)]TJ
-1.4173 -1.4174 TD
-0.0001 Tc
-0.0306 Tw
[(03)-305.6(3 pipettes)]TJ
1.4173 -1.4174 TD
-0.0002 Tc
0 Tw
[(108)-6308.2(2.68)-567.1(mL)-12217.6(C)]TJ
-1.4173 -1.4174 TD
-0.0001 Tc
-0.0306 Tw
[(04)-305.6(3 pipettes)]TJ
1.4173 -1.4174 TD
-0.0002 Tc
0 Tw
[(140)-6308.2(4.02)-567.1(mL)-12217.6(C)]TJ
-11.3386 -1.4174 TD
-0.0001 Tc
-0.0306 Tw
[(* Remarques:)-5090.7(Cette attestation d’enregistrement annule celle du 31.10.2001)]TJ
11.3386 -1.4174 TD
(Mode de remise)Tj
-11.3386 -1.4174 TD
-0.0488 Tc
0 Tw
(Va)Tj
1.174 0 TD
-0.0001 Tc
-0.0306 Tw
[(lable jusqu’au:)-3417.3(31 décembre 2006)]TJ
ET
85.04 404.65 m
552.76 404.65 l
S
BT
/F2 1 Tf
10 0 0 10 85.0394 368.6544 Tm
-0.0336 Tw
[(01)-1044.2(Gentaseptin Metritisinjektor ad us.vet., Lösung)]TJ
/F5 1 Tf
0 -1.4174 TD
-0.0306 Tw
(* Vétoquinol AG, Aemmenmattstrasse 2, 3123 Belp)Tj
ET
85.04 346.53 m
552.76 346.53 l
85.04 328.84 m
552.76 328.84 l
S
BT
10 0 0 10 85.0394 334.1418 Tm
-0.0002 Tc
0 Tw
[(Zul.-Nr)91.6(.: )]TJ
/F2 1 Tf
3.8771 0 TD
(49384)Tj
/F5 1 Tf
8.8788 0 TD
0 Tc
(V)Tj
0.6301 0 TD
-0.0001 Tc
(erkaufsart: )Tj
/F2 1 Tf
5.3041 0 TD
0 Tc
(A)Tj
/F5 1 Tf
23.0785 0 TD
-0.0001 Tc
(26.09.2002)Tj
-41.7687 -2.2428 TD
[(Zusammensetzung:)-921.1(01)]TJ
8.3 0 0 8.3 198.4252 311.7136 Tm
0.239 Tw
[(GENT)54.7(AMICINUM 25)-278.1(mg ut GENT)54.7(AMICINI SULF)36.7(AS, CONSER)17.7(V)91.5(.: BENZALKONII CHLORIDUM,)]TJ
0 -1.3661 TD
-0.0306 Tw
[(EXCIPIENS ad SOLUTIONEM pro 1)-278.1(mL. )]TJ
10 0 0 10 85.0394 286.2011 Tm
[(Anwendung:)-5285.2(Endometritis, Pyometra bei Kühen)]TJ
0 -1.4174 TD
0 Tw
[(Packungen:)-4532.7(01)-305.6(033)-6585.9(5)0.1(00)-567.1(mL)-12217.5(A)]TJ
11.3386 -1.4174 TD
-0.0306 Tw
[(041)-4479.6(12 x 150)-567(mL)-12217.5(A)]TJ
-11.3386 -1.4174 TD
0.0677 Tw
[(* )98.3(Bemerkungen:)-3702(Ersetzt die Registrierungsurkunde vom 01.07.1998 lautend auf Chassot AG,)]TJ
11.3386 -1.1339 TD
-0.0002 Tc
0 Tw
(Belp)Tj
-11.3386 -1.4174 TD
-0.0001 Tc
-0.0306 Tw
[(Gültig bis:)-6647.8(31. Dezember 2003)]TJ
ET
85.04 209.75 m
552.76 209.75 l
S
Q

q
1 i 
-9 851 613 -860 re
0 841 m
W n
0.03 841.02 595.02 -841.02 re
W n
BT
/F4 1 Tf
12.5 0 0 12.5 285.8058 811.7825 Tm
/Cs5 cs 0.161 0.145 0.149 sc
/GS1 gs
-0.0001 Tc
-0.0286 Tw
[(Arzneimittel Statistik)-130(/)-129.9(M)0.1(édicaments miscellanées)]TJ
ET
/Cs5 CS 0.161 0.145 0.149 SC
0 J 0 j 0.3 w 10 M []0 d
42.8 805.15 m
567.2 805.15 l
S
Q
q
1 i 
361.69 850.5 198.43 -24.09 re
560.097 811.782 m
W* n
-9 851 613 -860 re
0 841 m
W n
0.03 841.02 595.02 -841.02 re
W n
q
2.7718 0 0 -0.3608 0 0 cm
/Cs5 CS 1 1 1 SC
0 J 0 j 0.5 w 10 M []0 d
/GS1 gs
130.36 -2360.21 m
130.36 -2287.903 l
S
0.992 0.992 0.992 SC
130.827 -2360.21 m
130.827 -2287.903 l
S
0.988 0.988 0.988 SC
131.293 -2360.21 m
131.293 -2287.903 l
S
0.98 0.98 0.984 SC
131.76 -2360.21 m
131.76 -2287.903 l
S
0.976 0.976 0.976 SC
132.226 -2360.21 m
132.226 -2287.903 l
S
0.973 0.973 0.973 SC
132.693 -2360.21 m
132.693 -2287.903 l
S
0.969 0.969 0.969 SC
133.159 -2360.21 m
133.159 -2287.903 l
S
0.965 0.965 0.969 SC
133.626 -2360.21 m
133.626 -2287.903 l
S
0.961 0.961 0.965 SC
134.092 -2360.21 m
134.092 -2287.903 l
S
0.957 0.957 0.961 SC
134.559 -2360.21 m
134.559 -2287.903 l
S
0.953 0.957 0.957 SC
135.025 -2360.21 m
135.025 -2287.903 l
S
0.949 0.953 0.953 SC
135.492 -2360.21 m
135.492 -2287.903 l
S
0.945 0.949 0.949 SC
135.958 -2360.21 m
135.958 -2287.903 l
S
0.945 0.945 0.949 SC
136.425 -2360.21 m
136.425 -2287.903 l
S
0.941 0.941 0.945 SC
136.891 -2360.21 m
136.891 -2287.903 l
S
0.937 0.937 0.941 SC
137.358 -2360.21 m
137.358 -2287.903 l
S
0.933 0.937 0.937 SC
137.824 -2360.21 m
137.824 -2287.903 l
S
0.929 0.933 0.933 SC
138.291 -2360.21 m
138.291 -2287.903 l
S
0.925 0.929 0.933 SC
138.757 -2360.21 m
138.757 -2287.903 l
S
0.922 0.925 0.929 SC
139.224 -2360.21 m
139.224 -2287.903 l
S
0.922 0.922 0.925 SC
139.69 -2360.21 m
139.69 -2287.903 l
S
0.918 0.922 0.922 SC
140.157 -2360.21 m
140.157 -2287.903 l
S
0.914 0.918 0.922 SC
140.623 -2360.21 m
140.623 -2287.903 l
S
0.91 0.914 0.918 SC
141.09 -2360.21 m
141.09 -2287.903 l
S
0.906 0.91 0.914 SC
141.556 -2360.21 m
141.556 -2287.903 l
S
0.902 0.906 0.91 SC
142.023 -2360.21 m
142.023 -2287.903 l
S
0.898 0.902 0.906 SC
142.489 -2360.21 m
142.489 -2287.903 l
S
0.898 0.898 0.902 SC
142.956 -2360.21 m
142.956 -2287.903 l
S
0.894 0.898 0.902 SC
143.422 -2360.21 m
143.422 -2287.903 l
S
0.89 0.894 0.898 SC
143.889 -2360.21 m
143.889 -2287.903 l
S
0.886 0.89 0.894 SC
144.355 -2360.21 m
144.355 -2287.903 l
S
0.882 0.886 0.89 SC
144.822 -2360.21 m
144.822 -2287.903 l
S
0.878 0.882 0.89 SC
145.288 -2360.21 m
145.288 -2287.903 l
S
0.875 0.882 0.886 SC
145.755 -2360.21 m
145.755 -2287.903 l
S
0.875 0.878 0.882 SC
146.221 -2360.21 m
146.221 -2287.903 l
S
0.871 0.875 0.878 SC
146.688 -2360.21 m
146.688 -2287.903 l
S
0.867 0.871 0.875 SC
147.154 -2360.21 m
147.154 -2287.903 l
S
0.863 0.867 0.875 SC
147.621 -2360.21 m
147.621 -2287.903 l
S
0.859 0.863 0.871 SC
148.087 -2360.21 m
148.087 -2287.903 l
S
0.855 0.863 0.867 SC
148.554 -2360.21 m
148.554 -2287.903 l
S
0.855 0.859 0.863 SC
149.02 -2360.21 m
149.02 -2287.903 l
S
0.851 0.855 0.859 SC
149.487 -2360.21 m
149.487 -2287.903 l
S
0.847 0.851 0.859 SC
149.953 -2360.21 m
149.953 -2287.903 l
S
0.843 0.847 0.855 SC
150.42 -2360.21 m
150.42 -2287.903 l
S
0.839 0.847 0.851 SC
150.886 -2360.21 m
150.886 -2287.903 l
S
0.835 0.843 0.847 SC
151.353 -2360.21 m
151.353 -2287.903 l
S
0.835 0.839 0.843 SC
151.819 -2360.21 m
151.819 -2287.903 l
S
0.831 0.835 0.843 SC
152.286 -2360.21 m
152.286 -2287.903 l
S
0.827 0.831 0.839 SC
152.752 -2360.21 m
152.752 -2287.903 l
S
0.824 0.831 0.835 SC
153.219 -2360.21 m
153.219 -2287.903 l
S
0.82 0.827 0.831 SC
153.685 -2360.21 m
153.685 -2287.903 l
S
0.816 0.824 0.831 SC
154.152 -2360.21 m
154.152 -2287.903 l
S
0.816 0.82 0.827 SC
154.618 -2360.21 m
154.618 -2287.903 l
S
0.812 0.816 0.824 SC
155.085 -2360.21 m
155.085 -2287.903 l
S
0.808 0.812 0.82 SC
155.551 -2360.21 m
155.551 -2287.903 l
S
0.804 0.812 0.816 SC
156.018 -2360.21 m
156.018 -2287.903 l
S
0.8 0.808 0.816 SC
156.484 -2360.21 m
156.484 -2287.903 l
S
0.796 0.804 0.812 SC
156.951 -2360.21 m
156.951 -2287.903 l
S
0.796 0.8 0.808 SC
157.417 -2360.21 m
157.417 -2287.903 l
S
0.792 0.796 0.804 SC
157.884 -2360.21 m
157.884 -2287.903 l
S
0.788 0.796 0.8 SC
158.35 -2360.21 m
158.35 -2287.903 l
S
0.784 0.792 0.8 SC
158.817 -2360.21 m
158.817 -2287.903 l
S
0.78 0.788 0.796 SC
159.283 -2360.21 m
159.283 -2287.903 l
S
0.776 0.784 0.792 SC
159.75 -2360.21 m
159.75 -2287.903 l
S
0.776 0.78 0.788 SC
160.216 -2360.21 m
160.216 -2287.903 l
S
0.773 0.776 0.784 SC
160.683 -2360.21 m
160.683 -2287.903 l
S
0.769 0.776 0.784 SC
161.149 -2360.21 m
161.149 -2287.903 l
S
0.765 0.773 0.78 SC
161.616 -2360.21 m
161.616 -2287.903 l
S
0.761 0.769 0.776 SC
162.082 -2360.21 m
162.082 -2287.903 l
S
0.757 0.765 0.773 SC
162.549 -2360.21 m
162.549 -2287.903 l
S
0.753 0.761 0.769 SC
163.015 -2360.21 m
163.015 -2287.903 l
163.482 -2360.21 m
163.482 -2287.903 l
S
0.749 0.757 0.765 SC
163.948 -2360.21 m
163.948 -2287.903 l
S
0.745 0.753 0.761 SC
164.415 -2360.21 m
164.415 -2287.903 l
S
0.741 0.749 0.757 SC
164.881 -2360.21 m
164.881 -2287.903 l
S
0.737 0.745 0.753 SC
165.348 -2360.21 m
165.348 -2287.903 l
S
0.733 0.741 0.753 SC
165.814 -2360.21 m
165.814 -2287.903 l
S
0.733 0.741 0.749 SC
166.281 -2360.21 m
166.281 -2287.903 l
166.747 -2360.21 m
166.747 -2287.903 l
S
0.729 0.737 0.745 SC
167.214 -2360.21 m
167.214 -2287.903 l
S
0.725 0.733 0.741 SC
167.68 -2360.21 m
167.68 -2287.903 l
S
0.722 0.729 0.737 SC
168.147 -2360.21 m
168.147 -2287.903 l
S
0.718 0.725 0.737 SC
168.613 -2360.21 m
168.613 -2287.903 l
S
0.714 0.722 0.733 SC
169.08 -2360.21 m
169.08 -2287.903 l
S
0.714 0.722 0.729 SC
169.546 -2360.21 m
169.546 -2287.903 l
S
0.71 0.718 0.725 SC
170.013 -2360.21 m
170.013 -2287.903 l
S
0.706 0.714 0.722 SC
170.479 -2360.21 m
170.479 -2287.903 l
S
0.702 0.71 0.722 SC
170.946 -2360.21 m
170.946 -2287.903 l
S
0.698 0.706 0.718 SC
171.412 -2360.21 m
171.412 -2287.903 l
S
0.698 0.706 0.714 SC
171.879 -2360.21 m
171.879 -2287.903 l
S
0.694 0.702 0.71 SC
172.345 -2360.21 m
172.345 -2287.903 l
S
0.69 0.698 0.706 SC
172.812 -2360.21 m
172.812 -2287.903 l
S
0.686 0.694 0.706 SC
173.278 -2360.21 m
173.278 -2287.903 l
S
0.682 0.69 0.702 SC
173.745 -2360.21 m
173.745 -2287.903 l
S
0.682 0.69 0.698 SC
174.211 -2360.21 m
174.211 -2287.903 l
S
0.678 0.686 0.694 SC
174.678 -2360.21 m
174.678 -2287.903 l
S
0.675 0.682 0.69 SC
175.144 -2360.21 m
175.144 -2287.903 l
S
0.671 0.678 0.69 SC
175.611 -2360.21 m
175.611 -2287.903 l
S
0.667 0.675 0.686 SC
176.077 -2360.21 m
176.077 -2287.903 l
S
0.663 0.675 0.682 SC
176.544 -2360.21 m
176.544 -2287.903 l
S
0.663 0.671 0.678 SC
177.01 -2360.21 m
177.01 -2287.903 l
S
0.659 0.667 0.678 SC
177.477 -2360.21 m
177.477 -2287.903 l
S
0.655 0.663 0.675 SC
177.943 -2360.21 m
177.943 -2287.903 l
S
0.651 0.659 0.671 SC
178.41 -2360.21 m
178.41 -2287.903 l
S
0.651 0.659 0.667 SC
178.876 -2360.21 m
178.876 -2287.903 l
S
0.647 0.655 0.663 SC
179.343 -2360.21 m
179.343 -2287.903 l
S
0.643 0.651 0.663 SC
179.809 -2360.21 m
179.809 -2287.903 l
S
0.639 0.647 0.659 SC
180.276 -2360.21 m
180.276 -2287.903 l
S
0.635 0.643 0.655 SC
180.742 -2360.21 m
180.742 -2287.903 l
S
0.635 0.643 0.651 SC
181.209 -2360.21 m
181.209 -2287.903 l
S
0.631 0.639 0.647 SC
181.675 -2360.21 m
181.675 -2287.903 l
S
0.627 0.635 0.647 SC
182.142 -2360.21 m
182.142 -2287.903 l
S
0.624 0.631 0.643 SC
182.608 -2360.21 m
182.608 -2287.903 l
S
0.62 0.631 0.639 SC
183.075 -2360.21 m
183.075 -2287.903 l
S
0.62 0.627 0.635 SC
183.541 -2360.21 m
183.541 -2287.903 l
S
0.616 0.624 0.635 SC
184.008 -2360.21 m
184.008 -2287.903 l
S
0.612 0.62 0.631 SC
184.474 -2360.21 m
184.474 -2287.903 l
S
0.608 0.616 0.627 SC
184.941 -2360.21 m
184.941 -2287.903 l
S
0.608 0.616 0.624 SC
185.407 -2360.21 m
185.407 -2287.903 l
S
0.604 0.612 0.624 SC
185.874 -2360.21 m
185.874 -2287.903 l
S
0.6 0.608 0.62 SC
186.34 -2360.21 m
186.34 -2287.903 l
S
0.596 0.604 0.616 SC
186.806 -2360.21 m
186.806 -2287.903 l
S
0.596 0.604 0.612 SC
187.273 -2360.21 m
187.273 -2287.903 l
S
0.592 0.6 0.608 SC
187.739 -2360.21 m
187.739 -2287.903 l
S
0.588 0.596 0.608 SC
188.206 -2360.21 m
188.206 -2287.903 l
S
0.584 0.592 0.604 SC
188.672 -2360.21 m
188.672 -2287.903 l
S
0.584 0.592 0.6 SC
189.139 -2360.21 m
189.139 -2287.903 l
S
0.58 0.588 0.596 SC
189.605 -2360.21 m
189.605 -2287.903 l
S
0.576 0.584 0.596 SC
190.072 -2360.21 m
190.072 -2287.903 l
S
0.573 0.58 0.592 SC
190.538 -2360.21 m
190.538 -2287.903 l
S
0.573 0.58 0.588 SC
191.005 -2360.21 m
191.005 -2287.903 l
S
0.569 0.576 0.588 SC
191.471 -2360.21 m
191.471 -2287.903 l
S
0.565 0.573 0.584 SC
191.938 -2360.21 m
191.938 -2287.903 l
S
0.561 0.569 0.58 SC
192.404 -2360.21 m
192.404 -2287.903 l
S
0.561 0.569 0.576 SC
192.871 -2360.21 m
192.871 -2287.903 l
S
0.557 0.565 0.576 SC
193.337 -2360.21 m
193.337 -2287.903 l
S
0.553 0.561 0.573 SC
193.804 -2360.21 m
193.804 -2287.903 l
S
0.549 0.557 0.569 SC
194.27 -2360.21 m
194.27 -2287.903 l
S
0.549 0.557 0.565 SC
194.737 -2360.21 m
194.737 -2287.903 l
S
0.545 0.553 0.565 SC
195.203 -2360.21 m
195.203 -2287.903 l
S
0.541 0.549 0.561 SC
195.67 -2360.21 m
195.67 -2287.903 l
S
0.537 0.545 0.557 SC
196.136 -2360.21 m
196.136 -2287.903 l
S
0.537 0.545 0.553 SC
196.603 -2360.21 m
196.603 -2287.903 l
S
0.533 0.541 0.553 SC
197.069 -2360.21 m
197.069 -2287.903 l
S
0.529 0.537 0.549 SC
197.536 -2360.21 m
197.536 -2287.903 l
S
0.529 0.533 0.545 SC
198.002 -2360.21 m
198.002 -2287.903 l
S
0.525 0.533 0.541 SC
198.469 -2360.21 m
198.469 -2287.903 l
S
0.522 0.529 0.541 SC
198.935 -2360.21 m
198.935 -2287.903 l
S
0.518 0.525 0.537 SC
199.402 -2360.21 m
199.402 -2287.903 l
S
0.518 0.525 0.533 SC
199.868 -2360.21 m
199.868 -2287.903 l
S
0.514 0.522 0.529 SC
200.335 -2360.21 m
200.335 -2287.903 l
S
0.51 0.518 0.529 SC
200.801 -2360.21 m
200.801 -2287.903 l
S
0.51 0.514 0.525 SC
201.268 -2360.21 m
201.268 -2287.903 l
S
0.506 0.514 0.522 SC
201.734 -2360.21 m
201.734 -2287.903 l
S
0.502 0.51 0.518 SC
202.201 -2360.21 m
202.201 -2287.903 l
S
Q
Q
q
1 i 
-9 851 613 -860 re
0 841 m
W n
0.03 841.02 595.02 -841.02 re
W n
/Cs5 cs 0.161 0.145 0.149 sc
/GS1 gs
560.12 841.02 34.93 -6.11 re
f
/Cs5 CS 0.161 0.145 0.149 SC
0 J 0 j 0.3 w 10 M []0 d
567.202 840.678 m
567.202 804.948 l
S
286.57 22.8 22.68 -22.8 re
f
BT
/F1 1 Tf
10 0 0 10 289.5747 7.7671 Tm
1 1 1 sc
-0.0002 Tc
0 Tw
(687)Tj
/F3 1 Tf
7 0 0 7 473.8676 17.5374 Tm
0.161 0.145 0.149 sc
-0.0001 Tc
-0.0306 Tw
[(Swissmedic Jour)-17.9(nal)-1111.9(9/2002)]TJ
/F2 1 Tf
10 0 0 10 42.7953 763.6339 Tm
-0.0336 Tw
[(01)-1044.2(Konstigmin ad us.vet., Injektionslösung)]TJ
/F5 1 Tf
0 -1.4174 TD
-0.0306 Tw
(* Vétoquinol AG, Aemmenmattstrasse 2, 3123 Belp)Tj
ET
0.4 w 
42.8 741.51 m
510.51 741.51 l
42.8 723.82 m
510.51 723.82 l
S
BT
10 0 0 10 42.7953 729.1213 Tm
-0.0002 Tc
0 Tw
[(Zul.-Nr)91.6(.: )]TJ
/F2 1 Tf
3.8772 0 TD
(43619)Tj
/F5 1 Tf
8.8787 0 TD
0 Tc
(V)Tj
0.6301 0 TD
-0.0001 Tc
(erkaufsart: )Tj
/F2 1 Tf
5.3042 0 TD
0 Tc
(B)Tj
/F5 1 Tf
23.0785 0 TD
-0.0001 Tc
(24.09.2002)Tj
-41.7687 -2.2428 TD
[(Zusammensetzung:)-921.1(01)]TJ
8.3 0 0 8.3 156.1811 706.6931 Tm
0.2971 Tw
[(NEOSTIGMINI BROMIDUM 2.5)-278.1(mg, CONSER)17.7(V)91.5(.: BENZETHONII CHLORIDUM, EXCIPIENS ad)]TJ
0 -1.3661 TD
-0.0306 Tw
[(SOLUTIONEM pro 1)-278.1(mL. )]TJ
10 0 0 10 42.7953 681.1805 Tm
[(Anwendung:)-5285.2(Peristaltikum für Wiederkäuer)91.7(, Pferde, Schweine, Hunde und Katzen)]TJ
0 -1.4174 TD
0 Tw
[(Packung:)-5699.4(01)-305.6(Stechampullen)]TJ
11.3386 -1.4174 TD
-0.0306 Tw
[(012)-5591.4(5)0( x 10)-567(mL)-12217.5(B)]TJ
-11.3386 -1.4174 TD
0.0677 Tw
[(* )98.3(Bemerkungen:)-3702(Ersetzt die Registrierungsurkunde vom 10.11.2000 lautend auf Chassot AG,)]TJ
11.3386 -1.1339 TD
-0.0002 Tc
0 Tw
(Belp)Tj
-11.3386 -1.4174 TD
-0.0001 Tc
-0.0306 Tw
[(Gültig bis:)-6647.8(31. Dezember 2005)]TJ
ET
42.8 604.73 m
510.51 604.73 l
S
BT
/F2 1 Tf
10 0 0 10 42.7953 568.7375 Tm
-0.0336 Tw
[(01)-1044.2(Latocillin ad us.vet., Eutersuspension)]TJ
/F5 1 Tf
T*
-0.0306 Tw
(* Vétoquinol AG, Aemmenmattstrasse 2, 3123 Belp)Tj
ET
42.8 546.61 m
510.51 546.61 l
42.8 528.92 m
510.51 528.92 l
S
BT
10 0 0 10 42.7953 534.2249 Tm
-0.0002 Tc
0 Tw
[(Zul.-Nr)91.6(.: )]TJ
/F2 1 Tf
3.8772 0 TD
(46734)Tj
/F5 1 Tf
8.8787 0 TD
0 Tc
(V)Tj
0.6301 0 TD
-0.0001 Tc
(erkaufsart: )Tj
/F2 1 Tf
5.3042 0 TD
0 Tc
(A)Tj
/F5 1 Tf
23.0785 0 TD
-0.0001 Tc
(10.09.2002)Tj
-41.7687 -2.2428 TD
[(Zusammensetzung:)-921.1(01)]TJ
8.3 0 0 8.3 156.1811 511.7967 Tm
0.0195 Tw
[(CLOXACILLINUM 500)-278.1(mg ut CLOXACILLINUM NA)73.7(TRICUM, EXCIPIENS ad SUSPENSIONEM pro)]TJ
0 -1.3661 TD
0 Tc
0 Tw
(V)Tj
0.6302 0 TD
-0.0001 Tc
[(ASE)-278.1(10)-278.1(mL. )]TJ
10 0 0 10 42.7953 486.2842 Tm
-0.0306 Tw
[(Anwendung:)-5285.2(Mastitis bei Kühen)]TJ
0 -1.4174 TD
0 Tw
[(Packungen:)-4532.7(01)-305.6(Injektor)]TJ
11.3386 -1.4174 TD
-0.0002 Tc
[(017)-7141.9(1)0(0)-567.1(m)-0.1(L)-12217.6(A)]TJ
-1.4173 -1.4174 TD
[(01)-305.7(Injektoren)]TJ
1.4173 -1.4174 TD
-0.0001 Tc
-0.0306 Tw
[(033)-4479.6(100 x 10)-567(mL)-12217.5(A)]TJ
-11.3386 -1.4174 TD
0.0677 Tw
[(* )98.3(Bemerkungen:)-3702(Ersetzt die Registrierungsurkunde vom 08.07.1999 lautend auf Chassot AG,)]TJ
11.3386 -1.1339 TD
-0.0002 Tc
0 Tw
(Belp)Tj
-11.3386 -1.4174 TD
-0.0001 Tc
-0.0306 Tw
[(Gültig bis:)-6647.8(31. Dezember 2004)]TJ
ET
42.8 381.49 m
510.51 381.49 l
S
BT
/F2 1 Tf
10 0 0 10 42.7953 345.494 Tm
-0.0336 Tw
[(01)-1044.2(Mastimyxin ad us.vet., Injektionslösung)]TJ
/F5 1 Tf
T*
-0.0306 Tw
(* Vétoquinol AG, Aemmenmattstrasse 2, 3123 Belp)Tj
ET
42.8 323.37 m
510.51 323.37 l
42.8 305.68 m
510.51 305.68 l
S
BT
10 0 0 10 42.7953 310.9814 Tm
-0.0002 Tc
0 Tw
[(Zul.-Nr)91.6(.: )]TJ
/F2 1 Tf
3.8772 0 TD
(44013)Tj
/F5 1 Tf
8.8787 0 TD
0 Tc
(V)Tj
0.6301 0 TD
-0.0001 Tc
(erkaufsart: )Tj
/F2 1 Tf
5.3042 0 TD
0 Tc
(A)Tj
/F5 1 Tf
23.0785 0 TD
-0.0001 Tc
(23.09.2002)Tj
-41.7687 -2.2428 TD
[(Zusammensetzung:)-921.1(01)]TJ
8.3 0 0 8.3 156.1811 288.5532 Tm
-0.0107 Tw
[(COLISTINI SULF)36.7(AS 1 MIO U.I., CONSER)17.6(V)91.5(.: ALCOHOL BENZYLICUS, EXCIPIENS ad SOLUTIONEM)]TJ
0 -1.3661 TD
-0.0307 Tw
[(pro 1)-278.1(mL. )]TJ
10 0 0 10 42.7953 263.0406 Tm
[(Anwendung:)-5285.2(Bakterielle Infektionen bei Rindern, Schweinen und Heimtieren)]TJ
0 -1.4174 TD
-0.0002 Tc
0 Tw
[(Packung:)-5699.5(01)-305.7(010)-7141.9(4)0(0)-567.1(m)-0.1(L)-12217.6(A)]TJ
T*
-0.0001 Tc
0.0677 Tw
[(* )98.3(Bemerkungen:)-3702(Ersetzt die Registrierungsurkunde vom 08.12.1999 lautend auf Chassot AG,)]TJ
11.3386 -1.1339 TD
-0.0002 Tc
0 Tw
(Belp)Tj
-11.3386 -1.4174 TD
-0.0001 Tc
-0.0306 Tw
[(Gültig bis:)-6647.8(31. Dezember 2004)]TJ
ET
42.8 200.77 m
510.51 200.77 l
S
Q

q
1 i 
-9 851 613 -860 re
0 841 m
W n
0.03 841.02 595.02 -841.02 re
W n
BT
/F4 1 Tf
12.5 0 0 12.5 34.4488 811.7822 Tm
/Cs5 cs 0.161 0.145 0.149 sc
/GS1 gs
-0.0001 Tc
-0.0286 Tw
[(Arzneimittel Statistik)-130(/)-129.9(M)0.1(édicaments miscellanées)]TJ
ET
/Cs5 CS 0.161 0.145 0.149 SC
0 J 0 j 0.3 w 10 M []0 d
28.35 805.15 m
552.76 805.15 l
S
Q
q
1 i 
35.43 850.5 198.43 -24.09 re
308.74 811.782 m
W* n
-9 851 613 -860 re
0 841 m
W n
0.03 841.02 595.02 -841.02 re
W n
q
2.7718 0 0 -0.3608 0 0 cm
/Cs5 CS 0.502 0.51 0.518 SC
0 J 0 j 0.5 w 10 M []0 d
/GS1 gs
12.655 -2360.21 m
12.655 -2287.903 l
S
0.506 0.514 0.522 SC
13.121 -2360.21 m
13.121 -2287.903 l
S
0.51 0.514 0.525 SC
13.588 -2360.21 m
13.588 -2287.903 l
S
0.51 0.518 0.529 SC
14.054 -2360.21 m
14.054 -2287.903 l
S
0.514 0.522 0.529 SC
14.521 -2360.21 m
14.521 -2287.903 l
S
0.518 0.525 0.533 SC
14.987 -2360.21 m
14.987 -2287.903 l
S
0.518 0.525 0.537 SC
15.454 -2360.21 m
15.454 -2287.903 l
S
0.522 0.529 0.541 SC
15.92 -2360.21 m
15.92 -2287.903 l
S
0.525 0.533 0.541 SC
16.387 -2360.21 m
16.387 -2287.903 l
S
0.529 0.533 0.545 SC
16.853 -2360.21 m
16.853 -2287.903 l
S
0.529 0.537 0.549 SC
17.32 -2360.21 m
17.32 -2287.903 l
S
0.533 0.541 0.553 SC
17.786 -2360.21 m
17.786 -2287.903 l
S
0.537 0.545 0.553 SC
18.253 -2360.21 m
18.253 -2287.903 l
S
0.537 0.545 0.557 SC
18.719 -2360.21 m
18.719 -2287.903 l
S
0.541 0.549 0.561 SC
19.186 -2360.21 m
19.186 -2287.903 l
S
0.545 0.553 0.565 SC
19.652 -2360.21 m
19.652 -2287.903 l
S
0.549 0.557 0.565 SC
20.119 -2360.21 m
20.119 -2287.903 l
S
0.549 0.557 0.569 SC
20.585 -2360.21 m
20.585 -2287.903 l
S
0.553 0.561 0.573 SC
21.052 -2360.21 m
21.052 -2287.903 l
S
0.557 0.565 0.576 SC
21.518 -2360.21 m
21.518 -2287.903 l
S
0.561 0.569 0.576 SC
21.985 -2360.21 m
21.985 -2287.903 l
S
0.561 0.569 0.58 SC
22.451 -2360.21 m
22.451 -2287.903 l
S
0.565 0.573 0.584 SC
22.918 -2360.21 m
22.918 -2287.903 l
S
0.569 0.576 0.588 SC
23.384 -2360.21 m
23.384 -2287.903 l
S
0.573 0.58 0.588 SC
23.851 -2360.21 m
23.851 -2287.903 l
S
0.573 0.58 0.592 SC
24.317 -2360.21 m
24.317 -2287.903 l
S
0.576 0.584 0.596 SC
24.784 -2360.21 m
24.784 -2287.903 l
S
0.58 0.588 0.596 SC
25.25 -2360.21 m
25.25 -2287.903 l
S
0.584 0.592 0.6 SC
25.717 -2360.21 m
25.717 -2287.903 l
S
0.584 0.592 0.604 SC
26.183 -2360.21 m
26.183 -2287.903 l
S
0.588 0.596 0.608 SC
26.65 -2360.21 m
26.65 -2287.903 l
S
0.592 0.6 0.608 SC
27.116 -2360.21 m
27.116 -2287.903 l
S
0.596 0.604 0.612 SC
27.583 -2360.21 m
27.583 -2287.903 l
S
0.596 0.604 0.616 SC
28.049 -2360.21 m
28.049 -2287.903 l
S
0.6 0.608 0.62 SC
28.516 -2360.21 m
28.516 -2287.903 l
S
0.604 0.612 0.624 SC
28.982 -2360.21 m
28.982 -2287.903 l
S
0.608 0.616 0.624 SC
29.449 -2360.21 m
29.449 -2287.903 l
S
0.608 0.616 0.627 SC
29.915 -2360.21 m
29.915 -2287.903 l
S
0.612 0.62 0.631 SC
30.382 -2360.21 m
30.382 -2287.903 l
S
0.616 0.624 0.635 SC
30.848 -2360.21 m
30.848 -2287.903 l
S
0.62 0.627 0.635 SC
31.315 -2360.21 m
31.315 -2287.903 l
S
0.62 0.631 0.639 SC
31.781 -2360.21 m
31.781 -2287.903 l
S
0.624 0.631 0.643 SC
32.248 -2360.21 m
32.248 -2287.903 l
S
0.627 0.635 0.647 SC
32.714 -2360.21 m
32.714 -2287.903 l
S
0.631 0.639 0.647 SC
33.181 -2360.21 m
33.181 -2287.903 l
S
0.635 0.643 0.651 SC
33.647 -2360.21 m
33.647 -2287.903 l
S
0.635 0.643 0.655 SC
34.113 -2360.21 m
34.113 -2287.903 l
S
0.639 0.647 0.659 SC
34.58 -2360.21 m
34.58 -2287.903 l
S
0.643 0.651 0.663 SC
35.046 -2360.21 m
35.046 -2287.903 l
S
0.647 0.655 0.663 SC
35.513 -2360.21 m
35.513 -2287.903 l
S
0.651 0.659 0.667 SC
35.979 -2360.21 m
35.979 -2287.903 l
S
0.651 0.659 0.671 SC
36.446 -2360.21 m
36.446 -2287.903 l
S
0.655 0.663 0.675 SC
36.912 -2360.21 m
36.912 -2287.903 l
S
0.659 0.667 0.678 SC
37.379 -2360.21 m
37.379 -2287.903 l
S
0.663 0.671 0.678 SC
37.845 -2360.21 m
37.845 -2287.903 l
S
0.663 0.675 0.682 SC
38.312 -2360.21 m
38.312 -2287.903 l
S
0.667 0.675 0.686 SC
38.778 -2360.21 m
38.778 -2287.903 l
S
0.671 0.678 0.69 SC
39.245 -2360.21 m
39.245 -2287.903 l
S
0.675 0.682 0.69 SC
39.711 -2360.21 m
39.711 -2287.903 l
S
0.678 0.686 0.694 SC
40.178 -2360.21 m
40.178 -2287.903 l
S
0.682 0.69 0.698 SC
40.644 -2360.21 m
40.644 -2287.903 l
S
0.682 0.69 0.702 SC
41.111 -2360.21 m
41.111 -2287.903 l
S
0.686 0.694 0.706 SC
41.577 -2360.21 m
41.577 -2287.903 l
S
0.69 0.698 0.706 SC
42.044 -2360.21 m
42.044 -2287.903 l
S
0.694 0.702 0.71 SC
42.51 -2360.21 m
42.51 -2287.903 l
S
0.698 0.706 0.714 SC
42.977 -2360.21 m
42.977 -2287.903 l
S
0.698 0.706 0.718 SC
43.443 -2360.21 m
43.443 -2287.903 l
S
0.702 0.71 0.722 SC
43.91 -2360.21 m
43.91 -2287.903 l
S
0.706 0.714 0.722 SC
44.376 -2360.21 m
44.376 -2287.903 l
S
0.71 0.718 0.725 SC
44.843 -2360.21 m
44.843 -2287.903 l
S
0.714 0.722 0.729 SC
45.309 -2360.21 m
45.309 -2287.903 l
S
0.714 0.722 0.733 SC
45.776 -2360.21 m
45.776 -2287.903 l
S
0.718 0.725 0.737 SC
46.242 -2360.21 m
46.242 -2287.903 l
S
0.722 0.729 0.737 SC
46.709 -2360.21 m
46.709 -2287.903 l
S
0.725 0.733 0.741 SC
47.175 -2360.21 m
47.175 -2287.903 l
S
0.729 0.737 0.745 SC
47.642 -2360.21 m
47.642 -2287.903 l
S
0.733 0.741 0.749 SC
48.108 -2360.21 m
48.108 -2287.903 l
S
0.733 0.741 0.753 SC
48.575 -2360.21 m
48.575 -2287.903 l
49.041 -2360.21 m
49.041 -2287.903 l
S
0.737 0.745 0.753 SC
49.508 -2360.21 m
49.508 -2287.903 l
S
0.741 0.749 0.757 SC
49.974 -2360.21 m
49.974 -2287.903 l
S
0.745 0.753 0.761 SC
50.441 -2360.21 m
50.441 -2287.903 l
S
0.749 0.757 0.765 SC
50.907 -2360.21 m
50.907 -2287.903 l
S
0.753 0.761 0.769 SC
51.374 -2360.21 m
51.374 -2287.903 l
51.84 -2360.21 m
51.84 -2287.903 l
S
0.757 0.765 0.773 SC
52.307 -2360.21 m
52.307 -2287.903 l
S
0.761 0.769 0.776 SC
52.773 -2360.21 m
52.773 -2287.903 l
S
0.765 0.773 0.78 SC
53.24 -2360.21 m
53.24 -2287.903 l
S
0.769 0.776 0.784 SC
53.706 -2360.21 m
53.706 -2287.903 l
S
0.773 0.776 0.784 SC
54.173 -2360.21 m
54.173 -2287.903 l
S
0.776 0.78 0.788 SC
54.639 -2360.21 m
54.639 -2287.903 l
S
0.776 0.784 0.792 SC
55.106 -2360.21 m
55.106 -2287.903 l
S
0.78 0.788 0.796 SC
55.572 -2360.21 m
55.572 -2287.903 l
S
0.784 0.792 0.8 SC
56.039 -2360.21 m
56.039 -2287.903 l
S
0.788 0.796 0.8 SC
56.505 -2360.21 m
56.505 -2287.903 l
S
0.792 0.796 0.804 SC
56.972 -2360.21 m
56.972 -2287.903 l
S
0.796 0.8 0.808 SC
57.438 -2360.21 m
57.438 -2287.903 l
S
0.796 0.804 0.812 SC
57.905 -2360.21 m
57.905 -2287.903 l
S
0.8 0.808 0.816 SC
58.371 -2360.21 m
58.371 -2287.903 l
S
0.804 0.812 0.816 SC
58.838 -2360.21 m
58.838 -2287.903 l
S
0.808 0.812 0.82 SC
59.304 -2360.21 m
59.304 -2287.903 l
S
0.812 0.816 0.824 SC
59.771 -2360.21 m
59.771 -2287.903 l
S
0.816 0.82 0.827 SC
60.237 -2360.21 m
60.237 -2287.903 l
S
0.816 0.824 0.831 SC
60.704 -2360.21 m
60.704 -2287.903 l
S
0.82 0.827 0.831 SC
61.17 -2360.21 m
61.17 -2287.903 l
S
0.824 0.831 0.835 SC
61.637 -2360.21 m
61.637 -2287.903 l
S
0.827 0.831 0.839 SC
62.103 -2360.21 m
62.103 -2287.903 l
S
0.831 0.835 0.843 SC
62.57 -2360.21 m
62.57 -2287.903 l
S
0.835 0.839 0.843 SC
63.036 -2360.21 m
63.036 -2287.903 l
S
0.835 0.843 0.847 SC
63.503 -2360.21 m
63.503 -2287.903 l
S
0.839 0.847 0.851 SC
63.969 -2360.21 m
63.969 -2287.903 l
S
0.843 0.847 0.855 SC
64.436 -2360.21 m
64.436 -2287.903 l
S
0.847 0.851 0.859 SC
64.902 -2360.21 m
64.902 -2287.903 l
S
0.851 0.855 0.859 SC
65.369 -2360.21 m
65.369 -2287.903 l
S
0.855 0.859 0.863 SC
65.835 -2360.21 m
65.835 -2287.903 l
S
0.855 0.863 0.867 SC
66.302 -2360.21 m
66.302 -2287.903 l
S
0.859 0.863 0.871 SC
66.768 -2360.21 m
66.768 -2287.903 l
S
0.863 0.867 0.875 SC
67.235 -2360.21 m
67.235 -2287.903 l
S
0.867 0.871 0.875 SC
67.701 -2360.21 m
67.701 -2287.903 l
S
0.871 0.875 0.878 SC
68.168 -2360.21 m
68.168 -2287.903 l
S
0.875 0.878 0.882 SC
68.634 -2360.21 m
68.634 -2287.903 l
S
0.875 0.882 0.886 SC
69.101 -2360.21 m
69.101 -2287.903 l
S
0.878 0.882 0.89 SC
69.567 -2360.21 m
69.567 -2287.903 l
S
0.882 0.886 0.89 SC
70.034 -2360.21 m
70.034 -2287.903 l
S
0.886 0.89 0.894 SC
70.5 -2360.21 m
70.5 -2287.903 l
S
0.89 0.894 0.898 SC
70.967 -2360.21 m
70.967 -2287.903 l
S
0.894 0.898 0.902 SC
71.433 -2360.21 m
71.433 -2287.903 l
S
0.898 0.898 0.902 SC
71.9 -2360.21 m
71.9 -2287.903 l
S
0.898 0.902 0.906 SC
72.366 -2360.21 m
72.366 -2287.903 l
S
0.902 0.906 0.91 SC
72.833 -2360.21 m
72.833 -2287.903 l
S
0.906 0.91 0.914 SC
73.299 -2360.21 m
73.299 -2287.903 l
S
0.91 0.914 0.918 SC
73.766 -2360.21 m
73.766 -2287.903 l
S
0.914 0.918 0.922 SC
74.232 -2360.21 m
74.232 -2287.903 l
S
0.918 0.922 0.922 SC
74.699 -2360.21 m
74.699 -2287.903 l
S
0.922 0.922 0.925 SC
75.165 -2360.21 m
75.165 -2287.903 l
S
0.922 0.925 0.929 SC
75.632 -2360.21 m
75.632 -2287.903 l
S
0.925 0.929 0.933 SC
76.098 -2360.21 m
76.098 -2287.903 l
S
0.929 0.933 0.933 SC
76.565 -2360.21 m
76.565 -2287.903 l
S
0.933 0.937 0.937 SC
77.031 -2360.21 m
77.031 -2287.903 l
S
0.937 0.937 0.941 SC
77.498 -2360.21 m
77.498 -2287.903 l
S
0.941 0.941 0.945 SC
77.964 -2360.21 m
77.964 -2287.903 l
S
0.945 0.945 0.949 SC
78.431 -2360.21 m
78.431 -2287.903 l
S
0.945 0.949 0.949 SC
78.897 -2360.21 m
78.897 -2287.903 l
S
0.949 0.953 0.953 SC
79.364 -2360.21 m
79.364 -2287.903 l
S
0.953 0.957 0.957 SC
79.83 -2360.21 m
79.83 -2287.903 l
S
0.957 0.957 0.961 SC
80.297 -2360.21 m
80.297 -2287.903 l
S
0.961 0.961 0.965 SC
80.763 -2360.21 m
80.763 -2287.903 l
S
0.965 0.965 0.969 SC
81.23 -2360.21 m
81.23 -2287.903 l
S
0.969 0.969 0.969 SC
81.696 -2360.21 m
81.696 -2287.903 l
S
0.973 0.973 0.973 SC
82.163 -2360.21 m
82.163 -2287.903 l
S
0.976 0.976 0.976 SC
82.629 -2360.21 m
82.629 -2287.903 l
S
0.98 0.98 0.984 SC
83.096 -2360.21 m
83.096 -2287.903 l
S
0.988 0.988 0.988 SC
83.562 -2360.21 m
83.562 -2287.903 l
S
0.992 0.992 0.992 SC
84.029 -2360.21 m
84.029 -2287.903 l
S
1 1 1 SC
84.495 -2360.21 m
84.495 -2287.903 l
S
Q
Q
q
1 i 
-9 851 613 -860 re
0 841 m
W n
0.03 841.02 595.02 -841.02 re
W n
/Cs5 cs 0.161 0.145 0.149 sc
/GS1 gs
0.03 841.02 35.4 -6.11 re
f
/Cs5 CS 0.161 0.145 0.149 SC
0 J 0 j 0.3 w 10 M []0 d
28.347 841.076 m
28.347 805.006 l
S
286.3 22.8 22.68 -22.8 re
f
BT
/F1 1 Tf
10 0 0 10 289.2992 7.7671 Tm
1 1 1 sc
-0.0002 Tc
0 Tw
(688)Tj
/F3 1 Tf
7 0 0 7 35.4331 17.5374 Tm
0.161 0.145 0.149 sc
-0.0001 Tc
-0.0306 Tw
[(Swissmedic Jour)-17.9(nal)-1111.9(9/2002)]TJ
/F2 1 Tf
10 0 0 10 85.0394 763.6339 Tm
-0.0336 Tw
[(01)-1044.2(Mastimyxin ad us.vet., Suspension in Injektor)17.7(en)]TJ
/F5 1 Tf
0 -1.4174 TD
-0.0306 Tw
(* Vétoquinol AG, Aemmenmattstrasse 2, 3123 Belp)Tj
ET
0.4 w 
85.04 741.51 m
552.76 741.51 l
85.04 723.82 m
552.76 723.82 l
S
BT
10 0 0 10 85.0394 729.1213 Tm
-0.0002 Tc
0 Tw
[(Zul.-Nr)91.6(.: )]TJ
/F2 1 Tf
3.8771 0 TD
(42756)Tj
/F5 1 Tf
8.8788 0 TD
0 Tc
(V)Tj
0.6301 0 TD
-0.0001 Tc
(erkaufsart: )Tj
/F2 1 Tf
5.3041 0 TD
0 Tc
(B)Tj
/F5 1 Tf
23.0785 0 TD
-0.0001 Tc
(23.09.2002)Tj
-41.7687 -2.2428 TD
[(Zusammensetzung:)-921.1(01)]TJ
8.3 0 0 8.3 198.4252 706.6931 Tm
-0.0306 Tw
[(POL)91.5(YMYXINI B SULF)36.7(AS 1 MIO U.I., EXCIPIENS ad SUSPENSIONEM pro V)36.7(ASE)-278.1(10)-278.1(mL. )]TJ
10 0 0 10 85.0394 692.5195 Tm
[(Anwendung:)-5285.2(Mastitis bei Kühen)]TJ
0 -1.4174 TD
0 Tw
[(Packungen:)-4532.7(01)-305.6(Injektor)]TJ
11.3386 -1.4174 TD
-0.0002 Tc
[(016)-7141.9(1)0(0)-567.1(m)-0.1(L)-12217.6(B)]TJ
-1.4173 -1.4174 TD
-0.0001 Tc
-0.0306 Tw
[(01)-305.6(024)-4479.6(100 x 10)-567(mL)-12217.5(B)]TJ
-9.9213 -1.4174 TD
0.0677 Tw
[(* )98.3(Bemerkungen:)-3702(Ersetzt die Registrierungsurkunde vom 08.07.1999 lautend auf Chassot AG,)]TJ
11.3386 -1.1339 TD
-0.0002 Tc
0 Tw
(Belp)Tj
-11.3386 -1.4174 TD
-0.0001 Tc
-0.0306 Tw
[(Gültig bis:)-6647.8(31. Dezember 2004)]TJ
ET
85.04 601.9 m
552.76 601.9 l
S
BT
/F2 1 Tf
10 0 0 10 85.0394 565.9029 Tm
-0.0336 Tw
[(01)-1044.2(Monocillin ad us.vet., Suspension in Injektor)17.7(en)]TJ
/F5 1 Tf
T*
-0.0306 Tw
(* Vétoquinol AG, Aemmenmattstrasse 2, 3123 Belp)Tj
ET
85.04 543.78 m
552.76 543.78 l
85.04 526.09 m
552.76 526.09 l
S
BT
10 0 0 10 85.0394 531.3903 Tm
-0.0002 Tc
0 Tw
[(Zul.-Nr)91.6(.: )]TJ
/F2 1 Tf
3.8771 0 TD
(42757)Tj
/F5 1 Tf
8.8788 0 TD
0 Tc
(V)Tj
0.6301 0 TD
-0.0001 Tc
(erkaufsart: )Tj
/F2 1 Tf
5.3041 0 TD
0 Tc
(B)Tj
/F5 1 Tf
23.0785 0 TD
-0.0001 Tc
(09.09.2002)Tj
-41.7687 -2.2428 TD
[(Zusammensetzung:)-921.1(01)]TJ
8.3 0 0 8.3 198.4252 508.9622 Tm
0.3601 Tw
[(BENZYLPENICILLINUM PROCAINUM 4 MIO U.I., CONSER)17.6(V)91.5(.: E)-278.1(216, E)-278.1(218, EXCIPIENS ad)]TJ
0 -1.3661 TD
-0.0306 Tw
[(SUSPENSIONEM pro V)36.7(ASE)-278.1(10.77)-278.1(g. )]TJ
10 0 0 10 85.0394 483.4496 Tm
[(Anwendung:)-5285.2(Mastitis bei Kühen)]TJ
0 -1.4174 TD
0 Tw
[(Packungen:)-4532.7(01)-305.6(Injektor)]TJ
11.3386 -1.4174 TD
-0.0002 Tc
[(039)-7141.9(1)0(0)-567.1(m)-0.1(L)-12217.6(B)]TJ
-1.4173 -1.4174 TD
[(01)-305.7(Injektoren)]TJ
1.4173 -1.4174 TD
-0.0001 Tc
-0.0306 Tw
[(047)-4479.6(100 x 10)-567(mL)-12217.5(B)]TJ
-11.3386 -1.4174 TD
0.1024 Tw
[(* )133(Bemerkungen:)-3702(Ersetzt die Registrierungsurkunde vom 29.11.2000 lautend auf Chassot AG)]TJ
11.3386 -1.1339 TD
-0.0002 Tc
0 Tw
(Belp)Tj
-11.3386 -1.4174 TD
-0.0001 Tc
-0.0306 Tw
[(Gültig bis:)-6647.8(31. Dezember 2005)]TJ
ET
85.04 378.65 m
552.76 378.65 l
S
BT
/F2 1 Tf
10 0 0 10 85.0394 342.6593 Tm
-0.0337 Tw
[(01)-1044.2(Novugen ad us.vet., Gel)]TJ
/F5 1 Tf
T*
-0.0306 Tw
(* Vétoquinol AG, Aemmenmattstrasse 2, 3123 Belp)Tj
ET
85.04 320.54 m
552.76 320.54 l
85.04 302.84 m
552.76 302.84 l
S
BT
10 0 0 10 85.0394 308.1467 Tm
-0.0002 Tc
0 Tw
[(Zul.-Nr)91.6(.: )]TJ
/F2 1 Tf
3.8771 0 TD
(46125)Tj
/F5 1 Tf
8.8788 0 TD
0 Tc
(V)Tj
0.6301 0 TD
-0.0001 Tc
(erkaufsart: )Tj
/F2 1 Tf
5.3041 0 TD
0 Tc
(B)Tj
/F5 1 Tf
23.0785 0 TD
-0.0001 Tc
(20.09.2002)Tj
-41.7687 -2.2428 TD
[(Zusammensetzung:)-921.1(01)]TJ
8.3 0 0 8.3 198.4252 285.7186 Tm
-0.0306 Tw
[(POLICRESULENUM 18)-278.1(mg, EXCIPIENS ad GELA)73.7(TUM pro 1)-278.1(g)0.1(. )]TJ
10 0 0 10 85.0394 271.5449 Tm
-0.0002 Tc
[(Anwendung:)-5285.3(W)11.8(undgel für T)36.7(iere)]TJ
0 -1.4174 TD
-0.0001 Tc
0 Tw
[(Packungen:)-4532.7(01)-305.6(010)-7141.8(2)0.1(0)-567(g)-12995.4(B)]TJ
11.3386 -1.4174 TD
[(029)-6585.9(1)0.1(00)-567.1(g)-12995.4(B)]TJ
-11.3386 -1.4174 TD
0.0677 Tw
[(* )98.3(Bemerkungen:)-3702(Ersetzt die Registrierungsurkunde vom 15.01.1999 lautend auf Chassot AG,)]TJ
11.3386 -1.1339 TD
-0.0002 Tc
0 Tw
(Belp)Tj
-11.3386 -1.4174 TD
-0.0001 Tc
-0.0306 Tw
[(Gültig bis:)-6647.8(31. Dezember 2003)]TJ
ET
85.04 195.1 m
552.76 195.1 l
S
Q

q
1 i 
-9 851 613 -860 re
0 841 m
W n
0.03 841.02 595.02 -841.02 re
W n
BT
/F4 1 Tf
12.5 0 0 12.5 285.8058 811.7825 Tm
/Cs5 cs 0.161 0.145 0.149 sc
/GS1 gs
-0.0001 Tc
-0.0286 Tw
[(Arzneimittel Statistik)-130(/)-129.9(M)0.1(édicaments miscellanées)]TJ
ET
/Cs5 CS 0.161 0.145 0.149 SC
0 J 0 j 0.3 w 10 M []0 d
42.8 805.15 m
567.2 805.15 l
S
Q
q
1 i 
361.69 850.5 198.43 -24.09 re
560.097 811.782 m
W* n
-9 851 613 -860 re
0 841 m
W n
0.03 841.02 595.02 -841.02 re
W n
q
2.7718 0 0 -0.3608 0 0 cm
/Cs5 CS 1 1 1 SC
0 J 0 j 0.5 w 10 M []0 d
/GS1 gs
130.36 -2360.21 m
130.36 -2287.903 l
S
0.992 0.992 0.992 SC
130.827 -2360.21 m
130.827 -2287.903 l
S
0.988 0.988 0.988 SC
131.293 -2360.21 m
131.293 -2287.903 l
S
0.98 0.98 0.984 SC
131.76 -2360.21 m
131.76 -2287.903 l
S
0.976 0.976 0.976 SC
132.226 -2360.21 m
132.226 -2287.903 l
S
0.973 0.973 0.973 SC
132.693 -2360.21 m
132.693 -2287.903 l
S
0.969 0.969 0.969 SC
133.159 -2360.21 m
133.159 -2287.903 l
S
0.965 0.965 0.969 SC
133.626 -2360.21 m
133.626 -2287.903 l
S
0.961 0.961 0.965 SC
134.092 -2360.21 m
134.092 -2287.903 l
S
0.957 0.957 0.961 SC
134.559 -2360.21 m
134.559 -2287.903 l
S
0.953 0.957 0.957 SC
135.025 -2360.21 m
135.025 -2287.903 l
S
0.949 0.953 0.953 SC
135.492 -2360.21 m
135.492 -2287.903 l
S
0.945 0.949 0.949 SC
135.958 -2360.21 m
135.958 -2287.903 l
S
0.945 0.945 0.949 SC
136.425 -2360.21 m
136.425 -2287.903 l
S
0.941 0.941 0.945 SC
136.891 -2360.21 m
136.891 -2287.903 l
S
0.937 0.937 0.941 SC
137.358 -2360.21 m
137.358 -2287.903 l
S
0.933 0.937 0.937 SC
137.824 -2360.21 m
137.824 -2287.903 l
S
0.929 0.933 0.933 SC
138.291 -2360.21 m
138.291 -2287.903 l
S
0.925 0.929 0.933 SC
138.757 -2360.21 m
138.757 -2287.903 l
S
0.922 0.925 0.929 SC
139.224 -2360.21 m
139.224 -2287.903 l
S
0.922 0.922 0.925 SC
139.69 -2360.21 m
139.69 -2287.903 l
S
0.918 0.922 0.922 SC
140.157 -2360.21 m
140.157 -2287.903 l
S
0.914 0.918 0.922 SC
140.623 -2360.21 m
140.623 -2287.903 l
S
0.91 0.914 0.918 SC
141.09 -2360.21 m
141.09 -2287.903 l
S
0.906 0.91 0.914 SC
141.556 -2360.21 m
141.556 -2287.903 l
S
0.902 0.906 0.91 SC
142.023 -2360.21 m
142.023 -2287.903 l
S
0.898 0.902 0.906 SC
142.489 -2360.21 m
142.489 -2287.903 l
S
0.898 0.898 0.902 SC
142.956 -2360.21 m
142.956 -2287.903 l
S
0.894 0.898 0.902 SC
143.422 -2360.21 m
143.422 -2287.903 l
S
0.89 0.894 0.898 SC
143.889 -2360.21 m
143.889 -2287.903 l
S
0.886 0.89 0.894 SC
144.355 -2360.21 m
144.355 -2287.903 l
S
0.882 0.886 0.89 SC
144.822 -2360.21 m
144.822 -2287.903 l
S
0.878 0.882 0.89 SC
145.288 -2360.21 m
145.288 -2287.903 l
S
0.875 0.882 0.886 SC
145.755 -2360.21 m
145.755 -2287.903 l
S
0.875 0.878 0.882 SC
146.221 -2360.21 m
146.221 -2287.903 l
S
0.871 0.875 0.878 SC
146.688 -2360.21 m
146.688 -2287.903 l
S
0.867 0.871 0.875 SC
147.154 -2360.21 m
147.154 -2287.903 l
S
0.863 0.867 0.875 SC
147.621 -2360.21 m
147.621 -2287.903 l
S
0.859 0.863 0.871 SC
148.087 -2360.21 m
148.087 -2287.903 l
S
0.855 0.863 0.867 SC
148.554 -2360.21 m
148.554 -2287.903 l
S
0.855 0.859 0.863 SC
149.02 -2360.21 m
149.02 -2287.903 l
S
0.851 0.855 0.859 SC
149.487 -2360.21 m
149.487 -2287.903 l
S
0.847 0.851 0.859 SC
149.953 -2360.21 m
149.953 -2287.903 l
S
0.843 0.847 0.855 SC
150.42 -2360.21 m
150.42 -2287.903 l
S
0.839 0.847 0.851 SC
150.886 -2360.21 m
150.886 -2287.903 l
S
0.835 0.843 0.847 SC
151.353 -2360.21 m
151.353 -2287.903 l
S
0.835 0.839 0.843 SC
151.819 -2360.21 m
151.819 -2287.903 l
S
0.831 0.835 0.843 SC
152.286 -2360.21 m
152.286 -2287.903 l
S
0.827 0.831 0.839 SC
152.752 -2360.21 m
152.752 -2287.903 l
S
0.824 0.831 0.835 SC
153.219 -2360.21 m
153.219 -2287.903 l
S
0.82 0.827 0.831 SC
153.685 -2360.21 m
153.685 -2287.903 l
S
0.816 0.824 0.831 SC
154.152 -2360.21 m
154.152 -2287.903 l
S
0.816 0.82 0.827 SC
154.618 -2360.21 m
154.618 -2287.903 l
S
0.812 0.816 0.824 SC
155.085 -2360.21 m
155.085 -2287.903 l
S
0.808 0.812 0.82 SC
155.551 -2360.21 m
155.551 -2287.903 l
S
0.804 0.812 0.816 SC
156.018 -2360.21 m
156.018 -2287.903 l
S
0.8 0.808 0.816 SC
156.484 -2360.21 m
156.484 -2287.903 l
S
0.796 0.804 0.812 SC
156.951 -2360.21 m
156.951 -2287.903 l
S
0.796 0.8 0.808 SC
157.417 -2360.21 m
157.417 -2287.903 l
S
0.792 0.796 0.804 SC
157.884 -2360.21 m
157.884 -2287.903 l
S
0.788 0.796 0.8 SC
158.35 -2360.21 m
158.35 -2287.903 l
S
0.784 0.792 0.8 SC
158.817 -2360.21 m
158.817 -2287.903 l
S
0.78 0.788 0.796 SC
159.283 -2360.21 m
159.283 -2287.903 l
S
0.776 0.784 0.792 SC
159.75 -2360.21 m
159.75 -2287.903 l
S
0.776 0.78 0.788 SC
160.216 -2360.21 m
160.216 -2287.903 l
S
0.773 0.776 0.784 SC
160.683 -2360.21 m
160.683 -2287.903 l
S
0.769 0.776 0.784 SC
161.149 -2360.21 m
161.149 -2287.903 l
S
0.765 0.773 0.78 SC
161.616 -2360.21 m
161.616 -2287.903 l
S
0.761 0.769 0.776 SC
162.082 -2360.21 m
162.082 -2287.903 l
S
0.757 0.765 0.773 SC
162.549 -2360.21 m
162.549 -2287.903 l
S
0.753 0.761 0.769 SC
163.015 -2360.21 m
163.015 -2287.903 l
163.482 -2360.21 m
163.482 -2287.903 l
S
0.749 0.757 0.765 SC
163.948 -2360.21 m
163.948 -2287.903 l
S
0.745 0.753 0.761 SC
164.415 -2360.21 m
164.415 -2287.903 l
S
0.741 0.749 0.757 SC
164.881 -2360.21 m
164.881 -2287.903 l
S
0.737 0.745 0.753 SC
165.348 -2360.21 m
165.348 -2287.903 l
S
0.733 0.741 0.753 SC
165.814 -2360.21 m
165.814 -2287.903 l
S
0.733 0.741 0.749 SC
166.281 -2360.21 m
166.281 -2287.903 l
166.747 -2360.21 m
166.747 -2287.903 l
S
0.729 0.737 0.745 SC
167.214 -2360.21 m
167.214 -2287.903 l
S
0.725 0.733 0.741 SC
167.68 -2360.21 m
167.68 -2287.903 l
S
0.722 0.729 0.737 SC
168.147 -2360.21 m
168.147 -2287.903 l
S
0.718 0.725 0.737 SC
168.613 -2360.21 m
168.613 -2287.903 l
S
0.714 0.722 0.733 SC
169.08 -2360.21 m
169.08 -2287.903 l
S
0.714 0.722 0.729 SC
169.546 -2360.21 m
169.546 -2287.903 l
S
0.71 0.718 0.725 SC
170.013 -2360.21 m
170.013 -2287.903 l
S
0.706 0.714 0.722 SC
170.479 -2360.21 m
170.479 -2287.903 l
S
0.702 0.71 0.722 SC
170.946 -2360.21 m
170.946 -2287.903 l
S
0.698 0.706 0.718 SC
171.412 -2360.21 m
171.412 -2287.903 l
S
0.698 0.706 0.714 SC
171.879 -2360.21 m
171.879 -2287.903 l
S
0.694 0.702 0.71 SC
172.345 -2360.21 m
172.345 -2287.903 l
S
0.69 0.698 0.706 SC
172.812 -2360.21 m
172.812 -2287.903 l
S
0.686 0.694 0.706 SC
173.278 -2360.21 m
173.278 -2287.903 l
S
0.682 0.69 0.702 SC
173.745 -2360.21 m
173.745 -2287.903 l
S
0.682 0.69 0.698 SC
174.211 -2360.21 m
174.211 -2287.903 l
S
0.678 0.686 0.694 SC
174.678 -2360.21 m
174.678 -2287.903 l
S
0.675 0.682 0.69 SC
175.144 -2360.21 m
175.144 -2287.903 l
S
0.671 0.678 0.69 SC
175.611 -2360.21 m
175.611 -2287.903 l
S
0.667 0.675 0.686 SC
176.077 -2360.21 m
176.077 -2287.903 l
S
0.663 0.675 0.682 SC
176.544 -2360.21 m
176.544 -2287.903 l
S
0.663 0.671 0.678 SC
177.01 -2360.21 m
177.01 -2287.903 l
S
0.659 0.667 0.678 SC
177.477 -2360.21 m
177.477 -2287.903 l
S
0.655 0.663 0.675 SC
177.943 -2360.21 m
177.943 -2287.903 l
S
0.651 0.659 0.671 SC
178.41 -2360.21 m
178.41 -2287.903 l
S
0.651 0.659 0.667 SC
178.876 -2360.21 m
178.876 -2287.903 l
S
0.647 0.655 0.663 SC
179.343 -2360.21 m
179.343 -2287.903 l
S
0.643 0.651 0.663 SC
179.809 -2360.21 m
179.809 -2287.903 l
S
0.639 0.647 0.659 SC
180.276 -2360.21 m
180.276 -2287.903 l
S
0.635 0.643 0.655 SC
180.742 -2360.21 m
180.742 -2287.903 l
S
0.635 0.643 0.651 SC
181.209 -2360.21 m
181.209 -2287.903 l
S
0.631 0.639 0.647 SC
181.675 -2360.21 m
181.675 -2287.903 l
S
0.627 0.635 0.647 SC
182.142 -2360.21 m
182.142 -2287.903 l
S
0.624 0.631 0.643 SC
182.608 -2360.21 m
182.608 -2287.903 l
S
0.62 0.631 0.639 SC
183.075 -2360.21 m
183.075 -2287.903 l
S
0.62 0.627 0.635 SC
183.541 -2360.21 m
183.541 -2287.903 l
S
0.616 0.624 0.635 SC
184.008 -2360.21 m
184.008 -2287.903 l
S
0.612 0.62 0.631 SC
184.474 -2360.21 m
184.474 -2287.903 l
S
0.608 0.616 0.627 SC
184.941 -2360.21 m
184.941 -2287.903 l
S
0.608 0.616 0.624 SC
185.407 -2360.21 m
185.407 -2287.903 l
S
0.604 0.612 0.624 SC
185.874 -2360.21 m
185.874 -2287.903 l
S
0.6 0.608 0.62 SC
186.34 -2360.21 m
186.34 -2287.903 l
S
0.596 0.604 0.616 SC
186.806 -2360.21 m
186.806 -2287.903 l
S
0.596 0.604 0.612 SC
187.273 -2360.21 m
187.273 -2287.903 l
S
0.592 0.6 0.608 SC
187.739 -2360.21 m
187.739 -2287.903 l
S
0.588 0.596 0.608 SC
188.206 -2360.21 m
188.206 -2287.903 l
S
0.584 0.592 0.604 SC
188.672 -2360.21 m
188.672 -2287.903 l
S
0.584 0.592 0.6 SC
189.139 -2360.21 m
189.139 -2287.903 l
S
0.58 0.588 0.596 SC
189.605 -2360.21 m
189.605 -2287.903 l
S
0.576 0.584 0.596 SC
190.072 -2360.21 m
190.072 -2287.903 l
S
0.573 0.58 0.592 SC
190.538 -2360.21 m
190.538 -2287.903 l
S
0.573 0.58 0.588 SC
191.005 -2360.21 m
191.005 -2287.903 l
S
0.569 0.576 0.588 SC
191.471 -2360.21 m
191.471 -2287.903 l
S
0.565 0.573 0.584 SC
191.938 -2360.21 m
191.938 -2287.903 l
S
0.561 0.569 0.58 SC
192.404 -2360.21 m
192.404 -2287.903 l
S
0.561 0.569 0.576 SC
192.871 -2360.21 m
192.871 -2287.903 l
S
0.557 0.565 0.576 SC
193.337 -2360.21 m
193.337 -2287.903 l
S
0.553 0.561 0.573 SC
193.804 -2360.21 m
193.804 -2287.903 l
S
0.549 0.557 0.569 SC
194.27 -2360.21 m
194.27 -2287.903 l
S
0.549 0.557 0.565 SC
194.737 -2360.21 m
194.737 -2287.903 l
S
0.545 0.553 0.565 SC
195.203 -2360.21 m
195.203 -2287.903 l
S
0.541 0.549 0.561 SC
195.67 -2360.21 m
195.67 -2287.903 l
S
0.537 0.545 0.557 SC
196.136 -2360.21 m
196.136 -2287.903 l
S
0.537 0.545 0.553 SC
196.603 -2360.21 m
196.603 -2287.903 l
S
0.533 0.541 0.553 SC
197.069 -2360.21 m
197.069 -2287.903 l
S
0.529 0.537 0.549 SC
197.536 -2360.21 m
197.536 -2287.903 l
S
0.529 0.533 0.545 SC
198.002 -2360.21 m
198.002 -2287.903 l
S
0.525 0.533 0.541 SC
198.469 -2360.21 m
198.469 -2287.903 l
S
0.522 0.529 0.541 SC
198.935 -2360.21 m
198.935 -2287.903 l
S
0.518 0.525 0.537 SC
199.402 -2360.21 m
199.402 -2287.903 l
S
0.518 0.525 0.533 SC
199.868 -2360.21 m
199.868 -2287.903 l
S
0.514 0.522 0.529 SC
200.335 -2360.21 m
200.335 -2287.903 l
S
0.51 0.518 0.529 SC
200.801 -2360.21 m
200.801 -2287.903 l
S
0.51 0.514 0.525 SC
201.268 -2360.21 m
201.268 -2287.903 l
S
0.506 0.514 0.522 SC
201.734 -2360.21 m
201.734 -2287.903 l
S
0.502 0.51 0.518 SC
202.201 -2360.21 m
202.201 -2287.903 l
S
Q
Q
q
1 i 
-9 851 613 -860 re
0 841 m
W n
0.03 841.02 595.02 -841.02 re
W n
/Cs5 cs 0.161 0.145 0.149 sc
/GS1 gs
560.12 841.02 34.93 -6.11 re
f
/Cs5 CS 0.161 0.145 0.149 SC
0 J 0 j 0.3 w 10 M []0 d
567.202 840.678 m
567.202 804.948 l
S
286.57 22.8 22.68 -22.8 re
f
BT
/F1 1 Tf
10 0 0 10 289.5747 7.7671 Tm
1 1 1 sc
-0.0002 Tc
0 Tw
(689)Tj
/F3 1 Tf
7 0 0 7 473.8676 17.5374 Tm
0.161 0.145 0.149 sc
-0.0001 Tc
-0.0306 Tw
[(Swissmedic Jour)-17.9(nal)-1111.9(9/2002)]TJ
/F2 1 Tf
10 0 0 10 42.7953 763.6339 Tm
-0.0336 Tw
[(01)-1044.2(Oxymetrin ad us.vet., Injektionslösung)]TJ
/F5 1 Tf
0 -1.4174 TD
-0.0306 Tw
(* Vétoquinol AG, Aemmenmattstrasse 2, 3123 Belp)Tj
ET
0.4 w 
42.8 741.51 m
510.51 741.51 l
42.8 723.82 m
510.51 723.82 l
S
BT
10 0 0 10 42.7953 729.1213 Tm
-0.0002 Tc
0 Tw
[(Zul.-Nr)91.6(.: )]TJ
/F2 1 Tf
3.8772 0 TD
(39615)Tj
/F5 1 Tf
8.8787 0 TD
0 Tc
(V)Tj
0.6301 0 TD
-0.0001 Tc
(erkaufsart: )Tj
/F2 1 Tf
5.3042 0 TD
0 Tc
(B)Tj
/F5 1 Tf
23.0785 0 TD
-0.0001 Tc
(10.09.2002)Tj
-41.7687 -2.2428 TD
[(Zusammensetzung:)-921.1(01)]TJ
8.3 0 0 8.3 156.1811 706.6931 Tm
0.4206 Tw
[(OXYTOCINUM 5)-278.1(U.I., ERGOMETRINI MALEAS 0.5)-278(mg, CONSER)17.7(V)91.5(.: CHLOROBUT)54.7(ANOLUM)]TJ
0 -1.3661 TD
-0.0306 Tw
[(HEMIHYDRICUM, EXCIPIENS ad SOLUTIONEM pro 1)-278.1(mL. )]TJ
10 0 0 10 42.7953 681.1805 Tm
0.0726 Tw
[(Anwendung:)-5285.2(Uterotonikum post partum für Wiederkäuer)91.7(, Pferde, Schweine, Hunde und)]TJ
11.3386 -1.1339 TD
0 Tw
(Katzen)Tj
-11.3386 -1.4174 TD
-0.0002 Tc
[(Packung:)-5699.5(01)-305.7(010)-6086(5x10)-567.2(mL)-12217.6(B)]TJ
T*
-0.0001 Tc
0.0677 Tw
[(* )98.3(Bemerkungen:)-3702(Ersetzt die Registrierungsurkunde vom 01.07.1999 lautend auf Chassot AG,)]TJ
11.3386 -1.1339 TD
-0.0002 Tc
0 Tw
(Belp)Tj
-11.3386 -1.4174 TD
-0.0001 Tc
-0.0306 Tw
[(Gültig bis:)-6647.8(31. Dezember 2004)]TJ
ET
42.8 607.57 m
510.51 607.57 l
S
BT
/F2 1 Tf
10 0 0 10 42.7953 571.5722 Tm
-0.0336 Tw
[(01)-1044.2(Permammas ad us.vet., Emulsion)]TJ
/F5 1 Tf
T*
-0.0306 Tw
(* Vétoquinol AG, Aemmenmattstrasse 2, 3123 Belp)Tj
ET
42.8 549.45 m
510.51 549.45 l
42.8 531.76 m
510.51 531.76 l
S
BT
10 0 0 10 42.7953 537.0596 Tm
-0.0002 Tc
0 Tw
[(Zul.-Nr)91.6(.: )]TJ
/F2 1 Tf
3.8772 0 TD
(32373)Tj
/F5 1 Tf
8.8787 0 TD
0 Tc
(V)Tj
0.6301 0 TD
-0.0001 Tc
(erkaufsart: )Tj
/F2 1 Tf
5.3042 0 TD
0 Tc
(B)Tj
/F5 1 Tf
23.0785 0 TD
-0.0001 Tc
(24.09.2002)Tj
-41.7687 -2.2428 TD
[(Zusammensetzung:)-921.1(01)]TJ
8.3 0 0 8.3 156.1811 514.6315 Tm
0.1861 Tw
[(METHYLIS SALICYLAS 2.5)-278.1(mg, CAMPHORA RACEMICA 10)-278.1(mg, LEVOMENTHOLUM 2.5)-278.1(mg,)]TJ
0 -1.3661 TD
-0.0306 Tw
[(GUAIACOLUM 5)-278.1(m)0(g, COLOR.: E)-278.1(124, EXCIPIENS ad EMULSIONEM pro 1)-278.1(g)0.1(. )]TJ
10 0 0 10 42.7953 489.1188 Tm
-0.0002 Tc
[(Anwendung:)-5285.3(Euterverhärtungen bei T)36.7(ieren)]TJ
0 -1.4174 TD
-0.0001 Tc
0 Tw
[(Packungen:)-4532.7(01)-305.6(054)-6585.9(2)0.1(50)-567.1(mL)-12217.5(B)]TJ
11.3386 -1.4174 TD
[(062)-6030(1000)-567(mL)-12217.5(B)]TJ
-11.3386 -1.4174 TD
0.0677 Tw
[(* )98.3(Bemerkungen:)-3702(Ersetzt die Registrierungsurkunde vom 29.11.2000 lautend auf Chassot AG,)]TJ
11.3386 -1.1339 TD
-0.0002 Tc
0 Tw
(Belp)Tj
-11.3386 -1.4174 TD
-0.0001 Tc
-0.0306 Tw
[(Gültig bis:)-6647.8(31. Dezember 2005)]TJ
ET
42.8 412.67 m
510.51 412.67 l
S
BT
/F2 1 Tf
10 0 0 10 42.7953 376.6759 Tm
-0.0336 Tw
[(01)-1044.2(Receptal ad us.vet., Injektionslösung)]TJ
/F5 1 Tf
T*
0 Tc
0 Tw
(V)Tj
0.6301 0 TD
-0.0001 Tc
-0.0306 Tw
(eterinaria AG, Grubenstrasse 40, 8045 Zürich)Tj
ET
42.8 354.55 m
510.51 354.55 l
42.8 336.86 m
510.51 336.86 l
S
BT
10 0 0 10 42.7953 342.1633 Tm
-0.0002 Tc
0 Tw
[(Zul.-Nr)91.6(.: )]TJ
/F2 1 Tf
3.8772 0 TD
(42311)Tj
/F5 1 Tf
8.8787 0 TD
0 Tc
(V)Tj
0.6301 0 TD
-0.0001 Tc
(erkaufsart: )Tj
/F2 1 Tf
5.3042 0 TD
0 Tc
(B)Tj
/F5 1 Tf
23.0785 0 TD
-0.0001 Tc
(17.09.2002)Tj
-41.7687 -2.2428 TD
[(Zusammensetzung:)-921.1(01)]TJ
8.3 0 0 8.3 156.1811 319.7351 Tm
-0.0324 Tw
[(BUSERELINUM 4)-278.1(ug ut BUSERELINI ACET)54.7(AS, CONSER)17.7(V)91.5(.: ALCOHOL BENZYLICUS 10)-278.1(mg, NA)73.7(TRII)]TJ
0 -1.3661 TD
0.2356 Tw
[(CHLORIDUM, NA)73.7(TRII DIHYDROGENOPHOSPHAS MONOHYDRICUS, NA)73.7(TRII HYDROXIDUM,)]TJ
T*
-0.0306 Tw
[(AQUA q.s. ad SOLUTIONEM pro 1)-278.1(mL. )]TJ
10 0 0 10 42.7953 282.8835 Tm
[(Anwendung:)-5285.2(Fruchtbarkeitsstörungen bei Rindern, Stuten und Kaninchen)]TJ
0 -1.4174 TD
[(* Packungen:)-3729.5(01)-305.6(022)-6085.9(5x10)-567.1(mL)-12217.5(B)]TJ
11.3386 -1.4174 TD
-0.0002 Tc
0 Tw
[(030)-7141.9(1)0(0)-567.1(m)-0.1(L)-12217.6(B)]TJ
-11.3386 -1.4174 TD
-0.0001 Tc
0.0458 Tw
[(* )76.4(Bemerkungen:)-3702(Ersetzt die Registrierungsurkunde vom 07.07.2000 Änderung der Packungs-)]TJ
11.3386 -1.1339 TD
0 Tw
(grösse)Tj
-11.3386 -1.4174 TD
-0.0306 Tw
[(Gültig bis:)-6647.8(31. Dezember 2003)]TJ
ET
42.8 206.44 m
510.51 206.44 l
S
Q

q
1 i 
-9 851 613 -860 re
0 841 m
W n
0.03 841.02 595.02 -841.02 re
W n
BT
/F4 1 Tf
12.5 0 0 12.5 34.4488 811.7822 Tm
/Cs5 cs 0.161 0.145 0.149 sc
/GS1 gs
-0.0001 Tc
-0.0286 Tw
[(Arzneimittel Statistik)-130(/)-129.9(M)0.1(édicaments miscellanées)]TJ
ET
/Cs5 CS 0.161 0.145 0.149 SC
0 J 0 j 0.3 w 10 M []0 d
28.35 805.15 m
552.76 805.15 l
S
Q
q
1 i 
35.43 850.5 198.43 -24.09 re
308.74 811.782 m
W* n
-9 851 613 -860 re
0 841 m
W n
0.03 841.02 595.02 -841.02 re
W n
q
2.7718 0 0 -0.3608 0 0 cm
/Cs5 CS 0.502 0.51 0.518 SC
0 J 0 j 0.5 w 10 M []0 d
/GS1 gs
12.655 -2360.21 m
12.655 -2287.903 l
S
0.506 0.514 0.522 SC
13.121 -2360.21 m
13.121 -2287.903 l
S
0.51 0.514 0.525 SC
13.588 -2360.21 m
13.588 -2287.903 l
S
0.51 0.518 0.529 SC
14.054 -2360.21 m
14.054 -2287.903 l
S
0.514 0.522 0.529 SC
14.521 -2360.21 m
14.521 -2287.903 l
S
0.518 0.525 0.533 SC
14.987 -2360.21 m
14.987 -2287.903 l
S
0.518 0.525 0.537 SC
15.454 -2360.21 m
15.454 -2287.903 l
S
0.522 0.529 0.541 SC
15.92 -2360.21 m
15.92 -2287.903 l
S
0.525 0.533 0.541 SC
16.387 -2360.21 m
16.387 -2287.903 l
S
0.529 0.533 0.545 SC
16.853 -2360.21 m
16.853 -2287.903 l
S
0.529 0.537 0.549 SC
17.32 -2360.21 m
17.32 -2287.903 l
S
0.533 0.541 0.553 SC
17.786 -2360.21 m
17.786 -2287.903 l
S
0.537 0.545 0.553 SC
18.253 -2360.21 m
18.253 -2287.903 l
S
0.537 0.545 0.557 SC
18.719 -2360.21 m
18.719 -2287.903 l
S
0.541 0.549 0.561 SC
19.186 -2360.21 m
19.186 -2287.903 l
S
0.545 0.553 0.565 SC
19.652 -2360.21 m
19.652 -2287.903 l
S
0.549 0.557 0.565 SC
20.119 -2360.21 m
20.119 -2287.903 l
S
0.549 0.557 0.569 SC
20.585 -2360.21 m
20.585 -2287.903 l
S
0.553 0.561 0.573 SC
21.052 -2360.21 m
21.052 -2287.903 l
S
0.557 0.565 0.576 SC
21.518 -2360.21 m
21.518 -2287.903 l
S
0.561 0.569 0.576 SC
21.985 -2360.21 m
21.985 -2287.903 l
S
0.561 0.569 0.58 SC
22.451 -2360.21 m
22.451 -2287.903 l
S
0.565 0.573 0.584 SC
22.918 -2360.21 m
22.918 -2287.903 l
S
0.569 0.576 0.588 SC
23.384 -2360.21 m
23.384 -2287.903 l
S
0.573 0.58 0.588 SC
23.851 -2360.21 m
23.851 -2287.903 l
S
0.573 0.58 0.592 SC
24.317 -2360.21 m
24.317 -2287.903 l
S
0.576 0.584 0.596 SC
24.784 -2360.21 m
24.784 -2287.903 l
S
0.58 0.588 0.596 SC
25.25 -2360.21 m
25.25 -2287.903 l
S
0.584 0.592 0.6 SC
25.717 -2360.21 m
25.717 -2287.903 l
S
0.584 0.592 0.604 SC
26.183 -2360.21 m
26.183 -2287.903 l
S
0.588 0.596 0.608 SC
26.65 -2360.21 m
26.65 -2287.903 l
S
0.592 0.6 0.608 SC
27.116 -2360.21 m
27.116 -2287.903 l
S
0.596 0.604 0.612 SC
27.583 -2360.21 m
27.583 -2287.903 l
S
0.596 0.604 0.616 SC
28.049 -2360.21 m
28.049 -2287.903 l
S
0.6 0.608 0.62 SC
28.516 -2360.21 m
28.516 -2287.903 l
S
0.604 0.612 0.624 SC
28.982 -2360.21 m
28.982 -2287.903 l
S
0.608 0.616 0.624 SC
29.449 -2360.21 m
29.449 -2287.903 l
S
0.608 0.616 0.627 SC
29.915 -2360.21 m
29.915 -2287.903 l
S
0.612 0.62 0.631 SC
30.382 -2360.21 m
30.382 -2287.903 l
S
0.616 0.624 0.635 SC
30.848 -2360.21 m
30.848 -2287.903 l
S
0.62 0.627 0.635 SC
31.315 -2360.21 m
31.315 -2287.903 l
S
0.62 0.631 0.639 SC
31.781 -2360.21 m
31.781 -2287.903 l
S
0.624 0.631 0.643 SC
32.248 -2360.21 m
32.248 -2287.903 l
S
0.627 0.635 0.647 SC
32.714 -2360.21 m
32.714 -2287.903 l
S
0.631 0.639 0.647 SC
33.181 -2360.21 m
33.181 -2287.903 l
S
0.635 0.643 0.651 SC
33.647 -2360.21 m
33.647 -2287.903 l
S
0.635 0.643 0.655 SC
34.113 -2360.21 m
34.113 -2287.903 l
S
0.639 0.647 0.659 SC
34.58 -2360.21 m
34.58 -2287.903 l
S
0.643 0.651 0.663 SC
35.046 -2360.21 m
35.046 -2287.903 l
S
0.647 0.655 0.663 SC
35.513 -2360.21 m
35.513 -2287.903 l
S
0.651 0.659 0.667 SC
35.979 -2360.21 m
35.979 -2287.903 l
S
0.651 0.659 0.671 SC
36.446 -2360.21 m
36.446 -2287.903 l
S
0.655 0.663 0.675 SC
36.912 -2360.21 m
36.912 -2287.903 l
S
0.659 0.667 0.678 SC
37.379 -2360.21 m
37.379 -2287.903 l
S
0.663 0.671 0.678 SC
37.845 -2360.21 m
37.845 -2287.903 l
S
0.663 0.675 0.682 SC
38.312 -2360.21 m
38.312 -2287.903 l
S
0.667 0.675 0.686 SC
38.778 -2360.21 m
38.778 -2287.903 l
S
0.671 0.678 0.69 SC
39.245 -2360.21 m
39.245 -2287.903 l
S
0.675 0.682 0.69 SC
39.711 -2360.21 m
39.711 -2287.903 l
S
0.678 0.686 0.694 SC
40.178 -2360.21 m
40.178 -2287.903 l
S
0.682 0.69 0.698 SC
40.644 -2360.21 m
40.644 -2287.903 l
S
0.682 0.69 0.702 SC
41.111 -2360.21 m
41.111 -2287.903 l
S
0.686 0.694 0.706 SC
41.577 -2360.21 m
41.577 -2287.903 l
S
0.69 0.698 0.706 SC
42.044 -2360.21 m
42.044 -2287.903 l
S
0.694 0.702 0.71 SC
42.51 -2360.21 m
42.51 -2287.903 l
S
0.698 0.706 0.714 SC
42.977 -2360.21 m
42.977 -2287.903 l
S
0.698 0.706 0.718 SC
43.443 -2360.21 m
43.443 -2287.903 l
S
0.702 0.71 0.722 SC
43.91 -2360.21 m
43.91 -2287.903 l
S
0.706 0.714 0.722 SC
44.376 -2360.21 m
44.376 -2287.903 l
S
0.71 0.718 0.725 SC
44.843 -2360.21 m
44.843 -2287.903 l
S
0.714 0.722 0.729 SC
45.309 -2360.21 m
45.309 -2287.903 l
S
0.714 0.722 0.733 SC
45.776 -2360.21 m
45.776 -2287.903 l
S
0.718 0.725 0.737 SC
46.242 -2360.21 m
46.242 -2287.903 l
S
0.722 0.729 0.737 SC
46.709 -2360.21 m
46.709 -2287.903 l
S
0.725 0.733 0.741 SC
47.175 -2360.21 m
47.175 -2287.903 l
S
0.729 0.737 0.745 SC
47.642 -2360.21 m
47.642 -2287.903 l
S
0.733 0.741 0.749 SC
48.108 -2360.21 m
48.108 -2287.903 l
S
0.733 0.741 0.753 SC
48.575 -2360.21 m
48.575 -2287.903 l
49.041 -2360.21 m
49.041 -2287.903 l
S
0.737 0.745 0.753 SC
49.508 -2360.21 m
49.508 -2287.903 l
S
0.741 0.749 0.757 SC
49.974 -2360.21 m
49.974 -2287.903 l
S
0.745 0.753 0.761 SC
50.441 -2360.21 m
50.441 -2287.903 l
S
0.749 0.757 0.765 SC
50.907 -2360.21 m
50.907 -2287.903 l
S
0.753 0.761 0.769 SC
51.374 -2360.21 m
51.374 -2287.903 l
51.84 -2360.21 m
51.84 -2287.903 l
S
0.757 0.765 0.773 SC
52.307 -2360.21 m
52.307 -2287.903 l
S
0.761 0.769 0.776 SC
52.773 -2360.21 m
52.773 -2287.903 l
S
0.765 0.773 0.78 SC
53.24 -2360.21 m
53.24 -2287.903 l
S
0.769 0.776 0.784 SC
53.706 -2360.21 m
53.706 -2287.903 l
S
0.773 0.776 0.784 SC
54.173 -2360.21 m
54.173 -2287.903 l
S
0.776 0.78 0.788 SC
54.639 -2360.21 m
54.639 -2287.903 l
S
0.776 0.784 0.792 SC
55.106 -2360.21 m
55.106 -2287.903 l
S
0.78 0.788 0.796 SC
55.572 -2360.21 m
55.572 -2287.903 l
S
0.784 0.792 0.8 SC
56.039 -2360.21 m
56.039 -2287.903 l
S
0.788 0.796 0.8 SC
56.505 -2360.21 m
56.505 -2287.903 l
S
0.792 0.796 0.804 SC
56.972 -2360.21 m
56.972 -2287.903 l
S
0.796 0.8 0.808 SC
57.438 -2360.21 m
57.438 -2287.903 l
S
0.796 0.804 0.812 SC
57.905 -2360.21 m
57.905 -2287.903 l
S
0.8 0.808 0.816 SC
58.371 -2360.21 m
58.371 -2287.903 l
S
0.804 0.812 0.816 SC
58.838 -2360.21 m
58.838 -2287.903 l
S
0.808 0.812 0.82 SC
59.304 -2360.21 m
59.304 -2287.903 l
S
0.812 0.816 0.824 SC
59.771 -2360.21 m
59.771 -2287.903 l
S
0.816 0.82 0.827 SC
60.237 -2360.21 m
60.237 -2287.903 l
S
0.816 0.824 0.831 SC
60.704 -2360.21 m
60.704 -2287.903 l
S
0.82 0.827 0.831 SC
61.17 -2360.21 m
61.17 -2287.903 l
S
0.824 0.831 0.835 SC
61.637 -2360.21 m
61.637 -2287.903 l
S
0.827 0.831 0.839 SC
62.103 -2360.21 m
62.103 -2287.903 l
S
0.831 0.835 0.843 SC
62.57 -2360.21 m
62.57 -2287.903 l
S
0.835 0.839 0.843 SC
63.036 -2360.21 m
63.036 -2287.903 l
S
0.835 0.843 0.847 SC
63.503 -2360.21 m
63.503 -2287.903 l
S
0.839 0.847 0.851 SC
63.969 -2360.21 m
63.969 -2287.903 l
S
0.843 0.847 0.855 SC
64.436 -2360.21 m
64.436 -2287.903 l
S
0.847 0.851 0.859 SC
64.902 -2360.21 m
64.902 -2287.903 l
S
0.851 0.855 0.859 SC
65.369 -2360.21 m
65.369 -2287.903 l
S
0.855 0.859 0.863 SC
65.835 -2360.21 m
65.835 -2287.903 l
S
0.855 0.863 0.867 SC
66.302 -2360.21 m
66.302 -2287.903 l
S
0.859 0.863 0.871 SC
66.768 -2360.21 m
66.768 -2287.903 l
S
0.863 0.867 0.875 SC
67.235 -2360.21 m
67.235 -2287.903 l
S
0.867 0.871 0.875 SC
67.701 -2360.21 m
67.701 -2287.903 l
S
0.871 0.875 0.878 SC
68.168 -2360.21 m
68.168 -2287.903 l
S
0.875 0.878 0.882 SC
68.634 -2360.21 m
68.634 -2287.903 l
S
0.875 0.882 0.886 SC
69.101 -2360.21 m
69.101 -2287.903 l
S
0.878 0.882 0.89 SC
69.567 -2360.21 m
69.567 -2287.903 l
S
0.882 0.886 0.89 SC
70.034 -2360.21 m
70.034 -2287.903 l
S
0.886 0.89 0.894 SC
70.5 -2360.21 m
70.5 -2287.903 l
S
0.89 0.894 0.898 SC
70.967 -2360.21 m
70.967 -2287.903 l
S
0.894 0.898 0.902 SC
71.433 -2360.21 m
71.433 -2287.903 l
S
0.898 0.898 0.902 SC
71.9 -2360.21 m
71.9 -2287.903 l
S
0.898 0.902 0.906 SC
72.366 -2360.21 m
72.366 -2287.903 l
S
0.902 0.906 0.91 SC
72.833 -2360.21 m
72.833 -2287.903 l
S
0.906 0.91 0.914 SC
73.299 -2360.21 m
73.299 -2287.903 l
S
0.91 0.914 0.918 SC
73.766 -2360.21 m
73.766 -2287.903 l
S
0.914 0.918 0.922 SC
74.232 -2360.21 m
74.232 -2287.903 l
S
0.918 0.922 0.922 SC
74.699 -2360.21 m
74.699 -2287.903 l
S
0.922 0.922 0.925 SC
75.165 -2360.21 m
75.165 -2287.903 l
S
0.922 0.925 0.929 SC
75.632 -2360.21 m
75.632 -2287.903 l
S
0.925 0.929 0.933 SC
76.098 -2360.21 m
76.098 -2287.903 l
S
0.929 0.933 0.933 SC
76.565 -2360.21 m
76.565 -2287.903 l
S
0.933 0.937 0.937 SC
77.031 -2360.21 m
77.031 -2287.903 l
S
0.937 0.937 0.941 SC
77.498 -2360.21 m
77.498 -2287.903 l
S
0.941 0.941 0.945 SC
77.964 -2360.21 m
77.964 -2287.903 l
S
0.945 0.945 0.949 SC
78.431 -2360.21 m
78.431 -2287.903 l
S
0.945 0.949 0.949 SC
78.897 -2360.21 m
78.897 -2287.903 l
S
0.949 0.953 0.953 SC
79.364 -2360.21 m
79.364 -2287.903 l
S
0.953 0.957 0.957 SC
79.83 -2360.21 m
79.83 -2287.903 l
S
0.957 0.957 0.961 SC
80.297 -2360.21 m
80.297 -2287.903 l
S
0.961 0.961 0.965 SC
80.763 -2360.21 m
80.763 -2287.903 l
S
0.965 0.965 0.969 SC
81.23 -2360.21 m
81.23 -2287.903 l
S
0.969 0.969 0.969 SC
81.696 -2360.21 m
81.696 -2287.903 l
S
0.973 0.973 0.973 SC
82.163 -2360.21 m
82.163 -2287.903 l
S
0.976 0.976 0.976 SC
82.629 -2360.21 m
82.629 -2287.903 l
S
0.98 0.98 0.984 SC
83.096 -2360.21 m
83.096 -2287.903 l
S
0.988 0.988 0.988 SC
83.562 -2360.21 m
83.562 -2287.903 l
S
0.992 0.992 0.992 SC
84.029 -2360.21 m
84.029 -2287.903 l
S
1 1 1 SC
84.495 -2360.21 m
84.495 -2287.903 l
S
Q
Q
q
1 i 
-9 851 613 -860 re
0 841 m
W n
0.03 841.02 595.02 -841.02 re
W n
/Cs5 cs 0.161 0.145 0.149 sc
/GS1 gs
0.03 841.02 35.4 -6.11 re
f
/Cs5 CS 0.161 0.145 0.149 SC
0 J 0 j 0.3 w 10 M []0 d
28.347 841.076 m
28.347 805.006 l
S
286.3 22.8 22.68 -22.8 re
f
BT
/F1 1 Tf
10 0 0 10 289.2992 7.7671 Tm
1 1 1 sc
-0.0002 Tc
0 Tw
(690)Tj
/F3 1 Tf
7 0 0 7 35.4331 17.5374 Tm
0.161 0.145 0.149 sc
-0.0001 Tc
-0.0306 Tw
[(Swissmedic Jour)-17.9(nal)-1111.9(9/2002)]TJ
/F2 1 Tf
10 0 0 10 85.0394 763.6339 Tm
-0.0336 Tw
[(01)-1044.2(Spiramastin ad us.vet., Suspension)]TJ
/F5 1 Tf
0 -1.4174 TD
-0.0306 Tw
(* Vétoquinol AG, Aemmenmattstrasse 2, 3123 Belp)Tj
ET
0.4 w 
85.04 741.51 m
552.76 741.51 l
85.04 723.82 m
552.76 723.82 l
S
BT
10 0 0 10 85.0394 729.1213 Tm
-0.0002 Tc
0 Tw
[(Zul.-Nr)91.6(.: )]TJ
/F2 1 Tf
3.8771 0 TD
(44460)Tj
/F5 1 Tf
8.8788 0 TD
0 Tc
(V)Tj
0.6301 0 TD
-0.0001 Tc
(erkaufsart: )Tj
/F2 1 Tf
5.3041 0 TD
0 Tc
(B)Tj
/F5 1 Tf
23.0785 0 TD
-0.0001 Tc
(24.09.2002)Tj
-41.7687 -2.2428 TD
[(Zusammensetzung:)-921.1(01)]TJ
8.3 0 0 8.3 198.4252 706.6931 Tm
-0.0306 Tw
[(SPIRAMYCINUM 100)-278.1(mg ut SPIRAMYCINI ADIP)36.7(AS, EXCIPIENS ad SUSPENSIONEM pro 1)-278.1(mL. )]TJ
10 0 0 10 85.0394 692.5195 Tm
[(Anwendung:)-5285.2(Mastitis bei Kühen)]TJ
0 -1.4174 TD
0 Tw
[(Packungen:)-4532.7(01)-305.6(Injektor)]TJ
11.3386 -1.4174 TD
-0.0002 Tc
[(017)-7141.9(1)0(0)-567.1(m)-0.1(L)-12217.6(B)]TJ
-1.4173 -1.4174 TD
-0.0001 Tc
[(01)-305.6(Flasche)]TJ
1.4173 -1.4174 TD
-0.0002 Tc
[(025)-7141.9(8)0(0)-567.1(m)-0.1(L)-12217.6(B)]TJ
-1.4173 -1.4174 TD
[(01)-305.7(Injektoren)]TJ
1.4173 -1.4174 TD
-0.0001 Tc
-0.0306 Tw
[(033)-4479.6(100 x 10)-567(mL)-12217.5(B)]TJ
-11.3386 -1.4174 TD
0.0677 Tw
[(* )98.3(Bemerkungen:)-3702(Ersetzt die Registrierungsurkunde vom 22.11.2001 lautend auf Chassot AG,)]TJ
11.3386 -1.1339 TD
-0.0002 Tc
0 Tw
(Belp)Tj
-11.3386 -1.4174 TD
-0.0001 Tc
-0.0306 Tw
[(Gültig bis:)-6647.8(31. Dezember 2006)]TJ
ET
85.04 559.38 m
552.76 559.38 l
S
BT
/F2 1 Tf
10 0 0 10 85.0394 523.382 Tm
-0.0336 Tw
[(01)-1044.2(Suidan ad us.vet., Injektionspräparat)]TJ
/F5 1 Tf
T*
-0.0306 Tw
(Sanochemia AG, Baarerstrasse 96, 6302 Zug)Tj
ET
85.04 501.26 m
552.76 501.26 l
85.04 483.57 m
552.76 483.57 l
S
BT
10 0 0 10 85.0394 488.8694 Tm
-0.0002 Tc
0 Tw
[(Zul.-Nr)91.6(.: )]TJ
/F2 1 Tf
3.8771 0 TD
(49870)Tj
/F5 1 Tf
8.8788 0 TD
0 Tc
(V)Tj
0.6301 0 TD
-0.0001 Tc
(erkaufsart: )Tj
/F2 1 Tf
5.3041 0 TD
0 Tc
(B)Tj
/F5 1 Tf
23.0785 0 TD
-0.0001 Tc
(18.09.2002)Tj
-41.7687 -2.2428 TD
-0.0306 Tw
[(* Zusammensetzung:)-117.9(01)]TJ
8.3 0 0 8.3 198.4252 466.4413 Tm
0.2904 Tw
[(PRAEP)36.7(ARA)73.7(TIO CR)17.7(YODESICCA)73.7(T)54.8(A: GONADOTROPINUM CHORIONICUM 200)-278.1(U.I., GONADO-)]TJ
0 -1.3661 TD
0.102 Tw
[(TROPINUM SERICUM EQUINUM 400)-278.1(U.I., MANNITOLUM, DINA)73.7(TRII PHOSPHAS DODECAHY-)]TJ
T*
-0.0362 Tw
[(DRICUS, NA)73.7(TRII DIHYDROGENOPHOSPHAS DIHYDRICUS, EXCIPIENS pro VITRO,  SOL)73.7(VENS pro)]TJ
T*
-0.0306 Tw
[(VITRO 4)-278.1(mL, NA)73.7(TRII CHLORIDUM, AQUA.)]TJ
10 0 0 10 85.0394 418.2507 Tm
[(Anwendung:)-5285.2(Anoestrus bei Sauen)]TJ
0 -1.4174 TD
[(Packung:)-5699.4(01)-305.6(mit 4mL Lösungsmittel pro Ampulle)]TJ
11.3386 -1.4174 TD
-0.0002 Tc
[(027)-6147.4(1)-0.1( x 5)-567.1(T)73.9(rockenampulle\(n\))-4903.9(B)]TJ
-11.3386 -1.4174 TD
-0.0001 Tc
-0.0575 Tw
[(Bemerkungen:)-4505.2(Ersetzt die Registrierungsurkunde vom 27.11.2001 Änderung der Zusammen-)]TJ
11.3386 -1.1339 TD
0 Tw
(setzung)Tj
-11.3386 -1.4174 TD
-0.0306 Tw
[(Gültig bis:)-6647.8(31. Dezember 2003)]TJ
ET
85.04 341.8 m
552.76 341.8 l
S
BT
/F2 1 Tf
10 0 0 10 85.0394 305.8076 Tm
-0.0336 Tw
[(01)-1044.2(T)98.9(etraseptin mite ad us.vet., Suspension)]TJ
0 -1.2835 TD
[(02)-1044.2(T)98.9(etraseptin forte ad us.vet., Suspension)]TJ
/F5 1 Tf
0 -1.4174 TD
-0.0306 Tw
(* Vétoquinol AG, Aemmenmattstrasse 2, 3123 Belp)Tj
ET
85.04 270.85 m
552.76 270.85 l
85.04 253.16 m
552.76 253.16 l
S
BT
10 0 0 10 85.0394 258.4605 Tm
-0.0002 Tc
0 Tw
[(Zul.-Nr)91.6(.: )]TJ
/F2 1 Tf
3.8771 0 TD
(37382)Tj
/F5 1 Tf
8.8788 0 TD
0 Tc
(V)Tj
0.6301 0 TD
-0.0001 Tc
(erkaufsart: )Tj
/F2 1 Tf
5.3041 0 TD
0 Tc
(A)Tj
/F5 1 Tf
23.0785 0 TD
-0.0001 Tc
(27.09.2002)Tj
-41.7687 -2.2428 TD
-0.0306 Tw
[(* Zusammensetzung:)-117.9(01)]TJ
8.3 0 0 8.3 198.4252 236.0323 Tm
-0.016 Tw
[(TETRACYCLINUM 100)-278.1(mg, CONSER)17.7(V)91.5(.: E)-278.1(216, E)-278.1(218, ANTIOX.: E)-278.1(223, SACCHARUM, AROMA)73.7(TI-)]TJ
0 -1.3661 TD
-0.0306 Tw
[(CA, EXCIPIENS ad SUSPENSIONEM pro 1)-278.1(mL. )]TJ
10 0 0 10 184.252 210.5197 Tm
-0.0002 Tc
0 Tw
(02)Tj
8.3 0 0 8.3 198.4252 210.5197 Tm
-0.0001 Tc
-0.016 Tw
[(TETRACYCLINUM 200)-278.1(mg, CONSER)17.7(V)91.5(.: E)-278.1(216, E)-278.1(218, ANTIOX.: E)-278.1(223, SACCHARUM, AROMA)73.7(TI-)]TJ
T*
-0.0306 Tw
[(CA, EXCIPIENS ad SUSPENSIONEM pro 1)-278.1(mL. )]TJ
10 0 0 10 85.0394 185.0071 Tm
[(Anwendung:)-5285.2(Bakterielle Infektionen bei Heimtieren)]TJ
0 -1.4174 TD
0 Tw
[(Packungen:)-4532.7(01)-305.6(T)74(r)0(opf)17.7(flasche)]TJ
11.3386 -1.4174 TD
-0.0002 Tc
[(020)-7141.9(1)0(0)-567.1(m)-0.1(L)-12217.6(A)]TJ
-1.4173 -1.4174 TD
-0.0001 Tc
[(02)-305.6(T)74(r)0(opf)17.7(flasche)]TJ
1.4173 -1.4174 TD
-0.0002 Tc
[(039)-7141.9(1)0(0)-567.1(m)-0.1(L)-12217.6(A)]TJ
-11.3386 -1.4174 TD
-0.0001 Tc
-0.0306 Tw
[(* Gültig bis:)-5844.6(27. September 2007)]TJ
ET
85.04 105.72 m
552.76 105.72 l
S
Q

q
1 i 
-9 851 613 -860 re
0 841 m
W n
0.03 841.02 595.02 -841.02 re
W n
BT
/F4 1 Tf
12.5 0 0 12.5 285.8058 811.7825 Tm
/Cs5 cs 0.161 0.145 0.149 sc
/GS1 gs
-0.0001 Tc
-0.0286 Tw
[(Arzneimittel Statistik)-130(/)-129.9(M)0.1(édicaments miscellanées)]TJ
ET
/Cs5 CS 0.161 0.145 0.149 SC
0 J 0 j 0.3 w 10 M []0 d
42.8 805.15 m
567.2 805.15 l
S
Q
q
1 i 
361.69 850.5 198.43 -24.09 re
560.097 811.782 m
W* n
-9 851 613 -860 re
0 841 m
W n
0.03 841.02 595.02 -841.02 re
W n
q
2.7718 0 0 -0.3608 0 0 cm
/Cs5 CS 1 1 1 SC
0 J 0 j 0.5 w 10 M []0 d
/GS1 gs
130.36 -2360.21 m
130.36 -2287.903 l
S
0.992 0.992 0.992 SC
130.827 -2360.21 m
130.827 -2287.903 l
S
0.988 0.988 0.988 SC
131.293 -2360.21 m
131.293 -2287.903 l
S
0.98 0.98 0.984 SC
131.76 -2360.21 m
131.76 -2287.903 l
S
0.976 0.976 0.976 SC
132.226 -2360.21 m
132.226 -2287.903 l
S
0.973 0.973 0.973 SC
132.693 -2360.21 m
132.693 -2287.903 l
S
0.969 0.969 0.969 SC
133.159 -2360.21 m
133.159 -2287.903 l
S
0.965 0.965 0.969 SC
133.626 -2360.21 m
133.626 -2287.903 l
S
0.961 0.961 0.965 SC
134.092 -2360.21 m
134.092 -2287.903 l
S
0.957 0.957 0.961 SC
134.559 -2360.21 m
134.559 -2287.903 l
S
0.953 0.957 0.957 SC
135.025 -2360.21 m
135.025 -2287.903 l
S
0.949 0.953 0.953 SC
135.492 -2360.21 m
135.492 -2287.903 l
S
0.945 0.949 0.949 SC
135.958 -2360.21 m
135.958 -2287.903 l
S
0.945 0.945 0.949 SC
136.425 -2360.21 m
136.425 -2287.903 l
S
0.941 0.941 0.945 SC
136.891 -2360.21 m
136.891 -2287.903 l
S
0.937 0.937 0.941 SC
137.358 -2360.21 m
137.358 -2287.903 l
S
0.933 0.937 0.937 SC
137.824 -2360.21 m
137.824 -2287.903 l
S
0.929 0.933 0.933 SC
138.291 -2360.21 m
138.291 -2287.903 l
S
0.925 0.929 0.933 SC
138.757 -2360.21 m
138.757 -2287.903 l
S
0.922 0.925 0.929 SC
139.224 -2360.21 m
139.224 -2287.903 l
S
0.922 0.922 0.925 SC
139.69 -2360.21 m
139.69 -2287.903 l
S
0.918 0.922 0.922 SC
140.157 -2360.21 m
140.157 -2287.903 l
S
0.914 0.918 0.922 SC
140.623 -2360.21 m
140.623 -2287.903 l
S
0.91 0.914 0.918 SC
141.09 -2360.21 m
141.09 -2287.903 l
S
0.906 0.91 0.914 SC
141.556 -2360.21 m
141.556 -2287.903 l
S
0.902 0.906 0.91 SC
142.023 -2360.21 m
142.023 -2287.903 l
S
0.898 0.902 0.906 SC
142.489 -2360.21 m
142.489 -2287.903 l
S
0.898 0.898 0.902 SC
142.956 -2360.21 m
142.956 -2287.903 l
S
0.894 0.898 0.902 SC
143.422 -2360.21 m
143.422 -2287.903 l
S
0.89 0.894 0.898 SC
143.889 -2360.21 m
143.889 -2287.903 l
S
0.886 0.89 0.894 SC
144.355 -2360.21 m
144.355 -2287.903 l
S
0.882 0.886 0.89 SC
144.822 -2360.21 m
144.822 -2287.903 l
S
0.878 0.882 0.89 SC
145.288 -2360.21 m
145.288 -2287.903 l
S
0.875 0.882 0.886 SC
145.755 -2360.21 m
145.755 -2287.903 l
S
0.875 0.878 0.882 SC
146.221 -2360.21 m
146.221 -2287.903 l
S
0.871 0.875 0.878 SC
146.688 -2360.21 m
146.688 -2287.903 l
S
0.867 0.871 0.875 SC
147.154 -2360.21 m
147.154 -2287.903 l
S
0.863 0.867 0.875 SC
147.621 -2360.21 m
147.621 -2287.903 l
S
0.859 0.863 0.871 SC
148.087 -2360.21 m
148.087 -2287.903 l
S
0.855 0.863 0.867 SC
148.554 -2360.21 m
148.554 -2287.903 l
S
0.855 0.859 0.863 SC
149.02 -2360.21 m
149.02 -2287.903 l
S
0.851 0.855 0.859 SC
149.487 -2360.21 m
149.487 -2287.903 l
S
0.847 0.851 0.859 SC
149.953 -2360.21 m
149.953 -2287.903 l
S
0.843 0.847 0.855 SC
150.42 -2360.21 m
150.42 -2287.903 l
S
0.839 0.847 0.851 SC
150.886 -2360.21 m
150.886 -2287.903 l
S
0.835 0.843 0.847 SC
151.353 -2360.21 m
151.353 -2287.903 l
S
0.835 0.839 0.843 SC
151.819 -2360.21 m
151.819 -2287.903 l
S
0.831 0.835 0.843 SC
152.286 -2360.21 m
152.286 -2287.903 l
S
0.827 0.831 0.839 SC
152.752 -2360.21 m
152.752 -2287.903 l
S
0.824 0.831 0.835 SC
153.219 -2360.21 m
153.219 -2287.903 l
S
0.82 0.827 0.831 SC
153.685 -2360.21 m
153.685 -2287.903 l
S
0.816 0.824 0.831 SC
154.152 -2360.21 m
154.152 -2287.903 l
S
0.816 0.82 0.827 SC
154.618 -2360.21 m
154.618 -2287.903 l
S
0.812 0.816 0.824 SC
155.085 -2360.21 m
155.085 -2287.903 l
S
0.808 0.812 0.82 SC
155.551 -2360.21 m
155.551 -2287.903 l
S
0.804 0.812 0.816 SC
156.018 -2360.21 m
156.018 -2287.903 l
S
0.8 0.808 0.816 SC
156.484 -2360.21 m
156.484 -2287.903 l
S
0.796 0.804 0.812 SC
156.951 -2360.21 m
156.951 -2287.903 l
S
0.796 0.8 0.808 SC
157.417 -2360.21 m
157.417 -2287.903 l
S
0.792 0.796 0.804 SC
157.884 -2360.21 m
157.884 -2287.903 l
S
0.788 0.796 0.8 SC
158.35 -2360.21 m
158.35 -2287.903 l
S
0.784 0.792 0.8 SC
158.817 -2360.21 m
158.817 -2287.903 l
S
0.78 0.788 0.796 SC
159.283 -2360.21 m
159.283 -2287.903 l
S
0.776 0.784 0.792 SC
159.75 -2360.21 m
159.75 -2287.903 l
S
0.776 0.78 0.788 SC
160.216 -2360.21 m
160.216 -2287.903 l
S
0.773 0.776 0.784 SC
160.683 -2360.21 m
160.683 -2287.903 l
S
0.769 0.776 0.784 SC
161.149 -2360.21 m
161.149 -2287.903 l
S
0.765 0.773 0.78 SC
161.616 -2360.21 m
161.616 -2287.903 l
S
0.761 0.769 0.776 SC
162.082 -2360.21 m
162.082 -2287.903 l
S
0.757 0.765 0.773 SC
162.549 -2360.21 m
162.549 -2287.903 l
S
0.753 0.761 0.769 SC
163.015 -2360.21 m
163.015 -2287.903 l
163.482 -2360.21 m
163.482 -2287.903 l
S
0.749 0.757 0.765 SC
163.948 -2360.21 m
163.948 -2287.903 l
S
0.745 0.753 0.761 SC
164.415 -2360.21 m
164.415 -2287.903 l
S
0.741 0.749 0.757 SC
164.881 -2360.21 m
164.881 -2287.903 l
S
0.737 0.745 0.753 SC
165.348 -2360.21 m
165.348 -2287.903 l
S
0.733 0.741 0.753 SC
165.814 -2360.21 m
165.814 -2287.903 l
S
0.733 0.741 0.749 SC
166.281 -2360.21 m
166.281 -2287.903 l
166.747 -2360.21 m
166.747 -2287.903 l
S
0.729 0.737 0.745 SC
167.214 -2360.21 m
167.214 -2287.903 l
S
0.725 0.733 0.741 SC
167.68 -2360.21 m
167.68 -2287.903 l
S
0.722 0.729 0.737 SC
168.147 -2360.21 m
168.147 -2287.903 l
S
0.718 0.725 0.737 SC
168.613 -2360.21 m
168.613 -2287.903 l
S
0.714 0.722 0.733 SC
169.08 -2360.21 m
169.08 -2287.903 l
S
0.714 0.722 0.729 SC
169.546 -2360.21 m
169.546 -2287.903 l
S
0.71 0.718 0.725 SC
170.013 -2360.21 m
170.013 -2287.903 l
S
0.706 0.714 0.722 SC
170.479 -2360.21 m
170.479 -2287.903 l
S
0.702 0.71 0.722 SC
170.946 -2360.21 m
170.946 -2287.903 l
S
0.698 0.706 0.718 SC
171.412 -2360.21 m
171.412 -2287.903 l
S
0.698 0.706 0.714 SC
171.879 -2360.21 m
171.879 -2287.903 l
S
0.694 0.702 0.71 SC
172.345 -2360.21 m
172.345 -2287.903 l
S
0.69 0.698 0.706 SC
172.812 -2360.21 m
172.812 -2287.903 l
S
0.686 0.694 0.706 SC
173.278 -2360.21 m
173.278 -2287.903 l
S
0.682 0.69 0.702 SC
173.745 -2360.21 m
173.745 -2287.903 l
S
0.682 0.69 0.698 SC
174.211 -2360.21 m
174.211 -2287.903 l
S
0.678 0.686 0.694 SC
174.678 -2360.21 m
174.678 -2287.903 l
S
0.675 0.682 0.69 SC
175.144 -2360.21 m
175.144 -2287.903 l
S
0.671 0.678 0.69 SC
175.611 -2360.21 m
175.611 -2287.903 l
S
0.667 0.675 0.686 SC
176.077 -2360.21 m
176.077 -2287.903 l
S
0.663 0.675 0.682 SC
176.544 -2360.21 m
176.544 -2287.903 l
S
0.663 0.671 0.678 SC
177.01 -2360.21 m
177.01 -2287.903 l
S
0.659 0.667 0.678 SC
177.477 -2360.21 m
177.477 -2287.903 l
S
0.655 0.663 0.675 SC
177.943 -2360.21 m
177.943 -2287.903 l
S
0.651 0.659 0.671 SC
178.41 -2360.21 m
178.41 -2287.903 l
S
0.651 0.659 0.667 SC
178.876 -2360.21 m
178.876 -2287.903 l
S
0.647 0.655 0.663 SC
179.343 -2360.21 m
179.343 -2287.903 l
S
0.643 0.651 0.663 SC
179.809 -2360.21 m
179.809 -2287.903 l
S
0.639 0.647 0.659 SC
180.276 -2360.21 m
180.276 -2287.903 l
S
0.635 0.643 0.655 SC
180.742 -2360.21 m
180.742 -2287.903 l
S
0.635 0.643 0.651 SC
181.209 -2360.21 m
181.209 -2287.903 l
S
0.631 0.639 0.647 SC
181.675 -2360.21 m
181.675 -2287.903 l
S
0.627 0.635 0.647 SC
182.142 -2360.21 m
182.142 -2287.903 l
S
0.624 0.631 0.643 SC
182.608 -2360.21 m
182.608 -2287.903 l
S
0.62 0.631 0.639 SC
183.075 -2360.21 m
183.075 -2287.903 l
S
0.62 0.627 0.635 SC
183.541 -2360.21 m
183.541 -2287.903 l
S
0.616 0.624 0.635 SC
184.008 -2360.21 m
184.008 -2287.903 l
S
0.612 0.62 0.631 SC
184.474 -2360.21 m
184.474 -2287.903 l
S
0.608 0.616 0.627 SC
184.941 -2360.21 m
184.941 -2287.903 l
S
0.608 0.616 0.624 SC
185.407 -2360.21 m
185.407 -2287.903 l
S
0.604 0.612 0.624 SC
185.874 -2360.21 m
185.874 -2287.903 l
S
0.6 0.608 0.62 SC
186.34 -2360.21 m
186.34 -2287.903 l
S
0.596 0.604 0.616 SC
186.806 -2360.21 m
186.806 -2287.903 l
S
0.596 0.604 0.612 SC
187.273 -2360.21 m
187.273 -2287.903 l
S
0.592 0.6 0.608 SC
187.739 -2360.21 m
187.739 -2287.903 l
S
0.588 0.596 0.608 SC
188.206 -2360.21 m
188.206 -2287.903 l
S
0.584 0.592 0.604 SC
188.672 -2360.21 m
188.672 -2287.903 l
S
0.584 0.592 0.6 SC
189.139 -2360.21 m
189.139 -2287.903 l
S
0.58 0.588 0.596 SC
189.605 -2360.21 m
189.605 -2287.903 l
S
0.576 0.584 0.596 SC
190.072 -2360.21 m
190.072 -2287.903 l
S
0.573 0.58 0.592 SC
190.538 -2360.21 m
190.538 -2287.903 l
S
0.573 0.58 0.588 SC
191.005 -2360.21 m
191.005 -2287.903 l
S
0.569 0.576 0.588 SC
191.471 -2360.21 m
191.471 -2287.903 l
S
0.565 0.573 0.584 SC
191.938 -2360.21 m
191.938 -2287.903 l
S
0.561 0.569 0.58 SC
192.404 -2360.21 m
192.404 -2287.903 l
S
0.561 0.569 0.576 SC
192.871 -2360.21 m
192.871 -2287.903 l
S
0.557 0.565 0.576 SC
193.337 -2360.21 m
193.337 -2287.903 l
S
0.553 0.561 0.573 SC
193.804 -2360.21 m
193.804 -2287.903 l
S
0.549 0.557 0.569 SC
194.27 -2360.21 m
194.27 -2287.903 l
S
0.549 0.557 0.565 SC
194.737 -2360.21 m
194.737 -2287.903 l
S
0.545 0.553 0.565 SC
195.203 -2360.21 m
195.203 -2287.903 l
S
0.541 0.549 0.561 SC
195.67 -2360.21 m
195.67 -2287.903 l
S
0.537 0.545 0.557 SC
196.136 -2360.21 m
196.136 -2287.903 l
S
0.537 0.545 0.553 SC
196.603 -2360.21 m
196.603 -2287.903 l
S
0.533 0.541 0.553 SC
197.069 -2360.21 m
197.069 -2287.903 l
S
0.529 0.537 0.549 SC
197.536 -2360.21 m
197.536 -2287.903 l
S
0.529 0.533 0.545 SC
198.002 -2360.21 m
198.002 -2287.903 l
S
0.525 0.533 0.541 SC
198.469 -2360.21 m
198.469 -2287.903 l
S
0.522 0.529 0.541 SC
198.935 -2360.21 m
198.935 -2287.903 l
S
0.518 0.525 0.537 SC
199.402 -2360.21 m
199.402 -2287.903 l
S
0.518 0.525 0.533 SC
199.868 -2360.21 m
199.868 -2287.903 l
S
0.514 0.522 0.529 SC
200.335 -2360.21 m
200.335 -2287.903 l
S
0.51 0.518 0.529 SC
200.801 -2360.21 m
200.801 -2287.903 l
S
0.51 0.514 0.525 SC
201.268 -2360.21 m
201.268 -2287.903 l
S
0.506 0.514 0.522 SC
201.734 -2360.21 m
201.734 -2287.903 l
S
0.502 0.51 0.518 SC
202.201 -2360.21 m
202.201 -2287.903 l
S
Q
Q
q
1 i 
-9 851 613 -860 re
0 841 m
W n
0.03 841.02 595.02 -841.02 re
W n
/Cs5 cs 0.161 0.145 0.149 sc
/GS1 gs
560.12 841.02 34.93 -6.11 re
f
/Cs5 CS 0.161 0.145 0.149 SC
0 J 0 j 0.3 w 10 M []0 d
567.202 840.678 m
567.202 804.948 l
S
286.57 22.8 22.68 -22.8 re
f
BT
/F1 1 Tf
10 0 0 10 289.5747 7.7671 Tm
1 1 1 sc
-0.0002 Tc
0 Tw
(691)Tj
/F3 1 Tf
7 0 0 7 473.8676 17.5374 Tm
0.161 0.145 0.149 sc
-0.0001 Tc
-0.0306 Tw
[(Swissmedic Jour)-17.9(nal)-1111.9(9/2002)]TJ
/F2 1 Tf
10 0 0 10 42.7953 763.6339 Tm
-0.0336 Tw
[(03)-1044.2(T)110.8(opic ad us.vet., Pumpspray)]TJ
/F5 1 Tf
0 -1.4174 TD
-0.0306 Tw
(* Vétoquinol AG, Aemmenmattstrasse 2, 3123 Belp)Tj
ET
0.4 w 
42.8 741.51 m
510.51 741.51 l
42.8 723.82 m
510.51 723.82 l
S
BT
10 0 0 10 42.7953 729.1213 Tm
-0.0002 Tc
0 Tw
[(Zul.-Nr)91.6(.: )]TJ
/F2 1 Tf
3.8772 0 TD
(32375)Tj
/F5 1 Tf
8.8787 0 TD
0 Tc
(V)Tj
0.6301 0 TD
-0.0001 Tc
(erkaufsart: )Tj
/F2 1 Tf
5.3042 0 TD
0 Tc
(A)Tj
/F5 1 Tf
23.0785 0 TD
-0.0001 Tc
(26.09.2002)Tj
-41.7687 -2.2428 TD
[(Zusammensetzung:)-921.1(03)]TJ
8.3 0 0 8.3 156.1811 706.6931 Tm
0.2357 Tw
[(CHLORAMPHENICOLUM 61)-278.1(mg, NITROFURALUM 0.7)-278.1(mg, PREDNISOLONI ACET)54.7(AS 2.1)-278.1(mg,)]TJ
0 -1.3661 TD
-0.0306 Tw
[(EXCIPIENS ad SOLUTIONEM pro 1)-278.1(g)0.1(. )]TJ
10 0 0 10 42.7953 681.1805 Tm
[(Anwendung:)-5285.2(Bakteriell bedingte Dermatosen bei Heimtieren)]TJ
0 -1.4174 TD
[(* Packungen:)-3729.5(03)-305.6(049)-7141.8(3)0.1(0)-567(g)-12995.4(A)]TJ
11.3386 -1.4174 TD
-0.0002 Tc
0 Tw
[(057)-7141.9(8)0(0)-567.1(g)-12995.5(A)]TJ
-11.3386 -1.4174 TD
-0.0001 Tc
0.0677 Tw
[(* )98.3(Bemerkungen:)-3702(Ersetzt die Registrierungsurkunde vom 22.03.2001 lautend auf Chassot AG,)]TJ
11.3386 -1.1339 TD
-0.0002 Tc
0 Tw
(Belp)Tj
0 -1.4174 TD
-0.0001 Tc
-0.0306 Tw
(Änderung Packungsgrössen)Tj
-11.3386 -1.4174 TD
[(Gültig bis:)-6647.8(31. Dezember 2005)]TJ
ET
42.8 590.56 m
510.51 590.56 l
S
BT
/F2 1 Tf
10 0 0 10 42.7953 554.5639 Tm
-0.0336 Tw
[(01)-1044.2(V)54.9(etmedin ad us.vet., Kapseln 2.5mg)]TJ
0 -1.2835 TD
[(02)-1044.2(V)54.9(etmedin ad us.vet., Kapseln 5mg)]TJ
T*
[(03)-1044.2(V)54.9(etmedin ad us.vet., Kapseln 1.25mg)]TJ
/F5 1 Tf
0 -1.4174 TD
-0.0306 Tw
(Boehringer Ingelheim \(Schweiz\) GmbH, Dufourstrasse 54, 4002 Basel)Tj
ET
42.8 506.77 m
510.51 506.77 l
42.8 489.08 m
510.51 489.08 l
S
BT
10 0 0 10 42.7953 494.382 Tm
-0.0002 Tc
0 Tw
[(Zul.-Nr)91.6(.: )]TJ
/F2 1 Tf
3.8772 0 TD
(54319)Tj
/F5 1 Tf
8.8787 0 TD
0 Tc
(V)Tj
0.6301 0 TD
-0.0001 Tc
(erkaufsart: )Tj
/F2 1 Tf
5.3042 0 TD
0 Tc
(B)Tj
/F5 1 Tf
23.0785 0 TD
-0.0001 Tc
(16.09.2002)Tj
-41.7687 -2.2428 TD
[(Zusammensetzung:)-921.1(01)]TJ
8.3 0 0 8.3 156.1811 471.9539 Tm
-0.0306 Tw
[(PIMOBENDANUM 2.5)-278.1(mg, EXCIPIENS pro CAPSULA.)]TJ
10 0 0 10 142.0079 457.7803 Tm
-0.0002 Tc
0 Tw
(02)Tj
8.3 0 0 8.3 156.1811 457.7803 Tm
-0.0001 Tc
-0.0306 Tw
[(PIMOBENDANUM 5)-278.1(m)0(g, COLOR.: E)-278.1(110, EXCIPIENS pro CAPSULA.)]TJ
10 0 0 10 142.0079 443.6066 Tm
-0.0002 Tc
0 Tw
(03)Tj
8.3 0 0 8.3 156.1811 443.6066 Tm
-0.0001 Tc
-0.0306 Tw
[(PIMOBENDANUM 1.25)-278.1(mg, EXCIPIENS pro CAPSULA.)]TJ
10 0 0 10 42.7953 429.433 Tm
[(Anwendung:)-5285.2(Kongestive Herzschwäche bei Hunden)]TJ
0 -1.4174 TD
[(* Packungen:)-3729.5(01)-305.6(010)-6585.9(1)0.1(00)-567.1(Kapseln)-9939.2(B)]TJ
9.9213 -1.4174 TD
0 Tw
[(02)-305.6(029)-6585.9(1)0.1(00)-567.1(Kapseln)-9939.2(B)]TJ
T*
[(03)-305.6(037)-6585.9(1)0.1(00)-567.1(Kapseln)-9939.2(B)]TJ
-9.9213 -1.4174 TD
-0.0306 Tw
[(Bemerkungen:)-4505.2(Ersetzt die Registrierungsurkunde vom 03.09.1998 Neue Dosierung 1.25mg)]TJ
T*
[(Gültig bis:)-6647.8(31. Dezember 2003)]TJ
ET
42.8 350.15 m
510.51 350.15 l
S
BT
/F2 1 Tf
10 0 0 10 42.7953 314.1554 Tm
-0.0337 Tw
[(01)-1044.2(W)17.7(e)0.2(rfachor 1’500 ad us.vet., Injektionspräparat)]TJ
/F5 1 Tf
T*
-0.0306 Tw
(Sanochemia AG, Baarerstrasse 96, 6302 Zug)Tj
ET
42.8 292.03 m
510.51 292.03 l
42.8 274.34 m
510.51 274.34 l
S
BT
10 0 0 10 42.7953 279.6428 Tm
-0.0002 Tc
0 Tw
[(Zul.-Nr)91.6(.: )]TJ
/F2 1 Tf
3.8772 0 TD
(49968)Tj
/F5 1 Tf
8.8787 0 TD
0 Tc
(V)Tj
0.6301 0 TD
-0.0001 Tc
(erkaufsart: )Tj
/F2 1 Tf
5.3042 0 TD
0 Tc
(B)Tj
/F5 1 Tf
23.0785 0 TD
-0.0001 Tc
(18.09.2002)Tj
-41.7687 -2.2428 TD
-0.0306 Tw
[(* Zusammensetzung:)-118(01)]TJ
8.3 0 0 8.3 156.1811 257.2147 Tm
0.068 Tw
[(PRAEP)36.7(ARA)73.7(TIO CR)17.7(YODESICCA)73.7(T)54.8(A: GONADOTROPINUM CHORIONICUM 1’500)-278.1(U.I., MANNITO-)]TJ
0 -1.3662 TD
0.0758 Tw
[(LUM, DINA)73.7(TRII PHOSPHAS DODECAHYDRICUS, NA)73.7(TRII DIHYDROGENOPHOSPHAS DIHYDRI-)]TJ
T*
-0.0306 Tw
[(CUS, EXCIPIENS pro VITRO,  SOL)73.7(VENS pro VITRO 4)-278.1(mL, NA)73.7(TRII CHLORIDUM, AQUA.)]TJ
10 0 0 10 42.7953 220.3631 Tm
[(Anwendung:)-5285.2(Gonaden stimulierendes Hormon für Rinder)91.7(, Pferde, Schweine und Hunde)]TJ
0 -1.4174 TD
[(* Packung:)-4896.3(01)-305.6(mit je 4mL Lösungsmittel pro Ampulle)]TJ
11.3386 -1.4174 TD
-0.0002 Tc
[(035)-6147.4(1)-0.1( x 5)-567.1(T)73.9(rockenampulle\(n\))-4903.9(B)]TJ
-11.3386 -1.4174 TD
-0.0001 Tc
[(Bemerkungen:)-4505.2(Ersetzt die Registrierungsurkunde vom 09.11.1998)]TJ
11.3386 -1.4174 TD
-0.0369 Tc
0 Tw
(Ve)Tj
1.1859 0 TD
-0.0001 Tc
-0.0306 Tw
(rzicht auf Dosierung 5’000; Änderung der Zusammensetzung)Tj
-12.5245 -1.4174 TD
[(Gültig bis:)-6647.8(31. Dezember 2003)]TJ
ET
42.8 141.08 m
510.51 141.08 l
S
Q

q
1 i 
-9 851 613 -860 re
0 841 m
W n
0.03 841.02 595.02 -841.02 re
W n
BT
/F4 1 Tf
12.5 0 0 12.5 34.4488 811.7822 Tm
/Cs5 cs 0.161 0.145 0.149 sc
/GS1 gs
-0.0001 Tc
-0.0286 Tw
[(Arzneimittel Statistik)-130(/)-129.9(M)0.1(édicaments miscellanées)]TJ
ET
/Cs5 CS 0.161 0.145 0.149 SC
0 J 0 j 0.3 w 10 M []0 d
28.35 805.15 m
552.76 805.15 l
S
Q
q
1 i 
35.43 850.5 198.43 -24.09 re
308.74 811.782 m
W* n
-9 851 613 -860 re
0 841 m
W n
0.03 841.02 595.02 -841.02 re
W n
q
2.7718 0 0 -0.3608 0 0 cm
/Cs5 CS 0.502 0.51 0.518 SC
0 J 0 j 0.5 w 10 M []0 d
/GS1 gs
12.655 -2360.21 m
12.655 -2287.903 l
S
0.506 0.514 0.522 SC
13.121 -2360.21 m
13.121 -2287.903 l
S
0.51 0.514 0.525 SC
13.588 -2360.21 m
13.588 -2287.903 l
S
0.51 0.518 0.529 SC
14.054 -2360.21 m
14.054 -2287.903 l
S
0.514 0.522 0.529 SC
14.521 -2360.21 m
14.521 -2287.903 l
S
0.518 0.525 0.533 SC
14.987 -2360.21 m
14.987 -2287.903 l
S
0.518 0.525 0.537 SC
15.454 -2360.21 m
15.454 -2287.903 l
S
0.522 0.529 0.541 SC
15.92 -2360.21 m
15.92 -2287.903 l
S
0.525 0.533 0.541 SC
16.387 -2360.21 m
16.387 -2287.903 l
S
0.529 0.533 0.545 SC
16.853 -2360.21 m
16.853 -2287.903 l
S
0.529 0.537 0.549 SC
17.32 -2360.21 m
17.32 -2287.903 l
S
0.533 0.541 0.553 SC
17.786 -2360.21 m
17.786 -2287.903 l
S
0.537 0.545 0.553 SC
18.253 -2360.21 m
18.253 -2287.903 l
S
0.537 0.545 0.557 SC
18.719 -2360.21 m
18.719 -2287.903 l
S
0.541 0.549 0.561 SC
19.186 -2360.21 m
19.186 -2287.903 l
S
0.545 0.553 0.565 SC
19.652 -2360.21 m
19.652 -2287.903 l
S
0.549 0.557 0.565 SC
20.119 -2360.21 m
20.119 -2287.903 l
S
0.549 0.557 0.569 SC
20.585 -2360.21 m
20.585 -2287.903 l
S
0.553 0.561 0.573 SC
21.052 -2360.21 m
21.052 -2287.903 l
S
0.557 0.565 0.576 SC
21.518 -2360.21 m
21.518 -2287.903 l
S
0.561 0.569 0.576 SC
21.985 -2360.21 m
21.985 -2287.903 l
S
0.561 0.569 0.58 SC
22.451 -2360.21 m
22.451 -2287.903 l
S
0.565 0.573 0.584 SC
22.918 -2360.21 m
22.918 -2287.903 l
S
0.569 0.576 0.588 SC
23.384 -2360.21 m
23.384 -2287.903 l
S
0.573 0.58 0.588 SC
23.851 -2360.21 m
23.851 -2287.903 l
S
0.573 0.58 0.592 SC
24.317 -2360.21 m
24.317 -2287.903 l
S
0.576 0.584 0.596 SC
24.784 -2360.21 m
24.784 -2287.903 l
S
0.58 0.588 0.596 SC
25.25 -2360.21 m
25.25 -2287.903 l
S
0.584 0.592 0.6 SC
25.717 -2360.21 m
25.717 -2287.903 l
S
0.584 0.592 0.604 SC
26.183 -2360.21 m
26.183 -2287.903 l
S
0.588 0.596 0.608 SC
26.65 -2360.21 m
26.65 -2287.903 l
S
0.592 0.6 0.608 SC
27.116 -2360.21 m
27.116 -2287.903 l
S
0.596 0.604 0.612 SC
27.583 -2360.21 m
27.583 -2287.903 l
S
0.596 0.604 0.616 SC
28.049 -2360.21 m
28.049 -2287.903 l
S
0.6 0.608 0.62 SC
28.516 -2360.21 m
28.516 -2287.903 l
S
0.604 0.612 0.624 SC
28.982 -2360.21 m
28.982 -2287.903 l
S
0.608 0.616 0.624 SC
29.449 -2360.21 m
29.449 -2287.903 l
S
0.608 0.616 0.627 SC
29.915 -2360.21 m
29.915 -2287.903 l
S
0.612 0.62 0.631 SC
30.382 -2360.21 m
30.382 -2287.903 l
S
0.616 0.624 0.635 SC
30.848 -2360.21 m
30.848 -2287.903 l
S
0.62 0.627 0.635 SC
31.315 -2360.21 m
31.315 -2287.903 l
S
0.62 0.631 0.639 SC
31.781 -2360.21 m
31.781 -2287.903 l
S
0.624 0.631 0.643 SC
32.248 -2360.21 m
32.248 -2287.903 l
S
0.627 0.635 0.647 SC
32.714 -2360.21 m
32.714 -2287.903 l
S
0.631 0.639 0.647 SC
33.181 -2360.21 m
33.181 -2287.903 l
S
0.635 0.643 0.651 SC
33.647 -2360.21 m
33.647 -2287.903 l
S
0.635 0.643 0.655 SC
34.113 -2360.21 m
34.113 -2287.903 l
S
0.639 0.647 0.659 SC
34.58 -2360.21 m
34.58 -2287.903 l
S
0.643 0.651 0.663 SC
35.046 -2360.21 m
35.046 -2287.903 l
S
0.647 0.655 0.663 SC
35.513 -2360.21 m
35.513 -2287.903 l
S
0.651 0.659 0.667 SC
35.979 -2360.21 m
35.979 -2287.903 l
S
0.651 0.659 0.671 SC
36.446 -2360.21 m
36.446 -2287.903 l
S
0.655 0.663 0.675 SC
36.912 -2360.21 m
36.912 -2287.903 l
S
0.659 0.667 0.678 SC
37.379 -2360.21 m
37.379 -2287.903 l
S
0.663 0.671 0.678 SC
37.845 -2360.21 m
37.845 -2287.903 l
S
0.663 0.675 0.682 SC
38.312 -2360.21 m
38.312 -2287.903 l
S
0.667 0.675 0.686 SC
38.778 -2360.21 m
38.778 -2287.903 l
S
0.671 0.678 0.69 SC
39.245 -2360.21 m
39.245 -2287.903 l
S
0.675 0.682 0.69 SC
39.711 -2360.21 m
39.711 -2287.903 l
S
0.678 0.686 0.694 SC
40.178 -2360.21 m
40.178 -2287.903 l
S
0.682 0.69 0.698 SC
40.644 -2360.21 m
40.644 -2287.903 l
S
0.682 0.69 0.702 SC
41.111 -2360.21 m
41.111 -2287.903 l
S
0.686 0.694 0.706 SC
41.577 -2360.21 m
41.577 -2287.903 l
S
0.69 0.698 0.706 SC
42.044 -2360.21 m
42.044 -2287.903 l
S
0.694 0.702 0.71 SC
42.51 -2360.21 m
42.51 -2287.903 l
S
0.698 0.706 0.714 SC
42.977 -2360.21 m
42.977 -2287.903 l
S
0.698 0.706 0.718 SC
43.443 -2360.21 m
43.443 -2287.903 l
S
0.702 0.71 0.722 SC
43.91 -2360.21 m
43.91 -2287.903 l
S
0.706 0.714 0.722 SC
44.376 -2360.21 m
44.376 -2287.903 l
S
0.71 0.718 0.725 SC
44.843 -2360.21 m
44.843 -2287.903 l
S
0.714 0.722 0.729 SC
45.309 -2360.21 m
45.309 -2287.903 l
S
0.714 0.722 0.733 SC
45.776 -2360.21 m
45.776 -2287.903 l
S
0.718 0.725 0.737 SC
46.242 -2360.21 m
46.242 -2287.903 l
S
0.722 0.729 0.737 SC
46.709 -2360.21 m
46.709 -2287.903 l
S
0.725 0.733 0.741 SC
47.175 -2360.21 m
47.175 -2287.903 l
S
0.729 0.737 0.745 SC
47.642 -2360.21 m
47.642 -2287.903 l
S
0.733 0.741 0.749 SC
48.108 -2360.21 m
48.108 -2287.903 l
S
0.733 0.741 0.753 SC
48.575 -2360.21 m
48.575 -2287.903 l
49.041 -2360.21 m
49.041 -2287.903 l
S
0.737 0.745 0.753 SC
49.508 -2360.21 m
49.508 -2287.903 l
S
0.741 0.749 0.757 SC
49.974 -2360.21 m
49.974 -2287.903 l
S
0.745 0.753 0.761 SC
50.441 -2360.21 m
50.441 -2287.903 l
S
0.749 0.757 0.765 SC
50.907 -2360.21 m
50.907 -2287.903 l
S
0.753 0.761 0.769 SC
51.374 -2360.21 m
51.374 -2287.903 l
51.84 -2360.21 m
51.84 -2287.903 l
S
0.757 0.765 0.773 SC
52.307 -2360.21 m
52.307 -2287.903 l
S
0.761 0.769 0.776 SC
52.773 -2360.21 m
52.773 -2287.903 l
S
0.765 0.773 0.78 SC
53.24 -2360.21 m
53.24 -2287.903 l
S
0.769 0.776 0.784 SC
53.706 -2360.21 m
53.706 -2287.903 l
S
0.773 0.776 0.784 SC
54.173 -2360.21 m
54.173 -2287.903 l
S
0.776 0.78 0.788 SC
54.639 -2360.21 m
54.639 -2287.903 l
S
0.776 0.784 0.792 SC
55.106 -2360.21 m
55.106 -2287.903 l
S
0.78 0.788 0.796 SC
55.572 -2360.21 m
55.572 -2287.903 l
S
0.784 0.792 0.8 SC
56.039 -2360.21 m
56.039 -2287.903 l
S
0.788 0.796 0.8 SC
56.505 -2360.21 m
56.505 -2287.903 l
S
0.792 0.796 0.804 SC
56.972 -2360.21 m
56.972 -2287.903 l
S
0.796 0.8 0.808 SC
57.438 -2360.21 m
57.438 -2287.903 l
S
0.796 0.804 0.812 SC
57.905 -2360.21 m
57.905 -2287.903 l
S
0.8 0.808 0.816 SC
58.371 -2360.21 m
58.371 -2287.903 l
S
0.804 0.812 0.816 SC
58.838 -2360.21 m
58.838 -2287.903 l
S
0.808 0.812 0.82 SC
59.304 -2360.21 m
59.304 -2287.903 l
S
0.812 0.816 0.824 SC
59.771 -2360.21 m
59.771 -2287.903 l
S
0.816 0.82 0.827 SC
60.237 -2360.21 m
60.237 -2287.903 l
S
0.816 0.824 0.831 SC
60.704 -2360.21 m
60.704 -2287.903 l
S
0.82 0.827 0.831 SC
61.17 -2360.21 m
61.17 -2287.903 l
S
0.824 0.831 0.835 SC
61.637 -2360.21 m
61.637 -2287.903 l
S
0.827 0.831 0.839 SC
62.103 -2360.21 m
62.103 -2287.903 l
S
0.831 0.835 0.843 SC
62.57 -2360.21 m
62.57 -2287.903 l
S
0.835 0.839 0.843 SC
63.036 -2360.21 m
63.036 -2287.903 l
S
0.835 0.843 0.847 SC
63.503 -2360.21 m
63.503 -2287.903 l
S
0.839 0.847 0.851 SC
63.969 -2360.21 m
63.969 -2287.903 l
S
0.843 0.847 0.855 SC
64.436 -2360.21 m
64.436 -2287.903 l
S
0.847 0.851 0.859 SC
64.902 -2360.21 m
64.902 -2287.903 l
S
0.851 0.855 0.859 SC
65.369 -2360.21 m
65.369 -2287.903 l
S
0.855 0.859 0.863 SC
65.835 -2360.21 m
65.835 -2287.903 l
S
0.855 0.863 0.867 SC
66.302 -2360.21 m
66.302 -2287.903 l
S
0.859 0.863 0.871 SC
66.768 -2360.21 m
66.768 -2287.903 l
S
0.863 0.867 0.875 SC
67.235 -2360.21 m
67.235 -2287.903 l
S
0.867 0.871 0.875 SC
67.701 -2360.21 m
67.701 -2287.903 l
S
0.871 0.875 0.878 SC
68.168 -2360.21 m
68.168 -2287.903 l
S
0.875 0.878 0.882 SC
68.634 -2360.21 m
68.634 -2287.903 l
S
0.875 0.882 0.886 SC
69.101 -2360.21 m
69.101 -2287.903 l
S
0.878 0.882 0.89 SC
69.567 -2360.21 m
69.567 -2287.903 l
S
0.882 0.886 0.89 SC
70.034 -2360.21 m
70.034 -2287.903 l
S
0.886 0.89 0.894 SC
70.5 -2360.21 m
70.5 -2287.903 l
S
0.89 0.894 0.898 SC
70.967 -2360.21 m
70.967 -2287.903 l
S
0.894 0.898 0.902 SC
71.433 -2360.21 m
71.433 -2287.903 l
S
0.898 0.898 0.902 SC
71.9 -2360.21 m
71.9 -2287.903 l
S
0.898 0.902 0.906 SC
72.366 -2360.21 m
72.366 -2287.903 l
S
0.902 0.906 0.91 SC
72.833 -2360.21 m
72.833 -2287.903 l
S
0.906 0.91 0.914 SC
73.299 -2360.21 m
73.299 -2287.903 l
S
0.91 0.914 0.918 SC
73.766 -2360.21 m
73.766 -2287.903 l
S
0.914 0.918 0.922 SC
74.232 -2360.21 m
74.232 -2287.903 l
S
0.918 0.922 0.922 SC
74.699 -2360.21 m
74.699 -2287.903 l
S
0.922 0.922 0.925 SC
75.165 -2360.21 m
75.165 -2287.903 l
S
0.922 0.925 0.929 SC
75.632 -2360.21 m
75.632 -2287.903 l
S
0.925 0.929 0.933 SC
76.098 -2360.21 m
76.098 -2287.903 l
S
0.929 0.933 0.933 SC
76.565 -2360.21 m
76.565 -2287.903 l
S
0.933 0.937 0.937 SC
77.031 -2360.21 m
77.031 -2287.903 l
S
0.937 0.937 0.941 SC
77.498 -2360.21 m
77.498 -2287.903 l
S
0.941 0.941 0.945 SC
77.964 -2360.21 m
77.964 -2287.903 l
S
0.945 0.945 0.949 SC
78.431 -2360.21 m
78.431 -2287.903 l
S
0.945 0.949 0.949 SC
78.897 -2360.21 m
78.897 -2287.903 l
S
0.949 0.953 0.953 SC
79.364 -2360.21 m
79.364 -2287.903 l
S
0.953 0.957 0.957 SC
79.83 -2360.21 m
79.83 -2287.903 l
S
0.957 0.957 0.961 SC
80.297 -2360.21 m
80.297 -2287.903 l
S
0.961 0.961 0.965 SC
80.763 -2360.21 m
80.763 -2287.903 l
S
0.965 0.965 0.969 SC
81.23 -2360.21 m
81.23 -2287.903 l
S
0.969 0.969 0.969 SC
81.696 -2360.21 m
81.696 -2287.903 l
S
0.973 0.973 0.973 SC
82.163 -2360.21 m
82.163 -2287.903 l
S
0.976 0.976 0.976 SC
82.629 -2360.21 m
82.629 -2287.903 l
S
0.98 0.98 0.984 SC
83.096 -2360.21 m
83.096 -2287.903 l
S
0.988 0.988 0.988 SC
83.562 -2360.21 m
83.562 -2287.903 l
S
0.992 0.992 0.992 SC
84.029 -2360.21 m
84.029 -2287.903 l
S
1 1 1 SC
84.495 -2360.21 m
84.495 -2287.903 l
S
Q
Q
q
1 i 
-9 851 613 -860 re
0 841 m
W n
0.03 841.02 595.02 -841.02 re
W n
/Cs5 cs 0.161 0.145 0.149 sc
/GS1 gs
0.03 841.02 35.4 -6.11 re
f
/Cs5 CS 0.161 0.145 0.149 SC
0 J 0 j 0.3 w 10 M []0 d
28.347 841.076 m
28.347 805.006 l
S
286.3 22.8 22.68 -22.8 re
f
BT
/F1 1 Tf
10 0 0 10 289.2992 7.7671 Tm
1 1 1 sc
-0.0002 Tc
0 Tw
(692)Tj
/F3 1 Tf
7 0 0 7 35.4331 17.5374 Tm
0.161 0.145 0.149 sc
-0.0001 Tc
-0.0306 Tw
[(Swissmedic Jour)-17.9(nal)-1111.9(9/2002)]TJ
/F2 1 Tf
10 0 0 10 85.0394 763.6339 Tm
-0.0337 Tw
[(01)-1044.2(W)17.7(e)0.2(rfaser ad us.vet., Injektionspräparat)]TJ
/F5 1 Tf
0 -1.4174 TD
-0.0306 Tw
(Sanochemia AG, Baarerstrasse 96, 6302 Zug)Tj
ET
0.4 w 
85.04 741.51 m
552.76 741.51 l
85.04 723.82 m
552.76 723.82 l
S
BT
10 0 0 10 85.0394 729.1213 Tm
-0.0002 Tc
0 Tw
[(Zul.-Nr)91.6(.: )]TJ
/F2 1 Tf
3.8771 0 TD
(49871)Tj
/F5 1 Tf
8.8788 0 TD
0 Tc
(V)Tj
0.6301 0 TD
-0.0001 Tc
(erkaufsart: )Tj
/F2 1 Tf
5.3041 0 TD
0 Tc
(B)Tj
/F5 1 Tf
23.0785 0 TD
-0.0001 Tc
(18.09.2002)Tj
-41.7687 -2.2428 TD
-0.0306 Tw
[(* Zusammensetzung:)-117.9(01)]TJ
8.3 0 0 8.3 198.4252 706.6931 Tm
-0.0821 Tw
[(PRAEP)36.7(ARA)73.7(TIO CR)17.7(YODESICCA)73.7(T)54.8(A: GONADOTROPINUM SERICUM EQUINUM 1’000)-278(U.I., MANNI-)]TJ
0 -1.3661 TD
0.122 Tw
[(TOLUM, DINA)73.7(TRII PHOSPHAS DODECAHYDRICUS, NA)73.7(TRII DIHYDROGENOPHOSPHAS DIHY-)]TJ
T*
-0.0306 Tw
[(DRICUS, EXCIPIENS pro VITRO,  SOL)73.7(VENS pro VITRO 4)-278.1(mL, NA)73.7(TRII CHLORIDUM, AQUA.)]TJ
10 0 0 10 85.0394 669.8415 Tm
[(Anwendung:)-5285.2(Oestrusinduktion bei Rindern)]TJ
0 -1.4174 TD
[(Packung:)-5699.4(01)-305.6(mit je 4mL Lösungsmittel pro Ampulle)]TJ
11.3386 -1.4174 TD
-0.0002 Tc
[(023)-6147.4(1)-0.1( x 5)-567.1(T)73.9(rockenampulle\(n\))-4903.9(B)]TJ
-11.3386 -1.4174 TD
-0.0001 Tc
-0.0575 Tw
[(Bemerkungen:)-4505.2(Ersetzt die Registrierungsurkunde vom 19.11.1998 Änderung der Zusammen-)]TJ
11.3386 -1.1339 TD
0 Tw
(setzung)Tj
-11.3386 -1.4174 TD
-0.0306 Tw
[(Gültig bis:)-6647.8(31. Dezember 2003)]TJ
ET
85.04 593.39 m
552.76 593.39 l
S
BT
/F2 1 Tf
10 0 0 10 85.0394 557.3986 Tm
-0.0336 Tw
[(01)-1044.2(ufamed Colistin 250 ad us.vet., Medizinalkonzentrat)]TJ
0 -1.2835 TD
[(02)-1044.2(ufamed Colistin 500 ad us.vet., Medizinalkonzentrat)]TJ
/F5 1 Tf
0 -1.4174 TD
-0.0306 Tw
[(ufamed AG, Kornfeldstr)91.7(. 2, 6210 Sursee)]TJ
ET
85.04 522.44 m
552.76 522.44 l
85.04 504.75 m
552.76 504.75 l
S
BT
10 0 0 10 85.0394 510.0513 Tm
-0.0002 Tc
0 Tw
[(Zul.-Nr)91.6(.: )]TJ
/F2 1 Tf
3.8771 0 TD
(45547)Tj
/F5 1 Tf
8.8788 0 TD
0 Tc
(V)Tj
0.6301 0 TD
-0.0001 Tc
(erkaufsart: )Tj
/F2 1 Tf
5.3041 0 TD
0 Tc
(A)Tj
/F5 1 Tf
23.0785 0 TD
-0.0001 Tc
(06.09.2002)Tj
-41.7687 -2.2428 TD
[(Zusammensetzung:)-921.1(01)]TJ
8.3 0 0 8.3 198.4252 487.6231 Tm
-0.0306 Tw
[(COLISTINUM 250 MIO U.I. ut COLISTINI SULF)36.7(AS, EXCIPIENS ad PUL)73.7(VEREM pro 1 kg. )]TJ
10 0 0 10 184.252 473.4496 Tm
-0.0002 Tc
0 Tw
(02)Tj
8.3 0 0 8.3 198.4252 473.4496 Tm
-0.0001 Tc
-0.0306 Tw
[(COLISTINUM 500 MIO U.I. ut COLISTINI SULF)36.7(AS, EXCIPIENS ad PUL)73.7(VEREM pro 1 kg. )]TJ
10 0 0 10 85.0394 459.2759 Tm
[(Anwendung:)-3867.9(01)-305.6(Colibazillose, Salmonellose, Colienterotoxämie bei Kälbern und Schweinen)]TJ
9.9213 -1.4174 TD
[(02)-305.6(Colibazillose, Salmonellose, Colienterotoxämie bei Schweinen)]TJ
-9.9213 -1.4174 TD
0 Tw
[(Packungen:)-4532.7(01)-305.6(Dose)]TJ
11.3386 -1.4174 TD
-0.0002 Tc
[(019)-7697.8(1)-567(kg)-12439.8(A)]TJ
-1.4173 -1.4174 TD
-0.0001 Tc
[(01)-305.6(Sack)]TJ
1.4173 -1.4174 TD
-0.0002 Tc
[(027)-7141.9(2)0(5)-567.1(k)0.1(g)-12439.8(A)]TJ
T*
[(035)-7697.8(5)-567(kg)-12439.8(A)]TJ
-1.4173 -1.4174 TD
-0.0001 Tc
[(02)-305.6(Dose)]TJ
1.4173 -1.4174 TD
-0.0002 Tc
[(043)-7697.8(1)-567(kg)-12439.8(A)]TJ
-1.4173 -1.4174 TD
-0.0001 Tc
[(02)-305.6(Sack)]TJ
1.4173 -1.4174 TD
-0.0002 Tc
[(051)-7697.8(5)-567(kg)-12439.8(A)]TJ
T*
[(078)-7141.9(2)0(5)-14173.5(A)]TJ
-11.3386 -1.4174 TD
-0.0001 Tc
-0.0306 Tw
[(* Bemerkung:)-4868.8(Ersetzt die Registrierungsurkunde vom 29.07.2002)]TJ
T*
[(Gültig bis:)-6647.8(29. Juli 2007)]TJ
ET
85.04 266.6 m
552.76 266.6 l
S
Q

q
1 i 
-9 851 613 -860 re
0 841 m
W n
0.03 841.02 595.02 -841.02 re
W n
BT
/F4 1 Tf
12.5 0 0 12.5 285.8058 811.7825 Tm
/Cs5 cs 0.161 0.145 0.149 sc
/GS1 gs
-0.0001 Tc
-0.0286 Tw
[(Arzneimittel Statistik)-130(/)-129.9(M)0.1(édicaments miscellanées)]TJ
ET
/Cs5 CS 0.161 0.145 0.149 SC
0 J 0 j 0.3 w 10 M []0 d
42.8 805.15 m
567.2 805.15 l
S
Q
q
1 i 
361.69 850.5 198.43 -24.09 re
560.097 811.782 m
W* n
-9 851 613 -860 re
0 841 m
W n
0.03 841.02 595.02 -841.02 re
W n
q
2.7718 0 0 -0.3608 0 0 cm
/Cs5 CS 1 1 1 SC
0 J 0 j 0.5 w 10 M []0 d
/GS1 gs
130.36 -2360.21 m
130.36 -2287.903 l
S
0.992 0.992 0.992 SC
130.827 -2360.21 m
130.827 -2287.903 l
S
0.988 0.988 0.988 SC
131.293 -2360.21 m
131.293 -2287.903 l
S
0.98 0.98 0.984 SC
131.76 -2360.21 m
131.76 -2287.903 l
S
0.976 0.976 0.976 SC
132.226 -2360.21 m
132.226 -2287.903 l
S
0.973 0.973 0.973 SC
132.693 -2360.21 m
132.693 -2287.903 l
S
0.969 0.969 0.969 SC
133.159 -2360.21 m
133.159 -2287.903 l
S
0.965 0.965 0.969 SC
133.626 -2360.21 m
133.626 -2287.903 l
S
0.961 0.961 0.965 SC
134.092 -2360.21 m
134.092 -2287.903 l
S
0.957 0.957 0.961 SC
134.559 -2360.21 m
134.559 -2287.903 l
S
0.953 0.957 0.957 SC
135.025 -2360.21 m
135.025 -2287.903 l
S
0.949 0.953 0.953 SC
135.492 -2360.21 m
135.492 -2287.903 l
S
0.945 0.949 0.949 SC
135.958 -2360.21 m
135.958 -2287.903 l
S
0.945 0.945 0.949 SC
136.425 -2360.21 m
136.425 -2287.903 l
S
0.941 0.941 0.945 SC
136.891 -2360.21 m
136.891 -2287.903 l
S
0.937 0.937 0.941 SC
137.358 -2360.21 m
137.358 -2287.903 l
S
0.933 0.937 0.937 SC
137.824 -2360.21 m
137.824 -2287.903 l
S
0.929 0.933 0.933 SC
138.291 -2360.21 m
138.291 -2287.903 l
S
0.925 0.929 0.933 SC
138.757 -2360.21 m
138.757 -2287.903 l
S
0.922 0.925 0.929 SC
139.224 -2360.21 m
139.224 -2287.903 l
S
0.922 0.922 0.925 SC
139.69 -2360.21 m
139.69 -2287.903 l
S
0.918 0.922 0.922 SC
140.157 -2360.21 m
140.157 -2287.903 l
S
0.914 0.918 0.922 SC
140.623 -2360.21 m
140.623 -2287.903 l
S
0.91 0.914 0.918 SC
141.09 -2360.21 m
141.09 -2287.903 l
S
0.906 0.91 0.914 SC
141.556 -2360.21 m
141.556 -2287.903 l
S
0.902 0.906 0.91 SC
142.023 -2360.21 m
142.023 -2287.903 l
S
0.898 0.902 0.906 SC
142.489 -2360.21 m
142.489 -2287.903 l
S
0.898 0.898 0.902 SC
142.956 -2360.21 m
142.956 -2287.903 l
S
0.894 0.898 0.902 SC
143.422 -2360.21 m
143.422 -2287.903 l
S
0.89 0.894 0.898 SC
143.889 -2360.21 m
143.889 -2287.903 l
S
0.886 0.89 0.894 SC
144.355 -2360.21 m
144.355 -2287.903 l
S
0.882 0.886 0.89 SC
144.822 -2360.21 m
144.822 -2287.903 l
S
0.878 0.882 0.89 SC
145.288 -2360.21 m
145.288 -2287.903 l
S
0.875 0.882 0.886 SC
145.755 -2360.21 m
145.755 -2287.903 l
S
0.875 0.878 0.882 SC
146.221 -2360.21 m
146.221 -2287.903 l
S
0.871 0.875 0.878 SC
146.688 -2360.21 m
146.688 -2287.903 l
S
0.867 0.871 0.875 SC
147.154 -2360.21 m
147.154 -2287.903 l
S
0.863 0.867 0.875 SC
147.621 -2360.21 m
147.621 -2287.903 l
S
0.859 0.863 0.871 SC
148.087 -2360.21 m
148.087 -2287.903 l
S
0.855 0.863 0.867 SC
148.554 -2360.21 m
148.554 -2287.903 l
S
0.855 0.859 0.863 SC
149.02 -2360.21 m
149.02 -2287.903 l
S
0.851 0.855 0.859 SC
149.487 -2360.21 m
149.487 -2287.903 l
S
0.847 0.851 0.859 SC
149.953 -2360.21 m
149.953 -2287.903 l
S
0.843 0.847 0.855 SC
150.42 -2360.21 m
150.42 -2287.903 l
S
0.839 0.847 0.851 SC
150.886 -2360.21 m
150.886 -2287.903 l
S
0.835 0.843 0.847 SC
151.353 -2360.21 m
151.353 -2287.903 l
S
0.835 0.839 0.843 SC
151.819 -2360.21 m
151.819 -2287.903 l
S
0.831 0.835 0.843 SC
152.286 -2360.21 m
152.286 -2287.903 l
S
0.827 0.831 0.839 SC
152.752 -2360.21 m
152.752 -2287.903 l
S
0.824 0.831 0.835 SC
153.219 -2360.21 m
153.219 -2287.903 l
S
0.82 0.827 0.831 SC
153.685 -2360.21 m
153.685 -2287.903 l
S
0.816 0.824 0.831 SC
154.152 -2360.21 m
154.152 -2287.903 l
S
0.816 0.82 0.827 SC
154.618 -2360.21 m
154.618 -2287.903 l
S
0.812 0.816 0.824 SC
155.085 -2360.21 m
155.085 -2287.903 l
S
0.808 0.812 0.82 SC
155.551 -2360.21 m
155.551 -2287.903 l
S
0.804 0.812 0.816 SC
156.018 -2360.21 m
156.018 -2287.903 l
S
0.8 0.808 0.816 SC
156.484 -2360.21 m
156.484 -2287.903 l
S
0.796 0.804 0.812 SC
156.951 -2360.21 m
156.951 -2287.903 l
S
0.796 0.8 0.808 SC
157.417 -2360.21 m
157.417 -2287.903 l
S
0.792 0.796 0.804 SC
157.884 -2360.21 m
157.884 -2287.903 l
S
0.788 0.796 0.8 SC
158.35 -2360.21 m
158.35 -2287.903 l
S
0.784 0.792 0.8 SC
158.817 -2360.21 m
158.817 -2287.903 l
S
0.78 0.788 0.796 SC
159.283 -2360.21 m
159.283 -2287.903 l
S
0.776 0.784 0.792 SC
159.75 -2360.21 m
159.75 -2287.903 l
S
0.776 0.78 0.788 SC
160.216 -2360.21 m
160.216 -2287.903 l
S
0.773 0.776 0.784 SC
160.683 -2360.21 m
160.683 -2287.903 l
S
0.769 0.776 0.784 SC
161.149 -2360.21 m
161.149 -2287.903 l
S
0.765 0.773 0.78 SC
161.616 -2360.21 m
161.616 -2287.903 l
S
0.761 0.769 0.776 SC
162.082 -2360.21 m
162.082 -2287.903 l
S
0.757 0.765 0.773 SC
162.549 -2360.21 m
162.549 -2287.903 l
S
0.753 0.761 0.769 SC
163.015 -2360.21 m
163.015 -2287.903 l
163.482 -2360.21 m
163.482 -2287.903 l
S
0.749 0.757 0.765 SC
163.948 -2360.21 m
163.948 -2287.903 l
S
0.745 0.753 0.761 SC
164.415 -2360.21 m
164.415 -2287.903 l
S
0.741 0.749 0.757 SC
164.881 -2360.21 m
164.881 -2287.903 l
S
0.737 0.745 0.753 SC
165.348 -2360.21 m
165.348 -2287.903 l
S
0.733 0.741 0.753 SC
165.814 -2360.21 m
165.814 -2287.903 l
S
0.733 0.741 0.749 SC
166.281 -2360.21 m
166.281 -2287.903 l
166.747 -2360.21 m
166.747 -2287.903 l
S
0.729 0.737 0.745 SC
167.214 -2360.21 m
167.214 -2287.903 l
S
0.725 0.733 0.741 SC
167.68 -2360.21 m
167.68 -2287.903 l
S
0.722 0.729 0.737 SC
168.147 -2360.21 m
168.147 -2287.903 l
S
0.718 0.725 0.737 SC
168.613 -2360.21 m
168.613 -2287.903 l
S
0.714 0.722 0.733 SC
169.08 -2360.21 m
169.08 -2287.903 l
S
0.714 0.722 0.729 SC
169.546 -2360.21 m
169.546 -2287.903 l
S
0.71 0.718 0.725 SC
170.013 -2360.21 m
170.013 -2287.903 l
S
0.706 0.714 0.722 SC
170.479 -2360.21 m
170.479 -2287.903 l
S
0.702 0.71 0.722 SC
170.946 -2360.21 m
170.946 -2287.903 l
S
0.698 0.706 0.718 SC
171.412 -2360.21 m
171.412 -2287.903 l
S
0.698 0.706 0.714 SC
171.879 -2360.21 m
171.879 -2287.903 l
S
0.694 0.702 0.71 SC
172.345 -2360.21 m
172.345 -2287.903 l
S
0.69 0.698 0.706 SC
172.812 -2360.21 m
172.812 -2287.903 l
S
0.686 0.694 0.706 SC
173.278 -2360.21 m
173.278 -2287.903 l
S
0.682 0.69 0.702 SC
173.745 -2360.21 m
173.745 -2287.903 l
S
0.682 0.69 0.698 SC
174.211 -2360.21 m
174.211 -2287.903 l
S
0.678 0.686 0.694 SC
174.678 -2360.21 m
174.678 -2287.903 l
S
0.675 0.682 0.69 SC
175.144 -2360.21 m
175.144 -2287.903 l
S
0.671 0.678 0.69 SC
175.611 -2360.21 m
175.611 -2287.903 l
S
0.667 0.675 0.686 SC
176.077 -2360.21 m
176.077 -2287.903 l
S
0.663 0.675 0.682 SC
176.544 -2360.21 m
176.544 -2287.903 l
S
0.663 0.671 0.678 SC
177.01 -2360.21 m
177.01 -2287.903 l
S
0.659 0.667 0.678 SC
177.477 -2360.21 m
177.477 -2287.903 l
S
0.655 0.663 0.675 SC
177.943 -2360.21 m
177.943 -2287.903 l
S
0.651 0.659 0.671 SC
178.41 -2360.21 m
178.41 -2287.903 l
S
0.651 0.659 0.667 SC
178.876 -2360.21 m
178.876 -2287.903 l
S
0.647 0.655 0.663 SC
179.343 -2360.21 m
179.343 -2287.903 l
S
0.643 0.651 0.663 SC
179.809 -2360.21 m
179.809 -2287.903 l
S
0.639 0.647 0.659 SC
180.276 -2360.21 m
180.276 -2287.903 l
S
0.635 0.643 0.655 SC
180.742 -2360.21 m
180.742 -2287.903 l
S
0.635 0.643 0.651 SC
181.209 -2360.21 m
181.209 -2287.903 l
S
0.631 0.639 0.647 SC
181.675 -2360.21 m
181.675 -2287.903 l
S
0.627 0.635 0.647 SC
182.142 -2360.21 m
182.142 -2287.903 l
S
0.624 0.631 0.643 SC
182.608 -2360.21 m
182.608 -2287.903 l
S
0.62 0.631 0.639 SC
183.075 -2360.21 m
183.075 -2287.903 l
S
0.62 0.627 0.635 SC
183.541 -2360.21 m
183.541 -2287.903 l
S
0.616 0.624 0.635 SC
184.008 -2360.21 m
184.008 -2287.903 l
S
0.612 0.62 0.631 SC
184.474 -2360.21 m
184.474 -2287.903 l
S
0.608 0.616 0.627 SC
184.941 -2360.21 m
184.941 -2287.903 l
S
0.608 0.616 0.624 SC
185.407 -2360.21 m
185.407 -2287.903 l
S
0.604 0.612 0.624 SC
185.874 -2360.21 m
185.874 -2287.903 l
S
0.6 0.608 0.62 SC
186.34 -2360.21 m
186.34 -2287.903 l
S
0.596 0.604 0.616 SC
186.806 -2360.21 m
186.806 -2287.903 l
S
0.596 0.604 0.612 SC
187.273 -2360.21 m
187.273 -2287.903 l
S
0.592 0.6 0.608 SC
187.739 -2360.21 m
187.739 -2287.903 l
S
0.588 0.596 0.608 SC
188.206 -2360.21 m
188.206 -2287.903 l
S
0.584 0.592 0.604 SC
188.672 -2360.21 m
188.672 -2287.903 l
S
0.584 0.592 0.6 SC
189.139 -2360.21 m
189.139 -2287.903 l
S
0.58 0.588 0.596 SC
189.605 -2360.21 m
189.605 -2287.903 l
S
0.576 0.584 0.596 SC
190.072 -2360.21 m
190.072 -2287.903 l
S
0.573 0.58 0.592 SC
190.538 -2360.21 m
190.538 -2287.903 l
S
0.573 0.58 0.588 SC
191.005 -2360.21 m
191.005 -2287.903 l
S
0.569 0.576 0.588 SC
191.471 -2360.21 m
191.471 -2287.903 l
S
0.565 0.573 0.584 SC
191.938 -2360.21 m
191.938 -2287.903 l
S
0.561 0.569 0.58 SC
192.404 -2360.21 m
192.404 -2287.903 l
S
0.561 0.569 0.576 SC
192.871 -2360.21 m
192.871 -2287.903 l
S
0.557 0.565 0.576 SC
193.337 -2360.21 m
193.337 -2287.903 l
S
0.553 0.561 0.573 SC
193.804 -2360.21 m
193.804 -2287.903 l
S
0.549 0.557 0.569 SC
194.27 -2360.21 m
194.27 -2287.903 l
S
0.549 0.557 0.565 SC
194.737 -2360.21 m
194.737 -2287.903 l
S
0.545 0.553 0.565 SC
195.203 -2360.21 m
195.203 -2287.903 l
S
0.541 0.549 0.561 SC
195.67 -2360.21 m
195.67 -2287.903 l
S
0.537 0.545 0.557 SC
196.136 -2360.21 m
196.136 -2287.903 l
S
0.537 0.545 0.553 SC
196.603 -2360.21 m
196.603 -2287.903 l
S
0.533 0.541 0.553 SC
197.069 -2360.21 m
197.069 -2287.903 l
S
0.529 0.537 0.549 SC
197.536 -2360.21 m
197.536 -2287.903 l
S
0.529 0.533 0.545 SC
198.002 -2360.21 m
198.002 -2287.903 l
S
0.525 0.533 0.541 SC
198.469 -2360.21 m
198.469 -2287.903 l
S
0.522 0.529 0.541 SC
198.935 -2360.21 m
198.935 -2287.903 l
S
0.518 0.525 0.537 SC
199.402 -2360.21 m
199.402 -2287.903 l
S
0.518 0.525 0.533 SC
199.868 -2360.21 m
199.868 -2287.903 l
S
0.514 0.522 0.529 SC
200.335 -2360.21 m
200.335 -2287.903 l
S
0.51 0.518 0.529 SC
200.801 -2360.21 m
200.801 -2287.903 l
S
0.51 0.514 0.525 SC
201.268 -2360.21 m
201.268 -2287.903 l
S
0.506 0.514 0.522 SC
201.734 -2360.21 m
201.734 -2287.903 l
S
0.502 0.51 0.518 SC
202.201 -2360.21 m
202.201 -2287.903 l
S
Q
Q
q
1 i 
-9 851 613 -860 re
0 841 m
W n
0.03 841.02 595.02 -841.02 re
W n
/Cs5 cs 0.161 0.145 0.149 sc
/GS1 gs
560.12 841.02 34.93 -6.11 re
f
/Cs5 CS 0.161 0.145 0.149 SC
0 J 0 j 0.3 w 10 M []0 d
567.202 840.678 m
567.202 804.948 l
S
286.57 22.8 22.68 -22.8 re
f
BT
/F1 1 Tf
10 0 0 10 289.5747 7.7671 Tm
1 1 1 sc
-0.0002 Tc
0 Tw
(693)Tj
/F3 1 Tf
7 0 0 7 473.8676 17.5374 Tm
0.161 0.145 0.149 sc
-0.0001 Tc
-0.0306 Tw
[(Swissmedic Jour)-17.9(nal)-1111.9(9/2002)]TJ
/F2 1 Tf
10 0 0 10 42.7953 740.9567 Tm
-0.0337 Tw
[(01)-1044.2(Bepanthen, Nasenspray)]TJ
/F5 1 Tf
0 -1.4174 TD
-0.0306 Tw
(Roche Pharma \(Schweiz\) AG, Schönmattstrasse 2, 4153 Reinach)Tj
ET
0.4 w 
42.8 718.83 m
510.51 718.83 l
42.8 701.14 m
510.51 701.14 l
S
BT
10 0 0 10 42.7953 706.4441 Tm
-0.0002 Tc
0 Tw
[(Zul.-Nr)91.6(.: )]TJ
/F2 1 Tf
3.8772 0 TD
(50420)Tj
/F5 1 Tf
8.8787 0 TD
0 Tc
(V)Tj
0.6301 0 TD
-0.0001 Tc
(erkaufsart: )Tj
/F2 1 Tf
5.3042 0 TD
0 Tc
(D)Tj
/F5 1 Tf
6.8216 0 TD
-0.0001 Tc
-0.0306 Tw
[(Index: 12.02.4.)-9563.5(27.09.2002)]TJ
-25.5118 -2.2428 TD
0 Tw
[(Zusammensetzung:)-921.1(01)]TJ
8.3 0 0 8.3 156.1811 684.016 Tm
0.0561 Tw
[(DEXP)36.7(ANTHENOLUM 50)-278.1(mg, CONSER)17.7(V)91.5(.: BENZALKONII CHLORIDUM, EXCIPIENS ad SOLUTIO-)]TJ
0 -1.3661 TD
-0.0306 Tw
[(NEM pro 1)-278.1(mL. )]TJ
10 0 0 10 42.7953 658.5033 Tm
[(Anwendung:)-5285.2(Behandlung trockener und entzündeter Nasenschleimhaut)]TJ
0 -1.4174 TD
[(* Packung:)-6313.6(––)]TJ
T*
[(Bemerkungen:)-4505.2(Nur für den Export bestimmt)]TJ
11.3386 -1.4174 TD
(Ersetzt die Registrierungsurkunde vom 30.11.1999)Tj
-11.3386 -1.4174 TD
[(Gültig bis:)-6647.8(31. Dezember 2002)]TJ
ET
42.8 593.39 m
510.51 593.39 l
S
BT
/F2 1 Tf
10 0 0 10 42.7953 557.3994 Tm
-0.0336 Tw
[(01)-1044.2(Dextr)17.7(ogel Oral, gel oral)]TJ
/F5 1 Tf
T*
-0.0306 Tw
[(* Sanofi-Synthélabo \(Suisse\) SA, 11, rue de V)36.7(eyrot, 1217 Meyrin)]TJ
ET
42.8 535.28 m
510.51 535.28 l
42.8 517.58 m
510.51 517.58 l
S
BT
10 0 0 10 42.7953 522.8868 Tm
-0.0002 Tc
0 Tw
[(N°)-247.4(AMM: )]TJ
/F2 1 Tf
4.5038 0 TD
(53990)Tj
/F5 1 Tf
8.2521 0 TD
-0.0001 Tc
-0.0306 Tw
(Mode de vente: )Tj
/F2 1 Tf
7.5194 0 TD
0 Tc
0 Tw
(C)Tj
/F5 1 Tf
5.2365 0 TD
-0.0001 Tc
-0.0306 Tw
[(Index: 03.01.1.)-9563.5(01.09.2002)]TJ
-25.5118 -2.2428 TD
-0.0002 Tc
0 Tw
[(Composition:)-3756.2(01)]TJ
8.3 0 0 8.3 156.1811 500.4586 Tm
-0.0001 Tc
0.6042 Tw
[(DEXTROMETHORPHANI HYDROBROMIDUM 15)-278.1(mg corresp. DEXTROMETHORPHANUM)]TJ
0 -1.3661 TD
-0.0599 Tw
[(11.6)-278.1(mg, SACCHARINUM, AROMA)73.7(TICA, V)36.7(ANILLINUM, COLOR.: E)-278.1(150, CONSER)17.7(V)91.5(.: E)-278.1(202, E)-278.1(2)0.1(18,)]TJ
T*
-0.0306 Tw
[(EXCIPIENS ad GELA)73.7(TUM pro 2)-278.1(mL. )]TJ
10 0 0 10 42.7953 463.607 Tm
[(Indication:)-6395.3(T)74(oux, en particulier toux irritative sèche)]TJ
0 -1.4174 TD
0 Tw
[(Conditionnement:)-2839.9(–)-0.1(–)]TJ
T*
-0.0306 Tw
[(* Remarques:)-5090.7(autorisé uniquement pour l’exportation)]TJ
11.3386 -1.4174 TD
-0.0101 Tw
(Cette attestation d’enregistrement annule celle du 08.03.2002 \(Changement)Tj
0 -1.1339 TD
-0.0002 Tc
-0.0305 Tw
(de titulaire de l’AMM\))Tj
-11.3386 -1.4174 TD
-0.0488 Tc
0 Tw
(Va)Tj
1.174 0 TD
-0.0001 Tc
-0.0306 Tw
[(lable jusqu’au:)-3417.3(31 décembre 2006)]TJ
ET
42.8 387.16 m
510.51 387.16 l
S
BT
/F2 1 Tf
10 0 0 10 42.7953 351.1641 Tm
-0.0336 Tw
[(02)-1044.2(Gastr)17.7(ogel, Suspension)]TJ
/F5 1 Tf
0 -1.4174 TD
-0.0306 Tw
[(* Sanofi-Synthélabo \(Suisse\) SA, 11, rue de V)36.7(eyrot, 1217 Meyrin)]TJ
ET
42.8 329.04 m
510.51 329.04 l
42.8 311.35 m
510.51 311.35 l
S
BT
10 0 0 10 42.7953 316.6514 Tm
-0.0002 Tc
0 Tw
[(N°)-247.4(AMM: )]TJ
/F2 1 Tf
4.5038 0 TD
(51355)Tj
/F5 1 Tf
8.2521 0 TD
-0.0001 Tc
-0.0306 Tw
(Mode de vente: )Tj
/F2 1 Tf
7.5194 0 TD
0 Tc
0 Tw
(B)Tj
/F5 1 Tf
5.2365 0 TD
-0.0001 Tc
-0.0306 Tw
[(Index: 04.01.0.)-9563.5(01.09.2002)]TJ
-25.5118 -2.2428 TD
-0.0002 Tc
0 Tw
[(Composition:)-3756.2(02)]TJ
8.3 0 0 8.3 156.1811 294.2233 Tm
-0.0001 Tc
-0.107 Tw
[(SUCRALF)36.7(A)73.8(T)0(UM 1)-278.1(g, ASP)36.7(AR)17.7(T)54.8(AMUM, AROMA)73.7(TICA, CONSER)17.7(V)91.5(.: E)-278.1(211, E)-278.1(217, E)-278.1(219, EXCIPIENS ad)]TJ
0 -1.3661 TD
-0.0306 Tw
[(SUSPENSIONEM pro 5)-278.1(mL. )]TJ
10 0 0 10 42.7953 268.7107 Tm
[(Indication:)-6395.3(T)74(raitement de l’ulcère duodénal)]TJ
0 -1.4174 TD
0 Tw
[(Conditionnement:)-2839.9(–)-0.1(–)]TJ
T*
-0.0306 Tw
[(* Remarques:)-5090.7(autorisé uniquement pour l’exportation)]TJ
11.3386 -1.4174 TD
-0.0101 Tw
(Cette attestation d’enregistrement annule celle du 19.01.2001 \(Changement)Tj
0 -1.1339 TD
-0.0002 Tc
-0.0305 Tw
(de titulaire de l’AMM\))Tj
-11.3386 -1.4174 TD
-0.0488 Tc
0 Tw
(Va)Tj
1.174 0 TD
-0.0001 Tc
-0.0306 Tw
[(lable jusqu’au:)-3417.3(31 décembre 2005)]TJ
ET
42.8 192.26 m
510.51 192.26 l
S
BT
/F1 1 Tf
10 0 0 10 42.7953 763.6339 Tm
-0.0002 Tc
0 Tw
[(Exporte)-111.3(/)-111.3(E)-0.1(x)-55.7(ports)]TJ
ET
Q

q
1 i 
-9 851 613 -860 re
0 841 m
W n
0.03 841.02 595.02 -841.02 re
W n
BT
/F4 1 Tf
12.5 0 0 12.5 34.4488 811.7822 Tm
/Cs5 cs 0.161 0.145 0.149 sc
/GS1 gs
-0.0001 Tc
-0.0286 Tw
[(Arzneimittel Statistik)-130(/)-129.9(M)0.1(édicaments miscellanées)]TJ
ET
/Cs5 CS 0.161 0.145 0.149 SC
0 J 0 j 0.3 w 10 M []0 d
28.35 805.15 m
552.76 805.15 l
S
Q
q
1 i 
35.43 850.5 198.43 -24.09 re
308.74 811.782 m
W* n
-9 851 613 -860 re
0 841 m
W n
0.03 841.02 595.02 -841.02 re
W n
q
2.7718 0 0 -0.3608 0 0 cm
/Cs5 CS 0.502 0.51 0.518 SC
0 J 0 j 0.5 w 10 M []0 d
/GS1 gs
12.655 -2360.21 m
12.655 -2287.903 l
S
0.506 0.514 0.522 SC
13.121 -2360.21 m
13.121 -2287.903 l
S
0.51 0.514 0.525 SC
13.588 -2360.21 m
13.588 -2287.903 l
S
0.51 0.518 0.529 SC
14.054 -2360.21 m
14.054 -2287.903 l
S
0.514 0.522 0.529 SC
14.521 -2360.21 m
14.521 -2287.903 l
S
0.518 0.525 0.533 SC
14.987 -2360.21 m
14.987 -2287.903 l
S
0.518 0.525 0.537 SC
15.454 -2360.21 m
15.454 -2287.903 l
S
0.522 0.529 0.541 SC
15.92 -2360.21 m
15.92 -2287.903 l
S
0.525 0.533 0.541 SC
16.387 -2360.21 m
16.387 -2287.903 l
S
0.529 0.533 0.545 SC
16.853 -2360.21 m
16.853 -2287.903 l
S
0.529 0.537 0.549 SC
17.32 -2360.21 m
17.32 -2287.903 l
S
0.533 0.541 0.553 SC
17.786 -2360.21 m
17.786 -2287.903 l
S
0.537 0.545 0.553 SC
18.253 -2360.21 m
18.253 -2287.903 l
S
0.537 0.545 0.557 SC
18.719 -2360.21 m
18.719 -2287.903 l
S
0.541 0.549 0.561 SC
19.186 -2360.21 m
19.186 -2287.903 l
S
0.545 0.553 0.565 SC
19.652 -2360.21 m
19.652 -2287.903 l
S
0.549 0.557 0.565 SC
20.119 -2360.21 m
20.119 -2287.903 l
S
0.549 0.557 0.569 SC
20.585 -2360.21 m
20.585 -2287.903 l
S
0.553 0.561 0.573 SC
21.052 -2360.21 m
21.052 -2287.903 l
S
0.557 0.565 0.576 SC
21.518 -2360.21 m
21.518 -2287.903 l
S
0.561 0.569 0.576 SC
21.985 -2360.21 m
21.985 -2287.903 l
S
0.561 0.569 0.58 SC
22.451 -2360.21 m
22.451 -2287.903 l
S
0.565 0.573 0.584 SC
22.918 -2360.21 m
22.918 -2287.903 l
S
0.569 0.576 0.588 SC
23.384 -2360.21 m
23.384 -2287.903 l
S
0.573 0.58 0.588 SC
23.851 -2360.21 m
23.851 -2287.903 l
S
0.573 0.58 0.592 SC
24.317 -2360.21 m
24.317 -2287.903 l
S
0.576 0.584 0.596 SC
24.784 -2360.21 m
24.784 -2287.903 l
S
0.58 0.588 0.596 SC
25.25 -2360.21 m
25.25 -2287.903 l
S
0.584 0.592 0.6 SC
25.717 -2360.21 m
25.717 -2287.903 l
S
0.584 0.592 0.604 SC
26.183 -2360.21 m
26.183 -2287.903 l
S
0.588 0.596 0.608 SC
26.65 -2360.21 m
26.65 -2287.903 l
S
0.592 0.6 0.608 SC
27.116 -2360.21 m
27.116 -2287.903 l
S
0.596 0.604 0.612 SC
27.583 -2360.21 m
27.583 -2287.903 l
S
0.596 0.604 0.616 SC
28.049 -2360.21 m
28.049 -2287.903 l
S
0.6 0.608 0.62 SC
28.516 -2360.21 m
28.516 -2287.903 l
S
0.604 0.612 0.624 SC
28.982 -2360.21 m
28.982 -2287.903 l
S
0.608 0.616 0.624 SC
29.449 -2360.21 m
29.449 -2287.903 l
S
0.608 0.616 0.627 SC
29.915 -2360.21 m
29.915 -2287.903 l
S
0.612 0.62 0.631 SC
30.382 -2360.21 m
30.382 -2287.903 l
S
0.616 0.624 0.635 SC
30.848 -2360.21 m
30.848 -2287.903 l
S
0.62 0.627 0.635 SC
31.315 -2360.21 m
31.315 -2287.903 l
S
0.62 0.631 0.639 SC
31.781 -2360.21 m
31.781 -2287.903 l
S
0.624 0.631 0.643 SC
32.248 -2360.21 m
32.248 -2287.903 l
S
0.627 0.635 0.647 SC
32.714 -2360.21 m
32.714 -2287.903 l
S
0.631 0.639 0.647 SC
33.181 -2360.21 m
33.181 -2287.903 l
S
0.635 0.643 0.651 SC
33.647 -2360.21 m
33.647 -2287.903 l
S
0.635 0.643 0.655 SC
34.113 -2360.21 m
34.113 -2287.903 l
S
0.639 0.647 0.659 SC
34.58 -2360.21 m
34.58 -2287.903 l
S
0.643 0.651 0.663 SC
35.046 -2360.21 m
35.046 -2287.903 l
S
0.647 0.655 0.663 SC
35.513 -2360.21 m
35.513 -2287.903 l
S
0.651 0.659 0.667 SC
35.979 -2360.21 m
35.979 -2287.903 l
S
0.651 0.659 0.671 SC
36.446 -2360.21 m
36.446 -2287.903 l
S
0.655 0.663 0.675 SC
36.912 -2360.21 m
36.912 -2287.903 l
S
0.659 0.667 0.678 SC
37.379 -2360.21 m
37.379 -2287.903 l
S
0.663 0.671 0.678 SC
37.845 -2360.21 m
37.845 -2287.903 l
S
0.663 0.675 0.682 SC
38.312 -2360.21 m
38.312 -2287.903 l
S
0.667 0.675 0.686 SC
38.778 -2360.21 m
38.778 -2287.903 l
S
0.671 0.678 0.69 SC
39.245 -2360.21 m
39.245 -2287.903 l
S
0.675 0.682 0.69 SC
39.711 -2360.21 m
39.711 -2287.903 l
S
0.678 0.686 0.694 SC
40.178 -2360.21 m
40.178 -2287.903 l
S
0.682 0.69 0.698 SC
40.644 -2360.21 m
40.644 -2287.903 l
S
0.682 0.69 0.702 SC
41.111 -2360.21 m
41.111 -2287.903 l
S
0.686 0.694 0.706 SC
41.577 -2360.21 m
41.577 -2287.903 l
S
0.69 0.698 0.706 SC
42.044 -2360.21 m
42.044 -2287.903 l
S
0.694 0.702 0.71 SC
42.51 -2360.21 m
42.51 -2287.903 l
S
0.698 0.706 0.714 SC
42.977 -2360.21 m
42.977 -2287.903 l
S
0.698 0.706 0.718 SC
43.443 -2360.21 m
43.443 -2287.903 l
S
0.702 0.71 0.722 SC
43.91 -2360.21 m
43.91 -2287.903 l
S
0.706 0.714 0.722 SC
44.376 -2360.21 m
44.376 -2287.903 l
S
0.71 0.718 0.725 SC
44.843 -2360.21 m
44.843 -2287.903 l
S
0.714 0.722 0.729 SC
45.309 -2360.21 m
45.309 -2287.903 l
S
0.714 0.722 0.733 SC
45.776 -2360.21 m
45.776 -2287.903 l
S
0.718 0.725 0.737 SC
46.242 -2360.21 m
46.242 -2287.903 l
S
0.722 0.729 0.737 SC
46.709 -2360.21 m
46.709 -2287.903 l
S
0.725 0.733 0.741 SC
47.175 -2360.21 m
47.175 -2287.903 l
S
0.729 0.737 0.745 SC
47.642 -2360.21 m
47.642 -2287.903 l
S
0.733 0.741 0.749 SC
48.108 -2360.21 m
48.108 -2287.903 l
S
0.733 0.741 0.753 SC
48.575 -2360.21 m
48.575 -2287.903 l
49.041 -2360.21 m
49.041 -2287.903 l
S
0.737 0.745 0.753 SC
49.508 -2360.21 m
49.508 -2287.903 l
S
0.741 0.749 0.757 SC
49.974 -2360.21 m
49.974 -2287.903 l
S
0.745 0.753 0.761 SC
50.441 -2360.21 m
50.441 -2287.903 l
S
0.749 0.757 0.765 SC
50.907 -2360.21 m
50.907 -2287.903 l
S
0.753 0.761 0.769 SC
51.374 -2360.21 m
51.374 -2287.903 l
51.84 -2360.21 m
51.84 -2287.903 l
S
0.757 0.765 0.773 SC
52.307 -2360.21 m
52.307 -2287.903 l
S
0.761 0.769 0.776 SC
52.773 -2360.21 m
52.773 -2287.903 l
S
0.765 0.773 0.78 SC
53.24 -2360.21 m
53.24 -2287.903 l
S
0.769 0.776 0.784 SC
53.706 -2360.21 m
53.706 -2287.903 l
S
0.773 0.776 0.784 SC
54.173 -2360.21 m
54.173 -2287.903 l
S
0.776 0.78 0.788 SC
54.639 -2360.21 m
54.639 -2287.903 l
S
0.776 0.784 0.792 SC
55.106 -2360.21 m
55.106 -2287.903 l
S
0.78 0.788 0.796 SC
55.572 -2360.21 m
55.572 -2287.903 l
S
0.784 0.792 0.8 SC
56.039 -2360.21 m
56.039 -2287.903 l
S
0.788 0.796 0.8 SC
56.505 -2360.21 m
56.505 -2287.903 l
S
0.792 0.796 0.804 SC
56.972 -2360.21 m
56.972 -2287.903 l
S
0.796 0.8 0.808 SC
57.438 -2360.21 m
57.438 -2287.903 l
S
0.796 0.804 0.812 SC
57.905 -2360.21 m
57.905 -2287.903 l
S
0.8 0.808 0.816 SC
58.371 -2360.21 m
58.371 -2287.903 l
S
0.804 0.812 0.816 SC
58.838 -2360.21 m
58.838 -2287.903 l
S
0.808 0.812 0.82 SC
59.304 -2360.21 m
59.304 -2287.903 l
S
0.812 0.816 0.824 SC
59.771 -2360.21 m
59.771 -2287.903 l
S
0.816 0.82 0.827 SC
60.237 -2360.21 m
60.237 -2287.903 l
S
0.816 0.824 0.831 SC
60.704 -2360.21 m
60.704 -2287.903 l
S
0.82 0.827 0.831 SC
61.17 -2360.21 m
61.17 -2287.903 l
S
0.824 0.831 0.835 SC
61.637 -2360.21 m
61.637 -2287.903 l
S
0.827 0.831 0.839 SC
62.103 -2360.21 m
62.103 -2287.903 l
S
0.831 0.835 0.843 SC
62.57 -2360.21 m
62.57 -2287.903 l
S
0.835 0.839 0.843 SC
63.036 -2360.21 m
63.036 -2287.903 l
S
0.835 0.843 0.847 SC
63.503 -2360.21 m
63.503 -2287.903 l
S
0.839 0.847 0.851 SC
63.969 -2360.21 m
63.969 -2287.903 l
S
0.843 0.847 0.855 SC
64.436 -2360.21 m
64.436 -2287.903 l
S
0.847 0.851 0.859 SC
64.902 -2360.21 m
64.902 -2287.903 l
S
0.851 0.855 0.859 SC
65.369 -2360.21 m
65.369 -2287.903 l
S
0.855 0.859 0.863 SC
65.835 -2360.21 m
65.835 -2287.903 l
S
0.855 0.863 0.867 SC
66.302 -2360.21 m
66.302 -2287.903 l
S
0.859 0.863 0.871 SC
66.768 -2360.21 m
66.768 -2287.903 l
S
0.863 0.867 0.875 SC
67.235 -2360.21 m
67.235 -2287.903 l
S
0.867 0.871 0.875 SC
67.701 -2360.21 m
67.701 -2287.903 l
S
0.871 0.875 0.878 SC
68.168 -2360.21 m
68.168 -2287.903 l
S
0.875 0.878 0.882 SC
68.634 -2360.21 m
68.634 -2287.903 l
S
0.875 0.882 0.886 SC
69.101 -2360.21 m
69.101 -2287.903 l
S
0.878 0.882 0.89 SC
69.567 -2360.21 m
69.567 -2287.903 l
S
0.882 0.886 0.89 SC
70.034 -2360.21 m
70.034 -2287.903 l
S
0.886 0.89 0.894 SC
70.5 -2360.21 m
70.5 -2287.903 l
S
0.89 0.894 0.898 SC
70.967 -2360.21 m
70.967 -2287.903 l
S
0.894 0.898 0.902 SC
71.433 -2360.21 m
71.433 -2287.903 l
S
0.898 0.898 0.902 SC
71.9 -2360.21 m
71.9 -2287.903 l
S
0.898 0.902 0.906 SC
72.366 -2360.21 m
72.366 -2287.903 l
S
0.902 0.906 0.91 SC
72.833 -2360.21 m
72.833 -2287.903 l
S
0.906 0.91 0.914 SC
73.299 -2360.21 m
73.299 -2287.903 l
S
0.91 0.914 0.918 SC
73.766 -2360.21 m
73.766 -2287.903 l
S
0.914 0.918 0.922 SC
74.232 -2360.21 m
74.232 -2287.903 l
S
0.918 0.922 0.922 SC
74.699 -2360.21 m
74.699 -2287.903 l
S
0.922 0.922 0.925 SC
75.165 -2360.21 m
75.165 -2287.903 l
S
0.922 0.925 0.929 SC
75.632 -2360.21 m
75.632 -2287.903 l
S
0.925 0.929 0.933 SC
76.098 -2360.21 m
76.098 -2287.903 l
S
0.929 0.933 0.933 SC
76.565 -2360.21 m
76.565 -2287.903 l
S
0.933 0.937 0.937 SC
77.031 -2360.21 m
77.031 -2287.903 l
S
0.937 0.937 0.941 SC
77.498 -2360.21 m
77.498 -2287.903 l
S
0.941 0.941 0.945 SC
77.964 -2360.21 m
77.964 -2287.903 l
S
0.945 0.945 0.949 SC
78.431 -2360.21 m
78.431 -2287.903 l
S
0.945 0.949 0.949 SC
78.897 -2360.21 m
78.897 -2287.903 l
S
0.949 0.953 0.953 SC
79.364 -2360.21 m
79.364 -2287.903 l
S
0.953 0.957 0.957 SC
79.83 -2360.21 m
79.83 -2287.903 l
S
0.957 0.957 0.961 SC
80.297 -2360.21 m
80.297 -2287.903 l
S
0.961 0.961 0.965 SC
80.763 -2360.21 m
80.763 -2287.903 l
S
0.965 0.965 0.969 SC
81.23 -2360.21 m
81.23 -2287.903 l
S
0.969 0.969 0.969 SC
81.696 -2360.21 m
81.696 -2287.903 l
S
0.973 0.973 0.973 SC
82.163 -2360.21 m
82.163 -2287.903 l
S
0.976 0.976 0.976 SC
82.629 -2360.21 m
82.629 -2287.903 l
S
0.98 0.98 0.984 SC
83.096 -2360.21 m
83.096 -2287.903 l
S
0.988 0.988 0.988 SC
83.562 -2360.21 m
83.562 -2287.903 l
S
0.992 0.992 0.992 SC
84.029 -2360.21 m
84.029 -2287.903 l
S
1 1 1 SC
84.495 -2360.21 m
84.495 -2287.903 l
S
Q
Q
q
1 i 
-9 851 613 -860 re
0 841 m
W n
0.03 841.02 595.02 -841.02 re
W n
/Cs5 cs 0.161 0.145 0.149 sc
/GS1 gs
0.03 841.02 35.4 -6.11 re
f
/Cs5 CS 0.161 0.145 0.149 SC
0 J 0 j 0.3 w 10 M []0 d
28.347 841.076 m
28.347 805.006 l
S
286.3 22.8 22.68 -22.8 re
f
BT
/F1 1 Tf
10 0 0 10 289.2992 7.7671 Tm
1 1 1 sc
-0.0002 Tc
0 Tw
(694)Tj
/F3 1 Tf
7 0 0 7 35.4331 17.5374 Tm
0.161 0.145 0.149 sc
-0.0001 Tc
-0.0306 Tw
[(Swissmedic Jour)-17.9(nal)-1111.9(9/2002)]TJ
/F2 1 Tf
10 0 0 10 85.0394 763.6339 Tm
-0.0336 Tw
[(01)-1044.2(Ivadal, comprimés pelliculés sécables)]TJ
/F5 1 Tf
0 -1.4174 TD
-0.0306 Tw
[(* Sanofi SA/Sanofi AG, 11, rue de V)36.7(eyrot, 1217 Meyrin)]TJ
ET
0.4 w 
85.04 741.51 m
552.76 741.51 l
85.04 723.82 m
552.76 723.82 l
S
BT
10 0 0 10 85.0394 729.1213 Tm
-0.0002 Tc
0 Tw
[(N°)-247.4(AMM: )]TJ
/F2 1 Tf
4.5038 0 TD
(51233)Tj
/F5 1 Tf
8.2521 0 TD
-0.0001 Tc
-0.0306 Tw
(Mode de vente: )Tj
/F2 1 Tf
7.5194 0 TD
0 Tc
0 Tw
(B)Tj
/F5 1 Tf
5.2365 0 TD
-0.0001 Tc
-0.0306 Tw
[(Index: 01.03.1.)-9563.5(01.09.2002)]TJ
-25.5118 -2.2428 TD
-0.0002 Tc
0 Tw
[(Composition:)-3756.2(01)]TJ
8.3 0 0 8.3 198.4252 706.6931 Tm
-0.0001 Tc
-0.0306 Tw
[(ZOLPIDEMI T)54.7(A)0.2(R)17.7(TRAS 10)-278.1(mg, EXCIPIENS pro COMPRESSO OBDUCTO.)]TJ
10 0 0 10 85.0394 692.5195 Tm
-0.0002 Tc
0 Tw
[(Indication:)-6395.4(Hypnotique)]TJ
0 -1.4174 TD
-0.0001 Tc
[(Conditionnement:)-2839.9(–)-0.1(–)]TJ
T*
-0.0306 Tw
[(* Remarques:)-5090.7(autorisé uniquement pour l’exportation)]TJ
11.3386 -1.4174 TD
-0.0102 Tw
(Cette attestation d’enregistrement annule celle du 30.08.2000 \(Changement)Tj
0 -1.1339 TD
-0.0306 Tw
(de titulaire de l’AMM\))Tj
-11.3386 -1.4174 TD
-0.0488 Tc
0 Tw
(Va)Tj
1.174 0 TD
-0.0001 Tc
-0.0306 Tw
[(lable jusqu’au:)-3417.3(31 décembre 2005)]TJ
ET
85.04 616.07 m
552.76 616.07 l
S
BT
/F2 1 Tf
10 0 0 10 85.0394 580.0765 Tm
-0.0336 Tw
[(01)-1044.2(Laspal, poudr)17.7(e en sachets)]TJ
/F5 1 Tf
0 -1.4174 TD
-0.0306 Tw
[(* Sanofi SA/Sanofi AG, 11, rue de V)36.7(eyrot, 1217 Meyrin)]TJ
ET
85.04 557.95 m
552.76 557.95 l
85.04 540.26 m
552.76 540.26 l
S
BT
10 0 0 10 85.0394 545.5639 Tm
-0.0002 Tc
0 Tw
[(N°)-247.4(AMM: )]TJ
/F2 1 Tf
4.5038 0 TD
(48732)Tj
/F5 1 Tf
8.2521 0 TD
-0.0001 Tc
-0.0306 Tw
(Mode de vente: )Tj
/F2 1 Tf
7.5194 0 TD
0 Tc
0 Tw
(D)Tj
/F5 1 Tf
5.2365 0 TD
-0.0001 Tc
-0.0306 Tw
[(Index: 01.01.2.)-9563.5(01.09.2002)]TJ
-25.5118 -2.2428 TD
-0.0002 Tc
0 Tw
[(Composition:)-3756.2(01)]TJ
8.3 0 0 8.3 198.4252 523.1358 Tm
-0.0001 Tc
0.0723 Tw
[(DL-L)91.5(YSINI ACETYLSALICYLAS 900)-278.1(mg corresp. ACIDUM ACETYLSALICYLICUM 500)-278.1(mg, ARO-)]TJ
0 -1.3661 TD
-0.0306 Tw
[(MA)73.7(TICA, EXCIPIENS ad PUL)73.7(VEREM pro CHAR)17.7(T)54.8(A)0.1(.)]TJ
10 0 0 10 85.0394 497.6232 Tm
[(Indication:)-6395.3(Antipyrétique, antalgique)]TJ
0 -1.4174 TD
0 Tw
[(Conditionnement:)-2839.9(–)-0.1(–)]TJ
T*
-0.0306 Tw
[(Remarques:)-5893.9(autorisé uniquement pour l’exportation)]TJ
11.3386 -1.4174 TD
-0.0102 Tw
(Cette attestation d’enregistrement annule celle du 13.12.2001 \(Changement)Tj
0 -1.1339 TD
-0.0306 Tw
(de titulaire de l’AMM\))Tj
-11.3386 -1.4174 TD
-0.0488 Tc
0 Tw
(Va)Tj
1.174 0 TD
-0.0001 Tc
-0.0306 Tw
[(lable jusqu’au:)-3417.3(31 décembre 2002)]TJ
ET
85.04 421.18 m
552.76 421.18 l
S
BT
/F2 1 Tf
10 0 0 10 85.0394 385.1802 Tm
-0.0336 Tw
[(01)-1044.2(Mitosyl, pommade)]TJ
/F5 1 Tf
0 -1.4174 TD
-0.0306 Tw
[(* Sanofi-Synthélabo \(Suisse\) SA, 11, rue de V)36.7(eyrot, 1217 Meyrin)]TJ
ET
85.04 363.06 m
552.76 363.06 l
85.04 345.37 m
552.76 345.37 l
S
BT
10 0 0 10 85.0394 350.6676 Tm
-0.0002 Tc
0 Tw
[(N°)-247.4(AMM: )]TJ
/F2 1 Tf
4.5038 0 TD
(20215)Tj
/F5 1 Tf
8.2521 0 TD
-0.0001 Tc
-0.0306 Tw
(Mode de vente: )Tj
/F2 1 Tf
7.5194 0 TD
0 Tc
0 Tw
(D)Tj
/F5 1 Tf
5.2365 0 TD
-0.0001 Tc
-0.0306 Tw
[(Index: 10.06.0.)-9563.5(01.09.2002)]TJ
-25.5118 -2.2428 TD
-0.0002 Tc
0 Tw
[(Composition:)-3756.2(01)]TJ
8.3 0 0 8.3 198.4252 328.2395 Tm
-0.0001 Tc
0.0049 Tw
[(MORRHUAE OLEUM 200)-278.1(mg, ZINCI OXIDUM 270)-278.1(mg, ADEPS LANAE, AROMA)73.7(TICA, ANTIOX.:)]TJ
0 -1.3661 TD
0 Tc
0 Tw
(E)Tj
0.8339 0 TD
-0.0001 Tc
-0.0306 Tw
[(320, EXCIPIENS ad UNGUENTUM pro 1)-278.1(g)0.1(. )]TJ
10 0 0 10 85.0394 302.7269 Tm
[(Indication:)-6395.3(T)74(raitement des plaies)]TJ
0 -1.4174 TD
0 Tw
[(Conditionnement:)-2839.9(–)-0.1(–)]TJ
T*
-0.0306 Tw
[(* Remarques:)-5090.7(autorisé uniquement pour l’exportation)]TJ
11.3386 -1.4174 TD
-0.0102 Tw
(Cette attestation d’enregistrement annule celle du 19.09.2001 \(Changement)Tj
0 -1.1339 TD
-0.0306 Tw
(de titulaire de l’AMM\))Tj
-11.3386 -1.4174 TD
-0.0488 Tc
0 Tw
(Va)Tj
1.174 0 TD
-0.0001 Tc
-0.0306 Tw
[(lable jusqu’au:)-3417.3(31 décembre 2006)]TJ
ET
85.04 226.28 m
552.76 226.28 l
S
Q

q
1 i 
-9 851 613 -860 re
0 841 m
W n
0.03 841.02 595.02 -841.02 re
W n
BT
/F4 1 Tf
12.5 0 0 12.5 285.8058 811.7825 Tm
/Cs5 cs 0.161 0.145 0.149 sc
/GS1 gs
-0.0001 Tc
-0.0286 Tw
[(Arzneimittel Statistik)-130(/)-129.9(M)0.1(édicaments miscellanées)]TJ
ET
/Cs5 CS 0.161 0.145 0.149 SC
0 J 0 j 0.3 w 10 M []0 d
42.8 805.15 m
567.2 805.15 l
S
Q
q
1 i 
361.69 850.5 198.43 -24.09 re
560.097 811.782 m
W* n
-9 851 613 -860 re
0 841 m
W n
0.03 841.02 595.02 -841.02 re
W n
q
2.7718 0 0 -0.3608 0 0 cm
/Cs5 CS 1 1 1 SC
0 J 0 j 0.5 w 10 M []0 d
/GS1 gs
130.36 -2360.21 m
130.36 -2287.903 l
S
0.992 0.992 0.992 SC
130.827 -2360.21 m
130.827 -2287.903 l
S
0.988 0.988 0.988 SC
131.293 -2360.21 m
131.293 -2287.903 l
S
0.98 0.98 0.984 SC
131.76 -2360.21 m
131.76 -2287.903 l
S
0.976 0.976 0.976 SC
132.226 -2360.21 m
132.226 -2287.903 l
S
0.973 0.973 0.973 SC
132.693 -2360.21 m
132.693 -2287.903 l
S
0.969 0.969 0.969 SC
133.159 -2360.21 m
133.159 -2287.903 l
S
0.965 0.965 0.969 SC
133.626 -2360.21 m
133.626 -2287.903 l
S
0.961 0.961 0.965 SC
134.092 -2360.21 m
134.092 -2287.903 l
S
0.957 0.957 0.961 SC
134.559 -2360.21 m
134.559 -2287.903 l
S
0.953 0.957 0.957 SC
135.025 -2360.21 m
135.025 -2287.903 l
S
0.949 0.953 0.953 SC
135.492 -2360.21 m
135.492 -2287.903 l
S
0.945 0.949 0.949 SC
135.958 -2360.21 m
135.958 -2287.903 l
S
0.945 0.945 0.949 SC
136.425 -2360.21 m
136.425 -2287.903 l
S
0.941 0.941 0.945 SC
136.891 -2360.21 m
136.891 -2287.903 l
S
0.937 0.937 0.941 SC
137.358 -2360.21 m
137.358 -2287.903 l
S
0.933 0.937 0.937 SC
137.824 -2360.21 m
137.824 -2287.903 l
S
0.929 0.933 0.933 SC
138.291 -2360.21 m
138.291 -2287.903 l
S
0.925 0.929 0.933 SC
138.757 -2360.21 m
138.757 -2287.903 l
S
0.922 0.925 0.929 SC
139.224 -2360.21 m
139.224 -2287.903 l
S
0.922 0.922 0.925 SC
139.69 -2360.21 m
139.69 -2287.903 l
S
0.918 0.922 0.922 SC
140.157 -2360.21 m
140.157 -2287.903 l
S
0.914 0.918 0.922 SC
140.623 -2360.21 m
140.623 -2287.903 l
S
0.91 0.914 0.918 SC
141.09 -2360.21 m
141.09 -2287.903 l
S
0.906 0.91 0.914 SC
141.556 -2360.21 m
141.556 -2287.903 l
S
0.902 0.906 0.91 SC
142.023 -2360.21 m
142.023 -2287.903 l
S
0.898 0.902 0.906 SC
142.489 -2360.21 m
142.489 -2287.903 l
S
0.898 0.898 0.902 SC
142.956 -2360.21 m
142.956 -2287.903 l
S
0.894 0.898 0.902 SC
143.422 -2360.21 m
143.422 -2287.903 l
S
0.89 0.894 0.898 SC
143.889 -2360.21 m
143.889 -2287.903 l
S
0.886 0.89 0.894 SC
144.355 -2360.21 m
144.355 -2287.903 l
S
0.882 0.886 0.89 SC
144.822 -2360.21 m
144.822 -2287.903 l
S
0.878 0.882 0.89 SC
145.288 -2360.21 m
145.288 -2287.903 l
S
0.875 0.882 0.886 SC
145.755 -2360.21 m
145.755 -2287.903 l
S
0.875 0.878 0.882 SC
146.221 -2360.21 m
146.221 -2287.903 l
S
0.871 0.875 0.878 SC
146.688 -2360.21 m
146.688 -2287.903 l
S
0.867 0.871 0.875 SC
147.154 -2360.21 m
147.154 -2287.903 l
S
0.863 0.867 0.875 SC
147.621 -2360.21 m
147.621 -2287.903 l
S
0.859 0.863 0.871 SC
148.087 -2360.21 m
148.087 -2287.903 l
S
0.855 0.863 0.867 SC
148.554 -2360.21 m
148.554 -2287.903 l
S
0.855 0.859 0.863 SC
149.02 -2360.21 m
149.02 -2287.903 l
S
0.851 0.855 0.859 SC
149.487 -2360.21 m
149.487 -2287.903 l
S
0.847 0.851 0.859 SC
149.953 -2360.21 m
149.953 -2287.903 l
S
0.843 0.847 0.855 SC
150.42 -2360.21 m
150.42 -2287.903 l
S
0.839 0.847 0.851 SC
150.886 -2360.21 m
150.886 -2287.903 l
S
0.835 0.843 0.847 SC
151.353 -2360.21 m
151.353 -2287.903 l
S
0.835 0.839 0.843 SC
151.819 -2360.21 m
151.819 -2287.903 l
S
0.831 0.835 0.843 SC
152.286 -2360.21 m
152.286 -2287.903 l
S
0.827 0.831 0.839 SC
152.752 -2360.21 m
152.752 -2287.903 l
S
0.824 0.831 0.835 SC
153.219 -2360.21 m
153.219 -2287.903 l
S
0.82 0.827 0.831 SC
153.685 -2360.21 m
153.685 -2287.903 l
S
0.816 0.824 0.831 SC
154.152 -2360.21 m
154.152 -2287.903 l
S
0.816 0.82 0.827 SC
154.618 -2360.21 m
154.618 -2287.903 l
S
0.812 0.816 0.824 SC
155.085 -2360.21 m
155.085 -2287.903 l
S
0.808 0.812 0.82 SC
155.551 -2360.21 m
155.551 -2287.903 l
S
0.804 0.812 0.816 SC
156.018 -2360.21 m
156.018 -2287.903 l
S
0.8 0.808 0.816 SC
156.484 -2360.21 m
156.484 -2287.903 l
S
0.796 0.804 0.812 SC
156.951 -2360.21 m
156.951 -2287.903 l
S
0.796 0.8 0.808 SC
157.417 -2360.21 m
157.417 -2287.903 l
S
0.792 0.796 0.804 SC
157.884 -2360.21 m
157.884 -2287.903 l
S
0.788 0.796 0.8 SC
158.35 -2360.21 m
158.35 -2287.903 l
S
0.784 0.792 0.8 SC
158.817 -2360.21 m
158.817 -2287.903 l
S
0.78 0.788 0.796 SC
159.283 -2360.21 m
159.283 -2287.903 l
S
0.776 0.784 0.792 SC
159.75 -2360.21 m
159.75 -2287.903 l
S
0.776 0.78 0.788 SC
160.216 -2360.21 m
160.216 -2287.903 l
S
0.773 0.776 0.784 SC
160.683 -2360.21 m
160.683 -2287.903 l
S
0.769 0.776 0.784 SC
161.149 -2360.21 m
161.149 -2287.903 l
S
0.765 0.773 0.78 SC
161.616 -2360.21 m
161.616 -2287.903 l
S
0.761 0.769 0.776 SC
162.082 -2360.21 m
162.082 -2287.903 l
S
0.757 0.765 0.773 SC
162.549 -2360.21 m
162.549 -2287.903 l
S
0.753 0.761 0.769 SC
163.015 -2360.21 m
163.015 -2287.903 l
163.482 -2360.21 m
163.482 -2287.903 l
S
0.749 0.757 0.765 SC
163.948 -2360.21 m
163.948 -2287.903 l
S
0.745 0.753 0.761 SC
164.415 -2360.21 m
164.415 -2287.903 l
S
0.741 0.749 0.757 SC
164.881 -2360.21 m
164.881 -2287.903 l
S
0.737 0.745 0.753 SC
165.348 -2360.21 m
165.348 -2287.903 l
S
0.733 0.741 0.753 SC
165.814 -2360.21 m
165.814 -2287.903 l
S
0.733 0.741 0.749 SC
166.281 -2360.21 m
166.281 -2287.903 l
166.747 -2360.21 m
166.747 -2287.903 l
S
0.729 0.737 0.745 SC
167.214 -2360.21 m
167.214 -2287.903 l
S
0.725 0.733 0.741 SC
167.68 -2360.21 m
167.68 -2287.903 l
S
0.722 0.729 0.737 SC
168.147 -2360.21 m
168.147 -2287.903 l
S
0.718 0.725 0.737 SC
168.613 -2360.21 m
168.613 -2287.903 l
S
0.714 0.722 0.733 SC
169.08 -2360.21 m
169.08 -2287.903 l
S
0.714 0.722 0.729 SC
169.546 -2360.21 m
169.546 -2287.903 l
S
0.71 0.718 0.725 SC
170.013 -2360.21 m
170.013 -2287.903 l
S
0.706 0.714 0.722 SC
170.479 -2360.21 m
170.479 -2287.903 l
S
0.702 0.71 0.722 SC
170.946 -2360.21 m
170.946 -2287.903 l
S
0.698 0.706 0.718 SC
171.412 -2360.21 m
171.412 -2287.903 l
S
0.698 0.706 0.714 SC
171.879 -2360.21 m
171.879 -2287.903 l
S
0.694 0.702 0.71 SC
172.345 -2360.21 m
172.345 -2287.903 l
S
0.69 0.698 0.706 SC
172.812 -2360.21 m
172.812 -2287.903 l
S
0.686 0.694 0.706 SC
173.278 -2360.21 m
173.278 -2287.903 l
S
0.682 0.69 0.702 SC
173.745 -2360.21 m
173.745 -2287.903 l
S
0.682 0.69 0.698 SC
174.211 -2360.21 m
174.211 -2287.903 l
S
0.678 0.686 0.694 SC
174.678 -2360.21 m
174.678 -2287.903 l
S
0.675 0.682 0.69 SC
175.144 -2360.21 m
175.144 -2287.903 l
S
0.671 0.678 0.69 SC
175.611 -2360.21 m
175.611 -2287.903 l
S
0.667 0.675 0.686 SC
176.077 -2360.21 m
176.077 -2287.903 l
S
0.663 0.675 0.682 SC
176.544 -2360.21 m
176.544 -2287.903 l
S
0.663 0.671 0.678 SC
177.01 -2360.21 m
177.01 -2287.903 l
S
0.659 0.667 0.678 SC
177.477 -2360.21 m
177.477 -2287.903 l
S
0.655 0.663 0.675 SC
177.943 -2360.21 m
177.943 -2287.903 l
S
0.651 0.659 0.671 SC
178.41 -2360.21 m
178.41 -2287.903 l
S
0.651 0.659 0.667 SC
178.876 -2360.21 m
178.876 -2287.903 l
S
0.647 0.655 0.663 SC
179.343 -2360.21 m
179.343 -2287.903 l
S
0.643 0.651 0.663 SC
179.809 -2360.21 m
179.809 -2287.903 l
S
0.639 0.647 0.659 SC
180.276 -2360.21 m
180.276 -2287.903 l
S
0.635 0.643 0.655 SC
180.742 -2360.21 m
180.742 -2287.903 l
S
0.635 0.643 0.651 SC
181.209 -2360.21 m
181.209 -2287.903 l
S
0.631 0.639 0.647 SC
181.675 -2360.21 m
181.675 -2287.903 l
S
0.627 0.635 0.647 SC
182.142 -2360.21 m
182.142 -2287.903 l
S
0.624 0.631 0.643 SC
182.608 -2360.21 m
182.608 -2287.903 l
S
0.62 0.631 0.639 SC
183.075 -2360.21 m
183.075 -2287.903 l
S
0.62 0.627 0.635 SC
183.541 -2360.21 m
183.541 -2287.903 l
S
0.616 0.624 0.635 SC
184.008 -2360.21 m
184.008 -2287.903 l
S
0.612 0.62 0.631 SC
184.474 -2360.21 m
184.474 -2287.903 l
S
0.608 0.616 0.627 SC
184.941 -2360.21 m
184.941 -2287.903 l
S
0.608 0.616 0.624 SC
185.407 -2360.21 m
185.407 -2287.903 l
S
0.604 0.612 0.624 SC
185.874 -2360.21 m
185.874 -2287.903 l
S
0.6 0.608 0.62 SC
186.34 -2360.21 m
186.34 -2287.903 l
S
0.596 0.604 0.616 SC
186.806 -2360.21 m
186.806 -2287.903 l
S
0.596 0.604 0.612 SC
187.273 -2360.21 m
187.273 -2287.903 l
S
0.592 0.6 0.608 SC
187.739 -2360.21 m
187.739 -2287.903 l
S
0.588 0.596 0.608 SC
188.206 -2360.21 m
188.206 -2287.903 l
S
0.584 0.592 0.604 SC
188.672 -2360.21 m
188.672 -2287.903 l
S
0.584 0.592 0.6 SC
189.139 -2360.21 m
189.139 -2287.903 l
S
0.58 0.588 0.596 SC
189.605 -2360.21 m
189.605 -2287.903 l
S
0.576 0.584 0.596 SC
190.072 -2360.21 m
190.072 -2287.903 l
S
0.573 0.58 0.592 SC
190.538 -2360.21 m
190.538 -2287.903 l
S
0.573 0.58 0.588 SC
191.005 -2360.21 m
191.005 -2287.903 l
S
0.569 0.576 0.588 SC
191.471 -2360.21 m
191.471 -2287.903 l
S
0.565 0.573 0.584 SC
191.938 -2360.21 m
191.938 -2287.903 l
S
0.561 0.569 0.58 SC
192.404 -2360.21 m
192.404 -2287.903 l
S
0.561 0.569 0.576 SC
192.871 -2360.21 m
192.871 -2287.903 l
S
0.557 0.565 0.576 SC
193.337 -2360.21 m
193.337 -2287.903 l
S
0.553 0.561 0.573 SC
193.804 -2360.21 m
193.804 -2287.903 l
S
0.549 0.557 0.569 SC
194.27 -2360.21 m
194.27 -2287.903 l
S
0.549 0.557 0.565 SC
194.737 -2360.21 m
194.737 -2287.903 l
S
0.545 0.553 0.565 SC
195.203 -2360.21 m
195.203 -2287.903 l
S
0.541 0.549 0.561 SC
195.67 -2360.21 m
195.67 -2287.903 l
S
0.537 0.545 0.557 SC
196.136 -2360.21 m
196.136 -2287.903 l
S
0.537 0.545 0.553 SC
196.603 -2360.21 m
196.603 -2287.903 l
S
0.533 0.541 0.553 SC
197.069 -2360.21 m
197.069 -2287.903 l
S
0.529 0.537 0.549 SC
197.536 -2360.21 m
197.536 -2287.903 l
S
0.529 0.533 0.545 SC
198.002 -2360.21 m
198.002 -2287.903 l
S
0.525 0.533 0.541 SC
198.469 -2360.21 m
198.469 -2287.903 l
S
0.522 0.529 0.541 SC
198.935 -2360.21 m
198.935 -2287.903 l
S
0.518 0.525 0.537 SC
199.402 -2360.21 m
199.402 -2287.903 l
S
0.518 0.525 0.533 SC
199.868 -2360.21 m
199.868 -2287.903 l
S
0.514 0.522 0.529 SC
200.335 -2360.21 m
200.335 -2287.903 l
S
0.51 0.518 0.529 SC
200.801 -2360.21 m
200.801 -2287.903 l
S
0.51 0.514 0.525 SC
201.268 -2360.21 m
201.268 -2287.903 l
S
0.506 0.514 0.522 SC
201.734 -2360.21 m
201.734 -2287.903 l
S
0.502 0.51 0.518 SC
202.201 -2360.21 m
202.201 -2287.903 l
S
Q
Q
q
1 i 
-9 851 613 -860 re
0 841 m
W n
0.03 841.02 595.02 -841.02 re
W n
/Cs5 cs 0.161 0.145 0.149 sc
/GS1 gs
560.12 841.02 34.93 -6.11 re
f
/Cs5 CS 0.161 0.145 0.149 SC
0 J 0 j 0.3 w 10 M []0 d
567.202 840.678 m
567.202 804.948 l
S
286.57 22.8 22.68 -22.8 re
f
BT
/F1 1 Tf
10 0 0 10 289.5747 7.7671 Tm
1 1 1 sc
-0.0002 Tc
0 Tw
(695)Tj
/F3 1 Tf
7 0 0 7 473.8676 17.5374 Tm
0.161 0.145 0.149 sc
-0.0001 Tc
-0.0306 Tw
[(Swissmedic Jour)-17.9(nal)-1111.9(9/2002)]TJ
/F2 1 Tf
10 0 0 10 42.7953 763.6339 Tm
-0.0336 Tw
[(01)-1044.2(Mucoral, granulé)]TJ
/F5 1 Tf
0 -1.4174 TD
-0.0306 Tw
[(* Sanofi SA/Sanofi AG, 11, rue de V)36.7(eyrot, 1217 Meyrin)]TJ
ET
0.4 w 
42.8 741.51 m
510.51 741.51 l
42.8 723.82 m
510.51 723.82 l
S
BT
10 0 0 10 42.7953 729.1213 Tm
-0.0002 Tc
0 Tw
[(N°)-247.4(AMM: )]TJ
/F2 1 Tf
4.5038 0 TD
(52534)Tj
/F5 1 Tf
8.2521 0 TD
-0.0001 Tc
-0.0306 Tw
(Mode de vente: )Tj
/F2 1 Tf
7.5194 0 TD
0 Tc
0 Tw
(D)Tj
/F5 1 Tf
5.2365 0 TD
-0.0001 Tc
-0.0306 Tw
[(Index: 03.02.0.)-9563.5(01.09.2002)]TJ
-25.5118 -2.2428 TD
-0.0002 Tc
0 Tw
[(Composition:)-3756.2(01)]TJ
8.3 0 0 8.3 156.1811 706.6931 Tm
-0.0001 Tc
0.1202 Tw
[(CARBOCISTEINUM 750)-278.1(mg, ASP)36.7(AR)17.7(T)54.8(AMUM, AROMA)73.7(TICA, EXCIPIENS ad GRANULA)73.7(TUM pro)]TJ
0 -1.3661 TD
-0.0002 Tc
-0.0305 Tw
[(CHAR)17.6(T)54.7(A)0( 1)-278.2(g)0(. )]TJ
10 0 0 10 42.7953 681.1805 Tm
0 Tw
[(Indication:)-6395.4(Mucolytique)]TJ
0 -1.4174 TD
-0.0001 Tc
[(Conditionnement:)-2839.9(–)-0.1(–)]TJ
T*
-0.0306 Tw
[(* Remarques:)-5090.7(autorisé uniquement pour l’exportation)]TJ
11.3386 -1.4174 TD
-0.0101 Tw
(Cette attestation d’enregistrement annule celle du 03.05.2000 \(Changement)Tj
0 -1.1339 TD
-0.0002 Tc
-0.0305 Tw
(de titulaire de l’AMM\))Tj
-11.3386 -1.4174 TD
-0.0488 Tc
0 Tw
(Va)Tj
1.174 0 TD
-0.0001 Tc
-0.0306 Tw
[(lable jusqu’au:)-3417.3(31 décembre 2005)]TJ
ET
42.8 604.73 m
510.51 604.73 l
S
BT
/F2 1 Tf
10 0 0 10 42.7953 568.7375 Tm
-0.0336 Tw
[(01)-1044.2(Mucoral, sir)17.7(op adultes)]TJ
0 -1.2835 TD
[(02)-1044.2(Mucoral, sir)17.7(op enfants)]TJ
/F5 1 Tf
0 -1.4174 TD
-0.0306 Tw
[(* Sanofi SA/Sanofi AG, 11, rue de V)36.7(eyrot, 1217 Meyrin)]TJ
ET
42.8 533.78 m
510.51 533.78 l
42.8 516.09 m
510.51 516.09 l
S
BT
10 0 0 10 42.7953 521.3903 Tm
-0.0002 Tc
0 Tw
[(N°)-247.4(AMM: )]TJ
/F2 1 Tf
4.5038 0 TD
(52533)Tj
/F5 1 Tf
8.2521 0 TD
-0.0001 Tc
-0.0306 Tw
(Mode de vente: )Tj
/F2 1 Tf
7.5194 0 TD
0 Tc
0 Tw
(D)Tj
/F5 1 Tf
5.2365 0 TD
-0.0001 Tc
-0.0306 Tw
[(Index: 03.02.0.)-9563.5(01.09.2002)]TJ
-25.5118 -2.2428 TD
-0.0002 Tc
0 Tw
[(Composition:)-3756.2(01)]TJ
8.3 0 0 8.3 156.1811 498.9622 Tm
-0.0001 Tc
0.2408 Tw
[(CARBOCISTEINUM 750)-278.1(mg, AROMA)73.7(TICA, COLOR.: E)-278.1(150, CONSER)17.7(V)91.5(.: E)-278.1(218, EXCIPIENS ad)]TJ
0 -1.3661 TD
-0.0306 Tw
[(SOLUTIONEM pro 15)-278.1(mL. )]TJ
10 0 0 10 142.0079 473.4496 Tm
-0.0002 Tc
0 Tw
(02)Tj
8.3 0 0 8.3 156.1811 473.4496 Tm
-0.0001 Tc
0.3602 Tw
[(CARBOCISTEINUM 100)-278.1(mg, V)36.7(ANILLINUM, AROMA)73.7(TICA, CONSER)17.7(V)91.5(.: E)-278.1(218, EXCIPIENS ad)]TJ
T*
-0.0306 Tw
[(SOLUTIONEM pro 5)-278.1(mL. )]TJ
10 0 0 10 42.7953 447.9369 Tm
-0.0002 Tc
0 Tw
[(Indication:)-6395.4(Mucolytique)]TJ
0 -1.4174 TD
-0.0001 Tc
[(Conditionnements:)-2451(–– )]TJ
T*
-0.0306 Tw
[(* Remarques:)-5090.7(autorisé uniquement pour l’exportation)]TJ
11.3386 -1.4174 TD
-0.0101 Tw
(Cette attestation d’enregistrement annule celle du 03.05.2000 \(Changement)Tj
0 -1.1339 TD
-0.0002 Tc
-0.0305 Tw
(de titulaire de l’AMM\))Tj
-11.3386 -1.4174 TD
-0.0488 Tc
0 Tw
(Va)Tj
1.174 0 TD
-0.0001 Tc
-0.0306 Tw
[(lable jusqu’au:)-3417.3(31 décembre 2005)]TJ
ET
42.8 371.49 m
510.51 371.49 l
S
BT
/F2 1 Tf
10 0 0 10 42.7953 335.494 Tm
-0.0337 Tw
[(01)-1044.2(Napr)17.7(osyn 250, T)98.8(abletten)]TJ
0 -1.2835 TD
[(02)-1044.2(Napr)17.7(osyn 500, T)98.8(abletten)]TJ
/F5 1 Tf
0 -1.4174 TD
-0.0306 Tw
(* Roche Pharma \(Schweiz\) AG, Schönmattstrasse 2, 4153 Reinach)Tj
ET
42.8 300.54 m
510.51 300.54 l
42.8 282.84 m
510.51 282.84 l
S
BT
10 0 0 10 42.7953 288.1467 Tm
-0.0002 Tc
0 Tw
[(Zul.-Nr)91.6(.: )]TJ
/F2 1 Tf
3.8772 0 TD
(39418)Tj
/F5 1 Tf
8.8787 0 TD
0 Tc
(V)Tj
0.6301 0 TD
-0.0001 Tc
(erkaufsart: )Tj
/F2 1 Tf
5.3042 0 TD
0 Tc
(B)Tj
/F5 1 Tf
6.8216 0 TD
-0.0001 Tc
-0.0306 Tw
[(Index: 07.10.1.)-9563.5(26.08.2002)]TJ
-25.5118 -2.2428 TD
0 Tw
[(Zusammensetzung:)-921.1(01)]TJ
8.3 0 0 8.3 156.1811 265.7186 Tm
-0.0306 Tw
[(NAPROXENUM 250)-278.1(mg, EXCIPIENS pro COMPRESSO.)]TJ
10 0 0 10 142.0079 251.545 Tm
-0.0002 Tc
0 Tw
(02)Tj
8.3 0 0 8.3 156.1811 251.545 Tm
-0.0001 Tc
-0.0306 Tw
[(NAPROXENUM 500)-278.1(mg, EXCIPIENS pro COMPRESSO.)]TJ
10 0 0 10 42.7953 237.3712 Tm
-0.0002 Tc
0 Tw
[(Anwendung:)-5285.3(Antiphlogisticum)]TJ
0 -1.4174 TD
-0.0001 Tc
[(Packungen:)-5950(––)]TJ
T*
-0.0306 Tw
[(Bemerkungen:)-4505.2(Ersetzt die Registrierungsurkunde vom 01.09.1999)]TJ
11.3386 -1.4174 TD
[(\(Änderung: Umwandlung von Haupt- in Exportregistrierung\) Export)]TJ
-11.3386 -1.4174 TD
[(Gültig bis:)-6647.8(31. Dezember 2004)]TJ
ET
42.8 172.26 m
510.51 172.26 l
S
Q

q
1 i 
-9 851 613 -860 re
0 841 m
W n
0.03 841.02 595.02 -841.02 re
W n
BT
/F4 1 Tf
12.5 0 0 12.5 34.4488 811.7822 Tm
/Cs5 cs 0.161 0.145 0.149 sc
/GS1 gs
-0.0001 Tc
-0.0286 Tw
[(Arzneimittel Statistik)-130(/)-129.9(M)0.1(édicaments miscellanées)]TJ
ET
/Cs5 CS 0.161 0.145 0.149 SC
0 J 0 j 0.3 w 10 M []0 d
28.35 805.15 m
552.76 805.15 l
S
Q
q
1 i 
35.43 850.5 198.43 -24.09 re
308.74 811.782 m
W* n
-9 851 613 -860 re
0 841 m
W n
0.03 841.02 595.02 -841.02 re
W n
q
2.7718 0 0 -0.3608 0 0 cm
/Cs5 CS 0.502 0.51 0.518 SC
0 J 0 j 0.5 w 10 M []0 d
/GS1 gs
12.655 -2360.21 m
12.655 -2287.903 l
S
0.506 0.514 0.522 SC
13.121 -2360.21 m
13.121 -2287.903 l
S
0.51 0.514 0.525 SC
13.588 -2360.21 m
13.588 -2287.903 l
S
0.51 0.518 0.529 SC
14.054 -2360.21 m
14.054 -2287.903 l
S
0.514 0.522 0.529 SC
14.521 -2360.21 m
14.521 -2287.903 l
S
0.518 0.525 0.533 SC
14.987 -2360.21 m
14.987 -2287.903 l
S
0.518 0.525 0.537 SC
15.454 -2360.21 m
15.454 -2287.903 l
S
0.522 0.529 0.541 SC
15.92 -2360.21 m
15.92 -2287.903 l
S
0.525 0.533 0.541 SC
16.387 -2360.21 m
16.387 -2287.903 l
S
0.529 0.533 0.545 SC
16.853 -2360.21 m
16.853 -2287.903 l
S
0.529 0.537 0.549 SC
17.32 -2360.21 m
17.32 -2287.903 l
S
0.533 0.541 0.553 SC
17.786 -2360.21 m
17.786 -2287.903 l
S
0.537 0.545 0.553 SC
18.253 -2360.21 m
18.253 -2287.903 l
S
0.537 0.545 0.557 SC
18.719 -2360.21 m
18.719 -2287.903 l
S
0.541 0.549 0.561 SC
19.186 -2360.21 m
19.186 -2287.903 l
S
0.545 0.553 0.565 SC
19.652 -2360.21 m
19.652 -2287.903 l
S
0.549 0.557 0.565 SC
20.119 -2360.21 m
20.119 -2287.903 l
S
0.549 0.557 0.569 SC
20.585 -2360.21 m
20.585 -2287.903 l
S
0.553 0.561 0.573 SC
21.052 -2360.21 m
21.052 -2287.903 l
S
0.557 0.565 0.576 SC
21.518 -2360.21 m
21.518 -2287.903 l
S
0.561 0.569 0.576 SC
21.985 -2360.21 m
21.985 -2287.903 l
S
0.561 0.569 0.58 SC
22.451 -2360.21 m
22.451 -2287.903 l
S
0.565 0.573 0.584 SC
22.918 -2360.21 m
22.918 -2287.903 l
S
0.569 0.576 0.588 SC
23.384 -2360.21 m
23.384 -2287.903 l
S
0.573 0.58 0.588 SC
23.851 -2360.21 m
23.851 -2287.903 l
S
0.573 0.58 0.592 SC
24.317 -2360.21 m
24.317 -2287.903 l
S
0.576 0.584 0.596 SC
24.784 -2360.21 m
24.784 -2287.903 l
S
0.58 0.588 0.596 SC
25.25 -2360.21 m
25.25 -2287.903 l
S
0.584 0.592 0.6 SC
25.717 -2360.21 m
25.717 -2287.903 l
S
0.584 0.592 0.604 SC
26.183 -2360.21 m
26.183 -2287.903 l
S
0.588 0.596 0.608 SC
26.65 -2360.21 m
26.65 -2287.903 l
S
0.592 0.6 0.608 SC
27.116 -2360.21 m
27.116 -2287.903 l
S
0.596 0.604 0.612 SC
27.583 -2360.21 m
27.583 -2287.903 l
S
0.596 0.604 0.616 SC
28.049 -2360.21 m
28.049 -2287.903 l
S
0.6 0.608 0.62 SC
28.516 -2360.21 m
28.516 -2287.903 l
S
0.604 0.612 0.624 SC
28.982 -2360.21 m
28.982 -2287.903 l
S
0.608 0.616 0.624 SC
29.449 -2360.21 m
29.449 -2287.903 l
S
0.608 0.616 0.627 SC
29.915 -2360.21 m
29.915 -2287.903 l
S
0.612 0.62 0.631 SC
30.382 -2360.21 m
30.382 -2287.903 l
S
0.616 0.624 0.635 SC
30.848 -2360.21 m
30.848 -2287.903 l
S
0.62 0.627 0.635 SC
31.315 -2360.21 m
31.315 -2287.903 l
S
0.62 0.631 0.639 SC
31.781 -2360.21 m
31.781 -2287.903 l
S
0.624 0.631 0.643 SC
32.248 -2360.21 m
32.248 -2287.903 l
S
0.627 0.635 0.647 SC
32.714 -2360.21 m
32.714 -2287.903 l
S
0.631 0.639 0.647 SC
33.181 -2360.21 m
33.181 -2287.903 l
S
0.635 0.643 0.651 SC
33.647 -2360.21 m
33.647 -2287.903 l
S
0.635 0.643 0.655 SC
34.113 -2360.21 m
34.113 -2287.903 l
S
0.639 0.647 0.659 SC
34.58 -2360.21 m
34.58 -2287.903 l
S
0.643 0.651 0.663 SC
35.046 -2360.21 m
35.046 -2287.903 l
S
0.647 0.655 0.663 SC
35.513 -2360.21 m
35.513 -2287.903 l
S
0.651 0.659 0.667 SC
35.979 -2360.21 m
35.979 -2287.903 l
S
0.651 0.659 0.671 SC
36.446 -2360.21 m
36.446 -2287.903 l
S
0.655 0.663 0.675 SC
36.912 -2360.21 m
36.912 -2287.903 l
S
0.659 0.667 0.678 SC
37.379 -2360.21 m
37.379 -2287.903 l
S
0.663 0.671 0.678 SC
37.845 -2360.21 m
37.845 -2287.903 l
S
0.663 0.675 0.682 SC
38.312 -2360.21 m
38.312 -2287.903 l
S
0.667 0.675 0.686 SC
38.778 -2360.21 m
38.778 -2287.903 l
S
0.671 0.678 0.69 SC
39.245 -2360.21 m
39.245 -2287.903 l
S
0.675 0.682 0.69 SC
39.711 -2360.21 m
39.711 -2287.903 l
S
0.678 0.686 0.694 SC
40.178 -2360.21 m
40.178 -2287.903 l
S
0.682 0.69 0.698 SC
40.644 -2360.21 m
40.644 -2287.903 l
S
0.682 0.69 0.702 SC
41.111 -2360.21 m
41.111 -2287.903 l
S
0.686 0.694 0.706 SC
41.577 -2360.21 m
41.577 -2287.903 l
S
0.69 0.698 0.706 SC
42.044 -2360.21 m
42.044 -2287.903 l
S
0.694 0.702 0.71 SC
42.51 -2360.21 m
42.51 -2287.903 l
S
0.698 0.706 0.714 SC
42.977 -2360.21 m
42.977 -2287.903 l
S
0.698 0.706 0.718 SC
43.443 -2360.21 m
43.443 -2287.903 l
S
0.702 0.71 0.722 SC
43.91 -2360.21 m
43.91 -2287.903 l
S
0.706 0.714 0.722 SC
44.376 -2360.21 m
44.376 -2287.903 l
S
0.71 0.718 0.725 SC
44.843 -2360.21 m
44.843 -2287.903 l
S
0.714 0.722 0.729 SC
45.309 -2360.21 m
45.309 -2287.903 l
S
0.714 0.722 0.733 SC
45.776 -2360.21 m
45.776 -2287.903 l
S
0.718 0.725 0.737 SC
46.242 -2360.21 m
46.242 -2287.903 l
S
0.722 0.729 0.737 SC
46.709 -2360.21 m
46.709 -2287.903 l
S
0.725 0.733 0.741 SC
47.175 -2360.21 m
47.175 -2287.903 l
S
0.729 0.737 0.745 SC
47.642 -2360.21 m
47.642 -2287.903 l
S
0.733 0.741 0.749 SC
48.108 -2360.21 m
48.108 -2287.903 l
S
0.733 0.741 0.753 SC
48.575 -2360.21 m
48.575 -2287.903 l
49.041 -2360.21 m
49.041 -2287.903 l
S
0.737 0.745 0.753 SC
49.508 -2360.21 m
49.508 -2287.903 l
S
0.741 0.749 0.757 SC
49.974 -2360.21 m
49.974 -2287.903 l
S
0.745 0.753 0.761 SC
50.441 -2360.21 m
50.441 -2287.903 l
S
0.749 0.757 0.765 SC
50.907 -2360.21 m
50.907 -2287.903 l
S
0.753 0.761 0.769 SC
51.374 -2360.21 m
51.374 -2287.903 l
51.84 -2360.21 m
51.84 -2287.903 l
S
0.757 0.765 0.773 SC
52.307 -2360.21 m
52.307 -2287.903 l
S
0.761 0.769 0.776 SC
52.773 -2360.21 m
52.773 -2287.903 l
S
0.765 0.773 0.78 SC
53.24 -2360.21 m
53.24 -2287.903 l
S
0.769 0.776 0.784 SC
53.706 -2360.21 m
53.706 -2287.903 l
S
0.773 0.776 0.784 SC
54.173 -2360.21 m
54.173 -2287.903 l
S
0.776 0.78 0.788 SC
54.639 -2360.21 m
54.639 -2287.903 l
S
0.776 0.784 0.792 SC
55.106 -2360.21 m
55.106 -2287.903 l
S
0.78 0.788 0.796 SC
55.572 -2360.21 m
55.572 -2287.903 l
S
0.784 0.792 0.8 SC
56.039 -2360.21 m
56.039 -2287.903 l
S
0.788 0.796 0.8 SC
56.505 -2360.21 m
56.505 -2287.903 l
S
0.792 0.796 0.804 SC
56.972 -2360.21 m
56.972 -2287.903 l
S
0.796 0.8 0.808 SC
57.438 -2360.21 m
57.438 -2287.903 l
S
0.796 0.804 0.812 SC
57.905 -2360.21 m
57.905 -2287.903 l
S
0.8 0.808 0.816 SC
58.371 -2360.21 m
58.371 -2287.903 l
S
0.804 0.812 0.816 SC
58.838 -2360.21 m
58.838 -2287.903 l
S
0.808 0.812 0.82 SC
59.304 -2360.21 m
59.304 -2287.903 l
S
0.812 0.816 0.824 SC
59.771 -2360.21 m
59.771 -2287.903 l
S
0.816 0.82 0.827 SC
60.237 -2360.21 m
60.237 -2287.903 l
S
0.816 0.824 0.831 SC
60.704 -2360.21 m
60.704 -2287.903 l
S
0.82 0.827 0.831 SC
61.17 -2360.21 m
61.17 -2287.903 l
S
0.824 0.831 0.835 SC
61.637 -2360.21 m
61.637 -2287.903 l
S
0.827 0.831 0.839 SC
62.103 -2360.21 m
62.103 -2287.903 l
S
0.831 0.835 0.843 SC
62.57 -2360.21 m
62.57 -2287.903 l
S
0.835 0.839 0.843 SC
63.036 -2360.21 m
63.036 -2287.903 l
S
0.835 0.843 0.847 SC
63.503 -2360.21 m
63.503 -2287.903 l
S
0.839 0.847 0.851 SC
63.969 -2360.21 m
63.969 -2287.903 l
S
0.843 0.847 0.855 SC
64.436 -2360.21 m
64.436 -2287.903 l
S
0.847 0.851 0.859 SC
64.902 -2360.21 m
64.902 -2287.903 l
S
0.851 0.855 0.859 SC
65.369 -2360.21 m
65.369 -2287.903 l
S
0.855 0.859 0.863 SC
65.835 -2360.21 m
65.835 -2287.903 l
S
0.855 0.863 0.867 SC
66.302 -2360.21 m
66.302 -2287.903 l
S
0.859 0.863 0.871 SC
66.768 -2360.21 m
66.768 -2287.903 l
S
0.863 0.867 0.875 SC
67.235 -2360.21 m
67.235 -2287.903 l
S
0.867 0.871 0.875 SC
67.701 -2360.21 m
67.701 -2287.903 l
S
0.871 0.875 0.878 SC
68.168 -2360.21 m
68.168 -2287.903 l
S
0.875 0.878 0.882 SC
68.634 -2360.21 m
68.634 -2287.903 l
S
0.875 0.882 0.886 SC
69.101 -2360.21 m
69.101 -2287.903 l
S
0.878 0.882 0.89 SC
69.567 -2360.21 m
69.567 -2287.903 l
S
0.882 0.886 0.89 SC
70.034 -2360.21 m
70.034 -2287.903 l
S
0.886 0.89 0.894 SC
70.5 -2360.21 m
70.5 -2287.903 l
S
0.89 0.894 0.898 SC
70.967 -2360.21 m
70.967 -2287.903 l
S
0.894 0.898 0.902 SC
71.433 -2360.21 m
71.433 -2287.903 l
S
0.898 0.898 0.902 SC
71.9 -2360.21 m
71.9 -2287.903 l
S
0.898 0.902 0.906 SC
72.366 -2360.21 m
72.366 -2287.903 l
S
0.902 0.906 0.91 SC
72.833 -2360.21 m
72.833 -2287.903 l
S
0.906 0.91 0.914 SC
73.299 -2360.21 m
73.299 -2287.903 l
S
0.91 0.914 0.918 SC
73.766 -2360.21 m
73.766 -2287.903 l
S
0.914 0.918 0.922 SC
74.232 -2360.21 m
74.232 -2287.903 l
S
0.918 0.922 0.922 SC
74.699 -2360.21 m
74.699 -2287.903 l
S
0.922 0.922 0.925 SC
75.165 -2360.21 m
75.165 -2287.903 l
S
0.922 0.925 0.929 SC
75.632 -2360.21 m
75.632 -2287.903 l
S
0.925 0.929 0.933 SC
76.098 -2360.21 m
76.098 -2287.903 l
S
0.929 0.933 0.933 SC
76.565 -2360.21 m
76.565 -2287.903 l
S
0.933 0.937 0.937 SC
77.031 -2360.21 m
77.031 -2287.903 l
S
0.937 0.937 0.941 SC
77.498 -2360.21 m
77.498 -2287.903 l
S
0.941 0.941 0.945 SC
77.964 -2360.21 m
77.964 -2287.903 l
S
0.945 0.945 0.949 SC
78.431 -2360.21 m
78.431 -2287.903 l
S
0.945 0.949 0.949 SC
78.897 -2360.21 m
78.897 -2287.903 l
S
0.949 0.953 0.953 SC
79.364 -2360.21 m
79.364 -2287.903 l
S
0.953 0.957 0.957 SC
79.83 -2360.21 m
79.83 -2287.903 l
S
0.957 0.957 0.961 SC
80.297 -2360.21 m
80.297 -2287.903 l
S
0.961 0.961 0.965 SC
80.763 -2360.21 m
80.763 -2287.903 l
S
0.965 0.965 0.969 SC
81.23 -2360.21 m
81.23 -2287.903 l
S
0.969 0.969 0.969 SC
81.696 -2360.21 m
81.696 -2287.903 l
S
0.973 0.973 0.973 SC
82.163 -2360.21 m
82.163 -2287.903 l
S
0.976 0.976 0.976 SC
82.629 -2360.21 m
82.629 -2287.903 l
S
0.98 0.98 0.984 SC
83.096 -2360.21 m
83.096 -2287.903 l
S
0.988 0.988 0.988 SC
83.562 -2360.21 m
83.562 -2287.903 l
S
0.992 0.992 0.992 SC
84.029 -2360.21 m
84.029 -2287.903 l
S
1 1 1 SC
84.495 -2360.21 m
84.495 -2287.903 l
S
Q
Q
q
1 i 
-9 851 613 -860 re
0 841 m
W n
0.03 841.02 595.02 -841.02 re
W n
/Cs5 cs 0.161 0.145 0.149 sc
/GS1 gs
0.03 841.02 35.4 -6.11 re
f
/Cs5 CS 0.161 0.145 0.149 SC
0 J 0 j 0.3 w 10 M []0 d
28.347 841.076 m
28.347 805.006 l
S
286.3 22.8 22.68 -22.8 re
f
BT
/F1 1 Tf
10 0 0 10 289.2992 7.7671 Tm
1 1 1 sc
-0.0002 Tc
0 Tw
(696)Tj
/F3 1 Tf
7 0 0 7 35.4331 17.5374 Tm
0.161 0.145 0.149 sc
-0.0001 Tc
-0.0306 Tw
[(Swissmedic Jour)-17.9(nal)-1111.9(9/2002)]TJ
/F2 1 Tf
10 0 0 10 85.0394 763.6339 Tm
-0.0337 Tw
[(01)-1044.2(Orimeten, T)98.8(abletten)]TJ
/F5 1 Tf
0 -1.4174 TD
-0.0306 Tw
(Novartis Pharma Schweiz AG, Südbahnhofstrasse 14d, 3001 Bern)Tj
ET
0.4 w 
85.04 741.51 m
552.76 741.51 l
85.04 723.82 m
552.76 723.82 l
S
BT
10 0 0 10 85.0394 729.1213 Tm
-0.0002 Tc
0 Tw
[(Zul.-Nr)91.6(.: )]TJ
/F2 1 Tf
3.8771 0 TD
(43331)Tj
/F5 1 Tf
8.8788 0 TD
0 Tc
(V)Tj
0.6301 0 TD
-0.0001 Tc
(erkaufsart: )Tj
/F2 1 Tf
5.3041 0 TD
0 Tc
(B)Tj
/F5 1 Tf
6.8216 0 TD
-0.0001 Tc
-0.0306 Tw
[(Index: 07.16.1.)-9563.5(03.09.2002)]TJ
-25.5118 -2.2428 TD
0 Tw
[(Zusammensetzung:)-921.1(01)]TJ
8.3 0 0 8.3 198.4252 706.6931 Tm
-0.0306 Tw
[(AMINOGLUTETHIMIDUM 250)-278.1(mg, EXCIPIENS pro COMPRESSO.)]TJ
10 0 0 10 85.0394 692.5195 Tm
0 Tw
[(Anwendung:)-5285.2(Cytostaticum)]TJ
0 -1.4174 TD
-0.0002 Tc
[(Packung:)-7116.9(––)]TJ
T*
-0.0001 Tc
-0.0306 Tw
[(* Bemerkungen:)-3702(Exportspezialität)]TJ
11.3386 -1.4174 TD
(Ersetzt die Registrierungsurkunde vom 01.09.2000)Tj
-11.3386 -1.4174 TD
[(Gültig bis:)-6647.8(31. Dezember 2005)]TJ
ET
85.04 627.41 m
552.76 627.41 l
S
BT
/F2 1 Tf
10 0 0 10 85.0394 591.4155 Tm
-0.0336 Tw
[(01)-1044.2(Recormon 1000)-306(U.I./1)-306(mL, Injektionspräparat)]TJ
0 -1.2835 TD
[(02)-1044.2(Recormon 5000)-306(U.I./1)-306(mL, Injektionspräparat)]TJ
T*
[(03)-1044.2(Recormon 10’000)-306(U.I./mL, Injektionspräparat)]TJ
T*
[(07)-1044.2(Recormon 2000)-306(U.I./1)-306(mL, Injektionspräparat)]TJ
T*
[(09)-1044.2(Recormon 500)-306(U.I./0,5)-306(mL, Injektionspräparat)]TJ
/F5 1 Tf
0 -1.4174 TD
-0.0306 Tw
(Roche Pharma \(Schweiz\) AG, Schönmattstrasse 2, 4153 Reinach)Tj
ET
85.04 517.95 m
552.76 517.95 l
85.04 500.26 m
552.76 500.26 l
S
BT
10 0 0 10 85.0394 505.5644 Tm
-0.0002 Tc
0 Tw
[(Zul.-Nr)91.6(.: )]TJ
/F2 1 Tf
3.8771 0 TD
(50265)Tj
/F5 1 Tf
8.8788 0 TD
0 Tc
(V)Tj
0.6301 0 TD
-0.0001 Tc
(erkaufsart: )Tj
/F2 1 Tf
5.3041 0 TD
0 Tc
(A)Tj
/F5 1 Tf
6.8216 0 TD
-0.0001 Tc
-0.0306 Tw
[(Index: 06.07.3.)-9563.5(25.09.2002)]TJ
-25.5118 -2.2428 TD
0 Tw
[(Zusammensetzung:)-921.1(01)]TJ
8.3 0 0 8.3 198.4252 483.1362 Tm
0.0167 Tw
[(PRAEP)36.7(ARA)73.7(TIO CR)17.7(YODESICCA)73.7(T)54.8(A: EPOETINUM beta ADNr 1’000)-278.1(U.I., UREUM, NA)73.7(TRII CHLORI-)]TJ
0 -1.3661 TD
0.1608 Tw
[(DUM, NA)73.7(TRII PHOSPHA)73.7(TES, CALCII CHLORIDUM, POL)91.5(YSORBA)73.7(TUM 20, ACIDUM GLUT)54.7(AMI-)]TJ
T*
-0.0142 Tw
[(CUM, GL)91.5(YCINUM, ISOLEUCINUM, LEUCINUM, PHENYLALANINUM, THREONINUM pro VITRO,)]TJ
T*
-0.0306 Tw
[(SOL)73.7(VENS: AQUA ad INIECT)54.7(ABILIA 1)-278.1(mL. )]TJ
10 0 0 10 184.252 434.9456 Tm
-0.0002 Tc
0 Tw
(02)Tj
8.3 0 0 8.3 198.4252 434.9456 Tm
-0.0001 Tc
0.0167 Tw
[(PRAEP)36.7(ARA)73.7(TIO CR)17.7(YODESICCA)73.7(T)54.8(A: EPOETINUM beta ADNr 5’000)-278.1(U.I., UREUM, NA)73.7(TRII CHLORI-)]TJ
T*
0.1608 Tw
[(DUM, NA)73.7(TRII PHOSPHA)73.7(TES, CALCII CHLORIDUM, POL)91.5(YSORBA)73.7(TUM 20, ACIDUM GLUT)54.7(AMI-)]TJ
T*
-0.0142 Tw
[(CUM, GL)91.5(YCINUM, ISOLEUCINUM, LEUCINUM, PHENYLALANINUM, THREONINUM pro VITRO,)]TJ
T*
-0.0306 Tw
[(SOL)73.7(VENS: AQUA ad INIECT)54.7(ABILIA 1)-278.1(mL. )]TJ
10 0 0 10 184.252 386.755 Tm
-0.0002 Tc
0 Tw
(03)Tj
8.3 0 0 8.3 198.4252 386.755 Tm
-0.0001 Tc
-0.0528 Tw
[(PRAEP)36.7(ARA)73.7(TIO CR)17.7(YODESICCA)73.7(T)54.8(A: EPOETINUM beta ADNr 10’000)-278.1(U.I., UREUM, NA)73.7(TRII CHLORI-)]TJ
T*
0.1608 Tw
[(DUM, NA)73.7(TRII PHOSPHA)73.7(TES, CALCII CHLORIDUM, POL)91.5(YSORBA)73.7(TUM 20, ACIDUM GLUT)54.7(AMI-)]TJ
T*
-0.0142 Tw
[(CUM, GL)91.5(YCINUM, ISOLEUCINUM, LEUCINUM, PHENYLALANINUM, THREONINUM pro VITRO,)]TJ
T*
-0.0306 Tw
[(SOL)73.7(VENS: AQUA ad INIECT)54.7(ABILIA 1)-278.1(mL. )]TJ
10 0 0 10 184.252 338.5644 Tm
-0.0002 Tc
0 Tw
(07)Tj
8.3 0 0 8.3 198.4252 338.5644 Tm
-0.0001 Tc
0.0167 Tw
[(PRAEP)36.7(ARA)73.7(TIO CR)17.7(YODESICCA)73.7(T)54.8(A: EPOETINUM beta ADNr 2’000)-278.1(U.I., UREUM, NA)73.7(TRII CHLORI-)]TJ
T*
0.1608 Tw
[(DUM, NA)73.7(TRII PHOSPHA)73.7(TES, CALCII CHLORIDUM, POL)91.5(YSORBA)73.7(TUM 20, ACIDUM GLUT)54.7(AMI-)]TJ
T*
-0.0142 Tw
[(CUM, GL)91.5(YCINUM, ISOLEUCINUM, LEUCINUM, PHENYLALANINUM, THREONINUM pro VITRO,)]TJ
T*
-0.0306 Tw
[(SOL)73.7(VENS: AQUA ad INIECT)54.7(ABILIA 1)-278.1(mL. )]TJ
10 0 0 10 184.252 290.3737 Tm
-0.0002 Tc
0 Tw
(09)Tj
8.3 0 0 8.3 198.4252 290.3737 Tm
-0.0001 Tc
0.1209 Tw
[(PRAEP)36.7(ARA)73.7(TIO CR)17.7(YODESICCA)73.7(T)54.8(A: EPOETINUM beta ADNr 500)-278.1(U.I., UREUM, NA)73.7(TRII CHLORI-)]TJ
T*
0.1608 Tw
[(DUM, NA)73.7(TRII PHOSPHA)73.7(TES, CALCII CHLORIDUM, POL)91.5(YSORBA)73.7(TUM 20, ACIDUM GLUT)54.7(AMI-)]TJ
T*
-0.0142 Tw
[(CUM, GL)91.5(YCINUM, ISOLEUCINUM, LEUCINUM, PHENYLALANINUM, THREONINUM pro VITRO,)]TJ
T*
-0.0306 Tw
[(SOL)73.7(VENS: AQUA ad INIECT)54.7(ABILIA 0.5)-278.1(mL. )]TJ
10 0 0 10 85.0394 242.1832 Tm
[(Anwendung:)-5285.2(Stimulierung der Erythropoese)]TJ
0 -1.4174 TD
0 Tw
[(Packungen:)-5950(––)]TJ
T*
-0.0306 Tw
[(* Bemerkungen:)-3702(Exportspezialität)]TJ
11.3386 -1.4174 TD
(Ersetzt die Registrierungsurkunde vom 27.06.2001)Tj
-11.3386 -1.4174 TD
[(Gültig bis:)-6647.8(31. Dezember 2005)]TJ
ET
85.04 177.07 m
552.76 177.07 l
S
Q

q
1 i 
-9 851 613 -860 re
0 841 m
W n
0.03 841.02 595.02 -841.02 re
W n
BT
/F4 1 Tf
12.5 0 0 12.5 285.8058 811.7825 Tm
/Cs5 cs 0.161 0.145 0.149 sc
/GS1 gs
-0.0001 Tc
-0.0286 Tw
[(Arzneimittel Statistik)-130(/)-129.9(M)0.1(édicaments miscellanées)]TJ
ET
/Cs5 CS 0.161 0.145 0.149 SC
0 J 0 j 0.3 w 10 M []0 d
42.8 805.15 m
567.2 805.15 l
S
Q
q
1 i 
361.69 850.5 198.43 -24.09 re
560.097 811.782 m
W* n
-9 851 613 -860 re
0 841 m
W n
0.03 841.02 595.02 -841.02 re
W n
q
2.7718 0 0 -0.3608 0 0 cm
/Cs5 CS 1 1 1 SC
0 J 0 j 0.5 w 10 M []0 d
/GS1 gs
130.36 -2360.21 m
130.36 -2287.903 l
S
0.992 0.992 0.992 SC
130.827 -2360.21 m
130.827 -2287.903 l
S
0.988 0.988 0.988 SC
131.293 -2360.21 m
131.293 -2287.903 l
S
0.98 0.98 0.984 SC
131.76 -2360.21 m
131.76 -2287.903 l
S
0.976 0.976 0.976 SC
132.226 -2360.21 m
132.226 -2287.903 l
S
0.973 0.973 0.973 SC
132.693 -2360.21 m
132.693 -2287.903 l
S
0.969 0.969 0.969 SC
133.159 -2360.21 m
133.159 -2287.903 l
S
0.965 0.965 0.969 SC
133.626 -2360.21 m
133.626 -2287.903 l
S
0.961 0.961 0.965 SC
134.092 -2360.21 m
134.092 -2287.903 l
S
0.957 0.957 0.961 SC
134.559 -2360.21 m
134.559 -2287.903 l
S
0.953 0.957 0.957 SC
135.025 -2360.21 m
135.025 -2287.903 l
S
0.949 0.953 0.953 SC
135.492 -2360.21 m
135.492 -2287.903 l
S
0.945 0.949 0.949 SC
135.958 -2360.21 m
135.958 -2287.903 l
S
0.945 0.945 0.949 SC
136.425 -2360.21 m
136.425 -2287.903 l
S
0.941 0.941 0.945 SC
136.891 -2360.21 m
136.891 -2287.903 l
S
0.937 0.937 0.941 SC
137.358 -2360.21 m
137.358 -2287.903 l
S
0.933 0.937 0.937 SC
137.824 -2360.21 m
137.824 -2287.903 l
S
0.929 0.933 0.933 SC
138.291 -2360.21 m
138.291 -2287.903 l
S
0.925 0.929 0.933 SC
138.757 -2360.21 m
138.757 -2287.903 l
S
0.922 0.925 0.929 SC
139.224 -2360.21 m
139.224 -2287.903 l
S
0.922 0.922 0.925 SC
139.69 -2360.21 m
139.69 -2287.903 l
S
0.918 0.922 0.922 SC
140.157 -2360.21 m
140.157 -2287.903 l
S
0.914 0.918 0.922 SC
140.623 -2360.21 m
140.623 -2287.903 l
S
0.91 0.914 0.918 SC
141.09 -2360.21 m
141.09 -2287.903 l
S
0.906 0.91 0.914 SC
141.556 -2360.21 m
141.556 -2287.903 l
S
0.902 0.906 0.91 SC
142.023 -2360.21 m
142.023 -2287.903 l
S
0.898 0.902 0.906 SC
142.489 -2360.21 m
142.489 -2287.903 l
S
0.898 0.898 0.902 SC
142.956 -2360.21 m
142.956 -2287.903 l
S
0.894 0.898 0.902 SC
143.422 -2360.21 m
143.422 -2287.903 l
S
0.89 0.894 0.898 SC
143.889 -2360.21 m
143.889 -2287.903 l
S
0.886 0.89 0.894 SC
144.355 -2360.21 m
144.355 -2287.903 l
S
0.882 0.886 0.89 SC
144.822 -2360.21 m
144.822 -2287.903 l
S
0.878 0.882 0.89 SC
145.288 -2360.21 m
145.288 -2287.903 l
S
0.875 0.882 0.886 SC
145.755 -2360.21 m
145.755 -2287.903 l
S
0.875 0.878 0.882 SC
146.221 -2360.21 m
146.221 -2287.903 l
S
0.871 0.875 0.878 SC
146.688 -2360.21 m
146.688 -2287.903 l
S
0.867 0.871 0.875 SC
147.154 -2360.21 m
147.154 -2287.903 l
S
0.863 0.867 0.875 SC
147.621 -2360.21 m
147.621 -2287.903 l
S
0.859 0.863 0.871 SC
148.087 -2360.21 m
148.087 -2287.903 l
S
0.855 0.863 0.867 SC
148.554 -2360.21 m
148.554 -2287.903 l
S
0.855 0.859 0.863 SC
149.02 -2360.21 m
149.02 -2287.903 l
S
0.851 0.855 0.859 SC
149.487 -2360.21 m
149.487 -2287.903 l
S
0.847 0.851 0.859 SC
149.953 -2360.21 m
149.953 -2287.903 l
S
0.843 0.847 0.855 SC
150.42 -2360.21 m
150.42 -2287.903 l
S
0.839 0.847 0.851 SC
150.886 -2360.21 m
150.886 -2287.903 l
S
0.835 0.843 0.847 SC
151.353 -2360.21 m
151.353 -2287.903 l
S
0.835 0.839 0.843 SC
151.819 -2360.21 m
151.819 -2287.903 l
S
0.831 0.835 0.843 SC
152.286 -2360.21 m
152.286 -2287.903 l
S
0.827 0.831 0.839 SC
152.752 -2360.21 m
152.752 -2287.903 l
S
0.824 0.831 0.835 SC
153.219 -2360.21 m
153.219 -2287.903 l
S
0.82 0.827 0.831 SC
153.685 -2360.21 m
153.685 -2287.903 l
S
0.816 0.824 0.831 SC
154.152 -2360.21 m
154.152 -2287.903 l
S
0.816 0.82 0.827 SC
154.618 -2360.21 m
154.618 -2287.903 l
S
0.812 0.816 0.824 SC
155.085 -2360.21 m
155.085 -2287.903 l
S
0.808 0.812 0.82 SC
155.551 -2360.21 m
155.551 -2287.903 l
S
0.804 0.812 0.816 SC
156.018 -2360.21 m
156.018 -2287.903 l
S
0.8 0.808 0.816 SC
156.484 -2360.21 m
156.484 -2287.903 l
S
0.796 0.804 0.812 SC
156.951 -2360.21 m
156.951 -2287.903 l
S
0.796 0.8 0.808 SC
157.417 -2360.21 m
157.417 -2287.903 l
S
0.792 0.796 0.804 SC
157.884 -2360.21 m
157.884 -2287.903 l
S
0.788 0.796 0.8 SC
158.35 -2360.21 m
158.35 -2287.903 l
S
0.784 0.792 0.8 SC
158.817 -2360.21 m
158.817 -2287.903 l
S
0.78 0.788 0.796 SC
159.283 -2360.21 m
159.283 -2287.903 l
S
0.776 0.784 0.792 SC
159.75 -2360.21 m
159.75 -2287.903 l
S
0.776 0.78 0.788 SC
160.216 -2360.21 m
160.216 -2287.903 l
S
0.773 0.776 0.784 SC
160.683 -2360.21 m
160.683 -2287.903 l
S
0.769 0.776 0.784 SC
161.149 -2360.21 m
161.149 -2287.903 l
S
0.765 0.773 0.78 SC
161.616 -2360.21 m
161.616 -2287.903 l
S
0.761 0.769 0.776 SC
162.082 -2360.21 m
162.082 -2287.903 l
S
0.757 0.765 0.773 SC
162.549 -2360.21 m
162.549 -2287.903 l
S
0.753 0.761 0.769 SC
163.015 -2360.21 m
163.015 -2287.903 l
163.482 -2360.21 m
163.482 -2287.903 l
S
0.749 0.757 0.765 SC
163.948 -2360.21 m
163.948 -2287.903 l
S
0.745 0.753 0.761 SC
164.415 -2360.21 m
164.415 -2287.903 l
S
0.741 0.749 0.757 SC
164.881 -2360.21 m
164.881 -2287.903 l
S
0.737 0.745 0.753 SC
165.348 -2360.21 m
165.348 -2287.903 l
S
0.733 0.741 0.753 SC
165.814 -2360.21 m
165.814 -2287.903 l
S
0.733 0.741 0.749 SC
166.281 -2360.21 m
166.281 -2287.903 l
166.747 -2360.21 m
166.747 -2287.903 l
S
0.729 0.737 0.745 SC
167.214 -2360.21 m
167.214 -2287.903 l
S
0.725 0.733 0.741 SC
167.68 -2360.21 m
167.68 -2287.903 l
S
0.722 0.729 0.737 SC
168.147 -2360.21 m
168.147 -2287.903 l
S
0.718 0.725 0.737 SC
168.613 -2360.21 m
168.613 -2287.903 l
S
0.714 0.722 0.733 SC
169.08 -2360.21 m
169.08 -2287.903 l
S
0.714 0.722 0.729 SC
169.546 -2360.21 m
169.546 -2287.903 l
S
0.71 0.718 0.725 SC
170.013 -2360.21 m
170.013 -2287.903 l
S
0.706 0.714 0.722 SC
170.479 -2360.21 m
170.479 -2287.903 l
S
0.702 0.71 0.722 SC
170.946 -2360.21 m
170.946 -2287.903 l
S
0.698 0.706 0.718 SC
171.412 -2360.21 m
171.412 -2287.903 l
S
0.698 0.706 0.714 SC
171.879 -2360.21 m
171.879 -2287.903 l
S
0.694 0.702 0.71 SC
172.345 -2360.21 m
172.345 -2287.903 l
S
0.69 0.698 0.706 SC
172.812 -2360.21 m
172.812 -2287.903 l
S
0.686 0.694 0.706 SC
173.278 -2360.21 m
173.278 -2287.903 l
S
0.682 0.69 0.702 SC
173.745 -2360.21 m
173.745 -2287.903 l
S
0.682 0.69 0.698 SC
174.211 -2360.21 m
174.211 -2287.903 l
S
0.678 0.686 0.694 SC
174.678 -2360.21 m
174.678 -2287.903 l
S
0.675 0.682 0.69 SC
175.144 -2360.21 m
175.144 -2287.903 l
S
0.671 0.678 0.69 SC
175.611 -2360.21 m
175.611 -2287.903 l
S
0.667 0.675 0.686 SC
176.077 -2360.21 m
176.077 -2287.903 l
S
0.663 0.675 0.682 SC
176.544 -2360.21 m
176.544 -2287.903 l
S
0.663 0.671 0.678 SC
177.01 -2360.21 m
177.01 -2287.903 l
S
0.659 0.667 0.678 SC
177.477 -2360.21 m
177.477 -2287.903 l
S
0.655 0.663 0.675 SC
177.943 -2360.21 m
177.943 -2287.903 l
S
0.651 0.659 0.671 SC
178.41 -2360.21 m
178.41 -2287.903 l
S
0.651 0.659 0.667 SC
178.876 -2360.21 m
178.876 -2287.903 l
S
0.647 0.655 0.663 SC
179.343 -2360.21 m
179.343 -2287.903 l
S
0.643 0.651 0.663 SC
179.809 -2360.21 m
179.809 -2287.903 l
S
0.639 0.647 0.659 SC
180.276 -2360.21 m
180.276 -2287.903 l
S
0.635 0.643 0.655 SC
180.742 -2360.21 m
180.742 -2287.903 l
S
0.635 0.643 0.651 SC
181.209 -2360.21 m
181.209 -2287.903 l
S
0.631 0.639 0.647 SC
181.675 -2360.21 m
181.675 -2287.903 l
S
0.627 0.635 0.647 SC
182.142 -2360.21 m
182.142 -2287.903 l
S
0.624 0.631 0.643 SC
182.608 -2360.21 m
182.608 -2287.903 l
S
0.62 0.631 0.639 SC
183.075 -2360.21 m
183.075 -2287.903 l
S
0.62 0.627 0.635 SC
183.541 -2360.21 m
183.541 -2287.903 l
S
0.616 0.624 0.635 SC
184.008 -2360.21 m
184.008 -2287.903 l
S
0.612 0.62 0.631 SC
184.474 -2360.21 m
184.474 -2287.903 l
S
0.608 0.616 0.627 SC
184.941 -2360.21 m
184.941 -2287.903 l
S
0.608 0.616 0.624 SC
185.407 -2360.21 m
185.407 -2287.903 l
S
0.604 0.612 0.624 SC
185.874 -2360.21 m
185.874 -2287.903 l
S
0.6 0.608 0.62 SC
186.34 -2360.21 m
186.34 -2287.903 l
S
0.596 0.604 0.616 SC
186.806 -2360.21 m
186.806 -2287.903 l
S
0.596 0.604 0.612 SC
187.273 -2360.21 m
187.273 -2287.903 l
S
0.592 0.6 0.608 SC
187.739 -2360.21 m
187.739 -2287.903 l
S
0.588 0.596 0.608 SC
188.206 -2360.21 m
188.206 -2287.903 l
S
0.584 0.592 0.604 SC
188.672 -2360.21 m
188.672 -2287.903 l
S
0.584 0.592 0.6 SC
189.139 -2360.21 m
189.139 -2287.903 l
S
0.58 0.588 0.596 SC
189.605 -2360.21 m
189.605 -2287.903 l
S
0.576 0.584 0.596 SC
190.072 -2360.21 m
190.072 -2287.903 l
S
0.573 0.58 0.592 SC
190.538 -2360.21 m
190.538 -2287.903 l
S
0.573 0.58 0.588 SC
191.005 -2360.21 m
191.005 -2287.903 l
S
0.569 0.576 0.588 SC
191.471 -2360.21 m
191.471 -2287.903 l
S
0.565 0.573 0.584 SC
191.938 -2360.21 m
191.938 -2287.903 l
S
0.561 0.569 0.58 SC
192.404 -2360.21 m
192.404 -2287.903 l
S
0.561 0.569 0.576 SC
192.871 -2360.21 m
192.871 -2287.903 l
S
0.557 0.565 0.576 SC
193.337 -2360.21 m
193.337 -2287.903 l
S
0.553 0.561 0.573 SC
193.804 -2360.21 m
193.804 -2287.903 l
S
0.549 0.557 0.569 SC
194.27 -2360.21 m
194.27 -2287.903 l
S
0.549 0.557 0.565 SC
194.737 -2360.21 m
194.737 -2287.903 l
S
0.545 0.553 0.565 SC
195.203 -2360.21 m
195.203 -2287.903 l
S
0.541 0.549 0.561 SC
195.67 -2360.21 m
195.67 -2287.903 l
S
0.537 0.545 0.557 SC
196.136 -2360.21 m
196.136 -2287.903 l
S
0.537 0.545 0.553 SC
196.603 -2360.21 m
196.603 -2287.903 l
S
0.533 0.541 0.553 SC
197.069 -2360.21 m
197.069 -2287.903 l
S
0.529 0.537 0.549 SC
197.536 -2360.21 m
197.536 -2287.903 l
S
0.529 0.533 0.545 SC
198.002 -2360.21 m
198.002 -2287.903 l
S
0.525 0.533 0.541 SC
198.469 -2360.21 m
198.469 -2287.903 l
S
0.522 0.529 0.541 SC
198.935 -2360.21 m
198.935 -2287.903 l
S
0.518 0.525 0.537 SC
199.402 -2360.21 m
199.402 -2287.903 l
S
0.518 0.525 0.533 SC
199.868 -2360.21 m
199.868 -2287.903 l
S
0.514 0.522 0.529 SC
200.335 -2360.21 m
200.335 -2287.903 l
S
0.51 0.518 0.529 SC
200.801 -2360.21 m
200.801 -2287.903 l
S
0.51 0.514 0.525 SC
201.268 -2360.21 m
201.268 -2287.903 l
S
0.506 0.514 0.522 SC
201.734 -2360.21 m
201.734 -2287.903 l
S
0.502 0.51 0.518 SC
202.201 -2360.21 m
202.201 -2287.903 l
S
Q
Q
q
1 i 
-9 851 613 -860 re
0 841 m
W n
0.03 841.02 595.02 -841.02 re
W n
/Cs5 cs 0.161 0.145 0.149 sc
/GS1 gs
560.12 841.02 34.93 -6.11 re
f
/Cs5 CS 0.161 0.145 0.149 SC
0 J 0 j 0.3 w 10 M []0 d
567.202 840.678 m
567.202 804.948 l
S
286.57 22.8 22.68 -22.8 re
f
BT
/F1 1 Tf
10 0 0 10 289.5747 7.7671 Tm
1 1 1 sc
-0.0002 Tc
0 Tw
(697)Tj
/F3 1 Tf
7 0 0 7 473.8676 17.5374 Tm
0.161 0.145 0.149 sc
-0.0001 Tc
-0.0306 Tw
[(Swissmedic Jour)-17.9(nal)-1111.9(9/2002)]TJ
/F2 1 Tf
10 0 0 10 42.7953 763.6339 Tm
-0.0336 Tw
[(03)-1044.2(Redoxon Cassis, Brausetabletten)]TJ
0 -1.2835 TD
[(06)-1044.2(Redoxon Lemon, Brausetabletten)]TJ
T*
-0.0337 Tw
[(07)-1044.2(Redoxon Orange, Brausetabletten)]TJ
/F5 1 Tf
0 -1.4174 TD
-0.0306 Tw
(Roche Pharma \(Schweiz\) AG, Schönmattstrasse 2, 4153 Reinach)Tj
ET
0.4 w 
42.8 715.84 m
510.51 715.84 l
42.8 698.15 m
510.51 698.15 l
S
BT
10 0 0 10 42.7953 703.452 Tm
-0.0002 Tc
0 Tw
[(Zul.-Nr)91.6(.: )]TJ
/F2 1 Tf
3.8772 0 TD
(23711)Tj
/F5 1 Tf
8.8787 0 TD
0 Tc
(V)Tj
0.6301 0 TD
-0.0001 Tc
(erkaufsart: )Tj
/F2 1 Tf
5.3042 0 TD
0 Tc
(D)Tj
/F5 1 Tf
6.8216 0 TD
-0.0001 Tc
-0.0306 Tw
[(Index: 07.02.3.)-9563.5(20.09.2002)]TJ
-25.5118 -2.2428 TD
0 Tw
[(Zusammensetzung:)-921.1(03)]TJ
8.3 0 0 8.3 156.1811 681.0239 Tm
-0.0837 Tw
[(ACIDUM ASCORBICUM 1)-278.1(g, SACCHARUM, SACCHARINUM, AROMA)73.7(TICA, EXCIPIENS pro COM-)]TJ
0 -1.3661 TD
0 Tw
(PRESSO.)Tj
10 0 0 10 142.0079 655.5112 Tm
-0.0002 Tc
(06)Tj
8.3 0 0 8.3 156.1811 655.5112 Tm
-0.0001 Tc
-0.0837 Tw
[(ACIDUM ASCORBICUM 1)-278.1(g, SACCHARUM, SACCHARINUM, AROMA)73.7(TICA, EXCIPIENS pro COM-)]TJ
T*
0 Tw
(PRESSO.)Tj
10 0 0 10 142.0079 629.9986 Tm
-0.0002 Tc
(07)Tj
8.3 0 0 8.3 156.1811 629.9985 Tm
-0.0001 Tc
0.3248 Tw
[(ACIDUM ASCORBICUM 1)-278.1(g, SACCHARUM, SACCHARINUM, AROMA)73.7(TICA, EXCIPIENS pro)]TJ
T*
0 Tw
(COMPRESSO.)Tj
10 0 0 10 42.7953 604.486 Tm
-0.0306 Tw
[(Anwendung:)-5285.2(V)17.7(itamin C-Präparat)]TJ
0 -1.4174 TD
[(* Packungen:)-5146.8(––)]TJ
T*
[(Bemerkung:)-5671.9(Nur für den Export bestimmt)]TJ
T*
[(* Gültig bis:)-5844.6(19. September 2007)]TJ
ET
42.8 553.55 m
510.51 553.55 l
S
BT
/F2 1 Tf
10 0 0 10 42.7953 517.5557 Tm
-0.0336 Tw
[(01)-1044.2(Tildiem, comprimés)]TJ
/F5 1 Tf
T*
-0.0306 Tw
[(* Sanofi-Synthélabo \(Suisse\) SA, 11, rue de V)36.7(eyrot, 1217 Meyrin)]TJ
ET
42.8 495.43 m
510.51 495.43 l
42.8 477.74 m
510.51 477.74 l
S
BT
10 0 0 10 42.7953 483.043 Tm
-0.0002 Tc
0 Tw
[(N°)-247.4(AMM: )]TJ
/F2 1 Tf
4.5038 0 TD
(49265)Tj
/F5 1 Tf
8.2521 0 TD
-0.0001 Tc
-0.0306 Tw
(Mode de vente: )Tj
/F2 1 Tf
7.5194 0 TD
0 Tc
0 Tw
(B)Tj
/F5 1 Tf
5.2365 0 TD
-0.0001 Tc
-0.0306 Tw
[(Index: 02.06.1.)-9563.5(01.09.2002)]TJ
-25.5118 -2.2428 TD
-0.0002 Tc
0 Tw
[(Composition:)-3756.2(01)]TJ
8.3 0 0 8.3 156.1811 460.6149 Tm
-0.0001 Tc
-0.0306 Tw
[(DIL)54.7(TIAZEMI HYDROCHLORIDUM 60)-278.1(mg, EXCIPIENS pro COMPRESSO.)]TJ
10 0 0 10 42.7953 446.4413 Tm
[(Indication:)-6395.3(Antagoniste du calcium)]TJ
0 -1.4174 TD
0 Tw
[(Conditionnement:)-2839.9(–)-0.1(–)]TJ
T*
-0.0306 Tw
[(* Remarques:)-5090.7(autorisé uniquement pour l’exportation)]TJ
11.3386 -1.4174 TD
-0.0101 Tw
(Cette attestation d’enregistrement annule celle du 29.09.1998 \(Changement)Tj
0 -1.1339 TD
-0.0002 Tc
-0.0305 Tw
(de titulaire de l’AMM\))Tj
-11.3386 -1.4174 TD
-0.0488 Tc
0 Tw
(Va)Tj
1.174 0 TD
-0.0001 Tc
-0.0306 Tw
[(lable jusqu’au:)-3417.3(31 décembre 2003)]TJ
ET
42.8 369.99 m
510.51 369.99 l
S
BT
/F2 1 Tf
10 0 0 10 42.7953 333.9983 Tm
-0.0336 Tw
[(01)-1044.2(Urion 2,5)-306(mg, comprimés pelliculés)]TJ
/F5 1 Tf
0 -1.4174 TD
-0.0306 Tw
[(* Sanofi SA/Sanofi AG, 11, rue de V)36.7(eyrot, 1217 Meyrin)]TJ
ET
42.8 311.87 m
510.51 311.87 l
42.8 294.18 m
510.51 294.18 l
S
BT
10 0 0 10 42.7953 299.4857 Tm
-0.0002 Tc
0 Tw
[(N°)-247.4(AMM: )]TJ
/F2 1 Tf
4.5038 0 TD
(53440)Tj
/F5 1 Tf
8.2521 0 TD
-0.0001 Tc
-0.0306 Tw
(Mode de vente: )Tj
/F2 1 Tf
7.5194 0 TD
0 Tc
0 Tw
(B)Tj
/F5 1 Tf
5.2365 0 TD
-0.0001 Tc
-0.0306 Tw
[(Index: 05.99.0.)-9563.5(01.09.2002)]TJ
-25.5118 -2.2428 TD
-0.0002 Tc
0 Tw
[(Composition:)-3756.2(01)]TJ
8.3 0 0 8.3 156.1811 277.0576 Tm
-0.0001 Tc
-0.0306 Tw
[(ALFUZOSINI HYDROCHLORIDUM 2.5)-278.1(mg, EXCIPIENS pro COMPRESSO OBDUCTO.)]TJ
10 0 0 10 42.7953 262.884 Tm
[(Indication:)-6395.3(Hyperplasie bénigne de la prostate)]TJ
0 -1.4174 TD
0 Tw
[(Conditionnement:)-2839.9(–)-0.1(–)]TJ
T*
-0.0306 Tw
[(* Remarques:)-5090.7(autorisé uniquement pour l’exportation)]TJ
11.3386 -1.4174 TD
-0.0101 Tw
(Cette attestation d’enregistrement annule celle du 01.03.2001 \(Changement)Tj
0 -1.1339 TD
-0.0002 Tc
-0.0305 Tw
(de titulaire de l’AMM\))Tj
-11.3386 -1.4174 TD
-0.0488 Tc
0 Tw
(Va)Tj
1.174 0 TD
-0.0001 Tc
-0.0306 Tw
[(lable jusqu’au:)-3417.3(31 décembre 2003)]TJ
ET
42.8 186.44 m
510.51 186.44 l
S
Q

q
1 i 
-9 851 613 -860 re
0 841 m
W n
0.03 841.02 595.02 -841.02 re
W n
BT
/F4 1 Tf
12.5 0 0 12.5 34.4488 811.7822 Tm
/Cs5 cs 0.161 0.145 0.149 sc
/GS1 gs
-0.0001 Tc
-0.0286 Tw
[(Arzneimittel Statistik)-130(/)-129.9(M)0.1(édicaments miscellanées)]TJ
ET
/Cs5 CS 0.161 0.145 0.149 SC
0 J 0 j 0.3 w 10 M []0 d
28.35 805.15 m
552.76 805.15 l
S
Q
q
1 i 
35.43 850.5 198.43 -24.09 re
308.74 811.782 m
W* n
-9 851 613 -860 re
0 841 m
W n
0.03 841.02 595.02 -841.02 re
W n
q
2.7718 0 0 -0.3608 0 0 cm
/Cs5 CS 0.502 0.51 0.518 SC
0 J 0 j 0.5 w 10 M []0 d
/GS1 gs
12.655 -2360.21 m
12.655 -2287.903 l
S
0.506 0.514 0.522 SC
13.121 -2360.21 m
13.121 -2287.903 l
S
0.51 0.514 0.525 SC
13.588 -2360.21 m
13.588 -2287.903 l
S
0.51 0.518 0.529 SC
14.054 -2360.21 m
14.054 -2287.903 l
S
0.514 0.522 0.529 SC
14.521 -2360.21 m
14.521 -2287.903 l
S
0.518 0.525 0.533 SC
14.987 -2360.21 m
14.987 -2287.903 l
S
0.518 0.525 0.537 SC
15.454 -2360.21 m
15.454 -2287.903 l
S
0.522 0.529 0.541 SC
15.92 -2360.21 m
15.92 -2287.903 l
S
0.525 0.533 0.541 SC
16.387 -2360.21 m
16.387 -2287.903 l
S
0.529 0.533 0.545 SC
16.853 -2360.21 m
16.853 -2287.903 l
S
0.529 0.537 0.549 SC
17.32 -2360.21 m
17.32 -2287.903 l
S
0.533 0.541 0.553 SC
17.786 -2360.21 m
17.786 -2287.903 l
S
0.537 0.545 0.553 SC
18.253 -2360.21 m
18.253 -2287.903 l
S
0.537 0.545 0.557 SC
18.719 -2360.21 m
18.719 -2287.903 l
S
0.541 0.549 0.561 SC
19.186 -2360.21 m
19.186 -2287.903 l
S
0.545 0.553 0.565 SC
19.652 -2360.21 m
19.652 -2287.903 l
S
0.549 0.557 0.565 SC
20.119 -2360.21 m
20.119 -2287.903 l
S
0.549 0.557 0.569 SC
20.585 -2360.21 m
20.585 -2287.903 l
S
0.553 0.561 0.573 SC
21.052 -2360.21 m
21.052 -2287.903 l
S
0.557 0.565 0.576 SC
21.518 -2360.21 m
21.518 -2287.903 l
S
0.561 0.569 0.576 SC
21.985 -2360.21 m
21.985 -2287.903 l
S
0.561 0.569 0.58 SC
22.451 -2360.21 m
22.451 -2287.903 l
S
0.565 0.573 0.584 SC
22.918 -2360.21 m
22.918 -2287.903 l
S
0.569 0.576 0.588 SC
23.384 -2360.21 m
23.384 -2287.903 l
S
0.573 0.58 0.588 SC
23.851 -2360.21 m
23.851 -2287.903 l
S
0.573 0.58 0.592 SC
24.317 -2360.21 m
24.317 -2287.903 l
S
0.576 0.584 0.596 SC
24.784 -2360.21 m
24.784 -2287.903 l
S
0.58 0.588 0.596 SC
25.25 -2360.21 m
25.25 -2287.903 l
S
0.584 0.592 0.6 SC
25.717 -2360.21 m
25.717 -2287.903 l
S
0.584 0.592 0.604 SC
26.183 -2360.21 m
26.183 -2287.903 l
S
0.588 0.596 0.608 SC
26.65 -2360.21 m
26.65 -2287.903 l
S
0.592 0.6 0.608 SC
27.116 -2360.21 m
27.116 -2287.903 l
S
0.596 0.604 0.612 SC
27.583 -2360.21 m
27.583 -2287.903 l
S
0.596 0.604 0.616 SC
28.049 -2360.21 m
28.049 -2287.903 l
S
0.6 0.608 0.62 SC
28.516 -2360.21 m
28.516 -2287.903 l
S
0.604 0.612 0.624 SC
28.982 -2360.21 m
28.982 -2287.903 l
S
0.608 0.616 0.624 SC
29.449 -2360.21 m
29.449 -2287.903 l
S
0.608 0.616 0.627 SC
29.915 -2360.21 m
29.915 -2287.903 l
S
0.612 0.62 0.631 SC
30.382 -2360.21 m
30.382 -2287.903 l
S
0.616 0.624 0.635 SC
30.848 -2360.21 m
30.848 -2287.903 l
S
0.62 0.627 0.635 SC
31.315 -2360.21 m
31.315 -2287.903 l
S
0.62 0.631 0.639 SC
31.781 -2360.21 m
31.781 -2287.903 l
S
0.624 0.631 0.643 SC
32.248 -2360.21 m
32.248 -2287.903 l
S
0.627 0.635 0.647 SC
32.714 -2360.21 m
32.714 -2287.903 l
S
0.631 0.639 0.647 SC
33.181 -2360.21 m
33.181 -2287.903 l
S
0.635 0.643 0.651 SC
33.647 -2360.21 m
33.647 -2287.903 l
S
0.635 0.643 0.655 SC
34.113 -2360.21 m
34.113 -2287.903 l
S
0.639 0.647 0.659 SC
34.58 -2360.21 m
34.58 -2287.903 l
S
0.643 0.651 0.663 SC
35.046 -2360.21 m
35.046 -2287.903 l
S
0.647 0.655 0.663 SC
35.513 -2360.21 m
35.513 -2287.903 l
S
0.651 0.659 0.667 SC
35.979 -2360.21 m
35.979 -2287.903 l
S
0.651 0.659 0.671 SC
36.446 -2360.21 m
36.446 -2287.903 l
S
0.655 0.663 0.675 SC
36.912 -2360.21 m
36.912 -2287.903 l
S
0.659 0.667 0.678 SC
37.379 -2360.21 m
37.379 -2287.903 l
S
0.663 0.671 0.678 SC
37.845 -2360.21 m
37.845 -2287.903 l
S
0.663 0.675 0.682 SC
38.312 -2360.21 m
38.312 -2287.903 l
S
0.667 0.675 0.686 SC
38.778 -2360.21 m
38.778 -2287.903 l
S
0.671 0.678 0.69 SC
39.245 -2360.21 m
39.245 -2287.903 l
S
0.675 0.682 0.69 SC
39.711 -2360.21 m
39.711 -2287.903 l
S
0.678 0.686 0.694 SC
40.178 -2360.21 m
40.178 -2287.903 l
S
0.682 0.69 0.698 SC
40.644 -2360.21 m
40.644 -2287.903 l
S
0.682 0.69 0.702 SC
41.111 -2360.21 m
41.111 -2287.903 l
S
0.686 0.694 0.706 SC
41.577 -2360.21 m
41.577 -2287.903 l
S
0.69 0.698 0.706 SC
42.044 -2360.21 m
42.044 -2287.903 l
S
0.694 0.702 0.71 SC
42.51 -2360.21 m
42.51 -2287.903 l
S
0.698 0.706 0.714 SC
42.977 -2360.21 m
42.977 -2287.903 l
S
0.698 0.706 0.718 SC
43.443 -2360.21 m
43.443 -2287.903 l
S
0.702 0.71 0.722 SC
43.91 -2360.21 m
43.91 -2287.903 l
S
0.706 0.714 0.722 SC
44.376 -2360.21 m
44.376 -2287.903 l
S
0.71 0.718 0.725 SC
44.843 -2360.21 m
44.843 -2287.903 l
S
0.714 0.722 0.729 SC
45.309 -2360.21 m
45.309 -2287.903 l
S
0.714 0.722 0.733 SC
45.776 -2360.21 m
45.776 -2287.903 l
S
0.718 0.725 0.737 SC
46.242 -2360.21 m
46.242 -2287.903 l
S
0.722 0.729 0.737 SC
46.709 -2360.21 m
46.709 -2287.903 l
S
0.725 0.733 0.741 SC
47.175 -2360.21 m
47.175 -2287.903 l
S
0.729 0.737 0.745 SC
47.642 -2360.21 m
47.642 -2287.903 l
S
0.733 0.741 0.749 SC
48.108 -2360.21 m
48.108 -2287.903 l
S
0.733 0.741 0.753 SC
48.575 -2360.21 m
48.575 -2287.903 l
49.041 -2360.21 m
49.041 -2287.903 l
S
0.737 0.745 0.753 SC
49.508 -2360.21 m
49.508 -2287.903 l
S
0.741 0.749 0.757 SC
49.974 -2360.21 m
49.974 -2287.903 l
S
0.745 0.753 0.761 SC
50.441 -2360.21 m
50.441 -2287.903 l
S
0.749 0.757 0.765 SC
50.907 -2360.21 m
50.907 -2287.903 l
S
0.753 0.761 0.769 SC
51.374 -2360.21 m
51.374 -2287.903 l
51.84 -2360.21 m
51.84 -2287.903 l
S
0.757 0.765 0.773 SC
52.307 -2360.21 m
52.307 -2287.903 l
S
0.761 0.769 0.776 SC
52.773 -2360.21 m
52.773 -2287.903 l
S
0.765 0.773 0.78 SC
53.24 -2360.21 m
53.24 -2287.903 l
S
0.769 0.776 0.784 SC
53.706 -2360.21 m
53.706 -2287.903 l
S
0.773 0.776 0.784 SC
54.173 -2360.21 m
54.173 -2287.903 l
S
0.776 0.78 0.788 SC
54.639 -2360.21 m
54.639 -2287.903 l
S
0.776 0.784 0.792 SC
55.106 -2360.21 m
55.106 -2287.903 l
S
0.78 0.788 0.796 SC
55.572 -2360.21 m
55.572 -2287.903 l
S
0.784 0.792 0.8 SC
56.039 -2360.21 m
56.039 -2287.903 l
S
0.788 0.796 0.8 SC
56.505 -2360.21 m
56.505 -2287.903 l
S
0.792 0.796 0.804 SC
56.972 -2360.21 m
56.972 -2287.903 l
S
0.796 0.8 0.808 SC
57.438 -2360.21 m
57.438 -2287.903 l
S
0.796 0.804 0.812 SC
57.905 -2360.21 m
57.905 -2287.903 l
S
0.8 0.808 0.816 SC
58.371 -2360.21 m
58.371 -2287.903 l
S
0.804 0.812 0.816 SC
58.838 -2360.21 m
58.838 -2287.903 l
S
0.808 0.812 0.82 SC
59.304 -2360.21 m
59.304 -2287.903 l
S
0.812 0.816 0.824 SC
59.771 -2360.21 m
59.771 -2287.903 l
S
0.816 0.82 0.827 SC
60.237 -2360.21 m
60.237 -2287.903 l
S
0.816 0.824 0.831 SC
60.704 -2360.21 m
60.704 -2287.903 l
S
0.82 0.827 0.831 SC
61.17 -2360.21 m
61.17 -2287.903 l
S
0.824 0.831 0.835 SC
61.637 -2360.21 m
61.637 -2287.903 l
S
0.827 0.831 0.839 SC
62.103 -2360.21 m
62.103 -2287.903 l
S
0.831 0.835 0.843 SC
62.57 -2360.21 m
62.57 -2287.903 l
S
0.835 0.839 0.843 SC
63.036 -2360.21 m
63.036 -2287.903 l
S
0.835 0.843 0.847 SC
63.503 -2360.21 m
63.503 -2287.903 l
S
0.839 0.847 0.851 SC
63.969 -2360.21 m
63.969 -2287.903 l
S
0.843 0.847 0.855 SC
64.436 -2360.21 m
64.436 -2287.903 l
S
0.847 0.851 0.859 SC
64.902 -2360.21 m
64.902 -2287.903 l
S
0.851 0.855 0.859 SC
65.369 -2360.21 m
65.369 -2287.903 l
S
0.855 0.859 0.863 SC
65.835 -2360.21 m
65.835 -2287.903 l
S
0.855 0.863 0.867 SC
66.302 -2360.21 m
66.302 -2287.903 l
S
0.859 0.863 0.871 SC
66.768 -2360.21 m
66.768 -2287.903 l
S
0.863 0.867 0.875 SC
67.235 -2360.21 m
67.235 -2287.903 l
S
0.867 0.871 0.875 SC
67.701 -2360.21 m
67.701 -2287.903 l
S
0.871 0.875 0.878 SC
68.168 -2360.21 m
68.168 -2287.903 l
S
0.875 0.878 0.882 SC
68.634 -2360.21 m
68.634 -2287.903 l
S
0.875 0.882 0.886 SC
69.101 -2360.21 m
69.101 -2287.903 l
S
0.878 0.882 0.89 SC
69.567 -2360.21 m
69.567 -2287.903 l
S
0.882 0.886 0.89 SC
70.034 -2360.21 m
70.034 -2287.903 l
S
0.886 0.89 0.894 SC
70.5 -2360.21 m
70.5 -2287.903 l
S
0.89 0.894 0.898 SC
70.967 -2360.21 m
70.967 -2287.903 l
S
0.894 0.898 0.902 SC
71.433 -2360.21 m
71.433 -2287.903 l
S
0.898 0.898 0.902 SC
71.9 -2360.21 m
71.9 -2287.903 l
S
0.898 0.902 0.906 SC
72.366 -2360.21 m
72.366 -2287.903 l
S
0.902 0.906 0.91 SC
72.833 -2360.21 m
72.833 -2287.903 l
S
0.906 0.91 0.914 SC
73.299 -2360.21 m
73.299 -2287.903 l
S
0.91 0.914 0.918 SC
73.766 -2360.21 m
73.766 -2287.903 l
S
0.914 0.918 0.922 SC
74.232 -2360.21 m
74.232 -2287.903 l
S
0.918 0.922 0.922 SC
74.699 -2360.21 m
74.699 -2287.903 l
S
0.922 0.922 0.925 SC
75.165 -2360.21 m
75.165 -2287.903 l
S
0.922 0.925 0.929 SC
75.632 -2360.21 m
75.632 -2287.903 l
S
0.925 0.929 0.933 SC
76.098 -2360.21 m
76.098 -2287.903 l
S
0.929 0.933 0.933 SC
76.565 -2360.21 m
76.565 -2287.903 l
S
0.933 0.937 0.937 SC
77.031 -2360.21 m
77.031 -2287.903 l
S
0.937 0.937 0.941 SC
77.498 -2360.21 m
77.498 -2287.903 l
S
0.941 0.941 0.945 SC
77.964 -2360.21 m
77.964 -2287.903 l
S
0.945 0.945 0.949 SC
78.431 -2360.21 m
78.431 -2287.903 l
S
0.945 0.949 0.949 SC
78.897 -2360.21 m
78.897 -2287.903 l
S
0.949 0.953 0.953 SC
79.364 -2360.21 m
79.364 -2287.903 l
S
0.953 0.957 0.957 SC
79.83 -2360.21 m
79.83 -2287.903 l
S
0.957 0.957 0.961 SC
80.297 -2360.21 m
80.297 -2287.903 l
S
0.961 0.961 0.965 SC
80.763 -2360.21 m
80.763 -2287.903 l
S
0.965 0.965 0.969 SC
81.23 -2360.21 m
81.23 -2287.903 l
S
0.969 0.969 0.969 SC
81.696 -2360.21 m
81.696 -2287.903 l
S
0.973 0.973 0.973 SC
82.163 -2360.21 m
82.163 -2287.903 l
S
0.976 0.976 0.976 SC
82.629 -2360.21 m
82.629 -2287.903 l
S
0.98 0.98 0.984 SC
83.096 -2360.21 m
83.096 -2287.903 l
S
0.988 0.988 0.988 SC
83.562 -2360.21 m
83.562 -2287.903 l
S
0.992 0.992 0.992 SC
84.029 -2360.21 m
84.029 -2287.903 l
S
1 1 1 SC
84.495 -2360.21 m
84.495 -2287.903 l
S
Q
Q
q
1 i 
-9 851 613 -860 re
0 841 m
W n
0.03 841.02 595.02 -841.02 re
W n
/Cs5 cs 0.161 0.145 0.149 sc
/GS1 gs
0.03 841.02 35.4 -6.11 re
f
/Cs5 CS 0.161 0.145 0.149 SC
0 J 0 j 0.3 w 10 M []0 d
28.347 841.076 m
28.347 805.006 l
S
286.3 22.8 22.68 -22.8 re
f
BT
/F1 1 Tf
10 0 0 10 289.2992 7.7671 Tm
1 1 1 sc
-0.0002 Tc
0 Tw
(698)Tj
/F3 1 Tf
7 0 0 7 35.4331 17.5374 Tm
0.161 0.145 0.149 sc
-0.0001 Tc
-0.0306 Tw
[(Swissmedic Jour)-17.9(nal)-1111.9(9/2002)]TJ
/F2 1 Tf
10 0 0 10 85.0394 763.6339 Tm
-0.0336 Tw
[(01)-1044.2(Urion SR 5)-306(mg, comprimés pelliculés)]TJ
/F5 1 Tf
0 -1.4174 TD
-0.0306 Tw
[(* Sanofi SA/Sanofi AG, 11, rue de V)36.7(eyrot, 1217 Meyrin)]TJ
ET
0.4 w 
85.04 741.51 m
552.76 741.51 l
85.04 723.82 m
552.76 723.82 l
S
BT
10 0 0 10 85.0394 729.1213 Tm
-0.0002 Tc
0 Tw
[(N°)-247.4(AMM: )]TJ
/F2 1 Tf
4.5038 0 TD
(53441)Tj
/F5 1 Tf
8.2521 0 TD
-0.0001 Tc
-0.0306 Tw
(Mode de vente: )Tj
/F2 1 Tf
7.5194 0 TD
0 Tc
0 Tw
(B)Tj
/F5 1 Tf
5.2365 0 TD
-0.0001 Tc
-0.0306 Tw
[(Index: 05.99.0.)-9563.5(01.09.2002)]TJ
-25.5118 -2.2428 TD
-0.0002 Tc
0 Tw
[(Composition:)-3756.2(01)]TJ
8.3 0 0 8.3 198.4252 706.6931 Tm
-0.0001 Tc
0.1214 Tw
[(ALFUZOSINI HYDROCHLORIDUM 5)-278.1(mg, PROPYLENGL)91.5(YCOLUM, EXCIPIENS pro COMPRESSO)]TJ
0 -1.3661 TD
-0.0002 Tc
0 Tw
(OBDUCTO.)Tj
10 0 0 10 85.0394 681.1805 Tm
-0.0001 Tc
-0.0306 Tw
[(Indication:)-6395.3(Hyperplasie bénigne de la prostate)]TJ
0 -1.4174 TD
0 Tw
[(Conditionnement:)-2839.9(–)-0.1(–)]TJ
T*
-0.0306 Tw
[(* Remarques:)-5090.7(autorisé uniquement pour l’exportation)]TJ
11.3386 -1.4174 TD
-0.0102 Tw
(Cette attestation d’enregistrement annule celle du 01.03.2001 \(Changement)Tj
0 -1.1339 TD
-0.0306 Tw
(de titulaire de l’AMM\))Tj
-11.3386 -1.4174 TD
-0.0488 Tc
0 Tw
(Va)Tj
1.174 0 TD
-0.0001 Tc
-0.0306 Tw
[(lable jusqu’au:)-3417.3(31 décembre 2003)]TJ
ET
85.04 604.73 m
552.76 604.73 l
S
BT
/F2 1 Tf
10 0 0 10 85.0394 568.7375 Tm
-0.0336 Tw
[(01)-1044.2(Zolim, comprimés pelliculés)]TJ
/F5 1 Tf
0 -1.4174 TD
-0.0306 Tw
[(* Sanofi SA/Sanofi AG, 11, rue de V)36.7(eyrot, 1217 Meyrin)]TJ
ET
85.04 546.61 m
552.76 546.61 l
85.04 528.92 m
552.76 528.92 l
S
BT
10 0 0 10 85.0394 534.2249 Tm
-0.0002 Tc
0 Tw
[(N°)-247.4(AMM: )]TJ
/F2 1 Tf
4.5038 0 TD
(54016)Tj
/F5 1 Tf
8.2521 0 TD
-0.0001 Tc
-0.0306 Tw
(Mode de vente: )Tj
/F2 1 Tf
7.5194 0 TD
0 Tc
0 Tw
(B)Tj
/F5 1 Tf
5.2365 0 TD
-0.0001 Tc
-0.0306 Tw
[(Index: 07.13.1.)-9563.5(01.09.2002)]TJ
-25.5118 -2.2428 TD
-0.0002 Tc
0 Tw
[(Composition:)-3756.2(01)]TJ
8.3 0 0 8.3 198.4252 511.7967 Tm
-0.0001 Tc
-0.0306 Tw
[(MIZOLASTINUM 10)-278.1(mg, EXCIPIENS pro COMPRESSO OBDUCTO.)]TJ
10 0 0 10 85.0394 497.6232 Tm
0 Tw
[(Indication:)-6395.3(Antihistaminique)]TJ
0 -1.4174 TD
[(Conditionnement:)-2839.9(–)-0.1(–)]TJ
T*
-0.0306 Tw
[(* Remarques:)-5090.7(autorisé uniquement pour l’exportation)]TJ
11.3386 -1.4174 TD
-0.0102 Tw
(Cette attestation d’enregistrement annule celle du 13.07.2000 \(Changement)Tj
0 -1.1339 TD
-0.0306 Tw
(de titulaire de l’AMM\))Tj
-11.3386 -1.4174 TD
-0.0488 Tc
0 Tw
(Va)Tj
1.174 0 TD
-0.0001 Tc
-0.0306 Tw
[(lable jusqu’au:)-3417.3(31 décembre 2005)]TJ
ET
85.04 421.18 m
552.76 421.18 l
S
Q

q
1 i 
-9 851 613 -860 re
0 841 m
W n
0.03 841.02 595.02 -841.02 re
W n
BT
/F4 1 Tf
12.5 0 0 12.5 285.8058 811.7825 Tm
/Cs5 cs 0.161 0.145 0.149 sc
/GS1 gs
-0.0001 Tc
-0.0286 Tw
[(Arzneimittel Statistik)-130(/)-129.9(M)0.1(édicaments miscellanées)]TJ
ET
/Cs5 CS 0.161 0.145 0.149 SC
0 J 0 j 0.3 w 10 M []0 d
42.8 805.15 m
567.2 805.15 l
S
Q
q
1 i 
361.69 850.5 198.43 -24.09 re
560.097 811.782 m
W* n
-9 851 613 -860 re
0 841 m
W n
0.03 841.02 595.02 -841.02 re
W n
q
2.7718 0 0 -0.3608 0 0 cm
/Cs5 CS 1 1 1 SC
0 J 0 j 0.5 w 10 M []0 d
/GS1 gs
130.36 -2360.21 m
130.36 -2287.903 l
S
0.992 0.992 0.992 SC
130.827 -2360.21 m
130.827 -2287.903 l
S
0.988 0.988 0.988 SC
131.293 -2360.21 m
131.293 -2287.903 l
S
0.98 0.98 0.984 SC
131.76 -2360.21 m
131.76 -2287.903 l
S
0.976 0.976 0.976 SC
132.226 -2360.21 m
132.226 -2287.903 l
S
0.973 0.973 0.973 SC
132.693 -2360.21 m
132.693 -2287.903 l
S
0.969 0.969 0.969 SC
133.159 -2360.21 m
133.159 -2287.903 l
S
0.965 0.965 0.969 SC
133.626 -2360.21 m
133.626 -2287.903 l
S
0.961 0.961 0.965 SC
134.092 -2360.21 m
134.092 -2287.903 l
S
0.957 0.957 0.961 SC
134.559 -2360.21 m
134.559 -2287.903 l
S
0.953 0.957 0.957 SC
135.025 -2360.21 m
135.025 -2287.903 l
S
0.949 0.953 0.953 SC
135.492 -2360.21 m
135.492 -2287.903 l
S
0.945 0.949 0.949 SC
135.958 -2360.21 m
135.958 -2287.903 l
S
0.945 0.945 0.949 SC
136.425 -2360.21 m
136.425 -2287.903 l
S
0.941 0.941 0.945 SC
136.891 -2360.21 m
136.891 -2287.903 l
S
0.937 0.937 0.941 SC
137.358 -2360.21 m
137.358 -2287.903 l
S
0.933 0.937 0.937 SC
137.824 -2360.21 m
137.824 -2287.903 l
S
0.929 0.933 0.933 SC
138.291 -2360.21 m
138.291 -2287.903 l
S
0.925 0.929 0.933 SC
138.757 -2360.21 m
138.757 -2287.903 l
S
0.922 0.925 0.929 SC
139.224 -2360.21 m
139.224 -2287.903 l
S
0.922 0.922 0.925 SC
139.69 -2360.21 m
139.69 -2287.903 l
S
0.918 0.922 0.922 SC
140.157 -2360.21 m
140.157 -2287.903 l
S
0.914 0.918 0.922 SC
140.623 -2360.21 m
140.623 -2287.903 l
S
0.91 0.914 0.918 SC
141.09 -2360.21 m
141.09 -2287.903 l
S
0.906 0.91 0.914 SC
141.556 -2360.21 m
141.556 -2287.903 l
S
0.902 0.906 0.91 SC
142.023 -2360.21 m
142.023 -2287.903 l
S
0.898 0.902 0.906 SC
142.489 -2360.21 m
142.489 -2287.903 l
S
0.898 0.898 0.902 SC
142.956 -2360.21 m
142.956 -2287.903 l
S
0.894 0.898 0.902 SC
143.422 -2360.21 m
143.422 -2287.903 l
S
0.89 0.894 0.898 SC
143.889 -2360.21 m
143.889 -2287.903 l
S
0.886 0.89 0.894 SC
144.355 -2360.21 m
144.355 -2287.903 l
S
0.882 0.886 0.89 SC
144.822 -2360.21 m
144.822 -2287.903 l
S
0.878 0.882 0.89 SC
145.288 -2360.21 m
145.288 -2287.903 l
S
0.875 0.882 0.886 SC
145.755 -2360.21 m
145.755 -2287.903 l
S
0.875 0.878 0.882 SC
146.221 -2360.21 m
146.221 -2287.903 l
S
0.871 0.875 0.878 SC
146.688 -2360.21 m
146.688 -2287.903 l
S
0.867 0.871 0.875 SC
147.154 -2360.21 m
147.154 -2287.903 l
S
0.863 0.867 0.875 SC
147.621 -2360.21 m
147.621 -2287.903 l
S
0.859 0.863 0.871 SC
148.087 -2360.21 m
148.087 -2287.903 l
S
0.855 0.863 0.867 SC
148.554 -2360.21 m
148.554 -2287.903 l
S
0.855 0.859 0.863 SC
149.02 -2360.21 m
149.02 -2287.903 l
S
0.851 0.855 0.859 SC
149.487 -2360.21 m
149.487 -2287.903 l
S
0.847 0.851 0.859 SC
149.953 -2360.21 m
149.953 -2287.903 l
S
0.843 0.847 0.855 SC
150.42 -2360.21 m
150.42 -2287.903 l
S
0.839 0.847 0.851 SC
150.886 -2360.21 m
150.886 -2287.903 l
S
0.835 0.843 0.847 SC
151.353 -2360.21 m
151.353 -2287.903 l
S
0.835 0.839 0.843 SC
151.819 -2360.21 m
151.819 -2287.903 l
S
0.831 0.835 0.843 SC
152.286 -2360.21 m
152.286 -2287.903 l
S
0.827 0.831 0.839 SC
152.752 -2360.21 m
152.752 -2287.903 l
S
0.824 0.831 0.835 SC
153.219 -2360.21 m
153.219 -2287.903 l
S
0.82 0.827 0.831 SC
153.685 -2360.21 m
153.685 -2287.903 l
S
0.816 0.824 0.831 SC
154.152 -2360.21 m
154.152 -2287.903 l
S
0.816 0.82 0.827 SC
154.618 -2360.21 m
154.618 -2287.903 l
S
0.812 0.816 0.824 SC
155.085 -2360.21 m
155.085 -2287.903 l
S
0.808 0.812 0.82 SC
155.551 -2360.21 m
155.551 -2287.903 l
S
0.804 0.812 0.816 SC
156.018 -2360.21 m
156.018 -2287.903 l
S
0.8 0.808 0.816 SC
156.484 -2360.21 m
156.484 -2287.903 l
S
0.796 0.804 0.812 SC
156.951 -2360.21 m
156.951 -2287.903 l
S
0.796 0.8 0.808 SC
157.417 -2360.21 m
157.417 -2287.903 l
S
0.792 0.796 0.804 SC
157.884 -2360.21 m
157.884 -2287.903 l
S
0.788 0.796 0.8 SC
158.35 -2360.21 m
158.35 -2287.903 l
S
0.784 0.792 0.8 SC
158.817 -2360.21 m
158.817 -2287.903 l
S
0.78 0.788 0.796 SC
159.283 -2360.21 m
159.283 -2287.903 l
S
0.776 0.784 0.792 SC
159.75 -2360.21 m
159.75 -2287.903 l
S
0.776 0.78 0.788 SC
160.216 -2360.21 m
160.216 -2287.903 l
S
0.773 0.776 0.784 SC
160.683 -2360.21 m
160.683 -2287.903 l
S
0.769 0.776 0.784 SC
161.149 -2360.21 m
161.149 -2287.903 l
S
0.765 0.773 0.78 SC
161.616 -2360.21 m
161.616 -2287.903 l
S
0.761 0.769 0.776 SC
162.082 -2360.21 m
162.082 -2287.903 l
S
0.757 0.765 0.773 SC
162.549 -2360.21 m
162.549 -2287.903 l
S
0.753 0.761 0.769 SC
163.015 -2360.21 m
163.015 -2287.903 l
163.482 -2360.21 m
163.482 -2287.903 l
S
0.749 0.757 0.765 SC
163.948 -2360.21 m
163.948 -2287.903 l
S
0.745 0.753 0.761 SC
164.415 -2360.21 m
164.415 -2287.903 l
S
0.741 0.749 0.757 SC
164.881 -2360.21 m
164.881 -2287.903 l
S
0.737 0.745 0.753 SC
165.348 -2360.21 m
165.348 -2287.903 l
S
0.733 0.741 0.753 SC
165.814 -2360.21 m
165.814 -2287.903 l
S
0.733 0.741 0.749 SC
166.281 -2360.21 m
166.281 -2287.903 l
166.747 -2360.21 m
166.747 -2287.903 l
S
0.729 0.737 0.745 SC
167.214 -2360.21 m
167.214 -2287.903 l
S
0.725 0.733 0.741 SC
167.68 -2360.21 m
167.68 -2287.903 l
S
0.722 0.729 0.737 SC
168.147 -2360.21 m
168.147 -2287.903 l
S
0.718 0.725 0.737 SC
168.613 -2360.21 m
168.613 -2287.903 l
S
0.714 0.722 0.733 SC
169.08 -2360.21 m
169.08 -2287.903 l
S
0.714 0.722 0.729 SC
169.546 -2360.21 m
169.546 -2287.903 l
S
0.71 0.718 0.725 SC
170.013 -2360.21 m
170.013 -2287.903 l
S
0.706 0.714 0.722 SC
170.479 -2360.21 m
170.479 -2287.903 l
S
0.702 0.71 0.722 SC
170.946 -2360.21 m
170.946 -2287.903 l
S
0.698 0.706 0.718 SC
171.412 -2360.21 m
171.412 -2287.903 l
S
0.698 0.706 0.714 SC
171.879 -2360.21 m
171.879 -2287.903 l
S
0.694 0.702 0.71 SC
172.345 -2360.21 m
172.345 -2287.903 l
S
0.69 0.698 0.706 SC
172.812 -2360.21 m
172.812 -2287.903 l
S
0.686 0.694 0.706 SC
173.278 -2360.21 m
173.278 -2287.903 l
S
0.682 0.69 0.702 SC
173.745 -2360.21 m
173.745 -2287.903 l
S
0.682 0.69 0.698 SC
174.211 -2360.21 m
174.211 -2287.903 l
S
0.678 0.686 0.694 SC
174.678 -2360.21 m
174.678 -2287.903 l
S
0.675 0.682 0.69 SC
175.144 -2360.21 m
175.144 -2287.903 l
S
0.671 0.678 0.69 SC
175.611 -2360.21 m
175.611 -2287.903 l
S
0.667 0.675 0.686 SC
176.077 -2360.21 m
176.077 -2287.903 l
S
0.663 0.675 0.682 SC
176.544 -2360.21 m
176.544 -2287.903 l
S
0.663 0.671 0.678 SC
177.01 -2360.21 m
177.01 -2287.903 l
S
0.659 0.667 0.678 SC
177.477 -2360.21 m
177.477 -2287.903 l
S
0.655 0.663 0.675 SC
177.943 -2360.21 m
177.943 -2287.903 l
S
0.651 0.659 0.671 SC
178.41 -2360.21 m
178.41 -2287.903 l
S
0.651 0.659 0.667 SC
178.876 -2360.21 m
178.876 -2287.903 l
S
0.647 0.655 0.663 SC
179.343 -2360.21 m
179.343 -2287.903 l
S
0.643 0.651 0.663 SC
179.809 -2360.21 m
179.809 -2287.903 l
S
0.639 0.647 0.659 SC
180.276 -2360.21 m
180.276 -2287.903 l
S
0.635 0.643 0.655 SC
180.742 -2360.21 m
180.742 -2287.903 l
S
0.635 0.643 0.651 SC
181.209 -2360.21 m
181.209 -2287.903 l
S
0.631 0.639 0.647 SC
181.675 -2360.21 m
181.675 -2287.903 l
S
0.627 0.635 0.647 SC
182.142 -2360.21 m
182.142 -2287.903 l
S
0.624 0.631 0.643 SC
182.608 -2360.21 m
182.608 -2287.903 l
S
0.62 0.631 0.639 SC
183.075 -2360.21 m
183.075 -2287.903 l
S
0.62 0.627 0.635 SC
183.541 -2360.21 m
183.541 -2287.903 l
S
0.616 0.624 0.635 SC
184.008 -2360.21 m
184.008 -2287.903 l
S
0.612 0.62 0.631 SC
184.474 -2360.21 m
184.474 -2287.903 l
S
0.608 0.616 0.627 SC
184.941 -2360.21 m
184.941 -2287.903 l
S
0.608 0.616 0.624 SC
185.407 -2360.21 m
185.407 -2287.903 l
S
0.604 0.612 0.624 SC
185.874 -2360.21 m
185.874 -2287.903 l
S
0.6 0.608 0.62 SC
186.34 -2360.21 m
186.34 -2287.903 l
S
0.596 0.604 0.616 SC
186.806 -2360.21 m
186.806 -2287.903 l
S
0.596 0.604 0.612 SC
187.273 -2360.21 m
187.273 -2287.903 l
S
0.592 0.6 0.608 SC
187.739 -2360.21 m
187.739 -2287.903 l
S
0.588 0.596 0.608 SC
188.206 -2360.21 m
188.206 -2287.903 l
S
0.584 0.592 0.604 SC
188.672 -2360.21 m
188.672 -2287.903 l
S
0.584 0.592 0.6 SC
189.139 -2360.21 m
189.139 -2287.903 l
S
0.58 0.588 0.596 SC
189.605 -2360.21 m
189.605 -2287.903 l
S
0.576 0.584 0.596 SC
190.072 -2360.21 m
190.072 -2287.903 l
S
0.573 0.58 0.592 SC
190.538 -2360.21 m
190.538 -2287.903 l
S
0.573 0.58 0.588 SC
191.005 -2360.21 m
191.005 -2287.903 l
S
0.569 0.576 0.588 SC
191.471 -2360.21 m
191.471 -2287.903 l
S
0.565 0.573 0.584 SC
191.938 -2360.21 m
191.938 -2287.903 l
S
0.561 0.569 0.58 SC
192.404 -2360.21 m
192.404 -2287.903 l
S
0.561 0.569 0.576 SC
192.871 -2360.21 m
192.871 -2287.903 l
S
0.557 0.565 0.576 SC
193.337 -2360.21 m
193.337 -2287.903 l
S
0.553 0.561 0.573 SC
193.804 -2360.21 m
193.804 -2287.903 l
S
0.549 0.557 0.569 SC
194.27 -2360.21 m
194.27 -2287.903 l
S
0.549 0.557 0.565 SC
194.737 -2360.21 m
194.737 -2287.903 l
S
0.545 0.553 0.565 SC
195.203 -2360.21 m
195.203 -2287.903 l
S
0.541 0.549 0.561 SC
195.67 -2360.21 m
195.67 -2287.903 l
S
0.537 0.545 0.557 SC
196.136 -2360.21 m
196.136 -2287.903 l
S
0.537 0.545 0.553 SC
196.603 -2360.21 m
196.603 -2287.903 l
S
0.533 0.541 0.553 SC
197.069 -2360.21 m
197.069 -2287.903 l
S
0.529 0.537 0.549 SC
197.536 -2360.21 m
197.536 -2287.903 l
S
0.529 0.533 0.545 SC
198.002 -2360.21 m
198.002 -2287.903 l
S
0.525 0.533 0.541 SC
198.469 -2360.21 m
198.469 -2287.903 l
S
0.522 0.529 0.541 SC
198.935 -2360.21 m
198.935 -2287.903 l
S
0.518 0.525 0.537 SC
199.402 -2360.21 m
199.402 -2287.903 l
S
0.518 0.525 0.533 SC
199.868 -2360.21 m
199.868 -2287.903 l
S
0.514 0.522 0.529 SC
200.335 -2360.21 m
200.335 -2287.903 l
S
0.51 0.518 0.529 SC
200.801 -2360.21 m
200.801 -2287.903 l
S
0.51 0.514 0.525 SC
201.268 -2360.21 m
201.268 -2287.903 l
S
0.506 0.514 0.522 SC
201.734 -2360.21 m
201.734 -2287.903 l
S
0.502 0.51 0.518 SC
202.201 -2360.21 m
202.201 -2287.903 l
S
Q
Q
q
1 i 
-9 851 613 -860 re
0 841 m
W n
0.03 841.02 595.02 -841.02 re
W n
/Cs5 cs 0.161 0.145 0.149 sc
/GS1 gs
560.12 841.02 34.93 -6.11 re
f
/Cs5 CS 0.161 0.145 0.149 SC
0 J 0 j 0.3 w 10 M []0 d
567.202 840.678 m
567.202 804.948 l
S
286.57 22.8 22.68 -22.8 re
f
BT
/F1 1 Tf
10 0 0 10 289.5747 7.7671 Tm
1 1 1 sc
-0.0002 Tc
0 Tw
(699)Tj
/F3 1 Tf
7 0 0 7 473.8676 17.5374 Tm
0.161 0.145 0.149 sc
-0.0001 Tc
-0.0306 Tw
[(Swissmedic Jour)-17.9(nal)-1111.9(9/2002)]TJ
/F2 1 Tf
10 0 0 10 42.7953 715.4449 Tm
-0.0336 Tw
[(01)-1044.2(Artir)17.7(em, Injektionslösung)]TJ
/F5 1 Tf
0 -1.4174 TD
-0.0306 Tw
(Guerbet AG, Winterthurerstrasse 92, 8006 Zürich)Tj
ET
0.4 w 
42.8 693.32 m
510.51 693.32 l
42.8 675.63 m
510.51 675.63 l
S
BT
10 0 0 10 42.7953 680.9323 Tm
-0.0002 Tc
0 Tw
[(Zul.-Nr)91.6(.: )]TJ
/F2 1 Tf
3.8772 0 TD
(56123)Tj
/F5 1 Tf
8.8787 0 TD
0 Tc
(V)Tj
0.6301 0 TD
-0.0001 Tc
(erkaufsart: )Tj
/F2 1 Tf
5.3042 0 TD
0 Tc
(B)Tj
/F5 1 Tf
6.8216 0 TD
-0.0001 Tc
-0.0306 Tw
[(Index: 14.01.0.)-9563.5(25.09.2002)]TJ
-25.5118 -2.2428 TD
0 Tw
[(Zusammensetzung:)-921.1(01)]TJ
8.3 0 0 8.3 156.1811 658.5042 Tm
0.1288 Tw
[(ACIDUM GADOTERICUM 1.397)-278.1(mg corresp. ACIDUM GADOTERICUM 2.5 umol, MEGLUMI-)]TJ
0 -1.3661 TD
-0.0306 Tw
[(NUM, NA)73.7(TRII CHLORIDUM, AQUA q.s. ad SOLUTIONEM pro 1)-278.1(mL. )]TJ
10 0 0 10 42.7953 632.9915 Tm
0 Tw
[(Anwendung:)-5285.2(Magnetresonanz-Arthrographie)]TJ
0 -1.4174 TD
-0.0306 Tw
[(Packung:)-5699.4(01)-305.6(002)-4177.4(1)0( x 20 ml)-567(Fertigspritze\(n\))-11598.7(B)]TJ
T*
[(Gültig bis:)-6647.8(24. September 2007)]TJ
ET
42.8 596.23 m
510.51 596.23 l
S
BT
/F2 1 Tf
12 0 0 12 42.7953 762.1339 Tm
0 Tw
[(Diagnostika)-122.3(/)-122.3(Diagnostica)]TJ
/F1 1 Tf
10 0 0 10 42.7953 738.1339 Tm
-0.0306 Tw
[(Neuzulassung/)-111.2(Nouvelles autorisations)]TJ
ET
Q

q
1 i 
-9 851 613 -860 re
0 841 m
W n
0.03 841.02 595.02 -841.02 re
W n
BT
/F4 1 Tf
12.5 0 0 12.5 34.4488 811.7822 Tm
/Cs5 cs 0.161 0.145 0.149 sc
/GS1 gs
-0.0001 Tc
-0.0286 Tw
[(Arzneimittel Statistik)-130(/)-129.9(M)0.1(édicaments miscellanées)]TJ
ET
/Cs5 CS 0.161 0.145 0.149 SC
0 J 0 j 0.3 w 10 M []0 d
28.35 805.15 m
552.76 805.15 l
S
Q
q
1 i 
35.43 850.5 198.43 -24.09 re
308.74 811.782 m
W* n
-9 851 613 -860 re
0 841 m
W n
0.03 841.02 595.02 -841.02 re
W n
q
2.7718 0 0 -0.3608 0 0 cm
/Cs5 CS 0.502 0.51 0.518 SC
0 J 0 j 0.5 w 10 M []0 d
/GS1 gs
12.655 -2360.21 m
12.655 -2287.903 l
S
0.506 0.514 0.522 SC
13.121 -2360.21 m
13.121 -2287.903 l
S
0.51 0.514 0.525 SC
13.588 -2360.21 m
13.588 -2287.903 l
S
0.51 0.518 0.529 SC
14.054 -2360.21 m
14.054 -2287.903 l
S
0.514 0.522 0.529 SC
14.521 -2360.21 m
14.521 -2287.903 l
S
0.518 0.525 0.533 SC
14.987 -2360.21 m
14.987 -2287.903 l
S
0.518 0.525 0.537 SC
15.454 -2360.21 m
15.454 -2287.903 l
S
0.522 0.529 0.541 SC
15.92 -2360.21 m
15.92 -2287.903 l
S
0.525 0.533 0.541 SC
16.387 -2360.21 m
16.387 -2287.903 l
S
0.529 0.533 0.545 SC
16.853 -2360.21 m
16.853 -2287.903 l
S
0.529 0.537 0.549 SC
17.32 -2360.21 m
17.32 -2287.903 l
S
0.533 0.541 0.553 SC
17.786 -2360.21 m
17.786 -2287.903 l
S
0.537 0.545 0.553 SC
18.253 -2360.21 m
18.253 -2287.903 l
S
0.537 0.545 0.557 SC
18.719 -2360.21 m
18.719 -2287.903 l
S
0.541 0.549 0.561 SC
19.186 -2360.21 m
19.186 -2287.903 l
S
0.545 0.553 0.565 SC
19.652 -2360.21 m
19.652 -2287.903 l
S
0.549 0.557 0.565 SC
20.119 -2360.21 m
20.119 -2287.903 l
S
0.549 0.557 0.569 SC
20.585 -2360.21 m
20.585 -2287.903 l
S
0.553 0.561 0.573 SC
21.052 -2360.21 m
21.052 -2287.903 l
S
0.557 0.565 0.576 SC
21.518 -2360.21 m
21.518 -2287.903 l
S
0.561 0.569 0.576 SC
21.985 -2360.21 m
21.985 -2287.903 l
S
0.561 0.569 0.58 SC
22.451 -2360.21 m
22.451 -2287.903 l
S
0.565 0.573 0.584 SC
22.918 -2360.21 m
22.918 -2287.903 l
S
0.569 0.576 0.588 SC
23.384 -2360.21 m
23.384 -2287.903 l
S
0.573 0.58 0.588 SC
23.851 -2360.21 m
23.851 -2287.903 l
S
0.573 0.58 0.592 SC
24.317 -2360.21 m
24.317 -2287.903 l
S
0.576 0.584 0.596 SC
24.784 -2360.21 m
24.784 -2287.903 l
S
0.58 0.588 0.596 SC
25.25 -2360.21 m
25.25 -2287.903 l
S
0.584 0.592 0.6 SC
25.717 -2360.21 m
25.717 -2287.903 l
S
0.584 0.592 0.604 SC
26.183 -2360.21 m
26.183 -2287.903 l
S
0.588 0.596 0.608 SC
26.65 -2360.21 m
26.65 -2287.903 l
S
0.592 0.6 0.608 SC
27.116 -2360.21 m
27.116 -2287.903 l
S
0.596 0.604 0.612 SC
27.583 -2360.21 m
27.583 -2287.903 l
S
0.596 0.604 0.616 SC
28.049 -2360.21 m
28.049 -2287.903 l
S
0.6 0.608 0.62 SC
28.516 -2360.21 m
28.516 -2287.903 l
S
0.604 0.612 0.624 SC
28.982 -2360.21 m
28.982 -2287.903 l
S
0.608 0.616 0.624 SC
29.449 -2360.21 m
29.449 -2287.903 l
S
0.608 0.616 0.627 SC
29.915 -2360.21 m
29.915 -2287.903 l
S
0.612 0.62 0.631 SC
30.382 -2360.21 m
30.382 -2287.903 l
S
0.616 0.624 0.635 SC
30.848 -2360.21 m
30.848 -2287.903 l
S
0.62 0.627 0.635 SC
31.315 -2360.21 m
31.315 -2287.903 l
S
0.62 0.631 0.639 SC
31.781 -2360.21 m
31.781 -2287.903 l
S
0.624 0.631 0.643 SC
32.248 -2360.21 m
32.248 -2287.903 l
S
0.627 0.635 0.647 SC
32.714 -2360.21 m
32.714 -2287.903 l
S
0.631 0.639 0.647 SC
33.181 -2360.21 m
33.181 -2287.903 l
S
0.635 0.643 0.651 SC
33.647 -2360.21 m
33.647 -2287.903 l
S
0.635 0.643 0.655 SC
34.113 -2360.21 m
34.113 -2287.903 l
S
0.639 0.647 0.659 SC
34.58 -2360.21 m
34.58 -2287.903 l
S
0.643 0.651 0.663 SC
35.046 -2360.21 m
35.046 -2287.903 l
S
0.647 0.655 0.663 SC
35.513 -2360.21 m
35.513 -2287.903 l
S
0.651 0.659 0.667 SC
35.979 -2360.21 m
35.979 -2287.903 l
S
0.651 0.659 0.671 SC
36.446 -2360.21 m
36.446 -2287.903 l
S
0.655 0.663 0.675 SC
36.912 -2360.21 m
36.912 -2287.903 l
S
0.659 0.667 0.678 SC
37.379 -2360.21 m
37.379 -2287.903 l
S
0.663 0.671 0.678 SC
37.845 -2360.21 m
37.845 -2287.903 l
S
0.663 0.675 0.682 SC
38.312 -2360.21 m
38.312 -2287.903 l
S
0.667 0.675 0.686 SC
38.778 -2360.21 m
38.778 -2287.903 l
S
0.671 0.678 0.69 SC
39.245 -2360.21 m
39.245 -2287.903 l
S
0.675 0.682 0.69 SC
39.711 -2360.21 m
39.711 -2287.903 l
S
0.678 0.686 0.694 SC
40.178 -2360.21 m
40.178 -2287.903 l
S
0.682 0.69 0.698 SC
40.644 -2360.21 m
40.644 -2287.903 l
S
0.682 0.69 0.702 SC
41.111 -2360.21 m
41.111 -2287.903 l
S
0.686 0.694 0.706 SC
41.577 -2360.21 m
41.577 -2287.903 l
S
0.69 0.698 0.706 SC
42.044 -2360.21 m
42.044 -2287.903 l
S
0.694 0.702 0.71 SC
42.51 -2360.21 m
42.51 -2287.903 l
S
0.698 0.706 0.714 SC
42.977 -2360.21 m
42.977 -2287.903 l
S
0.698 0.706 0.718 SC
43.443 -2360.21 m
43.443 -2287.903 l
S
0.702 0.71 0.722 SC
43.91 -2360.21 m
43.91 -2287.903 l
S
0.706 0.714 0.722 SC
44.376 -2360.21 m
44.376 -2287.903 l
S
0.71 0.718 0.725 SC
44.843 -2360.21 m
44.843 -2287.903 l
S
0.714 0.722 0.729 SC
45.309 -2360.21 m
45.309 -2287.903 l
S
0.714 0.722 0.733 SC
45.776 -2360.21 m
45.776 -2287.903 l
S
0.718 0.725 0.737 SC
46.242 -2360.21 m
46.242 -2287.903 l
S
0.722 0.729 0.737 SC
46.709 -2360.21 m
46.709 -2287.903 l
S
0.725 0.733 0.741 SC
47.175 -2360.21 m
47.175 -2287.903 l
S
0.729 0.737 0.745 SC
47.642 -2360.21 m
47.642 -2287.903 l
S
0.733 0.741 0.749 SC
48.108 -2360.21 m
48.108 -2287.903 l
S
0.733 0.741 0.753 SC
48.575 -2360.21 m
48.575 -2287.903 l
49.041 -2360.21 m
49.041 -2287.903 l
S
0.737 0.745 0.753 SC
49.508 -2360.21 m
49.508 -2287.903 l
S
0.741 0.749 0.757 SC
49.974 -2360.21 m
49.974 -2287.903 l
S
0.745 0.753 0.761 SC
50.441 -2360.21 m
50.441 -2287.903 l
S
0.749 0.757 0.765 SC
50.907 -2360.21 m
50.907 -2287.903 l
S
0.753 0.761 0.769 SC
51.374 -2360.21 m
51.374 -2287.903 l
51.84 -2360.21 m
51.84 -2287.903 l
S
0.757 0.765 0.773 SC
52.307 -2360.21 m
52.307 -2287.903 l
S
0.761 0.769 0.776 SC
52.773 -2360.21 m
52.773 -2287.903 l
S
0.765 0.773 0.78 SC
53.24 -2360.21 m
53.24 -2287.903 l
S
0.769 0.776 0.784 SC
53.706 -2360.21 m
53.706 -2287.903 l
S
0.773 0.776 0.784 SC
54.173 -2360.21 m
54.173 -2287.903 l
S
0.776 0.78 0.788 SC
54.639 -2360.21 m
54.639 -2287.903 l
S
0.776 0.784 0.792 SC
55.106 -2360.21 m
55.106 -2287.903 l
S
0.78 0.788 0.796 SC
55.572 -2360.21 m
55.572 -2287.903 l
S
0.784 0.792 0.8 SC
56.039 -2360.21 m
56.039 -2287.903 l
S
0.788 0.796 0.8 SC
56.505 -2360.21 m
56.505 -2287.903 l
S
0.792 0.796 0.804 SC
56.972 -2360.21 m
56.972 -2287.903 l
S
0.796 0.8 0.808 SC
57.438 -2360.21 m
57.438 -2287.903 l
S
0.796 0.804 0.812 SC
57.905 -2360.21 m
57.905 -2287.903 l
S
0.8 0.808 0.816 SC
58.371 -2360.21 m
58.371 -2287.903 l
S
0.804 0.812 0.816 SC
58.838 -2360.21 m
58.838 -2287.903 l
S
0.808 0.812 0.82 SC
59.304 -2360.21 m
59.304 -2287.903 l
S
0.812 0.816 0.824 SC
59.771 -2360.21 m
59.771 -2287.903 l
S
0.816 0.82 0.827 SC
60.237 -2360.21 m
60.237 -2287.903 l
S
0.816 0.824 0.831 SC
60.704 -2360.21 m
60.704 -2287.903 l
S
0.82 0.827 0.831 SC
61.17 -2360.21 m
61.17 -2287.903 l
S
0.824 0.831 0.835 SC
61.637 -2360.21 m
61.637 -2287.903 l
S
0.827 0.831 0.839 SC
62.103 -2360.21 m
62.103 -2287.903 l
S
0.831 0.835 0.843 SC
62.57 -2360.21 m
62.57 -2287.903 l
S
0.835 0.839 0.843 SC
63.036 -2360.21 m
63.036 -2287.903 l
S
0.835 0.843 0.847 SC
63.503 -2360.21 m
63.503 -2287.903 l
S
0.839 0.847 0.851 SC
63.969 -2360.21 m
63.969 -2287.903 l
S
0.843 0.847 0.855 SC
64.436 -2360.21 m
64.436 -2287.903 l
S
0.847 0.851 0.859 SC
64.902 -2360.21 m
64.902 -2287.903 l
S
0.851 0.855 0.859 SC
65.369 -2360.21 m
65.369 -2287.903 l
S
0.855 0.859 0.863 SC
65.835 -2360.21 m
65.835 -2287.903 l
S
0.855 0.863 0.867 SC
66.302 -2360.21 m
66.302 -2287.903 l
S
0.859 0.863 0.871 SC
66.768 -2360.21 m
66.768 -2287.903 l
S
0.863 0.867 0.875 SC
67.235 -2360.21 m
67.235 -2287.903 l
S
0.867 0.871 0.875 SC
67.701 -2360.21 m
67.701 -2287.903 l
S
0.871 0.875 0.878 SC
68.168 -2360.21 m
68.168 -2287.903 l
S
0.875 0.878 0.882 SC
68.634 -2360.21 m
68.634 -2287.903 l
S
0.875 0.882 0.886 SC
69.101 -2360.21 m
69.101 -2287.903 l
S
0.878 0.882 0.89 SC
69.567 -2360.21 m
69.567 -2287.903 l
S
0.882 0.886 0.89 SC
70.034 -2360.21 m
70.034 -2287.903 l
S
0.886 0.89 0.894 SC
70.5 -2360.21 m
70.5 -2287.903 l
S
0.89 0.894 0.898 SC
70.967 -2360.21 m
70.967 -2287.903 l
S
0.894 0.898 0.902 SC
71.433 -2360.21 m
71.433 -2287.903 l
S
0.898 0.898 0.902 SC
71.9 -2360.21 m
71.9 -2287.903 l
S
0.898 0.902 0.906 SC
72.366 -2360.21 m
72.366 -2287.903 l
S
0.902 0.906 0.91 SC
72.833 -2360.21 m
72.833 -2287.903 l
S
0.906 0.91 0.914 SC
73.299 -2360.21 m
73.299 -2287.903 l
S
0.91 0.914 0.918 SC
73.766 -2360.21 m
73.766 -2287.903 l
S
0.914 0.918 0.922 SC
74.232 -2360.21 m
74.232 -2287.903 l
S
0.918 0.922 0.922 SC
74.699 -2360.21 m
74.699 -2287.903 l
S
0.922 0.922 0.925 SC
75.165 -2360.21 m
75.165 -2287.903 l
S
0.922 0.925 0.929 SC
75.632 -2360.21 m
75.632 -2287.903 l
S
0.925 0.929 0.933 SC
76.098 -2360.21 m
76.098 -2287.903 l
S
0.929 0.933 0.933 SC
76.565 -2360.21 m
76.565 -2287.903 l
S
0.933 0.937 0.937 SC
77.031 -2360.21 m
77.031 -2287.903 l
S
0.937 0.937 0.941 SC
77.498 -2360.21 m
77.498 -2287.903 l
S
0.941 0.941 0.945 SC
77.964 -2360.21 m
77.964 -2287.903 l
S
0.945 0.945 0.949 SC
78.431 -2360.21 m
78.431 -2287.903 l
S
0.945 0.949 0.949 SC
78.897 -2360.21 m
78.897 -2287.903 l
S
0.949 0.953 0.953 SC
79.364 -2360.21 m
79.364 -2287.903 l
S
0.953 0.957 0.957 SC
79.83 -2360.21 m
79.83 -2287.903 l
S
0.957 0.957 0.961 SC
80.297 -2360.21 m
80.297 -2287.903 l
S
0.961 0.961 0.965 SC
80.763 -2360.21 m
80.763 -2287.903 l
S
0.965 0.965 0.969 SC
81.23 -2360.21 m
81.23 -2287.903 l
S
0.969 0.969 0.969 SC
81.696 -2360.21 m
81.696 -2287.903 l
S
0.973 0.973 0.973 SC
82.163 -2360.21 m
82.163 -2287.903 l
S
0.976 0.976 0.976 SC
82.629 -2360.21 m
82.629 -2287.903 l
S
0.98 0.98 0.984 SC
83.096 -2360.21 m
83.096 -2287.903 l
S
0.988 0.988 0.988 SC
83.562 -2360.21 m
83.562 -2287.903 l
S
0.992 0.992 0.992 SC
84.029 -2360.21 m
84.029 -2287.903 l
S
1 1 1 SC
84.495 -2360.21 m
84.495 -2287.903 l
S
Q
Q
q
1 i 
-9 851 613 -860 re
0 841 m
W n
0.03 841.02 595.02 -841.02 re
W n
/Cs5 cs 0.161 0.145 0.149 sc
/GS1 gs
0.03 841.02 35.4 -6.11 re
f
/Cs5 CS 0.161 0.145 0.149 SC
0 J 0 j 0.3 w 10 M []0 d
28.347 841.076 m
28.347 805.006 l
S
286.3 22.8 22.68 -22.8 re
f
BT
/F1 1 Tf
10 0 0 10 289.2992 7.7671 Tm
1 1 1 sc
-0.0002 Tc
0 Tw
(700)Tj
/F3 1 Tf
7 0 0 7 35.4331 17.5374 Tm
0.161 0.145 0.149 sc
-0.0001 Tc
-0.0306 Tw
[(Swissmedic Jour)-17.9(nal)-1111.9(9/2002)]TJ
/F2 1 Tf
10 0 0 10 85.0394 743.7914 Tm
-0.0336 Tw
[(01)-1044.2(Magnevist, Injektionslösung)]TJ
/F5 1 Tf
0 -1.4174 TD
-0.0306 Tw
(Schering \(Schweiz\) AG, Blegistrasse 5, 6341 Baar)Tj
ET
0.4 w 
85.04 721.67 m
552.76 721.67 l
85.04 703.98 m
552.76 703.98 l
S
BT
10 0 0 10 85.0394 709.2788 Tm
-0.0002 Tc
0 Tw
[(Zul.-Nr)91.6(.: )]TJ
/F2 1 Tf
3.8771 0 TD
(49186)Tj
/F5 1 Tf
8.8788 0 TD
0 Tc
(V)Tj
0.6301 0 TD
-0.0001 Tc
(erkaufsart: )Tj
/F2 1 Tf
5.3041 0 TD
0 Tc
(B)Tj
/F5 1 Tf
6.8216 0 TD
-0.0001 Tc
-0.0306 Tw
[(Index: 14.01.0.)-9563.5(26.09.2002)]TJ
-25.5118 -2.2428 TD
0 Tw
[(Zusammensetzung:)-921.1(01)]TJ
8.3 0 0 8.3 198.4252 686.8506 Tm
-0.0306 Tw
[(DIMEGLUMINI GADOPENTET)54.7(AS 469)-278.1(mg, AQUA q.s. ad SOLUTIONEM pro 1)-278.1(mL. )]TJ
10 0 0 10 85.0394 672.677 Tm
[(Anwendung:)-5285.2(MR)17.7(T)74(-Kontrastmittel für die ZNS-Diagnostik und Ganzkörper)17.7(-MR)17.7(T)]TJ
0 -1.4174 TD
[(* Packungen:)-3729.5(01)-305.6(010)-3924.5(1)0( x 20)-278.1(mL)-567(Flasche\(n\))-8996.8(B)]TJ
11.3386 -1.4174 TD
-0.0002 Tc
[(029)-3924.6(1)-0.1( x 10)-278.2(mL)-567.1(Flasche\(n\))-8996.9(B)]TJ
T*
[(037)-3924.6(1)-0.1( x 15)-278.2(mL)-567.1(Flasche\(n\))-8996.9(B)]TJ
T*
-0.0001 Tc
[(045)-3924.5(5)0( x 10)-278.1(mL)-567(Fertigspritze\(n\))-6496.3(B)]TJ
T*
[(053)-3924.5(5)0( x 15)-278.1(mL)-567(Fertigspritze\(n\))-6496.3(B)]TJ
T*
[(061)-3924.5(5)0( x 20)-278.1(mL)-567(Fertigspritze\(n\))-6496.3(B)]TJ
T*
-0.0002 Tc
[(088)-3924.6(1)-0.1( x 30)-278.2(mL)-567.1(Flasche\(n\))-8996.9(B)]TJ
-1.4173 -1.4174 TD
-0.0001 Tc
[(01)-305.6(Flasche für Injektomaten)]TJ
1.4173 -1.4174 TD
-0.0002 Tc
[(096)-3368.7(1)-0.1( x 100)-278.2(mL)-567.1(Flasche\(n\))-8996.9(B)]TJ
-1.4173 -1.4174 TD
-0.0001 Tc
[(01)-305.6(118)-3924.5(1)0( x 10)-278.1(mL)-567(Fertigspritze\(n\))-6496.3(B)]TJ
1.4173 -1.4174 TD
[(126)-3924.5(1)0( x 15)-278.1(mL)-567(Fertigspritze\(n\))-6496.3(B)]TJ
T*
[(134)-3924.5(1)0( x 20)-278.1(mL)-567(Fertigspritze\(n\))-6496.3(B)]TJ
-11.3386 -1.4174 TD
[(* Bemerkung:)-4868.8(Ersetzt die Registrierungsurkunde vom 14.10.1997)]TJ
T*
[(Gültig bis:)-6647.8(31. Dezember 2002)]TJ
ET
85.04 465.83 m
552.76 465.83 l
S
BT
/F1 1 Tf
10 0 0 10 85.0394 763.6339 Tm
[(Revisionen und Änderungen/)-111.2(Révisions et changement de l’autorisation)]TJ
ET
Q

q
1 i 
-9 851 613 -860 re
0 841 m
W n
0.03 841.02 595.02 -841.02 re
W n
BT
/F4 1 Tf
12.5 0 0 12.5 285.8058 811.7825 Tm
/Cs5 cs 0.161 0.145 0.149 sc
/GS1 gs
-0.0001 Tc
-0.0286 Tw
[(Arzneimittel Statistik)-130(/)-129.9(M)0.1(édicaments miscellanées)]TJ
ET
/Cs5 CS 0.161 0.145 0.149 SC
0 J 0 j 0.3 w 10 M []0 d
42.8 805.15 m
567.2 805.15 l
S
Q
q
1 i 
361.69 850.5 198.43 -24.09 re
560.097 811.782 m
W* n
-9 851 613 -860 re
0 841 m
W n
0.03 841.02 595.02 -841.02 re
W n
q
2.7718 0 0 -0.3608 0 0 cm
/Cs5 CS 1 1 1 SC
0 J 0 j 0.5 w 10 M []0 d
/GS1 gs
130.36 -2360.21 m
130.36 -2287.903 l
S
0.992 0.992 0.992 SC
130.827 -2360.21 m
130.827 -2287.903 l
S
0.988 0.988 0.988 SC
131.293 -2360.21 m
131.293 -2287.903 l
S
0.98 0.98 0.984 SC
131.76 -2360.21 m
131.76 -2287.903 l
S
0.976 0.976 0.976 SC
132.226 -2360.21 m
132.226 -2287.903 l
S
0.973 0.973 0.973 SC
132.693 -2360.21 m
132.693 -2287.903 l
S
0.969 0.969 0.969 SC
133.159 -2360.21 m
133.159 -2287.903 l
S
0.965 0.965 0.969 SC
133.626 -2360.21 m
133.626 -2287.903 l
S
0.961 0.961 0.965 SC
134.092 -2360.21 m
134.092 -2287.903 l
S
0.957 0.957 0.961 SC
134.559 -2360.21 m
134.559 -2287.903 l
S
0.953 0.957 0.957 SC
135.025 -2360.21 m
135.025 -2287.903 l
S
0.949 0.953 0.953 SC
135.492 -2360.21 m
135.492 -2287.903 l
S
0.945 0.949 0.949 SC
135.958 -2360.21 m
135.958 -2287.903 l
S
0.945 0.945 0.949 SC
136.425 -2360.21 m
136.425 -2287.903 l
S
0.941 0.941 0.945 SC
136.891 -2360.21 m
136.891 -2287.903 l
S
0.937 0.937 0.941 SC
137.358 -2360.21 m
137.358 -2287.903 l
S
0.933 0.937 0.937 SC
137.824 -2360.21 m
137.824 -2287.903 l
S
0.929 0.933 0.933 SC
138.291 -2360.21 m
138.291 -2287.903 l
S
0.925 0.929 0.933 SC
138.757 -2360.21 m
138.757 -2287.903 l
S
0.922 0.925 0.929 SC
139.224 -2360.21 m
139.224 -2287.903 l
S
0.922 0.922 0.925 SC
139.69 -2360.21 m
139.69 -2287.903 l
S
0.918 0.922 0.922 SC
140.157 -2360.21 m
140.157 -2287.903 l
S
0.914 0.918 0.922 SC
140.623 -2360.21 m
140.623 -2287.903 l
S
0.91 0.914 0.918 SC
141.09 -2360.21 m
141.09 -2287.903 l
S
0.906 0.91 0.914 SC
141.556 -2360.21 m
141.556 -2287.903 l
S
0.902 0.906 0.91 SC
142.023 -2360.21 m
142.023 -2287.903 l
S
0.898 0.902 0.906 SC
142.489 -2360.21 m
142.489 -2287.903 l
S
0.898 0.898 0.902 SC
142.956 -2360.21 m
142.956 -2287.903 l
S
0.894 0.898 0.902 SC
143.422 -2360.21 m
143.422 -2287.903 l
S
0.89 0.894 0.898 SC
143.889 -2360.21 m
143.889 -2287.903 l
S
0.886 0.89 0.894 SC
144.355 -2360.21 m
144.355 -2287.903 l
S
0.882 0.886 0.89 SC
144.822 -2360.21 m
144.822 -2287.903 l
S
0.878 0.882 0.89 SC
145.288 -2360.21 m
145.288 -2287.903 l
S
0.875 0.882 0.886 SC
145.755 -2360.21 m
145.755 -2287.903 l
S
0.875 0.878 0.882 SC
146.221 -2360.21 m
146.221 -2287.903 l
S
0.871 0.875 0.878 SC
146.688 -2360.21 m
146.688 -2287.903 l
S
0.867 0.871 0.875 SC
147.154 -2360.21 m
147.154 -2287.903 l
S
0.863 0.867 0.875 SC
147.621 -2360.21 m
147.621 -2287.903 l
S
0.859 0.863 0.871 SC
148.087 -2360.21 m
148.087 -2287.903 l
S
0.855 0.863 0.867 SC
148.554 -2360.21 m
148.554 -2287.903 l
S
0.855 0.859 0.863 SC
149.02 -2360.21 m
149.02 -2287.903 l
S
0.851 0.855 0.859 SC
149.487 -2360.21 m
149.487 -2287.903 l
S
0.847 0.851 0.859 SC
149.953 -2360.21 m
149.953 -2287.903 l
S
0.843 0.847 0.855 SC
150.42 -2360.21 m
150.42 -2287.903 l
S
0.839 0.847 0.851 SC
150.886 -2360.21 m
150.886 -2287.903 l
S
0.835 0.843 0.847 SC
151.353 -2360.21 m
151.353 -2287.903 l
S
0.835 0.839 0.843 SC
151.819 -2360.21 m
151.819 -2287.903 l
S
0.831 0.835 0.843 SC
152.286 -2360.21 m
152.286 -2287.903 l
S
0.827 0.831 0.839 SC
152.752 -2360.21 m
152.752 -2287.903 l
S
0.824 0.831 0.835 SC
153.219 -2360.21 m
153.219 -2287.903 l
S
0.82 0.827 0.831 SC
153.685 -2360.21 m
153.685 -2287.903 l
S
0.816 0.824 0.831 SC
154.152 -2360.21 m
154.152 -2287.903 l
S
0.816 0.82 0.827 SC
154.618 -2360.21 m
154.618 -2287.903 l
S
0.812 0.816 0.824 SC
155.085 -2360.21 m
155.085 -2287.903 l
S
0.808 0.812 0.82 SC
155.551 -2360.21 m
155.551 -2287.903 l
S
0.804 0.812 0.816 SC
156.018 -2360.21 m
156.018 -2287.903 l
S
0.8 0.808 0.816 SC
156.484 -2360.21 m
156.484 -2287.903 l
S
0.796 0.804 0.812 SC
156.951 -2360.21 m
156.951 -2287.903 l
S
0.796 0.8 0.808 SC
157.417 -2360.21 m
157.417 -2287.903 l
S
0.792 0.796 0.804 SC
157.884 -2360.21 m
157.884 -2287.903 l
S
0.788 0.796 0.8 SC
158.35 -2360.21 m
158.35 -2287.903 l
S
0.784 0.792 0.8 SC
158.817 -2360.21 m
158.817 -2287.903 l
S
0.78 0.788 0.796 SC
159.283 -2360.21 m
159.283 -2287.903 l
S
0.776 0.784 0.792 SC
159.75 -2360.21 m
159.75 -2287.903 l
S
0.776 0.78 0.788 SC
160.216 -2360.21 m
160.216 -2287.903 l
S
0.773 0.776 0.784 SC
160.683 -2360.21 m
160.683 -2287.903 l
S
0.769 0.776 0.784 SC
161.149 -2360.21 m
161.149 -2287.903 l
S
0.765 0.773 0.78 SC
161.616 -2360.21 m
161.616 -2287.903 l
S
0.761 0.769 0.776 SC
162.082 -2360.21 m
162.082 -2287.903 l
S
0.757 0.765 0.773 SC
162.549 -2360.21 m
162.549 -2287.903 l
S
0.753 0.761 0.769 SC
163.015 -2360.21 m
163.015 -2287.903 l
163.482 -2360.21 m
163.482 -2287.903 l
S
0.749 0.757 0.765 SC
163.948 -2360.21 m
163.948 -2287.903 l
S
0.745 0.753 0.761 SC
164.415 -2360.21 m
164.415 -2287.903 l
S
0.741 0.749 0.757 SC
164.881 -2360.21 m
164.881 -2287.903 l
S
0.737 0.745 0.753 SC
165.348 -2360.21 m
165.348 -2287.903 l
S
0.733 0.741 0.753 SC
165.814 -2360.21 m
165.814 -2287.903 l
S
0.733 0.741 0.749 SC
166.281 -2360.21 m
166.281 -2287.903 l
166.747 -2360.21 m
166.747 -2287.903 l
S
0.729 0.737 0.745 SC
167.214 -2360.21 m
167.214 -2287.903 l
S
0.725 0.733 0.741 SC
167.68 -2360.21 m
167.68 -2287.903 l
S
0.722 0.729 0.737 SC
168.147 -2360.21 m
168.147 -2287.903 l
S
0.718 0.725 0.737 SC
168.613 -2360.21 m
168.613 -2287.903 l
S
0.714 0.722 0.733 SC
169.08 -2360.21 m
169.08 -2287.903 l
S
0.714 0.722 0.729 SC
169.546 -2360.21 m
169.546 -2287.903 l
S
0.71 0.718 0.725 SC
170.013 -2360.21 m
170.013 -2287.903 l
S
0.706 0.714 0.722 SC
170.479 -2360.21 m
170.479 -2287.903 l
S
0.702 0.71 0.722 SC
170.946 -2360.21 m
170.946 -2287.903 l
S
0.698 0.706 0.718 SC
171.412 -2360.21 m
171.412 -2287.903 l
S
0.698 0.706 0.714 SC
171.879 -2360.21 m
171.879 -2287.903 l
S
0.694 0.702 0.71 SC
172.345 -2360.21 m
172.345 -2287.903 l
S
0.69 0.698 0.706 SC
172.812 -2360.21 m
172.812 -2287.903 l
S
0.686 0.694 0.706 SC
173.278 -2360.21 m
173.278 -2287.903 l
S
0.682 0.69 0.702 SC
173.745 -2360.21 m
173.745 -2287.903 l
S
0.682 0.69 0.698 SC
174.211 -2360.21 m
174.211 -2287.903 l
S
0.678 0.686 0.694 SC
174.678 -2360.21 m
174.678 -2287.903 l
S
0.675 0.682 0.69 SC
175.144 -2360.21 m
175.144 -2287.903 l
S
0.671 0.678 0.69 SC
175.611 -2360.21 m
175.611 -2287.903 l
S
0.667 0.675 0.686 SC
176.077 -2360.21 m
176.077 -2287.903 l
S
0.663 0.675 0.682 SC
176.544 -2360.21 m
176.544 -2287.903 l
S
0.663 0.671 0.678 SC
177.01 -2360.21 m
177.01 -2287.903 l
S
0.659 0.667 0.678 SC
177.477 -2360.21 m
177.477 -2287.903 l
S
0.655 0.663 0.675 SC
177.943 -2360.21 m
177.943 -2287.903 l
S
0.651 0.659 0.671 SC
178.41 -2360.21 m
178.41 -2287.903 l
S
0.651 0.659 0.667 SC
178.876 -2360.21 m
178.876 -2287.903 l
S
0.647 0.655 0.663 SC
179.343 -2360.21 m
179.343 -2287.903 l
S
0.643 0.651 0.663 SC
179.809 -2360.21 m
179.809 -2287.903 l
S
0.639 0.647 0.659 SC
180.276 -2360.21 m
180.276 -2287.903 l
S
0.635 0.643 0.655 SC
180.742 -2360.21 m
180.742 -2287.903 l
S
0.635 0.643 0.651 SC
181.209 -2360.21 m
181.209 -2287.903 l
S
0.631 0.639 0.647 SC
181.675 -2360.21 m
181.675 -2287.903 l
S
0.627 0.635 0.647 SC
182.142 -2360.21 m
182.142 -2287.903 l
S
0.624 0.631 0.643 SC
182.608 -2360.21 m
182.608 -2287.903 l
S
0.62 0.631 0.639 SC
183.075 -2360.21 m
183.075 -2287.903 l
S
0.62 0.627 0.635 SC
183.541 -2360.21 m
183.541 -2287.903 l
S
0.616 0.624 0.635 SC
184.008 -2360.21 m
184.008 -2287.903 l
S
0.612 0.62 0.631 SC
184.474 -2360.21 m
184.474 -2287.903 l
S
0.608 0.616 0.627 SC
184.941 -2360.21 m
184.941 -2287.903 l
S
0.608 0.616 0.624 SC
185.407 -2360.21 m
185.407 -2287.903 l
S
0.604 0.612 0.624 SC
185.874 -2360.21 m
185.874 -2287.903 l
S
0.6 0.608 0.62 SC
186.34 -2360.21 m
186.34 -2287.903 l
S
0.596 0.604 0.616 SC
186.806 -2360.21 m
186.806 -2287.903 l
S
0.596 0.604 0.612 SC
187.273 -2360.21 m
187.273 -2287.903 l
S
0.592 0.6 0.608 SC
187.739 -2360.21 m
187.739 -2287.903 l
S
0.588 0.596 0.608 SC
188.206 -2360.21 m
188.206 -2287.903 l
S
0.584 0.592 0.604 SC
188.672 -2360.21 m
188.672 -2287.903 l
S
0.584 0.592 0.6 SC
189.139 -2360.21 m
189.139 -2287.903 l
S
0.58 0.588 0.596 SC
189.605 -2360.21 m
189.605 -2287.903 l
S
0.576 0.584 0.596 SC
190.072 -2360.21 m
190.072 -2287.903 l
S
0.573 0.58 0.592 SC
190.538 -2360.21 m
190.538 -2287.903 l
S
0.573 0.58 0.588 SC
191.005 -2360.21 m
191.005 -2287.903 l
S
0.569 0.576 0.588 SC
191.471 -2360.21 m
191.471 -2287.903 l
S
0.565 0.573 0.584 SC
191.938 -2360.21 m
191.938 -2287.903 l
S
0.561 0.569 0.58 SC
192.404 -2360.21 m
192.404 -2287.903 l
S
0.561 0.569 0.576 SC
192.871 -2360.21 m
192.871 -2287.903 l
S
0.557 0.565 0.576 SC
193.337 -2360.21 m
193.337 -2287.903 l
S
0.553 0.561 0.573 SC
193.804 -2360.21 m
193.804 -2287.903 l
S
0.549 0.557 0.569 SC
194.27 -2360.21 m
194.27 -2287.903 l
S
0.549 0.557 0.565 SC
194.737 -2360.21 m
194.737 -2287.903 l
S
0.545 0.553 0.565 SC
195.203 -2360.21 m
195.203 -2287.903 l
S
0.541 0.549 0.561 SC
195.67 -2360.21 m
195.67 -2287.903 l
S
0.537 0.545 0.557 SC
196.136 -2360.21 m
196.136 -2287.903 l
S
0.537 0.545 0.553 SC
196.603 -2360.21 m
196.603 -2287.903 l
S
0.533 0.541 0.553 SC
197.069 -2360.21 m
197.069 -2287.903 l
S
0.529 0.537 0.549 SC
197.536 -2360.21 m
197.536 -2287.903 l
S
0.529 0.533 0.545 SC
198.002 -2360.21 m
198.002 -2287.903 l
S
0.525 0.533 0.541 SC
198.469 -2360.21 m
198.469 -2287.903 l
S
0.522 0.529 0.541 SC
198.935 -2360.21 m
198.935 -2287.903 l
S
0.518 0.525 0.537 SC
199.402 -2360.21 m
199.402 -2287.903 l
S
0.518 0.525 0.533 SC
199.868 -2360.21 m
199.868 -2287.903 l
S
0.514 0.522 0.529 SC
200.335 -2360.21 m
200.335 -2287.903 l
S
0.51 0.518 0.529 SC
200.801 -2360.21 m
200.801 -2287.903 l
S
0.51 0.514 0.525 SC
201.268 -2360.21 m
201.268 -2287.903 l
S
0.506 0.514 0.522 SC
201.734 -2360.21 m
201.734 -2287.903 l
S
0.502 0.51 0.518 SC
202.201 -2360.21 m
202.201 -2287.903 l
S
Q
Q
q
1 i 
-9 851 613 -860 re
0 841 m
W n
0.03 841.02 595.02 -841.02 re
W n
/Cs5 cs 0.161 0.145 0.149 sc
/GS1 gs
560.12 841.02 34.93 -6.11 re
f
/Cs5 CS 0.161 0.145 0.149 SC
0 J 0 j 0.3 w 10 M []0 d
567.202 840.678 m
567.202 804.948 l
S
286.57 22.8 22.68 -22.8 re
f
BT
/F1 1 Tf
10 0 0 10 289.5747 7.7671 Tm
1 1 1 sc
-0.0002 Tc
0 Tw
(701)Tj
/F3 1 Tf
7 0 0 7 473.8676 17.5374 Tm
0.161 0.145 0.149 sc
-0.0001 Tc
-0.0306 Tw
[(Swissmedic Jour)-17.9(nal)-1111.9(9/2002)]TJ
/F5 1 Tf
10 0 0 10 42.7953 481.8155 Tm
0 Tc
0 Tw
(1)Tj
/F2 1 Tf
1.7008 0 TD
-0.0001 Tc
-0.0336 Tw
[(Benylin, Hustensirup)-17370.9(15620)-1476.5(C)]TJ
/F5 1 Tf
36 0 TD
0 Tw
(03.02.0.)Tj
-36 -1.1 TD
-0.0306 Tw
(Pfizer AG, Flüelastrasse 7, 8048 Zürich)Tj
-1.7008 -1.6669 TD
0 Tc
0 Tw
(1)Tj
/F2 1 Tf
1.7008 0 TD
-0.0001 Tc
-0.0336 Tw
[(Boldocynara N, T)73.9(r)17.9(opfen)-16021(24068)-1476.5(D)]TJ
/F5 1 Tf
36 0 TD
0 Tw
[(04.11.2.)-455(30.09.2003)]TJ
-36 -1.1 TD
-0.0306 Tw
[(Bioforce AG, , 9325 Roggwil)]TJ
-1.7008 -1.6669 TD
0 Tc
0 Tw
(1)Tj
/F2 1 Tf
1.7008 0 TD
-0.0001 Tc
-0.0336 Tw
[(Divigel cyclo, Kombinationspackung)-9256.4(55312)-1476.5(B)]TJ
/F5 1 Tf
36 0 TD
0 Tw
(07.08.6.)Tj
-36 -1.1 TD
-0.0306 Tw
(Orion Pharma AG, Untermüli 11, 6300 Zug)Tj
-1.7008 -1.6669 TD
0 Tc
0 Tw
(1)Tj
/F2 1 Tf
1.7008 0 TD
-0.0001 Tc
-0.0336 Tw
[(Lendormin, T)98.8(abletten)-17024.3(44637)-1476.5(B)]TJ
/F5 1 Tf
36 0 TD
0 Tw
[(01.03.1.)-455(31.12.2003)]TJ
-36 -1.1 TD
-0.0306 Tw
(Boehringer Ingelheim \(Schweiz\) GmbH, Dufourstrasse 54, )Tj
T*
(4002 Basel)Tj
-1.7008 -1.6669 TD
0 Tc
0 Tw
(1)Tj
/F2 1 Tf
1.7008 0 TD
-0.0001 Tc
-0.0336 Tw
[(Manusept, Emulsion)-17536.7(31631)-1476.5(D)]TJ
/F5 1 Tf
36 0 TD
0 Tw
[(10.09.1.)-455(31.12.2002)]TJ
-36 -1.1 TD
-0.0306 Tw
(Beiersdorf AG, Aliothstrasse 40, 4142 Münchenstein)Tj
-1.7008 -1.6669 TD
0 Tc
0 Tw
(1)Tj
/F2 1 Tf
1.7008 0 TD
-0.0001 Tc
-0.0336 Tw
[(Pedicid Konzentrat, flüssig)-14263.2(45360)-1476.5(D)]TJ
/F5 1 Tf
36 0 TD
0 Tw
[(10.09.1.)-455(30.06.2003)]TJ
-36 -1.1 TD
-0.0306 Tw
(Adroka AG, Hegenheimermattweg 57, 4123 Allschwil)Tj
-1.7008 -1.6669 TD
0 Tc
0 Tw
(1)Tj
/F2 1 Tf
1.7008 0 TD
-0.0001 Tc
-0.0336 Tw
[(Phytomed Katarrhtr)17.7(opfen/Rhino-gouttes, T)73.9(r)17.9(opfen)-2483.2(40317)-1476.5(D)]TJ
/F5 1 Tf
36 0 TD
0 Tw
[(03.99.0.)-455(31.08.2003)]TJ
-36 -1.1 TD
-0.0306 Tw
[(Phytomed AG, T)73.9(schamerie 25, 3415 Hasle/Burgdorf)]TJ
-1.7008 -1.6669 TD
0 Tc
0 Tw
(1)Tj
/F2 1 Tf
1.7008 0 TD
-0.0245 Tc
-0.0337 Tw
[(Rectoquintyl Pr)17.8(ométhazine, suppositoir)17.8(es pour adultes)]TJ
28.063 0 TD
-0.0002 Tc
0 Tw
[(30648)-1476.6(C)]TJ
/F5 1 Tf
7.937 0 TD
-0.0001 Tc
(03.03.2.)Tj
-36 -1.1 TD
-0.0306 Tw
[(Sanofi SA/Sanofi AG, 11, rue de V)36.7(eyrot, 1217 Meyrin)]TJ
-1.7008 -1.6669 TD
0 Tc
0 Tw
(1)Tj
/F2 1 Tf
1.7008 0 TD
-0.0001 Tc
-0.0337 Tw
[(Slim-Fast V)54.8(anille, Pulver)-15655.6(52735)-1476.5(D)]TJ
/F5 1 Tf
36 0 TD
0 Tw
(07.01.3.)Tj
-36 -1.1 TD
0 Tc
(V)Tj
0.6182 0 TD
-0.0001 Tc
-0.0306 Tw
(oigt AG, Hofstrasse 50, 8590 Romanshorn)Tj
/F1 1 Tf
-2.319 -6.7 TD
-0.0002 Tc
-0.0304 Tw
[(Exporte /)-111.3(E)0(xports)]TJ
/F5 1 Tf
0 -1.6669 TD
0 Tc
0 Tw
(1)Tj
/F2 1 Tf
1.7008 0 TD
-0.0001 Tc
-0.0336 Tw
[(Ampifrinil 125)-306(mg, sir)17.7(op)-15471(49751)-1476.5(A)]TJ
/F5 1 Tf
36 0 TD
0 Tw
(08.01.23)Tj
-36 -1.1 TD
-0.0306 Tw
(Frilab SA, Route André-Piller 21, 1762 Givisiez)Tj
-1.7008 -1.6669 TD
0 Tc
0 Tw
(1)Tj
/F2 1 Tf
1.7008 0 TD
-0.0001 Tc
-0.0336 Tw
[(Ampifrinil, capsules)-17757.9(49750)-1476.5(A)]TJ
/F5 1 Tf
36 0 TD
0 Tw
(08.01.23)Tj
-36 -1.1 TD
-0.0306 Tw
(Frilab SA, Route André-Piller 21, 1762 Givisiez)Tj
-1.7008 -1.6669 TD
0 Tc
0 Tw
(1)Tj
/F2 1 Tf
1.7008 0 TD
-0.0001 Tc
-0.0336 Tw
[(Disoban 20 i.v)54.8(., Infusionslösungskonzentrat)-5538.8(55220)-1476.5(B)]TJ
/F5 1 Tf
36 0 TD
0 Tw
(02.04.4.)Tj
-36 -1.1 TD
-0.0306 Tw
(Leiras AG, Blegistrasse 5, 6341 Baar)Tj
/F1 1 Tf
8.3 0 0 8.3 42.7953 728.0875 Tm
(Zeichenerklärung – Liste des signes)Tj
/F3 1 Tf
0 -1.5463 TD
0.4686 Tc
0 Tw
(1W)Tj
1.9923 0 TD
-0.0001 Tc
-0.0306 Tw
[(iderruf der Zulassung infolge V)54.7(e)0.1(rzicht auf den V)54.7(e)0.1(rtrieb)]TJ
-0.9677 -1.2048 TD
(Révocation de l’AMM suite à la décision de l’enterprise de )Tj
T*
0 Tc
0 Tw
(r)Tj
0.315 0 TD
-0.0001 Tc
-0.0306 Tw
(enoncer à la distribution)Tj
-1.3395 -1.5464 TD
0.4686 Tc
0 Tw
(2W)Tj
1.9923 0 TD
-0.0001 Tc
-0.0306 Tw
[(iderruf der Zulassung im Überprüfungsverfahr)17.7(en)]TJ
-0.9677 -1.2048 TD
[(Révocation de l’AMM dans le cadr)17.7(e de la pr)17.7(océdur)17.7(e )]TJ
T*
(de réexamen)Tj
-1.0246 -1.5463 TD
0.4686 Tc
0 Tw
(4W)Tj
1.9923 0 TD
-0.0001 Tc
-0.0306 Tw
(iderruf der Zulassung nach Abweisung der Rechtsmittel)Tj
-0.9677 -1.2048 TD
[(dur)17.7(ch die Rechtsmittelinstanz\(en\))]TJ
T*
[(Révocation de l’AMM pour cause de r)17.7(ejet des r)17.7(ecours par les)]TJ
T*
(instances compétentes)Tj
-1.0246 -3.0927 TD
(Falls in der Spalte )Tj
/F1 1 Tf
7.5428 0 TD
0 Tw
(«Ausverkaufsfrist»)Tj
/F3 1 Tf
9.0803 0 TD
-0.0306 Tw
(kein Datum angegeben)Tj
-16.6231 -1.2048 TD
[(ist, darf das Präparat nicht mehr verkauft wer)17.6(den.)]TJ
29.0295 17.1959 TD
0.4686 Tc
0 Tw
(5W)Tj
1.9923 0 TD
-0.0001 Tc
-0.0306 Tw
(iderruf der Zulassung infolge fehlender Betriebsbewilligung)Tj
-0.9677 -1.2048 TD
-0.0112 Tc
(Révocation de l’AMM par manque d’autorisation d’exploitation)Tj
-1.0246 -1.5463 TD
0 Tc
0 Tw
(7)Tj
1.0246 0 TD
-0.0001 Tc
-0.0306 Tw
[(Entlassung aus der Heilmittelkontr)17.7(olle)]TJ
0 -1.2048 TD
(Spécialités libérées du contrôle des médicaments)Tj
-1.0246 -10.8726 TD
(Si aucune date n’est mentionnée dans la colonne )Tj
/F1 1 Tf
0 -1.2048 TD
[(«Délai de liquidation»,)]TJ
/F3 1 Tf
10.798 0 TD
(la vente de la préparation doit)Tj
-10.798 -1.2048 TD
[(immédiatement êtr)17.7(e suspendue.)]TJ
/F1 1 Tf
10 0 0 10 42.7953 504.3677 Tm
[(Humanpräparate)-111.2(/)-111.2(P)0.1(r)17.7(oduits à usage humain)]TJ
ET
0.5 w 
42.8 568.31 m
510.51 568.31 l
S
BT
/F3 1 Tf
6.75 0 0 6.75 42.7953 558.7064 Tm
0 Tw
[(Zeichen)-1761.9(Präparat)]TJ
44.0945 0 TD
[(Zul.-Nr)91.7(.)-3644.9(V)55(erkaufs-)-1040.5(Index)-3601.8(Ausverkaufs-)]TJ
-44.0945 -1.1852 TD
[(Signe)-2705.7(Pr)17.7(oduit)]TJ
50.8136 0 TD
-0.0002 Tc
[(art)-9753.1(frist)]TJ
0 -1.1852 TD
-0.0001 Tc
-0.0305 Tw
[(Mode)-8418(Délai de)]TJ
ET
42.8 530.2 m
510.51 530.2 l
S
BT
6.75 0 0 6.75 385.7874 534.7064 Tm
[(de vente)-7283(liquidation)]TJ
/F2 1 Tf
12 0 0 12 42.7953 762.1339 Tm
-0.0336 Tw
[(Löschung der Zulassung)]TJ
0 -1 TD
[(Radiation de l’autorisation de mise sur le mar)17.7(ché)]TJ
ET
Q

q
1 i 
-9 851 613 -860 re
0 841 m
W n
0.03 841.02 595.02 -841.02 re
W n
BT
/F4 1 Tf
12.5 0 0 12.5 34.4488 811.7822 Tm
/Cs5 cs 0.161 0.145 0.149 sc
/GS1 gs
-0.0001 Tc
-0.0286 Tw
[(Arzneimittel Statistik)-130(/)-129.9(M)0.1(édicaments miscellanées)]TJ
ET
/Cs5 CS 0.161 0.145 0.149 SC
0 J 0 j 0.3 w 10 M []0 d
28.35 805.15 m
552.76 805.15 l
S
Q
q
1 i 
35.43 850.5 198.43 -24.09 re
308.74 811.782 m
W* n
-9 851 613 -860 re
0 841 m
W n
0.03 841.02 595.02 -841.02 re
W n
q
2.7718 0 0 -0.3608 0 0 cm
/Cs5 CS 0.502 0.51 0.518 SC
0 J 0 j 0.5 w 10 M []0 d
/GS1 gs
12.655 -2360.21 m
12.655 -2287.903 l
S
0.506 0.514 0.522 SC
13.121 -2360.21 m
13.121 -2287.903 l
S
0.51 0.514 0.525 SC
13.588 -2360.21 m
13.588 -2287.903 l
S
0.51 0.518 0.529 SC
14.054 -2360.21 m
14.054 -2287.903 l
S
0.514 0.522 0.529 SC
14.521 -2360.21 m
14.521 -2287.903 l
S
0.518 0.525 0.533 SC
14.987 -2360.21 m
14.987 -2287.903 l
S
0.518 0.525 0.537 SC
15.454 -2360.21 m
15.454 -2287.903 l
S
0.522 0.529 0.541 SC
15.92 -2360.21 m
15.92 -2287.903 l
S
0.525 0.533 0.541 SC
16.387 -2360.21 m
16.387 -2287.903 l
S
0.529 0.533 0.545 SC
16.853 -2360.21 m
16.853 -2287.903 l
S
0.529 0.537 0.549 SC
17.32 -2360.21 m
17.32 -2287.903 l
S
0.533 0.541 0.553 SC
17.786 -2360.21 m
17.786 -2287.903 l
S
0.537 0.545 0.553 SC
18.253 -2360.21 m
18.253 -2287.903 l
S
0.537 0.545 0.557 SC
18.719 -2360.21 m
18.719 -2287.903 l
S
0.541 0.549 0.561 SC
19.186 -2360.21 m
19.186 -2287.903 l
S
0.545 0.553 0.565 SC
19.652 -2360.21 m
19.652 -2287.903 l
S
0.549 0.557 0.565 SC
20.119 -2360.21 m
20.119 -2287.903 l
S
0.549 0.557 0.569 SC
20.585 -2360.21 m
20.585 -2287.903 l
S
0.553 0.561 0.573 SC
21.052 -2360.21 m
21.052 -2287.903 l
S
0.557 0.565 0.576 SC
21.518 -2360.21 m
21.518 -2287.903 l
S
0.561 0.569 0.576 SC
21.985 -2360.21 m
21.985 -2287.903 l
S
0.561 0.569 0.58 SC
22.451 -2360.21 m
22.451 -2287.903 l
S
0.565 0.573 0.584 SC
22.918 -2360.21 m
22.918 -2287.903 l
S
0.569 0.576 0.588 SC
23.384 -2360.21 m
23.384 -2287.903 l
S
0.573 0.58 0.588 SC
23.851 -2360.21 m
23.851 -2287.903 l
S
0.573 0.58 0.592 SC
24.317 -2360.21 m
24.317 -2287.903 l
S
0.576 0.584 0.596 SC
24.784 -2360.21 m
24.784 -2287.903 l
S
0.58 0.588 0.596 SC
25.25 -2360.21 m
25.25 -2287.903 l
S
0.584 0.592 0.6 SC
25.717 -2360.21 m
25.717 -2287.903 l
S
0.584 0.592 0.604 SC
26.183 -2360.21 m
26.183 -2287.903 l
S
0.588 0.596 0.608 SC
26.65 -2360.21 m
26.65 -2287.903 l
S
0.592 0.6 0.608 SC
27.116 -2360.21 m
27.116 -2287.903 l
S
0.596 0.604 0.612 SC
27.583 -2360.21 m
27.583 -2287.903 l
S
0.596 0.604 0.616 SC
28.049 -2360.21 m
28.049 -2287.903 l
S
0.6 0.608 0.62 SC
28.516 -2360.21 m
28.516 -2287.903 l
S
0.604 0.612 0.624 SC
28.982 -2360.21 m
28.982 -2287.903 l
S
0.608 0.616 0.624 SC
29.449 -2360.21 m
29.449 -2287.903 l
S
0.608 0.616 0.627 SC
29.915 -2360.21 m
29.915 -2287.903 l
S
0.612 0.62 0.631 SC
30.382 -2360.21 m
30.382 -2287.903 l
S
0.616 0.624 0.635 SC
30.848 -2360.21 m
30.848 -2287.903 l
S
0.62 0.627 0.635 SC
31.315 -2360.21 m
31.315 -2287.903 l
S
0.62 0.631 0.639 SC
31.781 -2360.21 m
31.781 -2287.903 l
S
0.624 0.631 0.643 SC
32.248 -2360.21 m
32.248 -2287.903 l
S
0.627 0.635 0.647 SC
32.714 -2360.21 m
32.714 -2287.903 l
S
0.631 0.639 0.647 SC
33.181 -2360.21 m
33.181 -2287.903 l
S
0.635 0.643 0.651 SC
33.647 -2360.21 m
33.647 -2287.903 l
S
0.635 0.643 0.655 SC
34.113 -2360.21 m
34.113 -2287.903 l
S
0.639 0.647 0.659 SC
34.58 -2360.21 m
34.58 -2287.903 l
S
0.643 0.651 0.663 SC
35.046 -2360.21 m
35.046 -2287.903 l
S
0.647 0.655 0.663 SC
35.513 -2360.21 m
35.513 -2287.903 l
S
0.651 0.659 0.667 SC
35.979 -2360.21 m
35.979 -2287.903 l
S
0.651 0.659 0.671 SC
36.446 -2360.21 m
36.446 -2287.903 l
S
0.655 0.663 0.675 SC
36.912 -2360.21 m
36.912 -2287.903 l
S
0.659 0.667 0.678 SC
37.379 -2360.21 m
37.379 -2287.903 l
S
0.663 0.671 0.678 SC
37.845 -2360.21 m
37.845 -2287.903 l
S
0.663 0.675 0.682 SC
38.312 -2360.21 m
38.312 -2287.903 l
S
0.667 0.675 0.686 SC
38.778 -2360.21 m
38.778 -2287.903 l
S
0.671 0.678 0.69 SC
39.245 -2360.21 m
39.245 -2287.903 l
S
0.675 0.682 0.69 SC
39.711 -2360.21 m
39.711 -2287.903 l
S
0.678 0.686 0.694 SC
40.178 -2360.21 m
40.178 -2287.903 l
S
0.682 0.69 0.698 SC
40.644 -2360.21 m
40.644 -2287.903 l
S
0.682 0.69 0.702 SC
41.111 -2360.21 m
41.111 -2287.903 l
S
0.686 0.694 0.706 SC
41.577 -2360.21 m
41.577 -2287.903 l
S
0.69 0.698 0.706 SC
42.044 -2360.21 m
42.044 -2287.903 l
S
0.694 0.702 0.71 SC
42.51 -2360.21 m
42.51 -2287.903 l
S
0.698 0.706 0.714 SC
42.977 -2360.21 m
42.977 -2287.903 l
S
0.698 0.706 0.718 SC
43.443 -2360.21 m
43.443 -2287.903 l
S
0.702 0.71 0.722 SC
43.91 -2360.21 m
43.91 -2287.903 l
S
0.706 0.714 0.722 SC
44.376 -2360.21 m
44.376 -2287.903 l
S
0.71 0.718 0.725 SC
44.843 -2360.21 m
44.843 -2287.903 l
S
0.714 0.722 0.729 SC
45.309 -2360.21 m
45.309 -2287.903 l
S
0.714 0.722 0.733 SC
45.776 -2360.21 m
45.776 -2287.903 l
S
0.718 0.725 0.737 SC
46.242 -2360.21 m
46.242 -2287.903 l
S
0.722 0.729 0.737 SC
46.709 -2360.21 m
46.709 -2287.903 l
S
0.725 0.733 0.741 SC
47.175 -2360.21 m
47.175 -2287.903 l
S
0.729 0.737 0.745 SC
47.642 -2360.21 m
47.642 -2287.903 l
S
0.733 0.741 0.749 SC
48.108 -2360.21 m
48.108 -2287.903 l
S
0.733 0.741 0.753 SC
48.575 -2360.21 m
48.575 -2287.903 l
49.041 -2360.21 m
49.041 -2287.903 l
S
0.737 0.745 0.753 SC
49.508 -2360.21 m
49.508 -2287.903 l
S
0.741 0.749 0.757 SC
49.974 -2360.21 m
49.974 -2287.903 l
S
0.745 0.753 0.761 SC
50.441 -2360.21 m
50.441 -2287.903 l
S
0.749 0.757 0.765 SC
50.907 -2360.21 m
50.907 -2287.903 l
S
0.753 0.761 0.769 SC
51.374 -2360.21 m
51.374 -2287.903 l
51.84 -2360.21 m
51.84 -2287.903 l
S
0.757 0.765 0.773 SC
52.307 -2360.21 m
52.307 -2287.903 l
S
0.761 0.769 0.776 SC
52.773 -2360.21 m
52.773 -2287.903 l
S
0.765 0.773 0.78 SC
53.24 -2360.21 m
53.24 -2287.903 l
S
0.769 0.776 0.784 SC
53.706 -2360.21 m
53.706 -2287.903 l
S
0.773 0.776 0.784 SC
54.173 -2360.21 m
54.173 -2287.903 l
S
0.776 0.78 0.788 SC
54.639 -2360.21 m
54.639 -2287.903 l
S
0.776 0.784 0.792 SC
55.106 -2360.21 m
55.106 -2287.903 l
S
0.78 0.788 0.796 SC
55.572 -2360.21 m
55.572 -2287.903 l
S
0.784 0.792 0.8 SC
56.039 -2360.21 m
56.039 -2287.903 l
S
0.788 0.796 0.8 SC
56.505 -2360.21 m
56.505 -2287.903 l
S
0.792 0.796 0.804 SC
56.972 -2360.21 m
56.972 -2287.903 l
S
0.796 0.8 0.808 SC
57.438 -2360.21 m
57.438 -2287.903 l
S
0.796 0.804 0.812 SC
57.905 -2360.21 m
57.905 -2287.903 l
S
0.8 0.808 0.816 SC
58.371 -2360.21 m
58.371 -2287.903 l
S
0.804 0.812 0.816 SC
58.838 -2360.21 m
58.838 -2287.903 l
S
0.808 0.812 0.82 SC
59.304 -2360.21 m
59.304 -2287.903 l
S
0.812 0.816 0.824 SC
59.771 -2360.21 m
59.771 -2287.903 l
S
0.816 0.82 0.827 SC
60.237 -2360.21 m
60.237 -2287.903 l
S
0.816 0.824 0.831 SC
60.704 -2360.21 m
60.704 -2287.903 l
S
0.82 0.827 0.831 SC
61.17 -2360.21 m
61.17 -2287.903 l
S
0.824 0.831 0.835 SC
61.637 -2360.21 m
61.637 -2287.903 l
S
0.827 0.831 0.839 SC
62.103 -2360.21 m
62.103 -2287.903 l
S
0.831 0.835 0.843 SC
62.57 -2360.21 m
62.57 -2287.903 l
S
0.835 0.839 0.843 SC
63.036 -2360.21 m
63.036 -2287.903 l
S
0.835 0.843 0.847 SC
63.503 -2360.21 m
63.503 -2287.903 l
S
0.839 0.847 0.851 SC
63.969 -2360.21 m
63.969 -2287.903 l
S
0.843 0.847 0.855 SC
64.436 -2360.21 m
64.436 -2287.903 l
S
0.847 0.851 0.859 SC
64.902 -2360.21 m
64.902 -2287.903 l
S
0.851 0.855 0.859 SC
65.369 -2360.21 m
65.369 -2287.903 l
S
0.855 0.859 0.863 SC
65.835 -2360.21 m
65.835 -2287.903 l
S
0.855 0.863 0.867 SC
66.302 -2360.21 m
66.302 -2287.903 l
S
0.859 0.863 0.871 SC
66.768 -2360.21 m
66.768 -2287.903 l
S
0.863 0.867 0.875 SC
67.235 -2360.21 m
67.235 -2287.903 l
S
0.867 0.871 0.875 SC
67.701 -2360.21 m
67.701 -2287.903 l
S
0.871 0.875 0.878 SC
68.168 -2360.21 m
68.168 -2287.903 l
S
0.875 0.878 0.882 SC
68.634 -2360.21 m
68.634 -2287.903 l
S
0.875 0.882 0.886 SC
69.101 -2360.21 m
69.101 -2287.903 l
S
0.878 0.882 0.89 SC
69.567 -2360.21 m
69.567 -2287.903 l
S
0.882 0.886 0.89 SC
70.034 -2360.21 m
70.034 -2287.903 l
S
0.886 0.89 0.894 SC
70.5 -2360.21 m
70.5 -2287.903 l
S
0.89 0.894 0.898 SC
70.967 -2360.21 m
70.967 -2287.903 l
S
0.894 0.898 0.902 SC
71.433 -2360.21 m
71.433 -2287.903 l
S
0.898 0.898 0.902 SC
71.9 -2360.21 m
71.9 -2287.903 l
S
0.898 0.902 0.906 SC
72.366 -2360.21 m
72.366 -2287.903 l
S
0.902 0.906 0.91 SC
72.833 -2360.21 m
72.833 -2287.903 l
S
0.906 0.91 0.914 SC
73.299 -2360.21 m
73.299 -2287.903 l
S
0.91 0.914 0.918 SC
73.766 -2360.21 m
73.766 -2287.903 l
S
0.914 0.918 0.922 SC
74.232 -2360.21 m
74.232 -2287.903 l
S
0.918 0.922 0.922 SC
74.699 -2360.21 m
74.699 -2287.903 l
S
0.922 0.922 0.925 SC
75.165 -2360.21 m
75.165 -2287.903 l
S
0.922 0.925 0.929 SC
75.632 -2360.21 m
75.632 -2287.903 l
S
0.925 0.929 0.933 SC
76.098 -2360.21 m
76.098 -2287.903 l
S
0.929 0.933 0.933 SC
76.565 -2360.21 m
76.565 -2287.903 l
S
0.933 0.937 0.937 SC
77.031 -2360.21 m
77.031 -2287.903 l
S
0.937 0.937 0.941 SC
77.498 -2360.21 m
77.498 -2287.903 l
S
0.941 0.941 0.945 SC
77.964 -2360.21 m
77.964 -2287.903 l
S
0.945 0.945 0.949 SC
78.431 -2360.21 m
78.431 -2287.903 l
S
0.945 0.949 0.949 SC
78.897 -2360.21 m
78.897 -2287.903 l
S
0.949 0.953 0.953 SC
79.364 -2360.21 m
79.364 -2287.903 l
S
0.953 0.957 0.957 SC
79.83 -2360.21 m
79.83 -2287.903 l
S
0.957 0.957 0.961 SC
80.297 -2360.21 m
80.297 -2287.903 l
S
0.961 0.961 0.965 SC
80.763 -2360.21 m
80.763 -2287.903 l
S
0.965 0.965 0.969 SC
81.23 -2360.21 m
81.23 -2287.903 l
S
0.969 0.969 0.969 SC
81.696 -2360.21 m
81.696 -2287.903 l
S
0.973 0.973 0.973 SC
82.163 -2360.21 m
82.163 -2287.903 l
S
0.976 0.976 0.976 SC
82.629 -2360.21 m
82.629 -2287.903 l
S
0.98 0.98 0.984 SC
83.096 -2360.21 m
83.096 -2287.903 l
S
0.988 0.988 0.988 SC
83.562 -2360.21 m
83.562 -2287.903 l
S
0.992 0.992 0.992 SC
84.029 -2360.21 m
84.029 -2287.903 l
S
1 1 1 SC
84.495 -2360.21 m
84.495 -2287.903 l
S
Q
Q
q
1 i 
-9 851 613 -860 re
0 841 m
W n
0.03 841.02 595.02 -841.02 re
W n
/Cs5 cs 0.161 0.145 0.149 sc
/GS1 gs
0.03 841.02 35.4 -6.11 re
f
/Cs5 CS 0.161 0.145 0.149 SC
0 J 0 j 0.3 w 10 M []0 d
28.347 841.076 m
28.347 805.006 l
S
286.3 22.8 22.68 -22.8 re
f
BT
/F1 1 Tf
10 0 0 10 289.2992 7.7671 Tm
1 1 1 sc
-0.0002 Tc
0 Tw
(702)Tj
/F3 1 Tf
7 0 0 7 35.4331 17.5374 Tm
0.161 0.145 0.149 sc
-0.0001 Tc
-0.0306 Tw
[(Swissmedic Jour)-17.9(nal)-1111.9(9/2002)]TJ
/F5 1 Tf
10 0 0 10 85.0394 708.214 Tm
0 Tc
0 Tw
(1)Tj
/F2 1 Tf
1.7008 0 TD
-0.0001 Tc
-0.0336 Tw
[(Rohypnol, Injektionspräparat \(i.m., i.v)54.8(.\))-7790(38612)-1476.5(B)]TJ
/F5 1 Tf
36 0 TD
0 Tw
(01.03.1.)Tj
-36 -1.1 TD
-0.0306 Tw
(Roche Pharma \(Schweiz\) AG, Schönmattstrasse 2, 4153 Reinach)Tj
-1.7008 -1.6669 TD
0 Tc
0 Tw
(1)Tj
/F2 1 Tf
1.7008 0 TD
(V)Tj
0.7041 0 TD
-0.0001 Tc
-0.0336 Tw
[(icks Sinex, gouttes nasales)-13623(51882)-1476.5(D)]TJ
/F5 1 Tf
35.2959 0 TD
0 Tw
(12.02.1.)Tj
-36 -1.1 TD
-0.0306 Tw
(Procter & Gamble Switzerland SARL, 47, )Tj
T*
(route de Saint-Georges, 1213 Petit-Lancy)Tj
/F1 1 Tf
-1.7008 -4.5 TD
[(Diagnostika /)-111.2(D)0(iagnostica)]TJ
/F5 1 Tf
0 -1.6669 TD
0 Tc
0 Tw
(1)Tj
/F2 1 Tf
1.7008 0 TD
-0.0001 Tc
-0.0337 Tw
[(Micr)17.7(otrast, Paste)-19338.2(29994)-1476.5(B)]TJ
/F5 1 Tf
36 0 TD
0 Tw
[(14.01.0.)-455(30.06.2003)]TJ
-36 -1.1 TD
-0.0306 Tw
(Guerbet AG, Winterthurerstrasse 92, 8006 Zürich)Tj
ET
0.5 w 
85.04 770.88 m
552.76 770.88 l
S
BT
/F3 1 Tf
6.75 0 0 6.75 85.0394 761.2795 Tm
0 Tw
[(Zeichen)-1761.9(Präparat)]TJ
44.0945 0 TD
[(Zul.-Nr)91.7(.)-3644.9(V)55(erkaufs-)-1040.4(Index)-3601.8(Ausverkaufs-)]TJ
-44.0945 -1.1852 TD
[(Signe)-2705.7(Pr)17.7(oduit)]TJ
50.8136 0 TD
-0.0002 Tc
[(art)-9753.1(frist)]TJ
0 -1.1852 TD
-0.0001 Tc
-0.0305 Tw
[(Mode)-8418(Délai de)]TJ
ET
85.04 732.78 m
552.76 732.78 l
S
BT
6.75 0 0 6.75 428.0315 737.2795 Tm
[(de vente)-7283.1(liquidation)]TJ
ET
Q

q
1 i 
-9 851 613 -860 re
0 841 m
W n
0.03 841.02 595.02 -841.02 re
W n
BT
/F4 1 Tf
12.5 0 0 12.5 285.8058 811.7825 Tm
/Cs5 cs 0.161 0.145 0.149 sc
/GS1 gs
-0.0001 Tc
-0.0286 Tw
[(Arzneimittel Statistik)-130(/)-129.9(M)0.1(édicaments miscellanées)]TJ
ET
/Cs5 CS 0.161 0.145 0.149 SC
0 J 0 j 0.3 w 10 M []0 d
42.8 805.15 m
567.2 805.15 l
S
Q
q
1 i 
361.69 850.5 198.43 -24.09 re
560.097 811.782 m
W* n
-9 851 613 -860 re
0 841 m
W n
0.03 841.02 595.02 -841.02 re
W n
q
2.7718 0 0 -0.3608 0 0 cm
/Cs5 CS 1 1 1 SC
0 J 0 j 0.5 w 10 M []0 d
/GS1 gs
130.36 -2360.21 m
130.36 -2287.903 l
S
0.992 0.992 0.992 SC
130.827 -2360.21 m
130.827 -2287.903 l
S
0.988 0.988 0.988 SC
131.293 -2360.21 m
131.293 -2287.903 l
S
0.98 0.98 0.984 SC
131.76 -2360.21 m
131.76 -2287.903 l
S
0.976 0.976 0.976 SC
132.226 -2360.21 m
132.226 -2287.903 l
S
0.973 0.973 0.973 SC
132.693 -2360.21 m
132.693 -2287.903 l
S
0.969 0.969 0.969 SC
133.159 -2360.21 m
133.159 -2287.903 l
S
0.965 0.965 0.969 SC
133.626 -2360.21 m
133.626 -2287.903 l
S
0.961 0.961 0.965 SC
134.092 -2360.21 m
134.092 -2287.903 l
S
0.957 0.957 0.961 SC
134.559 -2360.21 m
134.559 -2287.903 l
S
0.953 0.957 0.957 SC
135.025 -2360.21 m
135.025 -2287.903 l
S
0.949 0.953 0.953 SC
135.492 -2360.21 m
135.492 -2287.903 l
S
0.945 0.949 0.949 SC
135.958 -2360.21 m
135.958 -2287.903 l
S
0.945 0.945 0.949 SC
136.425 -2360.21 m
136.425 -2287.903 l
S
0.941 0.941 0.945 SC
136.891 -2360.21 m
136.891 -2287.903 l
S
0.937 0.937 0.941 SC
137.358 -2360.21 m
137.358 -2287.903 l
S
0.933 0.937 0.937 SC
137.824 -2360.21 m
137.824 -2287.903 l
S
0.929 0.933 0.933 SC
138.291 -2360.21 m
138.291 -2287.903 l
S
0.925 0.929 0.933 SC
138.757 -2360.21 m
138.757 -2287.903 l
S
0.922 0.925 0.929 SC
139.224 -2360.21 m
139.224 -2287.903 l
S
0.922 0.922 0.925 SC
139.69 -2360.21 m
139.69 -2287.903 l
S
0.918 0.922 0.922 SC
140.157 -2360.21 m
140.157 -2287.903 l
S
0.914 0.918 0.922 SC
140.623 -2360.21 m
140.623 -2287.903 l
S
0.91 0.914 0.918 SC
141.09 -2360.21 m
141.09 -2287.903 l
S
0.906 0.91 0.914 SC
141.556 -2360.21 m
141.556 -2287.903 l
S
0.902 0.906 0.91 SC
142.023 -2360.21 m
142.023 -2287.903 l
S
0.898 0.902 0.906 SC
142.489 -2360.21 m
142.489 -2287.903 l
S
0.898 0.898 0.902 SC
142.956 -2360.21 m
142.956 -2287.903 l
S
0.894 0.898 0.902 SC
143.422 -2360.21 m
143.422 -2287.903 l
S
0.89 0.894 0.898 SC
143.889 -2360.21 m
143.889 -2287.903 l
S
0.886 0.89 0.894 SC
144.355 -2360.21 m
144.355 -2287.903 l
S
0.882 0.886 0.89 SC
144.822 -2360.21 m
144.822 -2287.903 l
S
0.878 0.882 0.89 SC
145.288 -2360.21 m
145.288 -2287.903 l
S
0.875 0.882 0.886 SC
145.755 -2360.21 m
145.755 -2287.903 l
S
0.875 0.878 0.882 SC
146.221 -2360.21 m
146.221 -2287.903 l
S
0.871 0.875 0.878 SC
146.688 -2360.21 m
146.688 -2287.903 l
S
0.867 0.871 0.875 SC
147.154 -2360.21 m
147.154 -2287.903 l
S
0.863 0.867 0.875 SC
147.621 -2360.21 m
147.621 -2287.903 l
S
0.859 0.863 0.871 SC
148.087 -2360.21 m
148.087 -2287.903 l
S
0.855 0.863 0.867 SC
148.554 -2360.21 m
148.554 -2287.903 l
S
0.855 0.859 0.863 SC
149.02 -2360.21 m
149.02 -2287.903 l
S
0.851 0.855 0.859 SC
149.487 -2360.21 m
149.487 -2287.903 l
S
0.847 0.851 0.859 SC
149.953 -2360.21 m
149.953 -2287.903 l
S
0.843 0.847 0.855 SC
150.42 -2360.21 m
150.42 -2287.903 l
S
0.839 0.847 0.851 SC
150.886 -2360.21 m
150.886 -2287.903 l
S
0.835 0.843 0.847 SC
151.353 -2360.21 m
151.353 -2287.903 l
S
0.835 0.839 0.843 SC
151.819 -2360.21 m
151.819 -2287.903 l
S
0.831 0.835 0.843 SC
152.286 -2360.21 m
152.286 -2287.903 l
S
0.827 0.831 0.839 SC
152.752 -2360.21 m
152.752 -2287.903 l
S
0.824 0.831 0.835 SC
153.219 -2360.21 m
153.219 -2287.903 l
S
0.82 0.827 0.831 SC
153.685 -2360.21 m
153.685 -2287.903 l
S
0.816 0.824 0.831 SC
154.152 -2360.21 m
154.152 -2287.903 l
S
0.816 0.82 0.827 SC
154.618 -2360.21 m
154.618 -2287.903 l
S
0.812 0.816 0.824 SC
155.085 -2360.21 m
155.085 -2287.903 l
S
0.808 0.812 0.82 SC
155.551 -2360.21 m
155.551 -2287.903 l
S
0.804 0.812 0.816 SC
156.018 -2360.21 m
156.018 -2287.903 l
S
0.8 0.808 0.816 SC
156.484 -2360.21 m
156.484 -2287.903 l
S
0.796 0.804 0.812 SC
156.951 -2360.21 m
156.951 -2287.903 l
S
0.796 0.8 0.808 SC
157.417 -2360.21 m
157.417 -2287.903 l
S
0.792 0.796 0.804 SC
157.884 -2360.21 m
157.884 -2287.903 l
S
0.788 0.796 0.8 SC
158.35 -2360.21 m
158.35 -2287.903 l
S
0.784 0.792 0.8 SC
158.817 -2360.21 m
158.817 -2287.903 l
S
0.78 0.788 0.796 SC
159.283 -2360.21 m
159.283 -2287.903 l
S
0.776 0.784 0.792 SC
159.75 -2360.21 m
159.75 -2287.903 l
S
0.776 0.78 0.788 SC
160.216 -2360.21 m
160.216 -2287.903 l
S
0.773 0.776 0.784 SC
160.683 -2360.21 m
160.683 -2287.903 l
S
0.769 0.776 0.784 SC
161.149 -2360.21 m
161.149 -2287.903 l
S
0.765 0.773 0.78 SC
161.616 -2360.21 m
161.616 -2287.903 l
S
0.761 0.769 0.776 SC
162.082 -2360.21 m
162.082 -2287.903 l
S
0.757 0.765 0.773 SC
162.549 -2360.21 m
162.549 -2287.903 l
S
0.753 0.761 0.769 SC
163.015 -2360.21 m
163.015 -2287.903 l
163.482 -2360.21 m
163.482 -2287.903 l
S
0.749 0.757 0.765 SC
163.948 -2360.21 m
163.948 -2287.903 l
S
0.745 0.753 0.761 SC
164.415 -2360.21 m
164.415 -2287.903 l
S
0.741 0.749 0.757 SC
164.881 -2360.21 m
164.881 -2287.903 l
S
0.737 0.745 0.753 SC
165.348 -2360.21 m
165.348 -2287.903 l
S
0.733 0.741 0.753 SC
165.814 -2360.21 m
165.814 -2287.903 l
S
0.733 0.741 0.749 SC
166.281 -2360.21 m
166.281 -2287.903 l
166.747 -2360.21 m
166.747 -2287.903 l
S
0.729 0.737 0.745 SC
167.214 -2360.21 m
167.214 -2287.903 l
S
0.725 0.733 0.741 SC
167.68 -2360.21 m
167.68 -2287.903 l
S
0.722 0.729 0.737 SC
168.147 -2360.21 m
168.147 -2287.903 l
S
0.718 0.725 0.737 SC
168.613 -2360.21 m
168.613 -2287.903 l
S
0.714 0.722 0.733 SC
169.08 -2360.21 m
169.08 -2287.903 l
S
0.714 0.722 0.729 SC
169.546 -2360.21 m
169.546 -2287.903 l
S
0.71 0.718 0.725 SC
170.013 -2360.21 m
170.013 -2287.903 l
S
0.706 0.714 0.722 SC
170.479 -2360.21 m
170.479 -2287.903 l
S
0.702 0.71 0.722 SC
170.946 -2360.21 m
170.946 -2287.903 l
S
0.698 0.706 0.718 SC
171.412 -2360.21 m
171.412 -2287.903 l
S
0.698 0.706 0.714 SC
171.879 -2360.21 m
171.879 -2287.903 l
S
0.694 0.702 0.71 SC
172.345 -2360.21 m
172.345 -2287.903 l
S
0.69 0.698 0.706 SC
172.812 -2360.21 m
172.812 -2287.903 l
S
0.686 0.694 0.706 SC
173.278 -2360.21 m
173.278 -2287.903 l
S
0.682 0.69 0.702 SC
173.745 -2360.21 m
173.745 -2287.903 l
S
0.682 0.69 0.698 SC
174.211 -2360.21 m
174.211 -2287.903 l
S
0.678 0.686 0.694 SC
174.678 -2360.21 m
174.678 -2287.903 l
S
0.675 0.682 0.69 SC
175.144 -2360.21 m
175.144 -2287.903 l
S
0.671 0.678 0.69 SC
175.611 -2360.21 m
175.611 -2287.903 l
S
0.667 0.675 0.686 SC
176.077 -2360.21 m
176.077 -2287.903 l
S
0.663 0.675 0.682 SC
176.544 -2360.21 m
176.544 -2287.903 l
S
0.663 0.671 0.678 SC
177.01 -2360.21 m
177.01 -2287.903 l
S
0.659 0.667 0.678 SC
177.477 -2360.21 m
177.477 -2287.903 l
S
0.655 0.663 0.675 SC
177.943 -2360.21 m
177.943 -2287.903 l
S
0.651 0.659 0.671 SC
178.41 -2360.21 m
178.41 -2287.903 l
S
0.651 0.659 0.667 SC
178.876 -2360.21 m
178.876 -2287.903 l
S
0.647 0.655 0.663 SC
179.343 -2360.21 m
179.343 -2287.903 l
S
0.643 0.651 0.663 SC
179.809 -2360.21 m
179.809 -2287.903 l
S
0.639 0.647 0.659 SC
180.276 -2360.21 m
180.276 -2287.903 l
S
0.635 0.643 0.655 SC
180.742 -2360.21 m
180.742 -2287.903 l
S
0.635 0.643 0.651 SC
181.209 -2360.21 m
181.209 -2287.903 l
S
0.631 0.639 0.647 SC
181.675 -2360.21 m
181.675 -2287.903 l
S
0.627 0.635 0.647 SC
182.142 -2360.21 m
182.142 -2287.903 l
S
0.624 0.631 0.643 SC
182.608 -2360.21 m
182.608 -2287.903 l
S
0.62 0.631 0.639 SC
183.075 -2360.21 m
183.075 -2287.903 l
S
0.62 0.627 0.635 SC
183.541 -2360.21 m
183.541 -2287.903 l
S
0.616 0.624 0.635 SC
184.008 -2360.21 m
184.008 -2287.903 l
S
0.612 0.62 0.631 SC
184.474 -2360.21 m
184.474 -2287.903 l
S
0.608 0.616 0.627 SC
184.941 -2360.21 m
184.941 -2287.903 l
S
0.608 0.616 0.624 SC
185.407 -2360.21 m
185.407 -2287.903 l
S
0.604 0.612 0.624 SC
185.874 -2360.21 m
185.874 -2287.903 l
S
0.6 0.608 0.62 SC
186.34 -2360.21 m
186.34 -2287.903 l
S
0.596 0.604 0.616 SC
186.806 -2360.21 m
186.806 -2287.903 l
S
0.596 0.604 0.612 SC
187.273 -2360.21 m
187.273 -2287.903 l
S
0.592 0.6 0.608 SC
187.739 -2360.21 m
187.739 -2287.903 l
S
0.588 0.596 0.608 SC
188.206 -2360.21 m
188.206 -2287.903 l
S
0.584 0.592 0.604 SC
188.672 -2360.21 m
188.672 -2287.903 l
S
0.584 0.592 0.6 SC
189.139 -2360.21 m
189.139 -2287.903 l
S
0.58 0.588 0.596 SC
189.605 -2360.21 m
189.605 -2287.903 l
S
0.576 0.584 0.596 SC
190.072 -2360.21 m
190.072 -2287.903 l
S
0.573 0.58 0.592 SC
190.538 -2360.21 m
190.538 -2287.903 l
S
0.573 0.58 0.588 SC
191.005 -2360.21 m
191.005 -2287.903 l
S
0.569 0.576 0.588 SC
191.471 -2360.21 m
191.471 -2287.903 l
S
0.565 0.573 0.584 SC
191.938 -2360.21 m
191.938 -2287.903 l
S
0.561 0.569 0.58 SC
192.404 -2360.21 m
192.404 -2287.903 l
S
0.561 0.569 0.576 SC
192.871 -2360.21 m
192.871 -2287.903 l
S
0.557 0.565 0.576 SC
193.337 -2360.21 m
193.337 -2287.903 l
S
0.553 0.561 0.573 SC
193.804 -2360.21 m
193.804 -2287.903 l
S
0.549 0.557 0.569 SC
194.27 -2360.21 m
194.27 -2287.903 l
S
0.549 0.557 0.565 SC
194.737 -2360.21 m
194.737 -2287.903 l
S
0.545 0.553 0.565 SC
195.203 -2360.21 m
195.203 -2287.903 l
S
0.541 0.549 0.561 SC
195.67 -2360.21 m
195.67 -2287.903 l
S
0.537 0.545 0.557 SC
196.136 -2360.21 m
196.136 -2287.903 l
S
0.537 0.545 0.553 SC
196.603 -2360.21 m
196.603 -2287.903 l
S
0.533 0.541 0.553 SC
197.069 -2360.21 m
197.069 -2287.903 l
S
0.529 0.537 0.549 SC
197.536 -2360.21 m
197.536 -2287.903 l
S
0.529 0.533 0.545 SC
198.002 -2360.21 m
198.002 -2287.903 l
S
0.525 0.533 0.541 SC
198.469 -2360.21 m
198.469 -2287.903 l
S
0.522 0.529 0.541 SC
198.935 -2360.21 m
198.935 -2287.903 l
S
0.518 0.525 0.537 SC
199.402 -2360.21 m
199.402 -2287.903 l
S
0.518 0.525 0.533 SC
199.868 -2360.21 m
199.868 -2287.903 l
S
0.514 0.522 0.529 SC
200.335 -2360.21 m
200.335 -2287.903 l
S
0.51 0.518 0.529 SC
200.801 -2360.21 m
200.801 -2287.903 l
S
0.51 0.514 0.525 SC
201.268 -2360.21 m
201.268 -2287.903 l
S
0.506 0.514 0.522 SC
201.734 -2360.21 m
201.734 -2287.903 l
S
0.502 0.51 0.518 SC
202.201 -2360.21 m
202.201 -2287.903 l
S
Q
Q
q
1 i 
-9 851 613 -860 re
0 841 m
W n
0.03 841.02 595.02 -841.02 re
W n
/Cs5 cs 0.161 0.145 0.149 sc
/GS1 gs
560.12 841.02 34.93 -6.11 re
f
/Cs5 CS 0.161 0.145 0.149 SC
0 J 0 j 0.3 w 10 M []0 d
567.202 840.678 m
567.202 804.948 l
S
286.57 22.8 22.68 -22.8 re
f
BT
/F1 1 Tf
10 0 0 10 289.5747 7.7671 Tm
1 1 1 sc
-0.0002 Tc
0 Tw
(703)Tj
/F3 1 Tf
7 0 0 7 473.8676 17.5374 Tm
0.161 0.145 0.149 sc
-0.0001 Tc
-0.0306 Tw
[(Swissmedic Jour)-17.9(nal)-1111.9(9/2002)]TJ
/F2 1 Tf
10 0 0 10 59.8031 607.7284 Tm
-0.0337 Tw
[(Bepanthen, Nasenspray)-15872.6(50420)-1476.5(D)]TJ
/F5 1 Tf
36 0 TD
0 Tw
(12.02.4.)Tj
-36 -1.1 TD
-0.0306 Tw
(Roche Pharma \(Schweiz\) AG, Schönmattstrasse 2, 4153 Reinach)Tj
/F2 1 Tf
0 -1.6669 TD
-0.0337 Tw
[(Orimeten, T)98.8(abletten)-17750.6(43331)-1476.5(B)]TJ
/F5 1 Tf
36 0 TD
0 Tw
(07.16.1.)Tj
-36 -1.1 TD
-0.0306 Tw
(Novartis Pharma Schweiz AG, Südbahnhofstrasse 14d, 3001 Bern)Tj
/F2 1 Tf
0 -1.6669 TD
-0.0336 Tw
[(Recormon 1000)-306(U.I./1)-306(mL, Injektionspräparat)-5146.3(50265)-1476.5(A)]TJ
/F5 1 Tf
36 0 TD
0 Tw
(06.07.3.)Tj
-36 -1.1 TD
-0.0306 Tw
(Roche Pharma \(Schweiz\) AG, Schönmattstrasse 2, 4153 Reinach)Tj
/F2 1 Tf
0 -1.6669 TD
-0.0336 Tw
[(Remer)17.7(on, T)73.9(rinklösung 15)-306(mg/ml)-11712.2(56076)-1476.5(B)]TJ
/F5 1 Tf
36 0 TD
0 Tw
(01.06.0.)Tj
-36 -1.1 TD
-0.0306 Tw
[(Organon AG, Churerstrasse 160 b, 8808 Pfäf)17.7(fikon)]TJ
/F3 1 Tf
6.75 0 0 6.75 59.8031 674.9034 Tm
0 Tw
(Präparat)Tj
46.1942 0 TD
[(Zul.-Nr)91.7(.)-2805(V)55(erkaufs-)-2720.2(Index)]TJ
-46.1942 -1.1852 TD
-0.0002 Tc
[(Pr)17.6(oduit)]TJ
52.0735 0 TD
-0.0001 Tc
(art)Tj
0 -1.1852 TD
(Mode)Tj
T*
-0.0306 Tw
(de vente)Tj
ET
0.5 w 
42.8 684.22 m
510.51 684.22 l
42.8 645.95 m
510.51 645.95 l
S
BT
/F2 1 Tf
12 0 0 12 42.7953 762.1339 Tm
-0.0336 Tw
(Umwandlung für das Inverkehrbringen im Ausland)Tj
0 -1 TD
[(Conversion en mise sur le mar)17.7(ché à l’étranger)]TJ
/F1 1 Tf
10 0 0 10 42.7953 627.3259 Tm
-0.0306 Tw
[(Humanpräparate)-111.2(/)-111.2(P)0.1(r)17.7(oduits à usage humain)]TJ
/F3 1 Tf
8.3 0 0 8.3 42.7953 732.3691 Tm
(Die folgenden pharmazeutischen Spezialitäten sind )Tj
/F2 1 Tf
0 -1.2048 TD
0 Tw
(neu)Tj
/F3 1 Tf
2.1921 0 TD
-0.0306 Tw
[(ausschliesslich für den Export bestimmt und dürfen in der)]TJ
-2.1921 -1.2048 TD
(Schweiz und im Fürstentum Liechtenstein nicht mehr vertrieben)Tj
T*
0 Tw
[(wer)17.7(den:)]TJ
29.0295 3.6146 TD
-0.0306 Tw
(Les spécialistes pharmaceutiques suivantes sont )Tj
/F2 1 Tf
0 -1.2048 TD
0 Tw
(désormais)Tj
/F3 1 Tf
5.5827 0 TD
-0.0306 Tw
(exclusivement destinées à l’exportation et ne peu-)Tj
-5.5827 -1.2048 TD
[(vent plus êtr)17.7(e commer)17.7(cialisées ni en Suisse ni dans la Principauté)]TJ
T*
(de Liechtenstein:)Tj
ET
Q

q
1 i 
-9 851 613 -860 re
0 841 m
W n
0.03 841.02 595.02 -841.02 re
W n
BT
/F4 1 Tf
12.5 0 0 12.5 34.4488 811.7822 Tm
/Cs5 cs 0.161 0.145 0.149 sc
/GS1 gs
-0.0001 Tc
-0.0286 Tw
[(Arzneimittel Statistik)-130(/)-129.9(M)0.1(édicaments miscellanées)]TJ
ET
/Cs5 CS 0.161 0.145 0.149 SC
0 J 0 j 0.3 w 10 M []0 d
28.35 805.15 m
552.76 805.15 l
S
Q
q
1 i 
35.43 850.5 198.43 -24.09 re
308.74 811.782 m
W* n
-9 851 613 -860 re
0 841 m
W n
0.03 841.02 595.02 -841.02 re
W n
q
2.7718 0 0 -0.3608 0 0 cm
/Cs5 CS 0.502 0.51 0.518 SC
0 J 0 j 0.5 w 10 M []0 d
/GS1 gs
12.655 -2360.21 m
12.655 -2287.903 l
S
0.506 0.514 0.522 SC
13.121 -2360.21 m
13.121 -2287.903 l
S
0.51 0.514 0.525 SC
13.588 -2360.21 m
13.588 -2287.903 l
S
0.51 0.518 0.529 SC
14.054 -2360.21 m
14.054 -2287.903 l
S
0.514 0.522 0.529 SC
14.521 -2360.21 m
14.521 -2287.903 l
S
0.518 0.525 0.533 SC
14.987 -2360.21 m
14.987 -2287.903 l
S
0.518 0.525 0.537 SC
15.454 -2360.21 m
15.454 -2287.903 l
S
0.522 0.529 0.541 SC
15.92 -2360.21 m
15.92 -2287.903 l
S
0.525 0.533 0.541 SC
16.387 -2360.21 m
16.387 -2287.903 l
S
0.529 0.533 0.545 SC
16.853 -2360.21 m
16.853 -2287.903 l
S
0.529 0.537 0.549 SC
17.32 -2360.21 m
17.32 -2287.903 l
S
0.533 0.541 0.553 SC
17.786 -2360.21 m
17.786 -2287.903 l
S
0.537 0.545 0.553 SC
18.253 -2360.21 m
18.253 -2287.903 l
S
0.537 0.545 0.557 SC
18.719 -2360.21 m
18.719 -2287.903 l
S
0.541 0.549 0.561 SC
19.186 -2360.21 m
19.186 -2287.903 l
S
0.545 0.553 0.565 SC
19.652 -2360.21 m
19.652 -2287.903 l
S
0.549 0.557 0.565 SC
20.119 -2360.21 m
20.119 -2287.903 l
S
0.549 0.557 0.569 SC
20.585 -2360.21 m
20.585 -2287.903 l
S
0.553 0.561 0.573 SC
21.052 -2360.21 m
21.052 -2287.903 l
S
0.557 0.565 0.576 SC
21.518 -2360.21 m
21.518 -2287.903 l
S
0.561 0.569 0.576 SC
21.985 -2360.21 m
21.985 -2287.903 l
S
0.561 0.569 0.58 SC
22.451 -2360.21 m
22.451 -2287.903 l
S
0.565 0.573 0.584 SC
22.918 -2360.21 m
22.918 -2287.903 l
S
0.569 0.576 0.588 SC
23.384 -2360.21 m
23.384 -2287.903 l
S
0.573 0.58 0.588 SC
23.851 -2360.21 m
23.851 -2287.903 l
S
0.573 0.58 0.592 SC
24.317 -2360.21 m
24.317 -2287.903 l
S
0.576 0.584 0.596 SC
24.784 -2360.21 m
24.784 -2287.903 l
S
0.58 0.588 0.596 SC
25.25 -2360.21 m
25.25 -2287.903 l
S
0.584 0.592 0.6 SC
25.717 -2360.21 m
25.717 -2287.903 l
S
0.584 0.592 0.604 SC
26.183 -2360.21 m
26.183 -2287.903 l
S
0.588 0.596 0.608 SC
26.65 -2360.21 m
26.65 -2287.903 l
S
0.592 0.6 0.608 SC
27.116 -2360.21 m
27.116 -2287.903 l
S
0.596 0.604 0.612 SC
27.583 -2360.21 m
27.583 -2287.903 l
S
0.596 0.604 0.616 SC
28.049 -2360.21 m
28.049 -2287.903 l
S
0.6 0.608 0.62 SC
28.516 -2360.21 m
28.516 -2287.903 l
S
0.604 0.612 0.624 SC
28.982 -2360.21 m
28.982 -2287.903 l
S
0.608 0.616 0.624 SC
29.449 -2360.21 m
29.449 -2287.903 l
S
0.608 0.616 0.627 SC
29.915 -2360.21 m
29.915 -2287.903 l
S
0.612 0.62 0.631 SC
30.382 -2360.21 m
30.382 -2287.903 l
S
0.616 0.624 0.635 SC
30.848 -2360.21 m
30.848 -2287.903 l
S
0.62 0.627 0.635 SC
31.315 -2360.21 m
31.315 -2287.903 l
S
0.62 0.631 0.639 SC
31.781 -2360.21 m
31.781 -2287.903 l
S
0.624 0.631 0.643 SC
32.248 -2360.21 m
32.248 -2287.903 l
S
0.627 0.635 0.647 SC
32.714 -2360.21 m
32.714 -2287.903 l
S
0.631 0.639 0.647 SC
33.181 -2360.21 m
33.181 -2287.903 l
S
0.635 0.643 0.651 SC
33.647 -2360.21 m
33.647 -2287.903 l
S
0.635 0.643 0.655 SC
34.113 -2360.21 m
34.113 -2287.903 l
S
0.639 0.647 0.659 SC
34.58 -2360.21 m
34.58 -2287.903 l
S
0.643 0.651 0.663 SC
35.046 -2360.21 m
35.046 -2287.903 l
S
0.647 0.655 0.663 SC
35.513 -2360.21 m
35.513 -2287.903 l
S
0.651 0.659 0.667 SC
35.979 -2360.21 m
35.979 -2287.903 l
S
0.651 0.659 0.671 SC
36.446 -2360.21 m
36.446 -2287.903 l
S
0.655 0.663 0.675 SC
36.912 -2360.21 m
36.912 -2287.903 l
S
0.659 0.667 0.678 SC
37.379 -2360.21 m
37.379 -2287.903 l
S
0.663 0.671 0.678 SC
37.845 -2360.21 m
37.845 -2287.903 l
S
0.663 0.675 0.682 SC
38.312 -2360.21 m
38.312 -2287.903 l
S
0.667 0.675 0.686 SC
38.778 -2360.21 m
38.778 -2287.903 l
S
0.671 0.678 0.69 SC
39.245 -2360.21 m
39.245 -2287.903 l
S
0.675 0.682 0.69 SC
39.711 -2360.21 m
39.711 -2287.903 l
S
0.678 0.686 0.694 SC
40.178 -2360.21 m
40.178 -2287.903 l
S
0.682 0.69 0.698 SC
40.644 -2360.21 m
40.644 -2287.903 l
S
0.682 0.69 0.702 SC
41.111 -2360.21 m
41.111 -2287.903 l
S
0.686 0.694 0.706 SC
41.577 -2360.21 m
41.577 -2287.903 l
S
0.69 0.698 0.706 SC
42.044 -2360.21 m
42.044 -2287.903 l
S
0.694 0.702 0.71 SC
42.51 -2360.21 m
42.51 -2287.903 l
S
0.698 0.706 0.714 SC
42.977 -2360.21 m
42.977 -2287.903 l
S
0.698 0.706 0.718 SC
43.443 -2360.21 m
43.443 -2287.903 l
S
0.702 0.71 0.722 SC
43.91 -2360.21 m
43.91 -2287.903 l
S
0.706 0.714 0.722 SC
44.376 -2360.21 m
44.376 -2287.903 l
S
0.71 0.718 0.725 SC
44.843 -2360.21 m
44.843 -2287.903 l
S
0.714 0.722 0.729 SC
45.309 -2360.21 m
45.309 -2287.903 l
S
0.714 0.722 0.733 SC
45.776 -2360.21 m
45.776 -2287.903 l
S
0.718 0.725 0.737 SC
46.242 -2360.21 m
46.242 -2287.903 l
S
0.722 0.729 0.737 SC
46.709 -2360.21 m
46.709 -2287.903 l
S
0.725 0.733 0.741 SC
47.175 -2360.21 m
47.175 -2287.903 l
S
0.729 0.737 0.745 SC
47.642 -2360.21 m
47.642 -2287.903 l
S
0.733 0.741 0.749 SC
48.108 -2360.21 m
48.108 -2287.903 l
S
0.733 0.741 0.753 SC
48.575 -2360.21 m
48.575 -2287.903 l
49.041 -2360.21 m
49.041 -2287.903 l
S
0.737 0.745 0.753 SC
49.508 -2360.21 m
49.508 -2287.903 l
S
0.741 0.749 0.757 SC
49.974 -2360.21 m
49.974 -2287.903 l
S
0.745 0.753 0.761 SC
50.441 -2360.21 m
50.441 -2287.903 l
S
0.749 0.757 0.765 SC
50.907 -2360.21 m
50.907 -2287.903 l
S
0.753 0.761 0.769 SC
51.374 -2360.21 m
51.374 -2287.903 l
51.84 -2360.21 m
51.84 -2287.903 l
S
0.757 0.765 0.773 SC
52.307 -2360.21 m
52.307 -2287.903 l
S
0.761 0.769 0.776 SC
52.773 -2360.21 m
52.773 -2287.903 l
S
0.765 0.773 0.78 SC
53.24 -2360.21 m
53.24 -2287.903 l
S
0.769 0.776 0.784 SC
53.706 -2360.21 m
53.706 -2287.903 l
S
0.773 0.776 0.784 SC
54.173 -2360.21 m
54.173 -2287.903 l
S
0.776 0.78 0.788 SC
54.639 -2360.21 m
54.639 -2287.903 l
S
0.776 0.784 0.792 SC
55.106 -2360.21 m
55.106 -2287.903 l
S
0.78 0.788 0.796 SC
55.572 -2360.21 m
55.572 -2287.903 l
S
0.784 0.792 0.8 SC
56.039 -2360.21 m
56.039 -2287.903 l
S
0.788 0.796 0.8 SC
56.505 -2360.21 m
56.505 -2287.903 l
S
0.792 0.796 0.804 SC
56.972 -2360.21 m
56.972 -2287.903 l
S
0.796 0.8 0.808 SC
57.438 -2360.21 m
57.438 -2287.903 l
S
0.796 0.804 0.812 SC
57.905 -2360.21 m
57.905 -2287.903 l
S
0.8 0.808 0.816 SC
58.371 -2360.21 m
58.371 -2287.903 l
S
0.804 0.812 0.816 SC
58.838 -2360.21 m
58.838 -2287.903 l
S
0.808 0.812 0.82 SC
59.304 -2360.21 m
59.304 -2287.903 l
S
0.812 0.816 0.824 SC
59.771 -2360.21 m
59.771 -2287.903 l
S
0.816 0.82 0.827 SC
60.237 -2360.21 m
60.237 -2287.903 l
S
0.816 0.824 0.831 SC
60.704 -2360.21 m
60.704 -2287.903 l
S
0.82 0.827 0.831 SC
61.17 -2360.21 m
61.17 -2287.903 l
S
0.824 0.831 0.835 SC
61.637 -2360.21 m
61.637 -2287.903 l
S
0.827 0.831 0.839 SC
62.103 -2360.21 m
62.103 -2287.903 l
S
0.831 0.835 0.843 SC
62.57 -2360.21 m
62.57 -2287.903 l
S
0.835 0.839 0.843 SC
63.036 -2360.21 m
63.036 -2287.903 l
S
0.835 0.843 0.847 SC
63.503 -2360.21 m
63.503 -2287.903 l
S
0.839 0.847 0.851 SC
63.969 -2360.21 m
63.969 -2287.903 l
S
0.843 0.847 0.855 SC
64.436 -2360.21 m
64.436 -2287.903 l
S
0.847 0.851 0.859 SC
64.902 -2360.21 m
64.902 -2287.903 l
S
0.851 0.855 0.859 SC
65.369 -2360.21 m
65.369 -2287.903 l
S
0.855 0.859 0.863 SC
65.835 -2360.21 m
65.835 -2287.903 l
S
0.855 0.863 0.867 SC
66.302 -2360.21 m
66.302 -2287.903 l
S
0.859 0.863 0.871 SC
66.768 -2360.21 m
66.768 -2287.903 l
S
0.863 0.867 0.875 SC
67.235 -2360.21 m
67.235 -2287.903 l
S
0.867 0.871 0.875 SC
67.701 -2360.21 m
67.701 -2287.903 l
S
0.871 0.875 0.878 SC
68.168 -2360.21 m
68.168 -2287.903 l
S
0.875 0.878 0.882 SC
68.634 -2360.21 m
68.634 -2287.903 l
S
0.875 0.882 0.886 SC
69.101 -2360.21 m
69.101 -2287.903 l
S
0.878 0.882 0.89 SC
69.567 -2360.21 m
69.567 -2287.903 l
S
0.882 0.886 0.89 SC
70.034 -2360.21 m
70.034 -2287.903 l
S
0.886 0.89 0.894 SC
70.5 -2360.21 m
70.5 -2287.903 l
S
0.89 0.894 0.898 SC
70.967 -2360.21 m
70.967 -2287.903 l
S
0.894 0.898 0.902 SC
71.433 -2360.21 m
71.433 -2287.903 l
S
0.898 0.898 0.902 SC
71.9 -2360.21 m
71.9 -2287.903 l
S
0.898 0.902 0.906 SC
72.366 -2360.21 m
72.366 -2287.903 l
S
0.902 0.906 0.91 SC
72.833 -2360.21 m
72.833 -2287.903 l
S
0.906 0.91 0.914 SC
73.299 -2360.21 m
73.299 -2287.903 l
S
0.91 0.914 0.918 SC
73.766 -2360.21 m
73.766 -2287.903 l
S
0.914 0.918 0.922 SC
74.232 -2360.21 m
74.232 -2287.903 l
S
0.918 0.922 0.922 SC
74.699 -2360.21 m
74.699 -2287.903 l
S
0.922 0.922 0.925 SC
75.165 -2360.21 m
75.165 -2287.903 l
S
0.922 0.925 0.929 SC
75.632 -2360.21 m
75.632 -2287.903 l
S
0.925 0.929 0.933 SC
76.098 -2360.21 m
76.098 -2287.903 l
S
0.929 0.933 0.933 SC
76.565 -2360.21 m
76.565 -2287.903 l
S
0.933 0.937 0.937 SC
77.031 -2360.21 m
77.031 -2287.903 l
S
0.937 0.937 0.941 SC
77.498 -2360.21 m
77.498 -2287.903 l
S
0.941 0.941 0.945 SC
77.964 -2360.21 m
77.964 -2287.903 l
S
0.945 0.945 0.949 SC
78.431 -2360.21 m
78.431 -2287.903 l
S
0.945 0.949 0.949 SC
78.897 -2360.21 m
78.897 -2287.903 l
S
0.949 0.953 0.953 SC
79.364 -2360.21 m
79.364 -2287.903 l
S
0.953 0.957 0.957 SC
79.83 -2360.21 m
79.83 -2287.903 l
S
0.957 0.957 0.961 SC
80.297 -2360.21 m
80.297 -2287.903 l
S
0.961 0.961 0.965 SC
80.763 -2360.21 m
80.763 -2287.903 l
S
0.965 0.965 0.969 SC
81.23 -2360.21 m
81.23 -2287.903 l
S
0.969 0.969 0.969 SC
81.696 -2360.21 m
81.696 -2287.903 l
S
0.973 0.973 0.973 SC
82.163 -2360.21 m
82.163 -2287.903 l
S
0.976 0.976 0.976 SC
82.629 -2360.21 m
82.629 -2287.903 l
S
0.98 0.98 0.984 SC
83.096 -2360.21 m
83.096 -2287.903 l
S
0.988 0.988 0.988 SC
83.562 -2360.21 m
83.562 -2287.903 l
S
0.992 0.992 0.992 SC
84.029 -2360.21 m
84.029 -2287.903 l
S
1 1 1 SC
84.495 -2360.21 m
84.495 -2287.903 l
S
Q
Q
q
1 i 
-9 851 613 -860 re
0 841 m
W n
0.03 841.02 595.02 -841.02 re
W n
/Cs5 cs 0.161 0.145 0.149 sc
/GS1 gs
0.03 841.02 35.4 -6.11 re
f
/Cs5 CS 0.161 0.145 0.149 SC
0 J 0 j 0.3 w 10 M []0 d
28.347 841.076 m
28.347 805.006 l
S
286.3 22.8 22.68 -22.8 re
f
BT
/F1 1 Tf
10 0 0 10 289.2992 7.7671 Tm
1 1 1 sc
-0.0002 Tc
0 Tw
(704)Tj
/F3 1 Tf
7 0 0 7 35.4331 17.5374 Tm
0.161 0.145 0.149 sc
-0.0001 Tc
-0.0306 Tw
[(Swissmedic Jour)-17.9(nal)-1111.9(9/2002)]TJ
/F2 1 Tf
10 0 0 10 102.0472 641.7442 Tm
-0.0178 Tc
0 Tw
(Wu)Tj
1.649 0 TD
-0.0001 Tc
-0.0336 Tw
[(rzeltod, Hor)-17.9(nhaut- und Hühneraugenpflaster)-3324.5(20017)-1476.5(D)]TJ
/F5 1 Tf
34.351 0 TD
0 Tw
(10.07.0.)Tj
-36 -1.1 TD
-0.0306 Tw
[(Zulassungsinhaberin:)-277.9(Elixan Aromatica GmbH, )]TJ
T*
(Sonnenstrasse 2, 9534 Gähwil)Tj
/F2 1 Tf
0 -1.6669 TD
-0.0178 Tc
0 Tw
(Wu)Tj
1.649 0 TD
-0.0001 Tc
-0.0336 Tw
[(rzeltod, W)36.7(a)0.2(rzenpflaster)-14316.5(24957)-1476.5(D)]TJ
/F5 1 Tf
34.351 0 TD
0 Tw
(10.07.0.)Tj
-36 -1.1 TD
-0.0306 Tw
[(Zulassungsinhaberin:)-277.9(Elixan Aromatica GmbH, )]TJ
T*
(Sonnenstrasse 2, 9534 Gähwil)Tj
/F1 1 Tf
-1.7008 -5.6 TD
[(Tierarzneimittel /)-111.2(P)0.1(r)17.7(oduits de usage vétérinair)17.7(e)]TJ
/F2 1 Tf
1.7008 -1.6669 TD
-0.0336 Tw
[(Gentaseptin ad us. vet., Suspension in Injektor)17.7(en)-2800.7(52105)-1476.5(A)]TJ
/F5 1 Tf
0 -1.1 TD
-0.0306 Tw
[(Zulassungsinhaberin:)-277.9(Vétoquinol AG, Belp)]TJ
/F1 1 Tf
-1.7008 16.7478 TD
[(Humanpräparate)-111.2(/)-111.2(P)0.1(r)17.7(oduits à usage humain)]TJ
ET
0.5 w 
85.04 731.14 m
552.76 731.14 l
S
BT
/F3 1 Tf
6.75 0 0 6.75 85.0394 721.5328 Tm
0 Tw
[(Zeichen)-1761.9(Präparat)]TJ
44.0945 0 TD
[(Zul.-Nr)91.7(.)-3644.9(V)55(erkaufs-)-1040.4(Index)-3601.8(Ausverkaufs-)]TJ
-44.0945 -1.1852 TD
[(Signe)-2705.7(Pr)17.7(oduit)]TJ
50.8136 0 TD
-0.0002 Tc
[(art)-9753.1(frist)]TJ
0 -1.1852 TD
-0.0001 Tc
-0.0305 Tw
[(Mode)-8418(Délai de)]TJ
ET
85.04 693.03 m
552.76 693.03 l
S
BT
6.75 0 0 6.75 428.0315 697.5328 Tm
[(de vente)-7283.1(liquidation)]TJ
/F2 1 Tf
12 0 0 12 85.0394 761.6406 Tm
-0.0336 Tw
(Aufhebung der Sistierung /)Tj
0 -1 TD
[(Retrait de la suspension de l’autorisation de mise sur le mar)17.7(ché)]TJ
ET
Q

q
1 i 
-9 851 613 -860 re
0 841 m
W n
0.03 841.02 595.02 -841.02 re
W n
BT
/F4 1 Tf
12.5 0 0 12.5 285.8058 811.7825 Tm
/Cs5 cs 0.161 0.145 0.149 sc
/GS1 gs
-0.0001 Tc
-0.0286 Tw
[(Arzneimittel Statistik)-130(/)-129.9(M)0.1(édicaments miscellanées)]TJ
ET
/Cs5 CS 0.161 0.145 0.149 SC
0 J 0 j 0.3 w 10 M []0 d
42.8 805.15 m
567.2 805.15 l
S
Q
q
1 i 
361.69 850.5 198.43 -24.09 re
560.097 811.782 m
W* n
-9 851 613 -860 re
0 841 m
W n
0.03 841.02 595.02 -841.02 re
W n
q
2.7718 0 0 -0.3608 0 0 cm
/Cs5 CS 1 1 1 SC
0 J 0 j 0.5 w 10 M []0 d
/GS1 gs
130.36 -2360.21 m
130.36 -2287.903 l
S
0.992 0.992 0.992 SC
130.827 -2360.21 m
130.827 -2287.903 l
S
0.988 0.988 0.988 SC
131.293 -2360.21 m
131.293 -2287.903 l
S
0.98 0.98 0.984 SC
131.76 -2360.21 m
131.76 -2287.903 l
S
0.976 0.976 0.976 SC
132.226 -2360.21 m
132.226 -2287.903 l
S
0.973 0.973 0.973 SC
132.693 -2360.21 m
132.693 -2287.903 l
S
0.969 0.969 0.969 SC
133.159 -2360.21 m
133.159 -2287.903 l
S
0.965 0.965 0.969 SC
133.626 -2360.21 m
133.626 -2287.903 l
S
0.961 0.961 0.965 SC
134.092 -2360.21 m
134.092 -2287.903 l
S
0.957 0.957 0.961 SC
134.559 -2360.21 m
134.559 -2287.903 l
S
0.953 0.957 0.957 SC
135.025 -2360.21 m
135.025 -2287.903 l
S
0.949 0.953 0.953 SC
135.492 -2360.21 m
135.492 -2287.903 l
S
0.945 0.949 0.949 SC
135.958 -2360.21 m
135.958 -2287.903 l
S
0.945 0.945 0.949 SC
136.425 -2360.21 m
136.425 -2287.903 l
S
0.941 0.941 0.945 SC
136.891 -2360.21 m
136.891 -2287.903 l
S
0.937 0.937 0.941 SC
137.358 -2360.21 m
137.358 -2287.903 l
S
0.933 0.937 0.937 SC
137.824 -2360.21 m
137.824 -2287.903 l
S
0.929 0.933 0.933 SC
138.291 -2360.21 m
138.291 -2287.903 l
S
0.925 0.929 0.933 SC
138.757 -2360.21 m
138.757 -2287.903 l
S
0.922 0.925 0.929 SC
139.224 -2360.21 m
139.224 -2287.903 l
S
0.922 0.922 0.925 SC
139.69 -2360.21 m
139.69 -2287.903 l
S
0.918 0.922 0.922 SC
140.157 -2360.21 m
140.157 -2287.903 l
S
0.914 0.918 0.922 SC
140.623 -2360.21 m
140.623 -2287.903 l
S
0.91 0.914 0.918 SC
141.09 -2360.21 m
141.09 -2287.903 l
S
0.906 0.91 0.914 SC
141.556 -2360.21 m
141.556 -2287.903 l
S
0.902 0.906 0.91 SC
142.023 -2360.21 m
142.023 -2287.903 l
S
0.898 0.902 0.906 SC
142.489 -2360.21 m
142.489 -2287.903 l
S
0.898 0.898 0.902 SC
142.956 -2360.21 m
142.956 -2287.903 l
S
0.894 0.898 0.902 SC
143.422 -2360.21 m
143.422 -2287.903 l
S
0.89 0.894 0.898 SC
143.889 -2360.21 m
143.889 -2287.903 l
S
0.886 0.89 0.894 SC
144.355 -2360.21 m
144.355 -2287.903 l
S
0.882 0.886 0.89 SC
144.822 -2360.21 m
144.822 -2287.903 l
S
0.878 0.882 0.89 SC
145.288 -2360.21 m
145.288 -2287.903 l
S
0.875 0.882 0.886 SC
145.755 -2360.21 m
145.755 -2287.903 l
S
0.875 0.878 0.882 SC
146.221 -2360.21 m
146.221 -2287.903 l
S
0.871 0.875 0.878 SC
146.688 -2360.21 m
146.688 -2287.903 l
S
0.867 0.871 0.875 SC
147.154 -2360.21 m
147.154 -2287.903 l
S
0.863 0.867 0.875 SC
147.621 -2360.21 m
147.621 -2287.903 l
S
0.859 0.863 0.871 SC
148.087 -2360.21 m
148.087 -2287.903 l
S
0.855 0.863 0.867 SC
148.554 -2360.21 m
148.554 -2287.903 l
S
0.855 0.859 0.863 SC
149.02 -2360.21 m
149.02 -2287.903 l
S
0.851 0.855 0.859 SC
149.487 -2360.21 m
149.487 -2287.903 l
S
0.847 0.851 0.859 SC
149.953 -2360.21 m
149.953 -2287.903 l
S
0.843 0.847 0.855 SC
150.42 -2360.21 m
150.42 -2287.903 l
S
0.839 0.847 0.851 SC
150.886 -2360.21 m
150.886 -2287.903 l
S
0.835 0.843 0.847 SC
151.353 -2360.21 m
151.353 -2287.903 l
S
0.835 0.839 0.843 SC
151.819 -2360.21 m
151.819 -2287.903 l
S
0.831 0.835 0.843 SC
152.286 -2360.21 m
152.286 -2287.903 l
S
0.827 0.831 0.839 SC
152.752 -2360.21 m
152.752 -2287.903 l
S
0.824 0.831 0.835 SC
153.219 -2360.21 m
153.219 -2287.903 l
S
0.82 0.827 0.831 SC
153.685 -2360.21 m
153.685 -2287.903 l
S
0.816 0.824 0.831 SC
154.152 -2360.21 m
154.152 -2287.903 l
S
0.816 0.82 0.827 SC
154.618 -2360.21 m
154.618 -2287.903 l
S
0.812 0.816 0.824 SC
155.085 -2360.21 m
155.085 -2287.903 l
S
0.808 0.812 0.82 SC
155.551 -2360.21 m
155.551 -2287.903 l
S
0.804 0.812 0.816 SC
156.018 -2360.21 m
156.018 -2287.903 l
S
0.8 0.808 0.816 SC
156.484 -2360.21 m
156.484 -2287.903 l
S
0.796 0.804 0.812 SC
156.951 -2360.21 m
156.951 -2287.903 l
S
0.796 0.8 0.808 SC
157.417 -2360.21 m
157.417 -2287.903 l
S
0.792 0.796 0.804 SC
157.884 -2360.21 m
157.884 -2287.903 l
S
0.788 0.796 0.8 SC
158.35 -2360.21 m
158.35 -2287.903 l
S
0.784 0.792 0.8 SC
158.817 -2360.21 m
158.817 -2287.903 l
S
0.78 0.788 0.796 SC
159.283 -2360.21 m
159.283 -2287.903 l
S
0.776 0.784 0.792 SC
159.75 -2360.21 m
159.75 -2287.903 l
S
0.776 0.78 0.788 SC
160.216 -2360.21 m
160.216 -2287.903 l
S
0.773 0.776 0.784 SC
160.683 -2360.21 m
160.683 -2287.903 l
S
0.769 0.776 0.784 SC
161.149 -2360.21 m
161.149 -2287.903 l
S
0.765 0.773 0.78 SC
161.616 -2360.21 m
161.616 -2287.903 l
S
0.761 0.769 0.776 SC
162.082 -2360.21 m
162.082 -2287.903 l
S
0.757 0.765 0.773 SC
162.549 -2360.21 m
162.549 -2287.903 l
S
0.753 0.761 0.769 SC
163.015 -2360.21 m
163.015 -2287.903 l
163.482 -2360.21 m
163.482 -2287.903 l
S
0.749 0.757 0.765 SC
163.948 -2360.21 m
163.948 -2287.903 l
S
0.745 0.753 0.761 SC
164.415 -2360.21 m
164.415 -2287.903 l
S
0.741 0.749 0.757 SC
164.881 -2360.21 m
164.881 -2287.903 l
S
0.737 0.745 0.753 SC
165.348 -2360.21 m
165.348 -2287.903 l
S
0.733 0.741 0.753 SC
165.814 -2360.21 m
165.814 -2287.903 l
S
0.733 0.741 0.749 SC
166.281 -2360.21 m
166.281 -2287.903 l
166.747 -2360.21 m
166.747 -2287.903 l
S
0.729 0.737 0.745 SC
167.214 -2360.21 m
167.214 -2287.903 l
S
0.725 0.733 0.741 SC
167.68 -2360.21 m
167.68 -2287.903 l
S
0.722 0.729 0.737 SC
168.147 -2360.21 m
168.147 -2287.903 l
S
0.718 0.725 0.737 SC
168.613 -2360.21 m
168.613 -2287.903 l
S
0.714 0.722 0.733 SC
169.08 -2360.21 m
169.08 -2287.903 l
S
0.714 0.722 0.729 SC
169.546 -2360.21 m
169.546 -2287.903 l
S
0.71 0.718 0.725 SC
170.013 -2360.21 m
170.013 -2287.903 l
S
0.706 0.714 0.722 SC
170.479 -2360.21 m
170.479 -2287.903 l
S
0.702 0.71 0.722 SC
170.946 -2360.21 m
170.946 -2287.903 l
S
0.698 0.706 0.718 SC
171.412 -2360.21 m
171.412 -2287.903 l
S
0.698 0.706 0.714 SC
171.879 -2360.21 m
171.879 -2287.903 l
S
0.694 0.702 0.71 SC
172.345 -2360.21 m
172.345 -2287.903 l
S
0.69 0.698 0.706 SC
172.812 -2360.21 m
172.812 -2287.903 l
S
0.686 0.694 0.706 SC
173.278 -2360.21 m
173.278 -2287.903 l
S
0.682 0.69 0.702 SC
173.745 -2360.21 m
173.745 -2287.903 l
S
0.682 0.69 0.698 SC
174.211 -2360.21 m
174.211 -2287.903 l
S
0.678 0.686 0.694 SC
174.678 -2360.21 m
174.678 -2287.903 l
S
0.675 0.682 0.69 SC
175.144 -2360.21 m
175.144 -2287.903 l
S
0.671 0.678 0.69 SC
175.611 -2360.21 m
175.611 -2287.903 l
S
0.667 0.675 0.686 SC
176.077 -2360.21 m
176.077 -2287.903 l
S
0.663 0.675 0.682 SC
176.544 -2360.21 m
176.544 -2287.903 l
S
0.663 0.671 0.678 SC
177.01 -2360.21 m
177.01 -2287.903 l
S
0.659 0.667 0.678 SC
177.477 -2360.21 m
177.477 -2287.903 l
S
0.655 0.663 0.675 SC
177.943 -2360.21 m
177.943 -2287.903 l
S
0.651 0.659 0.671 SC
178.41 -2360.21 m
178.41 -2287.903 l
S
0.651 0.659 0.667 SC
178.876 -2360.21 m
178.876 -2287.903 l
S
0.647 0.655 0.663 SC
179.343 -2360.21 m
179.343 -2287.903 l
S
0.643 0.651 0.663 SC
179.809 -2360.21 m
179.809 -2287.903 l
S
0.639 0.647 0.659 SC
180.276 -2360.21 m
180.276 -2287.903 l
S
0.635 0.643 0.655 SC
180.742 -2360.21 m
180.742 -2287.903 l
S
0.635 0.643 0.651 SC
181.209 -2360.21 m
181.209 -2287.903 l
S
0.631 0.639 0.647 SC
181.675 -2360.21 m
181.675 -2287.903 l
S
0.627 0.635 0.647 SC
182.142 -2360.21 m
182.142 -2287.903 l
S
0.624 0.631 0.643 SC
182.608 -2360.21 m
182.608 -2287.903 l
S
0.62 0.631 0.639 SC
183.075 -2360.21 m
183.075 -2287.903 l
S
0.62 0.627 0.635 SC
183.541 -2360.21 m
183.541 -2287.903 l
S
0.616 0.624 0.635 SC
184.008 -2360.21 m
184.008 -2287.903 l
S
0.612 0.62 0.631 SC
184.474 -2360.21 m
184.474 -2287.903 l
S
0.608 0.616 0.627 SC
184.941 -2360.21 m
184.941 -2287.903 l
S
0.608 0.616 0.624 SC
185.407 -2360.21 m
185.407 -2287.903 l
S
0.604 0.612 0.624 SC
185.874 -2360.21 m
185.874 -2287.903 l
S
0.6 0.608 0.62 SC
186.34 -2360.21 m
186.34 -2287.903 l
S
0.596 0.604 0.616 SC
186.806 -2360.21 m
186.806 -2287.903 l
S
0.596 0.604 0.612 SC
187.273 -2360.21 m
187.273 -2287.903 l
S
0.592 0.6 0.608 SC
187.739 -2360.21 m
187.739 -2287.903 l
S
0.588 0.596 0.608 SC
188.206 -2360.21 m
188.206 -2287.903 l
S
0.584 0.592 0.604 SC
188.672 -2360.21 m
188.672 -2287.903 l
S
0.584 0.592 0.6 SC
189.139 -2360.21 m
189.139 -2287.903 l
S
0.58 0.588 0.596 SC
189.605 -2360.21 m
189.605 -2287.903 l
S
0.576 0.584 0.596 SC
190.072 -2360.21 m
190.072 -2287.903 l
S
0.573 0.58 0.592 SC
190.538 -2360.21 m
190.538 -2287.903 l
S
0.573 0.58 0.588 SC
191.005 -2360.21 m
191.005 -2287.903 l
S
0.569 0.576 0.588 SC
191.471 -2360.21 m
191.471 -2287.903 l
S
0.565 0.573 0.584 SC
191.938 -2360.21 m
191.938 -2287.903 l
S
0.561 0.569 0.58 SC
192.404 -2360.21 m
192.404 -2287.903 l
S
0.561 0.569 0.576 SC
192.871 -2360.21 m
192.871 -2287.903 l
S
0.557 0.565 0.576 SC
193.337 -2360.21 m
193.337 -2287.903 l
S
0.553 0.561 0.573 SC
193.804 -2360.21 m
193.804 -2287.903 l
S
0.549 0.557 0.569 SC
194.27 -2360.21 m
194.27 -2287.903 l
S
0.549 0.557 0.565 SC
194.737 -2360.21 m
194.737 -2287.903 l
S
0.545 0.553 0.565 SC
195.203 -2360.21 m
195.203 -2287.903 l
S
0.541 0.549 0.561 SC
195.67 -2360.21 m
195.67 -2287.903 l
S
0.537 0.545 0.557 SC
196.136 -2360.21 m
196.136 -2287.903 l
S
0.537 0.545 0.553 SC
196.603 -2360.21 m
196.603 -2287.903 l
S
0.533 0.541 0.553 SC
197.069 -2360.21 m
197.069 -2287.903 l
S
0.529 0.537 0.549 SC
197.536 -2360.21 m
197.536 -2287.903 l
S
0.529 0.533 0.545 SC
198.002 -2360.21 m
198.002 -2287.903 l
S
0.525 0.533 0.541 SC
198.469 -2360.21 m
198.469 -2287.903 l
S
0.522 0.529 0.541 SC
198.935 -2360.21 m
198.935 -2287.903 l
S
0.518 0.525 0.537 SC
199.402 -2360.21 m
199.402 -2287.903 l
S
0.518 0.525 0.533 SC
199.868 -2360.21 m
199.868 -2287.903 l
S
0.514 0.522 0.529 SC
200.335 -2360.21 m
200.335 -2287.903 l
S
0.51 0.518 0.529 SC
200.801 -2360.21 m
200.801 -2287.903 l
S
0.51 0.514 0.525 SC
201.268 -2360.21 m
201.268 -2287.903 l
S
0.506 0.514 0.522 SC
201.734 -2360.21 m
201.734 -2287.903 l
S
0.502 0.51 0.518 SC
202.201 -2360.21 m
202.201 -2287.903 l
S
Q
Q
q
1 i 
-9 851 613 -860 re
0 841 m
W n
0.03 841.02 595.02 -841.02 re
W n
/Cs5 cs 0.161 0.145 0.149 sc
/GS1 gs
560.12 841.02 34.93 -6.11 re
f
/Cs5 CS 0.161 0.145 0.149 SC
0 J 0 j 0.3 w 10 M []0 d
567.202 840.678 m
567.202 804.948 l
S
286.57 22.8 22.68 -22.8 re
f
BT
/F1 1 Tf
10 0 0 10 289.5747 7.7671 Tm
1 1 1 sc
-0.0002 Tc
0 Tw
(705)Tj
/F3 1 Tf
7 0 0 7 473.8676 17.5374 Tm
0.161 0.145 0.149 sc
-0.0001 Tc
-0.0306 Tw
[(Swissmedic Jour)-17.9(nal)-1111.9(9/2002)]TJ
/F2 1 Tf
10 0 0 10 59.8031 641.7441 Tm
-0.0336 Tw
[(Hyper)17.7(osan Johanniskraut, T)98.8(abletten)-9549.1(54353)-1476.5(D)]TJ
/F5 1 Tf
36 0 TD
0 Tw
(01.04.1.)Tj
/F3 1 Tf
4.6581 0 TD
-0.0002 Tc
-0.0305 Tw
(per sofort/)Tj
2.4323 -1.1 TD
0 Tw
[(ef)17.6(fet)]TJ
-2.2954 -1.1 TD
-0.0001 Tc
(immédiat.)Tj
/F1 1 Tf
-42.4958 4.5633 TD
-0.0306 Tw
[(Humanpräparate)-111.2(/)-111.2(P)0.1(r)17.7(oduits à usage humain)]TJ
ET
0.5 w 
42.8 731.63 m
510.51 731.63 l
S
BT
/F3 1 Tf
6.75 0 0 6.75 42.7953 722.026 Tm
0 Tw
[(Zeichen)-1761.9(Präparat)]TJ
44.0945 0 TD
[(Zul.-Nr)91.7(.)-3644.9(V)55(erkaufs-)-1040.5(Index)-3601.8(Ausverkaufs-)]TJ
-44.0945 -1.1852 TD
[(Signe)-2705.7(Pr)17.7(oduit)]TJ
50.8136 0 TD
-0.0002 Tc
[(art)-9753.1(frist)]TJ
0 -1.1852 TD
-0.0001 Tc
-0.0305 Tw
[(Mode)-8418(Délai de)]TJ
ET
42.8 693.52 m
510.51 693.52 l
S
BT
6.75 0 0 6.75 385.7874 698.026 Tm
[(de vente)-7283(liquidation)]TJ
/F2 1 Tf
12 0 0 12 42.7953 762.1339 Tm
-0.0336 Tw
(Sistierung der Zulassung /)Tj
0 -1 TD
[(Suspension de l’autorisation de mise sur le mar)17.7(ché)]TJ
ET
Q

q
1 i 
-9 851 613 -860 re
0 841 m
W n
0.03 841.02 595.02 -841.02 re
W n
BT
/F4 1 Tf
12.5 0 0 12.5 34.4488 811.7822 Tm
/Cs5 cs 0.161 0.145 0.149 sc
/GS1 gs
-0.0001 Tc
0 Tw
(Notizen)Tj
ET
/Cs5 CS 0.161 0.145 0.149 SC
0 J 0 j 0.3 w 10 M []0 d
28.35 805.15 m
552.76 805.15 l
S
Q
q
1 i 
35.43 850.5 198.43 -24.09 re
77.276 811.782 m
W* n
-9 851 613 -860 re
0 841 m
W n
0.03 841.02 595.02 -841.02 re
W n
q
2.7718 0 0 -0.3608 0 0 cm
/Cs5 CS 0.502 0.51 0.518 SC
0 J 0 j 0.5 w 10 M []0 d
/GS1 gs
12.655 -2360.21 m
12.655 -2287.903 l
S
0.506 0.514 0.522 SC
13.121 -2360.21 m
13.121 -2287.903 l
S
0.51 0.514 0.525 SC
13.588 -2360.21 m
13.588 -2287.903 l
S
0.51 0.518 0.529 SC
14.054 -2360.21 m
14.054 -2287.903 l
S
0.514 0.522 0.529 SC
14.521 -2360.21 m
14.521 -2287.903 l
S
0.518 0.525 0.533 SC
14.987 -2360.21 m
14.987 -2287.903 l
S
0.518 0.525 0.537 SC
15.454 -2360.21 m
15.454 -2287.903 l
S
0.522 0.529 0.541 SC
15.92 -2360.21 m
15.92 -2287.903 l
S
0.525 0.533 0.541 SC
16.387 -2360.21 m
16.387 -2287.903 l
S
0.529 0.533 0.545 SC
16.853 -2360.21 m
16.853 -2287.903 l
S
0.529 0.537 0.549 SC
17.32 -2360.21 m
17.32 -2287.903 l
S
0.533 0.541 0.553 SC
17.786 -2360.21 m
17.786 -2287.903 l
S
0.537 0.545 0.553 SC
18.253 -2360.21 m
18.253 -2287.903 l
S
0.537 0.545 0.557 SC
18.719 -2360.21 m
18.719 -2287.903 l
S
0.541 0.549 0.561 SC
19.186 -2360.21 m
19.186 -2287.903 l
S
0.545 0.553 0.565 SC
19.652 -2360.21 m
19.652 -2287.903 l
S
0.549 0.557 0.565 SC
20.119 -2360.21 m
20.119 -2287.903 l
S
0.549 0.557 0.569 SC
20.585 -2360.21 m
20.585 -2287.903 l
S
0.553 0.561 0.573 SC
21.052 -2360.21 m
21.052 -2287.903 l
S
0.557 0.565 0.576 SC
21.518 -2360.21 m
21.518 -2287.903 l
S
0.561 0.569 0.576 SC
21.985 -2360.21 m
21.985 -2287.903 l
S
0.561 0.569 0.58 SC
22.451 -2360.21 m
22.451 -2287.903 l
S
0.565 0.573 0.584 SC
22.918 -2360.21 m
22.918 -2287.903 l
S
0.569 0.576 0.588 SC
23.384 -2360.21 m
23.384 -2287.903 l
S
0.573 0.58 0.588 SC
23.851 -2360.21 m
23.851 -2287.903 l
S
0.573 0.58 0.592 SC
24.317 -2360.21 m
24.317 -2287.903 l
S
0.576 0.584 0.596 SC
24.784 -2360.21 m
24.784 -2287.903 l
S
0.58 0.588 0.596 SC
25.25 -2360.21 m
25.25 -2287.903 l
S
0.584 0.592 0.6 SC
25.717 -2360.21 m
25.717 -2287.903 l
S
0.584 0.592 0.604 SC
26.183 -2360.21 m
26.183 -2287.903 l
S
0.588 0.596 0.608 SC
26.65 -2360.21 m
26.65 -2287.903 l
S
0.592 0.6 0.608 SC
27.116 -2360.21 m
27.116 -2287.903 l
S
0.596 0.604 0.612 SC
27.583 -2360.21 m
27.583 -2287.903 l
S
0.596 0.604 0.616 SC
28.049 -2360.21 m
28.049 -2287.903 l
S
0.6 0.608 0.62 SC
28.516 -2360.21 m
28.516 -2287.903 l
S
0.604 0.612 0.624 SC
28.982 -2360.21 m
28.982 -2287.903 l
S
0.608 0.616 0.624 SC
29.449 -2360.21 m
29.449 -2287.903 l
S
0.608 0.616 0.627 SC
29.915 -2360.21 m
29.915 -2287.903 l
S
0.612 0.62 0.631 SC
30.382 -2360.21 m
30.382 -2287.903 l
S
0.616 0.624 0.635 SC
30.848 -2360.21 m
30.848 -2287.903 l
S
0.62 0.627 0.635 SC
31.315 -2360.21 m
31.315 -2287.903 l
S
0.62 0.631 0.639 SC
31.781 -2360.21 m
31.781 -2287.903 l
S
0.624 0.631 0.643 SC
32.248 -2360.21 m
32.248 -2287.903 l
S
0.627 0.635 0.647 SC
32.714 -2360.21 m
32.714 -2287.903 l
S
0.631 0.639 0.647 SC
33.181 -2360.21 m
33.181 -2287.903 l
S
0.635 0.643 0.651 SC
33.647 -2360.21 m
33.647 -2287.903 l
S
0.635 0.643 0.655 SC
34.113 -2360.21 m
34.113 -2287.903 l
S
0.639 0.647 0.659 SC
34.58 -2360.21 m
34.58 -2287.903 l
S
0.643 0.651 0.663 SC
35.046 -2360.21 m
35.046 -2287.903 l
S
0.647 0.655 0.663 SC
35.513 -2360.21 m
35.513 -2287.903 l
S
0.651 0.659 0.667 SC
35.979 -2360.21 m
35.979 -2287.903 l
S
0.651 0.659 0.671 SC
36.446 -2360.21 m
36.446 -2287.903 l
S
0.655 0.663 0.675 SC
36.912 -2360.21 m
36.912 -2287.903 l
S
0.659 0.667 0.678 SC
37.379 -2360.21 m
37.379 -2287.903 l
S
0.663 0.671 0.678 SC
37.845 -2360.21 m
37.845 -2287.903 l
S
0.663 0.675 0.682 SC
38.312 -2360.21 m
38.312 -2287.903 l
S
0.667 0.675 0.686 SC
38.778 -2360.21 m
38.778 -2287.903 l
S
0.671 0.678 0.69 SC
39.245 -2360.21 m
39.245 -2287.903 l
S
0.675 0.682 0.69 SC
39.711 -2360.21 m
39.711 -2287.903 l
S
0.678 0.686 0.694 SC
40.178 -2360.21 m
40.178 -2287.903 l
S
0.682 0.69 0.698 SC
40.644 -2360.21 m
40.644 -2287.903 l
S
0.682 0.69 0.702 SC
41.111 -2360.21 m
41.111 -2287.903 l
S
0.686 0.694 0.706 SC
41.577 -2360.21 m
41.577 -2287.903 l
S
0.69 0.698 0.706 SC
42.044 -2360.21 m
42.044 -2287.903 l
S
0.694 0.702 0.71 SC
42.51 -2360.21 m
42.51 -2287.903 l
S
0.698 0.706 0.714 SC
42.977 -2360.21 m
42.977 -2287.903 l
S
0.698 0.706 0.718 SC
43.443 -2360.21 m
43.443 -2287.903 l
S
0.702 0.71 0.722 SC
43.91 -2360.21 m
43.91 -2287.903 l
S
0.706 0.714 0.722 SC
44.376 -2360.21 m
44.376 -2287.903 l
S
0.71 0.718 0.725 SC
44.843 -2360.21 m
44.843 -2287.903 l
S
0.714 0.722 0.729 SC
45.309 -2360.21 m
45.309 -2287.903 l
S
0.714 0.722 0.733 SC
45.776 -2360.21 m
45.776 -2287.903 l
S
0.718 0.725 0.737 SC
46.242 -2360.21 m
46.242 -2287.903 l
S
0.722 0.729 0.737 SC
46.709 -2360.21 m
46.709 -2287.903 l
S
0.725 0.733 0.741 SC
47.175 -2360.21 m
47.175 -2287.903 l
S
0.729 0.737 0.745 SC
47.642 -2360.21 m
47.642 -2287.903 l
S
0.733 0.741 0.749 SC
48.108 -2360.21 m
48.108 -2287.903 l
S
0.733 0.741 0.753 SC
48.575 -2360.21 m
48.575 -2287.903 l
49.041 -2360.21 m
49.041 -2287.903 l
S
0.737 0.745 0.753 SC
49.508 -2360.21 m
49.508 -2287.903 l
S
0.741 0.749 0.757 SC
49.974 -2360.21 m
49.974 -2287.903 l
S
0.745 0.753 0.761 SC
50.441 -2360.21 m
50.441 -2287.903 l
S
0.749 0.757 0.765 SC
50.907 -2360.21 m
50.907 -2287.903 l
S
0.753 0.761 0.769 SC
51.374 -2360.21 m
51.374 -2287.903 l
51.84 -2360.21 m
51.84 -2287.903 l
S
0.757 0.765 0.773 SC
52.307 -2360.21 m
52.307 -2287.903 l
S
0.761 0.769 0.776 SC
52.773 -2360.21 m
52.773 -2287.903 l
S
0.765 0.773 0.78 SC
53.24 -2360.21 m
53.24 -2287.903 l
S
0.769 0.776 0.784 SC
53.706 -2360.21 m
53.706 -2287.903 l
S
0.773 0.776 0.784 SC
54.173 -2360.21 m
54.173 -2287.903 l
S
0.776 0.78 0.788 SC
54.639 -2360.21 m
54.639 -2287.903 l
S
0.776 0.784 0.792 SC
55.106 -2360.21 m
55.106 -2287.903 l
S
0.78 0.788 0.796 SC
55.572 -2360.21 m
55.572 -2287.903 l
S
0.784 0.792 0.8 SC
56.039 -2360.21 m
56.039 -2287.903 l
S
0.788 0.796 0.8 SC
56.505 -2360.21 m
56.505 -2287.903 l
S
0.792 0.796 0.804 SC
56.972 -2360.21 m
56.972 -2287.903 l
S
0.796 0.8 0.808 SC
57.438 -2360.21 m
57.438 -2287.903 l
S
0.796 0.804 0.812 SC
57.905 -2360.21 m
57.905 -2287.903 l
S
0.8 0.808 0.816 SC
58.371 -2360.21 m
58.371 -2287.903 l
S
0.804 0.812 0.816 SC
58.838 -2360.21 m
58.838 -2287.903 l
S
0.808 0.812 0.82 SC
59.304 -2360.21 m
59.304 -2287.903 l
S
0.812 0.816 0.824 SC
59.771 -2360.21 m
59.771 -2287.903 l
S
0.816 0.82 0.827 SC
60.237 -2360.21 m
60.237 -2287.903 l
S
0.816 0.824 0.831 SC
60.704 -2360.21 m
60.704 -2287.903 l
S
0.82 0.827 0.831 SC
61.17 -2360.21 m
61.17 -2287.903 l
S
0.824 0.831 0.835 SC
61.637 -2360.21 m
61.637 -2287.903 l
S
0.827 0.831 0.839 SC
62.103 -2360.21 m
62.103 -2287.903 l
S
0.831 0.835 0.843 SC
62.57 -2360.21 m
62.57 -2287.903 l
S
0.835 0.839 0.843 SC
63.036 -2360.21 m
63.036 -2287.903 l
S
0.835 0.843 0.847 SC
63.503 -2360.21 m
63.503 -2287.903 l
S
0.839 0.847 0.851 SC
63.969 -2360.21 m
63.969 -2287.903 l
S
0.843 0.847 0.855 SC
64.436 -2360.21 m
64.436 -2287.903 l
S
0.847 0.851 0.859 SC
64.902 -2360.21 m
64.902 -2287.903 l
S
0.851 0.855 0.859 SC
65.369 -2360.21 m
65.369 -2287.903 l
S
0.855 0.859 0.863 SC
65.835 -2360.21 m
65.835 -2287.903 l
S
0.855 0.863 0.867 SC
66.302 -2360.21 m
66.302 -2287.903 l
S
0.859 0.863 0.871 SC
66.768 -2360.21 m
66.768 -2287.903 l
S
0.863 0.867 0.875 SC
67.235 -2360.21 m
67.235 -2287.903 l
S
0.867 0.871 0.875 SC
67.701 -2360.21 m
67.701 -2287.903 l
S
0.871 0.875 0.878 SC
68.168 -2360.21 m
68.168 -2287.903 l
S
0.875 0.878 0.882 SC
68.634 -2360.21 m
68.634 -2287.903 l
S
0.875 0.882 0.886 SC
69.101 -2360.21 m
69.101 -2287.903 l
S
0.878 0.882 0.89 SC
69.567 -2360.21 m
69.567 -2287.903 l
S
0.882 0.886 0.89 SC
70.034 -2360.21 m
70.034 -2287.903 l
S
0.886 0.89 0.894 SC
70.5 -2360.21 m
70.5 -2287.903 l
S
0.89 0.894 0.898 SC
70.967 -2360.21 m
70.967 -2287.903 l
S
0.894 0.898 0.902 SC
71.433 -2360.21 m
71.433 -2287.903 l
S
0.898 0.898 0.902 SC
71.9 -2360.21 m
71.9 -2287.903 l
S
0.898 0.902 0.906 SC
72.366 -2360.21 m
72.366 -2287.903 l
S
0.902 0.906 0.91 SC
72.833 -2360.21 m
72.833 -2287.903 l
S
0.906 0.91 0.914 SC
73.299 -2360.21 m
73.299 -2287.903 l
S
0.91 0.914 0.918 SC
73.766 -2360.21 m
73.766 -2287.903 l
S
0.914 0.918 0.922 SC
74.232 -2360.21 m
74.232 -2287.903 l
S
0.918 0.922 0.922 SC
74.699 -2360.21 m
74.699 -2287.903 l
S
0.922 0.922 0.925 SC
75.165 -2360.21 m
75.165 -2287.903 l
S
0.922 0.925 0.929 SC
75.632 -2360.21 m
75.632 -2287.903 l
S
0.925 0.929 0.933 SC
76.098 -2360.21 m
76.098 -2287.903 l
S
0.929 0.933 0.933 SC
76.565 -2360.21 m
76.565 -2287.903 l
S
0.933 0.937 0.937 SC
77.031 -2360.21 m
77.031 -2287.903 l
S
0.937 0.937 0.941 SC
77.498 -2360.21 m
77.498 -2287.903 l
S
0.941 0.941 0.945 SC
77.964 -2360.21 m
77.964 -2287.903 l
S
0.945 0.945 0.949 SC
78.431 -2360.21 m
78.431 -2287.903 l
S
0.945 0.949 0.949 SC
78.897 -2360.21 m
78.897 -2287.903 l
S
0.949 0.953 0.953 SC
79.364 -2360.21 m
79.364 -2287.903 l
S
0.953 0.957 0.957 SC
79.83 -2360.21 m
79.83 -2287.903 l
S
0.957 0.957 0.961 SC
80.297 -2360.21 m
80.297 -2287.903 l
S
0.961 0.961 0.965 SC
80.763 -2360.21 m
80.763 -2287.903 l
S
0.965 0.965 0.969 SC
81.23 -2360.21 m
81.23 -2287.903 l
S
0.969 0.969 0.969 SC
81.696 -2360.21 m
81.696 -2287.903 l
S
0.973 0.973 0.973 SC
82.163 -2360.21 m
82.163 -2287.903 l
S
0.976 0.976 0.976 SC
82.629 -2360.21 m
82.629 -2287.903 l
S
0.98 0.98 0.984 SC
83.096 -2360.21 m
83.096 -2287.903 l
S
0.988 0.988 0.988 SC
83.562 -2360.21 m
83.562 -2287.903 l
S
0.992 0.992 0.992 SC
84.029 -2360.21 m
84.029 -2287.903 l
S
1 1 1 SC
84.495 -2360.21 m
84.495 -2287.903 l
S
Q
Q
q
1 i 
-9 851 613 -860 re
0 841 m
W n
0.03 841.02 595.02 -841.02 re
W n
/Cs5 cs 0.161 0.145 0.149 sc
/GS1 gs
0.03 841.02 35.4 -6.11 re
f
/Cs5 CS 0.161 0.145 0.149 SC
0 J 0 j 0.3 w 10 M []0 d
28.347 841.076 m
28.347 805.006 l
S
286.3 22.8 22.68 -22.8 re
f
BT
/F1 1 Tf
10 0 0 10 289.2992 7.7671 Tm
1 1 1 sc
-0.0002 Tc
0 Tw
(706)Tj
/F3 1 Tf
7 0 0 7 35.4331 17.5374 Tm
0.161 0.145 0.149 sc
-0.0001 Tc
-0.0306 Tw
[(Swissmedic Jour)-17.9(nal)-1111.9(Sonder)17.7(druck)-1111.9(Regeln der Guten Herstellungspraxis )]TJ
15.6758 -1 TD
(für Arzneimittel in kleinen Mengen)Tj
ET
35.43 742.64 m
552.75 742.64 l
35.43 770.98 m
552.75 770.98 l
35.43 714.29 m
552.75 714.29 l
35.43 685.94 m
552.75 685.94 l
35.43 657.6 m
552.75 657.6 l
35.43 629.25 m
552.75 629.25 l
35.43 600.91 m
552.75 600.91 l
35.43 572.56 m
552.75 572.56 l
35.43 544.21 m
552.75 544.21 l
35.43 515.87 m
552.75 515.87 l
35.43 487.52 m
552.75 487.52 l
35.43 459.17 m
552.75 459.17 l
35.43 430.83 m
552.75 430.83 l
35.43 402.48 m
552.75 402.48 l
35.43 374.13 m
552.75 374.13 l
35.43 345.79 m
552.75 345.79 l
35.43 317.44 m
552.75 317.44 l
35.43 289.09 m
552.75 289.09 l
35.43 260.75 m
552.75 260.75 l
35.43 232.4 m
552.75 232.4 l
35.43 204.05 m
552.75 204.05 l
35.43 175.71 m
552.75 175.71 l
35.43 147.36 m
552.75 147.36 l
35.43 119.02 m
552.75 119.02 l
35.43 90.67 m
552.75 90.67 l
35.43 62.32 m
552.75 62.32 l
S
Q

